wandb: [wandb.login()] Loaded credentials for https://api.wandb.ai from WANDB_API_KEY.
wandb: Currently logged in as: daky-o7600 to https://api.wandb.ai. Use `wandb login --relogin` to force relogin
wandb: WARNING Using a boolean value for 'reinit' is deprecated. Use 'return_previous' or 'finish_previous' instead.
wandb: Tracking run with wandb version 0.27.0
wandb: Run data is saved locally in /home/ubuntu/slocal2/m2/wandb/run-20260815_093235-0yaatxjd
wandb: Run `wandb offline` to turn off syncing.
wandb: Syncing run frozen_tecno_grasp_inference_ctrl_seed123
wandb: ⭐️ View project at https://wandb.ai/daky-o7600/egosurgery_multitask
wandb: 🚀 View run at https://wandb.ai/daky-o7600/egosurgery_multitask/runs/0yaatxjd
[grasp-phase][ctrl][1/50] phase_loss=3.540883 grasp_loss=0.632439 val_acc=0.530033
[grasp-phase][ctrl][2/50] phase_loss=3.071694 grasp_loss=0.520568 val_acc=0.367657
[grasp-phase][ctrl][3/50] phase_loss=2.769234 grasp_loss=0.443441 val_acc=0.333993
[grasp-phase][ctrl][4/50] phase_loss=2.610490 grasp_loss=0.415176 val_acc=0.361056
[grasp-phase][ctrl][5/50] phase_loss=2.470422 grasp_loss=0.406655 val_acc=0.396040
[grasp-phase][ctrl][6/50] phase_loss=2.210421 grasp_loss=0.403620 val_acc=0.652145
[grasp-phase][ctrl][7/50] phase_loss=2.009207 grasp_loss=0.400582 val_acc=0.493729
[grasp-phase][ctrl][8/50] phase_loss=2.018960 grasp_loss=0.398029 val_acc=0.662706
[grasp-phase][ctrl][9/50] phase_loss=1.691281 grasp_loss=0.395212 val_acc=0.559076
[grasp-phase][ctrl][10/50] phase_loss=1.958353 grasp_loss=0.394052 val_acc=0.631023
[grasp-phase][ctrl][11/50] phase_loss=1.610662 grasp_loss=0.391936 val_acc=0.619802
[grasp-phase][ctrl][12/50] phase_loss=1.439428 grasp_loss=0.387862 val_acc=0.652805
[grasp-phase][ctrl][13/50] phase_loss=1.351067 grasp_loss=0.385167 val_acc=0.631023
[grasp-phase][ctrl][14/50] phase_loss=1.272300 grasp_loss=0.382175 val_acc=0.691089
[grasp-phase][ctrl][15/50] phase_loss=1.192068 grasp_loss=0.379973 val_acc=0.671947
[grasp-phase][ctrl][16/50] phase_loss=1.090005 grasp_loss=0.376953 val_acc=0.702970
[grasp-phase][ctrl][17/50] phase_loss=1.050168 grasp_loss=0.374815 val_acc=0.751155
[grasp-phase][ctrl][18/50] phase_loss=0.982893 grasp_loss=0.372399 val_acc=0.774917
[grasp-phase][ctrl][19/50] phase_loss=0.925656 grasp_loss=0.370335 val_acc=0.755776
[grasp-phase][ctrl][20/50] phase_loss=0.874918 grasp_loss=0.367401 val_acc=0.805941
[grasp-phase][ctrl][21/50] phase_loss=0.821073 grasp_loss=0.364821 val_acc=0.782838
[grasp-phase][ctrl][22/50] phase_loss=0.767235 grasp_loss=0.363153 val_acc=0.802640
[grasp-phase][ctrl][23/50] phase_loss=0.730902 grasp_loss=0.360585 val_acc=0.812541
[grasp-phase][ctrl][24/50] phase_loss=0.784502 grasp_loss=0.357949 val_acc=0.833663
[grasp-phase][ctrl][25/50] phase_loss=0.775925 grasp_loss=0.356366 val_acc=0.850165
[grasp-phase][ctrl][26/50] phase_loss=0.709916 grasp_loss=0.353545 val_acc=0.858746
[grasp-phase][ctrl][27/50] phase_loss=0.644209 grasp_loss=0.350867 val_acc=0.869307
[grasp-phase][ctrl][28/50] phase_loss=0.706777 grasp_loss=0.348948 val_acc=0.871947
[grasp-phase][ctrl][29/50] phase_loss=0.610344 grasp_loss=0.346533 val_acc=0.866007
[grasp-phase][ctrl][30/50] phase_loss=0.615052 grasp_loss=0.345057 val_acc=0.814521
[grasp-phase][ctrl][31/50] phase_loss=0.601870 grasp_loss=0.343064 val_acc=0.878548
[grasp-phase][ctrl][32/50] phase_loss=0.580020 grasp_loss=0.340839 val_acc=0.844884
[grasp-phase][ctrl][33/50] phase_loss=0.545434 grasp_loss=0.338633 val_acc=0.866667
[grasp-phase][ctrl][34/50] phase_loss=0.534558 grasp_loss=0.337404 val_acc=0.864026
[grasp-phase][ctrl][35/50] phase_loss=0.491256 grasp_loss=0.336669 val_acc=0.870627
[grasp-phase][ctrl][36/50] phase_loss=0.469758 grasp_loss=0.333422 val_acc=0.852805
[grasp-phase][ctrl][37/50] phase_loss=0.445225 grasp_loss=0.331955 val_acc=0.881848
[grasp-phase][ctrl][38/50] phase_loss=0.423362 grasp_loss=0.330037 val_acc=0.877888
[grasp-phase][ctrl][39/50] phase_loss=0.413387 grasp_loss=0.327746 val_acc=0.867987
[grasp-phase][ctrl][40/50] phase_loss=0.415937 grasp_loss=0.326178 val_acc=0.883828
[grasp-phase][ctrl][41/50] phase_loss=0.427970 grasp_loss=0.324167 val_acc=0.858086
[grasp-phase][ctrl][42/50] phase_loss=0.403338 grasp_loss=0.322903 val_acc=0.871947
[grasp-phase][ctrl][43/50] phase_loss=0.382109 grasp_loss=0.320725 val_acc=0.885149
[grasp-phase][ctrl][44/50] phase_loss=0.380809 grasp_loss=0.319487 val_acc=0.865347
[grasp-phase][ctrl][45/50] phase_loss=0.393972 grasp_loss=0.318047 val_acc=0.875908
[grasp-phase][ctrl][46/50] phase_loss=0.375661 grasp_loss=0.316322 val_acc=0.870627
[grasp-phase][ctrl][47/50] phase_loss=0.377115 grasp_loss=0.314979 val_acc=0.877888
[grasp-phase][ctrl][48/50] phase_loss=0.349002 grasp_loss=0.313457 val_acc=0.892409
[grasp-phase][ctrl][49/50] phase_loss=0.332970 grasp_loss=0.312051 val_acc=0.883168
[grasp-phase][ctrl][50/50] phase_loss=0.328834 grasp_loss=0.310714 val_acc=0.879208
wandb: uploading requirements.txt; uploading wandb-metadata.json; updating run metadata
wandb: uploading wandb-metadata.json; uploading output.log; uploading wandb-summary.json; uploading config.yaml
wandb: uploading output.log; uploading wandb-summary.json; uploading config.yaml
wandb: uploading history steps 0-49, summary, console lines 1-49
wandb: 
wandb: Run history:
wandb:                          epoch ▁▁▁▁▂▂▂▂▂▂▃▃▃▃▃▄▄▄▄▄▄▅▅▅▅▅▆▆▆▆▆▆▇▇▇▇▇▇██
wandb:       grasp_accuracy_left_hand ▁▁▁▁▁▁▁▁▁▁▁▁▁▁▁▁▁▁▁▁▁▁▁▁▁▁▁▁▁▁▁▁▁▁▁▁▁▁▁▁
wandb:  grasp_accuracy_left_hand_tool ▁▇▇▇▇▇▇▇▇▇▇▇▇▇▇▇▇▇▇▇▇▇▇▇▇███████████████
wandb:      grasp_accuracy_right_hand ▁▁▁▁▁▁▁▁▁▁▁▁▁▁▁▁▁▁▁▁▁▁▁▁▁▁▁▁▁▁▁▁▁▁▁▁▁▁▁▁
wandb: grasp_accuracy_right_hand_tool ▁▁▁▁▁▁▁▁▁▁▁▁▁▁▁▁▁▁▁▁▁▁▂▃▃▄▆▆▆▆▇▇▇▇▇▇▇▇██
wandb:  grasp_accuracy_two_hands_tool ▁▁▁▁▁▁▁▁▁▁▁▁▁▁▁▁▁▁▁▁▁▁▁▁▁▁▁▁▁▁▁▁▁▁▁▁▁▁▁▁
wandb:                 phase_accuracy ▃▁▁▁▂▃▅▄▅▅▅▅▅▆▆▆▇▇▇▇▇█████▇█████████████
wandb:               phase_edit_score ▃▃▂▁▃▅▅█▆▆▆▆▆▅▅▅▅▅▅▆▇▆▆▆▄▆▇▆▇▆▆▆▅▇▆▆▆▅▆▆
wandb:                  phase_jaccard ▂▁▁▁▁▂▃▂▃▃▃▃▃▄▅▅▆▅▆▆▇▇▇▇▇▇▇▇█▇██████▇███
wandb:                 phase_macro_f1 ▂▁▁▁▁▂▃▂▃▃▃▄▄▅▅▆▆▆▆▇▇▇▇▇▇▇▇█▇██▇▇███▇▇██
wandb:                             +5 ...
wandb: 
wandb: Run summary:
wandb:                          epoch 50
wandb:       grasp_accuracy_left_hand 0.98481
wandb:  grasp_accuracy_left_hand_tool 0.90687
wandb:      grasp_accuracy_right_hand 0.96631
wandb: grasp_accuracy_right_hand_tool 0.86724
wandb:  grasp_accuracy_two_hands_tool 0.88375
wandb:                 phase_accuracy 0.87921
wandb:               phase_edit_score 38.61988
wandb:                  phase_jaccard 0.60818
wandb:                 phase_macro_f1 0.68489
wandb:                             +5 ...
wandb: 
wandb: 🚀 View run frozen_tecno_grasp_inference_ctrl_seed123 at: https://wandb.ai/daky-o7600/egosurgery_multitask/runs/0yaatxjd
wandb: ⭐️ View project at: https://wandb.ai/daky-o7600/egosurgery_multitask
wandb: Synced 5 W&B file(s), 0 media file(s), 0 artifact file(s) and 0 other file(s)
wandb: Find logs at: ./wandb/run-20260815_093235-0yaatxjd/logs
{
  "task_id": "T-2026-08-15-grasp-injection-effect",
  "arm": "ctrl",
  "completed": true,
  "epochs": 50,
  "device": "cuda",
  "train_clips": 13,
  "val_clips": 3,
  "elapsed_seconds": 6.914426580071449,
  "train/phase_loss": 0.3490017509231201,
  "train/grasp_loss": 0.3134569147458443,
  "phase_accuracy": 0.8924092409240925,
  "phase_macro_f1": 0.7016585624001951,
  "phase_jaccard": 0.6287426996230249,
  "phase_edit_score": 39.55555555555555,
  "phase_seg_f1_10": 0.44364876385336743,
  "phase_seg_f1_25": 0.44364876385336743,
  "phase_seg_f1_50": 0.346462063086104,
  "grasp_accuracy_left_hand": 0.9848084656061553,
  "grasp_accuracy_right_hand": 0.966314417919048,
  "grasp_accuracy_left_hand_tool": 0.907529735895885,
  "grasp_accuracy_right_hand_tool": 0.8678996241706838,
  "grasp_accuracy_two_hands_tool": 0.8837516564516599,
  "epoch": 48
}
