wandb: [wandb.login()] Loaded credentials for https://api.wandb.ai from WANDB_API_KEY.
wandb: Currently logged in as: daky-o7600 to https://api.wandb.ai. Use `wandb login --relogin` to force relogin
wandb: WARNING Using a boolean value for 'reinit' is deprecated. Use 'return_previous' or 'finish_previous' instead.
wandb: Tracking run with wandb version 0.27.0
wandb: Run data is saved locally in /home/ubuntu/slocal2/m2/wandb/run-20260815_093326-u18ppxtb
wandb: Run `wandb offline` to turn off syncing.
wandb: Syncing run frozen_tecno_grasp_inference_ctrl_seed456
wandb: ⭐️ View project at https://wandb.ai/daky-o7600/egosurgery_multitask
wandb: 🚀 View run at https://wandb.ai/daky-o7600/egosurgery_multitask/runs/u18ppxtb
[grasp-phase][ctrl][1/50] phase_loss=3.541562 grasp_loss=0.599383 val_acc=0.357756
[grasp-phase][ctrl][2/50] phase_loss=2.878588 grasp_loss=0.465164 val_acc=0.333993
[grasp-phase][ctrl][3/50] phase_loss=2.732533 grasp_loss=0.417833 val_acc=0.444884
[grasp-phase][ctrl][4/50] phase_loss=2.695230 grasp_loss=0.408397 val_acc=0.366997
[grasp-phase][ctrl][5/50] phase_loss=2.482512 grasp_loss=0.401834 val_acc=0.623762
[grasp-phase][ctrl][6/50] phase_loss=2.288768 grasp_loss=0.398767 val_acc=0.356436
[grasp-phase][ctrl][7/50] phase_loss=2.393437 grasp_loss=0.393677 val_acc=0.522112
[grasp-phase][ctrl][8/50] phase_loss=1.935687 grasp_loss=0.390744 val_acc=0.550495
[grasp-phase][ctrl][9/50] phase_loss=1.804935 grasp_loss=0.388537 val_acc=0.608581
[grasp-phase][ctrl][10/50] phase_loss=1.606158 grasp_loss=0.384596 val_acc=0.444884
[grasp-phase][ctrl][11/50] phase_loss=1.622773 grasp_loss=0.381638 val_acc=0.690429
[grasp-phase][ctrl][12/50] phase_loss=1.398312 grasp_loss=0.379029 val_acc=0.762376
[grasp-phase][ctrl][13/50] phase_loss=1.241745 grasp_loss=0.376003 val_acc=0.714191
[grasp-phase][ctrl][14/50] phase_loss=1.153108 grasp_loss=0.372827 val_acc=0.791419
[grasp-phase][ctrl][15/50] phase_loss=1.048287 grasp_loss=0.370167 val_acc=0.706931
[grasp-phase][ctrl][16/50] phase_loss=0.975561 grasp_loss=0.367521 val_acc=0.840264
[grasp-phase][ctrl][17/50] phase_loss=0.927006 grasp_loss=0.366020 val_acc=0.863366
[grasp-phase][ctrl][18/50] phase_loss=0.929599 grasp_loss=0.362559 val_acc=0.730693
[grasp-phase][ctrl][19/50] phase_loss=0.884602 grasp_loss=0.360108 val_acc=0.847525
[grasp-phase][ctrl][20/50] phase_loss=0.902304 grasp_loss=0.357807 val_acc=0.889109
[grasp-phase][ctrl][21/50] phase_loss=0.876341 grasp_loss=0.355927 val_acc=0.887789
[grasp-phase][ctrl][22/50] phase_loss=0.916171 grasp_loss=0.352993 val_acc=0.815182
[grasp-phase][ctrl][23/50] phase_loss=0.804175 grasp_loss=0.351053 val_acc=0.827723
[grasp-phase][ctrl][24/50] phase_loss=0.724441 grasp_loss=0.348935 val_acc=0.805281
[grasp-phase][ctrl][25/50] phase_loss=0.665012 grasp_loss=0.347169 val_acc=0.866007
[grasp-phase][ctrl][26/50] phase_loss=0.626692 grasp_loss=0.344813 val_acc=0.877228
[grasp-phase][ctrl][27/50] phase_loss=0.597040 grasp_loss=0.343116 val_acc=0.876568
[grasp-phase][ctrl][28/50] phase_loss=0.570671 grasp_loss=0.340797 val_acc=0.867987
[grasp-phase][ctrl][29/50] phase_loss=0.553926 grasp_loss=0.339354 val_acc=0.874587
[grasp-phase][ctrl][30/50] phase_loss=0.545359 grasp_loss=0.337107 val_acc=0.876568
[grasp-phase][ctrl][31/50] phase_loss=0.551961 grasp_loss=0.335423 val_acc=0.880528
[grasp-phase][ctrl][32/50] phase_loss=0.558530 grasp_loss=0.333526 val_acc=0.885149
[grasp-phase][ctrl][33/50] phase_loss=0.522442 grasp_loss=0.332068 val_acc=0.856766
[grasp-phase][ctrl][34/50] phase_loss=0.499940 grasp_loss=0.330000 val_acc=0.867327
[grasp-phase][ctrl][35/50] phase_loss=0.466905 grasp_loss=0.328498 val_acc=0.881188
[grasp-phase][ctrl][36/50] phase_loss=0.441794 grasp_loss=0.326830 val_acc=0.881848
[grasp-phase][ctrl][37/50] phase_loss=0.428779 grasp_loss=0.325311 val_acc=0.883168
[grasp-phase][ctrl][38/50] phase_loss=0.418284 grasp_loss=0.323442 val_acc=0.876568
[grasp-phase][ctrl][39/50] phase_loss=0.404399 grasp_loss=0.321903 val_acc=0.885149
[grasp-phase][ctrl][40/50] phase_loss=0.395527 grasp_loss=0.320637 val_acc=0.892409
[grasp-phase][ctrl][41/50] phase_loss=0.385911 grasp_loss=0.318810 val_acc=0.889769
[grasp-phase][ctrl][42/50] phase_loss=0.377647 grasp_loss=0.317457 val_acc=0.896370
[grasp-phase][ctrl][43/50] phase_loss=0.372777 grasp_loss=0.317583 val_acc=0.885149
[grasp-phase][ctrl][44/50] phase_loss=0.374107 grasp_loss=0.315685 val_acc=0.893069
[grasp-phase][ctrl][45/50] phase_loss=0.371378 grasp_loss=0.313113 val_acc=0.899670
[grasp-phase][ctrl][46/50] phase_loss=0.394309 grasp_loss=0.311284 val_acc=0.885809
[grasp-phase][ctrl][47/50] phase_loss=0.432181 grasp_loss=0.309947 val_acc=0.829043
[grasp-phase][ctrl][48/50] phase_loss=0.480292 grasp_loss=0.308832 val_acc=0.877888
[grasp-phase][ctrl][49/50] phase_loss=0.558352 grasp_loss=0.307296 val_acc=0.854785
[grasp-phase][ctrl][50/50] phase_loss=0.474634 grasp_loss=0.305810 val_acc=0.862706
wandb: uploading wandb-metadata.json; uploading requirements.txt; updating run metadata
wandb: uploading output.log; uploading wandb-summary.json; uploading config.yaml
wandb: uploading wandb-summary.json
wandb: 
wandb: Run history:
wandb:                          epoch ▁▁▁▁▂▂▂▂▂▂▃▃▃▃▃▄▄▄▄▄▅▅▅▅▅▅▆▆▆▆▆▇▇▇▇▇▇███
wandb:       grasp_accuracy_left_hand ▁▁▁▁▁▁▁▁▁▁▁▁▁▁▁▁▁▁▁▁▁▁▁▁▁▁▁▁▁▁▁▁▁▁▁▁▁▁▁▁
wandb:  grasp_accuracy_left_hand_tool ▁▁▁▁▁▁▁▁▁▁▁▁▁▁▁▁▁▁▁▁▂▂▄▅▅▆▇▇█▇██████████
wandb:      grasp_accuracy_right_hand ▁▁▁▁▁▁▁▁▁▁▁▁▁▁▁▁▁▁▁▁▁▁▁▁▁▁▁▁▁▁▁▁▁▁▁▁▁▁▁▁
wandb: grasp_accuracy_right_hand_tool ▁▁▁▁▁▁▁▁▁▁▁▁▁▁▁▁▁▁▁▁▁▁▁▁▁▃▃▅▅▅▆▇▆███████
wandb:  grasp_accuracy_two_hands_tool ▁▁▁▁▁▁▁▁▁▁▁▁▁▁▁▁▁▁▁▁▁▁▁▁▁▁▁▁▁▁▁▁▁▁▁▁▁▁▁▁
wandb:                 phase_accuracy ▁▁▂▁▅▃▄▄▂▅▆▇▆▇█▇██▇▇██████▇██████████▇██
wandb:               phase_edit_score ▂▂▁▂▂▆▅█▆▄▄▅▅▄▄▅▅▅▆▅▇▆▇▇▇▆▅▇▇▇▇▇▆▇▇▇▇▄▆▇
wandb:                  phase_jaccard ▁▁▂▁▂▂▂▂▂▃▄▅▄▆▇▇██▇▇██▇▇████████████▇█▇█
wandb:                 phase_macro_f1 ▁▁▂▁▃▂▂▃▂▃▅▅▅▇▇▇██▇▇█▇█▇▇▇▇██████████▇██
wandb:                             +5 ...
wandb: 
wandb: Run summary:
wandb:                          epoch 50
wandb:       grasp_accuracy_left_hand 0.98481
wandb:  grasp_accuracy_left_hand_tool 0.90621
wandb:      grasp_accuracy_right_hand 0.96631
wandb: grasp_accuracy_right_hand_tool 0.87054
wandb:  grasp_accuracy_two_hands_tool 0.88375
wandb:                 phase_accuracy 0.86271
wandb:               phase_edit_score 42.48677
wandb:                  phase_jaccard 0.639
wandb:                 phase_macro_f1 0.70659
wandb:                             +5 ...
wandb: 
wandb: 🚀 View run frozen_tecno_grasp_inference_ctrl_seed456 at: https://wandb.ai/daky-o7600/egosurgery_multitask/runs/u18ppxtb
wandb: ⭐️ View project at: https://wandb.ai/daky-o7600/egosurgery_multitask
wandb: Synced 5 W&B file(s), 0 media file(s), 0 artifact file(s) and 0 other file(s)
wandb: Find logs at: ./wandb/run-20260815_093326-u18ppxtb/logs
{
  "task_id": "T-2026-08-15-grasp-injection-effect",
  "arm": "ctrl",
  "completed": true,
  "epochs": 50,
  "device": "cuda",
  "train_clips": 13,
  "val_clips": 3,
  "elapsed_seconds": 6.6095304801128805,
  "train/phase_loss": 0.37137792947200626,
  "train/grasp_loss": 0.3131131541270476,
  "phase_accuracy": 0.8996699669966997,
  "phase_macro_f1": 0.6932395803970196,
  "phase_jaccard": 0.6388181291801054,
  "phase_edit_score": 44.833333333333336,
  "phase_seg_f1_10": 0.5185185185185185,
  "phase_seg_f1_25": 0.49074074074074076,
  "phase_seg_f1_50": 0.3981481481481481,
  "grasp_accuracy_left_hand": 0.9848084656061553,
  "grasp_accuracy_right_hand": 0.966314417919048,
  "grasp_accuracy_left_hand_tool": 0.906869222654849,
  "grasp_accuracy_right_hand_tool": 0.8698811027931254,
  "grasp_accuracy_two_hands_tool": 0.8837516564516599,
  "epoch": 45
}
