wandb: [wandb.login()] Loaded credentials for https://api.wandb.ai from WANDB_API_KEY.
wandb: Currently logged in as: daky-o7600 to https://api.wandb.ai. Use `wandb login --relogin` to force relogin
wandb: WARNING Using a boolean value for 'reinit' is deprecated. Use 'return_previous' or 'finish_previous' instead.
wandb: Tracking run with wandb version 0.27.0
wandb: Run data is saved locally in /home/ubuntu/slocal2/m2/wandb/run-20260815_093129-uyaq2ckd
wandb: Run `wandb offline` to turn off syncing.
wandb: Syncing run frozen_tecno_grasp_inference_ctrl_seed42
wandb: ⭐️ View project at https://wandb.ai/daky-o7600/egosurgery_multitask
wandb: 🚀 View run at https://wandb.ai/daky-o7600/egosurgery_multitask/runs/uyaq2ckd
[grasp-phase][ctrl][1/50] phase_loss=3.689068 grasp_loss=0.589309 val_acc=0.367657
[grasp-phase][ctrl][2/50] phase_loss=2.886039 grasp_loss=0.445712 val_acc=0.335314
[grasp-phase][ctrl][3/50] phase_loss=2.752868 grasp_loss=0.411126 val_acc=0.367657
[grasp-phase][ctrl][4/50] phase_loss=2.591424 grasp_loss=0.406655 val_acc=0.448845
[grasp-phase][ctrl][5/50] phase_loss=2.607235 grasp_loss=0.401798 val_acc=0.475908
[grasp-phase][ctrl][6/50] phase_loss=2.309052 grasp_loss=0.398864 val_acc=0.668647
[grasp-phase][ctrl][7/50] phase_loss=1.989220 grasp_loss=0.394971 val_acc=0.514851
[grasp-phase][ctrl][8/50] phase_loss=1.697030 grasp_loss=0.391644 val_acc=0.497690
[grasp-phase][ctrl][9/50] phase_loss=1.639803 grasp_loss=0.387954 val_acc=0.526733
[grasp-phase][ctrl][10/50] phase_loss=1.574343 grasp_loss=0.385358 val_acc=0.671947
[grasp-phase][ctrl][11/50] phase_loss=1.478367 grasp_loss=0.381620 val_acc=0.608581
[grasp-phase][ctrl][12/50] phase_loss=1.334531 grasp_loss=0.378578 val_acc=0.590099
[grasp-phase][ctrl][13/50] phase_loss=1.263499 grasp_loss=0.375677 val_acc=0.716832
[grasp-phase][ctrl][14/50] phase_loss=1.217056 grasp_loss=0.372846 val_acc=0.702970
[grasp-phase][ctrl][15/50] phase_loss=1.141118 grasp_loss=0.370231 val_acc=0.728713
[grasp-phase][ctrl][16/50] phase_loss=1.058495 grasp_loss=0.366971 val_acc=0.699010
[grasp-phase][ctrl][17/50] phase_loss=1.016348 grasp_loss=0.364589 val_acc=0.700330
[grasp-phase][ctrl][18/50] phase_loss=0.957346 grasp_loss=0.362195 val_acc=0.806601
[grasp-phase][ctrl][19/50] phase_loss=0.942964 grasp_loss=0.359242 val_acc=0.845545
[grasp-phase][ctrl][20/50] phase_loss=0.867856 grasp_loss=0.357283 val_acc=0.861386
[grasp-phase][ctrl][21/50] phase_loss=0.854336 grasp_loss=0.353964 val_acc=0.824422
[grasp-phase][ctrl][22/50] phase_loss=0.776759 grasp_loss=0.352225 val_acc=0.810561
[grasp-phase][ctrl][23/50] phase_loss=0.719116 grasp_loss=0.349987 val_acc=0.837624
[grasp-phase][ctrl][24/50] phase_loss=0.680164 grasp_loss=0.347005 val_acc=0.871287
[grasp-phase][ctrl][25/50] phase_loss=0.651607 grasp_loss=0.345108 val_acc=0.866007
[grasp-phase][ctrl][26/50] phase_loss=0.695386 grasp_loss=0.342873 val_acc=0.840264
[grasp-phase][ctrl][27/50] phase_loss=0.719281 grasp_loss=0.340785 val_acc=0.809901
[grasp-phase][ctrl][28/50] phase_loss=0.693101 grasp_loss=0.338939 val_acc=0.789439
[grasp-phase][ctrl][29/50] phase_loss=0.602208 grasp_loss=0.336945 val_acc=0.852805
[grasp-phase][ctrl][30/50] phase_loss=0.553633 grasp_loss=0.334617 val_acc=0.870627
[grasp-phase][ctrl][31/50] phase_loss=0.524050 grasp_loss=0.333246 val_acc=0.858086
[grasp-phase][ctrl][32/50] phase_loss=0.530029 grasp_loss=0.331601 val_acc=0.834323
[grasp-phase][ctrl][33/50] phase_loss=0.498696 grasp_loss=0.329155 val_acc=0.851485
[grasp-phase][ctrl][34/50] phase_loss=0.457978 grasp_loss=0.327381 val_acc=0.858746
[grasp-phase][ctrl][35/50] phase_loss=0.445554 grasp_loss=0.325848 val_acc=0.872607
[grasp-phase][ctrl][36/50] phase_loss=0.436026 grasp_loss=0.324026 val_acc=0.875908
[grasp-phase][ctrl][37/50] phase_loss=0.452924 grasp_loss=0.322674 val_acc=0.862706
[grasp-phase][ctrl][38/50] phase_loss=0.469729 grasp_loss=0.321063 val_acc=0.844884
[grasp-phase][ctrl][39/50] phase_loss=0.446169 grasp_loss=0.319452 val_acc=0.895710
[grasp-phase][ctrl][40/50] phase_loss=0.413886 grasp_loss=0.317581 val_acc=0.869307
[grasp-phase][ctrl][41/50] phase_loss=0.392743 grasp_loss=0.316396 val_acc=0.866007
[grasp-phase][ctrl][42/50] phase_loss=0.382730 grasp_loss=0.313669 val_acc=0.872607
[grasp-phase][ctrl][43/50] phase_loss=0.376904 grasp_loss=0.312657 val_acc=0.870627
[grasp-phase][ctrl][44/50] phase_loss=0.365925 grasp_loss=0.310844 val_acc=0.871287
[grasp-phase][ctrl][45/50] phase_loss=0.371090 grasp_loss=0.309368 val_acc=0.896370
[grasp-phase][ctrl][46/50] phase_loss=0.367955 grasp_loss=0.307732 val_acc=0.891089
[grasp-phase][ctrl][47/50] phase_loss=0.375041 grasp_loss=0.306266 val_acc=0.874587
[grasp-phase][ctrl][48/50] phase_loss=0.422399 grasp_loss=0.304849 val_acc=0.879208
[grasp-phase][ctrl][49/50] phase_loss=0.428112 grasp_loss=0.303900 val_acc=0.871947
[grasp-phase][ctrl][50/50] phase_loss=0.383969 grasp_loss=0.302367 val_acc=0.891089
wandb: uploading requirements.txt; updating run metadata
wandb: uploading output.log; uploading wandb-summary.json; uploading config.yaml
wandb: uploading history steps 0-49, summary, console lines 1-49
wandb: 
wandb: Run history:
wandb:                          epoch ▁▁▁▁▂▂▂▂▂▃▃▃▃▃▃▄▄▄▄▄▅▅▅▅▅▅▆▆▆▆▆▆▇▇▇▇▇███
wandb:       grasp_accuracy_left_hand ▁▁▁▁▁▁▁▁▁▁▁▁▁▁▁▁▁▁▁▁▁▁▁▁▁▁▁▁▁▁▁▁▁▁▁▁▁▁▁▁
wandb:  grasp_accuracy_left_hand_tool ▁▁▁▁▁▁▁▁▁▁▁▁▁▁▁▁▁▁▁▂▃▅▅▆▆▆▇▇▇███████████
wandb:      grasp_accuracy_right_hand ▁▁▁▁▁▁▁▁▁▁▁▁▁▁▁▁▁▁▁▁▁▁▁▁▁▁▁▁▁▁▁▁▁▁▁█████
wandb: grasp_accuracy_right_hand_tool ▁▁▁▁▁▁▁▁▁▁▁▁▁▁▁▁▁▁▁▁▁▂▂▄▃▃▆▆▆▇▇▇▇█▆▆▇▆▆▅
wandb:  grasp_accuracy_two_hands_tool ▁▁▁▁▁▁▁▁▁▁▁▁▁▁▁▁▁▁▁▁▁▁▁▁▁▁▁▁▁▁▁▁▁▁▁▁▁▁▁▁
wandb:                 phase_accuracy ▁▁▁▂▃▃▃▃▅▄▆▆▆▆▆▇█▇▇▇█▇▇▇▇█▇▇██▇█████████
wandb:               phase_edit_score ▁▄▁▃▂▅▂▄▅▅▇▅▃▅▄▅▄▂▇▅▅▇▅▅▆▅▆▆▇▆▆█▆▅▆▆█▆▄▆
wandb:                  phase_jaccard ▁▁▁▂▂▂▂▃▂▃▄▄▄▄▆▆▆▆▇▇▇▆▆▇▇▆▇▇▇▇▇█▇▇▇█▇█▇█
wandb:                 phase_macro_f1 ▁▁▁▂▂▂▂▃▂▃▄▄▄▄▆▇▆▆▇▇▇▆▇▇▇▇▇▇▇█▇█▇███▇█▇▇
wandb:                             +5 ...
wandb: 
wandb: Run summary:
wandb:                          epoch 50
wandb:       grasp_accuracy_left_hand 0.98481
wandb:  grasp_accuracy_left_hand_tool 0.90555
wandb:      grasp_accuracy_right_hand 0.96697
wandb: grasp_accuracy_right_hand_tool 0.86063
wandb:  grasp_accuracy_two_hands_tool 0.88375
wandb:                 phase_accuracy 0.89109
wandb:               phase_edit_score 38.14141
wandb:                  phase_jaccard 0.62634
wandb:                 phase_macro_f1 0.67729
wandb:                             +5 ...
wandb: 
wandb: 🚀 View run frozen_tecno_grasp_inference_ctrl_seed42 at: https://wandb.ai/daky-o7600/egosurgery_multitask/runs/uyaq2ckd
wandb: ⭐️ View project at: https://wandb.ai/daky-o7600/egosurgery_multitask
wandb: Synced 5 W&B file(s), 0 media file(s), 0 artifact file(s) and 0 other file(s)
wandb: Find logs at: ./wandb/run-20260815_093129-uyaq2ckd/logs
{
  "task_id": "T-2026-08-15-grasp-injection-effect",
  "arm": "ctrl",
  "completed": true,
  "epochs": 50,
  "device": "cuda",
  "train_clips": 13,
  "val_clips": 3,
  "elapsed_seconds": 6.478691497119144,
  "train/phase_loss": 0.37109022300976974,
  "train/grasp_loss": 0.3093678573003182,
  "phase_accuracy": 0.8963696369636963,
  "phase_macro_f1": 0.7329646214556927,
  "phase_jaccard": 0.6608366701640255,
  "phase_edit_score": 36.666666666666664,
  "phase_seg_f1_10": 0.37353123067408783,
  "phase_seg_f1_25": 0.37353123067408783,
  "phase_seg_f1_50": 0.31601731601731603,
  "grasp_accuracy_left_hand": 0.9848084656061553,
  "grasp_accuracy_right_hand": 0.9669749192706503,
  "grasp_accuracy_left_hand_tool": 0.9055481982199645,
  "grasp_accuracy_right_hand_tool": 0.8645971007202229,
  "grasp_accuracy_two_hands_tool": 0.8837516564516599,
  "epoch": 45
}
