wandb: [wandb.login()] Loaded credentials for https://api.wandb.ai from WANDB_API_KEY.
wandb: Currently logged in as: daky-o7600 to https://api.wandb.ai. Use `wandb login --relogin` to force relogin
wandb: WARNING Using a boolean value for 'reinit' is deprecated. Use 'return_previous' or 'finish_previous' instead.
wandb: Tracking run with wandb version 0.27.0
wandb: Run data is saved locally in /home/ubuntu/slocal2/m2/wandb/run-20260815_093350-x4adrvrq
wandb: Run `wandb offline` to turn off syncing.
wandb: Syncing run frozen_tecno_grasp_inference_inj_seed456
wandb: ⭐️ View project at https://wandb.ai/daky-o7600/egosurgery_multitask
wandb: 🚀 View run at https://wandb.ai/daky-o7600/egosurgery_multitask/runs/x4adrvrq
[grasp-phase][inj][1/50] phase_loss=3.546072 grasp_loss=0.599383 val_acc=0.357756
[grasp-phase][inj][2/50] phase_loss=2.880293 grasp_loss=0.465164 val_acc=0.333993
[grasp-phase][inj][3/50] phase_loss=2.732046 grasp_loss=0.417833 val_acc=0.444224
[grasp-phase][inj][4/50] phase_loss=2.698128 grasp_loss=0.408397 val_acc=0.366997
[grasp-phase][inj][5/50] phase_loss=2.484695 grasp_loss=0.401834 val_acc=0.623762
[grasp-phase][inj][6/50] phase_loss=2.289384 grasp_loss=0.398767 val_acc=0.345875
[grasp-phase][inj][7/50] phase_loss=2.404781 grasp_loss=0.393677 val_acc=0.499670
[grasp-phase][inj][8/50] phase_loss=1.953494 grasp_loss=0.390744 val_acc=0.542574
[grasp-phase][inj][9/50] phase_loss=1.836825 grasp_loss=0.388537 val_acc=0.603960
[grasp-phase][inj][10/50] phase_loss=1.637979 grasp_loss=0.384596 val_acc=0.442904
[grasp-phase][inj][11/50] phase_loss=1.647235 grasp_loss=0.381638 val_acc=0.685149
[grasp-phase][inj][12/50] phase_loss=1.412390 grasp_loss=0.379029 val_acc=0.714851
[grasp-phase][inj][13/50] phase_loss=1.256491 grasp_loss=0.376003 val_acc=0.700330
[grasp-phase][inj][14/50] phase_loss=1.167066 grasp_loss=0.372827 val_acc=0.780198
[grasp-phase][inj][15/50] phase_loss=1.069937 grasp_loss=0.370167 val_acc=0.702970
[grasp-phase][inj][16/50] phase_loss=0.997585 grasp_loss=0.367521 val_acc=0.825743
[grasp-phase][inj][17/50] phase_loss=0.942917 grasp_loss=0.366020 val_acc=0.850165
[grasp-phase][inj][18/50] phase_loss=0.926696 grasp_loss=0.362559 val_acc=0.738614
[grasp-phase][inj][19/50] phase_loss=0.869909 grasp_loss=0.360108 val_acc=0.860726
[grasp-phase][inj][20/50] phase_loss=0.849597 grasp_loss=0.357807 val_acc=0.895050
[grasp-phase][inj][21/50] phase_loss=0.834097 grasp_loss=0.355927 val_acc=0.847525
[grasp-phase][inj][22/50] phase_loss=1.017007 grasp_loss=0.352993 val_acc=0.819142
[grasp-phase][inj][23/50] phase_loss=0.909827 grasp_loss=0.351053 val_acc=0.801980
[grasp-phase][inj][24/50] phase_loss=0.782421 grasp_loss=0.348935 val_acc=0.821782
[grasp-phase][inj][25/50] phase_loss=0.695216 grasp_loss=0.347169 val_acc=0.867987
[grasp-phase][inj][26/50] phase_loss=0.649296 grasp_loss=0.344813 val_acc=0.848845
[grasp-phase][inj][27/50] phase_loss=0.614093 grasp_loss=0.343116 val_acc=0.885149
[grasp-phase][inj][28/50] phase_loss=0.598799 grasp_loss=0.340797 val_acc=0.878548
[grasp-phase][inj][29/50] phase_loss=0.566988 grasp_loss=0.339354 val_acc=0.872607
[grasp-phase][inj][30/50] phase_loss=0.537624 grasp_loss=0.337107 val_acc=0.856766
[grasp-phase][inj][31/50] phase_loss=0.525030 grasp_loss=0.335423 val_acc=0.887129
[grasp-phase][inj][32/50] phase_loss=0.569308 grasp_loss=0.333526 val_acc=0.864686
[grasp-phase][inj][33/50] phase_loss=0.590880 grasp_loss=0.332068 val_acc=0.887789
[grasp-phase][inj][34/50] phase_loss=0.510854 grasp_loss=0.330000 val_acc=0.885809
[grasp-phase][inj][35/50] phase_loss=0.478170 grasp_loss=0.328498 val_acc=0.889109
[grasp-phase][inj][36/50] phase_loss=0.452712 grasp_loss=0.326830 val_acc=0.866007
[grasp-phase][inj][37/50] phase_loss=0.438323 grasp_loss=0.325311 val_acc=0.884488
[grasp-phase][inj][38/50] phase_loss=0.426620 grasp_loss=0.323442 val_acc=0.885149
[grasp-phase][inj][39/50] phase_loss=0.418289 grasp_loss=0.321903 val_acc=0.874587
[grasp-phase][inj][40/50] phase_loss=0.403623 grasp_loss=0.320637 val_acc=0.877228
[grasp-phase][inj][41/50] phase_loss=0.391753 grasp_loss=0.318810 val_acc=0.892409
[grasp-phase][inj][42/50] phase_loss=0.425243 grasp_loss=0.317457 val_acc=0.882508
[grasp-phase][inj][43/50] phase_loss=0.457597 grasp_loss=0.317583 val_acc=0.888449
[grasp-phase][inj][44/50] phase_loss=0.426901 grasp_loss=0.315685 val_acc=0.889769
[grasp-phase][inj][45/50] phase_loss=0.388178 grasp_loss=0.313113 val_acc=0.893729
[grasp-phase][inj][46/50] phase_loss=0.381629 grasp_loss=0.311284 val_acc=0.885149
[grasp-phase][inj][47/50] phase_loss=0.376834 grasp_loss=0.309947 val_acc=0.860066
[grasp-phase][inj][48/50] phase_loss=0.420330 grasp_loss=0.308832 val_acc=0.887129
[grasp-phase][inj][49/50] phase_loss=0.502968 grasp_loss=0.307296 val_acc=0.839604
[grasp-phase][inj][50/50] phase_loss=0.434811 grasp_loss=0.305810 val_acc=0.864686
wandb: updating run metadata
wandb: uploading output.log; uploading wandb-summary.json; uploading config.yaml
wandb: uploading history steps 0-49, summary, console lines 1-49
wandb: 
wandb: Run history:
wandb:                          epoch ▁▁▁▁▂▂▂▂▂▂▃▃▃▃▃▄▄▄▄▄▅▅▅▅▅▅▆▆▆▆▆▇▇▇▇▇▇███
wandb:       grasp_accuracy_left_hand ▁▁▁▁▁▁▁▁▁▁▁▁▁▁▁▁▁▁▁▁▁▁▁▁▁▁▁▁▁▁▁▁▁▁▁▁▁▁▁▁
wandb:  grasp_accuracy_left_hand_tool ▁▁▁▁▁▁▁▁▁▁▁▁▁▁▁▁▁▁▁▁▂▄▅▅▆▇▇█▇▇██████████
wandb:      grasp_accuracy_right_hand ▁▁▁▁▁▁▁▁▁▁▁▁▁▁▁▁▁▁▁▁▁▁▁▁▁▁▁▁▁▁▁▁▁▁▁▁▁▁▁▁
wandb: grasp_accuracy_right_hand_tool ▁▁▁▁▁▁▁▁▁▁▁▁▁▁▁▁▁▁▁▁▁▁▁▁▂▃▅▅▅▅▇▆████████
wandb:  grasp_accuracy_two_hands_tool ▁▁▁▁▁▁▁▁▁▁▁▁▁▁▁▁▁▁▁▁▁▁▁▁▁▁▁▁▁▁▁▁▁▁▁▁▁▁▁▁
wandb:                 phase_accuracy ▁▁▂▁▅▃▄▄▂▅▆▇▆▇▇██▇▇▇█▇██████████████████
wandb:               phase_edit_score ▂▂▁▂▂▄▆▆▃▅▅▆▄▅▅▆▆▅█▆▅█▆▆█▅█▇▇▇▇▇█▇▇██▆▇▄
wandb:                  phase_jaccard ▁▁▂▁▂▂▂▂▂▃▄▅▄▆▆▇██▆▆▇▇▇▇█▇█▇█▇█▇▇███▇█▇█
wandb:                 phase_macro_f1 ▁▁▂▁▃▂▂▂▂▃▄▅▄▆▇▇█▆▇▆▇▇█▇▇█▇█▇▇▇█████▇█▇█
wandb:                             +5 ...
wandb: 
wandb: Run summary:
wandb:                          epoch 50
wandb:       grasp_accuracy_left_hand 0.98481
wandb:  grasp_accuracy_left_hand_tool 0.90621
wandb:      grasp_accuracy_right_hand 0.96631
wandb: grasp_accuracy_right_hand_tool 0.87054
wandb:  grasp_accuracy_two_hands_tool 0.88375
wandb:                 phase_accuracy 0.86469
wandb:               phase_edit_score 19.61565
wandb:                  phase_jaccard 0.61672
wandb:                 phase_macro_f1 0.68579
wandb:                             +5 ...
wandb: 
wandb: 🚀 View run frozen_tecno_grasp_inference_inj_seed456 at: https://wandb.ai/daky-o7600/egosurgery_multitask/runs/x4adrvrq
wandb: ⭐️ View project at: https://wandb.ai/daky-o7600/egosurgery_multitask
wandb: Synced 5 W&B file(s), 0 media file(s), 0 artifact file(s) and 0 other file(s)
wandb: Find logs at: ./wandb/run-20260815_093350-x4adrvrq/logs
{
  "task_id": "T-2026-08-15-grasp-injection-effect",
  "arm": "inj",
  "completed": true,
  "epochs": 50,
  "device": "cuda",
  "train_clips": 13,
  "val_clips": 3,
  "elapsed_seconds": 6.91641585691832,
  "train/phase_loss": 0.8495970483009632,
  "train/grasp_loss": 0.35780695195381457,
  "phase_accuracy": 0.8950495049504951,
  "phase_macro_f1": 0.67703147093124,
  "phase_jaccard": 0.6452221634031956,
  "phase_edit_score": 31.740740740740744,
  "phase_seg_f1_10": 0.3656565656565656,
  "phase_seg_f1_25": 0.34898989898989896,
  "phase_seg_f1_50": 0.2853535353535353,
  "grasp_accuracy_left_hand": 0.9848084656061553,
  "grasp_accuracy_right_hand": 0.966314417919048,
  "grasp_accuracy_left_hand_tool": 0.8130779489185882,
  "grasp_accuracy_right_hand_tool": 0.8414795378240285,
  "grasp_accuracy_two_hands_tool": 0.8837516564516599,
  "epoch": 20
}
