wandb: [wandb.login()] Loaded credentials for https://api.wandb.ai from WANDB_API_KEY.
wandb: Currently logged in as: daky-o7600 to https://api.wandb.ai. Use `wandb login --relogin` to force relogin
wandb: WARNING Using a boolean value for 'reinit' is deprecated. Use 'return_previous' or 'finish_previous' instead.
wandb: Tracking run with wandb version 0.27.0
wandb: Run data is saved locally in /home/ubuntu/slocal2/m2/wandb/run-20260815_093206-yrjw7rtf
wandb: Run `wandb offline` to turn off syncing.
wandb: Syncing run frozen_tecno_grasp_inference_inj_seed42
wandb: ⭐️ View project at https://wandb.ai/daky-o7600/egosurgery_multitask
wandb: 🚀 View run at https://wandb.ai/daky-o7600/egosurgery_multitask/runs/yrjw7rtf
[grasp-phase][inj][1/50] phase_loss=3.692067 grasp_loss=0.589309 val_acc=0.367657
[grasp-phase][inj][2/50] phase_loss=2.886787 grasp_loss=0.445712 val_acc=0.335314
[grasp-phase][inj][3/50] phase_loss=2.753991 grasp_loss=0.411126 val_acc=0.367657
[grasp-phase][inj][4/50] phase_loss=2.593543 grasp_loss=0.406655 val_acc=0.448845
[grasp-phase][inj][5/50] phase_loss=2.616990 grasp_loss=0.401798 val_acc=0.475908
[grasp-phase][inj][6/50] phase_loss=2.323545 grasp_loss=0.398864 val_acc=0.664026
[grasp-phase][inj][7/50] phase_loss=2.004845 grasp_loss=0.394971 val_acc=0.508911
[grasp-phase][inj][8/50] phase_loss=1.720554 grasp_loss=0.391644 val_acc=0.493729
[grasp-phase][inj][9/50] phase_loss=1.604182 grasp_loss=0.387954 val_acc=0.548515
[grasp-phase][inj][10/50] phase_loss=1.547372 grasp_loss=0.385358 val_acc=0.671287
[grasp-phase][inj][11/50] phase_loss=1.490268 grasp_loss=0.381620 val_acc=0.615182
[grasp-phase][inj][12/50] phase_loss=1.326495 grasp_loss=0.378578 val_acc=0.600660
[grasp-phase][inj][13/50] phase_loss=1.256591 grasp_loss=0.375677 val_acc=0.734653
[grasp-phase][inj][14/50] phase_loss=1.202502 grasp_loss=0.372846 val_acc=0.694389
[grasp-phase][inj][15/50] phase_loss=1.133348 grasp_loss=0.370231 val_acc=0.745215
[grasp-phase][inj][16/50] phase_loss=1.076066 grasp_loss=0.366971 val_acc=0.704290
[grasp-phase][inj][17/50] phase_loss=1.016621 grasp_loss=0.364589 val_acc=0.743234
[grasp-phase][inj][18/50] phase_loss=0.938575 grasp_loss=0.362195 val_acc=0.823102
[grasp-phase][inj][19/50] phase_loss=0.888910 grasp_loss=0.359242 val_acc=0.772937
[grasp-phase][inj][20/50] phase_loss=0.887236 grasp_loss=0.357283 val_acc=0.798680
[grasp-phase][inj][21/50] phase_loss=0.831905 grasp_loss=0.353964 val_acc=0.833003
[grasp-phase][inj][22/50] phase_loss=0.761287 grasp_loss=0.352225 val_acc=0.838284
[grasp-phase][inj][23/50] phase_loss=0.709710 grasp_loss=0.349987 val_acc=0.829703
[grasp-phase][inj][24/50] phase_loss=0.666425 grasp_loss=0.347005 val_acc=0.865347
[grasp-phase][inj][25/50] phase_loss=0.632914 grasp_loss=0.345108 val_acc=0.873927
[grasp-phase][inj][26/50] phase_loss=0.632224 grasp_loss=0.342873 val_acc=0.852805
[grasp-phase][inj][27/50] phase_loss=0.728424 grasp_loss=0.340785 val_acc=0.836304
[grasp-phase][inj][28/50] phase_loss=0.700387 grasp_loss=0.338939 val_acc=0.782178
[grasp-phase][inj][29/50] phase_loss=0.717656 grasp_loss=0.336945 val_acc=0.858746
[grasp-phase][inj][30/50] phase_loss=0.630502 grasp_loss=0.334617 val_acc=0.847525
[grasp-phase][inj][31/50] phase_loss=0.563907 grasp_loss=0.333246 val_acc=0.818482
[grasp-phase][inj][32/50] phase_loss=0.531147 grasp_loss=0.331601 val_acc=0.876568
[grasp-phase][inj][33/50] phase_loss=0.516673 grasp_loss=0.329155 val_acc=0.885149
[grasp-phase][inj][34/50] phase_loss=0.499510 grasp_loss=0.327381 val_acc=0.885149
[grasp-phase][inj][35/50] phase_loss=0.475937 grasp_loss=0.325848 val_acc=0.844224
[grasp-phase][inj][36/50] phase_loss=0.442720 grasp_loss=0.324026 val_acc=0.858746
[grasp-phase][inj][37/50] phase_loss=0.434892 grasp_loss=0.322674 val_acc=0.852805
[grasp-phase][inj][38/50] phase_loss=0.411916 grasp_loss=0.321063 val_acc=0.880528
[grasp-phase][inj][39/50] phase_loss=0.397185 grasp_loss=0.319452 val_acc=0.879868
[grasp-phase][inj][40/50] phase_loss=0.392120 grasp_loss=0.317581 val_acc=0.865347
[grasp-phase][inj][41/50] phase_loss=0.405027 grasp_loss=0.316396 val_acc=0.886469
[grasp-phase][inj][42/50] phase_loss=0.433574 grasp_loss=0.313669 val_acc=0.853465
[grasp-phase][inj][43/50] phase_loss=0.395715 grasp_loss=0.312657 val_acc=0.879208
[grasp-phase][inj][44/50] phase_loss=0.370834 grasp_loss=0.310844 val_acc=0.867327
[grasp-phase][inj][45/50] phase_loss=0.356988 grasp_loss=0.309368 val_acc=0.874587
[grasp-phase][inj][46/50] phase_loss=0.349255 grasp_loss=0.307732 val_acc=0.887789
[grasp-phase][inj][47/50] phase_loss=0.329897 grasp_loss=0.306266 val_acc=0.879208
[grasp-phase][inj][48/50] phase_loss=0.322498 grasp_loss=0.304849 val_acc=0.885809
[grasp-phase][inj][49/50] phase_loss=0.315489 grasp_loss=0.303900 val_acc=0.892409
[grasp-phase][inj][50/50] phase_loss=0.315178 grasp_loss=0.302367 val_acc=0.893069
wandb: updating run metadata
wandb: uploading output.log; uploading wandb-summary.json; uploading config.yaml
wandb: uploading wandb-summary.json; uploading config.yaml
wandb: 
wandb: Run history:
wandb:                          epoch ▁▁▁▁▂▂▂▂▂▂▃▃▃▃▃▄▄▄▄▄▄▅▅▅▅▅▆▆▆▆▆▆▇▇▇▇▇███
wandb:       grasp_accuracy_left_hand ▁▁▁▁▁▁▁▁▁▁▁▁▁▁▁▁▁▁▁▁▁▁▁▁▁▁▁▁▁▁▁▁▁▁▁▁▁▁▁▁
wandb:  grasp_accuracy_left_hand_tool ▁▁▁▁▁▁▁▁▁▁▁▁▁▁▁▁▁▁▁▁▂▃▅▆▆▆▇▇▇███████████
wandb:      grasp_accuracy_right_hand ▁▁▁▁▁▁▁▁▁▁▁▁▁▁▁▁▁▁▁▁▁▁▁▁▁▁▁▁▁▁▁▁▁▁▁█████
wandb: grasp_accuracy_right_hand_tool ▁▁▁▁▁▁▁▁▁▁▁▁▁▁▁▁▁▁▁▁▁▂▂▄▃▃▆▆▆▇▇▇▇█▆▆▇▆▆▅
wandb:  grasp_accuracy_two_hands_tool ▁▁▁▁▁▁▁▁▁▁▁▁▁▁▁▁▁▁▁▁▁▁▁▁▁▁▁▁▁▁▁▁▁▁▁▁▁▁▁▁
wandb:                 phase_accuracy ▁▁▁▂▃▃▄▅▅▄▆▆▆▆▇▇▇▇██▇▇█▇▇██▇█▇██████████
wandb:               phase_edit_score ▁▃▁▂▂▄▂▆▄▆▂▄▇▃▃▂▄▇▄▆▅▇▄█▅▇█▆▄▆▅▆▆▄▆▆▇▆▆▅
wandb:                  phase_jaccard ▁▁▁▂▂▂▂▂▃▂▄▄▄▄▅▅▆▇▇▇▇▇▇▇▇██▇▇▇██████████
wandb:                 phase_macro_f1 ▁▁▁▂▂▂▂▂▃▃▅▄▄▄▅▆▆▇▇▇▇▇▇▇▇██▇▇▇██▇█▇█████
wandb:                             +5 ...
wandb: 
wandb: Run summary:
wandb:                          epoch 50
wandb:       grasp_accuracy_left_hand 0.98481
wandb:  grasp_accuracy_left_hand_tool 0.90555
wandb:      grasp_accuracy_right_hand 0.96697
wandb: grasp_accuracy_right_hand_tool 0.86063
wandb:  grasp_accuracy_two_hands_tool 0.88375
wandb:                 phase_accuracy 0.89307
wandb:               phase_edit_score 34.66037
wandb:                  phase_jaccard 0.62282
wandb:                 phase_macro_f1 0.69664
wandb:                             +5 ...
wandb: 
wandb: 🚀 View run frozen_tecno_grasp_inference_inj_seed42 at: https://wandb.ai/daky-o7600/egosurgery_multitask/runs/yrjw7rtf
wandb: ⭐️ View project at: https://wandb.ai/daky-o7600/egosurgery_multitask
wandb: Synced 5 W&B file(s), 0 media file(s), 0 artifact file(s) and 0 other file(s)
wandb: Find logs at: ./wandb/run-20260815_093206-yrjw7rtf/logs
{
  "task_id": "T-2026-08-15-grasp-injection-effect",
  "arm": "inj",
  "completed": true,
  "epochs": 50,
  "device": "cuda",
  "train_clips": 13,
  "val_clips": 3,
  "elapsed_seconds": 7.339944418985397,
  "train/phase_loss": 0.3151775747537613,
  "train/grasp_loss": 0.30236685963777393,
  "phase_accuracy": 0.8930693069306931,
  "phase_macro_f1": 0.6966418952038035,
  "phase_jaccard": 0.6228156242969184,
  "phase_edit_score": 34.660368870895184,
  "phase_seg_f1_10": 0.40211640211640215,
  "phase_seg_f1_25": 0.39153439153439157,
  "phase_seg_f1_50": 0.31534391534391537,
  "grasp_accuracy_left_hand": 0.9848084656061553,
  "grasp_accuracy_right_hand": 0.9669749192706503,
  "grasp_accuracy_left_hand_tool": 0.905548207983473,
  "grasp_accuracy_right_hand_tool": 0.8606340870989518,
  "grasp_accuracy_two_hands_tool": 0.8837516564516599,
  "epoch": 50
}
