wandb: [wandb.login()] Loaded credentials for https://api.wandb.ai from WANDB_API_KEY.
wandb: Currently logged in as: daky-o7600 to https://api.wandb.ai. Use `wandb login --relogin` to force relogin
wandb: WARNING Using a boolean value for 'reinit' is deprecated. Use 'return_previous' or 'finish_previous' instead.
wandb: setting up run 2x8vacre
wandb: Tracking run with wandb version 0.27.0
wandb: Run data is saved locally in /home/ubuntu/slocal2/m2/wandb/run-20260815_093302-2x8vacre
wandb: Run `wandb offline` to turn off syncing.
wandb: Syncing run frozen_tecno_grasp_inference_inj_seed123
wandb: ⭐️ View project at https://wandb.ai/daky-o7600/egosurgery_multitask
wandb: 🚀 View run at https://wandb.ai/daky-o7600/egosurgery_multitask/runs/2x8vacre
[grasp-phase][inj][1/50] phase_loss=3.541877 grasp_loss=0.632439 val_acc=0.530693
[grasp-phase][inj][2/50] phase_loss=3.073488 grasp_loss=0.520568 val_acc=0.367657
[grasp-phase][inj][3/50] phase_loss=2.771235 grasp_loss=0.443441 val_acc=0.333993
[grasp-phase][inj][4/50] phase_loss=2.611652 grasp_loss=0.415176 val_acc=0.361056
[grasp-phase][inj][5/50] phase_loss=2.476343 grasp_loss=0.406655 val_acc=0.392739
[grasp-phase][inj][6/50] phase_loss=2.223074 grasp_loss=0.403620 val_acc=0.648845
[grasp-phase][inj][7/50] phase_loss=2.003737 grasp_loss=0.400582 val_acc=0.485149
[grasp-phase][inj][8/50] phase_loss=1.972389 grasp_loss=0.398029 val_acc=0.650165
[grasp-phase][inj][9/50] phase_loss=1.663327 grasp_loss=0.395212 val_acc=0.550495
[grasp-phase][inj][10/50] phase_loss=2.014929 grasp_loss=0.394052 val_acc=0.658086
[grasp-phase][inj][11/50] phase_loss=1.691543 grasp_loss=0.391936 val_acc=0.586139
[grasp-phase][inj][12/50] phase_loss=1.475952 grasp_loss=0.387862 val_acc=0.677888
[grasp-phase][inj][13/50] phase_loss=1.378977 grasp_loss=0.385167 val_acc=0.615182
[grasp-phase][inj][14/50] phase_loss=1.308047 grasp_loss=0.382175 val_acc=0.688449
[grasp-phase][inj][15/50] phase_loss=1.222376 grasp_loss=0.379973 val_acc=0.671947
[grasp-phase][inj][16/50] phase_loss=1.110820 grasp_loss=0.376953 val_acc=0.699670
[grasp-phase][inj][17/50] phase_loss=1.062573 grasp_loss=0.374815 val_acc=0.769637
[grasp-phase][inj][18/50] phase_loss=0.988084 grasp_loss=0.372399 val_acc=0.772937
[grasp-phase][inj][19/50] phase_loss=0.924349 grasp_loss=0.370335 val_acc=0.766337
[grasp-phase][inj][20/50] phase_loss=0.878156 grasp_loss=0.367401 val_acc=0.836964
[grasp-phase][inj][21/50] phase_loss=0.833065 grasp_loss=0.364821 val_acc=0.797360
[grasp-phase][inj][22/50] phase_loss=0.800768 grasp_loss=0.363153 val_acc=0.774257
[grasp-phase][inj][23/50] phase_loss=0.764835 grasp_loss=0.360585 val_acc=0.841584
[grasp-phase][inj][24/50] phase_loss=0.755576 grasp_loss=0.357949 val_acc=0.803960
[grasp-phase][inj][25/50] phase_loss=0.707170 grasp_loss=0.356366 val_acc=0.870627
[grasp-phase][inj][26/50] phase_loss=0.645933 grasp_loss=0.353545 val_acc=0.840264
[grasp-phase][inj][27/50] phase_loss=0.610020 grasp_loss=0.350867 val_acc=0.862046
[grasp-phase][inj][28/50] phase_loss=0.588022 grasp_loss=0.348948 val_acc=0.836304
[grasp-phase][inj][29/50] phase_loss=0.575556 grasp_loss=0.346533 val_acc=0.860066
[grasp-phase][inj][30/50] phase_loss=0.584866 grasp_loss=0.345057 val_acc=0.862046
[grasp-phase][inj][31/50] phase_loss=0.556597 grasp_loss=0.343064 val_acc=0.832343
[grasp-phase][inj][32/50] phase_loss=0.619037 grasp_loss=0.340839 val_acc=0.817162
[grasp-phase][inj][33/50] phase_loss=0.634575 grasp_loss=0.338633 val_acc=0.829043
[grasp-phase][inj][34/50] phase_loss=0.607129 grasp_loss=0.337404 val_acc=0.844224
[grasp-phase][inj][35/50] phase_loss=0.535542 grasp_loss=0.336669 val_acc=0.824422
[grasp-phase][inj][36/50] phase_loss=0.485752 grasp_loss=0.333422 val_acc=0.852805
[grasp-phase][inj][37/50] phase_loss=0.443037 grasp_loss=0.331955 val_acc=0.858746
[grasp-phase][inj][38/50] phase_loss=0.430213 grasp_loss=0.330037 val_acc=0.880528
[grasp-phase][inj][39/50] phase_loss=0.440564 grasp_loss=0.327746 val_acc=0.842244
[grasp-phase][inj][40/50] phase_loss=0.479897 grasp_loss=0.326178 val_acc=0.882508
[grasp-phase][inj][41/50] phase_loss=0.537729 grasp_loss=0.324167 val_acc=0.837624
[grasp-phase][inj][42/50] phase_loss=0.507100 grasp_loss=0.322903 val_acc=0.885809
[grasp-phase][inj][43/50] phase_loss=0.449164 grasp_loss=0.320725 val_acc=0.872607
[grasp-phase][inj][44/50] phase_loss=0.415790 grasp_loss=0.319487 val_acc=0.871947
[grasp-phase][inj][45/50] phase_loss=0.395806 grasp_loss=0.318047 val_acc=0.850825
[grasp-phase][inj][46/50] phase_loss=0.383195 grasp_loss=0.316322 val_acc=0.874587
[grasp-phase][inj][47/50] phase_loss=0.360493 grasp_loss=0.314979 val_acc=0.887129
[grasp-phase][inj][48/50] phase_loss=0.346350 grasp_loss=0.313457 val_acc=0.883168
[grasp-phase][inj][49/50] phase_loss=0.338489 grasp_loss=0.312051 val_acc=0.872607
[grasp-phase][inj][50/50] phase_loss=0.333564 grasp_loss=0.310714 val_acc=0.884488
wandb: updating run metadata
wandb: uploading output.log; uploading wandb-summary.json; uploading config.yaml
wandb: uploading history steps 0-49, summary, console lines 1-49
wandb: 
wandb: Run history:
wandb:                          epoch ▁▁▁▁▂▂▂▂▂▂▃▃▃▃▃▄▄▄▄▄▄▅▅▅▅▅▆▆▆▆▆▇▇▇▇▇▇███
wandb:       grasp_accuracy_left_hand ▁▁▁▁▁▁▁▁▁▁▁▁▁▁▁▁▁▁▁▁▁▁▁▁▁▁▁▁▁▁▁▁▁▁▁▁▁▁▁▁
wandb:  grasp_accuracy_left_hand_tool ▁▇▇▇▇▇▇▇▇▇▇▇▇▇▇▇▇▇▇▇▇▇▇▇▇███████████████
wandb:      grasp_accuracy_right_hand ▁▁▁▁▁▁▁▁▁▁▁▁▁▁▁▁▁▁▁▁▁▁▁▁▁▁▁▁▁▁▁▁▁▁▁▁▁▁▁▁
wandb: grasp_accuracy_right_hand_tool ▁▁▁▁▁▁▁▁▁▁▁▁▁▁▁▁▁▁▁▁▁▁▂▃▃▄▆▆▆▆▇▇▇▇▇▇▇▇██
wandb:  grasp_accuracy_two_hands_tool ▁▁▁▁▁▁▁▁▁▁▁▁▁▁▁▁▁▁▁▁▁▁▁▁▁▁▁▁▁▁▁▁▁▁▁▁▁▁▁▁
wandb:                 phase_accuracy ▃▁▁▂▅▅▄▅▄▅▅▆▇▇▆▇▇▇▇██▇██▇▇▇▇██▇█▇███████
wandb:               phase_edit_score ▃▃▂▁▃▄██▇▅▆▆▅▆▇▅▆▅▆▅▆▇▆▅▆▆▇▆▅▆▆█▆▇▇▅█▇▇▇
wandb:                  phase_jaccard ▂▁▁▁▃▃▂▃▂▃▃▄▅▅▅▆▆▇▆█▇▇█▇▇▇▇▇▇███▇███████
wandb:                 phase_macro_f1 ▂▁▁▁▁▂▃▂▃▃▃▄▄▄▅▆▇▆▇▇▇▇▇█▇▆█▇▇▇██▇▇██████
wandb:                             +5 ...
wandb: 
wandb: Run summary:
wandb:                          epoch 50
wandb:       grasp_accuracy_left_hand 0.98481
wandb:  grasp_accuracy_left_hand_tool 0.90687
wandb:      grasp_accuracy_right_hand 0.96631
wandb: grasp_accuracy_right_hand_tool 0.86724
wandb:  grasp_accuracy_two_hands_tool 0.88375
wandb:                 phase_accuracy 0.88449
wandb:               phase_edit_score 37.11111
wandb:                  phase_jaccard 0.61154
wandb:                 phase_macro_f1 0.68475
wandb:                             +5 ...
wandb: 
wandb: 🚀 View run frozen_tecno_grasp_inference_inj_seed123 at: https://wandb.ai/daky-o7600/egosurgery_multitask/runs/2x8vacre
wandb: ⭐️ View project at: https://wandb.ai/daky-o7600/egosurgery_multitask
wandb: Synced 5 W&B file(s), 0 media file(s), 0 artifact file(s) and 0 other file(s)
wandb: Find logs at: ./wandb/run-20260815_093302-2x8vacre/logs
{
  "task_id": "T-2026-08-15-grasp-injection-effect",
  "arm": "inj",
  "completed": true,
  "epochs": 50,
  "device": "cuda",
  "train_clips": 13,
  "val_clips": 3,
  "elapsed_seconds": 6.815076003083959,
  "train/phase_loss": 0.36049327368919665,
  "train/grasp_loss": 0.3149794214046918,
  "phase_accuracy": 0.8871287128712871,
  "phase_macro_f1": 0.685901713199876,
  "phase_jaccard": 0.6155442147790736,
  "phase_edit_score": 39.03267973856209,
  "phase_seg_f1_10": 0.4353928299008391,
  "phase_seg_f1_25": 0.3919145690312738,
  "phase_seg_f1_50": 0.34538520213577417,
  "grasp_accuracy_left_hand": 0.9848084656061553,
  "grasp_accuracy_right_hand": 0.966314417919048,
  "grasp_accuracy_left_hand_tool": 0.9081902287437862,
  "grasp_accuracy_right_hand_tool": 0.8659180937386567,
  "grasp_accuracy_two_hands_tool": 0.8837516564516599,
  "epoch": 47
}
