/home/ubuntu/slocal2/m2/.venv-relation-detr/lib/python3.11/site-packages/albumentations/core/validation.py:114: UserWarning: ShiftScaleRotate is a special case of Affine transform. Please use Affine transform instead.
  original_init(self, **validated_kwargs)
/home/ubuntu/slocal2/m2/third_party/Relation-DETR/transforms/presets.py:109: UserWarning: Argument(s) 'value' are not valid for transform ShiftScaleRotate
  A.ShiftScaleRotate(
/home/ubuntu/slocal2/m2/third_party/Relation-DETR/transforms/presets.py:140: UserWarning: Argument(s) 'quality_lower, quality_upper' are not valid for transform ImageCompression
  A.ImageCompression(quality_lower=85, quality_upper=95, p=0.2),
/home/ubuntu/slocal2/m2/third_party/Relation-DETR/transforms/presets.py:177: UserWarning: Argument(s) 'value' are not valid for transform ShiftScaleRotate
  A.ShiftScaleRotate(
/home/ubuntu/slocal2/m2/third_party/Relation-DETR/transforms/presets.py:208: UserWarning: Argument(s) 'quality_lower, quality_upper' are not valid for transform ImageCompression
  A.ImageCompression(quality_lower=85, quality_upper=95, p=0.2),
Using /home/ubuntu/.cache/torch_extensions/py311_cu118 as PyTorch extensions root...
/home/ubuntu/slocal2/m2/third_party/Relation-DETR/models/bricks/ms_deform_attn.py:24: UserWarning: Failed to load MultiScaleDeformableAttention C++ extension: Ninja is required to load C++ extensions
  warnings.warn(f"Failed to load MultiScaleDeformableAttention C++ extension: {e}")
/home/ubuntu/slocal2/m2/.venv-relation-detr/lib/python3.11/site-packages/torch/overrides.py:110: UserWarning: 'has_cuda' is deprecated, please use 'torch.backends.cuda.is_built()'
  torch.has_cuda,
/home/ubuntu/slocal2/m2/.venv-relation-detr/lib/python3.11/site-packages/torch/overrides.py:111: UserWarning: 'has_cudnn' is deprecated, please use 'torch.backends.cudnn.is_available()'
  torch.has_cudnn,
/home/ubuntu/slocal2/m2/.venv-relation-detr/lib/python3.11/site-packages/torch/overrides.py:117: UserWarning: 'has_mps' is deprecated, please use 'torch.backends.mps.is_built()'
  torch.has_mps,
/home/ubuntu/slocal2/m2/.venv-relation-detr/lib/python3.11/site-packages/torch/overrides.py:118: UserWarning: 'has_mkldnn' is deprecated, please use 'torch.backends.mkldnn.is_available()'
  torch.has_mkldnn,
The model and loaded state dict do not match exactly
Missing keys: transformer.decoder.layers.0.phase_norm.weight, transformer.decoder.layers.0.phase_norm.bias, transformer.decoder.layers.0.phase_attn.in_proj_weight, transformer.decoder.layers.0.phase_attn.in_proj_bias, transformer.decoder.layers.0.phase_attn.out_proj.weight, transformer.decoder.layers.0.phase_attn.out_proj.bias, transformer.decoder.layers.1.phase_norm.weight, transformer.decoder.layers.1.phase_norm.bias, transformer.decoder.layers.1.phase_attn.in_proj_weight, transformer.decoder.layers.1.phase_attn.in_proj_bias, transformer.decoder.layers.1.phase_attn.out_proj.weight, transformer.decoder.layers.1.phase_attn.out_proj.bias, transformer.decoder.layers.2.phase_norm.weight, transformer.decoder.layers.2.phase_norm.bias, transformer.decoder.layers.2.phase_attn.in_proj_weight, transformer.decoder.layers.2.phase_attn.in_proj_bias, transformer.decoder.layers.2.phase_attn.out_proj.weight, transformer.decoder.layers.2.phase_attn.out_proj.bias, transformer.decoder.layers.3.phase_norm.weight, transformer.decoder.layers.3.phase_norm.bias, transformer.decoder.layers.3.phase_attn.in_proj_weight, transformer.decoder.layers.3.phase_attn.in_proj_bias, transformer.decoder.layers.3.phase_attn.out_proj.weight, transformer.decoder.layers.3.phase_attn.out_proj.bias, transformer.decoder.layers.4.phase_norm.weight, transformer.decoder.layers.4.phase_norm.bias, transformer.decoder.layers.4.phase_attn.in_proj_weight, transformer.decoder.layers.4.phase_attn.in_proj_bias, transformer.decoder.layers.4.phase_attn.out_proj.weight, transformer.decoder.layers.4.phase_attn.out_proj.bias, transformer.decoder.layers.5.phase_norm.weight, transformer.decoder.layers.5.phase_norm.bias, transformer.decoder.layers.5.phase_attn.in_proj_weight, transformer.decoder.layers.5.phase_attn.in_proj_bias, transformer.decoder.layers.5.phase_attn.out_proj.weight, transformer.decoder.layers.5.phase_attn.out_proj.bias, phase_embed.weight, phase_embed.bias

loading annotations into memory...
Done (t=0.35s)
creating index...
index created!
Using [0, 0.5, 0.6299605249474365, 0.7937005259840997, 1.0, 1.259921049894873, 1.5874010519681991, 2.0, inf] as bins for aspect ratio quantization
Count of instances per bin: [9618]
loading annotations into memory...
Done (t=0.02s)
creating index...
index created!
[t1b] warm-start from /home/ubuntu/slocal2/m2/third_party/Relation-DETR/checkpoints/incoming/seed42/best_ap.pth
[t1b] seed=42 inject=ca trainable=film zero_ctx=True det_steps/ep=4809 phase_params=1584640 total_trainable=1584640 miss_ctx(tr/va)=0/0 work=/tmp/oracle_phase_ctrl_seed42
Accumulating evaluation results...
DONE (t=4.66s).
[t1b] warm-start init mAP=0.7303 (S0-frozen 水準なら warm-start+恒等 OK)
[t1b][ep0 0/4809] L=9.339 1.4it/s eta_ep=58m
[t1b][ep0 200/4809] L=14.682 2.3it/s eta_ep=34m
[t1b][ep0 400/4809] L=18.882 2.3it/s eta_ep=32m
[t1b][ep0 600/4809] L=17.917 2.3it/s eta_ep=30m
[t1b][ep0 800/4809] L=13.543 2.4it/s eta_ep=28m
[t1b][ep0 1000/4809] L=14.092 2.4it/s eta_ep=27m
[t1b][ep0 1200/4809] L=15.083 2.4it/s eta_ep=25m
[t1b][ep0 1400/4809] L=21.824 2.4it/s eta_ep=24m
[t1b][ep0 1600/4809] L=12.789 2.4it/s eta_ep=22m
[t1b][ep0 1800/4809] L=15.787 2.4it/s eta_ep=21m
[t1b][ep0 2000/4809] L=20.176 2.4it/s eta_ep=20m
[t1b][ep0 2200/4809] L=15.083 2.4it/s eta_ep=18m
[t1b][ep0 2400/4809] L=26.247 2.4it/s eta_ep=17m
[t1b][ep0 2600/4809] L=8.751 2.4it/s eta_ep=15m
[t1b][ep0 2800/4809] L=6.861 2.4it/s eta_ep=14m
[t1b][ep0 3000/4809] L=8.623 2.4it/s eta_ep=13m
[t1b][ep0 3200/4809] L=16.278 2.4it/s eta_ep=11m
[t1b][ep0 3400/4809] L=8.772 2.4it/s eta_ep=10m
[t1b][ep0 3600/4809] L=10.534 2.4it/s eta_ep=8m
[t1b][ep0 3800/4809] L=14.114 2.4it/s eta_ep=7m
[t1b][ep0 4000/4809] L=6.038 2.4it/s eta_ep=6m
[t1b][ep0 4200/4809] L=19.453 2.4it/s eta_ep=4m
[t1b][ep0 4400/4809] L=15.199 2.4it/s eta_ep=3m
[t1b][ep0 4600/4809] L=10.298 2.4it/s eta_ep=1m
[t1b][ep0 4800/4809] L=25.379 2.4it/s eta_ep=0m
Accumulating evaluation results...
DONE (t=4.91s).
[t1b][ep0] val mAP=0.7296
[t1b][ep1 0/4809] L=12.519 1.9it/s eta_ep=43m
[t1b][ep1 200/4809] L=9.872 2.4it/s eta_ep=33m
[t1b][ep1 400/4809] L=11.603 2.4it/s eta_ep=31m
[t1b][ep1 600/4809] L=14.662 2.4it/s eta_ep=30m
[t1b][ep1 800/4809] L=13.448 2.4it/s eta_ep=28m
[t1b][ep1 1000/4809] L=10.288 2.4it/s eta_ep=27m
[t1b][ep1 1200/4809] L=14.224 2.4it/s eta_ep=25m
[t1b][ep1 1400/4809] L=17.005 2.4it/s eta_ep=24m
[t1b][ep1 1600/4809] L=17.137 2.4it/s eta_ep=22m
[t1b][ep1 1800/4809] L=12.561 2.4it/s eta_ep=21m
[t1b][ep1 2000/4809] L=20.970 2.4it/s eta_ep=20m
[t1b][ep1 2200/4809] L=19.335 2.4it/s eta_ep=18m
[t1b][ep1 2400/4809] L=17.609 2.4it/s eta_ep=17m
[t1b][ep1 2600/4809] L=10.594 2.4it/s eta_ep=15m
[t1b][ep1 2800/4809] L=24.589 2.4it/s eta_ep=14m
[t1b][ep1 3000/4809] L=13.758 2.4it/s eta_ep=13m
[t1b][ep1 3200/4809] L=37.663 2.4it/s eta_ep=11m
[t1b][ep1 3400/4809] L=9.735 2.4it/s eta_ep=10m
[t1b][ep1 3600/4809] L=19.114 2.4it/s eta_ep=8m
[t1b][ep1 3800/4809] L=19.360 2.4it/s eta_ep=7m
[t1b][ep1 4000/4809] L=18.812 2.4it/s eta_ep=6m
[t1b][ep1 4200/4809] L=14.495 2.4it/s eta_ep=4m
[t1b][ep1 4400/4809] L=13.390 2.4it/s eta_ep=3m
[t1b][ep1 4600/4809] L=12.749 2.4it/s eta_ep=1m
[t1b][ep1 4800/4809] L=18.571 2.4it/s eta_ep=0m
Accumulating evaluation results...
DONE (t=4.53s).
[t1b][ep1] val mAP=0.7290
[t1b][ep2 0/4809] L=8.888 2.1it/s eta_ep=39m
[t1b][ep2 200/4809] L=13.455 2.3it/s eta_ep=33m
[t1b][ep2 400/4809] L=13.107 2.4it/s eta_ep=31m
[t1b][ep2 600/4809] L=19.831 2.4it/s eta_ep=30m
[t1b][ep2 800/4809] L=20.331 2.4it/s eta_ep=28m
[t1b][ep2 1000/4809] L=11.147 2.4it/s eta_ep=27m
[t1b][ep2 1200/4809] L=13.890 2.4it/s eta_ep=26m
[t1b][ep2 1400/4809] L=13.144 2.4it/s eta_ep=24m
[t1b][ep2 1600/4809] L=12.514 2.4it/s eta_ep=23m
[t1b][ep2 1800/4809] L=14.809 2.4it/s eta_ep=21m
[t1b][ep2 2000/4809] L=8.625 2.4it/s eta_ep=20m
[t1b][ep2 2200/4809] L=15.498 2.4it/s eta_ep=18m
[t1b][ep2 2400/4809] L=22.983 2.4it/s eta_ep=17m
[t1b][ep2 2600/4809] L=11.869 2.4it/s eta_ep=16m
[t1b][ep2 2800/4809] L=14.174 2.4it/s eta_ep=14m
[t1b][ep2 3000/4809] L=18.177 2.4it/s eta_ep=13m
[t1b][ep2 3200/4809] L=14.112 2.4it/s eta_ep=11m
[t1b][ep2 3400/4809] L=18.950 2.4it/s eta_ep=10m
[t1b][ep2 3600/4809] L=17.362 2.4it/s eta_ep=9m
[t1b][ep2 3800/4809] L=17.942 2.4it/s eta_ep=7m
[t1b][ep2 4000/4809] L=24.355 2.4it/s eta_ep=6m
[t1b][ep2 4200/4809] L=15.455 2.4it/s eta_ep=4m
[t1b][ep2 4400/4809] L=12.392 2.4it/s eta_ep=3m
[t1b][ep2 4600/4809] L=24.095 2.4it/s eta_ep=1m
[t1b][ep2 4800/4809] L=20.082 2.4it/s eta_ep=0m
Accumulating evaluation results...
DONE (t=4.37s).
[t1b][ep2] val mAP=0.7292
[t1b][ep3 0/4809] L=12.602 2.0it/s eta_ep=41m
[t1b][ep3 200/4809] L=15.255 2.3it/s eta_ep=33m
[t1b][ep3 400/4809] L=16.334 2.3it/s eta_ep=32m
[t1b][ep3 600/4809] L=13.327 2.3it/s eta_ep=30m
[t1b][ep3 800/4809] L=22.608 2.3it/s eta_ep=28m
[t1b][ep3 1000/4809] L=13.031 2.3it/s eta_ep=27m
[t1b][ep3 1200/4809] L=14.127 2.3it/s eta_ep=26m
[t1b][ep3 1400/4809] L=14.639 2.3it/s eta_ep=24m
[t1b][ep3 1600/4809] L=13.619 2.3it/s eta_ep=23m
[t1b][ep3 1800/4809] L=11.988 2.3it/s eta_ep=21m
[t1b][ep3 2000/4809] L=13.108 2.3it/s eta_ep=20m
[t1b][ep3 2200/4809] L=18.318 2.3it/s eta_ep=19m
[t1b][ep3 2400/4809] L=7.994 2.3it/s eta_ep=17m
[t1b][ep3 2600/4809] L=12.574 2.3it/s eta_ep=16m
[t1b][ep3 2800/4809] L=11.277 2.3it/s eta_ep=14m
[t1b][ep3 3000/4809] L=7.647 2.3it/s eta_ep=13m
[t1b][ep3 3200/4809] L=17.467 2.3it/s eta_ep=11m
[t1b][ep3 3400/4809] L=6.793 2.3it/s eta_ep=10m
[t1b][ep3 3600/4809] L=8.181 2.3it/s eta_ep=9m
[t1b][ep3 3800/4809] L=23.756 2.3it/s eta_ep=7m
[t1b][ep3 4000/4809] L=14.963 2.3it/s eta_ep=6m
[t1b][ep3 4200/4809] L=16.432 2.3it/s eta_ep=4m
[t1b][ep3 4400/4809] L=13.886 2.3it/s eta_ep=3m
[t1b][ep3 4600/4809] L=24.417 2.3it/s eta_ep=1m
[t1b][ep3 4800/4809] L=18.893 2.3it/s eta_ep=0m
Accumulating evaluation results...
DONE (t=4.29s).
[t1b][ep3] val mAP=0.7301
[t1b][ep4 0/4809] L=11.606 2.1it/s eta_ep=38m
[t1b][ep4 200/4809] L=9.242 2.3it/s eta_ep=33m
[t1b][ep4 400/4809] L=24.270 2.3it/s eta_ep=32m
[t1b][ep4 600/4809] L=22.478 2.3it/s eta_ep=30m
[t1b][ep4 800/4809] L=11.577 2.3it/s eta_ep=29m
[t1b][ep4 1000/4809] L=15.740 2.3it/s eta_ep=27m
[t1b][ep4 1200/4809] L=12.467 2.3it/s eta_ep=26m
[t1b][ep4 1400/4809] L=10.273 2.3it/s eta_ep=24m
[t1b][ep4 1600/4809] L=18.245 2.3it/s eta_ep=23m
[t1b][ep4 1800/4809] L=21.570 2.3it/s eta_ep=22m
[t1b][ep4 2000/4809] L=13.068 2.3it/s eta_ep=20m
[t1b][ep4 2200/4809] L=15.988 2.3it/s eta_ep=19m
[t1b][ep4 2400/4809] L=14.858 2.3it/s eta_ep=17m
[t1b][ep4 2600/4809] L=16.425 2.3it/s eta_ep=16m
[t1b][ep4 2800/4809] L=14.506 2.3it/s eta_ep=14m
[t1b][ep4 3000/4809] L=16.450 2.3it/s eta_ep=13m
[t1b][ep4 3200/4809] L=11.271 2.3it/s eta_ep=12m
[t1b][ep4 3400/4809] L=12.380 2.3it/s eta_ep=10m
[t1b][ep4 3600/4809] L=12.259 2.3it/s eta_ep=9m
[t1b][ep4 3800/4809] L=10.258 2.3it/s eta_ep=7m
[t1b][ep4 4000/4809] L=8.745 2.3it/s eta_ep=6m
[t1b][ep4 4200/4809] L=13.533 2.3it/s eta_ep=4m
[t1b][ep4 4400/4809] L=10.886 2.3it/s eta_ep=3m
[t1b][ep4 4600/4809] L=20.869 2.3it/s eta_ep=2m
[t1b][ep4 4800/4809] L=14.926 2.3it/s eta_ep=0m
Accumulating evaluation results...
DONE (t=4.72s).
[t1b][ep4] val mAP=0.7287
[t1b][ep5 0/4809] L=13.160 1.9it/s eta_ep=43m
[t1b][ep5 200/4809] L=12.411 2.3it/s eta_ep=34m
[t1b][ep5 400/4809] L=11.324 2.3it/s eta_ep=32m
[t1b][ep5 600/4809] L=18.100 2.3it/s eta_ep=31m
[t1b][ep5 800/4809] L=18.062 2.3it/s eta_ep=29m
[t1b][ep5 1000/4809] L=18.722 2.3it/s eta_ep=28m
[t1b][ep5 1200/4809] L=15.237 2.3it/s eta_ep=26m
[t1b][ep5 1400/4809] L=12.504 2.3it/s eta_ep=25m
[t1b][ep5 1600/4809] L=20.120 2.3it/s eta_ep=23m
[t1b][ep5 1800/4809] L=21.708 2.3it/s eta_ep=22m
[t1b][ep5 2000/4809] L=20.588 2.3it/s eta_ep=20m
[t1b][ep5 2200/4809] L=14.368 2.3it/s eta_ep=19m
[t1b][ep5 2400/4809] L=20.081 2.3it/s eta_ep=18m
[t1b][ep5 2600/4809] L=23.883 2.3it/s eta_ep=16m
[t1b][ep5 2800/4809] L=20.604 2.3it/s eta_ep=15m
[t1b][ep5 3000/4809] L=19.158 2.3it/s eta_ep=13m
[t1b][ep5 3200/4809] L=10.857 2.3it/s eta_ep=12m
[t1b][ep5 3400/4809] L=9.933 2.3it/s eta_ep=10m
[t1b][ep5 3600/4809] L=23.135 2.3it/s eta_ep=9m
[t1b][ep5 3800/4809] L=9.115 2.3it/s eta_ep=7m
[t1b][ep5 4000/4809] L=15.751 2.3it/s eta_ep=6m
[t1b][ep5 4200/4809] L=13.004 2.3it/s eta_ep=4m
[t1b][ep5 4400/4809] L=9.149 2.3it/s eta_ep=3m
[t1b][ep5 4600/4809] L=10.332 2.3it/s eta_ep=2m
[t1b][ep5 4800/4809] L=18.332 2.3it/s eta_ep=0m
Accumulating evaluation results...
DONE (t=4.22s).
[t1b][ep5] val mAP=0.7289
[t1b] DONE best@ep-1 mAP=0.7303 (init 0.7303) -> /tmp/oracle_phase_ctrl_seed42
