/home/ubuntu/slocal/m2/.venv-relation-detr/lib/python3.11/site-packages/albumentations/core/validation.py:114: UserWarning: ShiftScaleRotate is a special case of Affine transform. Please use Affine transform instead.
  original_init(self, **validated_kwargs)
/home/ubuntu/slocal/m2/third_party/Relation-DETR/transforms/presets.py:109: UserWarning: Argument(s) 'value' are not valid for transform ShiftScaleRotate
  A.ShiftScaleRotate(
/home/ubuntu/slocal/m2/third_party/Relation-DETR/transforms/presets.py:140: UserWarning: Argument(s) 'quality_lower, quality_upper' are not valid for transform ImageCompression
  A.ImageCompression(quality_lower=85, quality_upper=95, p=0.2),
/home/ubuntu/slocal/m2/third_party/Relation-DETR/transforms/presets.py:195: UserWarning: Argument(s) 'value' are not valid for transform ShiftScaleRotate
  A.ShiftScaleRotate(
/home/ubuntu/slocal/m2/third_party/Relation-DETR/transforms/presets.py:226: UserWarning: Argument(s) 'quality_lower, quality_upper' are not valid for transform ImageCompression
  A.ImageCompression(quality_lower=85, quality_upper=95, p=0.2),
Using /home/ubuntu/.cache/torch_extensions/py311_cu118 as PyTorch extensions root...
Detected CUDA files, patching ldflags
Emitting ninja build file /home/ubuntu/.cache/torch_extensions/py311_cu118/MultiScaleDeformableAttention/build.ninja...
Building extension module MultiScaleDeformableAttention...
Allowing ninja to set a default number of workers... (overridable by setting the environment variable MAX_JOBS=N)
loading annotations into memory...
Done (t=0.34s)
creating index...
index created!
Using [0, 0.5, 0.6299605249474365, 0.7937005259840997, 1.0, 1.259921049894873, 1.5874010519681991, 2.0, inf] as bins for aspect ratio quantization
Count of instances per bin: [9618]
loading annotations into memory...
Done (t=0.02s)
creating index...
index created!
ninja: no work to do.
Loading extension module MultiScaleDeformableAttention...
/home/ubuntu/slocal/m2/.venv-relation-detr/lib/python3.11/site-packages/torch/overrides.py:110: UserWarning: 'has_cuda' is deprecated, please use 'torch.backends.cuda.is_built()'
  torch.has_cuda,
/home/ubuntu/slocal/m2/.venv-relation-detr/lib/python3.11/site-packages/torch/overrides.py:111: UserWarning: 'has_cudnn' is deprecated, please use 'torch.backends.cudnn.is_available()'
  torch.has_cudnn,
/home/ubuntu/slocal/m2/.venv-relation-detr/lib/python3.11/site-packages/torch/overrides.py:117: UserWarning: 'has_mps' is deprecated, please use 'torch.backends.mps.is_built()'
  torch.has_mps,
/home/ubuntu/slocal/m2/.venv-relation-detr/lib/python3.11/site-packages/torch/overrides.py:118: UserWarning: 'has_mkldnn' is deprecated, please use 'torch.backends.mkldnn.is_available()'
  torch.has_mkldnn,
The model and loaded state dict do not match exactly
Missing keys: _rare_mask, phase_clsbias.0.weight, phase_clsbias.0.bias, phase_clsbias.2.weight, phase_clsbias.2.bias

[t1b] warm-start from /home/ubuntu/slocal/m2/third_party/Relation-DETR/checkpoints/incoming/seed456/best_ap.pth
[t1b] seed=456 inject=clsbias trainable=film zero_ctx=True det_steps/ep=4809 phase_params=1615 total_trainable=1615 miss_ctx(tr/va)=0/0 work=/tmp/t1b_clsbias_zeroctx_seed456
Accumulating evaluation results...
DONE (t=4.63s).
[t1b] warm-start init mAP=0.7217 (S0-frozen 水準なら warm-start+恒等 OK)
[t1b][ep0 0/4809] L=27.451 1.9it/s eta_ep=42m
[t1b][ep0 200/4809] L=16.778 3.3it/s eta_ep=23m
[t1b][ep0 400/4809] L=12.445 3.4it/s eta_ep=22m
[t1b][ep0 600/4809] L=17.287 3.4it/s eta_ep=20m
[t1b][ep0 800/4809] L=11.249 3.5it/s eta_ep=19m
[t1b][ep0 1000/4809] L=9.203 3.5it/s eta_ep=18m
[t1b][ep0 1200/4809] L=7.632 3.5it/s eta_ep=17m
[t1b][ep0 1400/4809] L=14.614 3.5it/s eta_ep=16m
[t1b][ep0 1600/4809] L=10.357 3.5it/s eta_ep=15m
[t1b][ep0 1800/4809] L=15.398 3.5it/s eta_ep=14m
[t1b][ep0 2000/4809] L=13.855 3.5it/s eta_ep=13m
[t1b][ep0 2200/4809] L=9.630 3.5it/s eta_ep=12m
[t1b][ep0 2400/4809] L=10.513 3.5it/s eta_ep=11m
[t1b][ep0 2600/4809] L=14.418 3.5it/s eta_ep=10m
[t1b][ep0 2800/4809] L=10.046 3.5it/s eta_ep=9m
[t1b][ep0 3000/4809] L=15.084 3.5it/s eta_ep=9m
[t1b][ep0 3200/4809] L=21.891 3.5it/s eta_ep=8m
[t1b][ep0 3400/4809] L=16.303 3.5it/s eta_ep=7m
[t1b][ep0 3600/4809] L=18.378 3.5it/s eta_ep=6m
[t1b][ep0 3800/4809] L=12.079 3.5it/s eta_ep=5m
[t1b][ep0 4000/4809] L=15.065 3.5it/s eta_ep=4m
[t1b][ep0 4200/4809] L=11.592 3.5it/s eta_ep=3m
[t1b][ep0 4400/4809] L=9.912 3.5it/s eta_ep=2m
[t1b][ep0 4600/4809] L=15.597 3.5it/s eta_ep=1m
[t1b][ep0 4800/4809] L=18.712 3.5it/s eta_ep=0m
Accumulating evaluation results...
DONE (t=4.30s).
[t1b][ep0] val mAP=0.7217
[t1b][ep1 0/4809] L=12.729 3.3it/s eta_ep=24m
[t1b][ep1 200/4809] L=18.664 3.5it/s eta_ep=22m
[t1b][ep1 400/4809] L=28.173 3.5it/s eta_ep=21m
[t1b][ep1 600/4809] L=9.767 3.5it/s eta_ep=20m
[t1b][ep1 800/4809] L=13.352 3.5it/s eta_ep=19m
[t1b][ep1 1000/4809] L=21.848 3.5it/s eta_ep=18m
[t1b][ep1 1200/4809] L=15.926 3.4it/s eta_ep=17m
[t1b][ep1 1400/4809] L=11.575 3.4it/s eta_ep=17m
[t1b][ep1 1600/4809] L=19.408 3.4it/s eta_ep=16m
[t1b][ep1 1800/4809] L=6.806 3.4it/s eta_ep=15m
[t1b][ep1 2000/4809] L=23.722 3.4it/s eta_ep=14m
[t1b][ep1 2200/4809] L=23.216 3.4it/s eta_ep=13m
[t1b][ep1 2400/4809] L=13.318 3.4it/s eta_ep=12m
[t1b][ep1 2600/4809] L=20.709 3.4it/s eta_ep=11m
[t1b][ep1 2800/4809] L=17.408 3.4it/s eta_ep=10m
[t1b][ep1 3000/4809] L=18.779 3.4it/s eta_ep=9m
[t1b][ep1 3200/4809] L=10.835 3.4it/s eta_ep=8m
[t1b][ep1 3400/4809] L=24.495 3.4it/s eta_ep=7m
[t1b][ep1 3600/4809] L=23.034 3.4it/s eta_ep=6m
[t1b][ep1 3800/4809] L=19.350 3.4it/s eta_ep=5m
[t1b][ep1 4000/4809] L=13.393 3.4it/s eta_ep=4m
[t1b][ep1 4200/4809] L=15.884 3.4it/s eta_ep=3m
[t1b][ep1 4400/4809] L=24.424 3.4it/s eta_ep=2m
[t1b][ep1 4600/4809] L=16.152 3.4it/s eta_ep=1m
[t1b][ep1 4800/4809] L=17.070 3.4it/s eta_ep=0m
Accumulating evaluation results...
DONE (t=4.29s).
[t1b][ep1] val mAP=0.7217
[t1b][ep2 0/4809] L=18.484 2.8it/s eta_ep=29m
[t1b][ep2 200/4809] L=15.098 3.4it/s eta_ep=23m
[t1b][ep2 400/4809] L=18.826 3.4it/s eta_ep=22m
[t1b][ep2 600/4809] L=17.762 3.4it/s eta_ep=21m
[t1b][ep2 800/4809] L=6.557 3.4it/s eta_ep=20m
[t1b][ep2 1000/4809] L=9.593 3.4it/s eta_ep=19m
[t1b][ep2 1200/4809] L=11.561 3.4it/s eta_ep=18m
[t1b][ep2 1400/4809] L=27.735 3.4it/s eta_ep=17m
[t1b][ep2 1600/4809] L=22.045 3.4it/s eta_ep=16m
[t1b][ep2 1800/4809] L=15.477 3.4it/s eta_ep=15m
[t1b][ep2 2000/4809] L=14.703 3.4it/s eta_ep=14m
[t1b][ep2 2200/4809] L=15.145 3.4it/s eta_ep=13m
[t1b][ep2 2400/4809] L=13.637 3.4it/s eta_ep=12m
[t1b][ep2 2600/4809] L=9.113 3.4it/s eta_ep=11m
[t1b][ep2 2800/4809] L=13.789 3.4it/s eta_ep=10m
[t1b][ep2 3000/4809] L=8.845 3.4it/s eta_ep=9m
[t1b][ep2 3200/4809] L=17.707 3.4it/s eta_ep=8m
[t1b][ep2 3400/4809] L=15.817 3.4it/s eta_ep=7m
[t1b][ep2 3600/4809] L=8.919 3.4it/s eta_ep=6m
[t1b][ep2 3800/4809] L=19.812 3.4it/s eta_ep=5m
[t1b][ep2 4000/4809] L=18.159 3.4it/s eta_ep=4m
[t1b][ep2 4200/4809] L=6.974 3.4it/s eta_ep=3m
[t1b][ep2 4400/4809] L=18.659 3.4it/s eta_ep=2m
[t1b][ep2 4600/4809] L=8.686 3.4it/s eta_ep=1m
[t1b][ep2 4800/4809] L=19.202 3.4it/s eta_ep=0m
Accumulating evaluation results...
DONE (t=4.72s).
[t1b][ep2] val mAP=0.7217
[t1b][ep3 0/4809] L=9.347 2.8it/s eta_ep=28m
[t1b][ep3 200/4809] L=20.102 3.4it/s eta_ep=23m
[t1b][ep3 400/4809] L=12.815 3.4it/s eta_ep=22m
[t1b][ep3 600/4809] L=15.195 3.4it/s eta_ep=21m
[t1b][ep3 800/4809] L=15.223 3.4it/s eta_ep=20m
[t1b][ep3 1000/4809] L=12.034 3.4it/s eta_ep=19m
[t1b][ep3 1200/4809] L=18.989 3.4it/s eta_ep=18m
[t1b][ep3 1400/4809] L=9.193 3.4it/s eta_ep=17m
[t1b][ep3 1600/4809] L=27.579 3.4it/s eta_ep=16m
[t1b][ep3 1800/4809] L=25.594 3.4it/s eta_ep=15m
[t1b][ep3 2000/4809] L=9.171 3.4it/s eta_ep=14m
[t1b][ep3 2200/4809] L=17.348 3.4it/s eta_ep=13m
[t1b][ep3 2400/4809] L=15.011 3.4it/s eta_ep=12m
[t1b][ep3 2600/4809] L=26.188 3.4it/s eta_ep=11m
[t1b][ep3 2800/4809] L=12.636 3.4it/s eta_ep=10m
[t1b][ep3 3000/4809] L=10.496 3.4it/s eta_ep=9m
[t1b][ep3 3200/4809] L=15.552 3.4it/s eta_ep=8m
[t1b][ep3 3400/4809] L=15.943 3.4it/s eta_ep=7m
[t1b][ep3 3600/4809] L=16.586 3.4it/s eta_ep=6m
[t1b][ep3 3800/4809] L=14.118 3.4it/s eta_ep=5m
[t1b][ep3 4000/4809] L=15.812 3.4it/s eta_ep=4m
[t1b][ep3 4200/4809] L=7.874 3.4it/s eta_ep=3m
[t1b][ep3 4400/4809] L=13.625 3.4it/s eta_ep=2m
[t1b][ep3 4600/4809] L=10.814 3.4it/s eta_ep=1m
[t1b][ep3 4800/4809] L=12.092 3.4it/s eta_ep=0m
Accumulating evaluation results...
DONE (t=4.39s).
[t1b][ep3] val mAP=0.7217
[t1b][ep4 0/4809] L=12.697 3.0it/s eta_ep=27m
[t1b][ep4 200/4809] L=32.950 3.4it/s eta_ep=23m
[t1b][ep4 400/4809] L=20.401 3.4it/s eta_ep=22m
[t1b][ep4 600/4809] L=13.256 3.4it/s eta_ep=21m
[t1b][ep4 800/4809] L=20.289 3.4it/s eta_ep=20m
[t1b][ep4 1000/4809] L=10.558 3.4it/s eta_ep=19m
[t1b][ep4 1200/4809] L=15.466 3.4it/s eta_ep=18m
[t1b][ep4 1400/4809] L=19.439 3.4it/s eta_ep=17m
[t1b][ep4 1600/4809] L=20.816 3.4it/s eta_ep=16m
[t1b][ep4 1800/4809] L=15.615 3.4it/s eta_ep=15m
[t1b][ep4 2000/4809] L=7.815 3.4it/s eta_ep=14m
[t1b][ep4 2200/4809] L=13.529 3.4it/s eta_ep=13m
[t1b][ep4 2400/4809] L=19.879 3.4it/s eta_ep=12m
[t1b][ep4 2600/4809] L=20.328 3.4it/s eta_ep=11m
[t1b][ep4 2800/4809] L=15.243 3.4it/s eta_ep=10m
[t1b][ep4 3000/4809] L=6.263 3.4it/s eta_ep=9m
[t1b][ep4 3200/4809] L=15.906 3.4it/s eta_ep=8m
[t1b][ep4 3400/4809] L=11.110 3.4it/s eta_ep=7m
[t1b][ep4 3600/4809] L=16.809 3.4it/s eta_ep=6m
[t1b][ep4 3800/4809] L=13.464 3.4it/s eta_ep=5m
[t1b][ep4 4000/4809] L=5.498 3.4it/s eta_ep=4m
[t1b][ep4 4200/4809] L=13.344 3.4it/s eta_ep=3m
[t1b][ep4 4400/4809] L=11.985 3.4it/s eta_ep=2m
[t1b][ep4 4600/4809] L=12.693 3.4it/s eta_ep=1m
[t1b][ep4 4800/4809] L=11.069 3.4it/s eta_ep=0m
Accumulating evaluation results...
DONE (t=4.26s).
[t1b][ep4] val mAP=0.7217
[t1b][ep5 0/4809] L=13.484 2.7it/s eta_ep=30m
[t1b][ep5 200/4809] L=16.244 3.4it/s eta_ep=23m
[t1b][ep5 400/4809] L=13.814 3.4it/s eta_ep=22m
[t1b][ep5 600/4809] L=10.589 3.4it/s eta_ep=21m
[t1b][ep5 800/4809] L=8.410 3.4it/s eta_ep=20m
[t1b][ep5 1000/4809] L=12.892 3.4it/s eta_ep=19m
[t1b][ep5 1200/4809] L=15.845 3.4it/s eta_ep=18m
[t1b][ep5 1400/4809] L=15.244 3.4it/s eta_ep=17m
[t1b][ep5 1600/4809] L=17.027 3.4it/s eta_ep=16m
[t1b][ep5 1800/4809] L=9.546 3.4it/s eta_ep=15m
[t1b][ep5 2000/4809] L=12.478 3.4it/s eta_ep=14m
[t1b][ep5 2200/4809] L=16.084 3.4it/s eta_ep=13m
[t1b][ep5 2400/4809] L=18.404 3.4it/s eta_ep=12m
[t1b][ep5 2600/4809] L=11.743 3.4it/s eta_ep=11m
[t1b][ep5 2800/4809] L=13.713 3.4it/s eta_ep=10m
[t1b][ep5 3000/4809] L=12.154 3.4it/s eta_ep=9m
[t1b][ep5 3200/4809] L=23.977 3.4it/s eta_ep=8m
[t1b][ep5 3400/4809] L=12.068 3.4it/s eta_ep=7m
[t1b][ep5 3600/4809] L=10.921 3.4it/s eta_ep=6m
[t1b][ep5 3800/4809] L=21.816 3.4it/s eta_ep=5m
[t1b][ep5 4000/4809] L=17.448 3.4it/s eta_ep=4m
[t1b][ep5 4200/4809] L=12.715 3.4it/s eta_ep=3m
[t1b][ep5 4400/4809] L=10.063 3.4it/s eta_ep=2m
[t1b][ep5 4600/4809] L=6.919 3.4it/s eta_ep=1m
[t1b][ep5 4800/4809] L=11.045 3.4it/s eta_ep=0m
Accumulating evaluation results...
DONE (t=4.21s).
[t1b][ep5] val mAP=0.7217
[t1b] DONE best@ep2 mAP=0.7217 (init 0.7217) -> /tmp/t1b_clsbias_zeroctx_seed456
