[grasp-phase-variants][inj:predicted_sigmoid][1/50] phase_loss=3.420694 val_acc=0.346535
[grasp-phase-variants][inj:predicted_sigmoid][2/50] phase_loss=3.006373 val_acc=0.346535
[grasp-phase-variants][inj:predicted_sigmoid][3/50] phase_loss=2.745412 val_acc=0.333993
[grasp-phase-variants][inj:predicted_sigmoid][4/50] phase_loss=2.629239 val_acc=0.333993
[grasp-phase-variants][inj:predicted_sigmoid][5/50] phase_loss=2.516208 val_acc=0.443564
[grasp-phase-variants][inj:predicted_sigmoid][6/50] phase_loss=2.290376 val_acc=0.539934
[grasp-phase-variants][inj:predicted_sigmoid][7/50] phase_loss=2.110219 val_acc=0.633663
[grasp-phase-variants][inj:predicted_sigmoid][8/50] phase_loss=1.776727 val_acc=0.648185
[grasp-phase-variants][inj:predicted_sigmoid][9/50] phase_loss=1.567828 val_acc=0.502970
[grasp-phase-variants][inj:predicted_sigmoid][10/50] phase_loss=1.483069 val_acc=0.557096
[grasp-phase-variants][inj:predicted_sigmoid][11/50] phase_loss=1.397646 val_acc=0.668647
[grasp-phase-variants][inj:predicted_sigmoid][12/50] phase_loss=1.340443 val_acc=0.647525
[grasp-phase-variants][inj:predicted_sigmoid][13/50] phase_loss=1.280626 val_acc=0.627723
[grasp-phase-variants][inj:predicted_sigmoid][14/50] phase_loss=1.159697 val_acc=0.654125
[grasp-phase-variants][inj:predicted_sigmoid][15/50] phase_loss=1.104494 val_acc=0.719472
[grasp-phase-variants][inj:predicted_sigmoid][16/50] phase_loss=1.040881 val_acc=0.775578
[grasp-phase-variants][inj:predicted_sigmoid][17/50] phase_loss=1.027883 val_acc=0.791419
[grasp-phase-variants][inj:predicted_sigmoid][18/50] phase_loss=1.040257 val_acc=0.858086
[grasp-phase-variants][inj:predicted_sigmoid][19/50] phase_loss=1.072329 val_acc=0.718812
[grasp-phase-variants][inj:predicted_sigmoid][20/50] phase_loss=0.955124 val_acc=0.823762
[grasp-phase-variants][inj:predicted_sigmoid][21/50] phase_loss=0.867356 val_acc=0.770957
[grasp-phase-variants][inj:predicted_sigmoid][22/50] phase_loss=0.787308 val_acc=0.809241
[grasp-phase-variants][inj:predicted_sigmoid][23/50] phase_loss=0.728413 val_acc=0.875248
[grasp-phase-variants][inj:predicted_sigmoid][24/50] phase_loss=0.686693 val_acc=0.817822
[grasp-phase-variants][inj:predicted_sigmoid][25/50] phase_loss=0.707677 val_acc=0.786139
[grasp-phase-variants][inj:predicted_sigmoid][26/50] phase_loss=0.687614 val_acc=0.857426
[grasp-phase-variants][inj:predicted_sigmoid][27/50] phase_loss=0.643051 val_acc=0.885809
[grasp-phase-variants][inj:predicted_sigmoid][28/50] phase_loss=0.625668 val_acc=0.856106
[grasp-phase-variants][inj:predicted_sigmoid][29/50] phase_loss=0.569463 val_acc=0.854125
[grasp-phase-variants][inj:predicted_sigmoid][30/50] phase_loss=0.548153 val_acc=0.862046
[grasp-phase-variants][inj:predicted_sigmoid][31/50] phase_loss=0.508212 val_acc=0.870627
[grasp-phase-variants][inj:predicted_sigmoid][32/50] phase_loss=0.491773 val_acc=0.883168
[grasp-phase-variants][inj:predicted_sigmoid][33/50] phase_loss=0.476106 val_acc=0.875248
[grasp-phase-variants][inj:predicted_sigmoid][34/50] phase_loss=0.466716 val_acc=0.862046
[grasp-phase-variants][inj:predicted_sigmoid][35/50] phase_loss=0.452078 val_acc=0.882508
[grasp-phase-variants][inj:predicted_sigmoid][36/50] phase_loss=0.460613 val_acc=0.867987
[grasp-phase-variants][inj:predicted_sigmoid][37/50] phase_loss=0.482228 val_acc=0.855446
[grasp-phase-variants][inj:predicted_sigmoid][38/50] phase_loss=0.449619 val_acc=0.860066
[grasp-phase-variants][inj:predicted_sigmoid][39/50] phase_loss=0.422996 val_acc=0.885149
[grasp-phase-variants][inj:predicted_sigmoid][40/50] phase_loss=0.403420 val_acc=0.879208
[grasp-phase-variants][inj:predicted_sigmoid][41/50] phase_loss=0.408137 val_acc=0.869967
[grasp-phase-variants][inj:predicted_sigmoid][42/50] phase_loss=0.403200 val_acc=0.881848
[grasp-phase-variants][inj:predicted_sigmoid][43/50] phase_loss=0.382068 val_acc=0.851485
[grasp-phase-variants][inj:predicted_sigmoid][44/50] phase_loss=0.386750 val_acc=0.882508
[grasp-phase-variants][inj:predicted_sigmoid][45/50] phase_loss=0.384679 val_acc=0.883828
[grasp-phase-variants][inj:predicted_sigmoid][46/50] phase_loss=0.359268 val_acc=0.880528
[grasp-phase-variants][inj:predicted_sigmoid][47/50] phase_loss=0.438919 val_acc=0.903630
[grasp-phase-variants][inj:predicted_sigmoid][48/50] phase_loss=0.466626 val_acc=0.830363
[grasp-phase-variants][inj:predicted_sigmoid][49/50] phase_loss=0.434034 val_acc=0.765017
[grasp-phase-variants][inj:predicted_sigmoid][50/50] phase_loss=0.533341 val_acc=0.769637
{
  "task_id": "T-2026-08-15-injection-sweep-deterministic",
  "arm": "inj",
  "signal": "predicted_sigmoid",
  "staged": false,
  "oracle_upper_bound_only_do_not_report": false,
  "completed": true,
  "epochs": 50,
  "device": "cuda",
  "train_clips": 13,
  "val_clips": 3,
  "elapsed_seconds": 38.415315677877516,
  "determinism": {
    "deterministic": true,
    "seed": 7,
    "cublas_workspace_config": ":4096:8",
    "torch_use_deterministic_algorithms": true,
    "cudnn_deterministic": true,
    "cudnn_benchmark": false
  },
  "train/phase_loss": 0.4389192077976007,
  "train/grasp_loss": 0.30531349319678086,
  "phase_accuracy": 0.9036303630363036,
  "phase_macro_f1": 0.6855351129810566,
  "phase_jaccard": 0.633531081989515,
  "phase_edit_score": 46.19047619047618,
  "phase_seg_f1_10": 0.5521885521885522,
  "phase_seg_f1_25": 0.5279461279461279,
  "phase_seg_f1_50": 0.49158249158249157,
  "grasp_accuracy_left_hand": 0.9848084656061553,
  "grasp_accuracy_right_hand": 0.9669749192706503,
  "grasp_accuracy_left_hand_tool": 0.9075297018023432,
  "grasp_accuracy_right_hand_tool": 0.8619550636611495,
  "grasp_accuracy_two_hands_tool": 0.8837516564516599,
  "epoch": 47
}
