[grasp-phase-variants][inj:oracle_upper_bound_only][1/50] phase_loss=3.543041 val_acc=0.529373
[grasp-phase-variants][inj:oracle_upper_bound_only][2/50] phase_loss=3.074444 val_acc=0.367657
[grasp-phase-variants][inj:oracle_upper_bound_only][3/50] phase_loss=2.769512 val_acc=0.333993
[grasp-phase-variants][inj:oracle_upper_bound_only][4/50] phase_loss=2.610198 val_acc=0.361056
[grasp-phase-variants][inj:oracle_upper_bound_only][5/50] phase_loss=2.475606 val_acc=0.394719
[grasp-phase-variants][inj:oracle_upper_bound_only][6/50] phase_loss=2.216497 val_acc=0.650825
[grasp-phase-variants][inj:oracle_upper_bound_only][7/50] phase_loss=1.994033 val_acc=0.469967
[grasp-phase-variants][inj:oracle_upper_bound_only][8/50] phase_loss=1.970009 val_acc=0.646865
[grasp-phase-variants][inj:oracle_upper_bound_only][9/50] phase_loss=1.653475 val_acc=0.557756
[grasp-phase-variants][inj:oracle_upper_bound_only][10/50] phase_loss=1.985860 val_acc=0.666007
[grasp-phase-variants][inj:oracle_upper_bound_only][11/50] phase_loss=1.693019 val_acc=0.572277
[grasp-phase-variants][inj:oracle_upper_bound_only][12/50] phase_loss=1.473110 val_acc=0.677228
[grasp-phase-variants][inj:oracle_upper_bound_only][13/50] phase_loss=1.372028 val_acc=0.610561
[grasp-phase-variants][inj:oracle_upper_bound_only][14/50] phase_loss=1.299438 val_acc=0.687789
[grasp-phase-variants][inj:oracle_upper_bound_only][15/50] phase_loss=1.220180 val_acc=0.678548
[grasp-phase-variants][inj:oracle_upper_bound_only][16/50] phase_loss=1.108862 val_acc=0.693069
[grasp-phase-variants][inj:oracle_upper_bound_only][17/50] phase_loss=1.062872 val_acc=0.773597
[grasp-phase-variants][inj:oracle_upper_bound_only][18/50] phase_loss=0.989883 val_acc=0.770297
[grasp-phase-variants][inj:oracle_upper_bound_only][19/50] phase_loss=0.927596 val_acc=0.781518
[grasp-phase-variants][inj:oracle_upper_bound_only][20/50] phase_loss=0.884133 val_acc=0.852145
[grasp-phase-variants][inj:oracle_upper_bound_only][21/50] phase_loss=0.835220 val_acc=0.785479
[grasp-phase-variants][inj:oracle_upper_bound_only][22/50] phase_loss=0.813704 val_acc=0.789439
[grasp-phase-variants][inj:oracle_upper_bound_only][23/50] phase_loss=0.746061 val_acc=0.851485
[grasp-phase-variants][inj:oracle_upper_bound_only][24/50] phase_loss=0.710509 val_acc=0.856766
[grasp-phase-variants][inj:oracle_upper_bound_only][25/50] phase_loss=0.656515 val_acc=0.879868
[grasp-phase-variants][inj:oracle_upper_bound_only][26/50] phase_loss=0.620060 val_acc=0.845545
[grasp-phase-variants][inj:oracle_upper_bound_only][27/50] phase_loss=0.600230 val_acc=0.879208
[grasp-phase-variants][inj:oracle_upper_bound_only][28/50] phase_loss=0.569122 val_acc=0.862706
[grasp-phase-variants][inj:oracle_upper_bound_only][29/50] phase_loss=0.567411 val_acc=0.858746
[grasp-phase-variants][inj:oracle_upper_bound_only][30/50] phase_loss=0.569968 val_acc=0.881188
[grasp-phase-variants][inj:oracle_upper_bound_only][31/50] phase_loss=0.557726 val_acc=0.819142
[grasp-phase-variants][inj:oracle_upper_bound_only][32/50] phase_loss=0.526588 val_acc=0.871287
[grasp-phase-variants][inj:oracle_upper_bound_only][33/50] phase_loss=0.511452 val_acc=0.854785
[grasp-phase-variants][inj:oracle_upper_bound_only][34/50] phase_loss=0.479169 val_acc=0.871947
[grasp-phase-variants][inj:oracle_upper_bound_only][35/50] phase_loss=0.456087 val_acc=0.865347
[grasp-phase-variants][inj:oracle_upper_bound_only][36/50] phase_loss=0.441713 val_acc=0.863366
[grasp-phase-variants][inj:oracle_upper_bound_only][37/50] phase_loss=0.437731 val_acc=0.879868
[grasp-phase-variants][inj:oracle_upper_bound_only][38/50] phase_loss=0.451359 val_acc=0.828383
[grasp-phase-variants][inj:oracle_upper_bound_only][39/50] phase_loss=0.439812 val_acc=0.862046
[grasp-phase-variants][inj:oracle_upper_bound_only][40/50] phase_loss=0.424822 val_acc=0.854125
[grasp-phase-variants][inj:oracle_upper_bound_only][41/50] phase_loss=0.402404 val_acc=0.847525
[grasp-phase-variants][inj:oracle_upper_bound_only][42/50] phase_loss=0.390387 val_acc=0.889769
[grasp-phase-variants][inj:oracle_upper_bound_only][43/50] phase_loss=0.474249 val_acc=0.897690
[grasp-phase-variants][inj:oracle_upper_bound_only][44/50] phase_loss=0.550566 val_acc=0.830363
[grasp-phase-variants][inj:oracle_upper_bound_only][45/50] phase_loss=0.524559 val_acc=0.861386
[grasp-phase-variants][inj:oracle_upper_bound_only][46/50] phase_loss=0.504406 val_acc=0.858746
[grasp-phase-variants][inj:oracle_upper_bound_only][47/50] phase_loss=0.423381 val_acc=0.858086
[grasp-phase-variants][inj:oracle_upper_bound_only][48/50] phase_loss=0.408072 val_acc=0.860726
[grasp-phase-variants][inj:oracle_upper_bound_only][49/50] phase_loss=0.376552 val_acc=0.871947
[grasp-phase-variants][inj:oracle_upper_bound_only][50/50] phase_loss=0.348282 val_acc=0.865347
{
  "task_id": "T-2026-08-15-injection-sweep-deterministic",
  "arm": "inj",
  "signal": "oracle_upper_bound_only",
  "staged": false,
  "oracle_upper_bound_only_do_not_report": true,
  "completed": true,
  "epochs": 50,
  "device": "cuda",
  "train_clips": 13,
  "val_clips": 3,
  "elapsed_seconds": 38.192604549694806,
  "determinism": {
    "deterministic": true,
    "seed": 123,
    "cublas_workspace_config": ":4096:8",
    "torch_use_deterministic_algorithms": true,
    "cudnn_deterministic": true,
    "cudnn_benchmark": false
  },
  "train/phase_loss": 0.4742494443288216,
  "train/grasp_loss": 0.3207248586874742,
  "phase_accuracy": 0.8976897689768977,
  "phase_macro_f1": 0.7058950230648279,
  "phase_jaccard": 0.6524652970801866,
  "phase_edit_score": 45.50877192982457,
  "phase_seg_f1_10": 0.5079365079365079,
  "phase_seg_f1_25": 0.4801587301587302,
  "phase_seg_f1_50": 0.3928571428571428,
  "grasp_accuracy_left_hand": 0.9848084656061553,
  "grasp_accuracy_right_hand": 0.966314417919048,
  "grasp_accuracy_left_hand_tool": 0.9068691939154894,
  "grasp_accuracy_right_hand_tool": 0.8645970922952599,
  "grasp_accuracy_two_hands_tool": 0.8837516564516599,
  "epoch": 43
}
