[grasp-phase-variants][inj:predicted_sigmoid][1/50] phase_loss=3.562186 val_acc=0.450825
[grasp-phase-variants][inj:predicted_sigmoid][2/50] phase_loss=2.955869 val_acc=0.333993
[grasp-phase-variants][inj:predicted_sigmoid][3/50] phase_loss=2.766647 val_acc=0.349175
[grasp-phase-variants][inj:predicted_sigmoid][4/50] phase_loss=2.606069 val_acc=0.621122
[grasp-phase-variants][inj:predicted_sigmoid][5/50] phase_loss=2.444991 val_acc=0.585479
[grasp-phase-variants][inj:predicted_sigmoid][6/50] phase_loss=2.196285 val_acc=0.508251
[grasp-phase-variants][inj:predicted_sigmoid][7/50] phase_loss=1.953190 val_acc=0.665347
[grasp-phase-variants][inj:predicted_sigmoid][8/50] phase_loss=1.717471 val_acc=0.662706
[grasp-phase-variants][inj:predicted_sigmoid][9/50] phase_loss=1.668751 val_acc=0.677228
[grasp-phase-variants][inj:predicted_sigmoid][10/50] phase_loss=1.741190 val_acc=0.650825
[grasp-phase-variants][inj:predicted_sigmoid][11/50] phase_loss=1.550290 val_acc=0.499670
[grasp-phase-variants][inj:predicted_sigmoid][12/50] phase_loss=1.348135 val_acc=0.738614
[grasp-phase-variants][inj:predicted_sigmoid][13/50] phase_loss=1.243199 val_acc=0.617162
[grasp-phase-variants][inj:predicted_sigmoid][14/50] phase_loss=1.158670 val_acc=0.781518
[grasp-phase-variants][inj:predicted_sigmoid][15/50] phase_loss=1.086461 val_acc=0.786139
[grasp-phase-variants][inj:predicted_sigmoid][16/50] phase_loss=0.988535 val_acc=0.757756
[grasp-phase-variants][inj:predicted_sigmoid][17/50] phase_loss=0.947158 val_acc=0.778878
[grasp-phase-variants][inj:predicted_sigmoid][18/50] phase_loss=0.887690 val_acc=0.749175
[grasp-phase-variants][inj:predicted_sigmoid][19/50] phase_loss=0.829587 val_acc=0.813201
[grasp-phase-variants][inj:predicted_sigmoid][20/50] phase_loss=0.757590 val_acc=0.878548
[grasp-phase-variants][inj:predicted_sigmoid][21/50] phase_loss=0.732347 val_acc=0.871947
[grasp-phase-variants][inj:predicted_sigmoid][22/50] phase_loss=0.698264 val_acc=0.860726
[grasp-phase-variants][inj:predicted_sigmoid][23/50] phase_loss=0.671498 val_acc=0.854125
[grasp-phase-variants][inj:predicted_sigmoid][24/50] phase_loss=0.653073 val_acc=0.875908
[grasp-phase-variants][inj:predicted_sigmoid][25/50] phase_loss=0.593614 val_acc=0.858086
[grasp-phase-variants][inj:predicted_sigmoid][26/50] phase_loss=0.640376 val_acc=0.881188
[grasp-phase-variants][inj:predicted_sigmoid][27/50] phase_loss=0.744132 val_acc=0.810561
[grasp-phase-variants][inj:predicted_sigmoid][28/50] phase_loss=0.608294 val_acc=0.843564
[grasp-phase-variants][inj:predicted_sigmoid][29/50] phase_loss=0.591534 val_acc=0.761056
[grasp-phase-variants][inj:predicted_sigmoid][30/50] phase_loss=0.637452 val_acc=0.825083
[grasp-phase-variants][inj:predicted_sigmoid][31/50] phase_loss=0.694503 val_acc=0.841584
[grasp-phase-variants][inj:predicted_sigmoid][32/50] phase_loss=0.632409 val_acc=0.885809
[grasp-phase-variants][inj:predicted_sigmoid][33/50] phase_loss=0.597938 val_acc=0.856766
[grasp-phase-variants][inj:predicted_sigmoid][34/50] phase_loss=0.507450 val_acc=0.852145
[grasp-phase-variants][inj:predicted_sigmoid][35/50] phase_loss=0.480732 val_acc=0.859406
[grasp-phase-variants][inj:predicted_sigmoid][36/50] phase_loss=0.451604 val_acc=0.861386
[grasp-phase-variants][inj:predicted_sigmoid][37/50] phase_loss=0.463852 val_acc=0.873267
[grasp-phase-variants][inj:predicted_sigmoid][38/50] phase_loss=0.460416 val_acc=0.885149
[grasp-phase-variants][inj:predicted_sigmoid][39/50] phase_loss=0.432901 val_acc=0.871287
[grasp-phase-variants][inj:predicted_sigmoid][40/50] phase_loss=0.407412 val_acc=0.879868
[grasp-phase-variants][inj:predicted_sigmoid][41/50] phase_loss=0.397332 val_acc=0.891749
[grasp-phase-variants][inj:predicted_sigmoid][42/50] phase_loss=0.386441 val_acc=0.894389
[grasp-phase-variants][inj:predicted_sigmoid][43/50] phase_loss=0.386728 val_acc=0.871287
[grasp-phase-variants][inj:predicted_sigmoid][44/50] phase_loss=0.370407 val_acc=0.895050
[grasp-phase-variants][inj:predicted_sigmoid][45/50] phase_loss=0.363207 val_acc=0.878548
[grasp-phase-variants][inj:predicted_sigmoid][46/50] phase_loss=0.426911 val_acc=0.893729
[grasp-phase-variants][inj:predicted_sigmoid][47/50] phase_loss=0.405908 val_acc=0.844224
[grasp-phase-variants][inj:predicted_sigmoid][48/50] phase_loss=0.399467 val_acc=0.884488
[grasp-phase-variants][inj:predicted_sigmoid][49/50] phase_loss=0.371790 val_acc=0.860066
[grasp-phase-variants][inj:predicted_sigmoid][50/50] phase_loss=0.373202 val_acc=0.822442
{
  "task_id": "T-2026-08-15-injection-sweep-deterministic",
  "arm": "inj",
  "signal": "predicted_sigmoid",
  "staged": true,
  "oracle_upper_bound_only_do_not_report": false,
  "completed": true,
  "epochs": 50,
  "device": "cuda",
  "train_clips": 13,
  "val_clips": 3,
  "elapsed_seconds": 51.52535401377827,
  "determinism": {
    "deterministic": true,
    "seed": 456,
    "cublas_workspace_config": ":4096:8",
    "torch_use_deterministic_algorithms": true,
    "cudnn_deterministic": true,
    "cudnn_benchmark": false
  },
  "stage1_epochs": 50,
  "stage1_seconds": 14.969610138330609,
  "train/phase_loss": 0.3704071801442366,
  "train/grasp_loss": NaN,
  "phase_accuracy": 0.8950495049504951,
  "phase_macro_f1": 0.7099911212068515,
  "phase_jaccard": 0.6357668584175761,
  "phase_edit_score": 33.77777777777778,
  "phase_seg_f1_10": 0.3870028011204482,
  "phase_seg_f1_25": 0.3870028011204482,
  "phase_seg_f1_50": 0.32739495798319335,
  "grasp_accuracy_left_hand": 0.9848084656061553,
  "grasp_accuracy_right_hand": 0.966314417919048,
  "grasp_accuracy_left_hand_tool": 0.9062087114610005,
  "grasp_accuracy_right_hand_tool": 0.8705416087902679,
  "grasp_accuracy_two_hands_tool": 0.8837516564516599,
  "epoch": 44
}
