COMPLETE stage1_ptower_r2_026_P15_A_L8_w0.0_h30_foldA_lr0.0001_seed42 score=0.48851218337974134
COMPLETE stage1_ptower_r2_026_P15_A_L6_w0.0_h30_foldA_lr0.0001_seed42 score=0.44465211348150147
COMPLETE stage1_ptower_r2_027_P15_B_L6_w0.0_h60_foldA_lr0.0001_seed42 score=0.4421135732403143
COMPLETE stage1_ptower_r2_027_P15_B_L6_w0.0_h30_foldA_lr0.0001_seed42 score=0.4431637564456494
COMPLETE stage1_ptower_r2_028_P15_C_L6_w0.3_h30_foldA_lr0.0001_seed42 score=0.4957732478742583
COMPLETE stage1_ptower_r2_028_P15_C_L6_w0.15_h30_foldA_lr0.0001_seed42 score=0.5089659192972632
COMPLETE stage1_ptower_r2_029_P15_B_L8_w0.0_h30_foldA_lr0.0001_seed42 score=0.46259838808460824
COMPLETE stage1_ptower_r2_029_P15_B_L8_w0.0_h60_foldA_lr0.0001_seed42 score=0.45694142691379047
COMPLETE stage1_ptower_r2_030_P15_C_L8_w0.3_h30_foldA_lr0.0001_seed42 score=0.48617179906855224
COMPLETE stage1_ptower_r2_030_P15_C_L8_w0.15_h30_foldA_lr0.0001_seed42 score=0.4943357195206891
COMPLETE stage1_ptower_r2_031_P15_A_L6_w0.0_h30_foldA_lr0.0001_seed123 score=0.45517484433977085
COMPLETE stage1_ptower_r2_031_P15_A_L8_w0.0_h30_foldA_lr0.0001_seed123 score=0.45253974645164535
COMPLETE stage1_ptower_r2_032_P15_B_L6_w0.0_h60_foldA_lr0.0001_seed123 score=0.4507787016228867
COMPLETE stage1_ptower_r2_032_P15_B_L6_w0.0_h30_foldA_lr0.0001_seed123 score=0.44991396062955674
COMPLETE stage1_ptower_r2_033_P15_C_L6_w0.15_h30_foldA_lr0.0001_seed123 score=0.4448237400689348
COMPLETE stage1_ptower_r2_033_P15_C_L6_w0.3_h30_foldA_lr0.0001_seed123 score=0.45702851469031286
COMPLETE stage1_ptower_r2_034_P15_B_L8_w0.0_h30_foldA_lr0.0001_seed123 score=0.450608412707758
COMPLETE stage1_ptower_r2_034_P15_B_L8_w0.0_h60_foldA_lr0.0001_seed123 score=0.4377237054783691
COMPLETE stage1_ptower_r2_035_P15_C_L8_w0.3_h30_foldA_lr0.0001_seed123 score=0.44229436846500414
COMPLETE stage1_ptower_r2_035_P15_C_L8_w0.15_h30_foldA_lr0.0001_seed123 score=0.45915214099615653
COMPLETE stage1_ptower_r2_036_P15_A_L6_w0.0_h30_foldA_lr0.0001_seed456 score=0.4624035492426756
COMPLETE stage1_ptower_r2_036_P15_A_L8_w0.0_h30_foldA_lr0.0001_seed456 score=0.43419898193047457
COMPLETE stage1_ptower_r2_037_P15_B_L6_w0.0_h60_foldA_lr0.0001_seed456 score=0.4170600473449542
COMPLETE stage1_ptower_r2_037_P15_B_L6_w0.0_h30_foldA_lr0.0001_seed456 score=0.41877142767531367
COMPLETE stage1_ptower_r2_038_P15_C_L6_w0.15_h30_foldA_lr0.0001_seed456 score=0.44988411477810836
COMPLETE stage1_ptower_r2_038_P15_C_L6_w0.3_h30_foldA_lr0.0001_seed456 score=0.44959604958799154
COMPLETE stage1_ptower_r2_039_P15_B_L8_w0.0_h60_foldA_lr0.0001_seed456 score=0.41378924107357573
COMPLETE stage1_ptower_r2_039_P15_B_L8_w0.0_h30_foldA_lr0.0001_seed456 score=0.415334384710719
COMPLETE stage1_ptower_r2_040_P15_C_L8_w0.3_h30_foldA_lr0.0001_seed456 score=0.4315306644467262
COMPLETE stage1_ptower_r2_040_P15_C_L8_w0.15_h30_foldA_lr0.0001_seed456 score=0.44783329528868693
COMPLETE stage1_ptower_r2_041_P15_A_L6_w0.0_h30_foldB_lr0.0001_seed42 score=0.24779272434023497
COMPLETE stage1_ptower_r2_041_P15_A_L8_w0.0_h30_foldB_lr0.0001_seed42 score=0.24503483711284127
COMPLETE stage1_ptower_r2_042_P15_B_L6_w0.0_h30_foldB_lr0.0001_seed42 score=0.33250125308862005
COMPLETE stage1_ptower_r2_042_P15_B_L6_w0.0_h60_foldB_lr0.0001_seed42 score=0.31656415962780354
COMPLETE stage1_ptower_r2_044_P15_C_L6_w0.3_h30_foldB_lr0.0001_seed42 score=0.24217505087131763
COMPLETE stage1_ptower_r2_043_P15_C_L6_w0.15_h30_foldB_lr0.0001_seed42 score=0.2464389781598864
COMPLETE stage1_ptower_r2_045_P15_B_L8_w0.0_h30_foldB_lr0.0001_seed42 score=0.24311165420918757
COMPLETE stage1_ptower_r2_045_P15_B_L8_w0.0_h60_foldB_lr0.0001_seed42 score=0.24951467337513958
COMPLETE stage1_ptower_r2_046_P15_C_L8_w0.15_h30_foldB_lr0.0001_seed42 score=0.24375634686072337
COMPLETE stage1_ptower_r2_046_P15_C_L8_w0.3_h30_foldB_lr0.0001_seed42 score=0.2516489601866384
COMPLETE stage1_ptower_r2_047_P15_A_L6_w0.0_h30_foldC_lr0.0001_seed42 score=0.4289500999432153
COMPLETE stage1_ptower_r2_047_P15_A_L8_w0.0_h30_foldC_lr0.0001_seed42 score=0.392494909542493
COMPLETE stage1_ptower_r2_048_P15_B_L6_w0.0_h60_foldC_lr0.0001_seed42 score=0.40397410763710073
COMPLETE stage1_ptower_r2_048_P15_B_L6_w0.0_h30_foldC_lr0.0001_seed42 score=0.4013810707550232
COMPLETE stage1_ptower_r2_049_P15_C_L6_w0.15_h30_foldC_lr0.0001_seed42 score=0.42651949939798545
COMPLETE stage1_ptower_r2_049_P15_C_L6_w0.3_h30_foldC_lr0.0001_seed42 score=0.4184460375784337
COMPLETE stage1_ptower_r2_050_P15_B_L8_w0.0_h30_foldC_lr0.0001_seed42 score=0.37903614942617747
COMPLETE stage1_ptower_r2_050_P15_B_L8_w0.0_h60_foldC_lr0.0001_seed42 score=0.39229490779600873
COMPLETE stage1_ptower_r2_051_P15_C_L8_w0.15_h30_foldC_lr0.0001_seed42 score=0.4107123629047331
COMPLETE stage1_ptower_r2_051_P15_C_L8_w0.3_h30_foldC_lr0.0001_seed42 score=0.4152014645052945
COMPLETE stage1_ptower_r2_052_P15_A_L6_w0.0_h30_foldD_lr0.0001_seed42 score=0.31175479017277147
COMPLETE stage1_ptower_r2_052_P15_A_L8_w0.0_h30_foldD_lr0.0001_seed42 score=0.3191797843214757
COMPLETE stage1_ptower_r2_053_P15_B_L6_w0.0_h60_foldD_lr0.0001_seed42 score=0.30920548022613636
COMPLETE stage1_ptower_r2_053_P15_B_L6_w0.0_h30_foldD_lr0.0001_seed42 score=0.3109763480141836
COMPLETE stage1_ptower_r2_054_P15_C_L6_w0.15_h30_foldD_lr0.0001_seed42 score=0.31835658843057396
COMPLETE stage1_ptower_r2_054_P15_C_L6_w0.3_h30_foldD_lr0.0001_seed42 score=0.2864636885135631
COMPLETE stage1_ptower_r2_055_P15_B_L8_w0.0_h60_foldD_lr0.0001_seed42 score=0.30634730521236253
COMPLETE stage1_ptower_r2_055_P15_B_L8_w0.0_h30_foldD_lr0.0001_seed42 score=0.30387639395587085
COMPLETE stage1_ptower_r2_056_P15_C_L8_w0.15_h30_foldD_lr0.0001_seed42 score=0.3169265849411737
COMPLETE stage1_ptower_r2_056_P15_C_L8_w0.3_h30_foldD_lr0.0001_seed42 score=0.32218517134392943
COMPLETE stage1_ptower_r2_057_P15_A_L6_w0.0_h30_foldE_lr0.0001_seed42 score=0.40230527161738244
COMPLETE stage1_ptower_r2_057_P15_A_L8_w0.0_h30_foldE_lr0.0001_seed42 score=0.41050841050802717
COMPLETE stage1_ptower_r2_058_P15_B_L6_w0.0_h60_foldE_lr0.0001_seed42 score=0.41710842453812746
COMPLETE stage1_ptower_r2_058_P15_B_L6_w0.0_h30_foldE_lr0.0001_seed42 score=0.4123027991565972
COMPLETE stage1_ptower_r2_059_P15_C_L6_w0.15_h30_foldE_lr0.0001_seed42 score=0.4762893979186696
COMPLETE stage1_ptower_r2_059_P15_C_L6_w0.3_h30_foldE_lr0.0001_seed42 score=0.4506394634164566
COMPLETE stage1_ptower_r2_060_P15_B_L8_w0.0_h30_foldE_lr0.0001_seed42 score=0.43975694438107266
COMPLETE stage1_ptower_r2_060_P15_B_L8_w0.0_h60_foldE_lr0.0001_seed42 score=0.4401856013807342
COMPLETE stage1_ptower_r2_061_P15_C_L8_w0.15_h30_foldE_lr0.0001_seed42 score=0.45979636791788464
COMPLETE stage1_ptower_r2_061_P15_C_L8_w0.3_h30_foldE_lr0.0001_seed42 score=0.45983390368254046
COMPLETE stage1_ptower_r2_062_P15_A_L6_w0.0_h30_foldA_lr3.3333333333333335e-05_seed42 score=0.3823918839904628
COMPLETE stage1_ptower_r2_062_P15_A_L8_w0.0_h30_foldA_lr3.3333333333333335e-05_seed42 score=0.3573383377878345
COMPLETE stage1_ptower_r2_063_P15_B_L6_w0.0_h30_foldA_lr3.3333333333333335e-05_seed42 score=0.41236127798321326
COMPLETE stage1_ptower_r2_063_P15_B_L6_w0.0_h60_foldA_lr3.3333333333333335e-05_seed42 score=0.40818908365781575
COMPLETE stage1_ptower_r2_064_P15_C_L6_w0.3_h30_foldA_lr3.3333333333333335e-05_seed42 score=0.3856600835757324
COMPLETE stage1_ptower_r2_064_P15_C_L6_w0.15_h30_foldA_lr3.3333333333333335e-05_seed42 score=0.3911262593203582
COMPLETE stage1_ptower_r2_065_P15_B_L8_w0.0_h30_foldA_lr3.3333333333333335e-05_seed42 score=0.3727426232732126
COMPLETE stage1_ptower_r2_065_P15_B_L8_w0.0_h60_foldA_lr3.3333333333333335e-05_seed42 score=0.37870955543835777
COMPLETE stage1_ptower_r2_066_P15_C_L8_w0.15_h30_foldA_lr3.3333333333333335e-05_seed42 score=0.3504431013501649
COMPLETE stage1_ptower_r2_066_P15_C_L8_w0.3_h30_foldA_lr3.3333333333333335e-05_seed42 score=0.3463195384427209
COMPLETE stage1_ptower_r2_067_P15_A_L8_w0.0_h30_foldA_lr3.3333333333333335e-05_seed123 score=0.32877214530086557
COMPLETE stage1_ptower_r2_067_P15_A_L6_w0.0_h30_foldA_lr3.3333333333333335e-05_seed123 score=0.3092994161937671
COMPLETE stage1_ptower_r2_068_P15_B_L6_w0.0_h30_foldA_lr3.3333333333333335e-05_seed123 score=0.31091199393657626
COMPLETE stage1_ptower_r2_068_P15_B_L6_w0.0_h60_foldA_lr3.3333333333333335e-05_seed123 score=0.3092835995208259
COMPLETE stage1_ptower_r2_069_P15_C_L6_w0.3_h30_foldA_lr3.3333333333333335e-05_seed123 score=0.29847873648727274
COMPLETE stage1_ptower_r2_069_P15_C_L6_w0.15_h30_foldA_lr3.3333333333333335e-05_seed123 score=0.30934732310988206
COMPLETE stage1_ptower_r2_070_P15_B_L8_w0.0_h30_foldA_lr3.3333333333333335e-05_seed123 score=0.31922578079515773
COMPLETE stage1_ptower_r2_070_P15_B_L8_w0.0_h60_foldA_lr3.3333333333333335e-05_seed123 score=0.3181908032293146
COMPLETE stage1_ptower_r2_071_P15_C_L8_w0.3_h30_foldA_lr3.3333333333333335e-05_seed123 score=0.3176374856101859
COMPLETE stage1_ptower_r2_071_P15_C_L8_w0.15_h30_foldA_lr3.3333333333333335e-05_seed123 score=0.33105245322547094
COMPLETE stage1_ptower_r2_072_P15_A_L8_w0.0_h30_foldA_lr3.3333333333333335e-05_seed456 score=0.3883819116668345
COMPLETE stage1_ptower_r2_072_P15_A_L6_w0.0_h30_foldA_lr3.3333333333333335e-05_seed456 score=0.3985057981173742
COMPLETE stage1_ptower_r2_073_P15_B_L6_w0.0_h60_foldA_lr3.3333333333333335e-05_seed456 score=0.3556221520817447
COMPLETE stage1_ptower_r2_073_P15_B_L6_w0.0_h30_foldA_lr3.3333333333333335e-05_seed456 score=0.36667846705423496
COMPLETE stage1_ptower_r2_074_P15_C_L6_w0.3_h30_foldA_lr3.3333333333333335e-05_seed456 score=0.39273815115795474
COMPLETE stage1_ptower_r2_074_P15_C_L6_w0.15_h30_foldA_lr3.3333333333333335e-05_seed456 score=0.390932651695048
COMPLETE stage1_ptower_r2_076_P15_B_L8_w0.0_h60_foldA_lr3.3333333333333335e-05_seed456 score=0.4264343458552355
COMPLETE stage1_ptower_r2_075_P15_B_L8_w0.0_h30_foldA_lr3.3333333333333335e-05_seed456 score=0.4368873120686084
COMPLETE stage1_ptower_r2_077_P15_C_L8_w0.15_h30_foldA_lr3.3333333333333335e-05_seed456 score=0.38147738312746365
COMPLETE stage1_ptower_r2_077_P15_C_L8_w0.3_h30_foldA_lr3.3333333333333335e-05_seed456 score=0.35668769703978015
COMPLETE stage1_ptower_r2_078_P15_A_L6_w0.0_h30_foldB_lr3.3333333333333335e-05_seed42 score=0.25979608295636225
COMPLETE stage1_ptower_r2_078_P15_A_L8_w0.0_h30_foldB_lr3.3333333333333335e-05_seed42 score=0.28173945592313066
COMPLETE stage1_ptower_r2_079_P15_B_L6_w0.0_h60_foldB_lr3.3333333333333335e-05_seed42 score=0.275852481625306
COMPLETE stage1_ptower_r2_080_P15_B_L6_w0.0_h30_foldB_lr3.3333333333333335e-05_seed42 score=0.2724310127144178
COMPLETE stage1_ptower_r2_081_P15_C_L6_w0.15_h30_foldB_lr3.3333333333333335e-05_seed42 score=0.23321687419641682
COMPLETE stage1_ptower_r2_081_P15_C_L6_w0.3_h30_foldB_lr3.3333333333333335e-05_seed42 score=0.23757389547484395
COMPLETE stage1_ptower_r2_082_P15_B_L8_w0.0_h30_foldB_lr3.3333333333333335e-05_seed42 score=0.26447388128717797
COMPLETE stage1_ptower_r2_082_P15_B_L8_w0.0_h60_foldB_lr3.3333333333333335e-05_seed42 score=0.2699892637109507
COMPLETE stage1_ptower_r2_083_P15_C_L8_w0.3_h30_foldB_lr3.3333333333333335e-05_seed42 score=0.27650438720392195
COMPLETE stage1_ptower_r2_083_P15_C_L8_w0.15_h30_foldB_lr3.3333333333333335e-05_seed42 score=0.28168360600181286
COMPLETE stage1_ptower_r2_084_P15_A_L6_w0.0_h30_foldC_lr3.3333333333333335e-05_seed42 score=0.24395978563631265
COMPLETE stage1_ptower_r2_085_P15_A_L8_w0.0_h30_foldC_lr3.3333333333333335e-05_seed42 score=0.27670657552616273
COMPLETE stage1_ptower_r2_086_P15_B_L6_w0.0_h60_foldC_lr3.3333333333333335e-05_seed42 score=0.2489112403197131
COMPLETE stage1_ptower_r2_086_P15_B_L6_w0.0_h30_foldC_lr3.3333333333333335e-05_seed42 score=0.24460786580160584
COMPLETE stage1_ptower_r2_087_P15_C_L6_w0.3_h30_foldC_lr3.3333333333333335e-05_seed42 score=0.2258763855396412
COMPLETE stage1_ptower_r2_087_P15_C_L6_w0.15_h30_foldC_lr3.3333333333333335e-05_seed42 score=0.2330073887996986
COMPLETE stage1_ptower_r2_088_P15_B_L8_w0.0_h60_foldC_lr3.3333333333333335e-05_seed42 score=0.26972714324440117
COMPLETE stage1_ptower_r2_088_P15_B_L8_w0.0_h30_foldC_lr3.3333333333333335e-05_seed42 score=0.2772297181881678
COMPLETE stage1_ptower_r2_089_P15_C_L8_w0.3_h30_foldC_lr3.3333333333333335e-05_seed42 score=0.29335078908768647
COMPLETE stage1_ptower_r2_089_P15_C_L8_w0.15_h30_foldC_lr3.3333333333333335e-05_seed42 score=0.2751082803699597
COMPLETE stage1_ptower_r2_090_P15_A_L6_w0.0_h30_foldD_lr3.3333333333333335e-05_seed42 score=0.191308463651071
COMPLETE stage1_ptower_r2_090_P15_A_L8_w0.0_h30_foldD_lr3.3333333333333335e-05_seed42 score=0.2759510222582446
COMPLETE stage1_ptower_r2_091_P15_B_L6_w0.0_h60_foldD_lr3.3333333333333335e-05_seed42 score=0.2147712258667332
COMPLETE stage1_ptower_r2_091_P15_B_L6_w0.0_h30_foldD_lr3.3333333333333335e-05_seed42 score=0.21352599934672253
COMPLETE stage1_ptower_r2_092_P15_C_L6_w0.15_h30_foldD_lr3.3333333333333335e-05_seed42 score=0.1720824239739912
COMPLETE stage1_ptower_r2_092_P15_C_L6_w0.3_h30_foldD_lr3.3333333333333335e-05_seed42 score=0.16660485484968673
COMPLETE stage1_ptower_r2_094_P15_B_L8_w0.0_h30_foldD_lr3.3333333333333335e-05_seed42 score=0.20128980518745304
COMPLETE stage1_ptower_r2_093_P15_B_L8_w0.0_h60_foldD_lr3.3333333333333335e-05_seed42 score=0.20054507303748237
COMPLETE stage1_ptower_r2_095_P15_C_L8_w0.3_h30_foldD_lr3.3333333333333335e-05_seed42 score=0.27708987995932693
COMPLETE stage1_ptower_r2_095_P15_C_L8_w0.15_h30_foldD_lr3.3333333333333335e-05_seed42 score=0.26888275204786877
COMPLETE stage1_ptower_r2_096_P15_A_L8_w0.0_h30_foldE_lr3.3333333333333335e-05_seed42 score=0.3379254853012449
COMPLETE stage1_ptower_r2_096_P15_A_L6_w0.0_h30_foldE_lr3.3333333333333335e-05_seed42 score=0.33866110067139393
COMPLETE stage1_ptower_r2_097_P15_B_L6_w0.0_h60_foldE_lr3.3333333333333335e-05_seed42 score=0.3691955927202038
COMPLETE stage1_ptower_r2_097_P15_B_L6_w0.0_h30_foldE_lr3.3333333333333335e-05_seed42 score=0.3888743104352357
COMPLETE stage1_ptower_r2_098_P15_C_L6_w0.3_h30_foldE_lr3.3333333333333335e-05_seed42 score=0.4151864298215502
COMPLETE stage1_ptower_r2_098_P15_C_L6_w0.15_h30_foldE_lr3.3333333333333335e-05_seed42 score=0.4469813414014659
COMPLETE stage1_ptower_r2_099_P15_B_L8_w0.0_h60_foldE_lr3.3333333333333335e-05_seed42 score=0.3759157976037325
COMPLETE stage1_ptower_r2_099_P15_B_L8_w0.0_h30_foldE_lr3.3333333333333335e-05_seed42 score=0.3911507743567349
COMPLETE stage1_ptower_r2_100_P15_C_L8_w0.15_h30_foldE_lr3.3333333333333335e-05_seed42 score=0.4335121307004615
COMPLETE stage1_ptower_r2_100_P15_C_L8_w0.3_h30_foldE_lr3.3333333333333335e-05_seed42 score=0.44527319598986287
GRID_COMPLETE HEAD runs=140
