/home/ubuntu/slocal2/m2/.venv-relation-detr/lib/python3.11/site-packages/albumentations/core/validation.py:114: UserWarning: ShiftScaleRotate is a special case of Affine transform. Please use Affine transform instead.
  original_init(self, **validated_kwargs)
/home/ubuntu/slocal2/m2/third_party/Relation-DETR/transforms/presets.py:109: UserWarning: Argument(s) 'value' are not valid for transform ShiftScaleRotate
  A.ShiftScaleRotate(
/home/ubuntu/slocal2/m2/third_party/Relation-DETR/transforms/presets.py:140: UserWarning: Argument(s) 'quality_lower, quality_upper' are not valid for transform ImageCompression
  A.ImageCompression(quality_lower=85, quality_upper=95, p=0.2),
/home/ubuntu/slocal2/m2/third_party/Relation-DETR/transforms/presets.py:177: UserWarning: Argument(s) 'value' are not valid for transform ShiftScaleRotate
  A.ShiftScaleRotate(
/home/ubuntu/slocal2/m2/third_party/Relation-DETR/transforms/presets.py:208: UserWarning: Argument(s) 'quality_lower, quality_upper' are not valid for transform ImageCompression
  A.ImageCompression(quality_lower=85, quality_upper=95, p=0.2),
Using /home/ubuntu/.cache/torch_extensions/py311_cu118 as PyTorch extensions root...
/home/ubuntu/slocal2/m2/third_party/Relation-DETR/models/bricks/ms_deform_attn.py:24: UserWarning: Failed to load MultiScaleDeformableAttention C++ extension: Ninja is required to load C++ extensions
  warnings.warn(f"Failed to load MultiScaleDeformableAttention C++ extension: {e}")
/home/ubuntu/slocal2/m2/.venv-relation-detr/lib/python3.11/site-packages/torch/overrides.py:110: UserWarning: 'has_cuda' is deprecated, please use 'torch.backends.cuda.is_built()'
  torch.has_cuda,
/home/ubuntu/slocal2/m2/.venv-relation-detr/lib/python3.11/site-packages/torch/overrides.py:111: UserWarning: 'has_cudnn' is deprecated, please use 'torch.backends.cudnn.is_available()'
  torch.has_cudnn,
/home/ubuntu/slocal2/m2/.venv-relation-detr/lib/python3.11/site-packages/torch/overrides.py:117: UserWarning: 'has_mps' is deprecated, please use 'torch.backends.mps.is_built()'
  torch.has_mps,
/home/ubuntu/slocal2/m2/.venv-relation-detr/lib/python3.11/site-packages/torch/overrides.py:118: UserWarning: 'has_mkldnn' is deprecated, please use 'torch.backends.mkldnn.is_available()'
  torch.has_mkldnn,
The model and loaded state dict do not match exactly
Missing keys: transformer.decoder.layers.0.phase_norm.weight, transformer.decoder.layers.0.phase_norm.bias, transformer.decoder.layers.0.phase_attn.in_proj_weight, transformer.decoder.layers.0.phase_attn.in_proj_bias, transformer.decoder.layers.0.phase_attn.out_proj.weight, transformer.decoder.layers.0.phase_attn.out_proj.bias, transformer.decoder.layers.1.phase_norm.weight, transformer.decoder.layers.1.phase_norm.bias, transformer.decoder.layers.1.phase_attn.in_proj_weight, transformer.decoder.layers.1.phase_attn.in_proj_bias, transformer.decoder.layers.1.phase_attn.out_proj.weight, transformer.decoder.layers.1.phase_attn.out_proj.bias, transformer.decoder.layers.2.phase_norm.weight, transformer.decoder.layers.2.phase_norm.bias, transformer.decoder.layers.2.phase_attn.in_proj_weight, transformer.decoder.layers.2.phase_attn.in_proj_bias, transformer.decoder.layers.2.phase_attn.out_proj.weight, transformer.decoder.layers.2.phase_attn.out_proj.bias, transformer.decoder.layers.3.phase_norm.weight, transformer.decoder.layers.3.phase_norm.bias, transformer.decoder.layers.3.phase_attn.in_proj_weight, transformer.decoder.layers.3.phase_attn.in_proj_bias, transformer.decoder.layers.3.phase_attn.out_proj.weight, transformer.decoder.layers.3.phase_attn.out_proj.bias, transformer.decoder.layers.4.phase_norm.weight, transformer.decoder.layers.4.phase_norm.bias, transformer.decoder.layers.4.phase_attn.in_proj_weight, transformer.decoder.layers.4.phase_attn.in_proj_bias, transformer.decoder.layers.4.phase_attn.out_proj.weight, transformer.decoder.layers.4.phase_attn.out_proj.bias, transformer.decoder.layers.5.phase_norm.weight, transformer.decoder.layers.5.phase_norm.bias, transformer.decoder.layers.5.phase_attn.in_proj_weight, transformer.decoder.layers.5.phase_attn.in_proj_bias, transformer.decoder.layers.5.phase_attn.out_proj.weight, transformer.decoder.layers.5.phase_attn.out_proj.bias, phase_embed.weight, phase_embed.bias

loading annotations into memory...
Done (t=0.36s)
creating index...
index created!
Using [0, 0.5, 0.6299605249474365, 0.7937005259840997, 1.0, 1.259921049894873, 1.5874010519681991, 2.0, inf] as bins for aspect ratio quantization
Count of instances per bin: [9618]
loading annotations into memory...
Done (t=0.02s)
creating index...
index created!
[t1b] warm-start from /home/ubuntu/slocal2/m2/third_party/Relation-DETR/checkpoints/incoming/seed456/best_ap.pth
[t1b] seed=456 inject=ca trainable=film zero_ctx=False det_steps/ep=4809 phase_params=1584640 total_trainable=1584640 miss_ctx(tr/va)=0/0 work=/tmp/t1b_ca_seed456
Accumulating evaluation results...
DONE (t=4.75s).
[t1b] warm-start init mAP=0.7217 (S0-frozen 水準なら warm-start+恒等 OK)
[t1b][ep0 0/4809] L=15.607 1.5it/s eta_ep=55m
[t1b][ep0 200/4809] L=13.076 2.2it/s eta_ep=34m
[t1b][ep0 400/4809] L=17.484 2.3it/s eta_ep=32m
[t1b][ep0 600/4809] L=16.866 2.3it/s eta_ep=30m
[t1b][ep0 800/4809] L=20.310 2.3it/s eta_ep=28m
[t1b][ep0 1000/4809] L=17.746 2.4it/s eta_ep=27m
[t1b][ep0 1200/4809] L=21.650 2.4it/s eta_ep=25m
[t1b][ep0 1400/4809] L=14.807 2.4it/s eta_ep=24m
[t1b][ep0 1600/4809] L=23.392 2.4it/s eta_ep=22m
[t1b][ep0 1800/4809] L=7.227 2.4it/s eta_ep=21m
[t1b][ep0 2000/4809] L=13.979 2.4it/s eta_ep=20m
[t1b][ep0 2200/4809] L=16.303 2.4it/s eta_ep=18m
[t1b][ep0 2400/4809] L=17.277 2.4it/s eta_ep=17m
[t1b][ep0 2600/4809] L=33.578 2.4it/s eta_ep=15m
[t1b][ep0 2800/4809] L=7.697 2.4it/s eta_ep=14m
[t1b][ep0 3000/4809] L=11.319 2.4it/s eta_ep=13m
[t1b][ep0 3200/4809] L=14.384 2.4it/s eta_ep=11m
[t1b][ep0 3400/4809] L=13.409 2.4it/s eta_ep=10m
[t1b][ep0 3600/4809] L=9.707 2.4it/s eta_ep=8m
[t1b][ep0 3800/4809] L=13.731 2.4it/s eta_ep=7m
[t1b][ep0 4000/4809] L=19.961 2.4it/s eta_ep=6m
[t1b][ep0 4200/4809] L=9.594 2.4it/s eta_ep=4m
[t1b][ep0 4400/4809] L=12.385 2.4it/s eta_ep=3m
[t1b][ep0 4600/4809] L=14.971 2.4it/s eta_ep=1m
[t1b][ep0 4800/4809] L=14.869 2.4it/s eta_ep=0m
Accumulating evaluation results...
DONE (t=4.42s).
[t1b][ep0] val mAP=0.7214
[t1b][ep1 0/4809] L=13.186 2.3it/s eta_ep=35m
[t1b][ep1 200/4809] L=9.188 2.4it/s eta_ep=32m
[t1b][ep1 400/4809] L=13.866 2.4it/s eta_ep=31m
[t1b][ep1 600/4809] L=15.322 2.4it/s eta_ep=29m
[t1b][ep1 800/4809] L=20.442 2.4it/s eta_ep=28m
[t1b][ep1 1000/4809] L=12.029 2.4it/s eta_ep=27m
[t1b][ep1 1200/4809] L=19.361 2.4it/s eta_ep=25m
[t1b][ep1 1400/4809] L=15.664 2.4it/s eta_ep=24m
[t1b][ep1 1600/4809] L=14.403 2.4it/s eta_ep=22m
[t1b][ep1 1800/4809] L=16.800 2.4it/s eta_ep=21m
[t1b][ep1 2000/4809] L=9.274 2.4it/s eta_ep=20m
[t1b][ep1 2200/4809] L=16.926 2.4it/s eta_ep=18m
[t1b][ep1 2400/4809] L=17.252 2.4it/s eta_ep=17m
[t1b][ep1 2600/4809] L=13.111 2.4it/s eta_ep=15m
[t1b][ep1 2800/4809] L=8.982 2.4it/s eta_ep=14m
[t1b][ep1 3000/4809] L=9.407 2.4it/s eta_ep=13m
[t1b][ep1 3200/4809] L=15.276 2.4it/s eta_ep=11m
[t1b][ep1 3400/4809] L=21.756 2.4it/s eta_ep=10m
[t1b][ep1 3600/4809] L=13.008 2.4it/s eta_ep=8m
[t1b][ep1 3800/4809] L=15.964 2.4it/s eta_ep=7m
[t1b][ep1 4000/4809] L=15.985 2.4it/s eta_ep=6m
[t1b][ep1 4200/4809] L=12.853 2.4it/s eta_ep=4m
[t1b][ep1 4400/4809] L=16.873 2.4it/s eta_ep=3m
[t1b][ep1 4600/4809] L=18.908 2.4it/s eta_ep=1m
[t1b][ep1 4800/4809] L=12.526 2.4it/s eta_ep=0m
Accumulating evaluation results...
DONE (t=5.03s).
[t1b][ep1] val mAP=0.7221
[t1b][ep2 0/4809] L=19.194 1.9it/s eta_ep=43m
[t1b][ep2 200/4809] L=11.676 2.4it/s eta_ep=32m
[t1b][ep2 400/4809] L=19.757 2.4it/s eta_ep=31m
[t1b][ep2 600/4809] L=15.078 2.4it/s eta_ep=30m
[t1b][ep2 800/4809] L=14.891 2.4it/s eta_ep=28m
[t1b][ep2 1000/4809] L=12.899 2.4it/s eta_ep=27m
[t1b][ep2 1200/4809] L=13.938 2.4it/s eta_ep=25m
[t1b][ep2 1400/4809] L=14.333 2.4it/s eta_ep=24m
[t1b][ep2 1600/4809] L=10.150 2.4it/s eta_ep=23m
[t1b][ep2 1800/4809] L=10.108 2.4it/s eta_ep=21m
[t1b][ep2 2000/4809] L=19.592 2.4it/s eta_ep=20m
[t1b][ep2 2200/4809] L=12.341 2.4it/s eta_ep=18m
[t1b][ep2 2400/4809] L=16.899 2.4it/s eta_ep=17m
[t1b][ep2 2600/4809] L=15.417 2.4it/s eta_ep=16m
[t1b][ep2 2800/4809] L=19.078 2.4it/s eta_ep=14m
[t1b][ep2 3000/4809] L=13.747 2.4it/s eta_ep=13m
[t1b][ep2 3200/4809] L=14.368 2.4it/s eta_ep=11m
[t1b][ep2 3400/4809] L=24.164 2.4it/s eta_ep=10m
[t1b][ep2 3600/4809] L=17.156 2.4it/s eta_ep=9m
[t1b][ep2 3800/4809] L=58.493 2.4it/s eta_ep=7m
[t1b][ep2 4000/4809] L=16.819 2.4it/s eta_ep=6m
[t1b][ep2 4200/4809] L=19.114 2.4it/s eta_ep=4m
[t1b][ep2 4400/4809] L=7.296 2.4it/s eta_ep=3m
[t1b][ep2 4600/4809] L=11.037 2.4it/s eta_ep=1m
[t1b][ep2 4800/4809] L=20.861 2.4it/s eta_ep=0m
Accumulating evaluation results...
DONE (t=4.51s).
[t1b][ep2] val mAP=0.7221
[t1b][ep3 0/4809] L=16.877 2.1it/s eta_ep=38m
[t1b][ep3 200/4809] L=8.921 2.3it/s eta_ep=33m
[t1b][ep3 400/4809] L=15.538 2.3it/s eta_ep=31m
[t1b][ep3 600/4809] L=21.307 2.3it/s eta_ep=30m
[t1b][ep3 800/4809] L=19.141 2.3it/s eta_ep=29m
[t1b][ep3 1000/4809] L=14.384 2.3it/s eta_ep=27m
[t1b][ep3 1200/4809] L=9.177 2.3it/s eta_ep=26m
[t1b][ep3 1400/4809] L=15.449 2.3it/s eta_ep=24m
[t1b][ep3 1600/4809] L=20.140 2.3it/s eta_ep=23m
[t1b][ep3 1800/4809] L=14.739 2.3it/s eta_ep=21m
[t1b][ep3 2000/4809] L=9.030 2.3it/s eta_ep=20m
[t1b][ep3 2200/4809] L=16.051 2.3it/s eta_ep=19m
[t1b][ep3 2400/4809] L=14.834 2.3it/s eta_ep=17m
[t1b][ep3 2600/4809] L=19.935 2.3it/s eta_ep=16m
[t1b][ep3 2800/4809] L=16.629 2.3it/s eta_ep=14m
[t1b][ep3 3000/4809] L=9.913 2.3it/s eta_ep=13m
[t1b][ep3 3200/4809] L=14.764 2.3it/s eta_ep=11m
[t1b][ep3 3400/4809] L=18.413 2.3it/s eta_ep=10m
[t1b][ep3 3600/4809] L=27.642 2.3it/s eta_ep=9m
[t1b][ep3 3800/4809] L=9.717 2.3it/s eta_ep=7m
[t1b][ep3 4000/4809] L=19.646 2.3it/s eta_ep=6m
[t1b][ep3 4200/4809] L=9.385 2.3it/s eta_ep=4m
[t1b][ep3 4400/4809] L=20.417 2.3it/s eta_ep=3m
[t1b][ep3 4600/4809] L=23.080 2.3it/s eta_ep=1m
[t1b][ep3 4800/4809] L=14.816 2.3it/s eta_ep=0m
Accumulating evaluation results...
DONE (t=4.39s).
[t1b][ep3] val mAP=0.7232
[t1b][ep4 0/4809] L=16.492 1.9it/s eta_ep=42m
[t1b][ep4 200/4809] L=9.197 2.3it/s eta_ep=33m
[t1b][ep4 400/4809] L=11.736 2.3it/s eta_ep=31m
[t1b][ep4 600/4809] L=18.291 2.3it/s eta_ep=30m
[t1b][ep4 800/4809] L=21.595 2.3it/s eta_ep=29m
[t1b][ep4 1000/4809] L=17.494 2.3it/s eta_ep=27m
[t1b][ep4 1200/4809] L=21.974 2.3it/s eta_ep=26m
[t1b][ep4 1400/4809] L=18.399 2.3it/s eta_ep=25m
[t1b][ep4 1600/4809] L=12.796 2.3it/s eta_ep=23m
[t1b][ep4 1800/4809] L=12.617 2.3it/s eta_ep=22m
[t1b][ep4 2000/4809] L=12.560 2.3it/s eta_ep=20m
[t1b][ep4 2200/4809] L=13.942 2.3it/s eta_ep=19m
[t1b][ep4 2400/4809] L=11.758 2.3it/s eta_ep=17m
[t1b][ep4 2600/4809] L=14.859 2.3it/s eta_ep=16m
[t1b][ep4 2800/4809] L=5.118 2.3it/s eta_ep=15m
[t1b][ep4 3000/4809] L=12.256 2.3it/s eta_ep=13m
[t1b][ep4 3200/4809] L=25.839 2.3it/s eta_ep=12m
[t1b][ep4 3400/4809] L=6.912 2.3it/s eta_ep=10m
[t1b][ep4 3600/4809] L=18.594 2.3it/s eta_ep=9m
[t1b][ep4 3800/4809] L=17.302 2.3it/s eta_ep=7m
[t1b][ep4 4000/4809] L=10.873 2.3it/s eta_ep=6m
[t1b][ep4 4200/4809] L=14.505 2.3it/s eta_ep=4m
[t1b][ep4 4400/4809] L=12.506 2.3it/s eta_ep=3m
[t1b][ep4 4600/4809] L=21.965 2.3it/s eta_ep=2m
[t1b][ep4 4800/4809] L=16.396 2.3it/s eta_ep=0m
Accumulating evaluation results...
DONE (t=4.33s).
[t1b][ep4] val mAP=0.7226
[t1b][ep5 0/4809] L=15.919 1.8it/s eta_ep=46m
[t1b][ep5 200/4809] L=12.647 2.3it/s eta_ep=34m
[t1b][ep5 400/4809] L=20.897 2.3it/s eta_ep=32m
[t1b][ep5 600/4809] L=17.759 2.3it/s eta_ep=31m
[t1b][ep5 800/4809] L=17.947 2.3it/s eta_ep=29m
[t1b][ep5 1000/4809] L=12.977 2.3it/s eta_ep=28m
[t1b][ep5 1200/4809] L=17.479 2.3it/s eta_ep=26m
[t1b][ep5 1400/4809] L=19.304 2.3it/s eta_ep=25m
[t1b][ep5 1600/4809] L=26.193 2.3it/s eta_ep=24m
[t1b][ep5 1800/4809] L=10.580 2.3it/s eta_ep=22m
[t1b][ep5 2000/4809] L=9.039 2.3it/s eta_ep=21m
[t1b][ep5 2200/4809] L=13.116 2.3it/s eta_ep=19m
[t1b][ep5 2400/4809] L=12.918 2.3it/s eta_ep=18m
[t1b][ep5 2600/4809] L=28.408 2.3it/s eta_ep=16m
[t1b][ep5 2800/4809] L=18.647 2.3it/s eta_ep=15m
[t1b][ep5 3000/4809] L=23.709 2.3it/s eta_ep=13m
[t1b][ep5 3200/4809] L=16.255 2.3it/s eta_ep=12m
[t1b][ep5 3400/4809] L=15.931 2.3it/s eta_ep=10m
[t1b][ep5 3600/4809] L=13.272 2.3it/s eta_ep=9m
[t1b][ep5 3800/4809] L=16.414 2.3it/s eta_ep=7m
[t1b][ep5 4000/4809] L=17.833 2.3it/s eta_ep=6m
[t1b][ep5 4200/4809] L=16.353 2.3it/s eta_ep=5m
[t1b][ep5 4400/4809] L=13.553 2.3it/s eta_ep=3m
[t1b][ep5 4600/4809] L=15.630 2.3it/s eta_ep=2m
[t1b][ep5 4800/4809] L=14.574 2.2it/s eta_ep=0m
Accumulating evaluation results...
DONE (t=4.32s).
[t1b][ep5] val mAP=0.7223
[t1b] DONE best@ep3 mAP=0.7232 (init 0.7217) -> /tmp/t1b_ca_seed456
