/home/ubuntu/slocal/m2/.venv-relation-detr/lib/python3.11/site-packages/albumentations/core/validation.py:114: UserWarning: ShiftScaleRotate is a special case of Affine transform. Please use Affine transform instead.
  original_init(self, **validated_kwargs)
/home/ubuntu/slocal/m2/third_party/Relation-DETR/transforms/presets.py:109: UserWarning: Argument(s) 'value' are not valid for transform ShiftScaleRotate
  A.ShiftScaleRotate(
/home/ubuntu/slocal/m2/third_party/Relation-DETR/transforms/presets.py:140: UserWarning: Argument(s) 'quality_lower, quality_upper' are not valid for transform ImageCompression
  A.ImageCompression(quality_lower=85, quality_upper=95, p=0.2),
/home/ubuntu/slocal/m2/third_party/Relation-DETR/transforms/presets.py:195: UserWarning: Argument(s) 'value' are not valid for transform ShiftScaleRotate
  A.ShiftScaleRotate(
/home/ubuntu/slocal/m2/third_party/Relation-DETR/transforms/presets.py:226: UserWarning: Argument(s) 'quality_lower, quality_upper' are not valid for transform ImageCompression
  A.ImageCompression(quality_lower=85, quality_upper=95, p=0.2),
Using /home/ubuntu/.cache/torch_extensions/py311_cu118 as PyTorch extensions root...
Detected CUDA files, patching ldflags
Emitting ninja build file /home/ubuntu/.cache/torch_extensions/py311_cu118/MultiScaleDeformableAttention/build.ninja...
Building extension module MultiScaleDeformableAttention...
Allowing ninja to set a default number of workers... (overridable by setting the environment variable MAX_JOBS=N)
loading annotations into memory...
Done (t=0.33s)
creating index...
index created!
Using [0, 0.5, 0.6299605249474365, 0.7937005259840997, 1.0, 1.259921049894873, 1.5874010519681991, 2.0, inf] as bins for aspect ratio quantization
Count of instances per bin: [9618]
loading annotations into memory...
Done (t=0.02s)
creating index...
index created!
ninja: no work to do.
Loading extension module MultiScaleDeformableAttention...
/home/ubuntu/slocal/m2/.venv-relation-detr/lib/python3.11/site-packages/torch/overrides.py:110: UserWarning: 'has_cuda' is deprecated, please use 'torch.backends.cuda.is_built()'
  torch.has_cuda,
/home/ubuntu/slocal/m2/.venv-relation-detr/lib/python3.11/site-packages/torch/overrides.py:111: UserWarning: 'has_cudnn' is deprecated, please use 'torch.backends.cudnn.is_available()'
  torch.has_cudnn,
/home/ubuntu/slocal/m2/.venv-relation-detr/lib/python3.11/site-packages/torch/overrides.py:117: UserWarning: 'has_mps' is deprecated, please use 'torch.backends.mps.is_built()'
  torch.has_mps,
/home/ubuntu/slocal/m2/.venv-relation-detr/lib/python3.11/site-packages/torch/overrides.py:118: UserWarning: 'has_mkldnn' is deprecated, please use 'torch.backends.mkldnn.is_available()'
  torch.has_mkldnn,
The model and loaded state dict do not match exactly
Missing keys: transformer.decoder.layers.0.phase_norm.weight, transformer.decoder.layers.0.phase_norm.bias, transformer.decoder.layers.0.phase_attn.in_proj_weight, transformer.decoder.layers.0.phase_attn.in_proj_bias, transformer.decoder.layers.0.phase_attn.out_proj.weight, transformer.decoder.layers.0.phase_attn.out_proj.bias, transformer.decoder.layers.1.phase_norm.weight, transformer.decoder.layers.1.phase_norm.bias, transformer.decoder.layers.1.phase_attn.in_proj_weight, transformer.decoder.layers.1.phase_attn.in_proj_bias, transformer.decoder.layers.1.phase_attn.out_proj.weight, transformer.decoder.layers.1.phase_attn.out_proj.bias, transformer.decoder.layers.2.phase_norm.weight, transformer.decoder.layers.2.phase_norm.bias, transformer.decoder.layers.2.phase_attn.in_proj_weight, transformer.decoder.layers.2.phase_attn.in_proj_bias, transformer.decoder.layers.2.phase_attn.out_proj.weight, transformer.decoder.layers.2.phase_attn.out_proj.bias, transformer.decoder.layers.3.phase_norm.weight, transformer.decoder.layers.3.phase_norm.bias, transformer.decoder.layers.3.phase_attn.in_proj_weight, transformer.decoder.layers.3.phase_attn.in_proj_bias, transformer.decoder.layers.3.phase_attn.out_proj.weight, transformer.decoder.layers.3.phase_attn.out_proj.bias, transformer.decoder.layers.4.phase_norm.weight, transformer.decoder.layers.4.phase_norm.bias, transformer.decoder.layers.4.phase_attn.in_proj_weight, transformer.decoder.layers.4.phase_attn.in_proj_bias, transformer.decoder.layers.4.phase_attn.out_proj.weight, transformer.decoder.layers.4.phase_attn.out_proj.bias, transformer.decoder.layers.5.phase_norm.weight, transformer.decoder.layers.5.phase_norm.bias, transformer.decoder.layers.5.phase_attn.in_proj_weight, transformer.decoder.layers.5.phase_attn.in_proj_bias, transformer.decoder.layers.5.phase_attn.out_proj.weight, transformer.decoder.layers.5.phase_attn.out_proj.bias, phase_proto.weight

[t1b] warm-start from /home/ubuntu/slocal/m2/third_party/Relation-DETR/checkpoints/incoming/seed123/best_ap.pth
[t1b] seed=123 inject=camt trainable=all zero_ctx=True det_steps/ep=4809 phase_params=1584384 total_trainable=26823072 miss_ctx(tr/va)=0/0 work=/tmp/t1b_camt_all_zeroctx_seed123
Accumulating evaluation results...
DONE (t=4.50s).
[t1b] warm-start init mAP=0.7292 (S0-frozen 水準なら warm-start+恒等 OK)
[t1b][ep0 0/4809] L=20.517 1.2it/s eta_ep=67m
[t1b][ep0 200/4809] L=10.575 1.7it/s eta_ep=46m
[t1b][ep0 400/4809] L=14.198 1.7it/s eta_ep=43m
[t1b][ep0 600/4809] L=16.194 1.7it/s eta_ep=41m
[t1b][ep0 800/4809] L=9.721 1.7it/s eta_ep=39m
[t1b][ep0 1000/4809] L=16.056 1.7it/s eta_ep=37m
[t1b][ep0 1200/4809] L=12.449 1.7it/s eta_ep=35m
[t1b][ep0 1400/4809] L=20.156 1.7it/s eta_ep=33m
[t1b][ep0 1600/4809] L=13.006 1.7it/s eta_ep=31m
[t1b][ep0 1800/4809] L=16.279 1.7it/s eta_ep=29m
[t1b][ep0 2000/4809] L=14.008 1.7it/s eta_ep=27m
[t1b][ep0 2200/4809] L=19.451 1.7it/s eta_ep=25m
[t1b][ep0 2400/4809] L=14.362 1.7it/s eta_ep=23m
[t1b][ep0 2600/4809] L=20.243 1.7it/s eta_ep=21m
[t1b][ep0 2800/4809] L=18.825 1.8it/s eta_ep=19m
[t1b][ep0 3000/4809] L=24.592 1.8it/s eta_ep=17m
[t1b][ep0 3200/4809] L=15.120 1.8it/s eta_ep=15m
[t1b][ep0 3400/4809] L=12.029 1.8it/s eta_ep=13m
[t1b][ep0 3600/4809] L=12.600 1.7it/s eta_ep=12m
[t1b][ep0 3800/4809] L=20.854 1.7it/s eta_ep=10m
[t1b][ep0 4000/4809] L=19.360 1.7it/s eta_ep=8m
[t1b][ep0 4200/4809] L=14.877 1.8it/s eta_ep=6m
[t1b][ep0 4400/4809] L=16.819 1.8it/s eta_ep=4m
[t1b][ep0 4600/4809] L=8.656 1.8it/s eta_ep=2m
[t1b][ep0 4800/4809] L=12.224 1.8it/s eta_ep=0m
Accumulating evaluation results...
DONE (t=4.37s).
[t1b][ep0] val mAP=0.7082
[t1b][ep1 0/4809] L=10.181 1.6it/s eta_ep=51m
[t1b][ep1 200/4809] L=25.532 1.7it/s eta_ep=44m
[t1b][ep1 400/4809] L=20.690 1.7it/s eta_ep=42m
[t1b][ep1 600/4809] L=16.374 1.7it/s eta_ep=40m
[t1b][ep1 800/4809] L=21.971 1.7it/s eta_ep=38m
[t1b][ep1 1000/4809] L=22.814 1.7it/s eta_ep=36m
[t1b][ep1 1200/4809] L=22.446 1.7it/s eta_ep=35m
[t1b][ep1 1400/4809] L=14.149 1.7it/s eta_ep=33m
[t1b][ep1 1600/4809] L=13.628 1.7it/s eta_ep=31m
[t1b][ep1 1800/4809] L=7.894 1.7it/s eta_ep=29m
[t1b][ep1 2000/4809] L=10.669 1.7it/s eta_ep=27m
[t1b][ep1 2200/4809] L=12.509 1.7it/s eta_ep=25m
[t1b][ep1 2400/4809] L=24.699 1.7it/s eta_ep=23m
[t1b][ep1 2600/4809] L=17.011 1.7it/s eta_ep=21m
[t1b][ep1 2800/4809] L=13.752 1.7it/s eta_ep=19m
[t1b][ep1 3000/4809] L=35.464 1.7it/s eta_ep=17m
[t1b][ep1 3200/4809] L=17.356 1.7it/s eta_ep=15m
[t1b][ep1 3400/4809] L=18.752 1.7it/s eta_ep=13m
[t1b][ep1 3600/4809] L=14.747 1.7it/s eta_ep=12m
[t1b][ep1 3800/4809] L=13.654 1.7it/s eta_ep=10m
[t1b][ep1 4000/4809] L=34.336 1.7it/s eta_ep=8m
[t1b][ep1 4200/4809] L=14.122 1.7it/s eta_ep=6m
[t1b][ep1 4400/4809] L=18.352 1.7it/s eta_ep=4m
[t1b][ep1 4600/4809] L=19.291 1.7it/s eta_ep=2m
[t1b][ep1 4800/4809] L=12.869 1.7it/s eta_ep=0m
Accumulating evaluation results...
DONE (t=4.13s).
[t1b][ep1] val mAP=0.7082
[t1b][ep2 0/4809] L=17.678 1.8it/s eta_ep=44m
[t1b][ep2 200/4809] L=12.494 1.7it/s eta_ep=45m
[t1b][ep2 400/4809] L=18.856 1.7it/s eta_ep=43m
[t1b][ep2 600/4809] L=16.290 1.7it/s eta_ep=40m
[t1b][ep2 800/4809] L=20.447 1.7it/s eta_ep=39m
[t1b][ep2 1000/4809] L=18.515 1.7it/s eta_ep=37m
[t1b][ep2 1200/4809] L=9.545 1.7it/s eta_ep=35m
[t1b][ep2 1400/4809] L=9.433 1.7it/s eta_ep=33m
[t1b][ep2 1600/4809] L=28.191 1.7it/s eta_ep=31m
[t1b][ep2 1800/4809] L=19.114 1.7it/s eta_ep=29m
[t1b][ep2 2000/4809] L=27.354 1.7it/s eta_ep=27m
[t1b][ep2 2200/4809] L=13.936 1.7it/s eta_ep=25m
[t1b][ep2 2400/4809] L=18.348 1.7it/s eta_ep=23m
[t1b][ep2 2600/4809] L=14.571 1.7it/s eta_ep=21m
[t1b][ep2 2800/4809] L=14.473 1.7it/s eta_ep=19m
[t1b][ep2 3000/4809] L=47.195 1.7it/s eta_ep=17m
[t1b][ep2 3200/4809] L=9.702 1.7it/s eta_ep=16m
[t1b][ep2 3400/4809] L=24.921 1.7it/s eta_ep=14m
[t1b][ep2 3600/4809] L=20.393 1.7it/s eta_ep=12m
[t1b][ep2 3800/4809] L=22.474 1.7it/s eta_ep=10m
[t1b][ep2 4000/4809] L=10.642 1.7it/s eta_ep=8m
[t1b][ep2 4200/4809] L=13.770 1.7it/s eta_ep=6m
[t1b][ep2 4400/4809] L=14.942 1.7it/s eta_ep=4m
[t1b][ep2 4600/4809] L=23.787 1.7it/s eta_ep=2m
[t1b][ep2 4800/4809] L=22.469 1.7it/s eta_ep=0m
Accumulating evaluation results...
DONE (t=4.50s).
[t1b][ep2] val mAP=0.6998
[t1b][ep3 0/4809] L=12.601 1.7it/s eta_ep=46m
[t1b][ep3 200/4809] L=12.332 1.7it/s eta_ep=45m
[t1b][ep3 400/4809] L=9.073 1.7it/s eta_ep=43m
[t1b][ep3 600/4809] L=16.300 1.7it/s eta_ep=41m
[t1b][ep3 800/4809] L=10.882 1.7it/s eta_ep=39m
[t1b][ep3 1000/4809] L=11.711 1.7it/s eta_ep=37m
[t1b][ep3 1200/4809] L=8.094 1.7it/s eta_ep=35m
[t1b][ep3 1400/4809] L=12.281 1.7it/s eta_ep=33m
[t1b][ep3 1600/4809] L=14.219 1.7it/s eta_ep=31m
[t1b][ep3 1800/4809] L=36.114 1.7it/s eta_ep=30m
[t1b][ep3 2000/4809] L=16.225 1.7it/s eta_ep=28m
[t1b][ep3 2200/4809] L=16.588 1.7it/s eta_ep=26m
[t1b][ep3 2400/4809] L=12.831 1.7it/s eta_ep=24m
[t1b][ep3 2600/4809] L=14.884 1.7it/s eta_ep=22m
[t1b][ep3 2800/4809] L=9.087 1.7it/s eta_ep=20m
[t1b][ep3 3000/4809] L=16.464 1.7it/s eta_ep=18m
[t1b][ep3 3200/4809] L=13.917 1.7it/s eta_ep=16m
[t1b][ep3 3400/4809] L=13.410 1.7it/s eta_ep=14m
[t1b][ep3 3600/4809] L=14.298 1.7it/s eta_ep=12m
[t1b][ep3 3800/4809] L=7.632 1.7it/s eta_ep=10m
[t1b][ep3 4000/4809] L=13.436 1.7it/s eta_ep=8m
[t1b][ep3 4200/4809] L=20.614 1.7it/s eta_ep=6m
[t1b][ep3 4400/4809] L=20.175 1.7it/s eta_ep=4m
[t1b][ep3 4600/4809] L=17.671 1.7it/s eta_ep=2m
[t1b][ep3 4800/4809] L=16.941 1.7it/s eta_ep=0m
Accumulating evaluation results...
DONE (t=4.40s).
[t1b][ep3] val mAP=0.6921
[t1b][ep4 0/4809] L=17.576 1.5it/s eta_ep=55m
[t1b][ep4 200/4809] L=12.933 1.7it/s eta_ep=45m
[t1b][ep4 400/4809] L=7.433 1.7it/s eta_ep=44m
[t1b][ep4 600/4809] L=8.219 1.7it/s eta_ep=42m
[t1b][ep4 800/4809] L=12.322 1.7it/s eta_ep=40m
[t1b][ep4 1000/4809] L=9.813 1.7it/s eta_ep=38m
[t1b][ep4 1200/4809] L=15.533 1.7it/s eta_ep=36m
[t1b][ep4 1400/4809] L=15.189 1.7it/s eta_ep=34m
[t1b][ep4 1600/4809] L=14.838 1.7it/s eta_ep=32m
[t1b][ep4 1800/4809] L=11.874 1.7it/s eta_ep=30m
[t1b][ep4 2000/4809] L=14.382 1.7it/s eta_ep=28m
[t1b][ep4 2200/4809] L=11.618 1.7it/s eta_ep=26m
[t1b][ep4 2400/4809] L=11.987 1.7it/s eta_ep=24m
[t1b][ep4 2600/4809] L=19.520 1.7it/s eta_ep=22m
[t1b][ep4 2800/4809] L=10.989 1.7it/s eta_ep=20m
[t1b][ep4 3000/4809] L=11.146 1.7it/s eta_ep=18m
[t1b][ep4 3200/4809] L=15.745 1.7it/s eta_ep=16m
[t1b][ep4 3400/4809] L=18.938 1.7it/s eta_ep=14m
[t1b][ep4 3600/4809] L=36.795 1.7it/s eta_ep=12m
[t1b][ep4 3800/4809] L=14.419 1.7it/s eta_ep=10m
[t1b][ep4 4000/4809] L=12.798 1.7it/s eta_ep=8m
[t1b][ep4 4200/4809] L=20.060 1.7it/s eta_ep=6m
[t1b][ep4 4400/4809] L=12.953 1.7it/s eta_ep=4m
[t1b][ep4 4600/4809] L=16.254 1.7it/s eta_ep=2m
[t1b][ep4 4800/4809] L=16.897 1.7it/s eta_ep=0m
Accumulating evaluation results...
DONE (t=4.22s).
[t1b][ep4] val mAP=0.7081
[t1b][ep5 0/4809] L=15.156 1.5it/s eta_ep=52m
[t1b][ep5 200/4809] L=16.846 1.6it/s eta_ep=47m
[t1b][ep5 400/4809] L=20.785 1.7it/s eta_ep=44m
[t1b][ep5 600/4809] L=11.939 1.7it/s eta_ep=42m
[t1b][ep5 800/4809] L=17.635 1.7it/s eta_ep=40m
[t1b][ep5 1000/4809] L=19.707 1.7it/s eta_ep=38m
[t1b][ep5 1200/4809] L=29.841 1.7it/s eta_ep=36m
[t1b][ep5 1400/4809] L=16.229 1.7it/s eta_ep=34m
[t1b][ep5 1600/4809] L=11.432 1.7it/s eta_ep=32m
[t1b][ep5 1800/4809] L=16.800 1.7it/s eta_ep=30m
[t1b][ep5 2000/4809] L=13.247 1.7it/s eta_ep=28m
[t1b][ep5 2200/4809] L=17.062 1.7it/s eta_ep=26m
[t1b][ep5 2400/4809] L=16.799 1.7it/s eta_ep=24m
[t1b][ep5 2600/4809] L=14.796 1.7it/s eta_ep=22m
[t1b][ep5 2800/4809] L=13.827 1.7it/s eta_ep=20m
[t1b][ep5 3000/4809] L=7.728 1.7it/s eta_ep=18m
[t1b][ep5 3200/4809] L=26.908 1.7it/s eta_ep=16m
[t1b][ep5 3400/4809] L=11.555 1.7it/s eta_ep=14m
[t1b][ep5 3600/4809] L=16.941 1.7it/s eta_ep=12m
[t1b][ep5 3800/4809] L=22.408 1.7it/s eta_ep=10m
[t1b][ep5 4000/4809] L=9.997 1.7it/s eta_ep=8m
[t1b][ep5 4200/4809] L=20.167 1.7it/s eta_ep=6m
[t1b][ep5 4400/4809] L=8.666 1.7it/s eta_ep=4m
[t1b][ep5 4600/4809] L=13.737 1.7it/s eta_ep=2m
[t1b][ep5 4800/4809] L=17.489 1.7it/s eta_ep=0m
Accumulating evaluation results...
DONE (t=4.13s).
[t1b][ep5] val mAP=0.7116
[t1b] DONE best@ep-1 mAP=0.7292 (init 0.7292) -> /tmp/t1b_camt_all_zeroctx_seed123
