/home/ubuntu/slocal/m2/.venv-relation-detr/lib/python3.11/site-packages/albumentations/core/validation.py:114: UserWarning: ShiftScaleRotate is a special case of Affine transform. Please use Affine transform instead.
  original_init(self, **validated_kwargs)
/home/ubuntu/slocal/m2/third_party/Relation-DETR/transforms/presets.py:109: UserWarning: Argument(s) 'value' are not valid for transform ShiftScaleRotate
  A.ShiftScaleRotate(
/home/ubuntu/slocal/m2/third_party/Relation-DETR/transforms/presets.py:140: UserWarning: Argument(s) 'quality_lower, quality_upper' are not valid for transform ImageCompression
  A.ImageCompression(quality_lower=85, quality_upper=95, p=0.2),
/home/ubuntu/slocal/m2/third_party/Relation-DETR/transforms/presets.py:195: UserWarning: Argument(s) 'value' are not valid for transform ShiftScaleRotate
  A.ShiftScaleRotate(
/home/ubuntu/slocal/m2/third_party/Relation-DETR/transforms/presets.py:226: UserWarning: Argument(s) 'quality_lower, quality_upper' are not valid for transform ImageCompression
  A.ImageCompression(quality_lower=85, quality_upper=95, p=0.2),
Using /home/ubuntu/.cache/torch_extensions/py311_cu118 as PyTorch extensions root...
Detected CUDA files, patching ldflags
Emitting ninja build file /home/ubuntu/.cache/torch_extensions/py311_cu118/MultiScaleDeformableAttention/build.ninja...
Building extension module MultiScaleDeformableAttention...
Allowing ninja to set a default number of workers... (overridable by setting the environment variable MAX_JOBS=N)
loading annotations into memory...
Done (t=0.34s)
creating index...
index created!
Using [0, 0.5, 0.6299605249474365, 0.7937005259840997, 1.0, 1.259921049894873, 1.5874010519681991, 2.0, inf] as bins for aspect ratio quantization
Count of instances per bin: [9618]
loading annotations into memory...
Done (t=0.02s)
creating index...
index created!
ninja: no work to do.
Loading extension module MultiScaleDeformableAttention...
/home/ubuntu/slocal/m2/.venv-relation-detr/lib/python3.11/site-packages/torch/overrides.py:110: UserWarning: 'has_cuda' is deprecated, please use 'torch.backends.cuda.is_built()'
  torch.has_cuda,
/home/ubuntu/slocal/m2/.venv-relation-detr/lib/python3.11/site-packages/torch/overrides.py:111: UserWarning: 'has_cudnn' is deprecated, please use 'torch.backends.cudnn.is_available()'
  torch.has_cudnn,
/home/ubuntu/slocal/m2/.venv-relation-detr/lib/python3.11/site-packages/torch/overrides.py:117: UserWarning: 'has_mps' is deprecated, please use 'torch.backends.mps.is_built()'
  torch.has_mps,
/home/ubuntu/slocal/m2/.venv-relation-detr/lib/python3.11/site-packages/torch/overrides.py:118: UserWarning: 'has_mkldnn' is deprecated, please use 'torch.backends.mkldnn.is_available()'
  torch.has_mkldnn,
The model and loaded state dict do not match exactly
Missing keys: transformer.decoder.layers.0.phase_norm.weight, transformer.decoder.layers.0.phase_norm.bias, transformer.decoder.layers.0.phase_attn.in_proj_weight, transformer.decoder.layers.0.phase_attn.in_proj_bias, transformer.decoder.layers.0.phase_attn.out_proj.weight, transformer.decoder.layers.0.phase_attn.out_proj.bias, transformer.decoder.layers.1.phase_norm.weight, transformer.decoder.layers.1.phase_norm.bias, transformer.decoder.layers.1.phase_attn.in_proj_weight, transformer.decoder.layers.1.phase_attn.in_proj_bias, transformer.decoder.layers.1.phase_attn.out_proj.weight, transformer.decoder.layers.1.phase_attn.out_proj.bias, transformer.decoder.layers.2.phase_norm.weight, transformer.decoder.layers.2.phase_norm.bias, transformer.decoder.layers.2.phase_attn.in_proj_weight, transformer.decoder.layers.2.phase_attn.in_proj_bias, transformer.decoder.layers.2.phase_attn.out_proj.weight, transformer.decoder.layers.2.phase_attn.out_proj.bias, transformer.decoder.layers.3.phase_norm.weight, transformer.decoder.layers.3.phase_norm.bias, transformer.decoder.layers.3.phase_attn.in_proj_weight, transformer.decoder.layers.3.phase_attn.in_proj_bias, transformer.decoder.layers.3.phase_attn.out_proj.weight, transformer.decoder.layers.3.phase_attn.out_proj.bias, transformer.decoder.layers.4.phase_norm.weight, transformer.decoder.layers.4.phase_norm.bias, transformer.decoder.layers.4.phase_attn.in_proj_weight, transformer.decoder.layers.4.phase_attn.in_proj_bias, transformer.decoder.layers.4.phase_attn.out_proj.weight, transformer.decoder.layers.4.phase_attn.out_proj.bias, transformer.decoder.layers.5.phase_norm.weight, transformer.decoder.layers.5.phase_norm.bias, transformer.decoder.layers.5.phase_attn.in_proj_weight, transformer.decoder.layers.5.phase_attn.in_proj_bias, transformer.decoder.layers.5.phase_attn.out_proj.weight, transformer.decoder.layers.5.phase_attn.out_proj.bias, phase_proto.weight

[t1b] warm-start from /home/ubuntu/slocal/m2/third_party/Relation-DETR/checkpoints/incoming/seed123/best_ap.pth
[t1b] seed=123 inject=camt trainable=all zero_ctx=False det_steps/ep=4809 phase_params=1584384 total_trainable=26823072 miss_ctx(tr/va)=0/0 work=/tmp/t1b_camt_all_seed123
Accumulating evaluation results...
DONE (t=4.43s).
[t1b] warm-start init mAP=0.7292 (S0-frozen 水準なら warm-start+恒等 OK)
[t1b][ep0 0/4809] L=20.517 1.3it/s eta_ep=62m
[t1b][ep0 200/4809] L=10.484 1.7it/s eta_ep=46m
[t1b][ep0 400/4809] L=14.477 1.7it/s eta_ep=43m
[t1b][ep0 600/4809] L=14.967 1.7it/s eta_ep=41m
[t1b][ep0 800/4809] L=10.351 1.7it/s eta_ep=39m
[t1b][ep0 1000/4809] L=16.658 1.7it/s eta_ep=37m
[t1b][ep0 1200/4809] L=12.044 1.7it/s eta_ep=35m
[t1b][ep0 1400/4809] L=20.787 1.7it/s eta_ep=33m
[t1b][ep0 1600/4809] L=13.269 1.7it/s eta_ep=31m
[t1b][ep0 1800/4809] L=16.100 1.7it/s eta_ep=29m
[t1b][ep0 2000/4809] L=15.313 1.7it/s eta_ep=27m
[t1b][ep0 2200/4809] L=17.728 1.8it/s eta_ep=25m
[t1b][ep0 2400/4809] L=16.278 1.8it/s eta_ep=23m
[t1b][ep0 2600/4809] L=18.485 1.8it/s eta_ep=21m
[t1b][ep0 2800/4809] L=19.193 1.8it/s eta_ep=19m
[t1b][ep0 3000/4809] L=22.154 1.8it/s eta_ep=17m
[t1b][ep0 3200/4809] L=14.146 1.8it/s eta_ep=15m
[t1b][ep0 3400/4809] L=11.298 1.8it/s eta_ep=13m
[t1b][ep0 3600/4809] L=12.566 1.8it/s eta_ep=12m
[t1b][ep0 3800/4809] L=21.025 1.8it/s eta_ep=10m
[t1b][ep0 4000/4809] L=24.889 1.8it/s eta_ep=8m
[t1b][ep0 4200/4809] L=13.444 1.8it/s eta_ep=6m
[t1b][ep0 4400/4809] L=16.651 1.8it/s eta_ep=4m
[t1b][ep0 4600/4809] L=8.487 1.8it/s eta_ep=2m
[t1b][ep0 4800/4809] L=12.833 1.8it/s eta_ep=0m
Accumulating evaluation results...
DONE (t=3.98s).
[t1b][ep0] val mAP=0.6972
[t1b][ep1 0/4809] L=10.295 1.6it/s eta_ep=50m
[t1b][ep1 200/4809] L=26.402 1.8it/s eta_ep=44m
[t1b][ep1 400/4809] L=19.723 1.7it/s eta_ep=42m
[t1b][ep1 600/4809] L=16.355 1.7it/s eta_ep=40m
[t1b][ep1 800/4809] L=23.786 1.7it/s eta_ep=38m
[t1b][ep1 1000/4809] L=21.155 1.7it/s eta_ep=36m
[t1b][ep1 1200/4809] L=21.992 1.7it/s eta_ep=34m
[t1b][ep1 1400/4809] L=14.207 1.7it/s eta_ep=33m
[t1b][ep1 1600/4809] L=14.079 1.7it/s eta_ep=31m
[t1b][ep1 1800/4809] L=8.520 1.7it/s eta_ep=29m
[t1b][ep1 2000/4809] L=11.494 1.7it/s eta_ep=27m
[t1b][ep1 2200/4809] L=12.902 1.7it/s eta_ep=25m
[t1b][ep1 2400/4809] L=25.570 1.7it/s eta_ep=23m
[t1b][ep1 2600/4809] L=18.357 1.7it/s eta_ep=21m
[t1b][ep1 2800/4809] L=14.518 1.7it/s eta_ep=19m
[t1b][ep1 3000/4809] L=34.220 1.7it/s eta_ep=17m
[t1b][ep1 3200/4809] L=15.838 1.7it/s eta_ep=15m
[t1b][ep1 3400/4809] L=17.062 1.7it/s eta_ep=13m
[t1b][ep1 3600/4809] L=13.510 1.7it/s eta_ep=12m
[t1b][ep1 3800/4809] L=13.169 1.7it/s eta_ep=10m
[t1b][ep1 4000/4809] L=35.003 1.7it/s eta_ep=8m
[t1b][ep1 4200/4809] L=13.808 1.7it/s eta_ep=6m
[t1b][ep1 4400/4809] L=19.970 1.7it/s eta_ep=4m
[t1b][ep1 4600/4809] L=18.827 1.7it/s eta_ep=2m
[t1b][ep1 4800/4809] L=14.297 1.7it/s eta_ep=0m
Accumulating evaluation results...
DONE (t=4.41s).
[t1b][ep1] val mAP=0.7027
[t1b][ep2 0/4809] L=18.769 1.7it/s eta_ep=47m
[t1b][ep2 200/4809] L=11.956 1.7it/s eta_ep=45m
[t1b][ep2 400/4809] L=20.871 1.7it/s eta_ep=43m
[t1b][ep2 600/4809] L=13.845 1.7it/s eta_ep=40m
[t1b][ep2 800/4809] L=21.052 1.7it/s eta_ep=39m
[t1b][ep2 1000/4809] L=18.592 1.7it/s eta_ep=37m
[t1b][ep2 1200/4809] L=9.196 1.7it/s eta_ep=35m
[t1b][ep2 1400/4809] L=8.110 1.7it/s eta_ep=33m
[t1b][ep2 1600/4809] L=27.090 1.7it/s eta_ep=31m
[t1b][ep2 1800/4809] L=19.551 1.7it/s eta_ep=29m
[t1b][ep2 2000/4809] L=29.374 1.7it/s eta_ep=27m
[t1b][ep2 2200/4809] L=14.013 1.7it/s eta_ep=25m
[t1b][ep2 2400/4809] L=16.850 1.7it/s eta_ep=23m
[t1b][ep2 2600/4809] L=14.233 1.7it/s eta_ep=21m
[t1b][ep2 2800/4809] L=14.868 1.7it/s eta_ep=19m
[t1b][ep2 3000/4809] L=45.391 1.7it/s eta_ep=18m
[t1b][ep2 3200/4809] L=8.403 1.7it/s eta_ep=16m
[t1b][ep2 3400/4809] L=21.243 1.7it/s eta_ep=14m
[t1b][ep2 3600/4809] L=20.361 1.7it/s eta_ep=12m
[t1b][ep2 3800/4809] L=22.928 1.7it/s eta_ep=10m
[t1b][ep2 4000/4809] L=11.674 1.7it/s eta_ep=8m
[t1b][ep2 4200/4809] L=16.359 1.7it/s eta_ep=6m
[t1b][ep2 4400/4809] L=14.183 1.7it/s eta_ep=4m
[t1b][ep2 4600/4809] L=23.409 1.7it/s eta_ep=2m
[t1b][ep2 4800/4809] L=21.824 1.7it/s eta_ep=0m
Accumulating evaluation results...
DONE (t=4.15s).
[t1b][ep2] val mAP=0.6988
[t1b][ep3 0/4809] L=12.808 1.6it/s eta_ep=51m
[t1b][ep3 200/4809] L=11.036 1.7it/s eta_ep=45m
[t1b][ep3 400/4809] L=9.594 1.7it/s eta_ep=43m
[t1b][ep3 600/4809] L=12.357 1.7it/s eta_ep=41m
[t1b][ep3 800/4809] L=9.348 1.7it/s eta_ep=39m
[t1b][ep3 1000/4809] L=12.464 1.7it/s eta_ep=37m
[t1b][ep3 1200/4809] L=7.991 1.7it/s eta_ep=35m
[t1b][ep3 1400/4809] L=11.725 1.7it/s eta_ep=33m
[t1b][ep3 1600/4809] L=15.334 1.7it/s eta_ep=31m
[t1b][ep3 1800/4809] L=39.577 1.7it/s eta_ep=30m
[t1b][ep3 2000/4809] L=14.256 1.7it/s eta_ep=28m
[t1b][ep3 2200/4809] L=16.494 1.7it/s eta_ep=26m
[t1b][ep3 2400/4809] L=14.854 1.7it/s eta_ep=24m
[t1b][ep3 2600/4809] L=15.171 1.7it/s eta_ep=22m
[t1b][ep3 2800/4809] L=9.819 1.7it/s eta_ep=20m
[t1b][ep3 3000/4809] L=15.900 1.7it/s eta_ep=18m
[t1b][ep3 3200/4809] L=14.955 1.7it/s eta_ep=16m
[t1b][ep3 3400/4809] L=14.507 1.7it/s eta_ep=14m
[t1b][ep3 3600/4809] L=15.051 1.7it/s eta_ep=12m
[t1b][ep3 3800/4809] L=8.250 1.7it/s eta_ep=10m
[t1b][ep3 4000/4809] L=12.444 1.7it/s eta_ep=8m
[t1b][ep3 4200/4809] L=20.865 1.7it/s eta_ep=6m
[t1b][ep3 4400/4809] L=20.814 1.7it/s eta_ep=4m
[t1b][ep3 4600/4809] L=17.574 1.7it/s eta_ep=2m
[t1b][ep3 4800/4809] L=18.142 1.7it/s eta_ep=0m
Accumulating evaluation results...
DONE (t=4.44s).
[t1b][ep3] val mAP=0.6792
[t1b][ep4 0/4809] L=18.876 1.4it/s eta_ep=57m
[t1b][ep4 200/4809] L=11.660 1.7it/s eta_ep=46m
[t1b][ep4 400/4809] L=7.497 1.7it/s eta_ep=44m
[t1b][ep4 600/4809] L=8.757 1.7it/s eta_ep=42m
[t1b][ep4 800/4809] L=13.161 1.7it/s eta_ep=40m
[t1b][ep4 1000/4809] L=9.823 1.7it/s eta_ep=38m
[t1b][ep4 1200/4809] L=16.325 1.7it/s eta_ep=36m
[t1b][ep4 1400/4809] L=15.546 1.7it/s eta_ep=34m
[t1b][ep4 1600/4809] L=13.863 1.7it/s eta_ep=32m
[t1b][ep4 1800/4809] L=13.928 1.7it/s eta_ep=30m
[t1b][ep4 2000/4809] L=12.515 1.7it/s eta_ep=28m
[t1b][ep4 2200/4809] L=11.853 1.7it/s eta_ep=26m
[t1b][ep4 2400/4809] L=12.220 1.7it/s eta_ep=24m
[t1b][ep4 2600/4809] L=20.440 1.7it/s eta_ep=22m
[t1b][ep4 2800/4809] L=10.760 1.7it/s eta_ep=20m
[t1b][ep4 3000/4809] L=11.851 1.7it/s eta_ep=18m
[t1b][ep4 3200/4809] L=15.286 1.7it/s eta_ep=16m
[t1b][ep4 3400/4809] L=18.344 1.7it/s eta_ep=14m
[t1b][ep4 3600/4809] L=35.953 1.7it/s eta_ep=12m
[t1b][ep4 3800/4809] L=15.024 1.7it/s eta_ep=10m
[t1b][ep4 4000/4809] L=12.385 1.7it/s eta_ep=8m
[t1b][ep4 4200/4809] L=18.870 1.7it/s eta_ep=6m
[t1b][ep4 4400/4809] L=9.703 1.7it/s eta_ep=4m
[t1b][ep4 4600/4809] L=16.143 1.7it/s eta_ep=2m
[t1b][ep4 4800/4809] L=17.947 1.7it/s eta_ep=0m
Accumulating evaluation results...
DONE (t=4.11s).
[t1b][ep4] val mAP=0.7150
[t1b][ep5 0/4809] L=15.083 1.5it/s eta_ep=52m
[t1b][ep5 200/4809] L=17.422 1.6it/s eta_ep=47m
[t1b][ep5 400/4809] L=22.599 1.7it/s eta_ep=45m
[t1b][ep5 600/4809] L=11.835 1.7it/s eta_ep=42m
[t1b][ep5 800/4809] L=16.291 1.7it/s eta_ep=40m
[t1b][ep5 1000/4809] L=19.479 1.7it/s eta_ep=38m
[t1b][ep5 1200/4809] L=33.798 1.7it/s eta_ep=36m
[t1b][ep5 1400/4809] L=17.440 1.7it/s eta_ep=34m
[t1b][ep5 1600/4809] L=12.225 1.7it/s eta_ep=32m
[t1b][ep5 1800/4809] L=16.358 1.7it/s eta_ep=30m
[t1b][ep5 2000/4809] L=11.556 1.7it/s eta_ep=28m
[t1b][ep5 2200/4809] L=17.017 1.7it/s eta_ep=26m
[t1b][ep5 2400/4809] L=16.761 1.7it/s eta_ep=24m
[t1b][ep5 2600/4809] L=15.212 1.7it/s eta_ep=22m
[t1b][ep5 2800/4809] L=13.682 1.7it/s eta_ep=20m
[t1b][ep5 3000/4809] L=7.829 1.7it/s eta_ep=18m
[t1b][ep5 3200/4809] L=26.251 1.7it/s eta_ep=16m
[t1b][ep5 3400/4809] L=12.356 1.7it/s eta_ep=14m
[t1b][ep5 3600/4809] L=17.274 1.7it/s eta_ep=12m
[t1b][ep5 3800/4809] L=22.596 1.7it/s eta_ep=10m
[t1b][ep5 4000/4809] L=10.232 1.7it/s eta_ep=8m
[t1b][ep5 4200/4809] L=20.342 1.7it/s eta_ep=6m
[t1b][ep5 4400/4809] L=8.472 1.7it/s eta_ep=4m
[t1b][ep5 4600/4809] L=11.517 1.7it/s eta_ep=2m
[t1b][ep5 4800/4809] L=14.094 1.7it/s eta_ep=0m
Accumulating evaluation results...
DONE (t=4.20s).
[t1b][ep5] val mAP=0.7175
[t1b] DONE best@ep-1 mAP=0.7292 (init 0.7292) -> /tmp/t1b_camt_all_seed123
