The following values were not passed to `accelerate launch` and had defaults used instead:
		More than one GPU was found, enabling multi-GPU training.
		If this was unintended please pass in `--num_processes=1`.
	`--num_machines` was set to a value of `1`
	`--mixed_precision` was set to a value of `'no'`
	`--dynamo_backend` was set to a value of `'no'`
To avoid this warning pass in values for each of the problematic parameters or run `accelerate config`.
/home/ubuntu/slocal2/m2/.venv-relation-detr/lib/python3.11/site-packages/albumentations/core/validation.py:114: UserWarning: ShiftScaleRotate is a special case of Affine transform. Please use Affine transform instead.
  original_init(self, **validated_kwargs)
/home/ubuntu/slocal2/m2/third_party/Relation-DETR/transforms/presets.py:109: UserWarning: Argument(s) 'value' are not valid for transform ShiftScaleRotate
  A.ShiftScaleRotate(
/home/ubuntu/slocal2/m2/third_party/Relation-DETR/transforms/presets.py:140: UserWarning: Argument(s) 'quality_lower, quality_upper' are not valid for transform ImageCompression
  A.ImageCompression(quality_lower=85, quality_upper=95, p=0.2),
/home/ubuntu/slocal2/m2/third_party/Relation-DETR/transforms/presets.py:195: UserWarning: Argument(s) 'value' are not valid for transform ShiftScaleRotate
  A.ShiftScaleRotate(
/home/ubuntu/slocal2/m2/third_party/Relation-DETR/transforms/presets.py:226: UserWarning: Argument(s) 'quality_lower, quality_upper' are not valid for transform ImageCompression
  A.ImageCompression(quality_lower=85, quality_upper=95, p=0.2),
/home/ubuntu/slocal2/m2/.venv-relation-detr/lib/python3.11/site-packages/albumentations/core/validation.py:114: UserWarning: ShiftScaleRotate is a special case of Affine transform. Please use Affine transform instead.
  original_init(self, **validated_kwargs)
/home/ubuntu/slocal2/m2/third_party/Relation-DETR/transforms/presets.py:109: UserWarning: Argument(s) 'value' are not valid for transform ShiftScaleRotate
  A.ShiftScaleRotate(
loading annotations into memory...
/home/ubuntu/slocal2/m2/third_party/Relation-DETR/transforms/presets.py:140: UserWarning: Argument(s) 'quality_lower, quality_upper' are not valid for transform ImageCompression
  A.ImageCompression(quality_lower=85, quality_upper=95, p=0.2),
/home/ubuntu/slocal2/m2/third_party/Relation-DETR/transforms/presets.py:195: UserWarning: Argument(s) 'value' are not valid for transform ShiftScaleRotate
  A.ShiftScaleRotate(
/home/ubuntu/slocal2/m2/third_party/Relation-DETR/transforms/presets.py:226: UserWarning: Argument(s) 'quality_lower, quality_upper' are not valid for transform ImageCompression
  A.ImageCompression(quality_lower=85, quality_upper=95, p=0.2),
loading annotations into memory...
Done (t=0.22s)
creating index...
Done (t=0.22s)
creating index...
index created!
index created!
loading annotations into memory...
loading annotations into memory...
Done (t=0.13s)
creating index...
index created!
Done (t=0.14s)
creating index...
index created!
[2026-09-22 16:23:39 det.util.misc]: [RANK 0] Rank of current process: 0, World size: 2
Using [0, 0.5, 0.6299605249474365, 0.7937005259840997, 1.0, 1.259921049894873, 1.5874010519681991, 2.0, inf] as bins for aspect ratio quantization
Count of instances per bin: [9618]
Using /home/ubuntu/.cache/torch_extensions/py311_cu118 as PyTorch extensions root...
Detected CUDA files, patching ldflags
Emitting ninja build file /home/ubuntu/.cache/torch_extensions/py311_cu118/MultiScaleDeformableAttention/build.ninja...
Building extension module MultiScaleDeformableAttention...
Allowing ninja to set a default number of workers... (overridable by setting the environment variable MAX_JOBS=N)
ninja: no work to do.
Loading extension module MultiScaleDeformableAttention...
[2026-09-22 16:23:40 det.util.misc]: [RANK 0] Environment info: 
-------------------------------  --------------------------------------------------------------------------------------------------
sys.platform                     linux
Python                           3.11.16 (main, Sep  1 2026, 14:18:37) [Clang 22.1.3 ]
numpy                            1.26.4
PyTorch                          2.1.2+cu118 @/home/ubuntu/slocal2/m2/.venv-relation-detr/lib/python3.11/site-packages/torch
PyTorch debug build              False
torch._C._GLIBCXX_USE_CXX11_ABI  False
GPU available                    Yes
GPU 0,1                          NVIDIA RTX A6000 (arch=8.6)
Driver version                   595.84
CUDA_HOME                        /usr/local/cuda
Pillow                           12.2.0
torchvision                      0.16.2+cu118 @/home/ubuntu/slocal2/m2/.venv-relation-detr/lib/python3.11/site-packages/torchvision
torchvision arch flags           3.5, 5.0, 6.0, 7.0, 7.5, 8.0, 8.6
fvcore                           0.1.5.post20221221
iopath                           0.1.10
cv2                              4.13.0
-------------------------------  --------------------------------------------------------------------------------------------------
PyTorch built with:
  - GCC 9.3
  - C++ Version: 201703
  - Intel(R) oneAPI Math Kernel Library Version 2022.2-Product Build 20220804 for Intel(R) 64 architecture applications
  - Intel(R) MKL-DNN v3.1.1 (Git Hash 64f6bcbcbab628e96f33a62c3e975f8535a7bde4)
  - OpenMP 201511 (a.k.a. OpenMP 4.5)
  - LAPACK is enabled (usually provided by MKL)
  - NNPACK is enabled
  - CPU capability usage: AVX512
  - CUDA Runtime 11.8
  - NVCC architecture flags: -gencode;arch=compute_50,code=sm_50;-gencode;arch=compute_60,code=sm_60;-gencode;arch=compute_70,code=sm_70;-gencode;arch=compute_75,code=sm_75;-gencode;arch=compute_80,code=sm_80;-gencode;arch=compute_86,code=sm_86;-gencode;arch=compute_37,code=sm_37;-gencode;arch=compute_90,code=sm_90
  - CuDNN 8.7
  - Magma 2.6.1
  - Build settings: BLAS_INFO=mkl, BUILD_TYPE=Release, CUDA_VERSION=11.8, CUDNN_VERSION=8.7.0, CXX_COMPILER=/opt/rh/devtoolset-9/root/usr/bin/c++, CXX_FLAGS= -D_GLIBCXX_USE_CXX11_ABI=0 -fabi-version=11 -fvisibility-inlines-hidden -DUSE_PTHREADPOOL -DNDEBUG -DUSE_KINETO -DLIBKINETO_NOROCTRACER -DUSE_FBGEMM -DUSE_QNNPACK -DUSE_PYTORCH_QNNPACK -DUSE_XNNPACK -DSYMBOLICATE_MOBILE_DEBUG_HANDLE -O2 -fPIC -Wall -Wextra -Werror=return-type -Werror=non-virtual-dtor -Werror=bool-operation -Wnarrowing -Wno-missing-field-initializers -Wno-type-limits -Wno-array-bounds -Wno-unknown-pragmas -Wno-unused-parameter -Wno-unused-function -Wno-unused-result -Wno-strict-overflow -Wno-strict-aliasing -Wno-stringop-overflow -Wno-psabi -Wno-error=pedantic -Wno-error=old-style-cast -Wno-invalid-partial-specialization -Wno-unused-private-field -Wno-aligned-allocation-unavailable -Wno-missing-braces -fdiagnostics-color=always -faligned-new -Wno-unused-but-set-variable -Wno-maybe-uninitialized -fno-math-errno -fno-trapping-math -Werror=format -Werror=cast-function-type -Wno-stringop-overflow, LAPACK_INFO=mkl, PERF_WITH_AVX=1, PERF_WITH_AVX2=1, PERF_WITH_AVX512=1, TORCH_DISABLE_GPU_ASSERTS=ON, TORCH_VERSION=2.1.2, USE_CUDA=ON, USE_CUDNN=ON, USE_EXCEPTION_PTR=1, USE_GFLAGS=OFF, USE_GLOG=OFF, USE_MKL=ON, USE_MKLDNN=ON, USE_MPI=OFF, USE_NCCL=1, USE_NNPACK=ON, USE_OPENMP=ON, USE_ROCM=OFF, 

[2026-09-22 16:23:40 det.util.misc]: [RANK 0] Command line arguments: Namespace(config_file='configs/train_config_egosurgery_stage1_imagenet_seed42.py', mixed_precision='fp16', accumulate_steps=1, seed=42, convergence_schedule=True, plateau_patience=4, plateau_factor=0.1, max_epochs=36, use_deterministic_algorithms=False, dynamo_backend='no')
[2026-09-22 16:23:40 det.util.misc]: [RANK 0] Contents of args.config_file=configs/train_config_egosurgery_stage1_imagenet_seed42.py:
[38;5;245m# DRAFT (not for direct training) — Relation-DETR train_config adapted to EgoSurgery.[39m
[38;5;245m# Run from inside third_party/Relation-DETR with the .venv-relation-detr venv:[39m
[38;5;245m#   CUDA_VISIBLE_DEVICES=0,1 accelerate launch --num_processes 2 main.py \[39m
[38;5;245m#       --config-file <this file> --seed 42 --mixed-precision fp16[39m
[38;5;245m# Lines marked # <CHANGED> are EgoSurgery-specific.[39m
[38;5;204mimport[39m[38;5;255m [39m[38;5;255mos[39m
[38;5;204mfrom[39m[38;5;255m [39m[38;5;255mtorch[39m[38;5;255m [39m[38;5;204mimport[39m[38;5;255m [39m[38;5;255moptim[39m

[38;5;204mfrom[39m[38;5;255m [39m[38;5;255mdatasets[39m[38;5;255m.[39m[38;5;255mcoco[39m[38;5;255m [39m[38;5;204mimport[39m[38;5;255m [39m[38;5;255mCocoDetection[39m
[38;5;204mfrom[39m[38;5;255m [39m[38;5;255mtransforms[39m[38;5;255m [39m[38;5;204mimport[39m[38;5;255m [39m[38;5;255mpresets[39m
[38;5;204mfrom[39m[38;5;255m [39m[38;5;255moptimizer[39m[38;5;255m [39m[38;5;204mimport[39m[38;5;255m [39m[38;5;255mparam_dict[39m

[38;5;245m# ---- training schedule (matches S0: 12 epochs, step at 10) ----[39m
[38;5;255mnum_epochs[39m[38;5;255m [39m[38;5;204m=[39m[38;5;255m [39m[38;5;141m12[39m[38;5;255m          [39m[38;5;245m# S0 parity[39m
[38;5;255mbatch_size[39m[38;5;255m [39m[38;5;204m=[39m[38;5;255m [39m[38;5;141m2[39m[38;5;255m           [39m[38;5;245m# <CHANGED-ish> per-GPU bs; with 2 GPUs -> effective bs = 4 (S0 parity)[39m
[38;5;255mnum_workers[39m[38;5;255m [39m[38;5;204m=[39m[38;5;255m [39m[38;5;141m4[39m
[38;5;255mpin_memory[39m[38;5;255m [39m[38;5;204m=[39m[38;5;255m [39m[38;5;81mTrue[39m
[38;5;255mprint_freq[39m[38;5;255m [39m[38;5;204m=[39m[38;5;255m [39m[38;5;141m50[39m
[38;5;255mstarting_epoch[39m[38;5;255m [39m[38;5;204m=[39m[38;5;255m [39m[38;5;141m0[39m
[38;5;255mmax_norm[39m[38;5;255m [39m[38;5;204m=[39m[38;5;255m [39m[38;5;141m0.1[39m

[38;5;245m# このファイルは third_party/Relation-DETR/configs/ にあるので、m2 リポジトリ root は 3 階層上。[39m
[38;5;255m_PROJECT_ROOT[39m[38;5;255m [39m[38;5;204m=[39m[38;5;255m [39m[38;5;255mos[39m[38;5;204m.[39m[38;5;255menviron[39m[38;5;204m.[39m[38;5;255mget[39m[38;5;255m([39m
[38;5;255m    [39m[38;5;186m"[39m[38;5;186mEGO_BODY[39m[38;5;186m"[39m[38;5;255m,[39m
[38;5;255m    [39m[38;5;255mos[39m[38;5;204m.[39m[38;5;255mpath[39m[38;5;204m.[39m[38;5;255mdirname[39m[38;5;255m([39m[38;5;255mos[39m[38;5;204m.[39m[38;5;255mpath[39m[38;5;204m.[39m[38;5;255mdirname[39m[38;5;255m([39m[38;5;255mos[39m[38;5;204m.[39m[38;5;255mpath[39m[38;5;204m.[39m[38;5;255mdirname[39m[38;5;255m([39m[38;5;255mos[39m[38;5;204m.[39m[38;5;255mpath[39m[38;5;204m.[39m[38;5;255mabspath[39m[38;5;255m([39m[38;5;255m__file__[39m[38;5;255m)[39m[38;5;255m)[39m[38;5;255m)[39m[38;5;255m)[39m[38;5;255m,[39m
[38;5;255m)[39m

[38;5;245m# 成果物は experiments/ 配下に永続化する（/tmp は再起動で消える）。[39m
[38;5;245m# RELDETR_OUTPUT_DIR で上書き可。[39m
[38;5;255moutput_dir[39m[38;5;255m [39m[38;5;204m=[39m[38;5;255m [39m[38;5;255mos[39m[38;5;204m.[39m[38;5;255menviron[39m[38;5;204m.[39m[38;5;255mget[39m[38;5;255m([39m
[38;5;255m    [39m[38;5;186m"[39m[38;5;186mRELDETR_OUTPUT_DIR[39m[38;5;186m"[39m[38;5;255m,[39m
[38;5;255m    [39m[38;5;255mos[39m[38;5;204m.[39m[38;5;255mpath[39m[38;5;204m.[39m[38;5;255mjoin[39m[38;5;255m([39m[38;5;255m_PROJECT_ROOT[39m[38;5;255m,[39m[38;5;255m [39m[38;5;186m"[39m[38;5;186mexperiments[39m[38;5;186m"[39m[38;5;255m,[39m[38;5;255m [39m[38;5;186m"[39m[38;5;186mtransfer[39m[38;5;186m"[39m[38;5;255m,[39m
[38;5;255m                 [39m[38;5;186m"[39m[38;5;186mreldetr_work_seed42[39m[38;5;186m"[39m[38;5;255m)[39m[38;5;255m,[39m
[38;5;255m)[39m
[38;5;255mfind_unused_parameters[39m[38;5;255m [39m[38;5;204m=[39m[38;5;255m [39m[38;5;81mFalse[39m

[38;5;245m# ---- EgoSurgery dataset (COCO-format, bbox-only, 15 classes) ----  # <CHANGED block>[39m
[38;5;245m# NOTE: instances_*.json file_name fields already include the split prefix[39m
[38;5;245m#       e.g. "train/01/01_1_0124.jpg", so img_folder must be the PARENT (data/raw/ego).[39m
[38;5;255mEGO_ROOT[39m[38;5;255m [39m[38;5;204m=[39m[38;5;255m [39m[38;5;255mos[39m[38;5;204m.[39m[38;5;255menviron[39m[38;5;204m.[39m[38;5;255mget[39m[38;5;255m([39m[38;5;186m"[39m[38;5;186mEGO_ROOT[39m[38;5;186m"[39m[38;5;255m,[39m[38;5;255m [39m[38;5;186m"[39m[38;5;186m/home/ubuntu/slocal2/m2/data/raw/ego[39m[38;5;186m"[39m[38;5;255m)[39m
[38;5;255mANN_DIR[39m[38;5;255m [39m[38;5;204m=[39m[38;5;255m [39m[38;5;255mos[39m[38;5;204m.[39m[38;5;255menviron[39m[38;5;204m.[39m[38;5;255mget[39m[38;5;255m([39m
[38;5;255m    [39m[38;5;186m"[39m[38;5;186mEGO_ANN_DIR[39m[38;5;186m"[39m[38;5;255m,[39m[38;5;255m [39m[38;5;186m"[39m[38;5;186m/home/ubuntu/slocal2/m2/data/annotations/egosurgery_tool[39m[38;5;186m"[39m
[38;5;255m)[39m
[38;5;255mtrain_dataset[39m[38;5;255m [39m[38;5;204m=[39m[38;5;255m [39m[38;5;255mCocoDetection[39m[38;5;255m([39m
[38;5;255m    [39m[38;5;255mimg_folder[39m[38;5;204m=[39m[38;5;255mEGO_ROOT[39m[38;5;255m,[39m
[38;5;255m    [39m[38;5;255mann_file[39m[38;5;204m=[39m[38;5;186mf[39m[38;5;186m"[39m[38;5;186m{[39m[38;5;255mANN_DIR[39m[38;5;186m}[39m[38;5;186m/instances_train.json[39m[38;5;186m"[39m[38;5;255m,[39m
[38;5;255m    [39m[38;5;255mtransforms[39m[38;5;204m=[39m[38;5;255mpresets[39m[38;5;204m.[39m[38;5;255mdetr[39m[38;5;255m,[39m
[38;5;255m    [39m[38;5;255mtrain[39m[38;5;204m=[39m[38;5;81mTrue[39m[38;5;255m,[39m
[38;5;255m)[39m
[38;5;255mtest_dataset[39m[38;5;255m [39m[38;5;204m=[39m[38;5;255m [39m[38;5;255mCocoDetection[39m[38;5;255m([39m
[38;5;255m    [39m[38;5;255mimg_folder[39m[38;5;204m=[39m[38;5;255mEGO_ROOT[39m[38;5;255m,[39m
[38;5;255m    [39m[38;5;255mann_file[39m[38;5;204m=[39m[38;5;186mf[39m[38;5;186m"[39m[38;5;186m{[39m[38;5;255mANN_DIR[39m[38;5;186m}[39m[38;5;186m/instances_val.json[39m[38;5;186m"[39m[38;5;255m,[39m[38;5;255m   [39m[38;5;245m# use instances_test.json for final test eval[39m
[38;5;255m    [39m[38;5;255mtransforms[39m[38;5;204m=[39m[38;5;81mNone[39m[38;5;255m,[39m
[38;5;255m)[39m

[38;5;245m# model config to train[39m
[38;5;255mmodel_path[39m[38;5;255m [39m[38;5;204m=[39m[38;5;255m [39m[38;5;186m"[39m[38;5;186mconfigs/relation_detr/relation_detr_resnet50_egosurgery.py[39m[38;5;186m"[39m[38;5;255m  [39m[38;5;245m# <CHANGED> drafted above[39m

[38;5;245m# ---- COCO-pretrained finetune (S0 load_from parity) ----  # <CHANGED>[39m
[38;5;245m# Pointing resume_from_checkpoint at a .pth FILE => finetune. main.py loads it via[39m
[38;5;245m# load_state_dict(), and filter_mismatched_weights() auto-drops the 91->15 class-head[39m
[38;5;245m# mismatch (backbone + transformer load, class heads reinit). A local copy is preferred[39m
[38;5;245m# to avoid network access at train time; download once to data/external/weights/.[39m
[38;5;245m# D*-ImageNet: COCO 事前学習を**読み込まない**。backbone は ResNetBackbone が[39m
[38;5;245m# torchvision の ImageNet-1K 重みで初期化し、検出ヘッド（transformer・query・予測ヘッド）は[39m
[38;5;245m# 乱数初期化のままになる。これが D*-COCO との唯一の差である。[39m
[38;5;255mresume_from_checkpoint[39m[38;5;255m [39m[38;5;204m=[39m[38;5;255m [39m[38;5;81mNone[39m

[38;5;245m# ---- optimizer / scheduler (Relation-DETR defaults; 1x schedule) ----[39m
[38;5;255mlearning_rate[39m[38;5;255m [39m[38;5;204m=[39m[38;5;255m [39m[38;5;141m1e-4[39m[38;5;255m     [39m[38;5;245m# see report: S0 lr_scaling=linear_x2 maps to doubling base lr for eff bs[39m
[38;5;255moptimizer[39m[38;5;255m [39m[38;5;204m=[39m[38;5;255m [39m[38;5;255moptim[39m[38;5;204m.[39m[38;5;255mAdamW[39m[38;5;255m([39m[38;5;255mlr[39m[38;5;204m=[39m[38;5;255mlearning_rate[39m[38;5;255m,[39m[38;5;255m [39m[38;5;255mweight_decay[39m[38;5;204m=[39m[38;5;141m1e-4[39m[38;5;255m,[39m[38;5;255m [39m[38;5;255mbetas[39m[38;5;204m=[39m[38;5;255m([39m[38;5;141m0.9[39m[38;5;255m,[39m[38;5;255m [39m[38;5;141m0.999[39m[38;5;255m)[39m[38;5;255m)[39m
[38;5;255mlr_scheduler[39m[38;5;255m [39m[38;5;204m=[39m[38;5;255m [39m[38;5;255moptim[39m[38;5;204m.[39m[38;5;255mlr_scheduler[39m[38;5;204m.[39m[38;5;255mMultiStepLR[39m[38;5;255m([39m[38;5;255mmilestones[39m[38;5;204m=[39m[38;5;255m[[39m[38;5;141m10[39m[38;5;255m][39m[38;5;255m,[39m[38;5;255m [39m[38;5;255mgamma[39m[38;5;204m=[39m[38;5;141m0.1[39m[38;5;255m)[39m
[38;5;255mparam_dicts[39m[38;5;255m [39m[38;5;204m=[39m[38;5;255m [39m[38;5;255mparam_dict[39m[38;5;204m.[39m[38;5;255mfinetune_backbone_and_linear_projection[39m[38;5;255m([39m[38;5;255mlr[39m[38;5;204m=[39m[38;5;255mlearning_rate[39m[38;5;255m)[39m

[2026-09-22 16:23:40 det.util.misc]: [RANK 0] Using the random seed: 42
Using [0, 0.5, 0.6299605249474365, 0.7937005259840997, 1.0, 1.259921049894873, 1.5874010519681991, 2.0, inf] as bins for aspect ratio quantization
Count of instances per bin: [9618]
Using /home/ubuntu/.cache/torch_extensions/py311_cu118 as PyTorch extensions root...
Detected CUDA files, patching ldflags
Emitting ninja build file /home/ubuntu/.cache/torch_extensions/py311_cu118/MultiScaleDeformableAttention/build.ninja...
Building extension module MultiScaleDeformableAttention...
Allowing ninja to set a default number of workers... (overridable by setting the environment variable MAX_JOBS=N)
ninja: no work to do.
Loading extension module MultiScaleDeformableAttention...
[2026-09-22 16:23:41 det.models.backbones.base_backbone]: Backbone architecture: resnet50
[2026-09-22 16:23:41 det.util.utils]: <All keys matched successfully>
WARNING [2026-09-22 16:23:41 py.warnings]: /home/ubuntu/slocal2/m2/.venv-relation-detr/lib/python3.11/site-packages/torch/overrides.py:110: UserWarning: 'has_cuda' is deprecated, please use 'torch.backends.cuda.is_built()'
  torch.has_cuda,

WARNING [2026-09-22 16:23:41 py.warnings]: /home/ubuntu/slocal2/m2/.venv-relation-detr/lib/python3.11/site-packages/torch/overrides.py:111: UserWarning: 'has_cudnn' is deprecated, please use 'torch.backends.cudnn.is_available()'
  torch.has_cudnn,

WARNING [2026-09-22 16:23:41 py.warnings]: /home/ubuntu/slocal2/m2/.venv-relation-detr/lib/python3.11/site-packages/torch/overrides.py:117: UserWarning: 'has_mps' is deprecated, please use 'torch.backends.mps.is_built()'
  torch.has_mps,

WARNING [2026-09-22 16:23:41 py.warnings]: /home/ubuntu/slocal2/m2/.venv-relation-detr/lib/python3.11/site-packages/torch/overrides.py:118: UserWarning: 'has_mkldnn' is deprecated, please use 'torch.backends.mkldnn.is_available()'
  torch.has_mkldnn,

[2026-09-22 16:23:42 det.__main__]: [RANK 0] model parameters: 48471200
[2026-09-22 16:23:42 det.__main__]: [RANK 0] optimizer: AcceleratedOptimizer (
Parameter Group 0
    amsgrad: False
    betas: (0.9, 0.999)
    capturable: False
    differentiable: False
    eps: 1e-08
    foreach: None
    fused: None
    initial_lr: 0.0001
    lr: 0.0001
    maximize: False
    weight_decay: 0.0001

Parameter Group 1
    amsgrad: False
    betas: (0.9, 0.999)
    capturable: False
    differentiable: False
    eps: 1e-08
    foreach: None
    fused: None
    initial_lr: 1e-05
    lr: 1e-05
    maximize: False
    weight_decay: 0.0001

Parameter Group 2
    amsgrad: False
    betas: (0.9, 0.999)
    capturable: False
    differentiable: False
    eps: 1e-08
    foreach: None
    fused: None
    initial_lr: 1e-05
    lr: 1e-05
    maximize: False
    weight_decay: 0

Parameter Group 3
    amsgrad: False
    betas: (0.9, 0.999)
    capturable: False
    differentiable: False
    eps: 1e-08
    foreach: None
    fused: None
    initial_lr: 1e-05
    lr: 1e-05
    maximize: False
    weight_decay: 0.0001

Parameter Group 4
    amsgrad: False
    betas: (0.9, 0.999)
    capturable: False
    differentiable: False
    eps: 1e-08
    foreach: None
    fused: None
    initial_lr: 1e-05
    lr: 1e-05
    maximize: False
    weight_decay: 0

Parameter Group 5
    amsgrad: False
    betas: (0.9, 0.999)
    capturable: False
    differentiable: False
    eps: 1e-08
    foreach: None
    fused: None
    initial_lr: 0.0001
    lr: 0.0001
    maximize: False
    weight_decay: 0
)
[2026-09-22 16:23:42 det.__main__]: [RANK 0] lr_scheduler: {'_get_lr_called_within_step': False,
 '_last_lr': [0.0001, 1e-05, 1e-05, 1e-05, 1e-05, 0.0001],
 '_step_count': 1,
 'base_lrs': [0.0001, 1e-05, 1e-05, 1e-05, 1e-05, 0.0001],
 'gamma': 0.1,
 'last_epoch': 0,
 'milestones': Counter({10: 1}),
 'verbose': False}
[2026-09-22 16:23:42 det.__main__]: [RANK 0] Label names is saved to /home/ubuntu/slocal2/m2/experiments/baselines/stage1_dtower_r2/dimagenet_foldA_seed42/work/label_names.txt
[2026-09-22 16:23:42 det.__main__]: [RANK 0] Start training
WARNING [2026-09-22 16:23:43 py.warnings]: /home/ubuntu/slocal2/m2/.venv-relation-detr/lib/python3.11/site-packages/torch/autograd/__init__.py:251: UserWarning: Grad strides do not match bucket view strides. This may indicate grad was not created according to the gradient layout contract, or that the param's strides changed since DDP was constructed.  This is not an error, but may impair performance.
grad.sizes() = [8, 64, 1, 1], strides() = [64, 1, 64, 64]
bucket_view.sizes() = [8, 64, 1, 1], strides() = [64, 1, 1, 1] (Triggered internally at ../torch/csrc/distributed/c10d/reducer.cpp:320.)
  Variable._execution_engine.run_backward(  # Calls into the C++ engine to run the backward pass

[2026-09-22 16:23:44 det.util.engine]: Epoch: [0]  [0/2405]  eta: 0:50:32  lr: 0.000000  data_time: 0.0079  iter_time: 1.2609  loss: 81.7547 (81.7547)  loss_class: 0.4499 (0.4499)  loss_bbox: 2.1472 (2.1472)  loss_giou: 1.6830 (1.6830)  loss_class_0: 0.4178 (0.4178)  loss_bbox_0: 2.1800 (2.1800)  loss_giou_0: 1.6778 (1.6778)  loss_class_1: 0.4504 (0.4504)  loss_bbox_1: 2.1982 (2.1982)  loss_giou_1: 1.6301 (1.6301)  loss_class_2: 0.4615 (0.4615)  loss_bbox_2: 2.1716 (2.1716)  loss_giou_2: 1.6539 (1.6539)  loss_class_3: 0.4489 (0.4489)  loss_bbox_3: 2.1627 (2.1627)  loss_giou_3: 1.6527 (1.6527)  loss_class_4: 0.4507 (0.4507)  loss_bbox_4: 2.1472 (2.1472)  loss_giou_4: 1.6830 (1.6830)  loss_class_enc: 0.4793 (0.4793)  loss_bbox_enc: 2.2602 (2.2602)  loss_giou_enc: 1.6417 (1.6417)  loss_class_dn: 1.0182 (1.0182)  loss_bbox_dn: 1.4209 (1.4209)  loss_giou_dn: 1.2725 (1.2725)  loss_class_dn_0: 0.9695 (0.9695)  loss_bbox_dn_0: 1.4209 (1.4209)  loss_giou_dn_0: 1.2725 (1.2725)  loss_class_dn_1: 0.9925 (0.9925)  loss_bbox_dn_1: 1.4209 (1.4209)  loss_giou_dn_1: 1.2725 (1.2725)  loss_class_dn_2: 1.0204 (1.0204)  loss_bbox_dn_2: 1.4209 (1.4209)  loss_giou_dn_2: 1.2725 (1.2725)  loss_class_dn_3: 1.0069 (1.0069)  loss_bbox_dn_3: 1.4209 (1.4209)  loss_giou_dn_3: 1.2725 (1.2725)  loss_class_dn_4: 1.0145 (1.0145)  loss_bbox_dn_4: 1.4209 (1.4209)  loss_giou_dn_4: 1.2725 (1.2725)  loss_class_hybrid: 0.4099 (0.4099)  loss_bbox_hybrid: 2.1190 (2.1190)  loss_giou_hybrid: 1.6965 (1.6965)  loss_class_0_hybrid: 0.3691 (0.3691)  loss_bbox_0_hybrid: 2.1459 (2.1459)  loss_giou_0_hybrid: 1.7132 (1.7132)  loss_class_1_hybrid: 0.3908 (0.3908)  loss_bbox_1_hybrid: 2.1173 (2.1173)  loss_giou_1_hybrid: 1.7026 (1.7026)  loss_class_2_hybrid: 0.4102 (0.4102)  loss_bbox_2_hybrid: 2.1186 (2.1186)  loss_giou_2_hybrid: 1.6959 (1.6959)  loss_class_3_hybrid: 0.4017 (0.4017)  loss_bbox_3_hybrid: 2.1200 (2.1200)  loss_giou_3_hybrid: 1.6936 (1.6936)  loss_class_4_hybrid: 0.4088 (0.4088)  loss_bbox_4_hybrid: 2.1185 (2.1185)  loss_giou_4_hybrid: 1.6961 (1.6961)  loss_class_enc_hybrid: 0.3455 (0.3455)  loss_bbox_enc_hybrid: 2.1477 (2.1477)  loss_giou_enc_hybrid: 1.7033 (1.7033)  mem: 607  max mem: 7115
[2026-09-22 16:23:44 accelerate.tracking]: [RANK 0] Successfully logged to TensorBoard
[2026-09-22 16:24:13 det.util.engine]: Epoch: [0]  [50/2405]  eta: 0:23:35  lr: 0.000005  data_time: 0.0030  iter_time: 0.5728  loss: 72.0903 (76.0528)  loss_class: 0.6172 (0.5721)  loss_bbox: 1.5102 (1.7250)  loss_giou: 1.4460 (1.5414)  loss_class_0: 0.5503 (0.5372)  loss_bbox_0: 1.5497 (1.7748)  loss_giou_0: 1.4672 (1.5673)  loss_class_1: 0.5701 (0.5547)  loss_bbox_1: 1.5419 (1.7463)  loss_giou_1: 1.4364 (1.5520)  loss_class_2: 0.5994 (0.5791)  loss_bbox_2: 1.5212 (1.7379)  loss_giou_2: 1.4437 (1.5449)  loss_class_3: 0.6467 (0.5826)  loss_bbox_3: 1.5185 (1.7304)  loss_giou_3: 1.4445 (1.5446)  loss_class_4: 0.6505 (0.5863)  loss_bbox_4: 1.5151 (1.7261)  loss_giou_4: 1.4453 (1.5426)  loss_class_enc: 0.6149 (0.6298)  loss_bbox_enc: 1.5540 (1.7562)  loss_giou_enc: 1.4346 (1.5544)  loss_class_dn: 0.7643 (0.8509)  loss_bbox_dn: 1.3741 (1.3918)  loss_giou_dn: 1.3024 (1.3044)  loss_class_dn_0: 0.8067 (0.8653)  loss_bbox_dn_0: 1.3744 (1.3907)  loss_giou_dn_0: 1.3039 (1.3056)  loss_class_dn_1: 0.7841 (0.8671)  loss_bbox_dn_1: 1.3742 (1.3908)  loss_giou_dn_1: 1.3036 (1.3053)  loss_class_dn_2: 0.7939 (0.8835)  loss_bbox_dn_2: 1.3741 (1.3910)  loss_giou_dn_2: 1.3033 (1.3051)  loss_class_dn_3: 0.7749 (0.8597)  loss_bbox_dn_3: 1.3741 (1.3913)  loss_giou_dn_3: 1.3030 (1.3048)  loss_class_dn_4: 0.7735 (0.8586)  loss_bbox_dn_4: 1.3741 (1.3915)  loss_giou_dn_4: 1.3027 (1.3046)  loss_class_hybrid: 0.4334 (0.4289)  loss_bbox_hybrid: 1.6692 (1.8839)  loss_giou_hybrid: 1.5169 (1.6147)  loss_class_0_hybrid: 0.4207 (0.3997)  loss_bbox_0_hybrid: 1.7300 (1.9286)  loss_giou_0_hybrid: 1.5382 (1.6365)  loss_class_1_hybrid: 0.4208 (0.4134)  loss_bbox_1_hybrid: 1.6982 (1.9030)  loss_giou_1_hybrid: 1.5276 (1.6254)  loss_class_2_hybrid: 0.4357 (0.4325)  loss_bbox_2_hybrid: 1.6880 (1.8911)  loss_giou_2_hybrid: 1.5207 (1.6201)  loss_class_3_hybrid: 0.4322 (0.4277)  loss_bbox_3_hybrid: 1.6779 (1.8870)  loss_giou_3_hybrid: 1.5184 (1.6175)  loss_class_4_hybrid: 0.4397 (0.4325)  loss_bbox_4_hybrid: 1.6707 (1.8843)  loss_giou_4_hybrid: 1.5184 (1.6171)  loss_class_enc_hybrid: 0.4528 (0.4165)  loss_bbox_enc_hybrid: 1.7195 (1.9135)  loss_giou_enc_hybrid: 1.5424 (1.6310)  mem: 995  max mem: 11715
[2026-09-22 16:24:13 accelerate.tracking]: [RANK 0] Successfully logged to TensorBoard
[2026-09-22 16:24:40 det.util.engine]: Epoch: [0]  [100/2405]  eta: 0:22:05  lr: 0.000010  data_time: 0.0031  iter_time: 0.5414  loss: 70.0877 (73.2463)  loss_class: 0.9631 (0.7172)  loss_bbox: 1.3205 (1.5505)  loss_giou: 1.2558 (1.4420)  loss_class_0: 0.7581 (0.6272)  loss_bbox_0: 1.3801 (1.6107)  loss_giou_0: 1.3157 (1.4806)  loss_class_1: 0.8476 (0.6617)  loss_bbox_1: 1.3351 (1.5805)  loss_giou_1: 1.3137 (1.4625)  loss_class_2: 0.8436 (0.6880)  loss_bbox_2: 1.3291 (1.5707)  loss_giou_2: 1.2813 (1.4508)  loss_class_3: 0.9229 (0.7170)  loss_bbox_3: 1.3215 (1.5611)  loss_giou_3: 1.2690 (1.4477)  loss_class_4: 0.9278 (0.7137)  loss_bbox_4: 1.3321 (1.5547)  loss_giou_4: 1.2659 (1.4448)  loss_class_enc: 0.8235 (0.7014)  loss_bbox_enc: 1.3937 (1.6028)  loss_giou_enc: 1.3291 (1.4706)  loss_class_dn: 0.5833 (0.7402)  loss_bbox_dn: 1.3180 (1.3720)  loss_giou_dn: 1.3062 (1.3042)  loss_class_dn_0: 0.6734 (0.7929)  loss_bbox_dn_0: 1.2934 (1.3588)  loss_giou_dn_0: 1.3120 (1.3070)  loss_class_dn_1: 0.6224 (0.7678)  loss_bbox_dn_1: 1.2956 (1.3605)  loss_giou_dn_1: 1.3102 (1.3060)  loss_class_dn_2: 0.6049 (0.7736)  loss_bbox_dn_2: 1.2994 (1.3628)  loss_giou_dn_2: 1.3097 (1.3053)  loss_class_dn_3: 0.5967 (0.7536)  loss_bbox_dn_3: 1.3040 (1.3654)  loss_giou_dn_3: 1.3097 (1.3048)  loss_class_dn_4: 0.5950 (0.7511)  loss_bbox_dn_4: 1.3107 (1.3685)  loss_giou_dn_4: 1.3083 (1.3044)  loss_class_hybrid: 0.4743 (0.4480)  loss_bbox_hybrid: 1.6162 (1.7457)  loss_giou_hybrid: 1.5058 (1.5715)  loss_class_0_hybrid: 0.4155 (0.4142)  loss_bbox_0_hybrid: 1.6739 (1.8059)  loss_giou_0_hybrid: 1.5762 (1.6093)  loss_class_1_hybrid: 0.4314 (0.4228)  loss_bbox_1_hybrid: 1.6404 (1.7790)  loss_giou_1_hybrid: 1.5689 (1.5937)  loss_class_2_hybrid: 0.4436 (0.4395)  loss_bbox_2_hybrid: 1.6222 (1.7645)  loss_giou_2_hybrid: 1.5513 (1.5854)  loss_class_3_hybrid: 0.4467 (0.4411)  loss_bbox_3_hybrid: 1.6127 (1.7575)  loss_giou_3_hybrid: 1.5323 (1.5797)  loss_class_4_hybrid: 0.4690 (0.4459)  loss_bbox_4_hybrid: 1.6172 (1.7511)  loss_giou_4_hybrid: 1.5180 (1.5756)  loss_class_enc_hybrid: 0.4553 (0.4516)  loss_bbox_enc_hybrid: 1.6751 (1.7994)  loss_giou_enc_hybrid: 1.5874 (1.6095)  mem: 998  max mem: 11715
[2026-09-22 16:24:40 accelerate.tracking]: [RANK 0] Successfully logged to TensorBoard
[2026-09-22 16:25:09 det.util.engine]: Epoch: [0]  [150/2405]  eta: 0:21:34  lr: 0.000015  data_time: 0.0029  iter_time: 0.5603  loss: 69.2825 (72.5178)  loss_class: 1.0518 (0.8316)  loss_bbox: 1.1384 (1.4632)  loss_giou: 1.1762 (1.3610)  loss_class_0: 0.8330 (0.6929)  loss_bbox_0: 1.3207 (1.5510)  loss_giou_0: 1.2947 (1.4176)  loss_class_1: 0.9229 (0.7535)  loss_bbox_1: 1.2311 (1.5138)  loss_giou_1: 1.2442 (1.3925)  loss_class_2: 0.9585 (0.7911)  loss_bbox_2: 1.1941 (1.4953)  loss_giou_2: 1.2191 (1.3772)  loss_class_3: 1.0062 (0.8107)  loss_bbox_3: 1.1740 (1.4822)  loss_giou_3: 1.1887 (1.3709)  loss_class_4: 1.0352 (0.8205)  loss_bbox_4: 1.1434 (1.4721)  loss_giou_4: 1.1686 (1.3652)  loss_class_enc: 0.8583 (0.7445)  loss_bbox_enc: 1.3450 (1.5496)  loss_giou_enc: 1.3200 (1.4136)  loss_class_dn: 0.4916 (0.6723)  loss_bbox_dn: 1.7118 (1.4460)  loss_giou_dn: 1.3244 (1.3054)  loss_class_dn_0: 0.5734 (0.7338)  loss_bbox_dn_0: 1.3844 (1.3760)  loss_giou_dn_0: 1.3130 (1.3051)  loss_class_dn_1: 0.5308 (0.6999)  loss_bbox_dn_1: 1.4350 (1.3855)  loss_giou_dn_1: 1.3147 (1.3039)  loss_class_dn_2: 0.5262 (0.7011)  loss_bbox_dn_2: 1.5132 (1.3991)  loss_giou_dn_2: 1.3119 (1.3036)  loss_class_dn_3: 0.5214 (0.6868)  loss_bbox_dn_3: 1.5866 (1.4142)  loss_giou_dn_3: 1.3123 (1.3038)  loss_class_dn_4: 0.5109 (0.6831)  loss_bbox_dn_4: 1.6590 (1.4301)  loss_giou_dn_4: 1.3176 (1.3044)  loss_class_hybrid: 0.5255 (0.4674)  loss_bbox_hybrid: 1.4460 (1.7057)  loss_giou_hybrid: 1.4197 (1.5351)  loss_class_0_hybrid: 0.3989 (0.4090)  loss_bbox_0_hybrid: 1.7278 (1.8129)  loss_giou_0_hybrid: 1.6208 (1.6022)  loss_class_1_hybrid: 0.4459 (0.4242)  loss_bbox_1_hybrid: 1.6315 (1.7726)  loss_giou_1_hybrid: 1.5546 (1.5783)  loss_class_2_hybrid: 0.4760 (0.4446)  loss_bbox_2_hybrid: 1.5696 (1.7479)  loss_giou_2_hybrid: 1.5084 (1.5632)  loss_class_3_hybrid: 0.5032 (0.4499)  loss_bbox_3_hybrid: 1.5207 (1.7314)  loss_giou_3_hybrid: 1.4651 (1.5526)  loss_class_4_hybrid: 0.5272 (0.4608)  loss_bbox_4_hybrid: 1.4935 (1.7175)  loss_giou_4_hybrid: 1.4382 (1.5433)  loss_class_enc_hybrid: 0.3986 (0.4444)  loss_bbox_enc_hybrid: 1.7794 (1.8201)  loss_giou_enc_hybrid: 1.6357 (1.6103)  mem: 995  max mem: 11715
[2026-09-22 16:25:09 accelerate.tracking]: [RANK 0] Successfully logged to TensorBoard
[2026-09-22 16:25:36 det.util.engine]: Epoch: [0]  [200/2405]  eta: 0:20:47  lr: 0.000020  data_time: 0.0027  iter_time: 0.5076  loss: 68.9229 (72.0820)  loss_class: 1.2137 (0.9175)  loss_bbox: 1.0116 (1.3929)  loss_giou: 1.0381 (1.2950)  loss_class_0: 1.0203 (0.7656)  loss_bbox_0: 1.1191 (1.4902)  loss_giou_0: 1.1169 (1.3578)  loss_class_1: 1.1471 (0.8411)  loss_bbox_1: 1.1477 (1.4452)  loss_giou_1: 1.0715 (1.3292)  loss_class_2: 1.2063 (0.8795)  loss_bbox_2: 1.1013 (1.4249)  loss_giou_2: 1.0487 (1.3118)  loss_class_3: 1.1518 (0.8970)  loss_bbox_3: 1.0219 (1.4105)  loss_giou_3: 1.0457 (1.3050)  loss_class_4: 1.1557 (0.9044)  loss_bbox_4: 1.0054 (1.4010)  loss_giou_4: 1.0378 (1.2995)  loss_class_enc: 0.9460 (0.7940)  loss_bbox_enc: 1.2216 (1.5010)  loss_giou_enc: 1.1488 (1.3590)  loss_class_dn: 0.4859 (0.6233)  loss_bbox_dn: 1.7997 (1.5357)  loss_giou_dn: 1.3033 (1.3092)  loss_class_dn_0: 0.5142 (0.6872)  loss_bbox_dn_0: 1.4155 (1.3956)  loss_giou_dn_0: 1.2792 (1.3011)  loss_class_dn_1: 0.4755 (0.6502)  loss_bbox_dn_1: 1.5489 (1.4231)  loss_giou_dn_1: 1.2753 (1.3008)  loss_class_dn_2: 0.4823 (0.6488)  loss_bbox_dn_2: 1.6515 (1.4555)  loss_giou_dn_2: 1.2840 (1.3024)  loss_class_dn_3: 0.4902 (0.6377)  loss_bbox_dn_3: 1.7254 (1.4854)  loss_giou_dn_3: 1.2938 (1.3046)  loss_class_dn_4: 0.4885 (0.6337)  loss_bbox_dn_4: 1.7667 (1.5116)  loss_giou_dn_4: 1.3003 (1.3068)  loss_class_hybrid: 0.5385 (0.4799)  loss_bbox_hybrid: 1.5202 (1.6797)  loss_giou_hybrid: 1.3457 (1.5082)  loss_class_0_hybrid: 0.4244 (0.4098)  loss_bbox_0_hybrid: 1.7484 (1.8181)  loss_giou_0_hybrid: 1.5129 (1.5954)  loss_class_1_hybrid: 0.4719 (0.4317)  loss_bbox_1_hybrid: 1.6298 (1.7636)  loss_giou_1_hybrid: 1.4580 (1.5616)  loss_class_2_hybrid: 0.4987 (0.4527)  loss_bbox_2_hybrid: 1.5639 (1.7296)  loss_giou_2_hybrid: 1.4116 (1.5409)  loss_class_3_hybrid: 0.5112 (0.4608)  loss_bbox_3_hybrid: 1.5460 (1.7081)  loss_giou_3_hybrid: 1.3741 (1.5279)  loss_class_4_hybrid: 0.5226 (0.4725)  loss_bbox_4_hybrid: 1.5471 (1.6925)  loss_giou_4_hybrid: 1.3643 (1.5171)  loss_class_enc_hybrid: 0.4296 (0.4342)  loss_bbox_enc_hybrid: 1.8086 (1.8459)  loss_giou_enc_hybrid: 1.6011 (1.6168)  mem: 991  max mem: 11715
[2026-09-22 16:25:36 accelerate.tracking]: [RANK 0] Successfully logged to TensorBoard
[2026-09-22 16:26:02 det.util.engine]: Epoch: [0]  [250/2405]  eta: 0:20:03  lr: 0.000025  data_time: 0.0031  iter_time: 0.5277  loss: 64.9717 (71.1977)  loss_class: 1.1169 (0.9712)  loss_bbox: 1.0051 (1.3364)  loss_giou: 1.1212 (1.2523)  loss_class_0: 1.0277 (0.8214)  loss_bbox_0: 1.0786 (1.4308)  loss_giou_0: 1.1480 (1.3113)  loss_class_1: 1.0618 (0.8993)  loss_bbox_1: 1.0618 (1.3869)  loss_giou_1: 1.1541 (1.2841)  loss_class_2: 1.0986 (0.9368)  loss_bbox_2: 1.0569 (1.3662)  loss_giou_2: 1.1392 (1.2680)  loss_class_3: 1.0780 (0.9484)  loss_bbox_3: 1.0266 (1.3529)  loss_giou_3: 1.1263 (1.2621)  loss_class_4: 1.0809 (0.9567)  loss_bbox_4: 1.0251 (1.3441)  loss_giou_4: 1.1080 (1.2565)  loss_class_enc: 0.9290 (0.8341)  loss_bbox_enc: 1.0779 (1.4470)  loss_giou_enc: 1.1646 (1.3148)  loss_class_dn: 0.4739 (0.5945)  loss_bbox_dn: 1.4442 (1.5615)  loss_giou_dn: 1.3224 (1.3090)  loss_class_dn_0: 0.4438 (0.6437)  loss_bbox_dn_0: 1.3335 (1.4115)  loss_giou_dn_0: 1.3171 (1.3009)  loss_class_dn_1: 0.4227 (0.6075)  loss_bbox_dn_1: 1.3976 (1.4499)  loss_giou_dn_1: 1.3215 (1.3009)  loss_class_dn_2: 0.4309 (0.6078)  loss_bbox_dn_2: 1.4352 (1.4863)  loss_giou_dn_2: 1.3227 (1.3027)  loss_class_dn_3: 0.4515 (0.6023)  loss_bbox_dn_3: 1.4536 (1.5159)  loss_giou_dn_3: 1.3237 (1.3048)  loss_class_dn_4: 0.4681 (0.6017)  loss_bbox_dn_4: 1.4483 (1.5400)  loss_giou_dn_4: 1.3233 (1.3067)  loss_class_hybrid: 0.6294 (0.5107)  loss_bbox_hybrid: 1.3528 (1.6243)  loss_giou_hybrid: 1.2732 (1.4650)  loss_class_0_hybrid: 0.6221 (0.4475)  loss_bbox_0_hybrid: 1.3275 (1.7564)  loss_giou_0_hybrid: 1.3170 (1.5485)  loss_class_1_hybrid: 0.6202 (0.4678)  loss_bbox_1_hybrid: 1.3421 (1.7017)  loss_giou_1_hybrid: 1.2903 (1.5141)  loss_class_2_hybrid: 0.6258 (0.4858)  loss_bbox_2_hybrid: 1.3500 (1.6693)  loss_giou_2_hybrid: 1.2865 (1.4945)  loss_class_3_hybrid: 0.6365 (0.4927)  loss_bbox_3_hybrid: 1.3371 (1.6500)  loss_giou_3_hybrid: 1.2766 (1.4825)  loss_class_4_hybrid: 0.6402 (0.5039)  loss_bbox_4_hybrid: 1.3490 (1.6358)  loss_giou_4_hybrid: 1.2775 (1.4727)  loss_class_enc_hybrid: 0.7694 (0.4776)  loss_bbox_enc_hybrid: 1.3145 (1.7919)  loss_giou_enc_hybrid: 1.3346 (1.5761)  mem: 991  max mem: 11715
[2026-09-22 16:26:02 accelerate.tracking]: [RANK 0] Successfully logged to TensorBoard
[2026-09-22 16:26:29 det.util.engine]: Epoch: [0]  [300/2405]  eta: 0:19:28  lr: 0.000030  data_time: 0.0029  iter_time: 0.5356  loss: 64.7945 (70.0866)  loss_class: 1.1594 (1.0063)  loss_bbox: 1.1435 (1.2914)  loss_giou: 1.0453 (1.2213)  loss_class_0: 1.0324 (0.8564)  loss_bbox_0: 1.2018 (1.3836)  loss_giou_0: 1.0996 (1.2795)  loss_class_1: 1.0155 (0.9301)  loss_bbox_1: 1.1778 (1.3418)  loss_giou_1: 1.0846 (1.2531)  loss_class_2: 1.0643 (0.9674)  loss_bbox_2: 1.1680 (1.3215)  loss_giou_2: 1.0701 (1.2377)  loss_class_3: 1.1134 (0.9829)  loss_bbox_3: 1.1495 (1.3083)  loss_giou_3: 1.0668 (1.2312)  loss_class_4: 1.1247 (0.9915)  loss_bbox_4: 1.1577 (1.2991)  loss_giou_4: 1.0661 (1.2251)  loss_class_enc: 0.9621 (0.8621)  loss_bbox_enc: 1.1568 (1.3985)  loss_giou_enc: 1.0907 (1.2807)  loss_class_dn: 0.4975 (0.5786)  loss_bbox_dn: 1.3392 (1.5300)  loss_giou_dn: 1.2844 (1.3069)  loss_class_dn_0: 0.4303 (0.6103)  loss_bbox_dn_0: 1.3646 (1.4059)  loss_giou_dn_0: 1.2870 (1.3007)  loss_class_dn_1: 0.4224 (0.5776)  loss_bbox_dn_1: 1.3707 (1.4408)  loss_giou_dn_1: 1.2803 (1.3002)  loss_class_dn_2: 0.4388 (0.5802)  loss_bbox_dn_2: 1.3583 (1.4711)  loss_giou_dn_2: 1.2772 (1.3012)  loss_class_dn_3: 0.4716 (0.5799)  loss_bbox_dn_3: 1.3508 (1.4948)  loss_giou_dn_3: 1.2755 (1.3027)  loss_class_dn_4: 0.4915 (0.5829)  loss_bbox_dn_4: 1.3434 (1.5133)  loss_giou_dn_4: 1.2743 (1.3044)  loss_class_hybrid: 0.6469 (0.5441)  loss_bbox_hybrid: 1.2970 (1.5612)  loss_giou_hybrid: 1.2229 (1.4218)  loss_class_0_hybrid: 0.6068 (0.4839)  loss_bbox_0_hybrid: 1.4728 (1.6856)  loss_giou_0_hybrid: 1.2706 (1.5001)  loss_class_1_hybrid: 0.6150 (0.5011)  loss_bbox_1_hybrid: 1.4449 (1.6360)  loss_giou_1_hybrid: 1.2482 (1.4685)  loss_class_2_hybrid: 0.6439 (0.5183)  loss_bbox_2_hybrid: 1.4165 (1.6059)  loss_giou_2_hybrid: 1.2354 (1.4500)  loss_class_3_hybrid: 0.6477 (0.5262)  loss_bbox_3_hybrid: 1.3756 (1.5869)  loss_giou_3_hybrid: 1.2284 (1.4386)  loss_class_4_hybrid: 0.6419 (0.5370)  loss_bbox_4_hybrid: 1.3308 (1.5725)  loss_giou_4_hybrid: 1.2278 (1.4293)  loss_class_enc_hybrid: 0.7649 (0.5351)  loss_bbox_enc_hybrid: 1.3695 (1.7121)  loss_giou_enc_hybrid: 1.2904 (1.5215)  mem: 1001  max mem: 11715
[2026-09-22 16:26:29 accelerate.tracking]: [RANK 0] Successfully logged to TensorBoard
