# train.log から引用に要る行だけを抜いた要約。
# 元の train.log は 1.6〜1.9 MB あり step ごとの損失行が大半のため版管理へ入れない。
# 抜いた行: 各 epoch の先頭（lr）・COCO 評価の全 12 行・Training time・開始と保存の告知・異常語。
Using [0, 0.5, 0.6299605249474365, 0.7937005259840997, 1.0, 1.259921049894873, 1.5874010519681991, 2.0, inf] as bins for aspect ratio quantization
Using [0, 0.5, 0.6299605249474365, 0.7937005259840997, 1.0, 1.259921049894873, 1.5874010519681991, 2.0, inf] as bins for aspect ratio quantization
[2026-09-19 08:38:08 det.__main__]: [RANK 0] Start training
[2026-09-19 08:38:11 det.util.engine]: Epoch: [0]  [0/2405]  eta: 1:13:05  lr: 0.000000  data_time: 0.0176  iter_time: 1.8236  loss: 78.2852 (78.2852)  loss_class: 0.8362 (0.8362)  loss_bbox: 1.7124 (
[2026-09-19 09:14:45 det.__main__]: [RANK 0] Start evaluation
 Average Precision  (AP) @[ IoU=0.50:0.95 | area=   all | maxDets=100 ] = 0.326
 Average Precision  (AP) @[ IoU=0.50      | area=   all | maxDets=100 ] = 0.512
 Average Precision  (AP) @[ IoU=0.75      | area=   all | maxDets=100 ] = 0.357
 Average Precision  (AP) @[ IoU=0.50:0.95 | area= small | maxDets=100 ] = 0.000
 Average Precision  (AP) @[ IoU=0.50:0.95 | area=medium | maxDets=100 ] = 0.048
 Average Precision  (AP) @[ IoU=0.50:0.95 | area= large | maxDets=100 ] = 0.331
 Average Recall     (AR) @[ IoU=0.50:0.95 | area=   all | maxDets=  1 ] = 0.462
 Average Recall     (AR) @[ IoU=0.50:0.95 | area=   all | maxDets= 10 ] = 0.654
 Average Recall     (AR) @[ IoU=0.50:0.95 | area=   all | maxDets=100 ] = 0.714
 Average Recall     (AR) @[ IoU=0.50:0.95 | area= small | maxDets=100 ] = 0.000
 Average Recall     (AR) @[ IoU=0.50:0.95 | area=medium | maxDets=100 ] = 0.222
 Average Recall     (AR) @[ IoU=0.50:0.95 | area= large | maxDets=100 ] = 0.724
[2026-09-19 09:16:48 det.util.utils]: [RANK 0] the best ap model is saved to /home/ubuntu/slocal2/m2/experiments/baselines/stage1_dtower/dimagenet_foldA_seed456/work/best_ap.pth
[2026-09-19 09:16:50 det.util.engine]: Epoch: [1]  [0/2405]  eta: 0:39:37  lr: 0.000100  data_time: 0.0192  iter_time: 0.9885  loss: 34.3378 (34.3378)  loss_class: 0.9776 (0.9776)  loss_bbox: 0.1767 (
[2026-09-19 09:53:27 det.__main__]: [RANK 0] Start evaluation
 Average Precision  (AP) @[ IoU=0.50:0.95 | area=   all | maxDets=100 ] = 0.482
 Average Precision  (AP) @[ IoU=0.50      | area=   all | maxDets=100 ] = 0.645
 Average Precision  (AP) @[ IoU=0.75      | area=   all | maxDets=100 ] = 0.539
 Average Precision  (AP) @[ IoU=0.50:0.95 | area= small | maxDets=100 ] = 0.000
 Average Precision  (AP) @[ IoU=0.50:0.95 | area=medium | maxDets=100 ] = 0.117
 Average Precision  (AP) @[ IoU=0.50:0.95 | area= large | maxDets=100 ] = 0.490
 Average Recall     (AR) @[ IoU=0.50:0.95 | area=   all | maxDets=  1 ] = 0.594
 Average Recall     (AR) @[ IoU=0.50:0.95 | area=   all | maxDets= 10 ] = 0.730
 Average Recall     (AR) @[ IoU=0.50:0.95 | area=   all | maxDets=100 ] = 0.771
 Average Recall     (AR) @[ IoU=0.50:0.95 | area= small | maxDets=100 ] = 0.000
 Average Recall     (AR) @[ IoU=0.50:0.95 | area=medium | maxDets=100 ] = 0.326
 Average Recall     (AR) @[ IoU=0.50:0.95 | area= large | maxDets=100 ] = 0.780
[2026-09-19 09:55:39 det.util.utils]: [RANK 0] the best ap model is saved to /home/ubuntu/slocal2/m2/experiments/baselines/stage1_dtower/dimagenet_foldA_seed456/work/best_ap.pth
[2026-09-19 09:55:41 det.util.engine]: Epoch: [2]  [0/2405]  eta: 0:39:17  lr: 0.000100  data_time: 0.0212  iter_time: 0.9803  loss: 36.7161 (36.7161)  loss_class: 1.1401 (1.1401)  loss_bbox: 0.3220 (
[2026-09-19 10:32:25 det.__main__]: [RANK 0] Start evaluation
 Average Precision  (AP) @[ IoU=0.50:0.95 | area=   all | maxDets=100 ] = 0.546
 Average Precision  (AP) @[ IoU=0.50      | area=   all | maxDets=100 ] = 0.706
 Average Precision  (AP) @[ IoU=0.75      | area=   all | maxDets=100 ] = 0.614
 Average Precision  (AP) @[ IoU=0.50:0.95 | area= small | maxDets=100 ] = 0.000
 Average Precision  (AP) @[ IoU=0.50:0.95 | area=medium | maxDets=100 ] = 0.157
 Average Precision  (AP) @[ IoU=0.50:0.95 | area= large | maxDets=100 ] = 0.555
 Average Recall     (AR) @[ IoU=0.50:0.95 | area=   all | maxDets=  1 ] = 0.638
 Average Recall     (AR) @[ IoU=0.50:0.95 | area=   all | maxDets= 10 ] = 0.774
 Average Recall     (AR) @[ IoU=0.50:0.95 | area=   all | maxDets=100 ] = 0.813
 Average Recall     (AR) @[ IoU=0.50:0.95 | area= small | maxDets=100 ] = 0.000
 Average Recall     (AR) @[ IoU=0.50:0.95 | area=medium | maxDets=100 ] = 0.447
 Average Recall     (AR) @[ IoU=0.50:0.95 | area= large | maxDets=100 ] = 0.821
[2026-09-19 10:34:42 det.util.utils]: [RANK 0] the best ap model is saved to /home/ubuntu/slocal2/m2/experiments/baselines/stage1_dtower/dimagenet_foldA_seed456/work/best_ap.pth
[2026-09-19 10:34:44 det.util.engine]: Epoch: [3]  [0/2405]  eta: 0:41:14  lr: 0.000100  data_time: 0.0036  iter_time: 1.0289  loss: 33.6972 (33.6972)  loss_class: 0.7305 (0.7305)  loss_bbox: 0.3298 (
[2026-09-19 11:11:40 det.__main__]: [RANK 0] Start evaluation
 Average Precision  (AP) @[ IoU=0.50:0.95 | area=   all | maxDets=100 ] = 0.582
 Average Precision  (AP) @[ IoU=0.50      | area=   all | maxDets=100 ] = 0.741
 Average Precision  (AP) @[ IoU=0.75      | area=   all | maxDets=100 ] = 0.646
 Average Precision  (AP) @[ IoU=0.50:0.95 | area= small | maxDets=100 ] = 0.000
 Average Precision  (AP) @[ IoU=0.50:0.95 | area=medium | maxDets=100 ] = 0.177
 Average Precision  (AP) @[ IoU=0.50:0.95 | area= large | maxDets=100 ] = 0.592
 Average Recall     (AR) @[ IoU=0.50:0.95 | area=   all | maxDets=  1 ] = 0.652
 Average Recall     (AR) @[ IoU=0.50:0.95 | area=   all | maxDets= 10 ] = 0.782
 Average Recall     (AR) @[ IoU=0.50:0.95 | area=   all | maxDets=100 ] = 0.811
 Average Recall     (AR) @[ IoU=0.50:0.95 | area= small | maxDets=100 ] = 0.000
 Average Recall     (AR) @[ IoU=0.50:0.95 | area=medium | maxDets=100 ] = 0.469
 Average Recall     (AR) @[ IoU=0.50:0.95 | area= large | maxDets=100 ] = 0.820
[2026-09-19 11:14:02 det.util.utils]: [RANK 0] the best ap model is saved to /home/ubuntu/slocal2/m2/experiments/baselines/stage1_dtower/dimagenet_foldA_seed456/work/best_ap.pth
[2026-09-19 11:14:03 det.util.engine]: Epoch: [4]  [0/2405]  eta: 0:43:45  lr: 0.000100  data_time: 0.0036  iter_time: 1.0918  loss: 24.5302 (24.5302)  loss_class: 0.4380 (0.4380)  loss_bbox: 0.2953 (
[2026-09-19 11:50:55 det.__main__]: [RANK 0] Start evaluation
 Average Precision  (AP) @[ IoU=0.50:0.95 | area=   all | maxDets=100 ] = 0.620
 Average Precision  (AP) @[ IoU=0.50      | area=   all | maxDets=100 ] = 0.773
 Average Precision  (AP) @[ IoU=0.75      | area=   all | maxDets=100 ] = 0.687
 Average Precision  (AP) @[ IoU=0.50:0.95 | area= small | maxDets=100 ] = 0.000
 Average Precision  (AP) @[ IoU=0.50:0.95 | area=medium | maxDets=100 ] = 0.180
 Average Precision  (AP) @[ IoU=0.50:0.95 | area= large | maxDets=100 ] = 0.629
 Average Recall     (AR) @[ IoU=0.50:0.95 | area=   all | maxDets=  1 ] = 0.681
 Average Recall     (AR) @[ IoU=0.50:0.95 | area=   all | maxDets= 10 ] = 0.789
 Average Recall     (AR) @[ IoU=0.50:0.95 | area=   all | maxDets=100 ] = 0.813
 Average Recall     (AR) @[ IoU=0.50:0.95 | area= small | maxDets=100 ] = 0.000
 Average Recall     (AR) @[ IoU=0.50:0.95 | area=medium | maxDets=100 ] = 0.394
 Average Recall     (AR) @[ IoU=0.50:0.95 | area= large | maxDets=100 ] = 0.823
[2026-09-19 11:53:15 det.util.utils]: [RANK 0] the best ap model is saved to /home/ubuntu/slocal2/m2/experiments/baselines/stage1_dtower/dimagenet_foldA_seed456/work/best_ap.pth
[2026-09-19 11:53:17 det.util.engine]: Epoch: [5]  [0/2405]  eta: 0:45:26  lr: 0.000100  data_time: 0.0034  iter_time: 1.1335  loss: 23.5374 (23.5374)  loss_class: 0.4288 (0.4288)  loss_bbox: 0.2447 (
[2026-09-19 12:30:32 det.__main__]: [RANK 0] Start evaluation
 Average Precision  (AP) @[ IoU=0.50:0.95 | area=   all | maxDets=100 ] = 0.600
 Average Precision  (AP) @[ IoU=0.50      | area=   all | maxDets=100 ] = 0.760
 Average Precision  (AP) @[ IoU=0.75      | area=   all | maxDets=100 ] = 0.662
 Average Precision  (AP) @[ IoU=0.50:0.95 | area= small | maxDets=100 ] = 0.000
 Average Precision  (AP) @[ IoU=0.50:0.95 | area=medium | maxDets=100 ] = 0.169
 Average Precision  (AP) @[ IoU=0.50:0.95 | area= large | maxDets=100 ] = 0.610
 Average Recall     (AR) @[ IoU=0.50:0.95 | area=   all | maxDets=  1 ] = 0.678
 Average Recall     (AR) @[ IoU=0.50:0.95 | area=   all | maxDets= 10 ] = 0.779
 Average Recall     (AR) @[ IoU=0.50:0.95 | area=   all | maxDets=100 ] = 0.803
 Average Recall     (AR) @[ IoU=0.50:0.95 | area= small | maxDets=100 ] = 0.000
 Average Recall     (AR) @[ IoU=0.50:0.95 | area=medium | maxDets=100 ] = 0.370
 Average Recall     (AR) @[ IoU=0.50:0.95 | area= large | maxDets=100 ] = 0.812
[2026-09-19 12:32:54 det.util.engine]: Epoch: [6]  [0/2405]  eta: 0:40:39  lr: 0.000100  data_time: 0.0032  iter_time: 1.0145  loss: 24.5040 (24.5040)  loss_class: 0.3626 (0.3626)  loss_bbox: 0.2728 (
[2026-09-19 13:10:20 det.__main__]: [RANK 0] Start evaluation
 Average Precision  (AP) @[ IoU=0.50:0.95 | area=   all | maxDets=100 ] = 0.587
 Average Precision  (AP) @[ IoU=0.50      | area=   all | maxDets=100 ] = 0.755
 Average Precision  (AP) @[ IoU=0.75      | area=   all | maxDets=100 ] = 0.657
 Average Precision  (AP) @[ IoU=0.50:0.95 | area= small | maxDets=100 ] = 0.000
 Average Precision  (AP) @[ IoU=0.50:0.95 | area=medium | maxDets=100 ] = 0.219
 Average Precision  (AP) @[ IoU=0.50:0.95 | area= large | maxDets=100 ] = 0.595
 Average Recall     (AR) @[ IoU=0.50:0.95 | area=   all | maxDets=  1 ] = 0.661
 Average Recall     (AR) @[ IoU=0.50:0.95 | area=   all | maxDets= 10 ] = 0.779
 Average Recall     (AR) @[ IoU=0.50:0.95 | area=   all | maxDets=100 ] = 0.809
 Average Recall     (AR) @[ IoU=0.50:0.95 | area= small | maxDets=100 ] = 0.000
 Average Recall     (AR) @[ IoU=0.50:0.95 | area=medium | maxDets=100 ] = 0.424
 Average Recall     (AR) @[ IoU=0.50:0.95 | area= large | maxDets=100 ] = 0.818
[2026-09-19 13:12:46 det.util.engine]: Epoch: [7]  [0/2405]  eta: 0:38:01  lr: 0.000100  data_time: 0.0405  iter_time: 0.9485  loss: 26.5925 (26.5925)  loss_class: 0.5996 (0.5996)  loss_bbox: 0.2244 (
[2026-09-19 13:50:21 det.__main__]: [RANK 0] Start evaluation
 Average Precision  (AP) @[ IoU=0.50:0.95 | area=   all | maxDets=100 ] = 0.633
 Average Precision  (AP) @[ IoU=0.50      | area=   all | maxDets=100 ] = 0.778
 Average Precision  (AP) @[ IoU=0.75      | area=   all | maxDets=100 ] = 0.699
 Average Precision  (AP) @[ IoU=0.50:0.95 | area= small | maxDets=100 ] = 0.000
 Average Precision  (AP) @[ IoU=0.50:0.95 | area=medium | maxDets=100 ] = 0.210
 Average Precision  (AP) @[ IoU=0.50:0.95 | area= large | maxDets=100 ] = 0.643
 Average Recall     (AR) @[ IoU=0.50:0.95 | area=   all | maxDets=  1 ] = 0.695
 Average Recall     (AR) @[ IoU=0.50:0.95 | area=   all | maxDets= 10 ] = 0.804
 Average Recall     (AR) @[ IoU=0.50:0.95 | area=   all | maxDets=100 ] = 0.828
 Average Recall     (AR) @[ IoU=0.50:0.95 | area= small | maxDets=100 ] = 0.000
 Average Recall     (AR) @[ IoU=0.50:0.95 | area=medium | maxDets=100 ] = 0.457
 Average Recall     (AR) @[ IoU=0.50:0.95 | area= large | maxDets=100 ] = 0.837
[2026-09-19 13:52:46 det.util.utils]: [RANK 0] the best ap model is saved to /home/ubuntu/slocal2/m2/experiments/baselines/stage1_dtower/dimagenet_foldA_seed456/work/best_ap.pth
[2026-09-19 13:52:48 det.util.engine]: Epoch: [8]  [0/2405]  eta: 0:42:52  lr: 0.000100  data_time: 0.0038  iter_time: 1.0697  loss: 20.0013 (20.0013)  loss_class: 0.3766 (0.3766)  loss_bbox: 0.2335 (
[2026-09-19 14:30:34 det.__main__]: [RANK 0] Start evaluation
 Average Precision  (AP) @[ IoU=0.50:0.95 | area=   all | maxDets=100 ] = 0.623
 Average Precision  (AP) @[ IoU=0.50      | area=   all | maxDets=100 ] = 0.769
 Average Precision  (AP) @[ IoU=0.75      | area=   all | maxDets=100 ] = 0.684
 Average Precision  (AP) @[ IoU=0.50:0.95 | area= small | maxDets=100 ] = 0.000
 Average Precision  (AP) @[ IoU=0.50:0.95 | area=medium | maxDets=100 ] = 0.218
 Average Precision  (AP) @[ IoU=0.50:0.95 | area= large | maxDets=100 ] = 0.632
 Average Recall     (AR) @[ IoU=0.50:0.95 | area=   all | maxDets=  1 ] = 0.687
 Average Recall     (AR) @[ IoU=0.50:0.95 | area=   all | maxDets= 10 ] = 0.793
 Average Recall     (AR) @[ IoU=0.50:0.95 | area=   all | maxDets=100 ] = 0.823
 Average Recall     (AR) @[ IoU=0.50:0.95 | area= small | maxDets=100 ] = 0.000
 Average Recall     (AR) @[ IoU=0.50:0.95 | area=medium | maxDets=100 ] = 0.381
 Average Recall     (AR) @[ IoU=0.50:0.95 | area= large | maxDets=100 ] = 0.832
[2026-09-19 14:33:02 det.util.engine]: Epoch: [9]  [0/2405]  eta: 0:36:04  lr: 0.000100  data_time: 0.0114  iter_time: 0.8998  loss: 22.4193 (22.4193)  loss_class: 0.4328 (0.4328)  loss_bbox: 0.2210 (
[2026-09-19 15:10:07 det.__main__]: [RANK 0] Start evaluation
 Average Precision  (AP) @[ IoU=0.50:0.95 | area=   all | maxDets=100 ] = 0.651
 Average Precision  (AP) @[ IoU=0.50      | area=   all | maxDets=100 ] = 0.796
 Average Precision  (AP) @[ IoU=0.75      | area=   all | maxDets=100 ] = 0.714
 Average Precision  (AP) @[ IoU=0.50:0.95 | area= small | maxDets=100 ] = 0.000
 Average Precision  (AP) @[ IoU=0.50:0.95 | area=medium | maxDets=100 ] = 0.243
 Average Precision  (AP) @[ IoU=0.50:0.95 | area= large | maxDets=100 ] = 0.660
 Average Recall     (AR) @[ IoU=0.50:0.95 | area=   all | maxDets=  1 ] = 0.700
 Average Recall     (AR) @[ IoU=0.50:0.95 | area=   all | maxDets= 10 ] = 0.805
 Average Recall     (AR) @[ IoU=0.50:0.95 | area=   all | maxDets=100 ] = 0.831
 Average Recall     (AR) @[ IoU=0.50:0.95 | area= small | maxDets=100 ] = 0.000
 Average Recall     (AR) @[ IoU=0.50:0.95 | area=medium | maxDets=100 ] = 0.467
 Average Recall     (AR) @[ IoU=0.50:0.95 | area= large | maxDets=100 ] = 0.840
[2026-09-19 15:12:37 det.util.utils]: [RANK 0] the best ap model is saved to /home/ubuntu/slocal2/m2/experiments/baselines/stage1_dtower/dimagenet_foldA_seed456/work/best_ap.pth
[2026-09-19 15:12:39 det.util.engine]: Epoch: [10]  [0/2405]  eta: 0:43:01  lr: 0.000010  data_time: 0.0204  iter_time: 1.0733  loss: 19.2318 (19.2318)  loss_class: 0.3945 (0.3945)  loss_bbox: 0.1418 
[2026-09-19 15:49:48 det.__main__]: [RANK 0] Start evaluation
 Average Precision  (AP) @[ IoU=0.50:0.95 | area=   all | maxDets=100 ] = 0.669
 Average Precision  (AP) @[ IoU=0.50      | area=   all | maxDets=100 ] = 0.811
 Average Precision  (AP) @[ IoU=0.75      | area=   all | maxDets=100 ] = 0.735
 Average Precision  (AP) @[ IoU=0.50:0.95 | area= small | maxDets=100 ] = 0.000
 Average Precision  (AP) @[ IoU=0.50:0.95 | area=medium | maxDets=100 ] = 0.235
 Average Precision  (AP) @[ IoU=0.50:0.95 | area= large | maxDets=100 ] = 0.679
 Average Recall     (AR) @[ IoU=0.50:0.95 | area=   all | maxDets=  1 ] = 0.715
 Average Recall     (AR) @[ IoU=0.50:0.95 | area=   all | maxDets= 10 ] = 0.812
 Average Recall     (AR) @[ IoU=0.50:0.95 | area=   all | maxDets=100 ] = 0.836
 Average Recall     (AR) @[ IoU=0.50:0.95 | area= small | maxDets=100 ] = 0.000
 Average Recall     (AR) @[ IoU=0.50:0.95 | area=medium | maxDets=100 ] = 0.430
 Average Recall     (AR) @[ IoU=0.50:0.95 | area= large | maxDets=100 ] = 0.844
[2026-09-19 15:52:17 det.util.utils]: [RANK 0] the best ap model is saved to /home/ubuntu/slocal2/m2/experiments/baselines/stage1_dtower/dimagenet_foldA_seed456/work/best_ap.pth
[2026-09-19 15:52:19 det.util.engine]: Epoch: [11]  [0/2405]  eta: 0:43:35  lr: 0.000010  data_time: 0.0044  iter_time: 1.0875  loss: 16.4019 (16.4019)  loss_class: 0.3174 (0.3174)  loss_bbox: 0.0968 
[2026-09-19 16:29:18 det.__main__]: [RANK 0] Start evaluation
 Average Precision  (AP) @[ IoU=0.50:0.95 | area=   all | maxDets=100 ] = 0.665
 Average Precision  (AP) @[ IoU=0.50      | area=   all | maxDets=100 ] = 0.809
 Average Precision  (AP) @[ IoU=0.75      | area=   all | maxDets=100 ] = 0.727
 Average Precision  (AP) @[ IoU=0.50:0.95 | area= small | maxDets=100 ] = 0.000
 Average Precision  (AP) @[ IoU=0.50:0.95 | area=medium | maxDets=100 ] = 0.228
 Average Precision  (AP) @[ IoU=0.50:0.95 | area= large | maxDets=100 ] = 0.674
 Average Recall     (AR) @[ IoU=0.50:0.95 | area=   all | maxDets=  1 ] = 0.714
 Average Recall     (AR) @[ IoU=0.50:0.95 | area=   all | maxDets= 10 ] = 0.808
 Average Recall     (AR) @[ IoU=0.50:0.95 | area=   all | maxDets=100 ] = 0.832
 Average Recall     (AR) @[ IoU=0.50:0.95 | area= small | maxDets=100 ] = 0.000
 Average Recall     (AR) @[ IoU=0.50:0.95 | area=medium | maxDets=100 ] = 0.436
 Average Recall     (AR) @[ IoU=0.50:0.95 | area= large | maxDets=100 ] = 0.841
[2026-09-19 16:31:46 det.__main__]: [RANK 0] Training time: 7:53:37
