wandb: [wandb.login()] Loaded credentials for https://api.wandb.ai from WANDB_API_KEY.
wandb: Currently logged in as: daky-o7600 to https://api.wandb.ai. Use `wandb login --relogin` to force relogin
wandb: WARNING Using a boolean value for 'reinit' is deprecated. Use 'return_previous' or 'finish_previous' instead.
wandb: setting up run f5hk5zdz
wandb: Tracking run with wandb version 0.27.0
wandb: Run data is saved locally in /home/ubuntu/slocal2/m2/wandb/run-20260917_155647-f5hk5zdz
wandb: Run `wandb offline` to turn off syncing.
wandb: Syncing run stage1_ptower_002_P15_A_L6_w0.0_foldA_seed42
wandb: ⭐️ View project at https://wandb.ai/daky-o7600/egosurgery_multitask
wandb: 🚀 View run at https://wandb.ai/daky-o7600/egosurgery_multitask/runs/f5hk5zdz
epoch=1 val_jaccard=0.085781 accuracy=0.372937
epoch=2 val_jaccard=0.016255 accuracy=0.112211
/home/ubuntu/slocal2/m2/.venv/lib/python3.11/site-packages/torch/optim/lr_scheduler.py:149: UserWarning: The epoch parameter in `scheduler.step()` was not necessary and is being deprecated where possible. Please use `scheduler.step()` to step the scheduler. During the deprecation, if epoch is different from None, the closed form is used instead of the new chainable form, where available. Please open an issue if you are unable to replicate your use case: https://github.com/pytorch/pytorch/issues/new/choose.
  warnings.warn(EPOCH_DEPRECATION_WARNING, UserWarning)
epoch=3 val_jaccard=0.016201 accuracy=0.112211
epoch=4 val_jaccard=0.031503 accuracy=0.121452
epoch=5 val_jaccard=0.049701 accuracy=0.133993
epoch=6 val_jaccard=0.049386 accuracy=0.133333
epoch=7 val_jaccard=0.148312 accuracy=0.431683
epoch=8 val_jaccard=0.064207 accuracy=0.169637
epoch=9 val_jaccard=0.175189 accuracy=0.497030
epoch=10 val_jaccard=0.118145 accuracy=0.376238
epoch=11 val_jaccard=0.109919 accuracy=0.283168
epoch=12 val_jaccard=0.329690 accuracy=0.642244
epoch=13 val_jaccard=0.293722 accuracy=0.580198
epoch=14 val_jaccard=0.271227 accuracy=0.476568
epoch=15 val_jaccard=0.239902 accuracy=0.444884
epoch=16 val_jaccard=0.354468 accuracy=0.611221
epoch=17 val_jaccard=0.178905 accuracy=0.209241
epoch=18 val_jaccard=0.314402 accuracy=0.533993
epoch=19 val_jaccard=0.172797 accuracy=0.231023
epoch=20 val_jaccard=0.243387 accuracy=0.446205
epoch=21 val_jaccard=0.392313 accuracy=0.725413
epoch=22 val_jaccard=0.267096 accuracy=0.525413
epoch=23 val_jaccard=0.321408 accuracy=0.448845
epoch=24 val_jaccard=0.290952 accuracy=0.556436
epoch=25 val_jaccard=0.286662 accuracy=0.505611
epoch=26 val_jaccard=0.205456 accuracy=0.376898
epoch=27 val_jaccard=0.181113 accuracy=0.254125
epoch=28 val_jaccard=0.284310 accuracy=0.532013
epoch=29 val_jaccard=0.211557 accuracy=0.370297
epoch=30 val_jaccard=0.211267 accuracy=0.407261
epoch=31 val_jaccard=0.199270 accuracy=0.355116
wandb: updating run metadata
wandb: uploading config.yaml; uploading wandb-metadata.json; uploading requirements.txt; uploading output.log; uploading wandb-summary.json
wandb: 
wandb: Run history:
wandb:   train/loss ██▇▇▆▆▅▅▅▅▅▄▄▃▃▃▃▂▂▂▂▂▂▁▁▁▁▁▁▁▁
wandb: val/accuracy ▄▁▁▁▁▁▅▂▅▄▃▇▆▅▅▇▂▆▂▅█▆▅▆▅▄▃▆▄▄▄
wandb:  val/jaccard ▂▁▁▁▂▂▃▂▄▃▃▇▆▆▅▇▄▇▄▅█▆▇▆▆▅▄▆▅▅▄
wandb: 
wandb: Run summary:
wandb:   train/loss 0.81367
wandb: val/accuracy 0.35512
wandb:  val/jaccard 0.19927
wandb: 
wandb: 🚀 View run stage1_ptower_002_P15_A_L6_w0.0_foldA_seed42 at: https://wandb.ai/daky-o7600/egosurgery_multitask/runs/f5hk5zdz
wandb: ⭐️ View project at: https://wandb.ai/daky-o7600/egosurgery_multitask
wandb: Synced 5 W&B file(s), 0 media file(s), 0 artifact file(s) and 0 other file(s)
wandb: Find logs at: ./wandb/run-20260917_155647-f5hk5zdz/logs
RUN_COMPLETE /home/ubuntu/slocal2/m2/experiments/phase1/stage1_ptower_002_P15_A_L6_w0.0_foldA_seed42
