wandb: [wandb.login()] Loaded credentials for https://api.wandb.ai from WANDB_API_KEY.
wandb: Currently logged in as: daky-o7600 to https://api.wandb.ai. Use `wandb login --relogin` to force relogin
wandb: WARNING Using a boolean value for 'reinit' is deprecated. Use 'return_previous' or 'finish_previous' instead.
wandb: setting up run q8z3kv3p
wandb: Tracking run with wandb version 0.27.0
wandb: Run data is saved locally in /home/ubuntu/slocal2/m2/wandb/run-20260917_155430-q8z3kv3p
wandb: Run `wandb offline` to turn off syncing.
wandb: Syncing run stage1_ptower_001_imagenet_r50_v1_features_P15_seed42
wandb: ⭐️ View project at https://wandb.ai/daky-o7600/egosurgery_multitask
wandb: 🚀 View run at https://wandb.ai/daky-o7600/egosurgery_multitask/runs/q8z3kv3p
features: 640/15437
features: 1280/15437
features: 1920/15437
features: 2560/15437
features: 3200/15437
features: 3840/15437
features: 4480/15437
features: 5120/15437
features: 5760/15437
features: 6400/15437
features: 7040/15437
features: 7680/15437
features: 8320/15437
features: 8960/15437
features: 9600/15437
features: 10240/15437
features: 10880/15437
features: 11520/15437
features: 12160/15437
features: 12800/15437
features: 13440/15437
features: 14080/15437
features: 14720/15437
features: 15360/15437
wandb: updating run metadata
wandb: uploading output.log; uploading wandb-summary.json; uploading history steps 0-0, summary
wandb: uploading data
wandb: 
wandb: Run history:
wandb: cache_bytes ▁
wandb:      frames ▁
wandb: 
wandb: Run summary:
wandb: cache_bytes 127016156
wandb:      frames 15437
wandb: 
wandb: 🚀 View run stage1_ptower_001_imagenet_r50_v1_features_P15_seed42 at: https://wandb.ai/daky-o7600/egosurgery_multitask/runs/q8z3kv3p
wandb: ⭐️ View project at: https://wandb.ai/daky-o7600/egosurgery_multitask
wandb: Synced 5 W&B file(s), 0 media file(s), 0 artifact file(s) and 0 other file(s)
wandb: Find logs at: ./wandb/run-20260917_155430-q8z3kv3p/logs
{"task_id": "T-2026-09-18-stage1-phase-tower", "feature_sha256": "63cd91453b76bc8f28118494893ec59ce369a2f0e1175335cf4d0bab21de2d81", "second_feature_sha256": "63cd91453b76bc8f28118494893ec59ce369a2f0e1175335cf4d0bab21de2d81", "weights_sha256": "0676ba61b6795bbe1773cffd859882e5e297624d384b6993f7c9e683e722fb8a", "cache_sha256": "cb3761c467f737bbd8dff2f5f3ebd468631b000f79b77d9a2907050c58f2469c", "cache_bytes": 127016156, "video_counts": {"01": 913, "02": 461, "03": 1089, "06": 1379, "08": 1400, "11": 754, "12": 609, "13": 822, "14": 1810, "15": 420, "09": 518, "10": 997, "04": 1329, "05": 1225, "07": 1711}, "weight_change_detected": true, "removed_video_detected": true, "elapsed_seconds": 91.09361817780882}
