wandb: [wandb.login()] Loaded credentials for https://api.wandb.ai from WANDB_API_KEY.
wandb: Currently logged in as: daky-o7600 to https://api.wandb.ai. Use `wandb login --relogin` to force relogin
wandb: WARNING Using a boolean value for 'reinit' is deprecated. Use 'return_previous' or 'finish_previous' instead.
wandb: Tracking run with wandb version 0.27.0
wandb: Run data is saved locally in /home/ubuntu/slocal2/m2/wandb/run-20260917_155921-gsh9y6xw
wandb: Run `wandb offline` to turn off syncing.
wandb: Syncing run stage1_ptower_009_P15_A_L8_w0.0_h30_foldA_seed123
wandb: ⭐️ View project at https://wandb.ai/daky-o7600/egosurgery_multitask
wandb: 🚀 View run at https://wandb.ai/daky-o7600/egosurgery_multitask/runs/gsh9y6xw
epoch=1 val_jaccard=0.047840 accuracy=0.333993
epoch=2 val_jaccard=0.070806 accuracy=0.156436
/home/ubuntu/slocal2/m2/.venv/lib/python3.11/site-packages/torch/optim/lr_scheduler.py:149: UserWarning: The epoch parameter in `scheduler.step()` was not necessary and is being deprecated where possible. Please use `scheduler.step()` to step the scheduler. During the deprecation, if epoch is different from None, the closed form is used instead of the new chainable form, where available. Please open an issue if you are unable to replicate your use case: https://github.com/pytorch/pytorch/issues/new/choose.
  warnings.warn(EPOCH_DEPRECATION_WARNING, UserWarning)
epoch=3 val_jaccard=0.074793 accuracy=0.141914
epoch=4 val_jaccard=0.148548 accuracy=0.472607
epoch=5 val_jaccard=0.175963 accuracy=0.493729
epoch=6 val_jaccard=0.155453 accuracy=0.488449
epoch=7 val_jaccard=0.206518 accuracy=0.516832
epoch=8 val_jaccard=0.184723 accuracy=0.512211
epoch=9 val_jaccard=0.330754 accuracy=0.584158
epoch=10 val_jaccard=0.217101 accuracy=0.547195
epoch=11 val_jaccard=0.312581 accuracy=0.363036
epoch=12 val_jaccard=0.302811 accuracy=0.688449
epoch=13 val_jaccard=0.352671 accuracy=0.594719
epoch=14 val_jaccard=0.264306 accuracy=0.433663
epoch=15 val_jaccard=0.282671 accuracy=0.584818
epoch=16 val_jaccard=0.355181 accuracy=0.566337
epoch=17 val_jaccard=0.268347 accuracy=0.497690
epoch=18 val_jaccard=0.065425 accuracy=0.157756
epoch=19 val_jaccard=0.278244 accuracy=0.600000
epoch=20 val_jaccard=0.097184 accuracy=0.223102
epoch=21 val_jaccard=0.375529 accuracy=0.657426
epoch=22 val_jaccard=0.291037 accuracy=0.493729
epoch=23 val_jaccard=0.280162 accuracy=0.558416
epoch=24 val_jaccard=0.261405 accuracy=0.504950
epoch=25 val_jaccard=0.288323 accuracy=0.524092
epoch=26 val_jaccard=0.258277 accuracy=0.472607
epoch=27 val_jaccard=0.298098 accuracy=0.598020
epoch=28 val_jaccard=0.246815 accuracy=0.458746
epoch=29 val_jaccard=0.259339 accuracy=0.539934
epoch=30 val_jaccard=0.261368 accuracy=0.508251
epoch=31 val_jaccard=0.286786 accuracy=0.572277
wandb: uploading requirements.txt; updating run metadata
wandb: uploading wandb-summary.json; uploading config.yaml
wandb: 
wandb: Run history:
wandb:   train/loss ██▇▇▆▆▅▅▄▄▄▃▃▂▂▂▂▃▃▃▂▂▁▁▁▁▁▁▁▁▁
wandb: val/accuracy ▃▁▁▅▆▅▆▆▇▆▄█▇▅▇▆▆▁▇▂█▆▆▆▆▅▇▅▆▆▇
wandb:  val/jaccard ▁▁▂▃▄▃▄▄▇▅▇▆█▆▆█▆▁▆▂█▆▆▆▆▅▆▅▆▆▆
wandb: 
wandb: Run summary:
wandb:   train/loss 0.67414
wandb: val/accuracy 0.57228
wandb:  val/jaccard 0.28679
wandb: 
wandb: 🚀 View run stage1_ptower_009_P15_A_L8_w0.0_h30_foldA_seed123 at: https://wandb.ai/daky-o7600/egosurgery_multitask/runs/gsh9y6xw
wandb: ⭐️ View project at: https://wandb.ai/daky-o7600/egosurgery_multitask
wandb: Synced 5 W&B file(s), 0 media file(s), 0 artifact file(s) and 0 other file(s)
wandb: Find logs at: ./wandb/run-20260917_155921-gsh9y6xw/logs
RUN_COMPLETE /home/ubuntu/slocal2/m2/experiments/phase1/stage1_ptower_009_P15_A_L8_w0.0_h30_foldA_seed123
