wandb: [wandb.login()] Loaded credentials for https://api.wandb.ai from WANDB_API_KEY.
wandb: Currently logged in as: daky-o7600 to https://api.wandb.ai. Use `wandb login --relogin` to force relogin
wandb: WARNING Using a boolean value for 'reinit' is deprecated. Use 'return_previous' or 'finish_previous' instead.
wandb: setting up run 5w49scse
wandb: Tracking run with wandb version 0.27.0
wandb: Run data is saved locally in /home/ubuntu/slocal2/m2/wandb/run-20260917_160204-5w49scse
wandb: Run `wandb offline` to turn off syncing.
wandb: Syncing run stage1_ptower_013_P15_B_L6_w0.0_h30_foldA_seed456
wandb: ⭐️ View project at https://wandb.ai/daky-o7600/egosurgery_multitask
wandb: 🚀 View run at https://wandb.ai/daky-o7600/egosurgery_multitask/runs/5w49scse
epoch=1 val_jaccard=0.000000 accuracy=0.000000
epoch=2 val_jaccard=0.016030 accuracy=0.112211
/home/ubuntu/slocal2/m2/.venv/lib/python3.11/site-packages/torch/optim/lr_scheduler.py:149: UserWarning: The epoch parameter in `scheduler.step()` was not necessary and is being deprecated where possible. Please use `scheduler.step()` to step the scheduler. During the deprecation, if epoch is different from None, the closed form is used instead of the new chainable form, where available. Please open an issue if you are unable to replicate your use case: https://github.com/pytorch/pytorch/issues/new/choose.
  warnings.warn(EPOCH_DEPRECATION_WARNING, UserWarning)
epoch=3 val_jaccard=0.016051 accuracy=0.112211
epoch=4 val_jaccard=0.010120 accuracy=0.066667
epoch=5 val_jaccard=0.094131 accuracy=0.153135
epoch=6 val_jaccard=0.054205 accuracy=0.132673
epoch=7 val_jaccard=0.070900 accuracy=0.145875
epoch=8 val_jaccard=0.089820 accuracy=0.225743
epoch=9 val_jaccard=0.151761 accuracy=0.446205
epoch=10 val_jaccard=0.252523 accuracy=0.491089
epoch=11 val_jaccard=0.167947 accuracy=0.463366
epoch=12 val_jaccard=0.201136 accuracy=0.433663
epoch=13 val_jaccard=0.232634 accuracy=0.440924
epoch=14 val_jaccard=0.319907 accuracy=0.652145
epoch=15 val_jaccard=0.228813 accuracy=0.491089
epoch=16 val_jaccard=0.162572 accuracy=0.406601
epoch=17 val_jaccard=0.172693 accuracy=0.180858
epoch=18 val_jaccard=0.326497 accuracy=0.659406
epoch=19 val_jaccard=0.208461 accuracy=0.302970
epoch=20 val_jaccard=0.272224 accuracy=0.434323
epoch=21 val_jaccard=0.260019 accuracy=0.395380
epoch=22 val_jaccard=0.164887 accuracy=0.251485
epoch=23 val_jaccard=0.260564 accuracy=0.426403
epoch=24 val_jaccard=0.210384 accuracy=0.316172
epoch=25 val_jaccard=0.220593 accuracy=0.339274
epoch=26 val_jaccard=0.256952 accuracy=0.451485
epoch=27 val_jaccard=0.148267 accuracy=0.256766
epoch=28 val_jaccard=0.141321 accuracy=0.231683
wandb: updating run metadata
wandb: uploading output.log; uploading wandb-summary.json; uploading config.yaml
wandb: uploading config.yaml
wandb: 
wandb: Run history:
wandb:   train/loss █▇▇▆▆▆▅▅▅▄▄▄▃▃▃▃▂▂▂▂▁▁▁▁▁▁▁▁
wandb: val/accuracy ▁▂▂▂▃▂▃▃▆▆▆▆▆█▆▅▃█▄▆▅▄▆▄▅▆▄▃
wandb:  val/jaccard ▁▁▁▁▃▂▃▃▄▆▅▅▆█▆▄▅█▅▇▇▅▇▆▆▇▄▄
wandb: 
wandb: Run summary:
wandb:   train/loss 1.10123
wandb: val/accuracy 0.23168
wandb:  val/jaccard 0.14132
wandb: 
wandb: 🚀 View run stage1_ptower_013_P15_B_L6_w0.0_h30_foldA_seed456 at: https://wandb.ai/daky-o7600/egosurgery_multitask/runs/5w49scse
wandb: ⭐️ View project at: https://wandb.ai/daky-o7600/egosurgery_multitask
wandb: Synced 5 W&B file(s), 0 media file(s), 0 artifact file(s) and 0 other file(s)
wandb: Find logs at: ./wandb/run-20260917_160204-5w49scse/logs
RUN_COMPLETE /home/ubuntu/slocal2/m2/experiments/phase1/stage1_ptower_013_P15_B_L6_w0.0_h30_foldA_seed456
