wandb: [wandb.login()] Loaded credentials for https://api.wandb.ai from WANDB_API_KEY.
wandb: Currently logged in as: daky-o7600 to https://api.wandb.ai. Use `wandb login --relogin` to force relogin
wandb: WARNING Using a boolean value for 'reinit' is deprecated. Use 'return_previous' or 'finish_previous' instead.
wandb: Tracking run with wandb version 0.27.0
wandb: Run data is saved locally in /home/ubuntu/slocal2/m2/wandb/run-20260917_155942-2pcx04eq
wandb: Run `wandb offline` to turn off syncing.
wandb: Syncing run stage1_ptower_011_P15_A_L8_w0.0_h30_foldD_seed42
wandb: ⭐️ View project at https://wandb.ai/daky-o7600/egosurgery_multitask
wandb: 🚀 View run at https://wandb.ai/daky-o7600/egosurgery_multitask/runs/2pcx04eq
epoch=1 val_jaccard=0.036741 accuracy=0.041895
epoch=2 val_jaccard=0.084710 accuracy=0.058340
/home/ubuntu/slocal2/m2/.venv/lib/python3.11/site-packages/torch/optim/lr_scheduler.py:149: UserWarning: The epoch parameter in `scheduler.step()` was not necessary and is being deprecated where possible. Please use `scheduler.step()` to step the scheduler. During the deprecation, if epoch is different from None, the closed form is used instead of the new chainable form, where available. Please open an issue if you are unable to replicate your use case: https://github.com/pytorch/pytorch/issues/new/choose.
  warnings.warn(EPOCH_DEPRECATION_WARNING, UserWarning)
epoch=3 val_jaccard=0.046386 accuracy=0.070478
epoch=4 val_jaccard=0.123131 accuracy=0.219655
epoch=5 val_jaccard=0.180210 accuracy=0.106108
epoch=6 val_jaccard=0.064760 accuracy=0.228269
epoch=7 val_jaccard=0.230287 accuracy=0.606891
epoch=8 val_jaccard=0.245189 accuracy=0.601410
epoch=9 val_jaccard=0.135105 accuracy=0.568520
epoch=10 val_jaccard=0.333867 accuracy=0.498042
epoch=11 val_jaccard=0.327805 accuracy=0.449883
epoch=12 val_jaccard=0.292427 accuracy=0.454973
epoch=13 val_jaccard=0.252223 accuracy=0.298356
epoch=14 val_jaccard=0.299542 accuracy=0.440877
epoch=15 val_jaccard=0.310829 accuracy=0.558731
epoch=16 val_jaccard=0.272003 accuracy=0.531715
epoch=17 val_jaccard=0.342248 accuracy=0.429131
epoch=18 val_jaccard=0.334938 accuracy=0.565388
epoch=19 val_jaccard=0.232419 accuracy=0.559123
epoch=20 val_jaccard=0.283710 accuracy=0.576742
epoch=21 val_jaccard=0.250050 accuracy=0.370791
epoch=22 val_jaccard=0.352194 accuracy=0.457322
epoch=23 val_jaccard=0.359359 accuracy=0.531715
epoch=24 val_jaccard=0.332660 accuracy=0.454581
epoch=25 val_jaccard=0.345955 accuracy=0.485121
epoch=26 val_jaccard=0.344847 accuracy=0.499608
epoch=27 val_jaccard=0.351068 accuracy=0.500000
epoch=28 val_jaccard=0.336004 accuracy=0.498434
epoch=29 val_jaccard=0.349270 accuracy=0.563038
epoch=30 val_jaccard=0.359241 accuracy=0.525450
epoch=31 val_jaccard=0.356292 accuracy=0.494518
epoch=32 val_jaccard=0.353365 accuracy=0.516053
epoch=33 val_jaccard=0.348249 accuracy=0.509005
wandb: uploading requirements.txt; updating run metadata
wandb: uploading output.log; uploading wandb-summary.json; uploading config.yaml
wandb: uploading history steps 0-32, summary, console lines 1-34
wandb: 
wandb: Run history:
wandb:   train/loss █▇▇▆▆▅▅▅▄▄▄▃▃▃▂▂▂▂▂▂▂▂▂▂▁▁▁▁▁▁▁▁▁
wandb: val/accuracy ▁▁▁▃▂▃███▇▆▆▄▆▇▇▆▇▇█▅▆▇▆▆▇▇▇▇▇▇▇▇
wandb:  val/jaccard ▁▂▁▃▄▂▅▆▃▇▇▇▆▇▇▆█▇▅▆▆██▇███▇█████
wandb: 
wandb: Run summary:
wandb:   train/loss 0.58557
wandb: val/accuracy 0.50901
wandb:  val/jaccard 0.34825
wandb: 
wandb: 🚀 View run stage1_ptower_011_P15_A_L8_w0.0_h30_foldD_seed42 at: https://wandb.ai/daky-o7600/egosurgery_multitask/runs/2pcx04eq
wandb: ⭐️ View project at: https://wandb.ai/daky-o7600/egosurgery_multitask
wandb: Synced 5 W&B file(s), 0 media file(s), 0 artifact file(s) and 0 other file(s)
wandb: Find logs at: ./wandb/run-20260917_155942-2pcx04eq/logs
RUN_COMPLETE /home/ubuntu/slocal2/m2/experiments/phase1/stage1_ptower_011_P15_A_L8_w0.0_h30_foldD_seed42
