wandb: [wandb.login()] Loaded credentials for https://api.wandb.ai from WANDB_API_KEY.
wandb: Currently logged in as: daky-o7600 to https://api.wandb.ai. Use `wandb login --relogin` to force relogin
wandb: WARNING Using a boolean value for 'reinit' is deprecated. Use 'return_previous' or 'finish_previous' instead.
wandb: Tracking run with wandb version 0.27.0
wandb: Run data is saved locally in /home/ubuntu/slocal2/m2/wandb/run-20260917_160252-miqc5hyf
wandb: Run `wandb offline` to turn off syncing.
wandb: Syncing run stage1_ptower_017_P15_B_L6_w0.0_h60_foldC_seed42
wandb: ⭐️ View project at https://wandb.ai/daky-o7600/egosurgery_multitask
wandb: 🚀 View run at https://wandb.ai/daky-o7600/egosurgery_multitask/runs/miqc5hyf
epoch=1 val_jaccard=0.003458 accuracy=0.027666
epoch=2 val_jaccard=0.037274 accuracy=0.090543
/home/ubuntu/slocal2/m2/.venv/lib/python3.11/site-packages/torch/optim/lr_scheduler.py:149: UserWarning: The epoch parameter in `scheduler.step()` was not necessary and is being deprecated where possible. Please use `scheduler.step()` to step the scheduler. During the deprecation, if epoch is different from None, the closed form is used instead of the new chainable form, where available. Please open an issue if you are unable to replicate your use case: https://github.com/pytorch/pytorch/issues/new/choose.
  warnings.warn(EPOCH_DEPRECATION_WARNING, UserWarning)
epoch=3 val_jaccard=0.048547 accuracy=0.092052
epoch=4 val_jaccard=0.078990 accuracy=0.102616
epoch=5 val_jaccard=0.087235 accuracy=0.146378
epoch=6 val_jaccard=0.069139 accuracy=0.097586
epoch=7 val_jaccard=0.067884 accuracy=0.096579
epoch=8 val_jaccard=0.122521 accuracy=0.353119
epoch=9 val_jaccard=0.132092 accuracy=0.441147
epoch=10 val_jaccard=0.149365 accuracy=0.418511
epoch=11 val_jaccard=0.124807 accuracy=0.237425
epoch=12 val_jaccard=0.155400 accuracy=0.532193
epoch=13 val_jaccard=0.128701 accuracy=0.416499
epoch=14 val_jaccard=0.114878 accuracy=0.275654
epoch=15 val_jaccard=0.153427 accuracy=0.324447
epoch=16 val_jaccard=0.203662 accuracy=0.446680
epoch=17 val_jaccard=0.196337 accuracy=0.286720
epoch=18 val_jaccard=0.106203 accuracy=0.177565
epoch=19 val_jaccard=0.133416 accuracy=0.184608
epoch=20 val_jaccard=0.166032 accuracy=0.348089
epoch=21 val_jaccard=0.212622 accuracy=0.431087
epoch=22 val_jaccard=0.214213 accuracy=0.524648
epoch=23 val_jaccard=0.206368 accuracy=0.317404
epoch=24 val_jaccard=0.182859 accuracy=0.581489
epoch=25 val_jaccard=0.105921 accuracy=0.158451
epoch=26 val_jaccard=0.182644 accuracy=0.514085
epoch=27 val_jaccard=0.185467 accuracy=0.367706
epoch=28 val_jaccard=0.233768 accuracy=0.389336
epoch=29 val_jaccard=0.191274 accuracy=0.488431
epoch=30 val_jaccard=0.265858 accuracy=0.479879
epoch=31 val_jaccard=0.255918 accuracy=0.437123
epoch=32 val_jaccard=0.255178 accuracy=0.508048
epoch=33 val_jaccard=0.261659 accuracy=0.500000
epoch=34 val_jaccard=0.254521 accuracy=0.482394
epoch=35 val_jaccard=0.244406 accuracy=0.516097
epoch=36 val_jaccard=0.256804 accuracy=0.524648
epoch=37 val_jaccard=0.257099 accuracy=0.510563
epoch=38 val_jaccard=0.255776 accuracy=0.511569
epoch=39 val_jaccard=0.254003 accuracy=0.525151
epoch=40 val_jaccard=0.255034 accuracy=0.515594
wandb: updating run metadata
wandb: uploading config.yaml
wandb: uploading history steps 0-39, summary, console lines 1-41
wandb: 
wandb: Run history:
wandb:   train/loss █▇▇▇▆▆▅▅▅▅▄▄▄▄▄▄▃▃▃▂▂▂▂▂▂▂▂▂▂▁▁▁▁▁▁▁▁▁▁▁
wandb: val/accuracy ▁▂▂▂▃▂▂▅▆▆▄▇▆▄▅▆▄▃▃▅▆▇▅█▃▇▅▆▇▇▆▇▇▇▇▇▇▇▇▇
wandb:  val/jaccard ▁▂▂▃▃▃▃▄▄▅▄▅▄▄▅▆▆▄▄▅▇▇▆▆▄▆▆▇▆█████▇█████
wandb: 
wandb: Run summary:
wandb:   train/loss 0.85248
wandb: val/accuracy 0.51559
wandb:  val/jaccard 0.25503
wandb: 
wandb: 🚀 View run stage1_ptower_017_P15_B_L6_w0.0_h60_foldC_seed42 at: https://wandb.ai/daky-o7600/egosurgery_multitask/runs/miqc5hyf
wandb: ⭐️ View project at: https://wandb.ai/daky-o7600/egosurgery_multitask
wandb: Synced 5 W&B file(s), 0 media file(s), 0 artifact file(s) and 0 other file(s)
wandb: Find logs at: ./wandb/run-20260917_160252-miqc5hyf/logs
RUN_COMPLETE /home/ubuntu/slocal2/m2/experiments/phase1/stage1_ptower_017_P15_B_L6_w0.0_h60_foldC_seed42
