wandb: [wandb.login()] Loaded credentials for https://api.wandb.ai from WANDB_API_KEY.
wandb: Currently logged in as: daky-o7600 to https://api.wandb.ai. Use `wandb login --relogin` to force relogin
wandb: WARNING Using a boolean value for 'reinit' is deprecated. Use 'return_previous' or 'finish_previous' instead.
wandb: setting up run 3wad3vht
wandb: Tracking run with wandb version 0.27.0
wandb: Run data is saved locally in /home/ubuntu/slocal2/m2/wandb/run-20260917_160215-3wad3vht
wandb: Run `wandb offline` to turn off syncing.
wandb: Syncing run stage1_ptower_014_P15_B_L6_w0.0_h30_foldC_seed42
wandb: ⭐️ View project at https://wandb.ai/daky-o7600/egosurgery_multitask
wandb: 🚀 View run at https://wandb.ai/daky-o7600/egosurgery_multitask/runs/3wad3vht
epoch=1 val_jaccard=0.003458 accuracy=0.027666
epoch=2 val_jaccard=0.040873 accuracy=0.091549
/home/ubuntu/slocal2/m2/.venv/lib/python3.11/site-packages/torch/optim/lr_scheduler.py:149: UserWarning: The epoch parameter in `scheduler.step()` was not necessary and is being deprecated where possible. Please use `scheduler.step()` to step the scheduler. During the deprecation, if epoch is different from None, the closed form is used instead of the new chainable form, where available. Please open an issue if you are unable to replicate your use case: https://github.com/pytorch/pytorch/issues/new/choose.
  warnings.warn(EPOCH_DEPRECATION_WARNING, UserWarning)
epoch=3 val_jaccard=0.048498 accuracy=0.091549
epoch=4 val_jaccard=0.082570 accuracy=0.104125
epoch=5 val_jaccard=0.071942 accuracy=0.100604
epoch=6 val_jaccard=0.067089 accuracy=0.098592
epoch=7 val_jaccard=0.066934 accuracy=0.097082
epoch=8 val_jaccard=0.116655 accuracy=0.357646
epoch=9 val_jaccard=0.121782 accuracy=0.372233
epoch=10 val_jaccard=0.126638 accuracy=0.278169
epoch=11 val_jaccard=0.081227 accuracy=0.120724
epoch=12 val_jaccard=0.138959 accuracy=0.401408
epoch=13 val_jaccard=0.127683 accuracy=0.428068
epoch=14 val_jaccard=0.106185 accuracy=0.268612
epoch=15 val_jaccard=0.143272 accuracy=0.325453
epoch=16 val_jaccard=0.201455 accuracy=0.437626
epoch=17 val_jaccard=0.134719 accuracy=0.226358
epoch=18 val_jaccard=0.095082 accuracy=0.176056
epoch=19 val_jaccard=0.126995 accuracy=0.256539
epoch=20 val_jaccard=0.187741 accuracy=0.375755
epoch=21 val_jaccard=0.218261 accuracy=0.389336
epoch=22 val_jaccard=0.193309 accuracy=0.455231
epoch=23 val_jaccard=0.221584 accuracy=0.387324
epoch=24 val_jaccard=0.199567 accuracy=0.472334
epoch=25 val_jaccard=0.238856 accuracy=0.472334
epoch=26 val_jaccard=0.175653 accuracy=0.458753
epoch=27 val_jaccard=0.194185 accuracy=0.437626
epoch=28 val_jaccard=0.265227 accuracy=0.523139
epoch=29 val_jaccard=0.238055 accuracy=0.470322
epoch=30 val_jaccard=0.215209 accuracy=0.447686
epoch=31 val_jaccard=0.237707 accuracy=0.516600
epoch=32 val_jaccard=0.272704 accuracy=0.525151
epoch=33 val_jaccard=0.240235 accuracy=0.523139
epoch=34 val_jaccard=0.232066 accuracy=0.504527
epoch=35 val_jaccard=0.227518 accuracy=0.518612
epoch=36 val_jaccard=0.270948 accuracy=0.557344
epoch=37 val_jaccard=0.255446 accuracy=0.525151
epoch=38 val_jaccard=0.257818 accuracy=0.535211
epoch=39 val_jaccard=0.237869 accuracy=0.531690
epoch=40 val_jaccard=0.255851 accuracy=0.543260
epoch=41 val_jaccard=0.248792 accuracy=0.537726
epoch=42 val_jaccard=0.272585 accuracy=0.550302
wandb: updating run metadata
wandb: uploading output.log; uploading wandb-summary.json; uploading config.yaml
wandb: uploading wandb-summary.json; uploading config.yaml
wandb: 
wandb: Run history:
wandb:   train/loss █▇▇▇▆▆▅▅▅▅▄▄▄▄▄▄▄▃▃▂▂▂▂▂▂▂▂▂▁▁▁▁▁▁▁▁▁▁▁▁
wandb: val/accuracy ▁▂▂▂▂▂▂▅▆▄▂▆▆▄▅▆▄▃▄▆▇▆▇▇▇▆█▇▇▇██▇▇██████
wandb:  val/jaccard ▁▂▂▃▃▃▃▄▄▄▃▅▄▄▅▆▄▃▄▆▆▇▆▇▅▆█▇▇▇█▇▇▇███▇██
wandb: 
wandb: Run summary:
wandb:   train/loss 0.80161
wandb: val/accuracy 0.5503
wandb:  val/jaccard 0.27259
wandb: 
wandb: 🚀 View run stage1_ptower_014_P15_B_L6_w0.0_h30_foldC_seed42 at: https://wandb.ai/daky-o7600/egosurgery_multitask/runs/3wad3vht
wandb: ⭐️ View project at: https://wandb.ai/daky-o7600/egosurgery_multitask
wandb: Synced 5 W&B file(s), 0 media file(s), 0 artifact file(s) and 0 other file(s)
wandb: Find logs at: ./wandb/run-20260917_160215-3wad3vht/logs
RUN_COMPLETE /home/ubuntu/slocal2/m2/experiments/phase1/stage1_ptower_014_P15_B_L6_w0.0_h30_foldC_seed42
