wandb: [wandb.login()] Loaded credentials for https://api.wandb.ai from WANDB_API_KEY.
wandb: Currently logged in as: daky-o7600 to https://api.wandb.ai. Use `wandb login --relogin` to force relogin
wandb: WARNING Using a boolean value for 'reinit' is deprecated. Use 'return_previous' or 'finish_previous' instead.
wandb: Tracking run with wandb version 0.27.0
wandb: Run data is saved locally in /home/ubuntu/slocal2/m2/wandb/run-20260917_160402-s20mxjiv
wandb: Run `wandb offline` to turn off syncing.
wandb: Syncing run stage1_ptower_025_P15_C_L6_w0.3_h30_foldA_seed123
wandb: ⭐️ View project at https://wandb.ai/daky-o7600/egosurgery_multitask
wandb: 🚀 View run at https://wandb.ai/daky-o7600/egosurgery_multitask/runs/s20mxjiv
epoch=1 val_jaccard=0.016062 accuracy=0.112211
epoch=2 val_jaccard=0.016158 accuracy=0.112211
/home/ubuntu/slocal2/m2/.venv/lib/python3.11/site-packages/torch/optim/lr_scheduler.py:149: UserWarning: The epoch parameter in `scheduler.step()` was not necessary and is being deprecated where possible. Please use `scheduler.step()` to step the scheduler. During the deprecation, if epoch is different from None, the closed form is used instead of the new chainable form, where available. Please open an issue if you are unable to replicate your use case: https://github.com/pytorch/pytorch/issues/new/choose.
  warnings.warn(EPOCH_DEPRECATION_WARNING, UserWarning)
epoch=3 val_jaccard=0.016376 accuracy=0.112211
epoch=4 val_jaccard=0.031306 accuracy=0.121452
epoch=5 val_jaccard=0.047452 accuracy=0.132013
epoch=6 val_jaccard=0.046669 accuracy=0.132673
epoch=7 val_jaccard=0.046804 accuracy=0.132673
epoch=8 val_jaccard=0.046651 accuracy=0.129373
epoch=9 val_jaccard=0.099814 accuracy=0.162376
epoch=10 val_jaccard=0.230112 accuracy=0.568977
epoch=11 val_jaccard=0.240528 accuracy=0.469967
epoch=12 val_jaccard=0.314576 accuracy=0.685149
epoch=13 val_jaccard=0.243196 accuracy=0.432343
epoch=14 val_jaccard=0.257525 accuracy=0.616502
epoch=15 val_jaccard=0.219499 accuracy=0.417822
epoch=16 val_jaccard=0.299739 accuracy=0.600660
epoch=17 val_jaccard=0.248876 accuracy=0.409901
epoch=18 val_jaccard=0.269135 accuracy=0.453465
epoch=19 val_jaccard=0.204868 accuracy=0.521452
epoch=20 val_jaccard=0.250856 accuracy=0.545215
epoch=21 val_jaccard=0.132231 accuracy=0.192739
epoch=22 val_jaccard=0.201017 accuracy=0.425083
wandb: updating run metadata
wandb: uploading history steps 0-21, summary, console lines 1-23
wandb: 
wandb: Run history:
wandb:   train/loss █▇▇▆▆▆▅▅▄▄▃▃▂▂▂▂▂▁▁▂▁▁
wandb: val/accuracy ▁▁▁▁▁▁▁▁▂▇▅█▅▇▅▇▅▅▆▆▂▅
wandb:  val/jaccard ▁▁▁▁▂▂▂▂▃▆▆█▆▇▆█▆▇▅▇▄▅
wandb: 
wandb: Run summary:
wandb:   train/loss 1.74026
wandb: val/accuracy 0.42508
wandb:  val/jaccard 0.20102
wandb: 
wandb: 🚀 View run stage1_ptower_025_P15_C_L6_w0.3_h30_foldA_seed123 at: https://wandb.ai/daky-o7600/egosurgery_multitask/runs/s20mxjiv
wandb: ⭐️ View project at: https://wandb.ai/daky-o7600/egosurgery_multitask
wandb: Synced 5 W&B file(s), 0 media file(s), 0 artifact file(s) and 0 other file(s)
wandb: Find logs at: ./wandb/run-20260917_160402-s20mxjiv/logs
RUN_COMPLETE /home/ubuntu/slocal2/m2/experiments/phase1/stage1_ptower_025_P15_C_L6_w0.3_h30_foldA_seed123
