wandb: [wandb.login()] Loaded credentials for https://api.wandb.ai from WANDB_API_KEY.
wandb: Currently logged in as: daky-o7600 to https://api.wandb.ai. Use `wandb login --relogin` to force relogin
wandb: WARNING Using a boolean value for 'reinit' is deprecated. Use 'return_previous' or 'finish_previous' instead.
wandb: Tracking run with wandb version 0.27.0
wandb: Run data is saved locally in /home/ubuntu/slocal2/m2/wandb/run-20260917_155850-pu00p1k3
wandb: Run `wandb offline` to turn off syncing.
wandb: Syncing run stage1_ptower_004_P15_A_L6_w0.0_h30_foldA_seed456
wandb: ⭐️ View project at https://wandb.ai/daky-o7600/egosurgery_multitask
wandb: 🚀 View run at https://wandb.ai/daky-o7600/egosurgery_multitask/runs/pu00p1k3
epoch=1 val_jaccard=0.005375 accuracy=0.037624
epoch=2 val_jaccard=0.097906 accuracy=0.381518
/home/ubuntu/slocal2/m2/.venv/lib/python3.11/site-packages/torch/optim/lr_scheduler.py:149: UserWarning: The epoch parameter in `scheduler.step()` was not necessary and is being deprecated where possible. Please use `scheduler.step()` to step the scheduler. During the deprecation, if epoch is different from None, the closed form is used instead of the new chainable form, where available. Please open an issue if you are unable to replicate your use case: https://github.com/pytorch/pytorch/issues/new/choose.
  warnings.warn(EPOCH_DEPRECATION_WARNING, UserWarning)
epoch=3 val_jaccard=0.017763 accuracy=0.112871
epoch=4 val_jaccard=0.030251 accuracy=0.121452
epoch=5 val_jaccard=0.042540 accuracy=0.128713
epoch=6 val_jaccard=0.120716 accuracy=0.403960
epoch=7 val_jaccard=0.134126 accuracy=0.448185
epoch=8 val_jaccard=0.141822 accuracy=0.367657
epoch=9 val_jaccard=0.259132 accuracy=0.650825
epoch=10 val_jaccard=0.161085 accuracy=0.261386
epoch=11 val_jaccard=0.178574 accuracy=0.403300
epoch=12 val_jaccard=0.155177 accuracy=0.344554
epoch=13 val_jaccard=0.172135 accuracy=0.423762
epoch=14 val_jaccard=0.202326 accuracy=0.521452
epoch=15 val_jaccard=0.245690 accuracy=0.492409
epoch=16 val_jaccard=0.174554 accuracy=0.323432
epoch=17 val_jaccard=0.119197 accuracy=0.103630
epoch=18 val_jaccard=0.255912 accuracy=0.623102
epoch=19 val_jaccard=0.181099 accuracy=0.270627
wandb: updating run metadata
wandb: uploading wandb-summary.json; uploading config.yaml; uploading wandb-metadata.json; uploading requirements.txt; uploading output.log
wandb: uploading history steps 0-18, summary, console lines 1-20
wandb: 
wandb: Run history:
wandb:   train/loss ██▇▆▆▅▅▄▄▃▄▄▃▃▂▂▂▂▁
wandb: val/accuracy ▁▅▂▂▂▅▆▅█▄▅▅▅▇▆▄▂█▄
wandb:  val/jaccard ▁▄▁▂▂▄▅▅█▅▆▅▆▆█▆▄█▆
wandb: 
wandb: Run summary:
wandb:   train/loss 1.59014
wandb: val/accuracy 0.27063
wandb:  val/jaccard 0.1811
wandb: 
wandb: 🚀 View run stage1_ptower_004_P15_A_L6_w0.0_h30_foldA_seed456 at: https://wandb.ai/daky-o7600/egosurgery_multitask/runs/pu00p1k3
wandb: ⭐️ View project at: https://wandb.ai/daky-o7600/egosurgery_multitask
wandb: Synced 5 W&B file(s), 0 media file(s), 0 artifact file(s) and 0 other file(s)
wandb: Find logs at: ./wandb/run-20260917_155850-pu00p1k3/logs
RUN_COMPLETE /home/ubuntu/slocal2/m2/experiments/phase1/stage1_ptower_004_P15_A_L6_w0.0_h30_foldA_seed456
