wandb: [wandb.login()] Loaded credentials for https://api.wandb.ai from WANDB_API_KEY.
wandb: Currently logged in as: daky-o7600 to https://api.wandb.ai. Use `wandb login --relogin` to force relogin
wandb: WARNING Using a boolean value for 'reinit' is deprecated. Use 'return_previous' or 'finish_previous' instead.
wandb: Tracking run with wandb version 0.27.0
wandb: Run data is saved locally in /home/ubuntu/slocal2/m2/wandb/run-20260917_160412-bocb8yz9
wandb: Run `wandb offline` to turn off syncing.
wandb: Syncing run stage1_ptower_026_P15_C_L6_w0.3_h30_foldB_seed42
wandb: ⭐️ View project at https://wandb.ai/daky-o7600/egosurgery_multitask
wandb: 🚀 View run at https://wandb.ai/daky-o7600/egosurgery_multitask/runs/bocb8yz9
epoch=1 val_jaccard=0.007302 accuracy=0.038152
epoch=2 val_jaccard=0.010504 accuracy=0.072542
/home/ubuntu/slocal2/m2/.venv/lib/python3.11/site-packages/torch/optim/lr_scheduler.py:149: UserWarning: The epoch parameter in `scheduler.step()` was not necessary and is being deprecated where possible. Please use `scheduler.step()` to step the scheduler. During the deprecation, if epoch is different from None, the closed form is used instead of the new chainable form, where available. Please open an issue if you are unable to replicate your use case: https://github.com/pytorch/pytorch/issues/new/choose.
  warnings.warn(EPOCH_DEPRECATION_WARNING, UserWarning)
epoch=3 val_jaccard=0.010573 accuracy=0.072542
epoch=4 val_jaccard=0.019456 accuracy=0.076840
epoch=5 val_jaccard=0.074198 accuracy=0.099409
epoch=6 val_jaccard=0.064945 accuracy=0.101558
epoch=7 val_jaccard=0.042846 accuracy=0.088125
epoch=8 val_jaccard=0.105783 accuracy=0.240193
epoch=9 val_jaccard=0.079828 accuracy=0.068780
epoch=10 val_jaccard=0.131155 accuracy=0.263837
epoch=11 val_jaccard=0.103092 accuracy=0.145083
epoch=12 val_jaccard=0.127198 accuracy=0.181623
epoch=13 val_jaccard=0.093212 accuracy=0.234283
epoch=14 val_jaccard=0.077494 accuracy=0.122515
epoch=15 val_jaccard=0.146621 accuracy=0.292316
epoch=16 val_jaccard=0.103621 accuracy=0.175175
epoch=17 val_jaccard=0.198550 accuracy=0.493821
epoch=18 val_jaccard=0.045359 accuracy=0.112843
epoch=19 val_jaccard=0.123888 accuracy=0.166577
epoch=20 val_jaccard=0.093042 accuracy=0.146695
epoch=21 val_jaccard=0.071425 accuracy=0.106932
epoch=22 val_jaccard=0.108307 accuracy=0.213326
epoch=23 val_jaccard=0.173955 accuracy=0.316497
epoch=24 val_jaccard=0.143112 accuracy=0.303063
epoch=25 val_jaccard=0.088815 accuracy=0.143471
epoch=26 val_jaccard=0.093846 accuracy=0.276196
epoch=27 val_jaccard=0.068923 accuracy=0.157980
wandb: updating run metadata
wandb: uploading wandb-metadata.json; uploading requirements.txt; uploading output.log; uploading config.yaml
wandb: uploading history steps 0-26, summary, console lines 1-28
wandb: 
wandb: Run history:
wandb:   train/loss █▇▇▇▆▆▅▅▄▄▃▃▃▃▂▂▂▂▂▂▂▂▂▁▁▁▁
wandb: val/accuracy ▁▂▂▂▂▂▂▄▁▄▃▃▄▂▅▃█▂▃▃▂▄▅▅▃▅▃
wandb:  val/jaccard ▁▁▁▁▃▃▂▅▄▆▅▅▄▄▆▅█▂▅▄▃▅▇▆▄▄▃
wandb: 
wandb: Run summary:
wandb:   train/loss 1.37369
wandb: val/accuracy 0.15798
wandb:  val/jaccard 0.06892
wandb: 
wandb: 🚀 View run stage1_ptower_026_P15_C_L6_w0.3_h30_foldB_seed42 at: https://wandb.ai/daky-o7600/egosurgery_multitask/runs/bocb8yz9
wandb: ⭐️ View project at: https://wandb.ai/daky-o7600/egosurgery_multitask
wandb: Synced 5 W&B file(s), 0 media file(s), 0 artifact file(s) and 0 other file(s)
wandb: Find logs at: ./wandb/run-20260917_160412-bocb8yz9/logs
RUN_COMPLETE /home/ubuntu/slocal2/m2/experiments/phase1/stage1_ptower_026_P15_C_L6_w0.3_h30_foldB_seed42
