wandb: [wandb.login()] Loaded credentials for https://api.wandb.ai from WANDB_API_KEY.
wandb: Currently logged in as: daky-o7600 to https://api.wandb.ai. Use `wandb login --relogin` to force relogin
wandb: WARNING Using a boolean value for 'reinit' is deprecated. Use 'return_previous' or 'finish_previous' instead.
wandb: setting up run nr7zfzbw
wandb: Tracking run with wandb version 0.27.0
wandb: Run data is saved locally in /home/ubuntu/slocal2/m2/wandb/run-20260917_160330-nr7zfzbw
wandb: Run `wandb offline` to turn off syncing.
wandb: Syncing run stage1_ptower_020_P15_C_L6_w0.15_h30_foldA_seed456
wandb: ⭐️ View project at https://wandb.ai/daky-o7600/egosurgery_multitask
wandb: 🚀 View run at https://wandb.ai/daky-o7600/egosurgery_multitask/runs/nr7zfzbw
epoch=1 val_jaccard=0.005375 accuracy=0.037624
epoch=2 val_jaccard=0.093639 accuracy=0.373597
/home/ubuntu/slocal2/m2/.venv/lib/python3.11/site-packages/torch/optim/lr_scheduler.py:149: UserWarning: The epoch parameter in `scheduler.step()` was not necessary and is being deprecated where possible. Please use `scheduler.step()` to step the scheduler. During the deprecation, if epoch is different from None, the closed form is used instead of the new chainable form, where available. Please open an issue if you are unable to replicate your use case: https://github.com/pytorch/pytorch/issues/new/choose.
  warnings.warn(EPOCH_DEPRECATION_WARNING, UserWarning)
epoch=3 val_jaccard=0.017763 accuracy=0.112871
epoch=4 val_jaccard=0.030251 accuracy=0.121452
epoch=5 val_jaccard=0.042540 accuracy=0.128713
epoch=6 val_jaccard=0.078964 accuracy=0.238944
epoch=7 val_jaccard=0.128767 accuracy=0.438284
epoch=8 val_jaccard=0.125074 accuracy=0.326073
epoch=9 val_jaccard=0.234345 accuracy=0.613201
epoch=10 val_jaccard=0.158248 accuracy=0.282508
epoch=11 val_jaccard=0.158232 accuracy=0.396040
epoch=12 val_jaccard=0.157510 accuracy=0.339934
epoch=13 val_jaccard=0.215733 accuracy=0.515512
epoch=14 val_jaccard=0.144391 accuracy=0.412541
epoch=15 val_jaccard=0.221627 accuracy=0.488449
epoch=16 val_jaccard=0.170939 accuracy=0.332013
epoch=17 val_jaccard=0.106367 accuracy=0.104950
epoch=18 val_jaccard=0.232231 accuracy=0.516172
epoch=19 val_jaccard=0.149597 accuracy=0.178878
wandb: updating run metadata
wandb: uploading requirements.txt; uploading wandb-summary.json; uploading config.yaml; uploading wandb-metadata.json
wandb: 
wandb: Run history:
wandb:   train/loss ██▇▆▆▅▅▅▄▄▄▄▃▃▃▂▂▁▁
wandb: val/accuracy ▁▅▂▂▂▃▆▅█▄▅▅▇▆▆▅▂▇▃
wandb:  val/jaccard ▁▄▁▂▂▃▅▅█▆▆▆▇▅█▆▄█▅
wandb: 
wandb: Run summary:
wandb:   train/loss 1.70127
wandb: val/accuracy 0.17888
wandb:  val/jaccard 0.1496
wandb: 
wandb: 🚀 View run stage1_ptower_020_P15_C_L6_w0.15_h30_foldA_seed456 at: https://wandb.ai/daky-o7600/egosurgery_multitask/runs/nr7zfzbw
wandb: ⭐️ View project at: https://wandb.ai/daky-o7600/egosurgery_multitask
wandb: Synced 5 W&B file(s), 0 media file(s), 0 artifact file(s) and 0 other file(s)
wandb: Find logs at: ./wandb/run-20260917_160330-nr7zfzbw/logs
RUN_COMPLETE /home/ubuntu/slocal2/m2/experiments/phase1/stage1_ptower_020_P15_C_L6_w0.15_h30_foldA_seed456
