wandb: [wandb.login()] Loaded credentials for https://api.wandb.ai from WANDB_API_KEY.
wandb: Currently logged in as: daky-o7600 to https://api.wandb.ai. Use `wandb login --relogin` to force relogin
wandb: WARNING Using a boolean value for 'reinit' is deprecated. Use 'return_previous' or 'finish_previous' instead.
wandb: Tracking run with wandb version 0.27.0
wandb: Run data is saved locally in /home/ubuntu/slocal2/m2/wandb/run-20260917_155942-4wkvxamx
wandb: Run `wandb offline` to turn off syncing.
wandb: Syncing run stage1_ptower_011_P15_A_L8_w0.0_h30_foldE_seed42
wandb: ⭐️ View project at https://wandb.ai/daky-o7600/egosurgery_multitask
wandb: 🚀 View run at https://wandb.ai/daky-o7600/egosurgery_multitask/runs/4wkvxamx
epoch=1 val_jaccard=0.158911 accuracy=0.280619
epoch=2 val_jaccard=0.056810 accuracy=0.078836
/home/ubuntu/slocal2/m2/.venv/lib/python3.11/site-packages/torch/optim/lr_scheduler.py:149: UserWarning: The epoch parameter in `scheduler.step()` was not necessary and is being deprecated where possible. Please use `scheduler.step()` to step the scheduler. During the deprecation, if epoch is different from None, the closed form is used instead of the new chainable form, where available. Please open an issue if you are unable to replicate your use case: https://github.com/pytorch/pytorch/issues/new/choose.
  warnings.warn(EPOCH_DEPRECATION_WARNING, UserWarning)
epoch=3 val_jaccard=0.138290 accuracy=0.127170
epoch=4 val_jaccard=0.170945 accuracy=0.290474
epoch=5 val_jaccard=0.196177 accuracy=0.666823
epoch=6 val_jaccard=0.203194 accuracy=0.617550
epoch=7 val_jaccard=0.125889 accuracy=0.545284
epoch=8 val_jaccard=0.273913 accuracy=0.686063
epoch=9 val_jaccard=0.121063 accuracy=0.223369
epoch=10 val_jaccard=0.253054 accuracy=0.606757
epoch=11 val_jaccard=0.165960 accuracy=0.576255
epoch=12 val_jaccard=0.244747 accuracy=0.648522
epoch=13 val_jaccard=0.212779 accuracy=0.585641
epoch=14 val_jaccard=0.217932 accuracy=0.541061
epoch=15 val_jaccard=0.362292 accuracy=0.747067
epoch=16 val_jaccard=0.276728 accuracy=0.592679
epoch=17 val_jaccard=0.201269 accuracy=0.268888
epoch=18 val_jaccard=0.233488 accuracy=0.690286
epoch=19 val_jaccard=0.164046 accuracy=0.452839
epoch=20 val_jaccard=0.265376 accuracy=0.573909
epoch=21 val_jaccard=0.253024 accuracy=0.614266
epoch=22 val_jaccard=0.238912 accuracy=0.593149
epoch=23 val_jaccard=0.285374 accuracy=0.637729
epoch=24 val_jaccard=0.306526 accuracy=0.631628
epoch=25 val_jaccard=0.262161 accuracy=0.625997
wandb: updating run metadata
wandb: uploading wandb-summary.json; uploading config.yaml; uploading wandb-metadata.json; uploading requirements.txt; uploading output.log
wandb: uploading wandb-summary.json; uploading config.yaml; uploading wandb-metadata.json; uploading requirements.txt
wandb: uploading history steps 0-24, summary, console lines 1-26
wandb: 
wandb: Run history:
wandb:   train/loss ██▇▇▆▆▅▅▅▄▄▃▃▂▂▂▂▂▃▃▂▂▁▁▁
wandb: val/accuracy ▃▁▂▃▇▇▆▇▃▇▆▇▆▆█▆▃▇▅▆▇▆▇▇▇
wandb:  val/jaccard ▃▁▃▄▄▄▃▆▂▅▄▅▅▅█▆▄▅▃▆▅▅▆▇▆
wandb: 
wandb: Run summary:
wandb:   train/loss 0.89449
wandb: val/accuracy 0.626
wandb:  val/jaccard 0.26216
wandb: 
wandb: 🚀 View run stage1_ptower_011_P15_A_L8_w0.0_h30_foldE_seed42 at: https://wandb.ai/daky-o7600/egosurgery_multitask/runs/4wkvxamx
wandb: ⭐️ View project at: https://wandb.ai/daky-o7600/egosurgery_multitask
wandb: Synced 5 W&B file(s), 0 media file(s), 0 artifact file(s) and 0 other file(s)
wandb: Find logs at: ./wandb/run-20260917_155942-4wkvxamx/logs
RUN_COMPLETE /home/ubuntu/slocal2/m2/experiments/phase1/stage1_ptower_011_P15_A_L8_w0.0_h30_foldE_seed42
