wandb: [wandb.login()] Loaded credentials for https://api.wandb.ai from WANDB_API_KEY.
wandb: Currently logged in as: daky-o7600 to https://api.wandb.ai. Use `wandb login --relogin` to force relogin
wandb: WARNING Using a boolean value for 'reinit' is deprecated. Use 'return_previous' or 'finish_previous' instead.
wandb: Tracking run with wandb version 0.27.0
wandb: Run data is saved locally in /home/ubuntu/slocal2/m2/wandb/run-20260917_160603-l9oziozj
wandb: Run `wandb offline` to turn off syncing.
wandb: Syncing run stage1_ptower_036_P15_C_L8_w0.15_h30_foldA_seed123
wandb: ⭐️ View project at https://wandb.ai/daky-o7600/egosurgery_multitask
wandb: 🚀 View run at https://wandb.ai/daky-o7600/egosurgery_multitask/runs/l9oziozj
epoch=1 val_jaccard=0.047840 accuracy=0.333993
epoch=2 val_jaccard=0.065125 accuracy=0.152475
/home/ubuntu/slocal2/m2/.venv/lib/python3.11/site-packages/torch/optim/lr_scheduler.py:149: UserWarning: The epoch parameter in `scheduler.step()` was not necessary and is being deprecated where possible. Please use `scheduler.step()` to step the scheduler. During the deprecation, if epoch is different from None, the closed form is used instead of the new chainable form, where available. Please open an issue if you are unable to replicate your use case: https://github.com/pytorch/pytorch/issues/new/choose.
  warnings.warn(EPOCH_DEPRECATION_WARNING, UserWarning)
epoch=3 val_jaccard=0.069416 accuracy=0.139274
epoch=4 val_jaccard=0.142891 accuracy=0.444224
epoch=5 val_jaccard=0.170597 accuracy=0.488449
epoch=6 val_jaccard=0.155566 accuracy=0.488449
epoch=7 val_jaccard=0.186060 accuracy=0.510891
epoch=8 val_jaccard=0.198407 accuracy=0.520792
epoch=9 val_jaccard=0.288524 accuracy=0.519472
epoch=10 val_jaccard=0.219850 accuracy=0.549175
epoch=11 val_jaccard=0.336388 accuracy=0.443564
epoch=12 val_jaccard=0.311054 accuracy=0.711551
epoch=13 val_jaccard=0.356982 accuracy=0.604620
epoch=14 val_jaccard=0.243335 accuracy=0.488449
epoch=15 val_jaccard=0.277185 accuracy=0.572937
epoch=16 val_jaccard=0.293226 accuracy=0.538614
epoch=17 val_jaccard=0.260939 accuracy=0.452145
epoch=18 val_jaccard=0.366540 accuracy=0.591419
epoch=19 val_jaccard=0.264106 accuracy=0.566337
epoch=20 val_jaccard=0.244704 accuracy=0.363036
epoch=21 val_jaccard=0.304820 accuracy=0.557096
epoch=22 val_jaccard=0.330698 accuracy=0.676568
epoch=23 val_jaccard=0.271389 accuracy=0.479868
epoch=24 val_jaccard=0.267048 accuracy=0.517492
epoch=25 val_jaccard=0.274576 accuracy=0.491749
epoch=26 val_jaccard=0.268566 accuracy=0.510891
epoch=27 val_jaccard=0.306015 accuracy=0.586799
epoch=28 val_jaccard=0.263557 accuracy=0.475248
wandb: updating run metadata
wandb: uploading history steps 0-27, summary, console lines 1-29
wandb: 
wandb: Run history:
wandb:   train/loss ██▇▆▆▅▅▅▄▄▄▃▃▂▂▂▂▂▂▂▂▂▁▁▁▁▁▁
wandb: val/accuracy ▃▁▁▅▅▅▆▆▆▆▅█▇▅▆▆▅▇▆▄▆█▅▆▅▆▆▅
wandb:  val/jaccard ▁▁▁▃▄▃▄▄▆▅▇▇█▅▆▆▆█▆▅▇▇▆▆▆▆▇▆
wandb: 
wandb: Run summary:
wandb:   train/loss 1.05556
wandb: val/accuracy 0.47525
wandb:  val/jaccard 0.26356
wandb: 
wandb: 🚀 View run stage1_ptower_036_P15_C_L8_w0.15_h30_foldA_seed123 at: https://wandb.ai/daky-o7600/egosurgery_multitask/runs/l9oziozj
wandb: ⭐️ View project at: https://wandb.ai/daky-o7600/egosurgery_multitask
wandb: Synced 5 W&B file(s), 0 media file(s), 0 artifact file(s) and 0 other file(s)
wandb: Find logs at: ./wandb/run-20260917_160603-l9oziozj/logs
RUN_COMPLETE /home/ubuntu/slocal2/m2/experiments/phase1/stage1_ptower_036_P15_C_L8_w0.15_h30_foldA_seed123
