wandb: [wandb.login()] Loaded credentials for https://api.wandb.ai from WANDB_API_KEY.
wandb: Currently logged in as: daky-o7600 to https://api.wandb.ai. Use `wandb login --relogin` to force relogin
wandb: WARNING Using a boolean value for 'reinit' is deprecated. Use 'return_previous' or 'finish_previous' instead.
wandb: setting up run waoc0kkm
wandb: Tracking run with wandb version 0.27.0
wandb: Run data is saved locally in /home/ubuntu/slocal2/m2/wandb/run-20260917_160320-waoc0kkm
wandb: Run `wandb offline` to turn off syncing.
wandb: Syncing run stage1_ptower_019_P15_C_L6_w0.15_h30_foldA_seed42
wandb: ⭐️ View project at https://wandb.ai/daky-o7600/egosurgery_multitask
wandb: 🚀 View run at https://wandb.ai/daky-o7600/egosurgery_multitask/runs/waoc0kkm
epoch=1 val_jaccard=0.080432 accuracy=0.352475
epoch=2 val_jaccard=0.016266 accuracy=0.112211
/home/ubuntu/slocal2/m2/.venv/lib/python3.11/site-packages/torch/optim/lr_scheduler.py:149: UserWarning: The epoch parameter in `scheduler.step()` was not necessary and is being deprecated where possible. Please use `scheduler.step()` to step the scheduler. During the deprecation, if epoch is different from None, the closed form is used instead of the new chainable form, where available. Please open an issue if you are unable to replicate your use case: https://github.com/pytorch/pytorch/issues/new/choose.
  warnings.warn(EPOCH_DEPRECATION_WARNING, UserWarning)
epoch=3 val_jaccard=0.016201 accuracy=0.112211
epoch=4 val_jaccard=0.031306 accuracy=0.121452
epoch=5 val_jaccard=0.049701 accuracy=0.133993
epoch=6 val_jaccard=0.050117 accuracy=0.133993
epoch=7 val_jaccard=0.128285 accuracy=0.393399
epoch=8 val_jaccard=0.049214 accuracy=0.131353
epoch=9 val_jaccard=0.175981 accuracy=0.480528
epoch=10 val_jaccard=0.102022 accuracy=0.366997
epoch=11 val_jaccard=0.115013 accuracy=0.295050
epoch=12 val_jaccard=0.305499 accuracy=0.616502
epoch=13 val_jaccard=0.327304 accuracy=0.655446
epoch=14 val_jaccard=0.169589 accuracy=0.376898
epoch=15 val_jaccard=0.269899 accuracy=0.605941
epoch=16 val_jaccard=0.329016 accuracy=0.610561
epoch=17 val_jaccard=0.217004 accuracy=0.314191
epoch=18 val_jaccard=0.254097 accuracy=0.431683
epoch=19 val_jaccard=0.112969 accuracy=0.118812
epoch=20 val_jaccard=0.260756 accuracy=0.446205
epoch=21 val_jaccard=0.362507 accuracy=0.653465
epoch=22 val_jaccard=0.279155 accuracy=0.555116
epoch=23 val_jaccard=0.266902 accuracy=0.460066
epoch=24 val_jaccard=0.213784 accuracy=0.398020
epoch=25 val_jaccard=0.279749 accuracy=0.499670
epoch=26 val_jaccard=0.187668 accuracy=0.363036
epoch=27 val_jaccard=0.187013 accuracy=0.220462
epoch=28 val_jaccard=0.278081 accuracy=0.584158
epoch=29 val_jaccard=0.241450 accuracy=0.398020
epoch=30 val_jaccard=0.247303 accuracy=0.487129
epoch=31 val_jaccard=0.205250 accuracy=0.347195
wandb: updating run metadata
wandb: uploading history steps 0-30, summary, console lines 1-32
wandb: 
wandb: Run history:
wandb:   train/loss ██▇▇▆▆▅▅▅▅▅▄▄▃▃▃▂▂▂▂▂▂▁▁▁▁▁▁▁▁▁
wandb: val/accuracy ▄▁▁▁▁▁▅▁▆▄▃▇█▄▇▇▄▅▁▅█▇▅▅▆▄▂▇▅▆▄
wandb:  val/jaccard ▂▁▁▁▂▂▃▂▄▃▃▇▇▄▆▇▅▆▃▆█▆▆▅▆▄▄▆▆▆▅
wandb: 
wandb: Run summary:
wandb:   train/loss 1.21443
wandb: val/accuracy 0.34719
wandb:  val/jaccard 0.20525
wandb: 
wandb: 🚀 View run stage1_ptower_019_P15_C_L6_w0.15_h30_foldA_seed42 at: https://wandb.ai/daky-o7600/egosurgery_multitask/runs/waoc0kkm
wandb: ⭐️ View project at: https://wandb.ai/daky-o7600/egosurgery_multitask
wandb: Synced 5 W&B file(s), 0 media file(s), 0 artifact file(s) and 0 other file(s)
wandb: Find logs at: ./wandb/run-20260917_160320-waoc0kkm/logs
RUN_COMPLETE /home/ubuntu/slocal2/m2/experiments/phase1/stage1_ptower_019_P15_C_L6_w0.15_h30_foldA_seed42
