wandb: [wandb.login()] Loaded credentials for https://api.wandb.ai from WANDB_API_KEY.
wandb: Currently logged in as: daky-o7600 to https://api.wandb.ai. Use `wandb login --relogin` to force relogin
wandb: WARNING Using a boolean value for 'reinit' is deprecated. Use 'return_previous' or 'finish_previous' instead.
wandb: setting up run mdt5maov
wandb: Tracking run with wandb version 0.27.0
wandb: Run data is saved locally in /home/ubuntu/slocal2/m2/wandb/run-20260917_160320-mdt5maov
wandb: Run `wandb offline` to turn off syncing.
wandb: Syncing run stage1_ptower_019_P15_C_L6_w0.15_h30_foldA_seed123
wandb: ⭐️ View project at https://wandb.ai/daky-o7600/egosurgery_multitask
wandb: 🚀 View run at https://wandb.ai/daky-o7600/egosurgery_multitask/runs/mdt5maov
epoch=1 val_jaccard=0.016062 accuracy=0.112211
epoch=2 val_jaccard=0.016147 accuracy=0.112211
/home/ubuntu/slocal2/m2/.venv/lib/python3.11/site-packages/torch/optim/lr_scheduler.py:149: UserWarning: The epoch parameter in `scheduler.step()` was not necessary and is being deprecated where possible. Please use `scheduler.step()` to step the scheduler. During the deprecation, if epoch is different from None, the closed form is used instead of the new chainable form, where available. Please open an issue if you are unable to replicate your use case: https://github.com/pytorch/pytorch/issues/new/choose.
  warnings.warn(EPOCH_DEPRECATION_WARNING, UserWarning)
epoch=3 val_jaccard=0.016376 accuracy=0.112211
epoch=4 val_jaccard=0.030244 accuracy=0.120792
epoch=5 val_jaccard=0.046143 accuracy=0.131353
epoch=6 val_jaccard=0.049581 accuracy=0.134653
epoch=7 val_jaccard=0.046516 accuracy=0.132673
epoch=8 val_jaccard=0.046938 accuracy=0.130033
epoch=9 val_jaccard=0.115995 accuracy=0.196700
epoch=10 val_jaccard=0.239898 accuracy=0.601980
epoch=11 val_jaccard=0.242700 accuracy=0.470627
epoch=12 val_jaccard=0.327020 accuracy=0.697030
epoch=13 val_jaccard=0.279985 accuracy=0.469967
epoch=14 val_jaccard=0.265781 accuracy=0.615842
epoch=15 val_jaccard=0.222462 accuracy=0.364356
epoch=16 val_jaccard=0.310245 accuracy=0.611221
epoch=17 val_jaccard=0.236269 accuracy=0.411881
epoch=18 val_jaccard=0.330346 accuracy=0.582178
epoch=19 val_jaccard=0.304190 accuracy=0.646865
epoch=20 val_jaccard=0.199146 accuracy=0.282508
epoch=21 val_jaccard=0.369693 accuracy=0.705611
epoch=22 val_jaccard=0.306739 accuracy=0.570297
epoch=23 val_jaccard=0.299025 accuracy=0.446205
epoch=24 val_jaccard=0.292585 accuracy=0.492409
epoch=25 val_jaccard=0.387705 accuracy=0.639604
epoch=26 val_jaccard=0.293838 accuracy=0.446205
epoch=27 val_jaccard=0.303740 accuracy=0.548515
epoch=28 val_jaccard=0.313865 accuracy=0.511551
epoch=29 val_jaccard=0.308845 accuracy=0.551815
epoch=30 val_jaccard=0.320967 accuracy=0.529373
epoch=31 val_jaccard=0.277001 accuracy=0.499670
epoch=32 val_jaccard=0.305513 accuracy=0.528053
epoch=33 val_jaccard=0.295320 accuracy=0.500330
epoch=34 val_jaccard=0.266360 accuracy=0.487789
epoch=35 val_jaccard=0.232935 accuracy=0.447525
wandb: updating run metadata
wandb: uploading output.log
wandb: uploading history steps 0-34, summary, console lines 1-36
wandb: 
wandb: Run history:
wandb:   train/loss ██▇▇▆▆▅▅▅▄▄▄▃▃▃▂▃▂▂▃▂▂▂▂▂▁▁▁▁▁▁▁▁▁▁
wandb: val/accuracy ▁▁▁▁▁▁▁▁▂▇▅█▅▇▄▇▅▇▇▃█▆▅▅▇▅▆▆▆▆▆▆▆▅▅
wandb:  val/jaccard ▁▁▁▁▂▂▂▂▃▅▅▇▆▆▅▇▅▇▆▄█▆▆▆█▆▆▇▇▇▆▆▆▆▅
wandb: 
wandb: Run summary:
wandb:   train/loss 1.02602
wandb: val/accuracy 0.44752
wandb:  val/jaccard 0.23293
wandb: 
wandb: 🚀 View run stage1_ptower_019_P15_C_L6_w0.15_h30_foldA_seed123 at: https://wandb.ai/daky-o7600/egosurgery_multitask/runs/mdt5maov
wandb: ⭐️ View project at: https://wandb.ai/daky-o7600/egosurgery_multitask
wandb: Synced 5 W&B file(s), 0 media file(s), 0 artifact file(s) and 0 other file(s)
wandb: Find logs at: ./wandb/run-20260917_160320-mdt5maov/logs
RUN_COMPLETE /home/ubuntu/slocal2/m2/experiments/phase1/stage1_ptower_019_P15_C_L6_w0.15_h30_foldA_seed123
