wandb: [wandb.login()] Loaded credentials for https://api.wandb.ai from WANDB_API_KEY.
wandb: Currently logged in as: daky-o7600 to https://api.wandb.ai. Use `wandb login --relogin` to force relogin
wandb: WARNING Using a boolean value for 'reinit' is deprecated. Use 'return_previous' or 'finish_previous' instead.
wandb: Tracking run with wandb version 0.27.0
wandb: Run data is saved locally in /home/ubuntu/slocal2/m2/wandb/run-20260917_160252-sho2m5gp
wandb: Run `wandb offline` to turn off syncing.
wandb: Syncing run stage1_ptower_017_P15_B_L6_w0.0_h60_foldB_seed42
wandb: ⭐️ View project at https://wandb.ai/daky-o7600/egosurgery_multitask
wandb: 🚀 View run at https://wandb.ai/daky-o7600/egosurgery_multitask/runs/sho2m5gp
epoch=1 val_jaccard=0.010673 accuracy=0.072542
epoch=2 val_jaccard=0.059937 accuracy=0.352499
/home/ubuntu/slocal2/m2/.venv/lib/python3.11/site-packages/torch/optim/lr_scheduler.py:149: UserWarning: The epoch parameter in `scheduler.step()` was not necessary and is being deprecated where possible. Please use `scheduler.step()` to step the scheduler. During the deprecation, if epoch is different from None, the closed form is used instead of the new chainable form, where available. Please open an issue if you are unable to replicate your use case: https://github.com/pytorch/pytorch/issues/new/choose.
  warnings.warn(EPOCH_DEPRECATION_WARNING, UserWarning)
epoch=3 val_jaccard=0.019456 accuracy=0.076840
epoch=4 val_jaccard=0.028840 accuracy=0.083289
epoch=5 val_jaccard=0.102386 accuracy=0.259001
epoch=6 val_jaccard=0.115601 accuracy=0.305750
epoch=7 val_jaccard=0.103851 accuracy=0.184310
epoch=8 val_jaccard=0.100457 accuracy=0.311660
epoch=9 val_jaccard=0.058359 accuracy=0.052123
epoch=10 val_jaccard=0.225194 accuracy=0.507254
epoch=11 val_jaccard=0.137462 accuracy=0.089199
epoch=12 val_jaccard=0.164619 accuracy=0.304675
epoch=13 val_jaccard=0.204799 accuracy=0.410532
epoch=14 val_jaccard=0.161025 accuracy=0.146158
epoch=15 val_jaccard=0.174712 accuracy=0.254702
epoch=16 val_jaccard=0.137346 accuracy=0.254164
epoch=17 val_jaccard=0.084915 accuracy=0.063944
epoch=18 val_jaccard=0.191039 accuracy=0.267061
epoch=19 val_jaccard=0.185304 accuracy=0.209027
epoch=20 val_jaccard=0.198327 accuracy=0.256314
wandb: updating run metadata
wandb: uploading wandb-metadata.json; uploading requirements.txt; uploading output.log; uploading config.yaml
wandb: uploading history steps 0-19, summary, console lines 1-21
wandb: 
wandb: Run history:
wandb:   train/loss █▇▇▆▆▅▅▄▄▃▃▃▂▂▂▂▂▁▁▁
wandb: val/accuracy ▁▆▁▁▄▅▃▅▁█▂▅▇▂▄▄▁▄▃▄
wandb:  val/jaccard ▁▃▁▂▄▄▄▄▃█▅▆▇▆▆▅▃▇▇▇
wandb: 
wandb: Run summary:
wandb:   train/loss 1.28811
wandb: val/accuracy 0.25631
wandb:  val/jaccard 0.19833
wandb: 
wandb: 🚀 View run stage1_ptower_017_P15_B_L6_w0.0_h60_foldB_seed42 at: https://wandb.ai/daky-o7600/egosurgery_multitask/runs/sho2m5gp
wandb: ⭐️ View project at: https://wandb.ai/daky-o7600/egosurgery_multitask
wandb: Synced 5 W&B file(s), 0 media file(s), 0 artifact file(s) and 0 other file(s)
wandb: Find logs at: ./wandb/run-20260917_160252-sho2m5gp/logs
RUN_COMPLETE /home/ubuntu/slocal2/m2/experiments/phase1/stage1_ptower_017_P15_B_L6_w0.0_h60_foldB_seed42
