wandb: [wandb.login()] Loaded credentials for https://api.wandb.ai from WANDB_API_KEY.
wandb: Currently logged in as: daky-o7600 to https://api.wandb.ai. Use `wandb login --relogin` to force relogin
wandb: WARNING Using a boolean value for 'reinit' is deprecated. Use 'return_previous' or 'finish_previous' instead.
wandb: setting up run 7nbtwv21
wandb: Tracking run with wandb version 0.27.0
wandb: Run data is saved locally in /home/ubuntu/slocal2/m2/wandb/run-20260917_160330-7nbtwv21
wandb: Run `wandb offline` to turn off syncing.
wandb: Syncing run stage1_ptower_021_P15_C_L6_w0.15_h30_foldB_seed42
wandb: ⭐️ View project at https://wandb.ai/daky-o7600/egosurgery_multitask
wandb: 🚀 View run at https://wandb.ai/daky-o7600/egosurgery_multitask/runs/7nbtwv21
epoch=1 val_jaccard=0.008209 accuracy=0.036002
epoch=2 val_jaccard=0.010504 accuracy=0.072542
/home/ubuntu/slocal2/m2/.venv/lib/python3.11/site-packages/torch/optim/lr_scheduler.py:149: UserWarning: The epoch parameter in `scheduler.step()` was not necessary and is being deprecated where possible. Please use `scheduler.step()` to step the scheduler. During the deprecation, if epoch is different from None, the closed form is used instead of the new chainable form, where available. Please open an issue if you are unable to replicate your use case: https://github.com/pytorch/pytorch/issues/new/choose.
  warnings.warn(EPOCH_DEPRECATION_WARNING, UserWarning)
epoch=3 val_jaccard=0.014359 accuracy=0.073079
epoch=4 val_jaccard=0.019456 accuracy=0.076840
epoch=5 val_jaccard=0.071695 accuracy=0.093498
epoch=6 val_jaccard=0.064720 accuracy=0.101558
epoch=7 val_jaccard=0.045619 accuracy=0.089199
epoch=8 val_jaccard=0.107968 accuracy=0.248791
epoch=9 val_jaccard=0.073066 accuracy=0.058571
epoch=10 val_jaccard=0.141628 accuracy=0.301451
epoch=11 val_jaccard=0.075462 accuracy=0.113380
epoch=12 val_jaccard=0.122168 accuracy=0.148307
epoch=13 val_jaccard=0.055212 accuracy=0.049973
epoch=14 val_jaccard=0.226530 accuracy=0.336916
epoch=15 val_jaccard=0.178641 accuracy=0.434713
epoch=16 val_jaccard=0.066306 accuracy=0.138098
epoch=17 val_jaccard=0.157341 accuracy=0.312198
epoch=18 val_jaccard=0.097267 accuracy=0.085975
epoch=19 val_jaccard=0.170079 accuracy=0.379903
epoch=20 val_jaccard=0.100434 accuracy=0.156905
epoch=21 val_jaccard=0.109615 accuracy=0.152069
epoch=22 val_jaccard=0.119493 accuracy=0.299839
epoch=23 val_jaccard=0.113026 accuracy=0.164428
epoch=24 val_jaccard=0.133520 accuracy=0.348200
wandb: updating run metadata
wandb: uploading wandb-metadata.json; uploading requirements.txt; uploading output.log; uploading wandb-summary.json; uploading config.yaml
wandb: uploading history steps 0-23, summary, console lines 1-25
wandb: 
wandb: Run history:
wandb:   train/loss █▇▇▇▆▆▅▅▄▄▃▃▃▃▂▂▂▁▂▁▁▁▁▁
wandb: val/accuracy ▁▂▂▂▂▂▂▅▁▆▂▃▁▆█▃▆▂▇▃▃▆▃▆
wandb:  val/jaccard ▁▁▁▁▃▃▂▄▃▅▃▅▃█▆▃▆▄▆▄▄▅▄▅
wandb: 
wandb: Run summary:
wandb:   train/loss 1.32636
wandb: val/accuracy 0.3482
wandb:  val/jaccard 0.13352
wandb: 
wandb: 🚀 View run stage1_ptower_021_P15_C_L6_w0.15_h30_foldB_seed42 at: https://wandb.ai/daky-o7600/egosurgery_multitask/runs/7nbtwv21
wandb: ⭐️ View project at: https://wandb.ai/daky-o7600/egosurgery_multitask
wandb: Synced 5 W&B file(s), 0 media file(s), 0 artifact file(s) and 0 other file(s)
wandb: Find logs at: ./wandb/run-20260917_160330-7nbtwv21/logs
RUN_COMPLETE /home/ubuntu/slocal2/m2/experiments/phase1/stage1_ptower_021_P15_C_L6_w0.15_h30_foldB_seed42
