wandb: [wandb.login()] Loaded credentials for https://api.wandb.ai from WANDB_API_KEY.
wandb: Currently logged in as: daky-o7600 to https://api.wandb.ai. Use `wandb login --relogin` to force relogin
wandb: WARNING Using a boolean value for 'reinit' is deprecated. Use 'return_previous' or 'finish_previous' instead.
wandb: setting up run f7o8xlb4
wandb: Tracking run with wandb version 0.27.0
wandb: Run data is saved locally in /home/ubuntu/slocal2/m2/wandb/run-20260917_160423-f7o8xlb4
wandb: Run `wandb offline` to turn off syncing.
wandb: Syncing run stage1_ptower_027_P15_C_L6_w0.3_h30_foldE_seed42
wandb: ⭐️ View project at https://wandb.ai/daky-o7600/egosurgery_multitask
wandb: 🚀 View run at https://wandb.ai/daky-o7600/egosurgery_multitask/runs/f7o8xlb4
epoch=1 val_jaccard=0.079509 accuracy=0.040826
epoch=2 val_jaccard=0.056995 accuracy=0.171750
/home/ubuntu/slocal2/m2/.venv/lib/python3.11/site-packages/torch/optim/lr_scheduler.py:149: UserWarning: The epoch parameter in `scheduler.step()` was not necessary and is being deprecated where possible. Please use `scheduler.step()` to step the scheduler. During the deprecation, if epoch is different from None, the closed form is used instead of the new chainable form, where available. Please open an issue if you are unable to replicate your use case: https://github.com/pytorch/pytorch/issues/new/choose.
  warnings.warn(EPOCH_DEPRECATION_WARNING, UserWarning)
epoch=3 val_jaccard=0.030489 accuracy=0.076959
epoch=4 val_jaccard=0.080853 accuracy=0.305490
epoch=5 val_jaccard=0.030531 accuracy=0.088691
epoch=6 val_jaccard=0.027194 accuracy=0.038949
epoch=7 val_jaccard=0.030306 accuracy=0.082121
epoch=8 val_jaccard=0.062983 accuracy=0.291882
epoch=9 val_jaccard=0.093278 accuracy=0.368372
epoch=10 val_jaccard=0.085019 accuracy=0.514313
epoch=11 val_jaccard=0.090852 accuracy=0.519944
epoch=12 val_jaccard=0.288593 accuracy=0.517597
epoch=13 val_jaccard=0.121510 accuracy=0.273111
epoch=14 val_jaccard=0.109476 accuracy=0.157203
epoch=15 val_jaccard=0.188875 accuracy=0.417644
epoch=16 val_jaccard=0.136170 accuracy=0.171750
epoch=17 val_jaccard=0.186454 accuracy=0.265603
epoch=18 val_jaccard=0.257730 accuracy=0.436415
epoch=19 val_jaccard=0.231209 accuracy=0.535429
epoch=20 val_jaccard=0.146779 accuracy=0.269357
epoch=21 val_jaccard=0.126249 accuracy=0.171750
epoch=22 val_jaccard=0.317765 accuracy=0.521351
epoch=23 val_jaccard=0.275361 accuracy=0.521351
epoch=24 val_jaccard=0.310255 accuracy=0.535429
epoch=25 val_jaccard=0.339711 accuracy=0.631628
epoch=26 val_jaccard=0.346781 accuracy=0.629751
epoch=27 val_jaccard=0.337177 accuracy=0.631628
epoch=28 val_jaccard=0.361849 accuracy=0.672924
epoch=29 val_jaccard=0.249633 accuracy=0.362740
epoch=30 val_jaccard=0.281322 accuracy=0.388081
epoch=31 val_jaccard=0.379715 accuracy=0.671046
epoch=32 val_jaccard=0.381044 accuracy=0.673393
epoch=33 val_jaccard=0.376454 accuracy=0.674331
epoch=34 val_jaccard=0.363866 accuracy=0.646645
epoch=35 val_jaccard=0.390175 accuracy=0.689348
epoch=36 val_jaccard=0.357627 accuracy=0.625059
epoch=37 val_jaccard=0.377486 accuracy=0.660723
epoch=38 val_jaccard=0.379889 accuracy=0.664477
epoch=39 val_jaccard=0.380054 accuracy=0.658376
epoch=40 val_jaccard=0.387323 accuracy=0.675739
epoch=41 val_jaccard=0.380312 accuracy=0.658376
epoch=42 val_jaccard=0.385944 accuracy=0.669169
epoch=43 val_jaccard=0.383494 accuracy=0.664946
epoch=44 val_jaccard=0.388649 accuracy=0.674331
epoch=45 val_jaccard=0.386026 accuracy=0.669639
wandb: updating run metadata
wandb: uploading wandb-summary.json; uploading config.yaml; uploading output.log
wandb: uploading history steps 0-44, summary, console lines 1-46
wandb: 
wandb: Run history:
wandb:   train/loss ██▇▇▇▆▆▆▅▅▄▄▄▃▃▄▃▂▂▂▂▂▂▂▁▁▁▁▁▁▁▁▁▁▁▁▁▁▁▁
wandb: val/accuracy ▁▂▁▄▂▁▁▄▆▆▆▄▂▅▂▃▆▃▂▆▆▆▇▇█▄▅█████████████
wandb:  val/jaccard ▂▂▁▂▁▁▁▂▂▂▆▃▃▄▃▄▅▃▃▇▆▆▇▇▇▅▆███▇█████████
wandb: 
wandb: Run summary:
wandb:   train/loss 1.19311
wandb: val/accuracy 0.66964
wandb:  val/jaccard 0.38603
wandb: 
wandb: 🚀 View run stage1_ptower_027_P15_C_L6_w0.3_h30_foldE_seed42 at: https://wandb.ai/daky-o7600/egosurgery_multitask/runs/f7o8xlb4
wandb: ⭐️ View project at: https://wandb.ai/daky-o7600/egosurgery_multitask
wandb: Synced 5 W&B file(s), 0 media file(s), 0 artifact file(s) and 0 other file(s)
wandb: Find logs at: ./wandb/run-20260917_160423-f7o8xlb4/logs
RUN_COMPLETE /home/ubuntu/slocal2/m2/experiments/phase1/stage1_ptower_027_P15_C_L6_w0.3_h30_foldE_seed42
