wandb: [wandb.login()] Loaded credentials for https://api.wandb.ai from WANDB_API_KEY.
wandb: Currently logged in as: daky-o7600 to https://api.wandb.ai. Use `wandb login --relogin` to force relogin
wandb: WARNING Using a boolean value for 'reinit' is deprecated. Use 'return_previous' or 'finish_previous' instead.
wandb: Tracking run with wandb version 0.27.0
wandb: Run data is saved locally in /home/ubuntu/slocal2/m2/wandb/run-20260917_160240-n0b9sxdg
wandb: Run `wandb offline` to turn off syncing.
wandb: Syncing run stage1_ptower_016_P15_B_L6_w0.0_h60_foldA_seed123
wandb: ⭐️ View project at https://wandb.ai/daky-o7600/egosurgery_multitask
wandb: 🚀 View run at https://wandb.ai/daky-o7600/egosurgery_multitask/runs/n0b9sxdg
epoch=1 val_jaccard=0.067654 accuracy=0.382838
epoch=2 val_jaccard=0.065170 accuracy=0.272607
/home/ubuntu/slocal2/m2/.venv/lib/python3.11/site-packages/torch/optim/lr_scheduler.py:149: UserWarning: The epoch parameter in `scheduler.step()` was not necessary and is being deprecated where possible. Please use `scheduler.step()` to step the scheduler. During the deprecation, if epoch is different from None, the closed form is used instead of the new chainable form, where available. Please open an issue if you are unable to replicate your use case: https://github.com/pytorch/pytorch/issues/new/choose.
  warnings.warn(EPOCH_DEPRECATION_WARNING, UserWarning)
epoch=3 val_jaccard=0.030251 accuracy=0.121452
epoch=4 val_jaccard=0.044343 accuracy=0.132013
epoch=5 val_jaccard=0.125776 accuracy=0.376238
epoch=6 val_jaccard=0.047564 accuracy=0.132673
epoch=7 val_jaccard=0.152994 accuracy=0.420462
epoch=8 val_jaccard=0.183832 accuracy=0.508911
epoch=9 val_jaccard=0.088813 accuracy=0.150495
epoch=10 val_jaccard=0.167136 accuracy=0.431023
epoch=11 val_jaccard=0.151130 accuracy=0.394059
epoch=12 val_jaccard=0.182807 accuracy=0.477888
epoch=13 val_jaccard=0.279687 accuracy=0.548515
epoch=14 val_jaccard=0.234243 accuracy=0.594719
epoch=15 val_jaccard=0.166356 accuracy=0.365677
epoch=16 val_jaccard=0.198513 accuracy=0.497690
epoch=17 val_jaccard=0.288940 accuracy=0.553795
epoch=18 val_jaccard=0.276576 accuracy=0.578218
epoch=19 val_jaccard=0.288265 accuracy=0.573597
epoch=20 val_jaccard=0.295523 accuracy=0.570297
epoch=21 val_jaccard=0.271958 accuracy=0.580858
epoch=22 val_jaccard=0.347743 accuracy=0.700330
epoch=23 val_jaccard=0.331399 accuracy=0.669967
epoch=24 val_jaccard=0.263390 accuracy=0.577558
epoch=25 val_jaccard=0.350490 accuracy=0.669967
epoch=26 val_jaccard=0.322016 accuracy=0.629043
epoch=27 val_jaccard=0.363683 accuracy=0.666667
epoch=28 val_jaccard=0.312268 accuracy=0.582838
epoch=29 val_jaccard=0.338937 accuracy=0.594719
epoch=30 val_jaccard=0.288821 accuracy=0.505611
epoch=31 val_jaccard=0.305469 accuracy=0.491089
epoch=32 val_jaccard=0.359608 accuracy=0.619142
epoch=33 val_jaccard=0.329192 accuracy=0.570297
epoch=34 val_jaccard=0.311368 accuracy=0.528053
epoch=35 val_jaccard=0.305900 accuracy=0.530693
epoch=36 val_jaccard=0.297608 accuracy=0.510231
epoch=37 val_jaccard=0.351230 accuracy=0.590759
wandb: updating run metadata
wandb: uploading output.log; uploading wandb-summary.json; uploading config.yaml
wandb: uploading history steps 0-36, summary, console lines 1-38
wandb: 
wandb: Run history:
wandb:   train/loss █▇▇▇▆▆▅▅▅▄▄▄▃▃▄▄▃▃▂▂▂▂▂▂▂▁▁▁▁▁▁▁▁▁▁▁▁
wandb: val/accuracy ▄▃▁▁▄▁▅▆▁▅▄▅▆▇▄▆▆▇▆▆▇██▇█▇█▇▇▆▅▇▆▆▆▆▇
wandb:  val/jaccard ▂▂▁▁▃▁▄▄▂▄▄▄▆▅▄▅▆▆▆▇▆█▇▆█▇█▇▇▆▇█▇▇▇▇█
wandb: 
wandb: Run summary:
wandb:   train/loss 0.83753
wandb: val/accuracy 0.59076
wandb:  val/jaccard 0.35123
wandb: 
wandb: 🚀 View run stage1_ptower_016_P15_B_L6_w0.0_h60_foldA_seed123 at: https://wandb.ai/daky-o7600/egosurgery_multitask/runs/n0b9sxdg
wandb: ⭐️ View project at: https://wandb.ai/daky-o7600/egosurgery_multitask
wandb: Synced 5 W&B file(s), 0 media file(s), 0 artifact file(s) and 0 other file(s)
wandb: Find logs at: ./wandb/run-20260917_160240-n0b9sxdg/logs
RUN_COMPLETE /home/ubuntu/slocal2/m2/experiments/phase1/stage1_ptower_016_P15_B_L6_w0.0_h60_foldA_seed123
