wandb: [wandb.login()] Loaded credentials for https://api.wandb.ai from WANDB_API_KEY.
wandb: Currently logged in as: daky-o7600 to https://api.wandb.ai. Use `wandb login --relogin` to force relogin
wandb: WARNING Using a boolean value for 'reinit' is deprecated. Use 'return_previous' or 'finish_previous' instead.
wandb: setting up run agbcxq91
wandb: Tracking run with wandb version 0.27.0
wandb: Run data is saved locally in /home/ubuntu/slocal2/m2/wandb/run-20260917_160539-agbcxq91
wandb: Run `wandb offline` to turn off syncing.
wandb: Syncing run stage1_ptower_034_P15_B_L8_w0.0_h60_foldB_seed42
wandb: ⭐️ View project at https://wandb.ai/daky-o7600/egosurgery_multitask
wandb: 🚀 View run at https://wandb.ai/daky-o7600/egosurgery_multitask/runs/agbcxq91
epoch=1 val_jaccard=0.010453 accuracy=0.072542
epoch=2 val_jaccard=0.017112 accuracy=0.051585
/home/ubuntu/slocal2/m2/.venv/lib/python3.11/site-packages/torch/optim/lr_scheduler.py:149: UserWarning: The epoch parameter in `scheduler.step()` was not necessary and is being deprecated where possible. Please use `scheduler.step()` to step the scheduler. During the deprecation, if epoch is different from None, the closed form is used instead of the new chainable form, where available. Please open an issue if you are unable to replicate your use case: https://github.com/pytorch/pytorch/issues/new/choose.
  warnings.warn(EPOCH_DEPRECATION_WARNING, UserWarning)
epoch=3 val_jaccard=0.033542 accuracy=0.042988
epoch=4 val_jaccard=0.021423 accuracy=0.077915
epoch=5 val_jaccard=0.031850 accuracy=0.039764
epoch=6 val_jaccard=0.075059 accuracy=0.055884
epoch=7 val_jaccard=0.115758 accuracy=0.332080
epoch=8 val_jaccard=0.083258 accuracy=0.206341
epoch=9 val_jaccard=0.043995 accuracy=0.061795
epoch=10 val_jaccard=0.045214 accuracy=0.069855
epoch=11 val_jaccard=0.081287 accuracy=0.087587
epoch=12 val_jaccard=0.161724 accuracy=0.356260
epoch=13 val_jaccard=0.127332 accuracy=0.199893
epoch=14 val_jaccard=0.125231 accuracy=0.203654
epoch=15 val_jaccard=0.148801 accuracy=0.243418
epoch=16 val_jaccard=0.172928 accuracy=0.456206
epoch=17 val_jaccard=0.202730 accuracy=0.404084
epoch=18 val_jaccard=0.161485 accuracy=0.373455
epoch=19 val_jaccard=0.131719 accuracy=0.315422
epoch=20 val_jaccard=0.182042 accuracy=0.355185
epoch=21 val_jaccard=0.110335 accuracy=0.193444
epoch=22 val_jaccard=0.160294 accuracy=0.267598
epoch=23 val_jaccard=0.150290 accuracy=0.320258
epoch=24 val_jaccard=0.171223 accuracy=0.316497
epoch=25 val_jaccard=0.150378 accuracy=0.331542
epoch=26 val_jaccard=0.187025 accuracy=0.356797
epoch=27 val_jaccard=0.156942 accuracy=0.313810
wandb: updating run metadata
wandb: uploading history steps 0-26, summary, console lines 1-28
wandb: 
wandb: Run history:
wandb:   train/loss █▇▇▇▆▅▅▅▄▄▄▃▃▂▂▂▂▂▂▂▂▂▁▁▁▁▁
wandb: val/accuracy ▂▁▁▂▁▁▆▄▁▂▂▆▄▄▄█▇▇▆▆▄▅▆▆▆▆▆
wandb:  val/jaccard ▁▁▂▁▂▃▅▄▂▂▄▇▅▅▆▇█▆▅▇▅▆▆▇▆▇▆
wandb: 
wandb: Run summary:
wandb:   train/loss 0.70494
wandb: val/accuracy 0.31381
wandb:  val/jaccard 0.15694
wandb: 
wandb: 🚀 View run stage1_ptower_034_P15_B_L8_w0.0_h60_foldB_seed42 at: https://wandb.ai/daky-o7600/egosurgery_multitask/runs/agbcxq91
wandb: ⭐️ View project at: https://wandb.ai/daky-o7600/egosurgery_multitask
wandb: Synced 5 W&B file(s), 0 media file(s), 0 artifact file(s) and 0 other file(s)
wandb: Find logs at: ./wandb/run-20260917_160539-agbcxq91/logs
RUN_COMPLETE /home/ubuntu/slocal2/m2/experiments/phase1/stage1_ptower_034_P15_B_L8_w0.0_h60_foldB_seed42
