wandb: [wandb.login()] Loaded credentials for https://api.wandb.ai from WANDB_API_KEY.
wandb: Currently logged in as: daky-o7600 to https://api.wandb.ai. Use `wandb login --relogin` to force relogin
wandb: WARNING Using a boolean value for 'reinit' is deprecated. Use 'return_previous' or 'finish_previous' instead.
wandb: Tracking run with wandb version 0.27.0
wandb: Run data is saved locally in /home/ubuntu/slocal2/m2/wandb/run-20260917_160647-rylwturc
wandb: Run `wandb offline` to turn off syncing.
wandb: Syncing run stage1_ptower_041_P15_C_L8_w0.3_h30_foldA_seed123
wandb: ⭐️ View project at https://wandb.ai/daky-o7600/egosurgery_multitask
wandb: 🚀 View run at https://wandb.ai/daky-o7600/egosurgery_multitask/runs/rylwturc
epoch=1 val_jaccard=0.047840 accuracy=0.333993
epoch=2 val_jaccard=0.068687 accuracy=0.155776
/home/ubuntu/slocal2/m2/.venv/lib/python3.11/site-packages/torch/optim/lr_scheduler.py:149: UserWarning: The epoch parameter in `scheduler.step()` was not necessary and is being deprecated where possible. Please use `scheduler.step()` to step the scheduler. During the deprecation, if epoch is different from None, the closed form is used instead of the new chainable form, where available. Please open an issue if you are unable to replicate your use case: https://github.com/pytorch/pytorch/issues/new/choose.
  warnings.warn(EPOCH_DEPRECATION_WARNING, UserWarning)
epoch=3 val_jaccard=0.062733 accuracy=0.135314
epoch=4 val_jaccard=0.113471 accuracy=0.320132
epoch=5 val_jaccard=0.154020 accuracy=0.471947
epoch=6 val_jaccard=0.155475 accuracy=0.488449
epoch=7 val_jaccard=0.182233 accuracy=0.510891
epoch=8 val_jaccard=0.204155 accuracy=0.527393
epoch=9 val_jaccard=0.297814 accuracy=0.539934
epoch=10 val_jaccard=0.200804 accuracy=0.536634
epoch=11 val_jaccard=0.350991 accuracy=0.487129
epoch=12 val_jaccard=0.324400 accuracy=0.718812
epoch=13 val_jaccard=0.315427 accuracy=0.563036
epoch=14 val_jaccard=0.250216 accuracy=0.506271
epoch=15 val_jaccard=0.269380 accuracy=0.559076
epoch=16 val_jaccard=0.370063 accuracy=0.675248
epoch=17 val_jaccard=0.302668 accuracy=0.509571
epoch=18 val_jaccard=0.191255 accuracy=0.266667
epoch=19 val_jaccard=0.337018 accuracy=0.696370
epoch=20 val_jaccard=0.280513 accuracy=0.561716
epoch=21 val_jaccard=0.218972 accuracy=0.386139
epoch=22 val_jaccard=0.288028 accuracy=0.592079
epoch=23 val_jaccard=0.289087 accuracy=0.525413
epoch=24 val_jaccard=0.305643 accuracy=0.597360
epoch=25 val_jaccard=0.265140 accuracy=0.515512
epoch=26 val_jaccard=0.267704 accuracy=0.516832
wandb: updating run metadata
wandb: uploading output.log; uploading wandb-summary.json; uploading wandb-metadata.json; uploading requirements.txt; uploading config.yaml
wandb: uploading history steps 0-25, summary, console lines 0-27
wandb: 
wandb: Run history:
wandb:   train/loss ██▇▆▆▅▅▅▄▄▄▃▃▃▂▂▂▂▂▂▁▁▁▁▁▁
wandb: val/accuracy ▃▁▁▃▅▅▆▆▆▆▅█▆▅▆▇▅▃█▆▄▆▆▇▆▆
wandb:  val/jaccard ▁▁▁▂▃▃▄▄▆▄█▇▇▅▆█▇▄▇▆▅▆▆▇▆▆
wandb: 
wandb: Run summary:
wandb:   train/loss 1.22403
wandb: val/accuracy 0.51683
wandb:  val/jaccard 0.2677
wandb: 
wandb: 🚀 View run stage1_ptower_041_P15_C_L8_w0.3_h30_foldA_seed123 at: https://wandb.ai/daky-o7600/egosurgery_multitask/runs/rylwturc
wandb: ⭐️ View project at: https://wandb.ai/daky-o7600/egosurgery_multitask
wandb: Synced 5 W&B file(s), 0 media file(s), 0 artifact file(s) and 0 other file(s)
wandb: Find logs at: ./wandb/run-20260917_160647-rylwturc/logs
RUN_COMPLETE /home/ubuntu/slocal2/m2/experiments/phase1/stage1_ptower_041_P15_C_L8_w0.3_h30_foldA_seed123
