wandb: [wandb.login()] Loaded credentials for https://api.wandb.ai from WANDB_API_KEY.
wandb: Currently logged in as: daky-o7600 to https://api.wandb.ai. Use `wandb login --relogin` to force relogin
wandb: WARNING Using a boolean value for 'reinit' is deprecated. Use 'return_previous' or 'finish_previous' instead.
wandb: setting up run upka3t1b
wandb: Tracking run with wandb version 0.27.0
wandb: Run data is saved locally in /home/ubuntu/slocal2/m2/wandb/run-20260917_160435-upka3t1b
wandb: Run `wandb offline` to turn off syncing.
wandb: Syncing run stage1_ptower_028_P15_B_L8_w0.0_h30_foldA_seed42
wandb: ⭐️ View project at https://wandb.ai/daky-o7600/egosurgery_multitask
wandb: 🚀 View run at https://wandb.ai/daky-o7600/egosurgery_multitask/runs/upka3t1b
epoch=1 val_jaccard=0.016030 accuracy=0.112211
epoch=2 val_jaccard=0.016030 accuracy=0.112211
/home/ubuntu/slocal2/m2/.venv/lib/python3.11/site-packages/torch/optim/lr_scheduler.py:149: UserWarning: The epoch parameter in `scheduler.step()` was not necessary and is being deprecated where possible. Please use `scheduler.step()` to step the scheduler. During the deprecation, if epoch is different from None, the closed form is used instead of the new chainable form, where available. Please open an issue if you are unable to replicate your use case: https://github.com/pytorch/pytorch/issues/new/choose.
  warnings.warn(EPOCH_DEPRECATION_WARNING, UserWarning)
epoch=3 val_jaccard=0.080746 accuracy=0.152475
epoch=4 val_jaccard=0.092966 accuracy=0.149835
epoch=5 val_jaccard=0.173506 accuracy=0.475248
epoch=6 val_jaccard=0.151691 accuracy=0.480528
epoch=7 val_jaccard=0.144550 accuracy=0.467987
epoch=8 val_jaccard=0.204340 accuracy=0.540594
epoch=9 val_jaccard=0.184716 accuracy=0.499670
epoch=10 val_jaccard=0.244316 accuracy=0.594059
epoch=11 val_jaccard=0.144085 accuracy=0.368977
epoch=12 val_jaccard=0.267529 accuracy=0.631023
epoch=13 val_jaccard=0.230022 accuracy=0.517492
epoch=14 val_jaccard=0.200083 accuracy=0.400000
epoch=15 val_jaccard=0.297575 accuracy=0.693069
epoch=16 val_jaccard=0.279390 accuracy=0.506931
epoch=17 val_jaccard=0.289998 accuracy=0.597360
epoch=18 val_jaccard=0.229121 accuracy=0.518812
epoch=19 val_jaccard=0.101605 accuracy=0.211221
epoch=20 val_jaccard=0.216998 accuracy=0.464686
epoch=21 val_jaccard=0.357103 accuracy=0.644884
epoch=22 val_jaccard=0.188489 accuracy=0.373597
epoch=23 val_jaccard=0.277699 accuracy=0.508251
epoch=24 val_jaccard=0.248900 accuracy=0.510231
epoch=25 val_jaccard=0.275359 accuracy=0.514191
epoch=26 val_jaccard=0.228217 accuracy=0.418482
epoch=27 val_jaccard=0.249827 accuracy=0.487129
epoch=28 val_jaccard=0.272384 accuracy=0.548515
epoch=29 val_jaccard=0.244928 accuracy=0.464026
epoch=30 val_jaccard=0.259131 accuracy=0.516172
epoch=31 val_jaccard=0.260946 accuracy=0.508251
wandb: updating run metadata
wandb: uploading output.log; uploading config.yaml
wandb: uploading history steps 0-30, summary, console lines 1-32
wandb: 
wandb: Run history:
wandb:   train/loss █▇▇▆▆▅▅▅▄▄▄▄▃▃▃▃▃▃▂▂▂▂▂▁▁▁▁▁▁▁▁
wandb: val/accuracy ▁▁▁▁▅▅▅▆▆▇▄▇▆▄█▆▇▆▂▅▇▄▆▆▆▅▆▆▅▆▆
wandb:  val/jaccard ▁▁▂▃▄▄▄▅▄▆▄▆▅▅▇▆▇▅▃▅█▅▆▆▆▅▆▆▆▆▆
wandb: 
wandb: Run summary:
wandb:   train/loss 0.79433
wandb: val/accuracy 0.50825
wandb:  val/jaccard 0.26095
wandb: 
wandb: 🚀 View run stage1_ptower_028_P15_B_L8_w0.0_h30_foldA_seed42 at: https://wandb.ai/daky-o7600/egosurgery_multitask/runs/upka3t1b
wandb: ⭐️ View project at: https://wandb.ai/daky-o7600/egosurgery_multitask
wandb: Synced 5 W&B file(s), 0 media file(s), 0 artifact file(s) and 0 other file(s)
wandb: Find logs at: ./wandb/run-20260917_160435-upka3t1b/logs
RUN_COMPLETE /home/ubuntu/slocal2/m2/experiments/phase1/stage1_ptower_028_P15_B_L8_w0.0_h30_foldA_seed42
