wandb: [wandb.login()] Loaded credentials for https://api.wandb.ai from WANDB_API_KEY.
wandb: Currently logged in as: daky-o7600 to https://api.wandb.ai. Use `wandb login --relogin` to force relogin
wandb: WARNING Using a boolean value for 'reinit' is deprecated. Use 'return_previous' or 'finish_previous' instead.
wandb: Tracking run with wandb version 0.27.0
wandb: Run data is saved locally in /home/ubuntu/slocal2/m2/wandb/run-20260917_155932-qxh8vwim
wandb: Run `wandb offline` to turn off syncing.
wandb: Syncing run stage1_ptower_010_P15_A_L8_w0.0_h30_foldC_seed42
wandb: ⭐️ View project at https://wandb.ai/daky-o7600/egosurgery_multitask
wandb: 🚀 View run at https://wandb.ai/daky-o7600/egosurgery_multitask/runs/qxh8vwim
epoch=1 val_jaccard=0.061415 accuracy=0.098089
epoch=2 val_jaccard=0.107117 accuracy=0.252012
/home/ubuntu/slocal2/m2/.venv/lib/python3.11/site-packages/torch/optim/lr_scheduler.py:149: UserWarning: The epoch parameter in `scheduler.step()` was not necessary and is being deprecated where possible. Please use `scheduler.step()` to step the scheduler. During the deprecation, if epoch is different from None, the closed form is used instead of the new chainable form, where available. Please open an issue if you are unable to replicate your use case: https://github.com/pytorch/pytorch/issues/new/choose.
  warnings.warn(EPOCH_DEPRECATION_WARNING, UserWarning)
epoch=3 val_jaccard=0.059501 accuracy=0.100604
epoch=4 val_jaccard=0.058273 accuracy=0.131791
epoch=5 val_jaccard=0.130357 accuracy=0.489940
epoch=6 val_jaccard=0.159446 accuracy=0.425553
epoch=7 val_jaccard=0.086803 accuracy=0.150905
epoch=8 val_jaccard=0.240565 accuracy=0.629779
epoch=9 val_jaccard=0.174613 accuracy=0.544769
epoch=10 val_jaccard=0.185140 accuracy=0.557344
epoch=11 val_jaccard=0.118675 accuracy=0.299296
epoch=12 val_jaccard=0.217917 accuracy=0.501509
epoch=13 val_jaccard=0.263042 accuracy=0.609155
epoch=14 val_jaccard=0.187105 accuracy=0.440644
epoch=15 val_jaccard=0.146999 accuracy=0.186620
epoch=16 val_jaccard=0.164419 accuracy=0.524648
epoch=17 val_jaccard=0.173252 accuracy=0.358149
epoch=18 val_jaccard=0.180453 accuracy=0.362173
epoch=19 val_jaccard=0.238493 accuracy=0.534205
epoch=20 val_jaccard=0.176316 accuracy=0.361167
epoch=21 val_jaccard=0.222915 accuracy=0.440141
epoch=22 val_jaccard=0.191983 accuracy=0.381288
epoch=23 val_jaccard=0.240418 accuracy=0.456237
wandb: updating run metadata
wandb: uploading history steps 0-22, summary, console lines 1-24
wandb: 
wandb: Run history:
wandb:   train/loss █▇▇▆▆▅▅▅▄▄▃▃▃▂▂▂▃▂▂▂▁▁▁
wandb: val/accuracy ▁▃▁▁▆▅▂█▇▇▄▆█▆▂▇▄▄▇▄▆▅▆
wandb:  val/jaccard ▁▃▁▁▃▄▂▇▅▅▃▆█▅▄▅▅▅▇▅▇▆▇
wandb: 
wandb: Run summary:
wandb:   train/loss 0.96018
wandb: val/accuracy 0.45624
wandb:  val/jaccard 0.24042
wandb: 
wandb: 🚀 View run stage1_ptower_010_P15_A_L8_w0.0_h30_foldC_seed42 at: https://wandb.ai/daky-o7600/egosurgery_multitask/runs/qxh8vwim
wandb: ⭐️ View project at: https://wandb.ai/daky-o7600/egosurgery_multitask
wandb: Synced 5 W&B file(s), 0 media file(s), 0 artifact file(s) and 0 other file(s)
wandb: Find logs at: ./wandb/run-20260917_155932-qxh8vwim/logs
RUN_COMPLETE /home/ubuntu/slocal2/m2/experiments/phase1/stage1_ptower_010_P15_A_L8_w0.0_h30_foldC_seed42
