wandb: [wandb.login()] Loaded credentials for https://api.wandb.ai from WANDB_API_KEY.
wandb: Currently logged in as: daky-o7600 to https://api.wandb.ai. Use `wandb login --relogin` to force relogin
wandb: WARNING Using a boolean value for 'reinit' is deprecated. Use 'return_previous' or 'finish_previous' instead.
wandb: Tracking run with wandb version 0.27.0
wandb: Run data is saved locally in /home/ubuntu/slocal2/m2/wandb/run-20260917_160350-vgmmhc7p
wandb: Run `wandb offline` to turn off syncing.
wandb: Syncing run stage1_ptower_023_P15_C_L6_w0.3_h30_foldA_seed42
wandb: ⭐️ View project at https://wandb.ai/daky-o7600/egosurgery_multitask
wandb: 🚀 View run at https://wandb.ai/daky-o7600/egosurgery_multitask/runs/vgmmhc7p
epoch=1 val_jaccard=0.077463 accuracy=0.334653
epoch=2 val_jaccard=0.016266 accuracy=0.112211
/home/ubuntu/slocal2/m2/.venv/lib/python3.11/site-packages/torch/optim/lr_scheduler.py:149: UserWarning: The epoch parameter in `scheduler.step()` was not necessary and is being deprecated where possible. Please use `scheduler.step()` to step the scheduler. During the deprecation, if epoch is different from None, the closed form is used instead of the new chainable form, where available. Please open an issue if you are unable to replicate your use case: https://github.com/pytorch/pytorch/issues/new/choose.
  warnings.warn(EPOCH_DEPRECATION_WARNING, UserWarning)
epoch=3 val_jaccard=0.016201 accuracy=0.112211
epoch=4 val_jaccard=0.031210 accuracy=0.121452
epoch=5 val_jaccard=0.049701 accuracy=0.133993
epoch=6 val_jaccard=0.050117 accuracy=0.133993
epoch=7 val_jaccard=0.116380 accuracy=0.342574
epoch=8 val_jaccard=0.050510 accuracy=0.131353
epoch=9 val_jaccard=0.147253 accuracy=0.363696
epoch=10 val_jaccard=0.102296 accuracy=0.367657
epoch=11 val_jaccard=0.106788 accuracy=0.290429
epoch=12 val_jaccard=0.286077 accuracy=0.562376
epoch=13 val_jaccard=0.339309 accuracy=0.660726
epoch=14 val_jaccard=0.150858 accuracy=0.366997
epoch=15 val_jaccard=0.288100 accuracy=0.631683
epoch=16 val_jaccard=0.277358 accuracy=0.572277
epoch=17 val_jaccard=0.247150 accuracy=0.450165
epoch=18 val_jaccard=0.168927 accuracy=0.271287
epoch=19 val_jaccard=0.103888 accuracy=0.117492
epoch=20 val_jaccard=0.187631 accuracy=0.357096
epoch=21 val_jaccard=0.383449 accuracy=0.586799
epoch=22 val_jaccard=0.237493 accuracy=0.489769
epoch=23 val_jaccard=0.253502 accuracy=0.400000
epoch=24 val_jaccard=0.211479 accuracy=0.424422
epoch=25 val_jaccard=0.265353 accuracy=0.497690
epoch=26 val_jaccard=0.176778 accuracy=0.306271
epoch=27 val_jaccard=0.145549 accuracy=0.200660
epoch=28 val_jaccard=0.292167 accuracy=0.605281
epoch=29 val_jaccard=0.143558 accuracy=0.200660
epoch=30 val_jaccard=0.273990 accuracy=0.541914
epoch=31 val_jaccard=0.242567 accuracy=0.408581
wandb: updating run metadata
wandb: uploading requirements.txt; uploading output.log; uploading wandb-summary.json; uploading config.yaml
wandb: uploading history steps 0-30, summary, console lines 1-32
wandb: 
wandb: Run history:
wandb:   train/loss ██▇▇▆▆▅▅▅▅▅▄▄▃▃▃▃▃▂▂▂▂▂▂▁▁▁▁▁▁▁
wandb: val/accuracy ▄▁▁▁▁▁▄▁▄▄▃▇█▄█▇▅▃▁▄▇▆▅▅▆▃▂▇▂▆▅
wandb:  val/jaccard ▂▁▁▁▂▂▃▂▃▃▃▆▇▄▆▆▅▄▃▄█▅▆▅▆▄▃▆▃▆▅
wandb: 
wandb: Run summary:
wandb:   train/loss 1.29658
wandb: val/accuracy 0.40858
wandb:  val/jaccard 0.24257
wandb: 
wandb: 🚀 View run stage1_ptower_023_P15_C_L6_w0.3_h30_foldA_seed42 at: https://wandb.ai/daky-o7600/egosurgery_multitask/runs/vgmmhc7p
wandb: ⭐️ View project at: https://wandb.ai/daky-o7600/egosurgery_multitask
wandb: Synced 5 W&B file(s), 0 media file(s), 0 artifact file(s) and 0 other file(s)
wandb: Find logs at: ./wandb/run-20260917_160350-vgmmhc7p/logs
RUN_COMPLETE /home/ubuntu/slocal2/m2/experiments/phase1/stage1_ptower_023_P15_C_L6_w0.3_h30_foldA_seed42
