wandb: [wandb.login()] Loaded credentials for https://api.wandb.ai from WANDB_API_KEY.
wandb: Currently logged in as: daky-o7600 to https://api.wandb.ai. Use `wandb login --relogin` to force relogin
wandb: WARNING Using a boolean value for 'reinit' is deprecated. Use 'return_previous' or 'finish_previous' instead.
wandb: setting up run 0zdkgxfo
wandb: Tracking run with wandb version 0.27.0
wandb: Run data is saved locally in /home/ubuntu/slocal2/m2/wandb/run-20260917_160204-0zdkgxfo
wandb: Run `wandb offline` to turn off syncing.
wandb: Syncing run stage1_ptower_013_P15_B_L6_w0.0_h30_foldB_seed42
wandb: ⭐️ View project at https://wandb.ai/daky-o7600/egosurgery_multitask
wandb: 🚀 View run at https://wandb.ai/daky-o7600/egosurgery_multitask/runs/0zdkgxfo
epoch=1 val_jaccard=0.010720 accuracy=0.072542
epoch=2 val_jaccard=0.060029 accuracy=0.352499
/home/ubuntu/slocal2/m2/.venv/lib/python3.11/site-packages/torch/optim/lr_scheduler.py:149: UserWarning: The epoch parameter in `scheduler.step()` was not necessary and is being deprecated where possible. Please use `scheduler.step()` to step the scheduler. During the deprecation, if epoch is different from None, the closed form is used instead of the new chainable form, where available. Please open an issue if you are unable to replicate your use case: https://github.com/pytorch/pytorch/issues/new/choose.
  warnings.warn(EPOCH_DEPRECATION_WARNING, UserWarning)
epoch=3 val_jaccard=0.019456 accuracy=0.076840
epoch=4 val_jaccard=0.026414 accuracy=0.081677
epoch=5 val_jaccard=0.102206 accuracy=0.252015
epoch=6 val_jaccard=0.101865 accuracy=0.293391
epoch=7 val_jaccard=0.087192 accuracy=0.118753
epoch=8 val_jaccard=0.101442 accuracy=0.289629
epoch=9 val_jaccard=0.063839 accuracy=0.045137
epoch=10 val_jaccard=0.201498 accuracy=0.469640
epoch=11 val_jaccard=0.107572 accuracy=0.067706
epoch=12 val_jaccard=0.156769 accuracy=0.280494
epoch=13 val_jaccard=0.207168 accuracy=0.442235
epoch=14 val_jaccard=0.155457 accuracy=0.166040
epoch=15 val_jaccard=0.199678 accuracy=0.274584
epoch=16 val_jaccard=0.161123 accuracy=0.173025
epoch=17 val_jaccard=0.183644 accuracy=0.240731
epoch=18 val_jaccard=0.091966 accuracy=0.233208
epoch=19 val_jaccard=0.143418 accuracy=0.129500
epoch=20 val_jaccard=0.148174 accuracy=0.140247
epoch=21 val_jaccard=0.170097 accuracy=0.341752
epoch=22 val_jaccard=0.174240 accuracy=0.208490
epoch=23 val_jaccard=0.119893 accuracy=0.268135
wandb: updating run metadata
wandb: uploading wandb-metadata.json; uploading output.log; uploading wandb-summary.json; uploading config.yaml
wandb: uploading history steps 0-22, summary, console lines 1-24
wandb: 
wandb: Run history:
wandb:   train/loss █▇▇▆▆▅▅▄▄▄▃▃▃▃▂▂▂▁▂▂▂▁▁
wandb: val/accuracy ▁▆▂▂▄▅▂▅▁█▁▅█▃▅▃▄▄▂▃▆▄▅
wandb:  val/jaccard ▁▃▁▂▄▄▄▄▃█▄▆█▆█▆▇▄▆▆▇▇▅
wandb: 
wandb: Run summary:
wandb:   train/loss 1.15043
wandb: val/accuracy 0.26814
wandb:  val/jaccard 0.11989
wandb: 
wandb: 🚀 View run stage1_ptower_013_P15_B_L6_w0.0_h30_foldB_seed42 at: https://wandb.ai/daky-o7600/egosurgery_multitask/runs/0zdkgxfo
wandb: ⭐️ View project at: https://wandb.ai/daky-o7600/egosurgery_multitask
wandb: Synced 5 W&B file(s), 0 media file(s), 0 artifact file(s) and 0 other file(s)
wandb: Find logs at: ./wandb/run-20260917_160204-0zdkgxfo/logs
RUN_COMPLETE /home/ubuntu/slocal2/m2/experiments/phase1/stage1_ptower_013_P15_B_L6_w0.0_h30_foldB_seed42
