wandb: [wandb.login()] Loaded credentials for https://api.wandb.ai from WANDB_API_KEY.
wandb: Currently logged in as: daky-o7600 to https://api.wandb.ai. Use `wandb login --relogin` to force relogin
wandb: WARNING Using a boolean value for 'reinit' is deprecated. Use 'return_previous' or 'finish_previous' instead.
wandb: Tracking run with wandb version 0.27.0
wandb: Run data is saved locally in /home/ubuntu/slocal2/m2/wandb/run-20260917_160603-hoi8nf2o
wandb: Run `wandb offline` to turn off syncing.
wandb: Syncing run stage1_ptower_036_P15_C_L8_w0.15_h30_foldA_seed42
wandb: ⭐️ View project at https://wandb.ai/daky-o7600/egosurgery_multitask
wandb: 🚀 View run at https://wandb.ai/daky-o7600/egosurgery_multitask/runs/hoi8nf2o
epoch=1 val_jaccard=0.017382 accuracy=0.106271
epoch=2 val_jaccard=0.026344 accuracy=0.118812
/home/ubuntu/slocal2/m2/.venv/lib/python3.11/site-packages/torch/optim/lr_scheduler.py:149: UserWarning: The epoch parameter in `scheduler.step()` was not necessary and is being deprecated where possible. Please use `scheduler.step()` to step the scheduler. During the deprecation, if epoch is different from None, the closed form is used instead of the new chainable form, where available. Please open an issue if you are unable to replicate your use case: https://github.com/pytorch/pytorch/issues/new/choose.
  warnings.warn(EPOCH_DEPRECATION_WARNING, UserWarning)
epoch=3 val_jaccard=0.042540 accuracy=0.128713
epoch=4 val_jaccard=0.135376 accuracy=0.343234
epoch=5 val_jaccard=0.081950 accuracy=0.198680
epoch=6 val_jaccard=0.222589 accuracy=0.589439
epoch=7 val_jaccard=0.216204 accuracy=0.574257
epoch=8 val_jaccard=0.271602 accuracy=0.671947
epoch=9 val_jaccard=0.243852 accuracy=0.574917
epoch=10 val_jaccard=0.191337 accuracy=0.413861
epoch=11 val_jaccard=0.141043 accuracy=0.364356
epoch=12 val_jaccard=0.220512 accuracy=0.453465
epoch=13 val_jaccard=0.225070 accuracy=0.469307
epoch=14 val_jaccard=0.178474 accuracy=0.354455
epoch=15 val_jaccard=0.211468 accuracy=0.336634
epoch=16 val_jaccard=0.184632 accuracy=0.467987
epoch=17 val_jaccard=0.269859 accuracy=0.485149
epoch=18 val_jaccard=0.217924 accuracy=0.419802
wandb: updating run metadata
wandb: uploading history steps 0-17, summary, console lines 1-19
wandb: 
wandb: Run history:
wandb:   train/loss █▇▇▆▅▅▄▄▃▃▂▂▁▁▁▃▂▁
wandb: val/accuracy ▁▁▁▄▂▇▇█▇▅▄▅▅▄▄▅▆▅
wandb:  val/jaccard ▁▁▂▄▃▇▆█▇▆▄▇▇▅▆▆█▇
wandb: 
wandb: Run summary:
wandb:   train/loss 1.85128
wandb: val/accuracy 0.4198
wandb:  val/jaccard 0.21792
wandb: 
wandb: 🚀 View run stage1_ptower_036_P15_C_L8_w0.15_h30_foldA_seed42 at: https://wandb.ai/daky-o7600/egosurgery_multitask/runs/hoi8nf2o
wandb: ⭐️ View project at: https://wandb.ai/daky-o7600/egosurgery_multitask
wandb: Synced 5 W&B file(s), 0 media file(s), 0 artifact file(s) and 0 other file(s)
wandb: Find logs at: ./wandb/run-20260917_160603-hoi8nf2o/logs
RUN_COMPLETE /home/ubuntu/slocal2/m2/experiments/phase1/stage1_ptower_036_P15_C_L8_w0.15_h30_foldA_seed42
