wandb: [wandb.login()] Loaded credentials for https://api.wandb.ai from WANDB_API_KEY.
wandb: Currently logged in as: daky-o7600 to https://api.wandb.ai. Use `wandb login --relogin` to force relogin
wandb: WARNING Using a boolean value for 'reinit' is deprecated. Use 'return_previous' or 'finish_previous' instead.
wandb: Tracking run with wandb version 0.27.0
wandb: Run data is saved locally in /home/ubuntu/slocal2/m2/wandb/run-20260917_160435-3of1k1zc
wandb: Run `wandb offline` to turn off syncing.
wandb: Syncing run stage1_ptower_028_P15_B_L8_w0.0_h30_foldA_seed123
wandb: ⭐️ View project at https://wandb.ai/daky-o7600/egosurgery_multitask
wandb: 🚀 View run at https://wandb.ai/daky-o7600/egosurgery_multitask/runs/3of1k1zc
epoch=1 val_jaccard=0.016030 accuracy=0.112211
epoch=2 val_jaccard=0.057645 accuracy=0.151815
/home/ubuntu/slocal2/m2/.venv/lib/python3.11/site-packages/torch/optim/lr_scheduler.py:149: UserWarning: The epoch parameter in `scheduler.step()` was not necessary and is being deprecated where possible. Please use `scheduler.step()` to step the scheduler. During the deprecation, if epoch is different from None, the closed form is used instead of the new chainable form, where available. Please open an issue if you are unable to replicate your use case: https://github.com/pytorch/pytorch/issues/new/choose.
  warnings.warn(EPOCH_DEPRECATION_WARNING, UserWarning)
epoch=3 val_jaccard=0.145848 accuracy=0.339934
epoch=4 val_jaccard=0.147955 accuracy=0.470627
epoch=5 val_jaccard=0.187681 accuracy=0.495050
epoch=6 val_jaccard=0.143916 accuracy=0.467327
epoch=7 val_jaccard=0.184379 accuracy=0.513531
epoch=8 val_jaccard=0.146263 accuracy=0.467987
epoch=9 val_jaccard=0.203813 accuracy=0.525413
epoch=10 val_jaccard=0.191876 accuracy=0.518812
epoch=11 val_jaccard=0.197619 accuracy=0.477228
epoch=12 val_jaccard=0.301119 accuracy=0.666667
epoch=13 val_jaccard=0.176673 accuracy=0.446205
epoch=14 val_jaccard=0.258785 accuracy=0.413201
epoch=15 val_jaccard=0.278860 accuracy=0.640264
epoch=16 val_jaccard=0.364351 accuracy=0.590759
epoch=17 val_jaccard=0.214954 accuracy=0.402640
epoch=18 val_jaccard=0.244547 accuracy=0.407921
epoch=19 val_jaccard=0.257639 accuracy=0.453465
epoch=20 val_jaccard=0.226695 accuracy=0.400660
epoch=21 val_jaccard=0.288860 accuracy=0.563036
epoch=22 val_jaccard=0.301747 accuracy=0.545215
epoch=23 val_jaccard=0.307227 accuracy=0.610561
epoch=24 val_jaccard=0.257395 accuracy=0.493729
epoch=25 val_jaccard=0.262841 accuracy=0.498350
epoch=26 val_jaccard=0.244840 accuracy=0.506931
wandb: uploading requirements.txt; updating run metadata
wandb: uploading config.yaml; uploading output.log
wandb: uploading history steps 0-25, summary, console lines 1-27
wandb: 
wandb: Run history:
wandb:   train/loss ██▇▆▆▅▅▅▄▄▄▄▃▃▃▃▂▂▂▂▁▁▁▁▁▁
wandb: val/accuracy ▁▁▄▆▆▅▆▅▆▆▆█▅▅█▇▅▅▅▅▇▆▇▆▆▆
wandb:  val/jaccard ▁▂▄▄▄▄▄▄▅▅▅▇▄▆▆█▅▆▆▅▆▇▇▆▆▆
wandb: 
wandb: Run summary:
wandb:   train/loss 0.90977
wandb: val/accuracy 0.50693
wandb:  val/jaccard 0.24484
wandb: 
wandb: 🚀 View run stage1_ptower_028_P15_B_L8_w0.0_h30_foldA_seed123 at: https://wandb.ai/daky-o7600/egosurgery_multitask/runs/3of1k1zc
wandb: ⭐️ View project at: https://wandb.ai/daky-o7600/egosurgery_multitask
wandb: Synced 5 W&B file(s), 0 media file(s), 0 artifact file(s) and 0 other file(s)
wandb: Find logs at: ./wandb/run-20260917_160435-3of1k1zc/logs
RUN_COMPLETE /home/ubuntu/slocal2/m2/experiments/phase1/stage1_ptower_028_P15_B_L8_w0.0_h30_foldA_seed123
