wandb: [wandb.login()] Loaded credentials for https://api.wandb.ai from WANDB_API_KEY.
wandb: Currently logged in as: daky-o7600 to https://api.wandb.ai. Use `wandb login --relogin` to force relogin
wandb: WARNING Using a boolean value for 'reinit' is deprecated. Use 'return_previous' or 'finish_previous' instead.
wandb: Tracking run with wandb version 0.27.0
wandb: Run data is saved locally in /home/ubuntu/slocal2/m2/wandb/run-20260917_155841-23p2zs5a
wandb: Run `wandb offline` to turn off syncing.
wandb: Syncing run stage1_ptower_003_P15_A_L6_w0.0_h30_foldA_seed123
wandb: ⭐️ View project at https://wandb.ai/daky-o7600/egosurgery_multitask
wandb: 🚀 View run at https://wandb.ai/daky-o7600/egosurgery_multitask/runs/23p2zs5a
epoch=1 val_jaccard=0.016062 accuracy=0.112211
epoch=2 val_jaccard=0.016147 accuracy=0.112211
/home/ubuntu/slocal2/m2/.venv/lib/python3.11/site-packages/torch/optim/lr_scheduler.py:149: UserWarning: The epoch parameter in `scheduler.step()` was not necessary and is being deprecated where possible. Please use `scheduler.step()` to step the scheduler. During the deprecation, if epoch is different from None, the closed form is used instead of the new chainable form, where available. Please open an issue if you are unable to replicate your use case: https://github.com/pytorch/pytorch/issues/new/choose.
  warnings.warn(EPOCH_DEPRECATION_WARNING, UserWarning)
epoch=3 val_jaccard=0.016376 accuracy=0.112211
epoch=4 val_jaccard=0.029182 accuracy=0.120132
epoch=5 val_jaccard=0.044787 accuracy=0.130693
epoch=6 val_jaccard=0.049376 accuracy=0.134653
epoch=7 val_jaccard=0.046375 accuracy=0.132673
epoch=8 val_jaccard=0.049176 accuracy=0.136634
epoch=9 val_jaccard=0.142284 accuracy=0.272607
epoch=10 val_jaccard=0.276300 accuracy=0.656766
epoch=11 val_jaccard=0.253874 accuracy=0.484488
epoch=12 val_jaccard=0.328112 accuracy=0.699010
epoch=13 val_jaccard=0.289416 accuracy=0.489109
epoch=14 val_jaccard=0.251352 accuracy=0.573597
epoch=15 val_jaccard=0.339234 accuracy=0.584818
epoch=16 val_jaccard=0.203070 accuracy=0.499670
epoch=17 val_jaccard=0.229342 accuracy=0.394059
epoch=18 val_jaccard=0.328911 accuracy=0.605281
epoch=19 val_jaccard=0.234432 accuracy=0.530033
epoch=20 val_jaccard=0.233654 accuracy=0.401980
epoch=21 val_jaccard=0.320125 accuracy=0.637624
epoch=22 val_jaccard=0.333517 accuracy=0.561716
epoch=23 val_jaccard=0.341499 accuracy=0.619142
epoch=24 val_jaccard=0.314541 accuracy=0.553795
epoch=25 val_jaccard=0.302060 accuracy=0.541254
epoch=26 val_jaccard=0.225843 accuracy=0.314851
epoch=27 val_jaccard=0.325713 accuracy=0.534653
epoch=28 val_jaccard=0.247376 accuracy=0.442244
epoch=29 val_jaccard=0.292673 accuracy=0.504290
epoch=30 val_jaccard=0.313675 accuracy=0.520132
epoch=31 val_jaccard=0.233078 accuracy=0.449505
epoch=32 val_jaccard=0.314598 accuracy=0.494389
epoch=33 val_jaccard=0.335237 accuracy=0.537294
wandb: updating run metadata
wandb: uploading wandb-metadata.json; uploading requirements.txt; uploading output.log; uploading wandb-summary.json; uploading config.yaml
wandb: uploading history steps 0-32, summary, console lines 1-34
wandb: 
wandb: Run history:
wandb:   train/loss ██▇▇▆▆▅▅▅▄▄▄▃▃▃▃▃▃▃▃▂▂▂▂▁▁▁▁▁▁▁▁▁
wandb: val/accuracy ▁▁▁▁▁▁▁▁▃▇▅█▅▇▇▆▄▇▆▄▇▆▇▆▆▃▆▅▆▆▅▆▆
wandb:  val/jaccard ▁▁▁▁▂▂▂▂▄▇▆█▇▆█▅▆█▆▆███▇▇▆█▆▇▇▆▇█
wandb: 
wandb: Run summary:
wandb:   train/loss 0.78781
wandb: val/accuracy 0.53729
wandb:  val/jaccard 0.33524
wandb: 
wandb: 🚀 View run stage1_ptower_003_P15_A_L6_w0.0_h30_foldA_seed123 at: https://wandb.ai/daky-o7600/egosurgery_multitask/runs/23p2zs5a
wandb: ⭐️ View project at: https://wandb.ai/daky-o7600/egosurgery_multitask
wandb: Synced 5 W&B file(s), 0 media file(s), 0 artifact file(s) and 0 other file(s)
wandb: Find logs at: ./wandb/run-20260917_155841-23p2zs5a/logs
RUN_COMPLETE /home/ubuntu/slocal2/m2/experiments/phase1/stage1_ptower_003_P15_A_L6_w0.0_h30_foldA_seed123
