wandb: [wandb.login()] Loaded credentials for https://api.wandb.ai from WANDB_API_KEY.
wandb: Currently logged in as: daky-o7600 to https://api.wandb.ai. Use `wandb login --relogin` to force relogin
wandb: WARNING Using a boolean value for 'reinit' is deprecated. Use 'return_previous' or 'finish_previous' instead.
wandb: Tracking run with wandb version 0.27.0
wandb: Run data is saved locally in /home/ubuntu/slocal2/m2/wandb/run-20260917_160412-avwzbdtk
wandb: Run `wandb offline` to turn off syncing.
wandb: Syncing run stage1_ptower_026_P15_C_L6_w0.3_h30_foldC_seed42
wandb: ⭐️ View project at https://wandb.ai/daky-o7600/egosurgery_multitask
wandb: 🚀 View run at https://wandb.ai/daky-o7600/egosurgery_multitask/runs/avwzbdtk
epoch=1 val_jaccard=0.003515 accuracy=0.027666
epoch=2 val_jaccard=0.028448 accuracy=0.088531
/home/ubuntu/slocal2/m2/.venv/lib/python3.11/site-packages/torch/optim/lr_scheduler.py:149: UserWarning: The epoch parameter in `scheduler.step()` was not necessary and is being deprecated where possible. Please use `scheduler.step()` to step the scheduler. During the deprecation, if epoch is different from None, the closed form is used instead of the new chainable form, where available. Please open an issue if you are unable to replicate your use case: https://github.com/pytorch/pytorch/issues/new/choose.
  warnings.warn(EPOCH_DEPRECATION_WARNING, UserWarning)
epoch=3 val_jaccard=0.030849 accuracy=0.089537
epoch=4 val_jaccard=0.046660 accuracy=0.096076
epoch=5 val_jaccard=0.074523 accuracy=0.104628
epoch=6 val_jaccard=0.048547 accuracy=0.095573
epoch=7 val_jaccard=0.081279 accuracy=0.158954
epoch=8 val_jaccard=0.153245 accuracy=0.344064
epoch=9 val_jaccard=0.109684 accuracy=0.237928
epoch=10 val_jaccard=0.120219 accuracy=0.359658
epoch=11 val_jaccard=0.112908 accuracy=0.219819
epoch=12 val_jaccard=0.109461 accuracy=0.333501
epoch=13 val_jaccard=0.123055 accuracy=0.445674
epoch=14 val_jaccard=0.126874 accuracy=0.278169
epoch=15 val_jaccard=0.150138 accuracy=0.353119
epoch=16 val_jaccard=0.163665 accuracy=0.380785
epoch=17 val_jaccard=0.184671 accuracy=0.230382
epoch=18 val_jaccard=0.155820 accuracy=0.470322
epoch=19 val_jaccard=0.138708 accuracy=0.230382
epoch=20 val_jaccard=0.197659 accuracy=0.564889
epoch=21 val_jaccard=0.178170 accuracy=0.461771
epoch=22 val_jaccard=0.193943 accuracy=0.400905
epoch=23 val_jaccard=0.146384 accuracy=0.252012
epoch=24 val_jaccard=0.260675 accuracy=0.658954
epoch=25 val_jaccard=0.158417 accuracy=0.357143
epoch=26 val_jaccard=0.205742 accuracy=0.451207
epoch=27 val_jaccard=0.194832 accuracy=0.393360
epoch=28 val_jaccard=0.215928 accuracy=0.488431
epoch=29 val_jaccard=0.206790 accuracy=0.407445
epoch=30 val_jaccard=0.217991 accuracy=0.528672
epoch=31 val_jaccard=0.221841 accuracy=0.496479
epoch=32 val_jaccard=0.245032 accuracy=0.563883
epoch=33 val_jaccard=0.235488 accuracy=0.542254
epoch=34 val_jaccard=0.229426 accuracy=0.522636
wandb: updating run metadata
wandb: updating run metadata; uploading requirements.txt; uploading output.log; uploading wandb-summary.json; uploading wandb-metadata.json
wandb: uploading config.yaml
wandb: uploading history steps 0-33, summary, console lines 0-35
wandb: 
wandb: Run history:
wandb:   train/loss █▇▇▇▇▆▆▅▅▄▄▄▅▄▃▃▃▃▃▂▂▂▂▂▂▂▂▁▁▁▁▁▁▁
wandb: val/accuracy ▁▂▂▂▂▂▂▅▃▅▃▄▆▄▅▅▃▆▃▇▆▅▃█▅▆▅▆▅▇▆▇▇▆
wandb:  val/jaccard ▁▂▂▂▃▂▃▅▄▄▄▄▄▄▅▅▆▅▅▆▆▆▅█▅▇▆▇▇▇▇█▇▇
wandb: 
wandb: Run summary:
wandb:   train/loss 1.32951
wandb: val/accuracy 0.52264
wandb:  val/jaccard 0.22943
wandb: 
wandb: 🚀 View run stage1_ptower_026_P15_C_L6_w0.3_h30_foldC_seed42 at: https://wandb.ai/daky-o7600/egosurgery_multitask/runs/avwzbdtk
wandb: ⭐️ View project at: https://wandb.ai/daky-o7600/egosurgery_multitask
wandb: Synced 5 W&B file(s), 0 media file(s), 0 artifact file(s) and 0 other file(s)
wandb: Find logs at: ./wandb/run-20260917_160412-avwzbdtk/logs
RUN_COMPLETE /home/ubuntu/slocal2/m2/experiments/phase1/stage1_ptower_026_P15_C_L6_w0.3_h30_foldC_seed42
