wandb: [wandb.login()] Loaded credentials for https://api.wandb.ai from WANDB_API_KEY.
wandb: Currently logged in as: daky-o7600 to https://api.wandb.ai. Use `wandb login --relogin` to force relogin
wandb: WARNING Using a boolean value for 'reinit' is deprecated. Use 'return_previous' or 'finish_previous' instead.
wandb: Tracking run with wandb version 0.27.0
wandb: Run data is saved locally in /home/ubuntu/slocal2/m2/wandb/run-20260917_160528-ge7cda4a
wandb: Run `wandb offline` to turn off syncing.
wandb: Syncing run stage1_ptower_032_P15_B_L8_w0.0_h60_foldA_seed456
wandb: ⭐️ View project at https://wandb.ai/daky-o7600/egosurgery_multitask
wandb: 🚀 View run at https://wandb.ai/daky-o7600/egosurgery_multitask/runs/ge7cda4a
epoch=1 val_jaccard=0.048223 accuracy=0.333993
epoch=2 val_jaccard=0.016376 accuracy=0.112211
/home/ubuntu/slocal2/m2/.venv/lib/python3.11/site-packages/torch/optim/lr_scheduler.py:149: UserWarning: The epoch parameter in `scheduler.step()` was not necessary and is being deprecated where possible. Please use `scheduler.step()` to step the scheduler. During the deprecation, if epoch is different from None, the closed form is used instead of the new chainable form, where available. Please open an issue if you are unable to replicate your use case: https://github.com/pytorch/pytorch/issues/new/choose.
  warnings.warn(EPOCH_DEPRECATION_WARNING, UserWarning)
epoch=3 val_jaccard=0.016030 accuracy=0.112211
epoch=4 val_jaccard=0.030331 accuracy=0.121452
epoch=5 val_jaccard=0.067208 accuracy=0.150495
epoch=6 val_jaccard=0.151801 accuracy=0.458746
epoch=7 val_jaccard=0.178198 accuracy=0.488449
epoch=8 val_jaccard=0.179167 accuracy=0.512871
epoch=9 val_jaccard=0.157451 accuracy=0.493729
epoch=10 val_jaccard=0.287709 accuracy=0.531353
epoch=11 val_jaccard=0.169441 accuracy=0.486469
epoch=12 val_jaccard=0.199592 accuracy=0.473267
epoch=13 val_jaccard=0.149039 accuracy=0.365017
epoch=14 val_jaccard=0.086237 accuracy=0.152475
epoch=15 val_jaccard=0.236038 accuracy=0.547195
epoch=16 val_jaccard=0.331304 accuracy=0.646865
epoch=17 val_jaccard=0.290569 accuracy=0.656106
epoch=18 val_jaccard=0.075561 accuracy=0.149175
epoch=19 val_jaccard=0.201943 accuracy=0.504290
epoch=20 val_jaccard=0.329631 accuracy=0.605941
epoch=21 val_jaccard=0.275412 accuracy=0.646865
epoch=22 val_jaccard=0.213273 accuracy=0.338614
epoch=23 val_jaccard=0.288826 accuracy=0.605281
epoch=24 val_jaccard=0.256734 accuracy=0.495710
epoch=25 val_jaccard=0.228314 accuracy=0.460726
epoch=26 val_jaccard=0.217627 accuracy=0.446205
wandb: uploading requirements.txt; updating run metadata
wandb: uploading config.yaml; uploading output.log
wandb: uploading history steps 0-25, summary, console lines 1-27
wandb: 
wandb: Run history:
wandb:   train/loss █▇▇▆▆▅▅▅▄▄▄▃▃▃▃▂▂▂▂▂▂▂▁▁▁▁
wandb: val/accuracy ▄▁▁▁▁▅▆▆▆▆▆▆▄▂▇██▁▆▇█▄▇▆▅▅
wandb:  val/jaccard ▂▁▁▁▂▄▅▅▄▇▄▅▄▃▆█▇▂▅█▇▅▇▆▆▅
wandb: 
wandb: Run summary:
wandb:   train/loss 0.97893
wandb: val/accuracy 0.4462
wandb:  val/jaccard 0.21763
wandb: 
wandb: 🚀 View run stage1_ptower_032_P15_B_L8_w0.0_h60_foldA_seed456 at: https://wandb.ai/daky-o7600/egosurgery_multitask/runs/ge7cda4a
wandb: ⭐️ View project at: https://wandb.ai/daky-o7600/egosurgery_multitask
wandb: Synced 5 W&B file(s), 0 media file(s), 0 artifact file(s) and 0 other file(s)
wandb: Find logs at: ./wandb/run-20260917_160528-ge7cda4a/logs
RUN_COMPLETE /home/ubuntu/slocal2/m2/experiments/phase1/stage1_ptower_032_P15_B_L8_w0.0_h60_foldA_seed456
