wandb: [wandb.login()] Loaded credentials for https://api.wandb.ai from WANDB_API_KEY.
wandb: Currently logged in as: daky-o7600 to https://api.wandb.ai. Use `wandb login --relogin` to force relogin
wandb: WARNING Using a boolean value for 'reinit' is deprecated. Use 'return_previous' or 'finish_previous' instead.
wandb: setting up run nrd6xwm6
wandb: Tracking run with wandb version 0.27.0
wandb: Run data is saved locally in /home/ubuntu/slocal2/m2/wandb/run-20260917_160551-nrd6xwm6
wandb: Run `wandb offline` to turn off syncing.
wandb: Syncing run stage1_ptower_035_P15_B_L8_w0.0_h60_foldE_seed42
wandb: ⭐️ View project at https://wandb.ai/daky-o7600/egosurgery_multitask
wandb: 🚀 View run at https://wandb.ai/daky-o7600/egosurgery_multitask/runs/nrd6xwm6
epoch=1 val_jaccard=0.002353 accuracy=0.016424
epoch=2 val_jaccard=0.010190 accuracy=0.071328
/home/ubuntu/slocal2/m2/.venv/lib/python3.11/site-packages/torch/optim/lr_scheduler.py:149: UserWarning: The epoch parameter in `scheduler.step()` was not necessary and is being deprecated where possible. Please use `scheduler.step()` to step the scheduler. During the deprecation, if epoch is different from None, the closed form is used instead of the new chainable form, where available. Please open an issue if you are unable to replicate your use case: https://github.com/pytorch/pytorch/issues/new/choose.
  warnings.warn(EPOCH_DEPRECATION_WARNING, UserWarning)
epoch=3 val_jaccard=0.001140 accuracy=0.007977
epoch=4 val_jaccard=0.119178 accuracy=0.484749
epoch=5 val_jaccard=0.167683 accuracy=0.578132
epoch=6 val_jaccard=0.171021 accuracy=0.577194
epoch=7 val_jaccard=0.182417 accuracy=0.575317
epoch=8 val_jaccard=0.200043 accuracy=0.590802
epoch=9 val_jaccard=0.160788 accuracy=0.562647
epoch=10 val_jaccard=0.281055 accuracy=0.679962
epoch=11 val_jaccard=0.151658 accuracy=0.574847
epoch=12 val_jaccard=0.245690 accuracy=0.668231
epoch=13 val_jaccard=0.211340 accuracy=0.698733
epoch=14 val_jaccard=0.178211 accuracy=0.577194
epoch=15 val_jaccard=0.290680 accuracy=0.659315
epoch=16 val_jaccard=0.296588 accuracy=0.701549
epoch=17 val_jaccard=0.296684 accuracy=0.612389
epoch=18 val_jaccard=0.200691 accuracy=0.531206
epoch=19 val_jaccard=0.180735 accuracy=0.512905
epoch=20 val_jaccard=0.271449 accuracy=0.566870
epoch=21 val_jaccard=0.431961 accuracy=0.636790
epoch=22 val_jaccard=0.263332 accuracy=0.573909
epoch=23 val_jaccard=0.283341 accuracy=0.594087
epoch=24 val_jaccard=0.186993 accuracy=0.576255
epoch=25 val_jaccard=0.259469 accuracy=0.550915
epoch=26 val_jaccard=0.271653 accuracy=0.651807
epoch=27 val_jaccard=0.359796 accuracy=0.658846
epoch=28 val_jaccard=0.262409 accuracy=0.605350
epoch=29 val_jaccard=0.297077 accuracy=0.607227
epoch=30 val_jaccard=0.287742 accuracy=0.621305
epoch=31 val_jaccard=0.276660 accuracy=0.630690
wandb: updating run metadata
wandb: uploading history steps 0-30, summary, console lines 1-32
wandb: 
wandb: Run history:
wandb:   train/loss ██▇▇▆▆▅▅▅▅▄▄▄▃▃▃▂▃▃▂▂▂▂▁▂▁▁▁▁▁▁
wandb: val/accuracy ▁▂▁▆▇▇▇▇▇█▇██▇██▇▆▆▇▇▇▇▇▆▇█▇▇▇▇
wandb:  val/jaccard ▁▁▁▃▄▄▄▄▄▆▃▅▄▄▆▆▆▄▄▅█▅▆▄▅▅▇▅▆▆▅
wandb: 
wandb: Run summary:
wandb:   train/loss 0.83497
wandb: val/accuracy 0.63069
wandb:  val/jaccard 0.27666
wandb: 
wandb: 🚀 View run stage1_ptower_035_P15_B_L8_w0.0_h60_foldE_seed42 at: https://wandb.ai/daky-o7600/egosurgery_multitask/runs/nrd6xwm6
wandb: ⭐️ View project at: https://wandb.ai/daky-o7600/egosurgery_multitask
wandb: Synced 5 W&B file(s), 0 media file(s), 0 artifact file(s) and 0 other file(s)
wandb: Find logs at: ./wandb/run-20260917_160551-nrd6xwm6/logs
RUN_COMPLETE /home/ubuntu/slocal2/m2/experiments/phase1/stage1_ptower_035_P15_B_L8_w0.0_h60_foldE_seed42
