wandb: [wandb.login()] Loaded credentials for https://api.wandb.ai from WANDB_API_KEY.
wandb: Currently logged in as: daky-o7600 to https://api.wandb.ai. Use `wandb login --relogin` to force relogin
wandb: WARNING Using a boolean value for 'reinit' is deprecated. Use 'return_previous' or 'finish_previous' instead.
wandb: Tracking run with wandb version 0.27.0
wandb: Run data is saved locally in /home/ubuntu/slocal2/m2/wandb/run-20260917_160339-bw0ejypo
wandb: Run `wandb offline` to turn off syncing.
wandb: Syncing run stage1_ptower_022_P15_C_L6_w0.15_h30_foldD_seed42
wandb: ⭐️ View project at https://wandb.ai/daky-o7600/egosurgery_multitask
wandb: 🚀 View run at https://wandb.ai/daky-o7600/egosurgery_multitask/runs/bw0ejypo
epoch=1 val_jaccard=0.081845 accuracy=0.494518
epoch=2 val_jaccard=0.016926 accuracy=0.039546
/home/ubuntu/slocal2/m2/.venv/lib/python3.11/site-packages/torch/optim/lr_scheduler.py:149: UserWarning: The epoch parameter in `scheduler.step()` was not necessary and is being deprecated where possible. Please use `scheduler.step()` to step the scheduler. During the deprecation, if epoch is different from None, the closed form is used instead of the new chainable form, where available. Please open an issue if you are unable to replicate your use case: https://github.com/pytorch/pytorch/issues/new/choose.
  warnings.warn(EPOCH_DEPRECATION_WARNING, UserWarning)
epoch=3 val_jaccard=0.039503 accuracy=0.043070
epoch=4 val_jaccard=0.028761 accuracy=0.036022
epoch=5 val_jaccard=0.178414 accuracy=0.362960
epoch=6 val_jaccard=0.093982 accuracy=0.269381
epoch=7 val_jaccard=0.120910 accuracy=0.053641
epoch=8 val_jaccard=0.245645 accuracy=0.293265
epoch=9 val_jaccard=0.160338 accuracy=0.095928
epoch=10 val_jaccard=0.249740 accuracy=0.126468
epoch=11 val_jaccard=0.233652 accuracy=0.435787
epoch=12 val_jaccard=0.151931 accuracy=0.332028
epoch=13 val_jaccard=0.146312 accuracy=0.335944
epoch=14 val_jaccard=0.230964 accuracy=0.270164
epoch=15 val_jaccard=0.271364 accuracy=0.362960
epoch=16 val_jaccard=0.293303 accuracy=0.301096
epoch=17 val_jaccard=0.302210 accuracy=0.464370
epoch=18 val_jaccard=0.250081 accuracy=0.142522
epoch=19 val_jaccard=0.313409 accuracy=0.305012
epoch=20 val_jaccard=0.305476 accuracy=0.341034
epoch=21 val_jaccard=0.343587 accuracy=0.442443
epoch=22 val_jaccard=0.294424 accuracy=0.349256
epoch=23 val_jaccard=0.330428 accuracy=0.303446
epoch=24 val_jaccard=0.251054 accuracy=0.446359
epoch=25 val_jaccard=0.268015 accuracy=0.430697
epoch=26 val_jaccard=0.264641 accuracy=0.174628
epoch=27 val_jaccard=0.296723 accuracy=0.514487
epoch=28 val_jaccard=0.327419 accuracy=0.414252
epoch=29 val_jaccard=0.289193 accuracy=0.484338
epoch=30 val_jaccard=0.307034 accuracy=0.420517
epoch=31 val_jaccard=0.298375 accuracy=0.418168
wandb: updating run metadata
wandb: uploading wandb-metadata.json; uploading requirements.txt; uploading output.log; uploading wandb-summary.json; uploading config.yaml
wandb: uploading wandb-metadata.json; uploading requirements.txt; uploading wandb-summary.json; uploading config.yaml
wandb: uploading history steps 0-30, summary, console lines 1-32
wandb: 
wandb: Run history:
wandb:   train/loss █▇▇▇▆▆▅▅▅▄▄▆▄▄▃▃▂▂▂▂▂▂▂▁▁▂▁▁▁▁▁
wandb: val/accuracy █▁▁▁▆▄▁▅▂▂▇▅▅▄▆▅▇▃▅▅▇▆▅▇▇▃█▇█▇▇
wandb:  val/jaccard ▂▁▁▁▄▃▃▆▄▆▆▄▄▆▆▇▇▆▇▇█▇█▆▆▆▇█▇▇▇
wandb: 
wandb: Run summary:
wandb:   train/loss 1.19795
wandb: val/accuracy 0.41817
wandb:  val/jaccard 0.29838
wandb: 
wandb: 🚀 View run stage1_ptower_022_P15_C_L6_w0.15_h30_foldD_seed42 at: https://wandb.ai/daky-o7600/egosurgery_multitask/runs/bw0ejypo
wandb: ⭐️ View project at: https://wandb.ai/daky-o7600/egosurgery_multitask
wandb: Synced 5 W&B file(s), 0 media file(s), 0 artifact file(s) and 0 other file(s)
wandb: Find logs at: ./wandb/run-20260917_160339-bw0ejypo/logs
RUN_COMPLETE /home/ubuntu/slocal2/m2/experiments/phase1/stage1_ptower_022_P15_C_L6_w0.15_h30_foldD_seed42
