wandb: [wandb.login()] Loaded credentials for https://api.wandb.ai from WANDB_API_KEY.
wandb: Currently logged in as: daky-o7600 to https://api.wandb.ai. Use `wandb login --relogin` to force relogin
wandb: WARNING Using a boolean value for 'reinit' is deprecated. Use 'return_previous' or 'finish_previous' instead.
wandb: Tracking run with wandb version 0.27.0
wandb: Run data is saved locally in /home/ubuntu/slocal2/m2/wandb/run-20260917_160305-bud2rpyg
wandb: Run `wandb offline` to turn off syncing.
wandb: Syncing run stage1_ptower_018_P15_B_L6_w0.0_h60_foldD_seed42
wandb: ⭐️ View project at https://wandb.ai/daky-o7600/egosurgery_multitask
wandb: 🚀 View run at https://wandb.ai/daky-o7600/egosurgery_multitask/runs/bud2rpyg
epoch=1 val_jaccard=0.003382 accuracy=0.027016
epoch=2 val_jaccard=0.020227 accuracy=0.034456
/home/ubuntu/slocal2/m2/.venv/lib/python3.11/site-packages/torch/optim/lr_scheduler.py:149: UserWarning: The epoch parameter in `scheduler.step()` was not necessary and is being deprecated where possible. Please use `scheduler.step()` to step the scheduler. During the deprecation, if epoch is different from None, the closed form is used instead of the new chainable form, where available. Please open an issue if you are unable to replicate your use case: https://github.com/pytorch/pytorch/issues/new/choose.
  warnings.warn(EPOCH_DEPRECATION_WARNING, UserWarning)
epoch=3 val_jaccard=0.086198 accuracy=0.523493
epoch=4 val_jaccard=0.020227 accuracy=0.034456
epoch=5 val_jaccard=0.032003 accuracy=0.069695
epoch=6 val_jaccard=0.031831 accuracy=0.057948
epoch=7 val_jaccard=0.055280 accuracy=0.170713
epoch=8 val_jaccard=0.239054 accuracy=0.555599
epoch=9 val_jaccard=0.306964 accuracy=0.547768
epoch=10 val_jaccard=0.152735 accuracy=0.383320
epoch=11 val_jaccard=0.185475 accuracy=0.548160
epoch=12 val_jaccard=0.261312 accuracy=0.564213
epoch=13 val_jaccard=0.229055 accuracy=0.474941
epoch=14 val_jaccard=0.313004 accuracy=0.539937
epoch=15 val_jaccard=0.218095 accuracy=0.566171
epoch=16 val_jaccard=0.254693 accuracy=0.553250
epoch=17 val_jaccard=0.317906 accuracy=0.565779
epoch=18 val_jaccard=0.175788 accuracy=0.545027
epoch=19 val_jaccard=0.189496 accuracy=0.191464
epoch=20 val_jaccard=0.247942 accuracy=0.324197
epoch=21 val_jaccard=0.308936 accuracy=0.359828
epoch=22 val_jaccard=0.334764 accuracy=0.413861
epoch=23 val_jaccard=0.267206 accuracy=0.393109
epoch=24 val_jaccard=0.317544 accuracy=0.392326
epoch=25 val_jaccard=0.340583 accuracy=0.388410
epoch=26 val_jaccard=0.288849 accuracy=0.569303
epoch=27 val_jaccard=0.334089 accuracy=0.398982
epoch=28 val_jaccard=0.253292 accuracy=0.462803
epoch=29 val_jaccard=0.349592 accuracy=0.397416
epoch=30 val_jaccard=0.334538 accuracy=0.458105
epoch=31 val_jaccard=0.294341 accuracy=0.433438
epoch=32 val_jaccard=0.338919 accuracy=0.437745
epoch=33 val_jaccard=0.313765 accuracy=0.434221
epoch=34 val_jaccard=0.313145 accuracy=0.435787
epoch=35 val_jaccard=0.330680 accuracy=0.441269
epoch=36 val_jaccard=0.303630 accuracy=0.446750
epoch=37 val_jaccard=0.320560 accuracy=0.452623
epoch=38 val_jaccard=0.318069 accuracy=0.455364
epoch=39 val_jaccard=0.310407 accuracy=0.453015
wandb: updating run metadata
wandb: uploading config.yaml; uploading output.log; uploading wandb-summary.json
wandb: uploading output.log; uploading wandb-summary.json
wandb: uploading history steps 0-38, summary, console lines 1-40
wandb: 
wandb: Run history:
wandb:   train/loss █▇▇▇▆▆▅▅▅▅▅▄▄▃▃▃▃▃▃▃▂▂▂▂▂▂▂▁▁▁▁▁▁▁▁▁▁▁▁
wandb: val/accuracy ▁▁▇▁▂▁▃██▆██▇█████▃▅▅▆▆▆▆█▆▇▆▇▆▆▆▆▆▆▆▇▆
wandb:  val/jaccard ▁▁▃▁▂▂▂▆▇▄▅▆▆▇▅▆▇▄▅▆▇█▆▇█▇█▆██▇█▇▇█▇▇▇▇
wandb: 
wandb: Run summary:
wandb:   train/loss 0.77404
wandb: val/accuracy 0.45301
wandb:  val/jaccard 0.31041
wandb: 
wandb: 🚀 View run stage1_ptower_018_P15_B_L6_w0.0_h60_foldD_seed42 at: https://wandb.ai/daky-o7600/egosurgery_multitask/runs/bud2rpyg
wandb: ⭐️ View project at: https://wandb.ai/daky-o7600/egosurgery_multitask
wandb: Synced 5 W&B file(s), 0 media file(s), 0 artifact file(s) and 0 other file(s)
wandb: Find logs at: ./wandb/run-20260917_160305-bud2rpyg/logs
RUN_COMPLETE /home/ubuntu/slocal2/m2/experiments/phase1/stage1_ptower_018_P15_B_L6_w0.0_h60_foldD_seed42
