wandb: [wandb.login()] Loaded credentials for https://api.wandb.ai from WANDB_API_KEY.
wandb: Currently logged in as: daky-o7600 to https://api.wandb.ai. Use `wandb login --relogin` to force relogin
wandb: WARNING Using a boolean value for 'reinit' is deprecated. Use 'return_previous' or 'finish_previous' instead.
wandb: setting up run pxg2ckc5
wandb: Tracking run with wandb version 0.27.0
wandb: Run data is saved locally in /home/ubuntu/slocal2/m2/wandb/run-20260917_160423-pxg2ckc5
wandb: Run `wandb offline` to turn off syncing.
wandb: Syncing run stage1_ptower_027_P15_C_L6_w0.3_h30_foldD_seed42
wandb: ⭐️ View project at https://wandb.ai/daky-o7600/egosurgery_multitask
wandb: 🚀 View run at https://wandb.ai/daky-o7600/egosurgery_multitask/runs/pxg2ckc5
epoch=1 val_jaccard=0.080937 accuracy=0.487862
epoch=2 val_jaccard=0.016926 accuracy=0.039546
/home/ubuntu/slocal2/m2/.venv/lib/python3.11/site-packages/torch/optim/lr_scheduler.py:149: UserWarning: The epoch parameter in `scheduler.step()` was not necessary and is being deprecated where possible. Please use `scheduler.step()` to step the scheduler. During the deprecation, if epoch is different from None, the closed form is used instead of the new chainable form, where available. Please open an issue if you are unable to replicate your use case: https://github.com/pytorch/pytorch/issues/new/choose.
  warnings.warn(EPOCH_DEPRECATION_WARNING, UserWarning)
epoch=3 val_jaccard=0.044425 accuracy=0.043070
epoch=4 val_jaccard=0.034085 accuracy=0.037588
epoch=5 val_jaccard=0.147069 accuracy=0.198512
epoch=6 val_jaccard=0.072922 accuracy=0.137823
epoch=7 val_jaccard=0.126076 accuracy=0.053641
epoch=8 val_jaccard=0.261139 accuracy=0.289742
epoch=9 val_jaccard=0.166095 accuracy=0.097103
epoch=10 val_jaccard=0.260781 accuracy=0.151919
epoch=11 val_jaccard=0.252365 accuracy=0.335552
epoch=12 val_jaccard=0.146679 accuracy=0.289350
epoch=13 val_jaccard=0.106330 accuracy=0.271339
epoch=14 val_jaccard=0.226022 accuracy=0.298356
epoch=15 val_jaccard=0.278484 accuracy=0.384103
epoch=16 val_jaccard=0.332229 accuracy=0.547377
epoch=17 val_jaccard=0.292063 accuracy=0.466327
epoch=18 val_jaccard=0.293030 accuracy=0.250979
epoch=19 val_jaccard=0.320205 accuracy=0.333203
epoch=20 val_jaccard=0.293597 accuracy=0.194205
epoch=21 val_jaccard=0.304520 accuracy=0.449491
epoch=22 val_jaccard=0.350346 accuracy=0.336335
epoch=23 val_jaccard=0.273678 accuracy=0.418951
epoch=24 val_jaccard=0.358440 accuracy=0.425998
epoch=25 val_jaccard=0.271924 accuracy=0.436962
epoch=26 val_jaccard=0.289076 accuracy=0.431480
epoch=27 val_jaccard=0.290088 accuracy=0.416210
epoch=28 val_jaccard=0.312255 accuracy=0.430305
epoch=29 val_jaccard=0.244509 accuracy=0.429914
epoch=30 val_jaccard=0.326621 accuracy=0.438136
epoch=31 val_jaccard=0.298562 accuracy=0.449099
epoch=32 val_jaccard=0.273065 accuracy=0.449883
epoch=33 val_jaccard=0.269866 accuracy=0.447533
epoch=34 val_jaccard=0.278315 accuracy=0.451057
wandb: updating run metadata
wandb: updating run metadata; uploading requirements.txt
wandb: updating run metadata
wandb: uploading wandb-summary.json; uploading config.yaml
wandb: uploading history steps 0-33, summary, console lines 1-35
wandb: 
wandb: Run history:
wandb:   train/loss █▇▇▇▆▆▆▅▅▅▄▆▅▄▃▃▃▃▂▂▂▂▂▂▂▁▁▁▁▁▁▁▁▁
wandb: val/accuracy ▇▁▁▁▃▂▁▄▂▃▅▄▄▅▆█▇▄▅▃▇▅▆▆▆▆▆▆▆▆▇▇▇▇
wandb:  val/jaccard ▂▁▂▁▄▂▃▆▄▆▆▄▃▅▆▇▇▇▇▇▇█▆█▆▇▇▇▆▇▇▆▆▆
wandb: 
wandb: Run summary:
wandb:   train/loss 1.27802
wandb: val/accuracy 0.45106
wandb:  val/jaccard 0.27832
wandb: 
wandb: 🚀 View run stage1_ptower_027_P15_C_L6_w0.3_h30_foldD_seed42 at: https://wandb.ai/daky-o7600/egosurgery_multitask/runs/pxg2ckc5
wandb: ⭐️ View project at: https://wandb.ai/daky-o7600/egosurgery_multitask
wandb: Synced 5 W&B file(s), 0 media file(s), 0 artifact file(s) and 0 other file(s)
wandb: Find logs at: ./wandb/run-20260917_160423-pxg2ckc5/logs
RUN_COMPLETE /home/ubuntu/slocal2/m2/experiments/phase1/stage1_ptower_027_P15_C_L6_w0.3_h30_foldD_seed42
