wandb: [wandb.login()] Loaded credentials for https://api.wandb.ai from WANDB_API_KEY.
wandb: Currently logged in as: daky-o7600 to https://api.wandb.ai. Use `wandb login --relogin` to force relogin
wandb: WARNING Using a boolean value for 'reinit' is deprecated. Use 'return_previous' or 'finish_previous' instead.
wandb: setting up run 21q4cy0l
wandb: Tracking run with wandb version 0.27.0
wandb: Run data is saved locally in /home/ubuntu/slocal2/m2/wandb/run-20260917_160215-21q4cy0l
wandb: Run `wandb offline` to turn off syncing.
wandb: Syncing run stage1_ptower_014_P15_B_L6_w0.0_h30_foldD_seed42
wandb: ⭐️ View project at https://wandb.ai/daky-o7600/egosurgery_multitask
wandb: 🚀 View run at https://wandb.ai/daky-o7600/egosurgery_multitask/runs/21q4cy0l
epoch=1 val_jaccard=0.003382 accuracy=0.027016
epoch=2 val_jaccard=0.020227 accuracy=0.034456
/home/ubuntu/slocal2/m2/.venv/lib/python3.11/site-packages/torch/optim/lr_scheduler.py:149: UserWarning: The epoch parameter in `scheduler.step()` was not necessary and is being deprecated where possible. Please use `scheduler.step()` to step the scheduler. During the deprecation, if epoch is different from None, the closed form is used instead of the new chainable form, where available. Please open an issue if you are unable to replicate your use case: https://github.com/pytorch/pytorch/issues/new/choose.
  warnings.warn(EPOCH_DEPRECATION_WARNING, UserWarning)
epoch=3 val_jaccard=0.085207 accuracy=0.493344
epoch=4 val_jaccard=0.020227 accuracy=0.034456
epoch=5 val_jaccard=0.026854 accuracy=0.045027
epoch=6 val_jaccard=0.022838 accuracy=0.053250
epoch=7 val_jaccard=0.034597 accuracy=0.059906
epoch=8 val_jaccard=0.232522 accuracy=0.541112
epoch=9 val_jaccard=0.308474 accuracy=0.527016
epoch=10 val_jaccard=0.106658 accuracy=0.079092
epoch=11 val_jaccard=0.176258 accuracy=0.541504
epoch=12 val_jaccard=0.286818 accuracy=0.566171
epoch=13 val_jaccard=0.204618 accuracy=0.358653
epoch=14 val_jaccard=0.258211 accuracy=0.429131
epoch=15 val_jaccard=0.221792 accuracy=0.564605
epoch=16 val_jaccard=0.268183 accuracy=0.511355
epoch=17 val_jaccard=0.243896 accuracy=0.551684
epoch=18 val_jaccard=0.217416 accuracy=0.552075
epoch=19 val_jaccard=0.179003 accuracy=0.188724
wandb: updating run metadata
wandb: uploading output.log; uploading wandb-summary.json; uploading config.yaml; uploading wandb-metadata.json; uploading requirements.txt
wandb: uploading output.log; uploading wandb-summary.json; uploading config.yaml; uploading wandb-metadata.json
wandb: 
wandb: Run history:
wandb:   train/loss █▇▇▆▆▅▄▄▄▄▄▃▂▂▁▁▁▂▁
wandb: val/accuracy ▁▁▇▁▁▁▁█▇▂██▅▆█▇██▃
wandb:  val/jaccard ▁▁▃▁▂▁▂▆█▃▅█▆▇▆▇▇▆▅
wandb: 
wandb: Run summary:
wandb:   train/loss 1.89988
wandb: val/accuracy 0.18872
wandb:  val/jaccard 0.179
wandb: 
wandb: 🚀 View run stage1_ptower_014_P15_B_L6_w0.0_h30_foldD_seed42 at: https://wandb.ai/daky-o7600/egosurgery_multitask/runs/21q4cy0l
wandb: ⭐️ View project at: https://wandb.ai/daky-o7600/egosurgery_multitask
wandb: Synced 5 W&B file(s), 0 media file(s), 0 artifact file(s) and 0 other file(s)
wandb: Find logs at: ./wandb/run-20260917_160215-21q4cy0l/logs
RUN_COMPLETE /home/ubuntu/slocal2/m2/experiments/phase1/stage1_ptower_014_P15_B_L6_w0.0_h30_foldD_seed42
