wandb: [wandb.login()] Loaded credentials for https://api.wandb.ai from WANDB_API_KEY.
wandb: Currently logged in as: daky-o7600 to https://api.wandb.ai. Use `wandb login --relogin` to force relogin
wandb: WARNING Using a boolean value for 'reinit' is deprecated. Use 'return_previous' or 'finish_previous' instead.
wandb: Tracking run with wandb version 0.27.0
wandb: Run data is saved locally in /home/ubuntu/slocal2/m2/wandb/run-20260917_155850-zwbecucn
wandb: Run `wandb offline` to turn off syncing.
wandb: Syncing run stage1_ptower_004_P15_A_L6_w0.0_h30_foldB_seed42
wandb: ⭐️ View project at https://wandb.ai/daky-o7600/egosurgery_multitask
wandb: 🚀 View run at https://wandb.ai/daky-o7600/egosurgery_multitask/runs/zwbecucn
epoch=1 val_jaccard=0.009836 accuracy=0.033853
epoch=2 val_jaccard=0.010504 accuracy=0.072542
/home/ubuntu/slocal2/m2/.venv/lib/python3.11/site-packages/torch/optim/lr_scheduler.py:149: UserWarning: The epoch parameter in `scheduler.step()` was not necessary and is being deprecated where possible. Please use `scheduler.step()` to step the scheduler. During the deprecation, if epoch is different from None, the closed form is used instead of the new chainable form, where available. Please open an issue if you are unable to replicate your use case: https://github.com/pytorch/pytorch/issues/new/choose.
  warnings.warn(EPOCH_DEPRECATION_WARNING, UserWarning)
epoch=3 val_jaccard=0.013844 accuracy=0.073079
epoch=4 val_jaccard=0.019580 accuracy=0.076840
epoch=5 val_jaccard=0.067733 accuracy=0.087050
epoch=6 val_jaccard=0.065033 accuracy=0.104245
epoch=7 val_jaccard=0.043950 accuracy=0.088662
epoch=8 val_jaccard=0.106974 accuracy=0.241805
epoch=9 val_jaccard=0.064859 accuracy=0.054272
epoch=10 val_jaccard=0.145281 accuracy=0.362708
epoch=11 val_jaccard=0.116952 accuracy=0.283718
epoch=12 val_jaccard=0.106589 accuracy=0.173563
epoch=13 val_jaccard=0.083791 accuracy=0.065556
epoch=14 val_jaccard=0.175106 accuracy=0.402472
epoch=15 val_jaccard=0.087377 accuracy=0.125739
epoch=16 val_jaccard=0.164072 accuracy=0.169801
epoch=17 val_jaccard=0.159362 accuracy=0.265449
epoch=18 val_jaccard=0.066213 accuracy=0.112843
epoch=19 val_jaccard=0.093739 accuracy=0.180011
epoch=20 val_jaccard=0.240553 accuracy=0.412681
epoch=21 val_jaccard=0.141649 accuracy=0.119828
epoch=22 val_jaccard=0.211867 accuracy=0.290704
epoch=23 val_jaccard=0.184509 accuracy=0.256851
epoch=24 val_jaccard=0.209785 accuracy=0.286405
epoch=25 val_jaccard=0.204381 accuracy=0.229984
epoch=26 val_jaccard=0.198263 accuracy=0.320258
epoch=27 val_jaccard=0.181302 accuracy=0.256314
epoch=28 val_jaccard=0.191004 accuracy=0.263837
epoch=29 val_jaccard=0.165527 accuracy=0.263299
epoch=30 val_jaccard=0.172930 accuracy=0.286405
wandb: updating run metadata
wandb: uploading wandb-metadata.json; uploading requirements.txt; uploading output.log; uploading wandb-summary.json; uploading config.yaml
wandb: uploading history steps 0-29, summary, console lines 1-31
wandb: 
wandb: Run history:
wandb:   train/loss █▇▇▇▆▆▅▅▅▄▄▄▃▃▃▂▂▂▅▄▂▂▂▁▁▁▁▁▁▁
wandb: val/accuracy ▁▂▂▂▂▂▂▅▁▇▆▄▂█▃▄▅▂▄█▃▆▅▆▅▆▅▅▅▆
wandb:  val/jaccard ▁▁▁▁▃▃▂▄▃▅▄▄▃▆▃▆▆▃▄█▅▇▆▇▇▇▆▆▆▆
wandb: 
wandb: Run summary:
wandb:   train/loss 0.78308
wandb: val/accuracy 0.28641
wandb:  val/jaccard 0.17293
wandb: 
wandb: 🚀 View run stage1_ptower_004_P15_A_L6_w0.0_h30_foldB_seed42 at: https://wandb.ai/daky-o7600/egosurgery_multitask/runs/zwbecucn
wandb: ⭐️ View project at: https://wandb.ai/daky-o7600/egosurgery_multitask
wandb: Synced 5 W&B file(s), 0 media file(s), 0 artifact file(s) and 0 other file(s)
wandb: Find logs at: ./wandb/run-20260917_155850-zwbecucn/logs
RUN_COMPLETE /home/ubuntu/slocal2/m2/experiments/phase1/stage1_ptower_004_P15_A_L6_w0.0_h30_foldB_seed42
