wandb: [wandb.login()] Loaded credentials for https://api.wandb.ai from WANDB_API_KEY.
wandb: Currently logged in as: daky-o7600 to https://api.wandb.ai. Use `wandb login --relogin` to force relogin
wandb: WARNING Using a boolean value for 'reinit' is deprecated. Use 'return_previous' or 'finish_previous' instead.
wandb: setting up run mnivyke7
wandb: Tracking run with wandb version 0.27.0
wandb: Run data is saved locally in /home/ubuntu/slocal2/m2/wandb/run-20260917_160515-mnivyke7
wandb: Run `wandb offline` to turn off syncing.
wandb: Syncing run stage1_ptower_031_P15_B_L8_w0.0_h30_foldE_seed42
wandb: ⭐️ View project at https://wandb.ai/daky-o7600/egosurgery_multitask
wandb: 🚀 View run at https://wandb.ai/daky-o7600/egosurgery_multitask/runs/mnivyke7
epoch=1 val_jaccard=0.002353 accuracy=0.016424
epoch=2 val_jaccard=0.010190 accuracy=0.071328
/home/ubuntu/slocal2/m2/.venv/lib/python3.11/site-packages/torch/optim/lr_scheduler.py:149: UserWarning: The epoch parameter in `scheduler.step()` was not necessary and is being deprecated where possible. Please use `scheduler.step()` to step the scheduler. During the deprecation, if epoch is different from None, the closed form is used instead of the new chainable form, where available. Please open an issue if you are unable to replicate your use case: https://github.com/pytorch/pytorch/issues/new/choose.
  warnings.warn(EPOCH_DEPRECATION_WARNING, UserWarning)
epoch=3 val_jaccard=0.001140 accuracy=0.007977
epoch=4 val_jaccard=0.109608 accuracy=0.437353
epoch=5 val_jaccard=0.182600 accuracy=0.580479
epoch=6 val_jaccard=0.172353 accuracy=0.572970
epoch=7 val_jaccard=0.184506 accuracy=0.576725
epoch=8 val_jaccard=0.195806 accuracy=0.591741
epoch=9 val_jaccard=0.161059 accuracy=0.562177
epoch=10 val_jaccard=0.272354 accuracy=0.666823
epoch=11 val_jaccard=0.156546 accuracy=0.578132
epoch=12 val_jaccard=0.231465 accuracy=0.650399
epoch=13 val_jaccard=0.220350 accuracy=0.700141
epoch=14 val_jaccard=0.172893 accuracy=0.567809
epoch=15 val_jaccard=0.284844 accuracy=0.659315
epoch=16 val_jaccard=0.300219 accuracy=0.701549
epoch=17 val_jaccard=0.267260 accuracy=0.602534
epoch=18 val_jaccard=0.216197 accuracy=0.552323
epoch=19 val_jaccard=0.180161 accuracy=0.566401
epoch=20 val_jaccard=0.235373 accuracy=0.546222
epoch=21 val_jaccard=0.362348 accuracy=0.321915
epoch=22 val_jaccard=0.262567 accuracy=0.526044
epoch=23 val_jaccard=0.343672 accuracy=0.609573
epoch=24 val_jaccard=0.200918 accuracy=0.585641
epoch=25 val_jaccard=0.291357 accuracy=0.613327
epoch=26 val_jaccard=0.268175 accuracy=0.629751
epoch=27 val_jaccard=0.302480 accuracy=0.644768
epoch=28 val_jaccard=0.274896 accuracy=0.617081
epoch=29 val_jaccard=0.288313 accuracy=0.584702
epoch=30 val_jaccard=0.282064 accuracy=0.635382
epoch=31 val_jaccard=0.285526 accuracy=0.638667
wandb: updating run metadata
wandb: uploading output.log; uploading wandb-summary.json
wandb: uploading history steps 0-30, summary, console lines 1-32
wandb: 
wandb: Run history:
wandb:   train/loss ██▇▇▆▆▅▅▅▅▄▄▄▃▃▃▃▃▃▂▂▂▂▁▁▁▁▁▁▁▁
wandb: val/accuracy ▁▂▁▅▇▇▇▇▇█▇▇█▇██▇▆▇▆▄▆▇▇▇▇▇▇▇▇▇
wandb:  val/jaccard ▁▁▁▃▅▄▅▅▄▆▄▅▅▄▆▇▆▅▄▆█▆█▅▇▆▇▆▇▆▇
wandb: 
wandb: Run summary:
wandb:   train/loss 0.82545
wandb: val/accuracy 0.63867
wandb:  val/jaccard 0.28553
wandb: 
wandb: 🚀 View run stage1_ptower_031_P15_B_L8_w0.0_h30_foldE_seed42 at: https://wandb.ai/daky-o7600/egosurgery_multitask/runs/mnivyke7
wandb: ⭐️ View project at: https://wandb.ai/daky-o7600/egosurgery_multitask
wandb: Synced 5 W&B file(s), 0 media file(s), 0 artifact file(s) and 0 other file(s)
wandb: Find logs at: ./wandb/run-20260917_160515-mnivyke7/logs
RUN_COMPLETE /home/ubuntu/slocal2/m2/experiments/phase1/stage1_ptower_031_P15_B_L8_w0.0_h30_foldE_seed42
