wandb: [wandb.login()] Loaded credentials for https://api.wandb.ai from WANDB_API_KEY.
wandb: Currently logged in as: daky-o7600 to https://api.wandb.ai. Use `wandb login --relogin` to force relogin
wandb: WARNING Using a boolean value for 'reinit' is deprecated. Use 'return_previous' or 'finish_previous' instead.
wandb: Tracking run with wandb version 0.27.0
wandb: Run data is saved locally in /home/ubuntu/slocal2/m2/wandb/run-20260917_155932-5k36467w
wandb: Run `wandb offline` to turn off syncing.
wandb: Syncing run stage1_ptower_010_P15_A_L8_w0.0_h30_foldB_seed42
wandb: ⭐️ View project at https://wandb.ai/daky-o7600/egosurgery_multitask
wandb: 🚀 View run at https://wandb.ai/daky-o7600/egosurgery_multitask/runs/5k36467w
epoch=1 val_jaccard=0.019456 accuracy=0.076840
epoch=2 val_jaccard=0.041882 accuracy=0.133262
/home/ubuntu/slocal2/m2/.venv/lib/python3.11/site-packages/torch/optim/lr_scheduler.py:149: UserWarning: The epoch parameter in `scheduler.step()` was not necessary and is being deprecated where possible. Please use `scheduler.step()` to step the scheduler. During the deprecation, if epoch is different from None, the closed form is used instead of the new chainable form, where available. Please open an issue if you are unable to replicate your use case: https://github.com/pytorch/pytorch/issues/new/choose.
  warnings.warn(EPOCH_DEPRECATION_WARNING, UserWarning)
epoch=3 val_jaccard=0.063493 accuracy=0.104245
epoch=4 val_jaccard=0.109782 accuracy=0.311123
epoch=5 val_jaccard=0.079616 accuracy=0.112843
epoch=6 val_jaccard=0.080227 accuracy=0.104782
epoch=7 val_jaccard=0.098280 accuracy=0.172488
epoch=8 val_jaccard=0.117975 accuracy=0.210102
epoch=9 val_jaccard=0.094427 accuracy=0.103708
epoch=10 val_jaccard=0.088544 accuracy=0.125202
epoch=11 val_jaccard=0.072417 accuracy=0.078990
epoch=12 val_jaccard=0.150933 accuracy=0.273509
epoch=13 val_jaccard=0.133196 accuracy=0.210639
epoch=14 val_jaccard=0.079989 accuracy=0.119291
epoch=15 val_jaccard=0.174699 accuracy=0.299839
epoch=16 val_jaccard=0.126627 accuracy=0.235895
epoch=17 val_jaccard=0.181961 accuracy=0.201505
epoch=18 val_jaccard=0.186087 accuracy=0.432026
epoch=19 val_jaccard=0.140358 accuracy=0.393874
epoch=20 val_jaccard=0.127165 accuracy=0.156368
epoch=21 val_jaccard=0.099969 accuracy=0.157980
epoch=22 val_jaccard=0.134277 accuracy=0.268673
epoch=23 val_jaccard=0.140099 accuracy=0.292853
epoch=24 val_jaccard=0.150584 accuracy=0.354111
epoch=25 val_jaccard=0.128474 accuracy=0.239656
epoch=26 val_jaccard=0.145207 accuracy=0.340140
epoch=27 val_jaccard=0.152556 accuracy=0.357335
epoch=28 val_jaccard=0.154012 accuracy=0.328855
wandb: updating run metadata
wandb: uploading output.log; uploading wandb-summary.json; uploading config.yaml
wandb: uploading history steps 0-27, summary, console lines 1-29
wandb: 
wandb: Run history:
wandb:   train/loss █▇▇▇▆▅▅▅▄▄▃▃▃▃▃▂▂▂▂▂▂▁▁▁▁▁▁▁
wandb: val/accuracy ▁▂▂▆▂▂▃▄▂▂▁▅▄▂▅▄▃█▇▃▃▅▅▆▄▆▇▆
wandb:  val/jaccard ▁▂▃▅▄▄▄▅▄▄▃▇▆▄█▆██▆▆▄▆▆▇▆▆▇▇
wandb: 
wandb: Run summary:
wandb:   train/loss 0.5652
wandb: val/accuracy 0.32886
wandb:  val/jaccard 0.15401
wandb: 
wandb: 🚀 View run stage1_ptower_010_P15_A_L8_w0.0_h30_foldB_seed42 at: https://wandb.ai/daky-o7600/egosurgery_multitask/runs/5k36467w
wandb: ⭐️ View project at: https://wandb.ai/daky-o7600/egosurgery_multitask
wandb: Synced 5 W&B file(s), 0 media file(s), 0 artifact file(s) and 0 other file(s)
wandb: Find logs at: ./wandb/run-20260917_155932-5k36467w/logs
RUN_COMPLETE /home/ubuntu/slocal2/m2/experiments/phase1/stage1_ptower_010_P15_A_L8_w0.0_h30_foldB_seed42
