wandb: [wandb.login()] Loaded credentials for https://api.wandb.ai from WANDB_API_KEY.
wandb: Currently logged in as: daky-o7600 to https://api.wandb.ai. Use `wandb login --relogin` to force relogin
wandb: WARNING Using a boolean value for 'reinit' is deprecated. Use 'return_previous' or 'finish_previous' instead.
wandb: setting up run ilfiwe2o
wandb: Tracking run with wandb version 0.27.0
wandb: Run data is saved locally in /home/ubuntu/slocal2/m2/wandb/run-20260917_160614-ilfiwe2o
wandb: Run `wandb offline` to turn off syncing.
wandb: Syncing run stage1_ptower_037_P15_C_L8_w0.15_h30_foldA_seed456
wandb: ⭐️ View project at https://wandb.ai/daky-o7600/egosurgery_multitask
wandb: 🚀 View run at https://wandb.ai/daky-o7600/egosurgery_multitask/runs/ilfiwe2o
epoch=1 val_jaccard=0.005334 accuracy=0.015182
epoch=2 val_jaccard=0.140865 accuracy=0.478548
/home/ubuntu/slocal2/m2/.venv/lib/python3.11/site-packages/torch/optim/lr_scheduler.py:149: UserWarning: The epoch parameter in `scheduler.step()` was not necessary and is being deprecated where possible. Please use `scheduler.step()` to step the scheduler. During the deprecation, if epoch is different from None, the closed form is used instead of the new chainable form, where available. Please open an issue if you are unable to replicate your use case: https://github.com/pytorch/pytorch/issues/new/choose.
  warnings.warn(EPOCH_DEPRECATION_WARNING, UserWarning)
epoch=3 val_jaccard=0.122162 accuracy=0.455446
epoch=4 val_jaccard=0.144865 accuracy=0.469967
epoch=5 val_jaccard=0.153118 accuracy=0.482508
epoch=6 val_jaccard=0.157290 accuracy=0.488449
epoch=7 val_jaccard=0.158069 accuracy=0.489109
epoch=8 val_jaccard=0.162783 accuracy=0.498350
epoch=9 val_jaccard=0.254525 accuracy=0.648845
epoch=10 val_jaccard=0.310195 accuracy=0.491089
epoch=11 val_jaccard=0.246958 accuracy=0.606601
epoch=12 val_jaccard=0.289544 accuracy=0.579538
epoch=13 val_jaccard=0.175603 accuracy=0.440924
epoch=14 val_jaccard=0.317622 accuracy=0.695050
epoch=15 val_jaccard=0.505288 accuracy=0.805281
epoch=16 val_jaccard=0.240887 accuracy=0.564356
epoch=17 val_jaccard=0.232821 accuracy=0.410561
epoch=18 val_jaccard=0.342421 accuracy=0.756436
epoch=19 val_jaccard=0.235217 accuracy=0.429703
epoch=20 val_jaccard=0.337344 accuracy=0.575578
epoch=21 val_jaccard=0.187677 accuracy=0.431023
epoch=22 val_jaccard=0.365445 accuracy=0.600000
epoch=23 val_jaccard=0.322873 accuracy=0.548515
epoch=24 val_jaccard=0.286259 accuracy=0.495050
epoch=25 val_jaccard=0.281986 accuracy=0.503630
wandb: updating run metadata
wandb: uploading config.yaml; uploading wandb-metadata.json; uploading requirements.txt; uploading output.log; uploading wandb-summary.json
wandb: uploading config.yaml; uploading requirements.txt; uploading output.log; uploading wandb-summary.json
wandb: uploading history steps 0-24, summary, console lines 1-26
wandb: 
wandb: Run history:
wandb:   train/loss █▇▇▆▆▅▅▅▄▄▄▃▃▄▃▃▃▂▂▂▁▁▁▁▁
wandb: val/accuracy ▁▅▅▅▅▅▅▅▇▅▆▆▅▇█▆▅█▅▆▅▆▆▅▅
wandb:  val/jaccard ▁▃▃▃▃▃▃▃▄▅▄▅▃▅█▄▄▆▄▆▄▆▅▅▅
wandb: 
wandb: Run summary:
wandb:   train/loss 1.18501
wandb: val/accuracy 0.50363
wandb:  val/jaccard 0.28199
wandb: 
wandb: 🚀 View run stage1_ptower_037_P15_C_L8_w0.15_h30_foldA_seed456 at: https://wandb.ai/daky-o7600/egosurgery_multitask/runs/ilfiwe2o
wandb: ⭐️ View project at: https://wandb.ai/daky-o7600/egosurgery_multitask
wandb: Synced 5 W&B file(s), 0 media file(s), 0 artifact file(s) and 0 other file(s)
wandb: Find logs at: ./wandb/run-20260917_160614-ilfiwe2o/logs
RUN_COMPLETE /home/ubuntu/slocal2/m2/experiments/phase1/stage1_ptower_037_P15_C_L8_w0.15_h30_foldA_seed456
