wandb: [wandb.login()] Loaded credentials for https://api.wandb.ai from WANDB_API_KEY.
wandb: Currently logged in as: daky-o7600 to https://api.wandb.ai. Use `wandb login --relogin` to force relogin
wandb: WARNING Using a boolean value for 'reinit' is deprecated. Use 'return_previous' or 'finish_previous' instead.
wandb: setting up run g8cuhr1z
wandb: Tracking run with wandb version 0.27.0
wandb: Run data is saved locally in /home/ubuntu/slocal2/m2/wandb/run-20260917_160659-g8cuhr1z
wandb: Run `wandb offline` to turn off syncing.
wandb: Syncing run stage1_ptower_043_P15_C_L8_w0.3_h30_foldC_seed42
wandb: ⭐️ View project at https://wandb.ai/daky-o7600/egosurgery_multitask
wandb: 🚀 View run at https://wandb.ai/daky-o7600/egosurgery_multitask/runs/g8cuhr1z
epoch=1 val_jaccard=0.061139 accuracy=0.099095
epoch=2 val_jaccard=0.104843 accuracy=0.239940
/home/ubuntu/slocal2/m2/.venv/lib/python3.11/site-packages/torch/optim/lr_scheduler.py:149: UserWarning: The epoch parameter in `scheduler.step()` was not necessary and is being deprecated where possible. Please use `scheduler.step()` to step the scheduler. During the deprecation, if epoch is different from None, the closed form is used instead of the new chainable form, where available. Please open an issue if you are unable to replicate your use case: https://github.com/pytorch/pytorch/issues/new/choose.
  warnings.warn(EPOCH_DEPRECATION_WARNING, UserWarning)
epoch=3 val_jaccard=0.060367 accuracy=0.101610
epoch=4 val_jaccard=0.041290 accuracy=0.093058
epoch=5 val_jaccard=0.125045 accuracy=0.500000
epoch=6 val_jaccard=0.180439 accuracy=0.492455
epoch=7 val_jaccard=0.089202 accuracy=0.161972
epoch=8 val_jaccard=0.239977 accuracy=0.637827
epoch=9 val_jaccard=0.175747 accuracy=0.547284
epoch=10 val_jaccard=0.221804 accuracy=0.638833
epoch=11 val_jaccard=0.155455 accuracy=0.312374
epoch=12 val_jaccard=0.198658 accuracy=0.540744
epoch=13 val_jaccard=0.165462 accuracy=0.428068
epoch=14 val_jaccard=0.153496 accuracy=0.316901
epoch=15 val_jaccard=0.201197 accuracy=0.325453
epoch=16 val_jaccard=0.171072 accuracy=0.386821
epoch=17 val_jaccard=0.239136 accuracy=0.441650
epoch=18 val_jaccard=0.190825 accuracy=0.467304
wandb: updating run metadata
wandb: uploading output.log; uploading wandb-summary.json; uploading config.yaml
wandb: uploading history steps 0-17, summary, console lines 1-19
wandb: 
wandb: Run history:
wandb:   train/loss █▇▇▆▆▅▅▄▄▃▃▃▂▂▂▁▁▁
wandb: val/accuracy ▁▃▁▁▆▆▂█▇█▄▇▅▄▄▅▅▆
wandb:  val/jaccard ▂▃▂▁▄▆▃█▆▇▅▇▅▅▇▆█▆
wandb: 
wandb: Run summary:
wandb:   train/loss 1.69895
wandb: val/accuracy 0.4673
wandb:  val/jaccard 0.19082
wandb: 
wandb: 🚀 View run stage1_ptower_043_P15_C_L8_w0.3_h30_foldC_seed42 at: https://wandb.ai/daky-o7600/egosurgery_multitask/runs/g8cuhr1z
wandb: ⭐️ View project at: https://wandb.ai/daky-o7600/egosurgery_multitask
wandb: Synced 5 W&B file(s), 0 media file(s), 0 artifact file(s) and 0 other file(s)
wandb: Find logs at: ./wandb/run-20260917_160659-g8cuhr1z/logs
RUN_COMPLETE /home/ubuntu/slocal2/m2/experiments/phase1/stage1_ptower_043_P15_C_L8_w0.3_h30_foldC_seed42
