wandb: [wandb.login()] Loaded credentials for https://api.wandb.ai from WANDB_API_KEY.
wandb: Currently logged in as: daky-o7600 to https://api.wandb.ai. Use `wandb login --relogin` to force relogin
wandb: WARNING Using a boolean value for 'reinit' is deprecated. Use 'return_previous' or 'finish_previous' instead.
wandb: Tracking run with wandb version 0.27.0
wandb: Run data is saved locally in /home/ubuntu/slocal2/m2/wandb/run-20260917_160228-btbapqjd
wandb: Run `wandb offline` to turn off syncing.
wandb: Syncing run stage1_ptower_015_P15_B_L6_w0.0_h60_foldA_seed42
wandb: ⭐️ View project at https://wandb.ai/daky-o7600/egosurgery_multitask
wandb: 🚀 View run at https://wandb.ai/daky-o7600/egosurgery_multitask/runs/btbapqjd
epoch=1 val_jaccard=0.030061 accuracy=0.120132
epoch=2 val_jaccard=0.035684 accuracy=0.124092
/home/ubuntu/slocal2/m2/.venv/lib/python3.11/site-packages/torch/optim/lr_scheduler.py:149: UserWarning: The epoch parameter in `scheduler.step()` was not necessary and is being deprecated where possible. Please use `scheduler.step()` to step the scheduler. During the deprecation, if epoch is different from None, the closed form is used instead of the new chainable form, where available. Please open an issue if you are unable to replicate your use case: https://github.com/pytorch/pytorch/issues/new/choose.
  warnings.warn(EPOCH_DEPRECATION_WARNING, UserWarning)
epoch=3 val_jaccard=0.094005 accuracy=0.160396
epoch=4 val_jaccard=0.048151 accuracy=0.133993
epoch=5 val_jaccard=0.063435 accuracy=0.149175
epoch=6 val_jaccard=0.053074 accuracy=0.132673
epoch=7 val_jaccard=0.129840 accuracy=0.440924
epoch=8 val_jaccard=0.159802 accuracy=0.444884
epoch=9 val_jaccard=0.158838 accuracy=0.462046
epoch=10 val_jaccard=0.143314 accuracy=0.423102
epoch=11 val_jaccard=0.145306 accuracy=0.417822
epoch=12 val_jaccard=0.181477 accuracy=0.401320
epoch=13 val_jaccard=0.164852 accuracy=0.448845
epoch=14 val_jaccard=0.205923 accuracy=0.462046
epoch=15 val_jaccard=0.269580 accuracy=0.611881
epoch=16 val_jaccard=0.230871 accuracy=0.456106
epoch=17 val_jaccard=0.213135 accuracy=0.510891
epoch=18 val_jaccard=0.223381 accuracy=0.463366
epoch=19 val_jaccard=0.224759 accuracy=0.403300
epoch=20 val_jaccard=0.290818 accuracy=0.482508
epoch=21 val_jaccard=0.326502 accuracy=0.655446
epoch=22 val_jaccard=0.367631 accuracy=0.666007
epoch=23 val_jaccard=0.301352 accuracy=0.500330
epoch=24 val_jaccard=0.263877 accuracy=0.472607
epoch=25 val_jaccard=0.328245 accuracy=0.479208
epoch=26 val_jaccard=0.295595 accuracy=0.592079
epoch=27 val_jaccard=0.293258 accuracy=0.409901
epoch=28 val_jaccard=0.291271 accuracy=0.485809
epoch=29 val_jaccard=0.304460 accuracy=0.450165
epoch=30 val_jaccard=0.269354 accuracy=0.440264
epoch=31 val_jaccard=0.190829 accuracy=0.355776
epoch=32 val_jaccard=0.181333 accuracy=0.289769
wandb: uploading wandb-metadata.json; updating run metadata
wandb: uploading output.log; uploading wandb-summary.json; uploading config.yaml
wandb: uploading history steps 0-31, summary, console lines 1-33
wandb: 
wandb: Run history:
wandb:   train/loss █▇▇▆▆▅▅▅▅▄▄▄▄▃▃▄▃▃▃▂▂▂▂▁▁▁▁▁▁▁▁▁
wandb: val/accuracy ▁▁▂▁▁▁▅▅▅▅▅▅▅▅▇▅▆▅▅▆██▆▆▆▇▅▆▅▅▄▃
wandb:  val/jaccard ▁▁▂▁▂▁▃▄▄▃▃▄▄▅▆▅▅▅▅▆▇█▇▆▇▇▆▆▇▆▄▄
wandb: 
wandb: Run summary:
wandb:   train/loss 1.13782
wandb: val/accuracy 0.28977
wandb:  val/jaccard 0.18133
wandb: 
wandb: 🚀 View run stage1_ptower_015_P15_B_L6_w0.0_h60_foldA_seed42 at: https://wandb.ai/daky-o7600/egosurgery_multitask/runs/btbapqjd
wandb: ⭐️ View project at: https://wandb.ai/daky-o7600/egosurgery_multitask
wandb: Synced 5 W&B file(s), 0 media file(s), 0 artifact file(s) and 0 other file(s)
wandb: Find logs at: ./wandb/run-20260917_160228-btbapqjd/logs
RUN_COMPLETE /home/ubuntu/slocal2/m2/experiments/phase1/stage1_ptower_015_P15_B_L6_w0.0_h60_foldA_seed42
