wandb: [wandb.login()] Loaded credentials for https://api.wandb.ai from WANDB_API_KEY.
wandb: Currently logged in as: daky-o7600 to https://api.wandb.ai. Use `wandb login --relogin` to force relogin
wandb: WARNING Using a boolean value for 'reinit' is deprecated. Use 'return_previous' or 'finish_previous' instead.
wandb: setting up run apt5l90n
wandb: Tracking run with wandb version 0.27.0
wandb: Run data is saved locally in /home/ubuntu/slocal2/m2/wandb/run-20260917_160637-apt5l90n
wandb: Run `wandb offline` to turn off syncing.
wandb: Syncing run stage1_ptower_040_P15_C_L8_w0.3_h30_foldA_seed42
wandb: ⭐️ View project at https://wandb.ai/daky-o7600/egosurgery_multitask
wandb: 🚀 View run at https://wandb.ai/daky-o7600/egosurgery_multitask/runs/apt5l90n
epoch=1 val_jaccard=0.017368 accuracy=0.106271
epoch=2 val_jaccard=0.026344 accuracy=0.118812
/home/ubuntu/slocal2/m2/.venv/lib/python3.11/site-packages/torch/optim/lr_scheduler.py:149: UserWarning: The epoch parameter in `scheduler.step()` was not necessary and is being deprecated where possible. Please use `scheduler.step()` to step the scheduler. During the deprecation, if epoch is different from None, the closed form is used instead of the new chainable form, where available. Please open an issue if you are unable to replicate your use case: https://github.com/pytorch/pytorch/issues/new/choose.
  warnings.warn(EPOCH_DEPRECATION_WARNING, UserWarning)
epoch=3 val_jaccard=0.042540 accuracy=0.128713
epoch=4 val_jaccard=0.119806 accuracy=0.302310
epoch=5 val_jaccard=0.066109 accuracy=0.161056
epoch=6 val_jaccard=0.229628 accuracy=0.601980
epoch=7 val_jaccard=0.230702 accuracy=0.629043
epoch=8 val_jaccard=0.270249 accuracy=0.671947
epoch=9 val_jaccard=0.222641 accuracy=0.556436
epoch=10 val_jaccard=0.209645 accuracy=0.455446
epoch=11 val_jaccard=0.135828 accuracy=0.368977
epoch=12 val_jaccard=0.350468 accuracy=0.697030
epoch=13 val_jaccard=0.188757 accuracy=0.372277
epoch=14 val_jaccard=0.305274 accuracy=0.660726
epoch=15 val_jaccard=0.265304 accuracy=0.520792
epoch=16 val_jaccard=0.319806 accuracy=0.559076
epoch=17 val_jaccard=0.150900 accuracy=0.316832
epoch=18 val_jaccard=0.340717 accuracy=0.623762
epoch=19 val_jaccard=0.199234 accuracy=0.433663
epoch=20 val_jaccard=0.227007 accuracy=0.376238
epoch=21 val_jaccard=0.271305 accuracy=0.506931
epoch=22 val_jaccard=0.222709 accuracy=0.411221
wandb: updating run metadata
wandb: uploading config.yaml; uploading wandb-metadata.json; uploading requirements.txt; uploading output.log; uploading wandb-summary.json
wandb: uploading config.yaml; uploading wandb-metadata.json; uploading requirements.txt; uploading output.log
wandb: 
wandb: Run history:
wandb:   train/loss █▇▇▆▆▅▅▄▄▄▃▃▃▂▂▂▂▂▂▁▁▁
wandb: val/accuracy ▁▁▁▃▂▇▇█▆▅▄█▄█▆▆▃▇▅▄▆▅
wandb:  val/jaccard ▁▁▂▃▂▅▅▆▅▅▃█▅▇▆▇▄█▅▅▆▅
wandb: 
wandb: Run summary:
wandb:   train/loss 1.47201
wandb: val/accuracy 0.41122
wandb:  val/jaccard 0.22271
wandb: 
wandb: 🚀 View run stage1_ptower_040_P15_C_L8_w0.3_h30_foldA_seed42 at: https://wandb.ai/daky-o7600/egosurgery_multitask/runs/apt5l90n
wandb: ⭐️ View project at: https://wandb.ai/daky-o7600/egosurgery_multitask
wandb: Synced 5 W&B file(s), 0 media file(s), 0 artifact file(s) and 0 other file(s)
wandb: Find logs at: ./wandb/run-20260917_160637-apt5l90n/logs
RUN_COMPLETE /home/ubuntu/slocal2/m2/experiments/phase1/stage1_ptower_040_P15_C_L8_w0.3_h30_foldA_seed42
