wandb: [wandb.login()] Loaded credentials for https://api.wandb.ai from WANDB_API_KEY.
wandb: Currently logged in as: daky-o7600 to https://api.wandb.ai. Use `wandb login --relogin` to force relogin
wandb: WARNING Using a boolean value for 'reinit' is deprecated. Use 'return_previous' or 'finish_previous' instead.
wandb: Tracking run with wandb version 0.27.0
wandb: Run data is saved locally in /home/ubuntu/slocal2/m2/wandb/run-20260917_155921-lsfql6oq
wandb: Run `wandb offline` to turn off syncing.
wandb: Syncing run stage1_ptower_008_P15_A_L8_w0.0_h30_foldA_seed456
wandb: ⭐️ View project at https://wandb.ai/daky-o7600/egosurgery_multitask
wandb: 🚀 View run at https://wandb.ai/daky-o7600/egosurgery_multitask/runs/lsfql6oq
epoch=1 val_jaccard=0.005351 accuracy=0.015182
epoch=2 val_jaccard=0.141788 accuracy=0.479208
/home/ubuntu/slocal2/m2/.venv/lib/python3.11/site-packages/torch/optim/lr_scheduler.py:149: UserWarning: The epoch parameter in `scheduler.step()` was not necessary and is being deprecated where possible. Please use `scheduler.step()` to step the scheduler. During the deprecation, if epoch is different from None, the closed form is used instead of the new chainable form, where available. Please open an issue if you are unable to replicate your use case: https://github.com/pytorch/pytorch/issues/new/choose.
  warnings.warn(EPOCH_DEPRECATION_WARNING, UserWarning)
epoch=3 val_jaccard=0.125276 accuracy=0.457426
epoch=4 val_jaccard=0.145235 accuracy=0.470627
epoch=5 val_jaccard=0.156647 accuracy=0.488449
epoch=6 val_jaccard=0.157069 accuracy=0.488449
epoch=7 val_jaccard=0.164391 accuracy=0.493729
epoch=8 val_jaccard=0.170259 accuracy=0.509571
epoch=9 val_jaccard=0.259095 accuracy=0.653465
epoch=10 val_jaccard=0.281556 accuracy=0.441584
epoch=11 val_jaccard=0.246710 accuracy=0.615182
epoch=12 val_jaccard=0.259887 accuracy=0.484488
epoch=13 val_jaccard=0.126125 accuracy=0.284488
epoch=14 val_jaccard=0.174368 accuracy=0.456106
epoch=15 val_jaccard=0.338009 accuracy=0.699670
epoch=16 val_jaccard=0.262391 accuracy=0.499010
epoch=17 val_jaccard=0.309120 accuracy=0.524752
epoch=18 val_jaccard=0.333426 accuracy=0.670627
epoch=19 val_jaccard=0.284656 accuracy=0.522772
epoch=20 val_jaccard=0.321626 accuracy=0.550495
epoch=21 val_jaccard=0.262257 accuracy=0.506271
epoch=22 val_jaccard=0.302284 accuracy=0.547195
epoch=23 val_jaccard=0.309537 accuracy=0.594719
epoch=24 val_jaccard=0.207680 accuracy=0.406601
epoch=25 val_jaccard=0.315724 accuracy=0.558416
wandb: updating run metadata
wandb: uploading wandb-metadata.json; uploading requirements.txt; uploading output.log; uploading wandb-summary.json; uploading config.yaml
wandb: uploading wandb-metadata.json; uploading output.log; uploading wandb-summary.json; uploading config.yaml
wandb: 
wandb: Run history:
wandb:   train/loss █▇▇▆▆▅▅▅▄▄▄▃▃▄▃▃▂▂▂▁▁▁▁▁▁
wandb: val/accuracy ▁▆▆▆▆▆▆▆█▅▇▆▄▆█▆▆█▆▆▆▆▇▅▇
wandb:  val/jaccard ▁▄▄▄▄▄▄▄▆▇▆▆▄▅█▆▇█▇█▆▇▇▅█
wandb: 
wandb: Run summary:
wandb:   train/loss 0.86935
wandb: val/accuracy 0.55842
wandb:  val/jaccard 0.31572
wandb: 
wandb: 🚀 View run stage1_ptower_008_P15_A_L8_w0.0_h30_foldA_seed456 at: https://wandb.ai/daky-o7600/egosurgery_multitask/runs/lsfql6oq
wandb: ⭐️ View project at: https://wandb.ai/daky-o7600/egosurgery_multitask
wandb: Synced 5 W&B file(s), 0 media file(s), 0 artifact file(s) and 0 other file(s)
wandb: Find logs at: ./wandb/run-20260917_155921-lsfql6oq/logs
RUN_COMPLETE /home/ubuntu/slocal2/m2/experiments/phase1/stage1_ptower_008_P15_A_L8_w0.0_h30_foldA_seed456
