wandb: [wandb.login()] Loaded credentials for https://api.wandb.ai from WANDB_API_KEY.
wandb: Currently logged in as: daky-o7600 to https://api.wandb.ai. Use `wandb login --relogin` to force relogin
wandb: WARNING Using a boolean value for 'reinit' is deprecated. Use 'return_previous' or 'finish_previous' instead.
wandb: Tracking run with wandb version 0.27.0
wandb: Run data is saved locally in /home/ubuntu/slocal2/m2/wandb/run-20260917_160228-hyr9y8f8
wandb: Run `wandb offline` to turn off syncing.
wandb: Syncing run stage1_ptower_015_P15_B_L6_w0.0_h30_foldE_seed42
wandb: ⭐️ View project at https://wandb.ai/daky-o7600/egosurgery_multitask
wandb: 🚀 View run at https://wandb.ai/daky-o7600/egosurgery_multitask/runs/hyr9y8f8
epoch=1 val_jaccard=0.002346 accuracy=0.016424
epoch=2 val_jaccard=0.083650 accuracy=0.519944
/home/ubuntu/slocal2/m2/.venv/lib/python3.11/site-packages/torch/optim/lr_scheduler.py:149: UserWarning: The epoch parameter in `scheduler.step()` was not necessary and is being deprecated where possible. Please use `scheduler.step()` to step the scheduler. During the deprecation, if epoch is different from None, the closed form is used instead of the new chainable form, where available. Please open an issue if you are unable to replicate your use case: https://github.com/pytorch/pytorch/issues/new/choose.
  warnings.warn(EPOCH_DEPRECATION_WARNING, UserWarning)
epoch=3 val_jaccard=0.012596 accuracy=0.060535
epoch=4 val_jaccard=0.039786 accuracy=0.079775
epoch=5 val_jaccard=0.083344 accuracy=0.198968
epoch=6 val_jaccard=0.051609 accuracy=0.177382
epoch=7 val_jaccard=0.098319 accuracy=0.527921
epoch=8 val_jaccard=0.019902 accuracy=0.085875
epoch=9 val_jaccard=0.033623 accuracy=0.067574
epoch=10 val_jaccard=0.101289 accuracy=0.529798
epoch=11 val_jaccard=0.155320 accuracy=0.533083
epoch=12 val_jaccard=0.264765 accuracy=0.584702
epoch=13 val_jaccard=0.285769 accuracy=0.515720
epoch=14 val_jaccard=0.107219 accuracy=0.245894
epoch=15 val_jaccard=0.158231 accuracy=0.179728
epoch=16 val_jaccard=0.341860 accuracy=0.479587
epoch=17 val_jaccard=0.112299 accuracy=0.101830
epoch=18 val_jaccard=0.134101 accuracy=0.525575
epoch=19 val_jaccard=0.236168 accuracy=0.276396
epoch=20 val_jaccard=0.233168 accuracy=0.567809
epoch=21 val_jaccard=0.139033 accuracy=0.171281
epoch=22 val_jaccard=0.318616 accuracy=0.586579
epoch=23 val_jaccard=0.334201 accuracy=0.569216
epoch=24 val_jaccard=0.187470 accuracy=0.290474
epoch=25 val_jaccard=0.370848 accuracy=0.622243
epoch=26 val_jaccard=0.323824 accuracy=0.617081
epoch=27 val_jaccard=0.280293 accuracy=0.413421
epoch=28 val_jaccard=0.323431 accuracy=0.600188
epoch=29 val_jaccard=0.311179 accuracy=0.541999
epoch=30 val_jaccard=0.334781 accuracy=0.627874
epoch=31 val_jaccard=0.361778 accuracy=0.664477
epoch=32 val_jaccard=0.334452 accuracy=0.609573
epoch=33 val_jaccard=0.349517 accuracy=0.636321
epoch=34 val_jaccard=0.360728 accuracy=0.640544
epoch=35 val_jaccard=0.359718 accuracy=0.636321
wandb: updating run metadata
wandb: uploading output.log; uploading wandb-summary.json; uploading config.yaml
wandb: uploading output.log; uploading config.yaml
wandb: 
wandb: Run history:
wandb:   train/loss ██▇▇▇▆▆▅▅▅▅▄▄▄▃▃▄▃▃▂▂▂▂▂▂▂▂▁▁▁▁▁▁▁▁
wandb: val/accuracy ▁▆▁▂▃▃▇▂▂▇▇▇▆▃▃▆▂▆▄▇▃▇▇▄█▇▅▇▇██▇███
wandb:  val/jaccard ▁▃▁▂▃▂▃▁▂▃▄▆▆▃▄▇▃▄▅▅▄▇▇▅█▇▆▇▇▇█▇███
wandb: 
wandb: Run summary:
wandb:   train/loss 0.88883
wandb: val/accuracy 0.63632
wandb:  val/jaccard 0.35972
wandb: 
wandb: 🚀 View run stage1_ptower_015_P15_B_L6_w0.0_h30_foldE_seed42 at: https://wandb.ai/daky-o7600/egosurgery_multitask/runs/hyr9y8f8
wandb: ⭐️ View project at: https://wandb.ai/daky-o7600/egosurgery_multitask
wandb: Synced 5 W&B file(s), 0 media file(s), 0 artifact file(s) and 0 other file(s)
wandb: Find logs at: ./wandb/run-20260917_160228-hyr9y8f8/logs
RUN_COMPLETE /home/ubuntu/slocal2/m2/experiments/phase1/stage1_ptower_015_P15_B_L6_w0.0_h30_foldE_seed42
