wandb: [wandb.login()] Loaded credentials for https://api.wandb.ai from WANDB_API_KEY.
wandb: Currently logged in as: daky-o7600 to https://api.wandb.ai. Use `wandb login --relogin` to force relogin
wandb: WARNING Using a boolean value for 'reinit' is deprecated. Use 'return_previous' or 'finish_previous' instead.
wandb: Tracking run with wandb version 0.27.0
wandb: Run data is saved locally in /home/ubuntu/slocal2/m2/wandb/run-20260917_155911-gvkd5zve
wandb: Run `wandb offline` to turn off syncing.
wandb: Syncing run stage1_ptower_006_P15_A_L8_w0.0_h30_foldA_seed42
wandb: ⭐️ View project at https://wandb.ai/daky-o7600/egosurgery_multitask
wandb: 🚀 View run at https://wandb.ai/daky-o7600/egosurgery_multitask/runs/gvkd5zve
epoch=1 val_jaccard=0.016362 accuracy=0.105611
epoch=2 val_jaccard=0.020514 accuracy=0.114851
/home/ubuntu/slocal2/m2/.venv/lib/python3.11/site-packages/torch/optim/lr_scheduler.py:149: UserWarning: The epoch parameter in `scheduler.step()` was not necessary and is being deprecated where possible. Please use `scheduler.step()` to step the scheduler. During the deprecation, if epoch is different from None, the closed form is used instead of the new chainable form, where available. Please open an issue if you are unable to replicate your use case: https://github.com/pytorch/pytorch/issues/new/choose.
  warnings.warn(EPOCH_DEPRECATION_WARNING, UserWarning)
epoch=3 val_jaccard=0.042540 accuracy=0.128713
epoch=4 val_jaccard=0.141996 accuracy=0.383498
epoch=5 val_jaccard=0.102744 accuracy=0.249505
epoch=6 val_jaccard=0.215103 accuracy=0.570957
epoch=7 val_jaccard=0.205376 accuracy=0.502970
epoch=8 val_jaccard=0.271843 accuracy=0.669967
epoch=9 val_jaccard=0.215775 accuracy=0.536634
epoch=10 val_jaccard=0.155397 accuracy=0.352475
epoch=11 val_jaccard=0.160453 accuracy=0.372937
epoch=12 val_jaccard=0.246632 accuracy=0.489769
epoch=13 val_jaccard=0.228230 accuracy=0.450165
epoch=14 val_jaccard=0.208269 accuracy=0.366337
epoch=15 val_jaccard=0.275433 accuracy=0.488449
epoch=16 val_jaccard=0.137651 accuracy=0.393399
epoch=17 val_jaccard=0.204584 accuracy=0.422442
epoch=18 val_jaccard=0.248475 accuracy=0.512871
epoch=19 val_jaccard=0.238070 accuracy=0.458086
epoch=20 val_jaccard=0.325277 accuracy=0.591419
epoch=21 val_jaccard=0.206984 accuracy=0.417162
epoch=22 val_jaccard=0.221497 accuracy=0.392739
epoch=23 val_jaccard=0.273810 accuracy=0.576238
epoch=24 val_jaccard=0.260573 accuracy=0.523432
epoch=25 val_jaccard=0.281988 accuracy=0.594719
epoch=26 val_jaccard=0.286200 accuracy=0.599340
epoch=27 val_jaccard=0.225438 accuracy=0.464686
epoch=28 val_jaccard=0.229862 accuracy=0.446865
epoch=29 val_jaccard=0.186965 accuracy=0.389439
epoch=30 val_jaccard=0.273233 accuracy=0.578878
wandb: uploading requirements.txt; updating run metadata
wandb: uploading output.log; uploading wandb-summary.json; uploading config.yaml
wandb: uploading wandb-summary.json; uploading config.yaml
wandb: uploading history steps 0-29, summary, console lines 1-31
wandb: 
wandb: Run history:
wandb:   train/loss █▇▇▆▆▅▅▅▄▄▄▃▃▂▃▃▃▂▂▂▁▁▁▁▁▁▁▁▁▁
wandb: val/accuracy ▁▁▁▄▃▇▆█▆▄▄▆▅▄▆▅▅▆▅▇▅▅▇▆▇▇▅▅▅▇
wandb:  val/jaccard ▁▁▂▄▃▆▅▇▆▄▄▆▆▅▇▄▅▆▆█▅▆▇▇▇▇▆▆▅▇
wandb: 
wandb: Run summary:
wandb:   train/loss 0.75196
wandb: val/accuracy 0.57888
wandb:  val/jaccard 0.27323
wandb: 
wandb: 🚀 View run stage1_ptower_006_P15_A_L8_w0.0_h30_foldA_seed42 at: https://wandb.ai/daky-o7600/egosurgery_multitask/runs/gvkd5zve
wandb: ⭐️ View project at: https://wandb.ai/daky-o7600/egosurgery_multitask
wandb: Synced 5 W&B file(s), 0 media file(s), 0 artifact file(s) and 0 other file(s)
wandb: Find logs at: ./wandb/run-20260917_155911-gvkd5zve/logs
RUN_COMPLETE /home/ubuntu/slocal2/m2/experiments/phase1/stage1_ptower_006_P15_A_L8_w0.0_h30_foldA_seed42
