wandb: [wandb.login()] Loaded credentials for https://api.wandb.ai from WANDB_API_KEY.
wandb: Currently logged in as: daky-o7600 to https://api.wandb.ai. Use `wandb login --relogin` to force relogin
wandb: WARNING Using a boolean value for 'reinit' is deprecated. Use 'return_previous' or 'finish_previous' instead.
wandb: Tracking run with wandb version 0.27.0
wandb: Run data is saved locally in /home/ubuntu/slocal2/m2/wandb/run-20260917_160637-cnhfptll
wandb: Run `wandb offline` to turn off syncing.
wandb: Syncing run stage1_ptower_040_P15_C_L8_w0.15_h30_foldE_seed42
wandb: ⭐️ View project at https://wandb.ai/daky-o7600/egosurgery_multitask
wandb: 🚀 View run at https://wandb.ai/daky-o7600/egosurgery_multitask/runs/cnhfptll
epoch=1 val_jaccard=0.154815 accuracy=0.280150
epoch=2 val_jaccard=0.065334 accuracy=0.082121
/home/ubuntu/slocal2/m2/.venv/lib/python3.11/site-packages/torch/optim/lr_scheduler.py:149: UserWarning: The epoch parameter in `scheduler.step()` was not necessary and is being deprecated where possible. Please use `scheduler.step()` to step the scheduler. During the deprecation, if epoch is different from None, the closed form is used instead of the new chainable form, where available. Please open an issue if you are unable to replicate your use case: https://github.com/pytorch/pytorch/issues/new/choose.
  warnings.warn(EPOCH_DEPRECATION_WARNING, UserWarning)
epoch=3 val_jaccard=0.133733 accuracy=0.125293
epoch=4 val_jaccard=0.172507 accuracy=0.290474
epoch=5 val_jaccard=0.195303 accuracy=0.665885
epoch=6 val_jaccard=0.201225 accuracy=0.557485
epoch=7 val_jaccard=0.125878 accuracy=0.544815
epoch=8 val_jaccard=0.270390 accuracy=0.688878
epoch=9 val_jaccard=0.127538 accuracy=0.195683
epoch=10 val_jaccard=0.258462 accuracy=0.608165
epoch=11 val_jaccard=0.198491 accuracy=0.573909
epoch=12 val_jaccard=0.243056 accuracy=0.651337
epoch=13 val_jaccard=0.229887 accuracy=0.591741
epoch=14 val_jaccard=0.185753 accuracy=0.414829
epoch=15 val_jaccard=0.443244 accuracy=0.718442
epoch=16 val_jaccard=0.231476 accuracy=0.512435
epoch=17 val_jaccard=0.207652 accuracy=0.364148
epoch=18 val_jaccard=0.246391 accuracy=0.622243
epoch=19 val_jaccard=0.347077 accuracy=0.681370
epoch=20 val_jaccard=0.226797 accuracy=0.575786
epoch=21 val_jaccard=0.201019 accuracy=0.459878
epoch=22 val_jaccard=0.284833 accuracy=0.614735
epoch=23 val_jaccard=0.391976 accuracy=0.714219
epoch=24 val_jaccard=0.247209 accuracy=0.261849
epoch=25 val_jaccard=0.386417 accuracy=0.699672
wandb: updating run metadata
wandb: uploading wandb-metadata.json; uploading requirements.txt; uploading output.log; uploading wandb-summary.json
wandb: uploading history steps 0-24, summary, console lines 1-26
wandb: 
wandb: Run history:
wandb:   train/loss ██▇▆▆▆▅▅▅▄▄▃▃▂▂▂▃▂▂▂▂▁▁▁▁
wandb: val/accuracy ▃▁▁▃▇▆▆█▂▇▆▇▇▅█▆▄▇█▆▅▇█▃█
wandb:  val/jaccard ▃▁▂▃▃▄▂▅▂▅▃▄▄▃█▄▄▄▆▄▄▅▇▄▇
wandb: 
wandb: Run summary:
wandb:   train/loss 1.2457
wandb: val/accuracy 0.69967
wandb:  val/jaccard 0.38642
wandb: 
wandb: 🚀 View run stage1_ptower_040_P15_C_L8_w0.15_h30_foldE_seed42 at: https://wandb.ai/daky-o7600/egosurgery_multitask/runs/cnhfptll
wandb: ⭐️ View project at: https://wandb.ai/daky-o7600/egosurgery_multitask
wandb: Synced 5 W&B file(s), 0 media file(s), 0 artifact file(s) and 0 other file(s)
wandb: Find logs at: ./wandb/run-20260917_160637-cnhfptll/logs
RUN_COMPLETE /home/ubuntu/slocal2/m2/experiments/phase1/stage1_ptower_040_P15_C_L8_w0.15_h30_foldE_seed42
