wandb: [wandb.login()] Loaded credentials for https://api.wandb.ai from WANDB_API_KEY.
wandb: Currently logged in as: daky-o7600 to https://api.wandb.ai. Use `wandb login --relogin` to force relogin
wandb: WARNING Using a boolean value for 'reinit' is deprecated. Use 'return_previous' or 'finish_previous' instead.
wandb: Tracking run with wandb version 0.27.0
wandb: Run data is saved locally in /home/ubuntu/slocal2/m2/wandb/run-20260917_160339-xs4ism13
wandb: Run `wandb offline` to turn off syncing.
wandb: Syncing run stage1_ptower_022_P15_C_L6_w0.15_h30_foldC_seed42
wandb: ⭐️ View project at https://wandb.ai/daky-o7600/egosurgery_multitask
wandb: 🚀 View run at https://wandb.ai/daky-o7600/egosurgery_multitask/runs/xs4ism13
epoch=1 val_jaccard=0.003547 accuracy=0.027666
epoch=2 val_jaccard=0.028448 accuracy=0.088531
/home/ubuntu/slocal2/m2/.venv/lib/python3.11/site-packages/torch/optim/lr_scheduler.py:149: UserWarning: The epoch parameter in `scheduler.step()` was not necessary and is being deprecated where possible. Please use `scheduler.step()` to step the scheduler. During the deprecation, if epoch is different from None, the closed form is used instead of the new chainable form, where available. Please open an issue if you are unable to replicate your use case: https://github.com/pytorch/pytorch/issues/new/choose.
  warnings.warn(EPOCH_DEPRECATION_WARNING, UserWarning)
epoch=3 val_jaccard=0.030562 accuracy=0.089537
epoch=4 val_jaccard=0.046660 accuracy=0.096076
epoch=5 val_jaccard=0.075046 accuracy=0.104628
epoch=6 val_jaccard=0.049422 accuracy=0.095573
epoch=7 val_jaccard=0.084734 accuracy=0.169517
epoch=8 val_jaccard=0.150225 accuracy=0.343058
epoch=9 val_jaccard=0.123334 accuracy=0.289235
epoch=10 val_jaccard=0.121718 accuracy=0.363179
epoch=11 val_jaccard=0.125941 accuracy=0.248491
epoch=12 val_jaccard=0.116626 accuracy=0.366700
epoch=13 val_jaccard=0.107269 accuracy=0.401911
epoch=14 val_jaccard=0.153749 accuracy=0.255533
epoch=15 val_jaccard=0.178021 accuracy=0.368712
epoch=16 val_jaccard=0.172742 accuracy=0.397384
epoch=17 val_jaccard=0.173507 accuracy=0.253018
epoch=18 val_jaccard=0.161621 accuracy=0.281690
epoch=19 val_jaccard=0.150650 accuracy=0.223340
epoch=20 val_jaccard=0.179581 accuracy=0.580483
epoch=21 val_jaccard=0.181766 accuracy=0.390845
epoch=22 val_jaccard=0.136268 accuracy=0.233400
epoch=23 val_jaccard=0.225764 accuracy=0.560362
epoch=24 val_jaccard=0.191030 accuracy=0.373742
epoch=25 val_jaccard=0.227252 accuracy=0.659960
epoch=26 val_jaccard=0.169859 accuracy=0.270624
epoch=27 val_jaccard=0.239788 accuracy=0.541247
epoch=28 val_jaccard=0.206850 accuracy=0.456237
epoch=29 val_jaccard=0.217829 accuracy=0.415996
epoch=30 val_jaccard=0.217440 accuracy=0.516600
epoch=31 val_jaccard=0.225684 accuracy=0.476861
epoch=32 val_jaccard=0.247378 accuracy=0.567404
epoch=33 val_jaccard=0.229044 accuracy=0.539738
epoch=34 val_jaccard=0.240601 accuracy=0.530684
epoch=35 val_jaccard=0.238061 accuracy=0.554829
epoch=36 val_jaccard=0.237573 accuracy=0.557847
epoch=37 val_jaccard=0.240467 accuracy=0.530684
epoch=38 val_jaccard=0.243311 accuracy=0.557847
epoch=39 val_jaccard=0.236585 accuracy=0.563883
epoch=40 val_jaccard=0.230288 accuracy=0.551308
epoch=41 val_jaccard=0.244920 accuracy=0.550805
epoch=42 val_jaccard=0.237547 accuracy=0.565392
wandb: updating run metadata
wandb: uploading output.log; uploading wandb-summary.json; uploading config.yaml
wandb: uploading output.log; uploading wandb-summary.json
wandb: 
wandb: Run history:
wandb:   train/loss █▇▇▇▇▆▆▅▅▄▄▄▄▃▃▃▃▃▃▃▂▂▂▂▂▂▁▁▁▁▁▁▁▁▁▁▁▁▁▁
wandb: val/accuracy ▁▂▂▂▂▂▃▄▄▅▃▅▅▄▅▅▃▄▃▇▃▇▅█▄▇▆▅▆▆▇▇▇▇▇▇▇▇▇▇
wandb:  val/jaccard ▁▂▂▂▃▂▃▅▄▄▅▄▄▅▆▆▆▆▅▆▅▇▆▇▆█▇▇▇▇█▇████████
wandb: 
wandb: Run summary:
wandb:   train/loss 1.10199
wandb: val/accuracy 0.56539
wandb:  val/jaccard 0.23755
wandb: 
wandb: 🚀 View run stage1_ptower_022_P15_C_L6_w0.15_h30_foldC_seed42 at: https://wandb.ai/daky-o7600/egosurgery_multitask/runs/xs4ism13
wandb: ⭐️ View project at: https://wandb.ai/daky-o7600/egosurgery_multitask
wandb: Synced 5 W&B file(s), 0 media file(s), 0 artifact file(s) and 0 other file(s)
wandb: Find logs at: ./wandb/run-20260917_160339-xs4ism13/logs
RUN_COMPLETE /home/ubuntu/slocal2/m2/experiments/phase1/stage1_ptower_022_P15_C_L6_w0.15_h30_foldC_seed42
