wandb: [wandb.login()] Loaded credentials for https://api.wandb.ai from WANDB_API_KEY.
wandb: Currently logged in as: daky-o7600 to https://api.wandb.ai. Use `wandb login --relogin` to force relogin
wandb: WARNING Using a boolean value for 'reinit' is deprecated. Use 'return_previous' or 'finish_previous' instead.
wandb: setting up run rjakhpzf
wandb: Tracking run with wandb version 0.27.0
wandb: Run data is saved locally in /home/ubuntu/slocal2/m2/wandb/run-20260917_160448-rjakhpzf
wandb: Run `wandb offline` to turn off syncing.
wandb: Syncing run stage1_ptower_029_P15_B_L8_w0.0_h30_foldB_seed42
wandb: ⭐️ View project at https://wandb.ai/daky-o7600/egosurgery_multitask
wandb: 🚀 View run at https://wandb.ai/daky-o7600/egosurgery_multitask/runs/rjakhpzf
epoch=1 val_jaccard=0.010453 accuracy=0.072542
epoch=2 val_jaccard=0.017818 accuracy=0.054809
/home/ubuntu/slocal2/m2/.venv/lib/python3.11/site-packages/torch/optim/lr_scheduler.py:149: UserWarning: The epoch parameter in `scheduler.step()` was not necessary and is being deprecated where possible. Please use `scheduler.step()` to step the scheduler. During the deprecation, if epoch is different from None, the closed form is used instead of the new chainable form, where available. Please open an issue if you are unable to replicate your use case: https://github.com/pytorch/pytorch/issues/new/choose.
  warnings.warn(EPOCH_DEPRECATION_WARNING, UserWarning)
epoch=3 val_jaccard=0.033542 accuracy=0.042988
epoch=4 val_jaccard=0.019456 accuracy=0.076840
epoch=5 val_jaccard=0.035411 accuracy=0.042988
epoch=6 val_jaccard=0.052348 accuracy=0.051585
epoch=7 val_jaccard=0.136713 accuracy=0.391188
epoch=8 val_jaccard=0.114426 accuracy=0.264911
epoch=9 val_jaccard=0.044229 accuracy=0.059645
epoch=10 val_jaccard=0.066887 accuracy=0.085438
epoch=11 val_jaccard=0.078717 accuracy=0.089737
epoch=12 val_jaccard=0.140711 accuracy=0.271897
epoch=13 val_jaccard=0.124180 accuracy=0.170876
epoch=14 val_jaccard=0.114405 accuracy=0.172488
epoch=15 val_jaccard=0.164138 accuracy=0.275658
epoch=16 val_jaccard=0.145504 accuracy=0.280494
epoch=17 val_jaccard=0.242084 accuracy=0.519076
epoch=18 val_jaccard=0.127682 accuracy=0.200967
epoch=19 val_jaccard=0.190173 accuracy=0.322945
epoch=20 val_jaccard=0.156137 accuracy=0.301451
epoch=21 val_jaccard=0.161072 accuracy=0.238044
epoch=22 val_jaccard=0.182691 accuracy=0.263837
epoch=23 val_jaccard=0.191640 accuracy=0.451370
epoch=24 val_jaccard=0.176154 accuracy=0.296077
epoch=25 val_jaccard=0.166309 accuracy=0.220849
epoch=26 val_jaccard=0.201967 accuracy=0.470177
epoch=27 val_jaccard=0.157813 accuracy=0.269747
wandb: updating run metadata
wandb: uploading wandb-summary.json; uploading config.yaml
wandb: 
wandb: Run history:
wandb:   train/loss █▇▇▇▆▅▅▄▄▄▄▃▃▂▂▂▂▂▂▂▂▁▁▁▁▁▁
wandb: val/accuracy ▁▁▁▁▁▁▆▄▁▂▂▄▃▃▄▄█▃▅▅▄▄▇▅▄▇▄
wandb:  val/jaccard ▁▁▂▁▂▂▅▄▂▃▃▅▄▄▆▅█▅▆▅▆▆▆▆▆▇▅
wandb: 
wandb: Run summary:
wandb:   train/loss 0.75135
wandb: val/accuracy 0.26975
wandb:  val/jaccard 0.15781
wandb: 
wandb: 🚀 View run stage1_ptower_029_P15_B_L8_w0.0_h30_foldB_seed42 at: https://wandb.ai/daky-o7600/egosurgery_multitask/runs/rjakhpzf
wandb: ⭐️ View project at: https://wandb.ai/daky-o7600/egosurgery_multitask
wandb: Synced 5 W&B file(s), 0 media file(s), 0 artifact file(s) and 0 other file(s)
wandb: Find logs at: ./wandb/run-20260917_160448-rjakhpzf/logs
RUN_COMPLETE /home/ubuntu/slocal2/m2/experiments/phase1/stage1_ptower_029_P15_B_L8_w0.0_h30_foldB_seed42
