wandb: [wandb.login()] Loaded credentials for https://api.wandb.ai from WANDB_API_KEY.
wandb: Currently logged in as: daky-o7600 to https://api.wandb.ai. Use `wandb login --relogin` to force relogin
wandb: WARNING Using a boolean value for 'reinit' is deprecated. Use 'return_previous' or 'finish_previous' instead.
wandb: setting up run 4q4i02az
wandb: Tracking run with wandb version 0.27.0
wandb: Run data is saved locally in /home/ubuntu/slocal2/m2/wandb/run-20260917_160709-4q4i02az
wandb: Run `wandb offline` to turn off syncing.
wandb: Syncing run stage1_ptower_044_P15_C_L8_w0.3_h30_foldD_seed42
wandb: ⭐️ View project at https://wandb.ai/daky-o7600/egosurgery_multitask
wandb: 🚀 View run at https://wandb.ai/daky-o7600/egosurgery_multitask/runs/4q4i02az
epoch=1 val_jaccard=0.038101 accuracy=0.042287
epoch=2 val_jaccard=0.074914 accuracy=0.056382
/home/ubuntu/slocal2/m2/.venv/lib/python3.11/site-packages/torch/optim/lr_scheduler.py:149: UserWarning: The epoch parameter in `scheduler.step()` was not necessary and is being deprecated where possible. Please use `scheduler.step()` to step the scheduler. During the deprecation, if epoch is different from None, the closed form is used instead of the new chainable form, where available. Please open an issue if you are unable to replicate your use case: https://github.com/pytorch/pytorch/issues/new/choose.
  warnings.warn(EPOCH_DEPRECATION_WARNING, UserWarning)
epoch=3 val_jaccard=0.051969 accuracy=0.068520
epoch=4 val_jaccard=0.086451 accuracy=0.241582
epoch=5 val_jaccard=0.158042 accuracy=0.107674
epoch=6 val_jaccard=0.063423 accuracy=0.220439
epoch=7 val_jaccard=0.244495 accuracy=0.598669
epoch=8 val_jaccard=0.248571 accuracy=0.622553
epoch=9 val_jaccard=0.217735 accuracy=0.592796
epoch=10 val_jaccard=0.285887 accuracy=0.524276
epoch=11 val_jaccard=0.326317 accuracy=0.558340
epoch=12 val_jaccard=0.174946 accuracy=0.480031
epoch=13 val_jaccard=0.262334 accuracy=0.245497
epoch=14 val_jaccard=0.260566 accuracy=0.378622
epoch=15 val_jaccard=0.318334 accuracy=0.571261
epoch=16 val_jaccard=0.255953 accuracy=0.486296
epoch=17 val_jaccard=0.352646 accuracy=0.462020
epoch=18 val_jaccard=0.320466 accuracy=0.642913
epoch=19 val_jaccard=0.377168 accuracy=0.576351
epoch=20 val_jaccard=0.373769 accuracy=0.466327
epoch=21 val_jaccard=0.332736 accuracy=0.521926
epoch=22 val_jaccard=0.380783 accuracy=0.487862
epoch=23 val_jaccard=0.363656 accuracy=0.511355
epoch=24 val_jaccard=0.341162 accuracy=0.536805
epoch=25 val_jaccard=0.385608 accuracy=0.510963
epoch=26 val_jaccard=0.340061 accuracy=0.534847
epoch=27 val_jaccard=0.351243 accuracy=0.475724
epoch=28 val_jaccard=0.342907 accuracy=0.523101
epoch=29 val_jaccard=0.361520 accuracy=0.561864
epoch=30 val_jaccard=0.353481 accuracy=0.533673
epoch=31 val_jaccard=0.357218 accuracy=0.521535
epoch=32 val_jaccard=0.357390 accuracy=0.532498
epoch=33 val_jaccard=0.354348 accuracy=0.537197
epoch=34 val_jaccard=0.355446 accuracy=0.525842
epoch=35 val_jaccard=0.351854 accuracy=0.537588
wandb: updating run metadata
wandb: uploading config.yaml; uploading output.log; uploading wandb-summary.json
wandb: uploading output.log; uploading wandb-summary.json
wandb: uploading history steps 0-34, summary, console lines 1-36
wandb: 
wandb: Run history:
wandb:   train/loss █▇▇▆▆▅▅▅▄▄▄▃▃▃▃▃▂▂▂▂▂▂▁▁▁▁▁▁▁▁▁▁▁▁▁
wandb: val/accuracy ▁▁▁▃▂▃▇█▇▇▇▆▃▅▇▆▆█▇▆▇▆▆▇▆▇▆▇▇▇▇▇▇▇▇
wandb:  val/jaccard ▁▂▁▂▃▂▅▅▅▆▇▄▆▅▇▅▇▇██▇██▇█▇▇▇█▇▇▇▇▇▇
wandb: 
wandb: Run summary:
wandb:   train/loss 1.07212
wandb: val/accuracy 0.53759
wandb:  val/jaccard 0.35185
wandb: 
wandb: 🚀 View run stage1_ptower_044_P15_C_L8_w0.3_h30_foldD_seed42 at: https://wandb.ai/daky-o7600/egosurgery_multitask/runs/4q4i02az
wandb: ⭐️ View project at: https://wandb.ai/daky-o7600/egosurgery_multitask
wandb: Synced 5 W&B file(s), 0 media file(s), 0 artifact file(s) and 0 other file(s)
wandb: Find logs at: ./wandb/run-20260917_160709-4q4i02az/logs
RUN_COMPLETE /home/ubuntu/slocal2/m2/experiments/phase1/stage1_ptower_044_P15_C_L8_w0.3_h30_foldD_seed42
