wandb: [wandb.login()] Loaded credentials for https://api.wandb.ai from WANDB_API_KEY.
wandb: Currently logged in as: daky-o7600 to https://api.wandb.ai. Use `wandb login --relogin` to force relogin
wandb: WARNING Using a boolean value for 'reinit' is deprecated. Use 'return_previous' or 'finish_previous' instead.
wandb: Tracking run with wandb version 0.27.0
wandb: Run data is saved locally in /home/ubuntu/slocal2/m2/wandb/run-20260917_160447-thgeyra5
wandb: Run `wandb offline` to turn off syncing.
wandb: Syncing run stage1_ptower_029_P15_B_L8_w0.0_h30_foldA_seed456
wandb: ⭐️ View project at https://wandb.ai/daky-o7600/egosurgery_multitask
wandb: 🚀 View run at https://wandb.ai/daky-o7600/egosurgery_multitask/runs/thgeyra5
epoch=1 val_jaccard=0.048223 accuracy=0.333993
epoch=2 val_jaccard=0.016365 accuracy=0.112211
/home/ubuntu/slocal2/m2/.venv/lib/python3.11/site-packages/torch/optim/lr_scheduler.py:149: UserWarning: The epoch parameter in `scheduler.step()` was not necessary and is being deprecated where possible. Please use `scheduler.step()` to step the scheduler. During the deprecation, if epoch is different from None, the closed form is used instead of the new chainable form, where available. Please open an issue if you are unable to replicate your use case: https://github.com/pytorch/pytorch/issues/new/choose.
  warnings.warn(EPOCH_DEPRECATION_WARNING, UserWarning)
epoch=3 val_jaccard=0.016030 accuracy=0.112211
epoch=4 val_jaccard=0.031979 accuracy=0.122112
epoch=5 val_jaccard=0.066585 accuracy=0.151815
epoch=6 val_jaccard=0.153941 accuracy=0.442904
epoch=7 val_jaccard=0.207822 accuracy=0.498350
epoch=8 val_jaccard=0.176672 accuracy=0.508251
epoch=9 val_jaccard=0.155366 accuracy=0.489769
epoch=10 val_jaccard=0.293790 accuracy=0.538614
epoch=11 val_jaccard=0.183770 accuracy=0.479208
epoch=12 val_jaccard=0.247615 accuracy=0.502310
epoch=13 val_jaccard=0.144402 accuracy=0.347855
epoch=14 val_jaccard=0.080332 accuracy=0.149175
epoch=15 val_jaccard=0.218281 accuracy=0.503630
epoch=16 val_jaccard=0.319828 accuracy=0.643564
epoch=17 val_jaccard=0.301674 accuracy=0.673927
epoch=18 val_jaccard=0.108932 accuracy=0.229043
epoch=19 val_jaccard=0.287481 accuracy=0.644884
epoch=20 val_jaccard=0.323896 accuracy=0.669307
epoch=21 val_jaccard=0.245255 accuracy=0.607261
epoch=22 val_jaccard=0.228083 accuracy=0.387459
epoch=23 val_jaccard=0.314372 accuracy=0.674587
epoch=24 val_jaccard=0.241718 accuracy=0.479868
epoch=25 val_jaccard=0.240894 accuracy=0.478548
epoch=26 val_jaccard=0.235145 accuracy=0.481848
epoch=27 val_jaccard=0.258045 accuracy=0.532013
epoch=28 val_jaccard=0.277231 accuracy=0.574257
epoch=29 val_jaccard=0.184026 accuracy=0.355776
epoch=30 val_jaccard=0.270378 accuracy=0.542574
wandb: updating run metadata
wandb: uploading history steps 0-29, summary, console lines 1-31
wandb: 
wandb: Run history:
wandb:   train/loss █▇▇▆▆▅▅▅▄▄▄▄▃▃▃▂▂▂▂▂▂▂▂▁▁▁▁▁▁▁
wandb: val/accuracy ▄▁▁▁▁▅▆▆▆▆▆▆▄▁▆██▂██▇▄█▆▆▆▆▇▄▆
wandb:  val/jaccard ▂▁▁▁▂▄▅▅▄▇▅▆▄▂▆█▇▃▇█▆▆█▆▆▆▇▇▅▇
wandb: 
wandb: Run summary:
wandb:   train/loss 0.84987
wandb: val/accuracy 0.54257
wandb:  val/jaccard 0.27038
wandb: 
wandb: 🚀 View run stage1_ptower_029_P15_B_L8_w0.0_h30_foldA_seed456 at: https://wandb.ai/daky-o7600/egosurgery_multitask/runs/thgeyra5
wandb: ⭐️ View project at: https://wandb.ai/daky-o7600/egosurgery_multitask
wandb: Synced 5 W&B file(s), 0 media file(s), 0 artifact file(s) and 0 other file(s)
wandb: Find logs at: ./wandb/run-20260917_160447-thgeyra5/logs
RUN_COMPLETE /home/ubuntu/slocal2/m2/experiments/phase1/stage1_ptower_029_P15_B_L8_w0.0_h30_foldA_seed456
