wandb: [wandb.login()] Loaded credentials for https://api.wandb.ai from WANDB_API_KEY.
wandb: Currently logged in as: daky-o7600 to https://api.wandb.ai. Use `wandb login --relogin` to force relogin
wandb: WARNING Using a boolean value for 'reinit' is deprecated. Use 'return_previous' or 'finish_previous' instead.
wandb: Tracking run with wandb version 0.27.0
wandb: Run data is saved locally in /home/ubuntu/slocal2/m2/wandb/run-20260917_160459-bkdkalnr
wandb: Run `wandb offline` to turn off syncing.
wandb: Syncing run stage1_ptower_030_P15_B_L8_w0.0_h30_foldD_seed42
wandb: ⭐️ View project at https://wandb.ai/daky-o7600/egosurgery_multitask
wandb: 🚀 View run at https://wandb.ai/daky-o7600/egosurgery_multitask/runs/bkdkalnr
epoch=1 val_jaccard=0.002398 accuracy=0.019186
epoch=2 val_jaccard=0.011500 accuracy=0.036805
/home/ubuntu/slocal2/m2/.venv/lib/python3.11/site-packages/torch/optim/lr_scheduler.py:149: UserWarning: The epoch parameter in `scheduler.step()` was not necessary and is being deprecated where possible. Please use `scheduler.step()` to step the scheduler. During the deprecation, if epoch is different from None, the closed form is used instead of the new chainable form, where available. Please open an issue if you are unable to replicate your use case: https://github.com/pytorch/pytorch/issues/new/choose.
  warnings.warn(EPOCH_DEPRECATION_WARNING, UserWarning)
epoch=3 val_jaccard=0.001207 accuracy=0.008222
epoch=4 val_jaccard=0.130795 accuracy=0.547377
epoch=5 val_jaccard=0.129111 accuracy=0.554816
epoch=6 val_jaccard=0.126265 accuracy=0.548160
epoch=7 val_jaccard=0.203405 accuracy=0.564605
epoch=8 val_jaccard=0.160584 accuracy=0.587706
epoch=9 val_jaccard=0.286170 accuracy=0.650352
epoch=10 val_jaccard=0.223969 accuracy=0.517228
epoch=11 val_jaccard=0.275194 accuracy=0.586531
epoch=12 val_jaccard=0.220095 accuracy=0.457713
epoch=13 val_jaccard=0.258961 accuracy=0.372749
epoch=14 val_jaccard=0.322425 accuracy=0.474550
epoch=15 val_jaccard=0.295869 accuracy=0.560298
epoch=16 val_jaccard=0.280982 accuracy=0.588489
epoch=17 val_jaccard=0.329908 accuracy=0.439311
epoch=18 val_jaccard=0.307468 accuracy=0.593187
epoch=19 val_jaccard=0.309144 accuracy=0.423258
epoch=20 val_jaccard=0.244561 accuracy=0.498042
epoch=21 val_jaccard=0.317967 accuracy=0.472592
epoch=22 val_jaccard=0.356624 accuracy=0.466327
epoch=23 val_jaccard=0.322534 accuracy=0.476899
epoch=24 val_jaccard=0.337565 accuracy=0.467110
epoch=25 val_jaccard=0.344766 accuracy=0.500000
epoch=26 val_jaccard=0.330654 accuracy=0.496085
epoch=27 val_jaccard=0.341489 accuracy=0.486296
epoch=28 val_jaccard=0.326909 accuracy=0.524667
epoch=29 val_jaccard=0.352768 accuracy=0.519969
epoch=30 val_jaccard=0.369129 accuracy=0.509397
epoch=31 val_jaccard=0.348203 accuracy=0.501175
epoch=32 val_jaccard=0.364915 accuracy=0.574002
epoch=33 val_jaccard=0.342162 accuracy=0.497651
epoch=34 val_jaccard=0.342834 accuracy=0.528583
epoch=35 val_jaccard=0.350547 accuracy=0.503524
epoch=36 val_jaccard=0.348734 accuracy=0.534456
epoch=37 val_jaccard=0.346053 accuracy=0.518403
epoch=38 val_jaccard=0.352866 accuracy=0.521926
epoch=39 val_jaccard=0.343059 accuracy=0.516836
epoch=40 val_jaccard=0.346331 accuracy=0.526625
wandb: updating run metadata
wandb: uploading wandb-summary.json; uploading config.yaml
wandb: uploading history steps 0-39, summary, console lines 1-41
wandb: 
wandb: Run history:
wandb:   train/loss █▇▇▆▆▅▅▅▄▄▄▄▃▃▃▃▂▂▂▂▂▂▂▂▁▁▁▁▁▁▁▁▁▁▁▁▁▁▁▁
wandb: val/accuracy ▁▁▁▇▇▇▇▇█▇▇▆▅▆▇▇▆▇▆▆▆▆▆▆▆▆▆▇▇▆▆▇▆▇▆▇▇▇▇▇
wandb:  val/jaccard ▁▁▁▃▃▃▅▄▆▅▆▅▆▇▇▆▇▇▇▆▇█▇▇█▇▇▇████▇▇██████
wandb: 
wandb: Run summary:
wandb:   train/loss 0.6376
wandb: val/accuracy 0.52662
wandb:  val/jaccard 0.34633
wandb: 
wandb: 🚀 View run stage1_ptower_030_P15_B_L8_w0.0_h30_foldD_seed42 at: https://wandb.ai/daky-o7600/egosurgery_multitask/runs/bkdkalnr
wandb: ⭐️ View project at: https://wandb.ai/daky-o7600/egosurgery_multitask
wandb: Synced 5 W&B file(s), 0 media file(s), 0 artifact file(s) and 0 other file(s)
wandb: Find logs at: ./wandb/run-20260917_160459-bkdkalnr/logs
RUN_COMPLETE /home/ubuntu/slocal2/m2/experiments/phase1/stage1_ptower_030_P15_B_L8_w0.0_h30_foldD_seed42
