wandb: [wandb.login()] Loaded credentials for https://api.wandb.ai from WANDB_API_KEY.
wandb: Currently logged in as: daky-o7600 to https://api.wandb.ai. Use `wandb login --relogin` to force relogin
wandb: WARNING Using a boolean value for 'reinit' is deprecated. Use 'return_previous' or 'finish_previous' instead.
wandb: setting up run n3era5yo
wandb: Tracking run with wandb version 0.27.0
wandb: Run data is saved locally in /home/ubuntu/slocal2/m2/wandb/run-20260917_160350-n3era5yo
wandb: Run `wandb offline` to turn off syncing.
wandb: Syncing run stage1_ptower_024_P15_C_L6_w0.15_h30_foldE_seed42
wandb: ⭐️ View project at https://wandb.ai/daky-o7600/egosurgery_multitask
wandb: 🚀 View run at https://wandb.ai/daky-o7600/egosurgery_multitask/runs/n3era5yo
epoch=1 val_jaccard=0.077974 accuracy=0.040357
epoch=2 val_jaccard=0.063395 accuracy=0.196621
/home/ubuntu/slocal2/m2/.venv/lib/python3.11/site-packages/torch/optim/lr_scheduler.py:149: UserWarning: The epoch parameter in `scheduler.step()` was not necessary and is being deprecated where possible. Please use `scheduler.step()` to step the scheduler. During the deprecation, if epoch is different from None, the closed form is used instead of the new chainable form, where available. Please open an issue if you are unable to replicate your use case: https://github.com/pytorch/pytorch/issues/new/choose.
  warnings.warn(EPOCH_DEPRECATION_WARNING, UserWarning)
epoch=3 val_jaccard=0.030503 accuracy=0.076959
epoch=4 val_jaccard=0.086833 accuracy=0.350070
epoch=5 val_jaccard=0.032289 accuracy=0.099015
epoch=6 val_jaccard=0.026638 accuracy=0.041764
epoch=7 val_jaccard=0.037113 accuracy=0.116847
epoch=8 val_jaccard=0.071009 accuracy=0.357579
epoch=9 val_jaccard=0.091972 accuracy=0.379165
epoch=10 val_jaccard=0.083770 accuracy=0.513843
epoch=11 val_jaccard=0.085397 accuracy=0.519474
epoch=12 val_jaccard=0.264792 accuracy=0.468794
epoch=13 val_jaccard=0.121881 accuracy=0.359456
epoch=14 val_jaccard=0.071073 accuracy=0.078836
epoch=15 val_jaccard=0.147443 accuracy=0.150164
epoch=16 val_jaccard=0.287742 accuracy=0.420460
epoch=17 val_jaccard=0.117104 accuracy=0.338339
epoch=18 val_jaccard=0.129118 accuracy=0.187705
epoch=19 val_jaccard=0.139415 accuracy=0.237447
epoch=20 val_jaccard=0.248107 accuracy=0.558423
epoch=21 val_jaccard=0.207273 accuracy=0.256218
epoch=22 val_jaccard=0.198493 accuracy=0.234162
epoch=23 val_jaccard=0.316303 accuracy=0.350540
epoch=24 val_jaccard=0.326314 accuracy=0.481933
epoch=25 val_jaccard=0.280116 accuracy=0.529798
epoch=26 val_jaccard=0.369792 accuracy=0.524636
epoch=27 val_jaccard=0.239289 accuracy=0.271234
epoch=28 val_jaccard=0.296633 accuracy=0.580479
epoch=29 val_jaccard=0.334787 accuracy=0.634444
epoch=30 val_jaccard=0.303588 accuracy=0.578602
epoch=31 val_jaccard=0.355865 accuracy=0.655561
epoch=32 val_jaccard=0.328001 accuracy=0.599249
epoch=33 val_jaccard=0.360896 accuracy=0.640075
epoch=34 val_jaccard=0.352026 accuracy=0.648991
epoch=35 val_jaccard=0.371304 accuracy=0.683717
epoch=36 val_jaccard=0.355879 accuracy=0.643829
epoch=37 val_jaccard=0.368092 accuracy=0.656969
epoch=38 val_jaccard=0.376038 accuracy=0.683717
epoch=39 val_jaccard=0.375271 accuracy=0.671516
epoch=40 val_jaccard=0.380752 accuracy=0.685124
epoch=41 val_jaccard=0.377393 accuracy=0.671516
epoch=42 val_jaccard=0.378679 accuracy=0.676208
epoch=43 val_jaccard=0.378648 accuracy=0.677616
epoch=44 val_jaccard=0.380585 accuracy=0.679962
epoch=45 val_jaccard=0.377264 accuracy=0.674801
epoch=46 val_jaccard=0.380743 accuracy=0.677616
epoch=47 val_jaccard=0.379104 accuracy=0.674331
epoch=48 val_jaccard=0.379347 accuracy=0.674801
epoch=49 val_jaccard=0.379613 accuracy=0.675270
epoch=50 val_jaccard=0.379870 accuracy=0.675739
wandb: updating run metadata
wandb: uploading output.log; uploading wandb-summary.json
wandb: uploading history steps 0-49, summary, console lines 0-51
wandb: 
wandb: Run history:
wandb:   train/loss █▇▇▇▆▆▅▅▄▄▃▃▃▃▃▂▂▂▂▂▂▂▁▁▁▁▁▁▁▁▁▁▁▁▁▁▁▁▁▁
wandb: val/accuracy ▁▃▁▄▂▂▄▅▆▆▄▁▂▅▄▇▃▃▄▆▆▄▇▇▇▇██████████████
wandb:  val/jaccard ▂▂▁▂▁▂▂▂▆▃▃▆▃▃▃▅▄▇▇▆▅▆▇▆██▇█████████████
wandb: 
wandb: Run summary:
wandb:   train/loss 1.06131
wandb: val/accuracy 0.67574
wandb:  val/jaccard 0.37987
wandb: 
wandb: 🚀 View run stage1_ptower_024_P15_C_L6_w0.15_h30_foldE_seed42 at: https://wandb.ai/daky-o7600/egosurgery_multitask/runs/n3era5yo
wandb: ⭐️ View project at: https://wandb.ai/daky-o7600/egosurgery_multitask
wandb: Synced 5 W&B file(s), 0 media file(s), 0 artifact file(s) and 0 other file(s)
wandb: Find logs at: ./wandb/run-20260917_160350-n3era5yo/logs
RUN_COMPLETE /home/ubuntu/slocal2/m2/experiments/phase1/stage1_ptower_024_P15_C_L6_w0.15_h30_foldE_seed42
