wandb: [wandb.login()] Loaded credentials for https://api.wandb.ai from WANDB_API_KEY.
wandb: Currently logged in as: daky-o7600 to https://api.wandb.ai. Use `wandb login --relogin` to force relogin
wandb: WARNING Using a boolean value for 'reinit' is deprecated. Use 'return_previous' or 'finish_previous' instead.
wandb: Tracking run with wandb version 0.27.0
wandb: Run data is saved locally in /home/ubuntu/slocal2/m2/wandb/run-20260917_160625-dlne4v93
wandb: Run `wandb offline` to turn off syncing.
wandb: Syncing run stage1_ptower_039_P15_C_L8_w0.15_h30_foldD_seed42
wandb: ⭐️ View project at https://wandb.ai/daky-o7600/egosurgery_multitask
wandb: 🚀 View run at https://wandb.ai/daky-o7600/egosurgery_multitask/runs/dlne4v93
epoch=1 val_jaccard=0.036741 accuracy=0.041895
epoch=2 val_jaccard=0.074920 accuracy=0.056382
/home/ubuntu/slocal2/m2/.venv/lib/python3.11/site-packages/torch/optim/lr_scheduler.py:149: UserWarning: The epoch parameter in `scheduler.step()` was not necessary and is being deprecated where possible. Please use `scheduler.step()` to step the scheduler. During the deprecation, if epoch is different from None, the closed form is used instead of the new chainable form, where available. Please open an issue if you are unable to replicate your use case: https://github.com/pytorch/pytorch/issues/new/choose.
  warnings.warn(EPOCH_DEPRECATION_WARNING, UserWarning)
epoch=3 val_jaccard=0.050489 accuracy=0.068912
epoch=4 val_jaccard=0.100464 accuracy=0.239624
epoch=5 val_jaccard=0.155704 accuracy=0.104933
epoch=6 val_jaccard=0.062356 accuracy=0.223179
epoch=7 val_jaccard=0.238440 accuracy=0.595145
epoch=8 val_jaccard=0.241015 accuracy=0.602584
epoch=9 val_jaccard=0.164378 accuracy=0.578700
epoch=10 val_jaccard=0.304171 accuracy=0.548943
epoch=11 val_jaccard=0.310019 accuracy=0.505090
epoch=12 val_jaccard=0.176724 accuracy=0.557948
epoch=13 val_jaccard=0.252189 accuracy=0.243148
epoch=14 val_jaccard=0.254263 accuracy=0.552075
epoch=15 val_jaccard=0.317683 accuracy=0.565388
epoch=16 val_jaccard=0.060061 accuracy=0.164839
epoch=17 val_jaccard=0.338986 accuracy=0.598669
epoch=18 val_jaccard=0.298113 accuracy=0.464761
epoch=19 val_jaccard=0.373421 accuracy=0.476507
epoch=20 val_jaccard=0.343642 accuracy=0.588489
epoch=21 val_jaccard=0.379420 accuracy=0.528583
epoch=22 val_jaccard=0.346293 accuracy=0.453015
epoch=23 val_jaccard=0.382002 accuracy=0.567737
epoch=24 val_jaccard=0.337745 accuracy=0.605717
epoch=25 val_jaccard=0.372692 accuracy=0.511355
epoch=26 val_jaccard=0.339673 accuracy=0.517619
epoch=27 val_jaccard=0.360797 accuracy=0.559906
epoch=28 val_jaccard=0.355429 accuracy=0.532106
epoch=29 val_jaccard=0.380997 accuracy=0.606500
epoch=30 val_jaccard=0.360338 accuracy=0.547377
epoch=31 val_jaccard=0.356778 accuracy=0.535239
epoch=32 val_jaccard=0.357804 accuracy=0.540720
epoch=33 val_jaccard=0.361329 accuracy=0.562255
wandb: updating run metadata
wandb: uploading wandb-summary.json; uploading config.yaml
wandb: uploading history steps 0-32, summary, console lines 1-34
wandb: 
wandb: Run history:
wandb:   train/loss █▇▇▆▆▅▅▅▄▄▄▃▃▃▃▃▃▂▂▂▂▂▁▁▁▁▁▁▁▁▁▁▁
wandb: val/accuracy ▁▁▁▃▂▃███▇▇▇▃▇▇▃█▆▆█▇▆██▇▇▇▇█▇▇▇▇
wandb:  val/jaccard ▁▂▁▂▃▂▅▅▄▆▇▄▅▅▇▁▇▆█▇█▇█▇█▇█▇██▇██
wandb: 
wandb: Run summary:
wandb:   train/loss 0.94636
wandb: val/accuracy 0.56226
wandb:  val/jaccard 0.36133
wandb: 
wandb: 🚀 View run stage1_ptower_039_P15_C_L8_w0.15_h30_foldD_seed42 at: https://wandb.ai/daky-o7600/egosurgery_multitask/runs/dlne4v93
wandb: ⭐️ View project at: https://wandb.ai/daky-o7600/egosurgery_multitask
wandb: Synced 5 W&B file(s), 0 media file(s), 0 artifact file(s) and 0 other file(s)
wandb: Find logs at: ./wandb/run-20260917_160625-dlne4v93/logs
RUN_COMPLETE /home/ubuntu/slocal2/m2/experiments/phase1/stage1_ptower_039_P15_C_L8_w0.15_h30_foldD_seed42
