wandb: [wandb.login()] Loaded credentials for https://api.wandb.ai from WANDB_API_KEY.
wandb: Currently logged in as: daky-o7600 to https://api.wandb.ai. Use `wandb login --relogin` to force relogin
wandb: WARNING Using a boolean value for 'reinit' is deprecated. Use 'return_previous' or 'finish_previous' instead.
wandb: Tracking run with wandb version 0.27.0
wandb: Run data is saved locally in /home/ubuntu/slocal2/m2/wandb/run-20260917_160647-1t5wvsr2
wandb: Run `wandb offline` to turn off syncing.
wandb: Syncing run stage1_ptower_041_P15_C_L8_w0.3_h30_foldA_seed456
wandb: ⭐️ View project at https://wandb.ai/daky-o7600/egosurgery_multitask
wandb: 🚀 View run at https://wandb.ai/daky-o7600/egosurgery_multitask/runs/1t5wvsr2
epoch=1 val_jaccard=0.006555 accuracy=0.019142
epoch=2 val_jaccard=0.140865 accuracy=0.478548
/home/ubuntu/slocal2/m2/.venv/lib/python3.11/site-packages/torch/optim/lr_scheduler.py:149: UserWarning: The epoch parameter in `scheduler.step()` was not necessary and is being deprecated where possible. Please use `scheduler.step()` to step the scheduler. During the deprecation, if epoch is different from None, the closed form is used instead of the new chainable form, where available. Please open an issue if you are unable to replicate your use case: https://github.com/pytorch/pytorch/issues/new/choose.
  warnings.warn(EPOCH_DEPRECATION_WARNING, UserWarning)
epoch=3 val_jaccard=0.117963 accuracy=0.452805
epoch=4 val_jaccard=0.143751 accuracy=0.467987
epoch=5 val_jaccard=0.151579 accuracy=0.479868
epoch=6 val_jaccard=0.157141 accuracy=0.488449
epoch=7 val_jaccard=0.157695 accuracy=0.488449
epoch=8 val_jaccard=0.165882 accuracy=0.504950
epoch=9 val_jaccard=0.256972 accuracy=0.653465
epoch=10 val_jaccard=0.309248 accuracy=0.510231
epoch=11 val_jaccard=0.248684 accuracy=0.608581
epoch=12 val_jaccard=0.325202 accuracy=0.662706
epoch=13 val_jaccard=0.182592 accuracy=0.341254
epoch=14 val_jaccard=0.184068 accuracy=0.434983
epoch=15 val_jaccard=0.345358 accuracy=0.642904
epoch=16 val_jaccard=0.226516 accuracy=0.526733
epoch=17 val_jaccard=0.176042 accuracy=0.357756
epoch=18 val_jaccard=0.306050 accuracy=0.634983
epoch=19 val_jaccard=0.297663 accuracy=0.590759
epoch=20 val_jaccard=0.289020 accuracy=0.519472
epoch=21 val_jaccard=0.375170 accuracy=0.688449
epoch=22 val_jaccard=0.339768 accuracy=0.600660
epoch=23 val_jaccard=0.248823 accuracy=0.491089
epoch=24 val_jaccard=0.339310 accuracy=0.559076
epoch=25 val_jaccard=0.380143 accuracy=0.636964
epoch=26 val_jaccard=0.308122 accuracy=0.531353
epoch=27 val_jaccard=0.242961 accuracy=0.483828
epoch=28 val_jaccard=0.337175 accuracy=0.576238
epoch=29 val_jaccard=0.315155 accuracy=0.539274
epoch=30 val_jaccard=0.299282 accuracy=0.530033
epoch=31 val_jaccard=0.314489 accuracy=0.547195
epoch=32 val_jaccard=0.278416 accuracy=0.515512
epoch=33 val_jaccard=0.316729 accuracy=0.539934
epoch=34 val_jaccard=0.299372 accuracy=0.525413
epoch=35 val_jaccard=0.286631 accuracy=0.533333
wandb: updating run metadata
wandb: uploading output.log; uploading config.yaml
wandb: 
wandb: Run history:
wandb:   train/loss █▇▇▆▆▅▅▅▄▄▄▃▃▄▄▄▃▂▂▂▂▂▂▂▁▁▁▁▁▁▁▁▁▁▁
wandb: val/accuracy ▁▆▆▆▆▆▆▆█▆▇█▄▅█▆▅▇▇▆█▇▆▇▇▆▆▇▆▆▇▆▆▆▆
wandb:  val/jaccard ▁▄▃▄▄▄▄▄▆▇▆▇▄▄▇▅▄▇▆▆█▇▆▇█▇▅▇▇▆▇▆▇▆▆
wandb: 
wandb: Run summary:
wandb:   train/loss 1.13002
wandb: val/accuracy 0.53333
wandb:  val/jaccard 0.28663
wandb: 
wandb: 🚀 View run stage1_ptower_041_P15_C_L8_w0.3_h30_foldA_seed456 at: https://wandb.ai/daky-o7600/egosurgery_multitask/runs/1t5wvsr2
wandb: ⭐️ View project at: https://wandb.ai/daky-o7600/egosurgery_multitask
wandb: Synced 5 W&B file(s), 0 media file(s), 0 artifact file(s) and 0 other file(s)
wandb: Find logs at: ./wandb/run-20260917_160647-1t5wvsr2/logs
RUN_COMPLETE /home/ubuntu/slocal2/m2/experiments/phase1/stage1_ptower_041_P15_C_L8_w0.3_h30_foldA_seed456
