wandb: [wandb.login()] Loaded credentials for https://api.wandb.ai from WANDB_API_KEY.
wandb: Currently logged in as: daky-o7600 to https://api.wandb.ai. Use `wandb login --relogin` to force relogin
wandb: WARNING Using a boolean value for 'reinit' is deprecated. Use 'return_previous' or 'finish_previous' instead.
wandb: Tracking run with wandb version 0.27.0
wandb: Run data is saved locally in /home/ubuntu/slocal2/m2/wandb/run-20260917_160539-khho7xsv
wandb: Run `wandb offline` to turn off syncing.
wandb: Syncing run stage1_ptower_033_P15_B_L8_w0.0_h60_foldC_seed42
wandb: ⭐️ View project at https://wandb.ai/daky-o7600/egosurgery_multitask
wandb: 🚀 View run at https://wandb.ai/daky-o7600/egosurgery_multitask/runs/khho7xsv
epoch=1 val_jaccard=0.010498 accuracy=0.081489
epoch=2 val_jaccard=0.010760 accuracy=0.084004
/home/ubuntu/slocal2/m2/.venv/lib/python3.11/site-packages/torch/optim/lr_scheduler.py:149: UserWarning: The epoch parameter in `scheduler.step()` was not necessary and is being deprecated where possible. Please use `scheduler.step()` to step the scheduler. During the deprecation, if epoch is different from None, the closed form is used instead of the new chainable form, where available. Please open an issue if you are unable to replicate your use case: https://github.com/pytorch/pytorch/issues/new/choose.
  warnings.warn(EPOCH_DEPRECATION_WARNING, UserWarning)
epoch=3 val_jaccard=0.142770 accuracy=0.501006
epoch=4 val_jaccard=0.047639 accuracy=0.094567
epoch=5 val_jaccard=0.139704 accuracy=0.502012
epoch=6 val_jaccard=0.140281 accuracy=0.504024
epoch=7 val_jaccard=0.142728 accuracy=0.502012
epoch=8 val_jaccard=0.172188 accuracy=0.566901
epoch=9 val_jaccard=0.162957 accuracy=0.521630
epoch=10 val_jaccard=0.175234 accuracy=0.544266
epoch=11 val_jaccard=0.172254 accuracy=0.423038
epoch=12 val_jaccard=0.250820 accuracy=0.642857
epoch=13 val_jaccard=0.170822 accuracy=0.446177
epoch=14 val_jaccard=0.245960 accuracy=0.477364
epoch=15 val_jaccard=0.192311 accuracy=0.457243
epoch=16 val_jaccard=0.251477 accuracy=0.540241
epoch=17 val_jaccard=0.191672 accuracy=0.347082
epoch=18 val_jaccard=0.137992 accuracy=0.380785
epoch=19 val_jaccard=0.121939 accuracy=0.193159
epoch=20 val_jaccard=0.164504 accuracy=0.356137
epoch=21 val_jaccard=0.149848 accuracy=0.440644
epoch=22 val_jaccard=0.179285 accuracy=0.395372
epoch=23 val_jaccard=0.232729 accuracy=0.411972
epoch=24 val_jaccard=0.243105 accuracy=0.529175
epoch=25 val_jaccard=0.223032 accuracy=0.530684
epoch=26 val_jaccard=0.193048 accuracy=0.311871
wandb: updating run metadata
wandb: uploading output.log; uploading config.yaml
wandb: 
wandb: Run history:
wandb:   train/loss █▇▇▆▆▅▅▄▄▄▃▃▃▃▃▂▂▂▂▂▂▂▁▁▁▁
wandb: val/accuracy ▁▁▆▁▆▆▆▇▆▇▅█▆▆▆▇▄▅▂▄▅▅▅▇▇▄
wandb:  val/jaccard ▁▁▅▂▅▅▅▆▅▆▆█▆█▆█▆▅▄▅▅▆▇█▇▆
wandb: 
wandb: Run summary:
wandb:   train/loss 1.21679
wandb: val/accuracy 0.31187
wandb:  val/jaccard 0.19305
wandb: 
wandb: 🚀 View run stage1_ptower_033_P15_B_L8_w0.0_h60_foldC_seed42 at: https://wandb.ai/daky-o7600/egosurgery_multitask/runs/khho7xsv
wandb: ⭐️ View project at: https://wandb.ai/daky-o7600/egosurgery_multitask
wandb: Synced 5 W&B file(s), 0 media file(s), 0 artifact file(s) and 0 other file(s)
wandb: Find logs at: ./wandb/run-20260917_160539-khho7xsv/logs
RUN_COMPLETE /home/ubuntu/slocal2/m2/experiments/phase1/stage1_ptower_033_P15_B_L8_w0.0_h60_foldC_seed42
