wandb: [wandb.login()] Loaded credentials for https://api.wandb.ai from WANDB_API_KEY.
wandb: Currently logged in as: daky-o7600 to https://api.wandb.ai. Use `wandb login --relogin` to force relogin
wandb: WARNING Using a boolean value for 'reinit' is deprecated. Use 'return_previous' or 'finish_previous' instead.
wandb: Tracking run with wandb version 0.27.0
wandb: Run data is saved locally in /home/ubuntu/slocal2/m2/wandb/run-20260917_160305-zflm41g6
wandb: Run `wandb offline` to turn off syncing.
wandb: Syncing run stage1_ptower_018_P15_B_L6_w0.0_h60_foldE_seed42
wandb: ⭐️ View project at https://wandb.ai/daky-o7600/egosurgery_multitask
wandb: 🚀 View run at https://wandb.ai/daky-o7600/egosurgery_multitask/runs/zflm41g6
epoch=1 val_jaccard=0.002346 accuracy=0.016424
epoch=2 val_jaccard=0.083820 accuracy=0.519944
/home/ubuntu/slocal2/m2/.venv/lib/python3.11/site-packages/torch/optim/lr_scheduler.py:149: UserWarning: The epoch parameter in `scheduler.step()` was not necessary and is being deprecated where possible. Please use `scheduler.step()` to step the scheduler. During the deprecation, if epoch is different from None, the closed form is used instead of the new chainable form, where available. Please open an issue if you are unable to replicate your use case: https://github.com/pytorch/pytorch/issues/new/choose.
  warnings.warn(EPOCH_DEPRECATION_WARNING, UserWarning)
epoch=3 val_jaccard=0.013384 accuracy=0.062412
epoch=4 val_jaccard=0.048257 accuracy=0.086814
epoch=5 val_jaccard=0.094471 accuracy=0.257626
epoch=6 val_jaccard=0.053772 accuracy=0.181136
epoch=7 val_jaccard=0.101059 accuracy=0.529798
epoch=8 val_jaccard=0.077625 accuracy=0.359456
epoch=9 val_jaccard=0.033094 accuracy=0.070859
epoch=10 val_jaccard=0.103384 accuracy=0.531675
epoch=11 val_jaccard=0.142335 accuracy=0.539653
epoch=12 val_jaccard=0.210495 accuracy=0.553731
epoch=13 val_jaccard=0.186986 accuracy=0.372126
epoch=14 val_jaccard=0.079283 accuracy=0.137963
epoch=15 val_jaccard=0.147730 accuracy=0.280150
epoch=16 val_jaccard=0.225008 accuracy=0.537306
epoch=17 val_jaccard=0.138386 accuracy=0.283904
epoch=18 val_jaccard=0.222705 accuracy=0.260910
epoch=19 val_jaccard=0.306528 accuracy=0.443923
epoch=20 val_jaccard=0.241523 accuracy=0.492257
epoch=21 val_jaccard=0.220751 accuracy=0.569216
epoch=22 val_jaccard=0.301805 accuracy=0.335992
epoch=23 val_jaccard=0.155251 accuracy=0.237447
epoch=24 val_jaccard=0.303408 accuracy=0.559362
epoch=25 val_jaccard=0.293303 accuracy=0.583763
epoch=26 val_jaccard=0.268401 accuracy=0.338339
epoch=27 val_jaccard=0.285297 accuracy=0.568278
epoch=28 val_jaccard=0.308561 accuracy=0.587048
epoch=29 val_jaccard=0.211332 accuracy=0.548099
epoch=30 val_jaccard=0.315439 accuracy=0.586110
epoch=31 val_jaccard=0.329568 accuracy=0.576725
epoch=32 val_jaccard=0.309808 accuracy=0.599249
epoch=33 val_jaccard=0.331886 accuracy=0.619897
epoch=34 val_jaccard=0.318223 accuracy=0.598780
epoch=35 val_jaccard=0.333317 accuracy=0.618489
epoch=36 val_jaccard=0.333566 accuracy=0.595964
epoch=37 val_jaccard=0.309646 accuracy=0.616143
epoch=38 val_jaccard=0.336027 accuracy=0.596903
epoch=39 val_jaccard=0.322620 accuracy=0.625528
epoch=40 val_jaccard=0.334094 accuracy=0.615673
epoch=41 val_jaccard=0.331831 accuracy=0.626936
epoch=42 val_jaccard=0.339785 accuracy=0.621774
epoch=43 val_jaccard=0.343639 accuracy=0.627405
epoch=44 val_jaccard=0.344496 accuracy=0.632098
epoch=45 val_jaccard=0.339645 accuracy=0.626466
epoch=46 val_jaccard=0.339349 accuracy=0.625528
epoch=47 val_jaccard=0.337148 accuracy=0.621305
epoch=48 val_jaccard=0.338667 accuracy=0.623651
epoch=49 val_jaccard=0.338978 accuracy=0.624120
epoch=50 val_jaccard=0.338871 accuracy=0.624120
wandb: updating run metadata
wandb: uploading history steps 0-49, summary, console lines 1-51
wandb: 
wandb: Run history:
wandb:   train/loss ██▇▇▇▆▅▅▅▅▄▄▃▃▃▃▂▂▂▂▂▂▂▂▂▁▁▁▁▁▁▁▁▁▁▁▁▁▁▁
wandb: val/accuracy ▁▇▂▂▄▇▅▂▇▇▅▂▄▇▄▆▆▇▅▄▇▅▇▇▇▇██████████████
wandb:  val/jaccard ▁▃▁▂▃▃▃▃▄▅▃▄▆▄▆▆▅▇▄▇▆▇▇▅▇▇█▇████████████
wandb: 
wandb: Run summary:
wandb:   train/loss 0.77187
wandb: val/accuracy 0.62412
wandb:  val/jaccard 0.33887
wandb: 
wandb: 🚀 View run stage1_ptower_018_P15_B_L6_w0.0_h60_foldE_seed42 at: https://wandb.ai/daky-o7600/egosurgery_multitask/runs/zflm41g6
wandb: ⭐️ View project at: https://wandb.ai/daky-o7600/egosurgery_multitask
wandb: Synced 5 W&B file(s), 0 media file(s), 0 artifact file(s) and 0 other file(s)
wandb: Find logs at: ./wandb/run-20260917_160305-zflm41g6/logs
RUN_COMPLETE /home/ubuntu/slocal2/m2/experiments/phase1/stage1_ptower_018_P15_B_L6_w0.0_h60_foldE_seed42
