wandb: [wandb.login()] Loaded credentials for https://api.wandb.ai from WANDB_API_KEY.
wandb: Currently logged in as: daky-o7600 to https://api.wandb.ai. Use `wandb login --relogin` to force relogin
wandb: WARNING Using a boolean value for 'reinit' is deprecated. Use 'return_previous' or 'finish_previous' instead.
wandb: Tracking run with wandb version 0.27.0
wandb: Run data is saved locally in /home/ubuntu/slocal2/m2/wandb/run-20260917_160459-ljoppnh1
wandb: Run `wandb offline` to turn off syncing.
wandb: Syncing run stage1_ptower_030_P15_B_L8_w0.0_h30_foldC_seed42
wandb: ⭐️ View project at https://wandb.ai/daky-o7600/egosurgery_multitask
wandb: 🚀 View run at https://wandb.ai/daky-o7600/egosurgery_multitask/runs/ljoppnh1
epoch=1 val_jaccard=0.010498 accuracy=0.081489
epoch=2 val_jaccard=0.010766 accuracy=0.084004
/home/ubuntu/slocal2/m2/.venv/lib/python3.11/site-packages/torch/optim/lr_scheduler.py:149: UserWarning: The epoch parameter in `scheduler.step()` was not necessary and is being deprecated where possible. Please use `scheduler.step()` to step the scheduler. During the deprecation, if epoch is different from None, the closed form is used instead of the new chainable form, where available. Please open an issue if you are unable to replicate your use case: https://github.com/pytorch/pytorch/issues/new/choose.
  warnings.warn(EPOCH_DEPRECATION_WARNING, UserWarning)
epoch=3 val_jaccard=0.141473 accuracy=0.500000
epoch=4 val_jaccard=0.053543 accuracy=0.094567
epoch=5 val_jaccard=0.141919 accuracy=0.502012
epoch=6 val_jaccard=0.142306 accuracy=0.504024
epoch=7 val_jaccard=0.142116 accuracy=0.502012
epoch=8 val_jaccard=0.172561 accuracy=0.575453
epoch=9 val_jaccard=0.162556 accuracy=0.516600
epoch=10 val_jaccard=0.222206 accuracy=0.547284
epoch=11 val_jaccard=0.152911 accuracy=0.360664
epoch=12 val_jaccard=0.214076 accuracy=0.611670
epoch=13 val_jaccard=0.173405 accuracy=0.496982
epoch=14 val_jaccard=0.239256 accuracy=0.506036
epoch=15 val_jaccard=0.240665 accuracy=0.500000
epoch=16 val_jaccard=0.226573 accuracy=0.475352
epoch=17 val_jaccard=0.145553 accuracy=0.281187
epoch=18 val_jaccard=0.162608 accuracy=0.359658
epoch=19 val_jaccard=0.170919 accuracy=0.447183
epoch=20 val_jaccard=0.232870 accuracy=0.480382
epoch=21 val_jaccard=0.245678 accuracy=0.459759
epoch=22 val_jaccard=0.250249 accuracy=0.482394
epoch=23 val_jaccard=0.245160 accuracy=0.450201
epoch=24 val_jaccard=0.272106 accuracy=0.672032
epoch=25 val_jaccard=0.202123 accuracy=0.344064
epoch=26 val_jaccard=0.234674 accuracy=0.592052
epoch=27 val_jaccard=0.261181 accuracy=0.402414
epoch=28 val_jaccard=0.261507 accuracy=0.504527
epoch=29 val_jaccard=0.274465 accuracy=0.527666
epoch=30 val_jaccard=0.253736 accuracy=0.485915
epoch=31 val_jaccard=0.291502 accuracy=0.604125
epoch=32 val_jaccard=0.278928 accuracy=0.538732
epoch=33 val_jaccard=0.275306 accuracy=0.539738
epoch=34 val_jaccard=0.289815 accuracy=0.582495
epoch=35 val_jaccard=0.281350 accuracy=0.556338
epoch=36 val_jaccard=0.284785 accuracy=0.567404
epoch=37 val_jaccard=0.292996 accuracy=0.564889
epoch=38 val_jaccard=0.287253 accuracy=0.573441
epoch=39 val_jaccard=0.285865 accuracy=0.576962
epoch=40 val_jaccard=0.283000 accuracy=0.550302
epoch=41 val_jaccard=0.282743 accuracy=0.549799
epoch=42 val_jaccard=0.287108 accuracy=0.576962
epoch=43 val_jaccard=0.287090 accuracy=0.577465
epoch=44 val_jaccard=0.283111 accuracy=0.566398
epoch=45 val_jaccard=0.286537 accuracy=0.567404
epoch=46 val_jaccard=0.281438 accuracy=0.564386
epoch=47 val_jaccard=0.282041 accuracy=0.567907
wandb: updating run metadata
wandb: uploading history steps 0-46, summary, console lines 1-48
wandb: 
wandb: Run history:
wandb:   train/loss █▇▇▆▆▆▅▄▄▄▄▄▄▃▃▂▂▂▂▂▂▂▂▁▁▁▁▁▁▁▁▁▁▁▁▁▁▁▁▁
wandb: val/accuracy ▁▁▆▁▆▆▇▆▇▄▇▆▆▆▃▄▅▅▆▅█▄▇▆▆▆▇▆▇▇▇▇▇▇▇▇▇▇▇▇
wandb:  val/jaccard ▁▁▄▂▄▄▅▅▆▅▆▅▇▆▄▅▅▇▇▇▇▆▇▇█▇██████████████
wandb: 
wandb: Run summary:
wandb:   train/loss 0.60982
wandb: val/accuracy 0.56791
wandb:  val/jaccard 0.28204
wandb: 
wandb: 🚀 View run stage1_ptower_030_P15_B_L8_w0.0_h30_foldC_seed42 at: https://wandb.ai/daky-o7600/egosurgery_multitask/runs/ljoppnh1
wandb: ⭐️ View project at: https://wandb.ai/daky-o7600/egosurgery_multitask
wandb: Synced 5 W&B file(s), 0 media file(s), 0 artifact file(s) and 0 other file(s)
wandb: Find logs at: ./wandb/run-20260917_160459-ljoppnh1/logs
RUN_COMPLETE /home/ubuntu/slocal2/m2/experiments/phase1/stage1_ptower_030_P15_B_L8_w0.0_h30_foldC_seed42
