COMPLETE stage1_ptower_012_P15_B_L6_w0.0_h30_foldA_seed42 J=0.36842552005947116
COMPLETE stage1_ptower_012_P15_B_L6_w0.0_h30_foldA_seed123 J=0.3759938488023363
COMPLETE stage1_ptower_013_P15_B_L6_w0.0_h30_foldB_seed42 J=0.20716791172061103
COMPLETE stage1_ptower_013_P15_B_L6_w0.0_h30_foldA_seed456 J=0.3264970969314347
COMPLETE stage1_ptower_014_P15_B_L6_w0.0_h30_foldD_seed42 J=0.3084744064621703
COMPLETE stage1_ptower_014_P15_B_L6_w0.0_h30_foldC_seed42 J=0.2727044988987444
COMPLETE stage1_ptower_015_P15_B_L6_w0.0_h60_foldA_seed42 J=0.3676312130016036
COMPLETE stage1_ptower_015_P15_B_L6_w0.0_h30_foldE_seed42 J=0.3708481509894211
COMPLETE stage1_ptower_016_P15_B_L6_w0.0_h60_foldA_seed456 J=0.39121599051057904
COMPLETE stage1_ptower_016_P15_B_L6_w0.0_h60_foldA_seed123 J=0.36368283083288117
COMPLETE stage1_ptower_017_P15_B_L6_w0.0_h60_foldB_seed42 J=0.22519352998694206
COMPLETE stage1_ptower_017_P15_B_L6_w0.0_h60_foldC_seed42 J=0.2658576297379478
COMPLETE stage1_ptower_018_P15_B_L6_w0.0_h60_foldD_seed42 J=0.34959218790375207
COMPLETE stage1_ptower_018_P15_B_L6_w0.0_h60_foldE_seed42 J=0.34449573284353946
COMPLETE stage1_ptower_019_P15_C_L6_w0.15_h30_foldA_seed42 J=0.36250716460403837
COMPLETE stage1_ptower_019_P15_C_L6_w0.15_h30_foldA_seed123 J=0.38770543927572704
COMPLETE stage1_ptower_020_P15_C_L6_w0.15_h30_foldA_seed456 J=0.23434477734145598
COMPLETE stage1_ptower_021_P15_C_L6_w0.15_h30_foldB_seed42 J=0.22653027700218017
COMPLETE stage1_ptower_022_P15_C_L6_w0.15_h30_foldD_seed42 J=0.34358729867764914
COMPLETE stage1_ptower_022_P15_C_L6_w0.15_h30_foldC_seed42 J=0.2473780827889009
COMPLETE stage1_ptower_023_P15_C_L6_w0.3_h30_foldA_seed42 J=0.3834485825619428
COMPLETE stage1_ptower_024_P15_C_L6_w0.15_h30_foldE_seed42 J=0.38075171996227164
COMPLETE stage1_ptower_025_P15_C_L6_w0.3_h30_foldA_seed123 J=0.31457578844867123
COMPLETE stage1_ptower_025_P15_C_L6_w0.3_h30_foldA_seed456 J=0.3884984866497611
COMPLETE stage1_ptower_026_P15_C_L6_w0.3_h30_foldB_seed42 J=0.19854983406060142
COMPLETE stage1_ptower_026_P15_C_L6_w0.3_h30_foldC_seed42 J=0.26067524844607687
COMPLETE stage1_ptower_027_P15_C_L6_w0.3_h30_foldE_seed42 J=0.390174636972648
COMPLETE stage1_ptower_027_P15_C_L6_w0.3_h30_foldD_seed42 J=0.35844047504389986
COMPLETE stage1_ptower_028_P15_B_L8_w0.0_h30_foldA_seed123 J=0.36435082578134104
COMPLETE stage1_ptower_028_P15_B_L8_w0.0_h30_foldA_seed42 J=0.35710311893011987
COMPLETE stage1_ptower_029_P15_B_L8_w0.0_h30_foldA_seed456 J=0.32389648469301263
COMPLETE stage1_ptower_029_P15_B_L8_w0.0_h30_foldB_seed42 J=0.24208413848250634
COMPLETE stage1_ptower_030_P15_B_L8_w0.0_h30_foldD_seed42 J=0.36912886639743203
COMPLETE stage1_ptower_030_P15_B_L8_w0.0_h30_foldC_seed42 J=0.29299585448827115
COMPLETE stage1_ptower_031_P15_B_L8_w0.0_h60_foldA_seed42 J=0.3259387665098843
COMPLETE stage1_ptower_031_P15_B_L8_w0.0_h30_foldE_seed42 J=0.36234772542774685
COMPLETE stage1_ptower_032_P15_B_L8_w0.0_h60_foldA_seed123 J=0.3248819878053309
COMPLETE stage1_ptower_032_P15_B_L8_w0.0_h60_foldA_seed456 J=0.33130418072183093
COMPLETE stage1_ptower_033_P15_B_L8_w0.0_h60_foldC_seed42 J=0.25147745544540473
COMPLETE stage1_ptower_034_P15_B_L8_w0.0_h60_foldB_seed42 J=0.20273041047372672
COMPLETE stage1_ptower_035_P15_B_L8_w0.0_h60_foldD_seed42 J=0.3653452036783101
COMPLETE stage1_ptower_035_P15_B_L8_w0.0_h60_foldE_seed42 J=0.4319605618110226
COMPLETE stage1_ptower_036_P15_C_L8_w0.15_h30_foldA_seed42 J=0.27160168905967824
COMPLETE stage1_ptower_036_P15_C_L8_w0.15_h30_foldA_seed123 J=0.36654030906130364
COMPLETE stage1_ptower_037_P15_C_L8_w0.15_h30_foldA_seed456 J=0.505287838088043
COMPLETE stage1_ptower_038_P15_C_L8_w0.15_h30_foldB_seed42 J=0.22181519487748544
COMPLETE stage1_ptower_039_P15_C_L8_w0.15_h30_foldC_seed42 J=0.2357821647242681
COMPLETE stage1_ptower_039_P15_C_L8_w0.15_h30_foldD_seed42 J=0.38200197533786895
COMPLETE stage1_ptower_040_P15_C_L8_w0.3_h30_foldA_seed42 J=0.3504679795144658
COMPLETE stage1_ptower_040_P15_C_L8_w0.15_h30_foldE_seed42 J=0.44324402767668436
COMPLETE stage1_ptower_041_P15_C_L8_w0.3_h30_foldA_seed123 J=0.3700634604154969
COMPLETE stage1_ptower_041_P15_C_L8_w0.3_h30_foldA_seed456 J=0.380143376345285
COMPLETE stage1_ptower_043_P15_C_L8_w0.3_h30_foldC_seed42 J=0.2399774193058629
COMPLETE stage1_ptower_042_P15_C_L8_w0.3_h30_foldB_seed42 J=0.20245610381627338
COMPLETE stage1_ptower_044_P15_C_L8_w0.3_h30_foldE_seed42 J=0.4496047836027281
COMPLETE stage1_ptower_044_P15_C_L8_w0.3_h30_foldD_seed42 J=0.3856083419955977
GRID_COMPLETE D runs=56
