wandb: [wandb.login()] Loaded credentials for https://api.wandb.ai from WANDB_API_KEY.
wandb: Currently logged in as: daky-o7600 to https://api.wandb.ai. Use `wandb login --relogin` to force relogin
wandb: WARNING Using a boolean value for 'reinit' is deprecated. Use 'return_previous' or 'finish_previous' instead.
wandb: setting up run 3v9tnaab
wandb: Tracking run with wandb version 0.27.0
wandb: Run data is saved locally in /home/ubuntu/slocal2/m2/wandb/run-20260917_155900-3v9tnaab
wandb: Run `wandb offline` to turn off syncing.
wandb: Syncing run stage1_ptower_005_P15_A_L6_w0.0_h30_foldD_seed42
wandb: ⭐️ View project at https://wandb.ai/daky-o7600/egosurgery_multitask
wandb: 🚀 View run at https://wandb.ai/daky-o7600/egosurgery_multitask/runs/3v9tnaab
epoch=1 val_jaccard=0.083543 accuracy=0.502349
epoch=2 val_jaccard=0.016926 accuracy=0.039546
/home/ubuntu/slocal2/m2/.venv/lib/python3.11/site-packages/torch/optim/lr_scheduler.py:149: UserWarning: The epoch parameter in `scheduler.step()` was not necessary and is being deprecated where possible. Please use `scheduler.step()` to step the scheduler. During the deprecation, if epoch is different from None, the closed form is used instead of the new chainable form, where available. Please open an issue if you are unable to replicate your use case: https://github.com/pytorch/pytorch/issues/new/choose.
  warnings.warn(EPOCH_DEPRECATION_WARNING, UserWarning)
epoch=3 val_jaccard=0.037844 accuracy=0.043070
epoch=4 val_jaccard=0.026427 accuracy=0.035630
epoch=5 val_jaccard=0.184682 accuracy=0.464370
epoch=6 val_jaccard=0.088861 accuracy=0.283868
epoch=7 val_jaccard=0.132376 accuracy=0.053641
epoch=8 val_jaccard=0.220571 accuracy=0.295615
epoch=9 val_jaccard=0.235244 accuracy=0.176194
epoch=10 val_jaccard=0.247035 accuracy=0.145654
epoch=11 val_jaccard=0.311435 accuracy=0.361002
epoch=12 val_jaccard=0.165725 accuracy=0.374706
epoch=13 val_jaccard=0.203779 accuracy=0.267815
epoch=14 val_jaccard=0.239621 accuracy=0.229052
epoch=15 val_jaccard=0.224618 accuracy=0.351214
epoch=16 val_jaccard=0.355184 accuracy=0.568912
epoch=17 val_jaccard=0.337639 accuracy=0.542678
epoch=18 val_jaccard=0.288047 accuracy=0.315975
epoch=19 val_jaccard=0.336449 accuracy=0.466327
epoch=20 val_jaccard=0.285545 accuracy=0.434221
epoch=21 val_jaccard=0.299974 accuracy=0.409162
epoch=22 val_jaccard=0.372109 accuracy=0.461629
epoch=23 val_jaccard=0.367527 accuracy=0.422475
epoch=24 val_jaccard=0.322051 accuracy=0.433438
epoch=25 val_jaccard=0.374291 accuracy=0.444009
epoch=26 val_jaccard=0.315802 accuracy=0.439702
epoch=27 val_jaccard=0.376315 accuracy=0.462803
epoch=28 val_jaccard=0.297869 accuracy=0.433046
epoch=29 val_jaccard=0.301885 accuracy=0.475724
epoch=30 val_jaccard=0.259424 accuracy=0.433046
epoch=31 val_jaccard=0.338529 accuracy=0.481989
epoch=32 val_jaccard=0.349981 accuracy=0.443618
epoch=33 val_jaccard=0.359685 accuracy=0.450274
epoch=34 val_jaccard=0.335569 accuracy=0.498434
epoch=35 val_jaccard=0.368441 accuracy=0.481989
epoch=36 val_jaccard=0.282508 accuracy=0.492169
epoch=37 val_jaccard=0.355060 accuracy=0.491386
wandb: updating run metadata; uploading wandb-metadata.json; uploading requirements.txt
wandb: uploading requirements.txt
wandb: uploading output.log; uploading wandb-summary.json
wandb: uploading history steps 0-36, summary, console lines 1-38
wandb: 
wandb: Run history:
wandb:   train/loss ██▇▇▇▆▆▅▅▅▄▅▄▄▃▃▃▂▂▂▂▂▂▁▁▁▁▁▁▁▁▁▁▁▁▁▁
wandb: val/accuracy ▇▁▁▁▇▄▁▄▃▂▅▅▄▄▅██▅▇▆▆▇▆▆▆▆▇▆▇▆▇▆▆▇▇▇▇
wandb:  val/jaccard ▂▁▁▁▄▂▃▅▅▅▇▄▅▅▅█▇▆▇▆▇██▇█▇█▆▇▆▇▇█▇█▆█
wandb: 
wandb: Run summary:
wandb:   train/loss 0.68292
wandb: val/accuracy 0.49139
wandb:  val/jaccard 0.35506
wandb: 
wandb: 🚀 View run stage1_ptower_005_P15_A_L6_w0.0_h30_foldD_seed42 at: https://wandb.ai/daky-o7600/egosurgery_multitask/runs/3v9tnaab
wandb: ⭐️ View project at: https://wandb.ai/daky-o7600/egosurgery_multitask
wandb: Synced 5 W&B file(s), 0 media file(s), 0 artifact file(s) and 0 other file(s)
wandb: Find logs at: ./wandb/run-20260917_155900-3v9tnaab/logs
RUN_COMPLETE /home/ubuntu/slocal2/m2/experiments/phase1/stage1_ptower_005_P15_A_L6_w0.0_h30_foldD_seed42
