wandb: [wandb.login()] Loaded credentials for https://api.wandb.ai from WANDB_API_KEY.
wandb: Currently logged in as: daky-o7600 to https://api.wandb.ai. Use `wandb login --relogin` to force relogin
wandb: WARNING Using a boolean value for 'reinit' is deprecated. Use 'return_previous' or 'finish_previous' instead.
wandb: Tracking run with wandb version 0.27.0
wandb: Run data is saved locally in /home/ubuntu/slocal2/m2/wandb/run-20260917_160151-ubxp430e
wandb: Run `wandb offline` to turn off syncing.
wandb: Syncing run stage1_ptower_012_P15_B_L6_w0.0_h30_foldA_seed123
wandb: ⭐️ View project at https://wandb.ai/daky-o7600/egosurgery_multitask
wandb: 🚀 View run at https://wandb.ai/daky-o7600/egosurgery_multitask/runs/ubxp430e
epoch=1 val_jaccard=0.058417 accuracy=0.368977
epoch=2 val_jaccard=0.060480 accuracy=0.256106
/home/ubuntu/slocal2/m2/.venv/lib/python3.11/site-packages/torch/optim/lr_scheduler.py:149: UserWarning: The epoch parameter in `scheduler.step()` was not necessary and is being deprecated where possible. Please use `scheduler.step()` to step the scheduler. During the deprecation, if epoch is different from None, the closed form is used instead of the new chainable form, where available. Please open an issue if you are unable to replicate your use case: https://github.com/pytorch/pytorch/issues/new/choose.
  warnings.warn(EPOCH_DEPRECATION_WARNING, UserWarning)
epoch=3 val_jaccard=0.027976 accuracy=0.119472
epoch=4 val_jaccard=0.043103 accuracy=0.130693
epoch=5 val_jaccard=0.104198 accuracy=0.343894
epoch=6 val_jaccard=0.049130 accuracy=0.135314
epoch=7 val_jaccard=0.152003 accuracy=0.433003
epoch=8 val_jaccard=0.155169 accuracy=0.464026
epoch=9 val_jaccard=0.086012 accuracy=0.151815
epoch=10 val_jaccard=0.159962 accuracy=0.413201
epoch=11 val_jaccard=0.171509 accuracy=0.415182
epoch=12 val_jaccard=0.325491 accuracy=0.690429
epoch=13 val_jaccard=0.246878 accuracy=0.489769
epoch=14 val_jaccard=0.208335 accuracy=0.551815
epoch=15 val_jaccard=0.220504 accuracy=0.526073
epoch=16 val_jaccard=0.273590 accuracy=0.589439
epoch=17 val_jaccard=0.272611 accuracy=0.533993
epoch=18 val_jaccard=0.326496 accuracy=0.630363
epoch=19 val_jaccard=0.327595 accuracy=0.625083
epoch=20 val_jaccard=0.288016 accuracy=0.620462
epoch=21 val_jaccard=0.203311 accuracy=0.455446
epoch=22 val_jaccard=0.355005 accuracy=0.683168
epoch=23 val_jaccard=0.363463 accuracy=0.698350
epoch=24 val_jaccard=0.311032 accuracy=0.652145
epoch=25 val_jaccard=0.273471 accuracy=0.574917
epoch=26 val_jaccard=0.278445 accuracy=0.607261
epoch=27 val_jaccard=0.277987 accuracy=0.545875
epoch=28 val_jaccard=0.280715 accuracy=0.591419
epoch=29 val_jaccard=0.375994 accuracy=0.692409
epoch=30 val_jaccard=0.352621 accuracy=0.629043
epoch=31 val_jaccard=0.276500 accuracy=0.499670
epoch=32 val_jaccard=0.353884 accuracy=0.640924
epoch=33 val_jaccard=0.361837 accuracy=0.627723
epoch=34 val_jaccard=0.254440 accuracy=0.480528
epoch=35 val_jaccard=0.374080 accuracy=0.659406
epoch=36 val_jaccard=0.254763 accuracy=0.466007
epoch=37 val_jaccard=0.344440 accuracy=0.611221
epoch=38 val_jaccard=0.283911 accuracy=0.508251
epoch=39 val_jaccard=0.305266 accuracy=0.543234
wandb: updating run metadata
wandb: uploading wandb-summary.json; uploading config.yaml
wandb: uploading history steps 0-38, summary, console lines 1-40
wandb: 
wandb: Run history:
wandb:   train/loss █▇▇▇▆▆▅▅▅▄▄▄▃▃▃▄▃▃▂▂▂▂▂▂▂▂▂▁▁▁▁▁▁▁▁▁▁▁▁
wandb: val/accuracy ▄▃▁▁▄▁▅▅▁▅▅█▅▆▆▇▆▇▇▇▅██▇▇▇▆▇█▇▆▇▇▅█▅▇▆▆
wandb:  val/jaccard ▂▂▁▁▃▁▃▄▂▄▄▇▅▅▅▆▆▇▇▆▅██▇▆▆▆▆██▆██▆█▆▇▆▇
wandb: 
wandb: Run summary:
wandb:   train/loss 0.80972
wandb: val/accuracy 0.54323
wandb:  val/jaccard 0.30527
wandb: 
wandb: 🚀 View run stage1_ptower_012_P15_B_L6_w0.0_h30_foldA_seed123 at: https://wandb.ai/daky-o7600/egosurgery_multitask/runs/ubxp430e
wandb: ⭐️ View project at: https://wandb.ai/daky-o7600/egosurgery_multitask
wandb: Synced 5 W&B file(s), 0 media file(s), 0 artifact file(s) and 0 other file(s)
wandb: Find logs at: ./wandb/run-20260917_160151-ubxp430e/logs
RUN_COMPLETE /home/ubuntu/slocal2/m2/experiments/phase1/stage1_ptower_012_P15_B_L6_w0.0_h30_foldA_seed123
