wandb: [wandb.login()] Loaded credentials for https://api.wandb.ai from WANDB_API_KEY.
wandb: Currently logged in as: daky-o7600 to https://api.wandb.ai. Use `wandb login --relogin` to force relogin
wandb: WARNING Using a boolean value for 'reinit' is deprecated. Use 'return_previous' or 'finish_previous' instead.
wandb: setting up run tryn9o5i
wandb: Tracking run with wandb version 0.27.0
wandb: Run data is saved locally in /home/ubuntu/slocal2/m2/wandb/run-20260917_160625-tryn9o5i
wandb: Run `wandb offline` to turn off syncing.
wandb: Syncing run stage1_ptower_039_P15_C_L8_w0.15_h30_foldC_seed42
wandb: ⭐️ View project at https://wandb.ai/daky-o7600/egosurgery_multitask
wandb: 🚀 View run at https://wandb.ai/daky-o7600/egosurgery_multitask/runs/tryn9o5i
epoch=1 val_jaccard=0.061134 accuracy=0.099095
epoch=2 val_jaccard=0.105574 accuracy=0.242455
/home/ubuntu/slocal2/m2/.venv/lib/python3.11/site-packages/torch/optim/lr_scheduler.py:149: UserWarning: The epoch parameter in `scheduler.step()` was not necessary and is being deprecated where possible. Please use `scheduler.step()` to step the scheduler. During the deprecation, if epoch is different from None, the closed form is used instead of the new chainable form, where available. Please open an issue if you are unable to replicate your use case: https://github.com/pytorch/pytorch/issues/new/choose.
  warnings.warn(EPOCH_DEPRECATION_WARNING, UserWarning)
epoch=3 val_jaccard=0.059501 accuracy=0.100604
epoch=4 val_jaccard=0.046141 accuracy=0.105131
epoch=5 val_jaccard=0.124930 accuracy=0.499497
epoch=6 val_jaccard=0.165359 accuracy=0.452716
epoch=7 val_jaccard=0.090807 accuracy=0.163481
epoch=8 val_jaccard=0.235782 accuracy=0.627264
epoch=9 val_jaccard=0.172274 accuracy=0.540744
epoch=10 val_jaccard=0.206175 accuracy=0.605131
epoch=11 val_jaccard=0.140815 accuracy=0.284205
epoch=12 val_jaccard=0.191900 accuracy=0.476358
epoch=13 val_jaccard=0.187988 accuracy=0.481891
epoch=14 val_jaccard=0.154422 accuracy=0.310362
epoch=15 val_jaccard=0.164874 accuracy=0.242958
epoch=16 val_jaccard=0.160835 accuracy=0.518612
epoch=17 val_jaccard=0.212193 accuracy=0.381791
epoch=18 val_jaccard=0.164920 accuracy=0.344064
wandb: updating run metadata
wandb: uploading history steps 0-17, summary, console lines 1-19
wandb: 
wandb: Run history:
wandb:   train/loss █▇▇▆▅▅▄▄▃▃▂▂▂▁▁▁▁▁
wandb: val/accuracy ▁▃▁▁▆▆▂█▇█▃▆▆▄▃▇▅▄
wandb:  val/jaccard ▂▃▁▁▄▅▃█▆▇▄▆▆▅▅▅▇▅
wandb: 
wandb: Run summary:
wandb:   train/loss 1.88344
wandb: val/accuracy 0.34406
wandb:  val/jaccard 0.16492
wandb: 
wandb: 🚀 View run stage1_ptower_039_P15_C_L8_w0.15_h30_foldC_seed42 at: https://wandb.ai/daky-o7600/egosurgery_multitask/runs/tryn9o5i
wandb: ⭐️ View project at: https://wandb.ai/daky-o7600/egosurgery_multitask
wandb: Synced 5 W&B file(s), 0 media file(s), 0 artifact file(s) and 0 other file(s)
wandb: Find logs at: ./wandb/run-20260917_160625-tryn9o5i/logs
RUN_COMPLETE /home/ubuntu/slocal2/m2/experiments/phase1/stage1_ptower_039_P15_C_L8_w0.15_h30_foldC_seed42
