wandb: [wandb.login()] Loaded credentials for https://api.wandb.ai from WANDB_API_KEY.
wandb: Currently logged in as: daky-o7600 to https://api.wandb.ai. Use `wandb login --relogin` to force relogin
wandb: WARNING Using a boolean value for 'reinit' is deprecated. Use 'return_previous' or 'finish_previous' instead.
wandb: setting up run l9acc1hc
wandb: Tracking run with wandb version 0.27.0
wandb: Run data is saved locally in /home/ubuntu/slocal2/m2/wandb/run-20260917_160614-l9acc1hc
wandb: Run `wandb offline` to turn off syncing.
wandb: Syncing run stage1_ptower_038_P15_C_L8_w0.15_h30_foldB_seed42
wandb: ⭐️ View project at https://wandb.ai/daky-o7600/egosurgery_multitask
wandb: 🚀 View run at https://wandb.ai/daky-o7600/egosurgery_multitask/runs/l9acc1hc
epoch=1 val_jaccard=0.019456 accuracy=0.076840
epoch=2 val_jaccard=0.040941 accuracy=0.130038
/home/ubuntu/slocal2/m2/.venv/lib/python3.11/site-packages/torch/optim/lr_scheduler.py:149: UserWarning: The epoch parameter in `scheduler.step()` was not necessary and is being deprecated where possible. Please use `scheduler.step()` to step the scheduler. During the deprecation, if epoch is different from None, the closed form is used instead of the new chainable form, where available. Please open an issue if you are unable to replicate your use case: https://github.com/pytorch/pytorch/issues/new/choose.
  warnings.warn(EPOCH_DEPRECATION_WARNING, UserWarning)
epoch=3 val_jaccard=0.059407 accuracy=0.097260
epoch=4 val_jaccard=0.117642 accuracy=0.340677
epoch=5 val_jaccard=0.093314 accuracy=0.139710
epoch=6 val_jaccard=0.081263 accuracy=0.111768
epoch=7 val_jaccard=0.096678 accuracy=0.161204
epoch=8 val_jaccard=0.122401 accuracy=0.236969
epoch=9 val_jaccard=0.077352 accuracy=0.100484
epoch=10 val_jaccard=0.092676 accuracy=0.136486
epoch=11 val_jaccard=0.068977 accuracy=0.067168
epoch=12 val_jaccard=0.085452 accuracy=0.108006
epoch=13 val_jaccard=0.124595 accuracy=0.145621
epoch=14 val_jaccard=0.167439 accuracy=0.411607
epoch=15 val_jaccard=0.163454 accuracy=0.265986
epoch=16 val_jaccard=0.091659 accuracy=0.112305
epoch=17 val_jaccard=0.221815 accuracy=0.439549
epoch=18 val_jaccard=0.109109 accuracy=0.140785
epoch=19 val_jaccard=0.174094 accuracy=0.374530
epoch=20 val_jaccard=0.110118 accuracy=0.247179
epoch=21 val_jaccard=0.144649 accuracy=0.257926
epoch=22 val_jaccard=0.171878 accuracy=0.350887
epoch=23 val_jaccard=0.144238 accuracy=0.299839
epoch=24 val_jaccard=0.154202 accuracy=0.332617
epoch=25 val_jaccard=0.143918 accuracy=0.314347
epoch=26 val_jaccard=0.134828 accuracy=0.317571
epoch=27 val_jaccard=0.161130 accuracy=0.391725
wandb: updating run metadata
wandb: uploading wandb-metadata.json; updating run metadata
wandb: uploading output.log; uploading wandb-summary.json; uploading config.yaml
wandb: 
wandb: Run history:
wandb:   train/loss █▇▇▇▆▅▅▄▄▄▃▃▃▃▂▂▂▂▂▂▁▁▁▁▁▁▁
wandb: val/accuracy ▁▂▂▆▂▂▃▄▂▂▁▂▂▇▅▂█▂▇▄▅▆▅▆▆▆▇
wandb:  val/jaccard ▁▂▂▄▄▃▄▅▃▄▃▃▅▆▆▃█▄▆▄▅▆▅▆▅▅▆
wandb: 
wandb: Run summary:
wandb:   train/loss 1.00477
wandb: val/accuracy 0.39172
wandb:  val/jaccard 0.16113
wandb: 
wandb: 🚀 View run stage1_ptower_038_P15_C_L8_w0.15_h30_foldB_seed42 at: https://wandb.ai/daky-o7600/egosurgery_multitask/runs/l9acc1hc
wandb: ⭐️ View project at: https://wandb.ai/daky-o7600/egosurgery_multitask
wandb: Synced 5 W&B file(s), 0 media file(s), 0 artifact file(s) and 0 other file(s)
wandb: Find logs at: ./wandb/run-20260917_160614-l9acc1hc/logs
RUN_COMPLETE /home/ubuntu/slocal2/m2/experiments/phase1/stage1_ptower_038_P15_C_L8_w0.15_h30_foldB_seed42
