wandb: [wandb.login()] Loaded credentials for https://api.wandb.ai from WANDB_API_KEY.
wandb: Currently logged in as: daky-o7600 to https://api.wandb.ai. Use `wandb login --relogin` to force relogin
wandb: WARNING Using a boolean value for 'reinit' is deprecated. Use 'return_previous' or 'finish_previous' instead.
wandb: setting up run 7u0p63xz
wandb: Tracking run with wandb version 0.27.0
wandb: Run data is saved locally in /home/ubuntu/slocal2/m2/wandb/run-20260917_160659-7u0p63xz
wandb: Run `wandb offline` to turn off syncing.
wandb: Syncing run stage1_ptower_042_P15_C_L8_w0.3_h30_foldB_seed42
wandb: ⭐️ View project at https://wandb.ai/daky-o7600/egosurgery_multitask
wandb: 🚀 View run at https://wandb.ai/daky-o7600/egosurgery_multitask/runs/7u0p63xz
epoch=1 val_jaccard=0.019456 accuracy=0.076840
epoch=2 val_jaccard=0.040503 accuracy=0.128963
/home/ubuntu/slocal2/m2/.venv/lib/python3.11/site-packages/torch/optim/lr_scheduler.py:149: UserWarning: The epoch parameter in `scheduler.step()` was not necessary and is being deprecated where possible. Please use `scheduler.step()` to step the scheduler. During the deprecation, if epoch is different from None, the closed form is used instead of the new chainable form, where available. Please open an issue if you are unable to replicate your use case: https://github.com/pytorch/pytorch/issues/new/choose.
  warnings.warn(EPOCH_DEPRECATION_WARNING, UserWarning)
epoch=3 val_jaccard=0.054264 accuracy=0.085975
epoch=4 val_jaccard=0.116341 accuracy=0.334766
epoch=5 val_jaccard=0.102165 accuracy=0.147770
epoch=6 val_jaccard=0.084218 accuracy=0.118216
epoch=7 val_jaccard=0.093719 accuracy=0.158517
epoch=8 val_jaccard=0.127101 accuracy=0.239119
epoch=9 val_jaccard=0.074424 accuracy=0.095648
epoch=10 val_jaccard=0.097948 accuracy=0.152069
epoch=11 val_jaccard=0.072265 accuracy=0.069855
epoch=12 val_jaccard=0.083083 accuracy=0.118216
epoch=13 val_jaccard=0.105548 accuracy=0.133262
epoch=14 val_jaccard=0.202456 accuracy=0.514777
epoch=15 val_jaccard=0.139488 accuracy=0.328855
epoch=16 val_jaccard=0.189386 accuracy=0.390650
epoch=17 val_jaccard=0.139503 accuracy=0.311123
epoch=18 val_jaccard=0.193071 accuracy=0.302526
epoch=19 val_jaccard=0.159850 accuracy=0.297689
epoch=20 val_jaccard=0.136478 accuracy=0.354648
epoch=21 val_jaccard=0.165146 accuracy=0.252552
epoch=22 val_jaccard=0.155742 accuracy=0.352499
epoch=23 val_jaccard=0.163775 accuracy=0.297689
epoch=24 val_jaccard=0.162100 accuracy=0.321870
wandb: updating run metadata
wandb: uploading history steps 0-23, summary, console lines 1-25
wandb: 
wandb: Run history:
wandb:   train/loss █▇▇▇▆▅▅▄▄▄▃▃▃▃▃▂▂▂▂▁▁▁▁▁
wandb: val/accuracy ▁▂▁▅▂▂▂▄▁▂▁▂▂█▅▆▅▅▅▅▄▅▅▅
wandb:  val/jaccard ▁▂▂▅▄▃▄▅▃▄▃▃▄█▆█▆█▆▅▇▆▇▆
wandb: 
wandb: Run summary:
wandb:   train/loss 1.22335
wandb: val/accuracy 0.32187
wandb:  val/jaccard 0.1621
wandb: 
wandb: 🚀 View run stage1_ptower_042_P15_C_L8_w0.3_h30_foldB_seed42 at: https://wandb.ai/daky-o7600/egosurgery_multitask/runs/7u0p63xz
wandb: ⭐️ View project at: https://wandb.ai/daky-o7600/egosurgery_multitask
wandb: Synced 5 W&B file(s), 0 media file(s), 0 artifact file(s) and 0 other file(s)
wandb: Find logs at: ./wandb/run-20260917_160659-7u0p63xz/logs
RUN_COMPLETE /home/ubuntu/slocal2/m2/experiments/phase1/stage1_ptower_042_P15_C_L8_w0.3_h30_foldB_seed42
