wandb: [wandb.login()] Loaded credentials for https://api.wandb.ai from WANDB_API_KEY.
wandb: Currently logged in as: daky-o7600 to https://api.wandb.ai. Use `wandb login --relogin` to force relogin
wandb: WARNING Using a boolean value for 'reinit' is deprecated. Use 'return_previous' or 'finish_previous' instead.
wandb: Tracking run with wandb version 0.27.0
wandb: Run data is saved locally in /home/ubuntu/slocal2/m2/wandb/run-20260917_155911-77nlqefd
wandb: Run `wandb offline` to turn off syncing.
wandb: Syncing run stage1_ptower_007_P15_A_L6_w0.0_h30_foldE_seed42
wandb: ⭐️ View project at https://wandb.ai/daky-o7600/egosurgery_multitask
wandb: 🚀 View run at https://wandb.ai/daky-o7600/egosurgery_multitask/runs/77nlqefd
epoch=1 val_jaccard=0.075684 accuracy=0.039418
epoch=2 val_jaccard=0.069870 accuracy=0.222431
/home/ubuntu/slocal2/m2/.venv/lib/python3.11/site-packages/torch/optim/lr_scheduler.py:149: UserWarning: The epoch parameter in `scheduler.step()` was not necessary and is being deprecated where possible. Please use `scheduler.step()` to step the scheduler. During the deprecation, if epoch is different from None, the closed form is used instead of the new chainable form, where available. Please open an issue if you are unable to replicate your use case: https://github.com/pytorch/pytorch/issues/new/choose.
  warnings.warn(EPOCH_DEPRECATION_WARNING, UserWarning)
epoch=3 val_jaccard=0.030518 accuracy=0.076959
epoch=4 val_jaccard=0.086423 accuracy=0.354294
epoch=5 val_jaccard=0.037584 accuracy=0.148756
epoch=6 val_jaccard=0.025069 accuracy=0.033787
epoch=7 val_jaccard=0.033843 accuracy=0.099015
epoch=8 val_jaccard=0.083739 accuracy=0.418583
epoch=9 val_jaccard=0.081748 accuracy=0.327076
epoch=10 val_jaccard=0.087386 accuracy=0.516190
epoch=11 val_jaccard=0.085916 accuracy=0.519474
epoch=12 val_jaccard=0.245336 accuracy=0.504927
epoch=13 val_jaccard=0.166709 accuracy=0.551384
epoch=14 val_jaccard=0.024091 accuracy=0.061473
epoch=15 val_jaccard=0.237640 accuracy=0.415767
epoch=16 val_jaccard=0.163517 accuracy=0.381511
epoch=17 val_jaccard=0.238076 accuracy=0.570155
epoch=18 val_jaccard=0.281555 accuracy=0.474894
epoch=19 val_jaccard=0.235411 accuracy=0.554669
epoch=20 val_jaccard=0.180276 accuracy=0.243548
epoch=21 val_jaccard=0.094396 accuracy=0.107931
epoch=22 val_jaccard=0.143784 accuracy=0.113562
epoch=23 val_jaccard=0.298405 accuracy=0.664946
epoch=24 val_jaccard=0.244941 accuracy=0.590333
epoch=25 val_jaccard=0.243058 accuracy=0.556546
epoch=26 val_jaccard=0.337045 accuracy=0.587048
epoch=27 val_jaccard=0.287308 accuracy=0.614735
epoch=28 val_jaccard=0.328637 accuracy=0.611450
epoch=29 val_jaccard=0.303775 accuracy=0.598780
epoch=30 val_jaccard=0.305369 accuracy=0.664008
epoch=31 val_jaccard=0.312856 accuracy=0.626466
epoch=32 val_jaccard=0.316871 accuracy=0.625059
epoch=33 val_jaccard=0.332716 accuracy=0.630221
epoch=34 val_jaccard=0.297758 accuracy=0.619897
epoch=35 val_jaccard=0.314731 accuracy=0.635852
epoch=36 val_jaccard=0.309264 accuracy=0.632567
wandb: updating run metadata; uploading requirements.txt; uploading wandb-metadata.json
wandb: uploading history steps 0-35, summary, console lines 1-37
wandb: 
wandb: Run history:
wandb:   train/loss ██▇▇▇▇▆▆▅▅▅▅▄▄▃▄▃▃▂▂▂▃▂▂▂▂▂▁▁▁▁▁▁▁▁▁
wandb: val/accuracy ▁▃▁▅▂▁▂▅▄▆▆▆▇▁▅▅▇▆▇▃▂▂█▇▇▇▇▇▇███████
wandb:  val/jaccard ▂▂▁▂▁▁▁▂▂▂▂▆▄▁▆▄▆▇▆▄▃▄▇▆▆█▇█▇▇▇██▇█▇
wandb: 
wandb: Run summary:
wandb:   train/loss 0.79077
wandb: val/accuracy 0.63257
wandb:  val/jaccard 0.30926
wandb: 
wandb: 🚀 View run stage1_ptower_007_P15_A_L6_w0.0_h30_foldE_seed42 at: https://wandb.ai/daky-o7600/egosurgery_multitask/runs/77nlqefd
wandb: ⭐️ View project at: https://wandb.ai/daky-o7600/egosurgery_multitask
wandb: Synced 5 W&B file(s), 0 media file(s), 0 artifact file(s) and 0 other file(s)
wandb: Find logs at: ./wandb/run-20260917_155911-77nlqefd/logs
RUN_COMPLETE /home/ubuntu/slocal2/m2/experiments/phase1/stage1_ptower_007_P15_A_L6_w0.0_h30_foldE_seed42
