wandb: [wandb.login()] Loaded credentials for https://api.wandb.ai from WANDB_API_KEY.
wandb: Currently logged in as: daky-o7600 to https://api.wandb.ai. Use `wandb login --relogin` to force relogin
wandb: WARNING Using a boolean value for 'reinit' is deprecated. Use 'return_previous' or 'finish_previous' instead.
wandb: setting up run 4d1l43y2
wandb: Tracking run with wandb version 0.27.0
wandb: Run data is saved locally in /home/ubuntu/slocal2/m2/wandb/run-20260917_155900-4d1l43y2
wandb: Run `wandb offline` to turn off syncing.
wandb: Syncing run stage1_ptower_005_P15_A_L6_w0.0_h30_foldC_seed42
wandb: ⭐️ View project at https://wandb.ai/daky-o7600/egosurgery_multitask
wandb: 🚀 View run at https://wandb.ai/daky-o7600/egosurgery_multitask/runs/4d1l43y2
epoch=1 val_jaccard=0.003605 accuracy=0.027666
epoch=2 val_jaccard=0.026459 accuracy=0.088028
/home/ubuntu/slocal2/m2/.venv/lib/python3.11/site-packages/torch/optim/lr_scheduler.py:149: UserWarning: The epoch parameter in `scheduler.step()` was not necessary and is being deprecated where possible. Please use `scheduler.step()` to step the scheduler. During the deprecation, if epoch is different from None, the closed form is used instead of the new chainable form, where available. Please open an issue if you are unable to replicate your use case: https://github.com/pytorch/pytorch/issues/new/choose.
  warnings.warn(EPOCH_DEPRECATION_WARNING, UserWarning)
epoch=3 val_jaccard=0.030283 accuracy=0.089537
epoch=4 val_jaccard=0.046187 accuracy=0.095573
epoch=5 val_jaccard=0.074433 accuracy=0.104628
epoch=6 val_jaccard=0.053471 accuracy=0.097082
epoch=7 val_jaccard=0.083388 accuracy=0.165996
epoch=8 val_jaccard=0.142345 accuracy=0.315895
epoch=9 val_jaccard=0.124993 accuracy=0.265091
epoch=10 val_jaccard=0.123798 accuracy=0.362676
epoch=11 val_jaccard=0.109586 accuracy=0.185111
epoch=12 val_jaccard=0.130663 accuracy=0.412978
epoch=13 val_jaccard=0.105637 accuracy=0.397887
epoch=14 val_jaccard=0.168301 accuracy=0.362676
epoch=15 val_jaccard=0.139647 accuracy=0.312374
epoch=16 val_jaccard=0.175248 accuracy=0.360161
epoch=17 val_jaccard=0.148855 accuracy=0.237425
epoch=18 val_jaccard=0.164847 accuracy=0.354125
epoch=19 val_jaccard=0.157196 accuracy=0.405433
epoch=20 val_jaccard=0.162301 accuracy=0.397384
epoch=21 val_jaccard=0.234730 accuracy=0.510563
epoch=22 val_jaccard=0.162256 accuracy=0.318410
epoch=23 val_jaccard=0.139698 accuracy=0.281187
epoch=24 val_jaccard=0.252469 accuracy=0.671026
epoch=25 val_jaccard=0.158876 accuracy=0.389336
epoch=26 val_jaccard=0.188891 accuracy=0.552817
epoch=27 val_jaccard=0.155779 accuracy=0.250503
epoch=28 val_jaccard=0.209025 accuracy=0.512575
epoch=29 val_jaccard=0.226596 accuracy=0.419014
epoch=30 val_jaccard=0.213284 accuracy=0.578974
epoch=31 val_jaccard=0.232777 accuracy=0.497485
epoch=32 val_jaccard=0.232829 accuracy=0.571932
epoch=33 val_jaccard=0.220131 accuracy=0.510563
epoch=34 val_jaccard=0.230569 accuracy=0.522636
wandb: updating run metadata
wandb: uploading wandb-metadata.json; uploading requirements.txt; uploading output.log; uploading wandb-summary.json
wandb: uploading config.yaml
wandb: 
wandb: Run history:
wandb:   train/loss █▇▇▇▇▆▆▅▅▄▄▄▄▃▃▃▃▃▂▂▂▂▂▂▂▂▂▁▁▁▁▁▁▁
wandb: val/accuracy ▁▂▂▂▂▂▃▄▄▅▃▅▅▅▄▅▃▅▅▅▆▄▄█▅▇▃▆▅▇▆▇▆▆
wandb:  val/jaccard ▁▂▂▂▃▂▃▅▄▄▄▅▄▆▅▆▅▆▅▅█▅▅█▅▆▅▇▇▇▇▇▇▇
wandb: 
wandb: Run summary:
wandb:   train/loss 0.81894
wandb: val/accuracy 0.52264
wandb:  val/jaccard 0.23057
wandb: 
wandb: 🚀 View run stage1_ptower_005_P15_A_L6_w0.0_h30_foldC_seed42 at: https://wandb.ai/daky-o7600/egosurgery_multitask/runs/4d1l43y2
wandb: ⭐️ View project at: https://wandb.ai/daky-o7600/egosurgery_multitask
wandb: Synced 5 W&B file(s), 0 media file(s), 0 artifact file(s) and 0 other file(s)
wandb: Find logs at: ./wandb/run-20260917_155900-4d1l43y2/logs
RUN_COMPLETE /home/ubuntu/slocal2/m2/experiments/phase1/stage1_ptower_005_P15_A_L6_w0.0_h30_foldC_seed42
