wandb: [wandb.login()] Loaded credentials for https://api.wandb.ai from WANDB_API_KEY.
wandb: Currently logged in as: daky-o7600 to https://api.wandb.ai. Use `wandb login --relogin` to force relogin
wandb: WARNING Using a boolean value for 'reinit' is deprecated. Use 'return_previous' or 'finish_previous' instead.
wandb: setting up run 260kgprx
wandb: Tracking run with wandb version 0.27.0
wandb: Run data is saved locally in /home/ubuntu/slocal2/m2/wandb/run-20260917_160240-260kgprx
wandb: Run `wandb offline` to turn off syncing.
wandb: Syncing run stage1_ptower_016_P15_B_L6_w0.0_h60_foldA_seed456
wandb: ⭐️ View project at https://wandb.ai/daky-o7600/egosurgery_multitask
wandb: 🚀 View run at https://wandb.ai/daky-o7600/egosurgery_multitask/runs/260kgprx
epoch=1 val_jaccard=0.000000 accuracy=0.000000
epoch=2 val_jaccard=0.016030 accuracy=0.112211
/home/ubuntu/slocal2/m2/.venv/lib/python3.11/site-packages/torch/optim/lr_scheduler.py:149: UserWarning: The epoch parameter in `scheduler.step()` was not necessary and is being deprecated where possible. Please use `scheduler.step()` to step the scheduler. During the deprecation, if epoch is different from None, the closed form is used instead of the new chainable form, where available. Please open an issue if you are unable to replicate your use case: https://github.com/pytorch/pytorch/issues/new/choose.
  warnings.warn(EPOCH_DEPRECATION_WARNING, UserWarning)
epoch=3 val_jaccard=0.016083 accuracy=0.112211
epoch=4 val_jaccard=0.023922 accuracy=0.099670
epoch=5 val_jaccard=0.098093 accuracy=0.153795
epoch=6 val_jaccard=0.056441 accuracy=0.133993
epoch=7 val_jaccard=0.075144 accuracy=0.147195
epoch=8 val_jaccard=0.106671 accuracy=0.324092
epoch=9 val_jaccard=0.166920 accuracy=0.454125
epoch=10 val_jaccard=0.216747 accuracy=0.516172
epoch=11 val_jaccard=0.160849 accuracy=0.431023
epoch=12 val_jaccard=0.200048 accuracy=0.423762
epoch=13 val_jaccard=0.267593 accuracy=0.456766
epoch=14 val_jaccard=0.296742 accuracy=0.650165
epoch=15 val_jaccard=0.221630 accuracy=0.504950
epoch=16 val_jaccard=0.293567 accuracy=0.595380
epoch=17 val_jaccard=0.179932 accuracy=0.291089
epoch=18 val_jaccard=0.268770 accuracy=0.592079
epoch=19 val_jaccard=0.246279 accuracy=0.380198
epoch=20 val_jaccard=0.270979 accuracy=0.491749
epoch=21 val_jaccard=0.339644 accuracy=0.592739
epoch=22 val_jaccard=0.281623 accuracy=0.566337
epoch=23 val_jaccard=0.081046 accuracy=0.083168
epoch=24 val_jaccard=0.243059 accuracy=0.467987
epoch=25 val_jaccard=0.391216 accuracy=0.721452
epoch=26 val_jaccard=0.313719 accuracy=0.433663
epoch=27 val_jaccard=0.232442 accuracy=0.384158
epoch=28 val_jaccard=0.369789 accuracy=0.569637
epoch=29 val_jaccard=0.292375 accuracy=0.472607
epoch=30 val_jaccard=0.252609 accuracy=0.401320
epoch=31 val_jaccard=0.271928 accuracy=0.460726
epoch=32 val_jaccard=0.279652 accuracy=0.476568
epoch=33 val_jaccard=0.242145 accuracy=0.409241
epoch=34 val_jaccard=0.273034 accuracy=0.471287
epoch=35 val_jaccard=0.290752 accuracy=0.499670
wandb: updating run metadata
wandb: uploading wandb-summary.json; uploading config.yaml
wandb: uploading history steps 0-34, summary, console lines 1-36
wandb: 
wandb: Run history:
wandb:   train/loss ██▇▇▆▆▆▅▅▅▄▄▄▃▃▃▃▂▂▂▂▂▂▂▂▂▂▁▁▁▁▁▁▁▁
wandb: val/accuracy ▁▂▂▂▂▂▂▄▅▆▅▅▅▇▆▇▄▇▅▆▇▆▂▆█▅▅▇▆▅▅▆▅▆▆
wandb:  val/jaccard ▁▁▁▁▃▂▂▃▄▅▄▅▆▆▅▆▄▆▅▆▇▆▂▅█▇▅█▆▆▆▆▅▆▆
wandb: 
wandb: Run summary:
wandb:   train/loss 0.80065
wandb: val/accuracy 0.49967
wandb:  val/jaccard 0.29075
wandb: 
wandb: 🚀 View run stage1_ptower_016_P15_B_L6_w0.0_h60_foldA_seed456 at: https://wandb.ai/daky-o7600/egosurgery_multitask/runs/260kgprx
wandb: ⭐️ View project at: https://wandb.ai/daky-o7600/egosurgery_multitask
wandb: Synced 5 W&B file(s), 0 media file(s), 0 artifact file(s) and 0 other file(s)
wandb: Find logs at: ./wandb/run-20260917_160240-260kgprx/logs
RUN_COMPLETE /home/ubuntu/slocal2/m2/experiments/phase1/stage1_ptower_016_P15_B_L6_w0.0_h60_foldA_seed456
