wandb: [wandb.login()] Loaded credentials for https://api.wandb.ai from WANDB_API_KEY.
wandb: Currently logged in as: daky-o7600 to https://api.wandb.ai. Use `wandb login --relogin` to force relogin
wandb: WARNING Using a boolean value for 'reinit' is deprecated. Use 'return_previous' or 'finish_previous' instead.
wandb: Tracking run with wandb version 0.27.0
wandb: Run data is saved locally in /home/ubuntu/slocal2/m2/wandb/run-20260917_160528-63wzhwd2
wandb: Run `wandb offline` to turn off syncing.
wandb: Syncing run stage1_ptower_032_P15_B_L8_w0.0_h60_foldA_seed123
wandb: ⭐️ View project at https://wandb.ai/daky-o7600/egosurgery_multitask
wandb: 🚀 View run at https://wandb.ai/daky-o7600/egosurgery_multitask/runs/63wzhwd2
epoch=1 val_jaccard=0.016030 accuracy=0.112211
epoch=2 val_jaccard=0.057510 accuracy=0.151815
/home/ubuntu/slocal2/m2/.venv/lib/python3.11/site-packages/torch/optim/lr_scheduler.py:149: UserWarning: The epoch parameter in `scheduler.step()` was not necessary and is being deprecated where possible. Please use `scheduler.step()` to step the scheduler. During the deprecation, if epoch is different from None, the closed form is used instead of the new chainable form, where available. Please open an issue if you are unable to replicate your use case: https://github.com/pytorch/pytorch/issues/new/choose.
  warnings.warn(EPOCH_DEPRECATION_WARNING, UserWarning)
epoch=3 val_jaccard=0.164870 accuracy=0.445545
epoch=4 val_jaccard=0.150906 accuracy=0.471947
epoch=5 val_jaccard=0.167652 accuracy=0.471287
epoch=6 val_jaccard=0.143290 accuracy=0.467327
epoch=7 val_jaccard=0.181156 accuracy=0.512211
epoch=8 val_jaccard=0.145871 accuracy=0.467987
epoch=9 val_jaccard=0.196925 accuracy=0.522112
epoch=10 val_jaccard=0.185864 accuracy=0.514851
epoch=11 val_jaccard=0.191234 accuracy=0.469967
epoch=12 val_jaccard=0.324882 accuracy=0.676568
epoch=13 val_jaccard=0.187097 accuracy=0.472607
epoch=14 val_jaccard=0.205309 accuracy=0.272607
epoch=15 val_jaccard=0.269132 accuracy=0.617162
epoch=16 val_jaccard=0.280886 accuracy=0.491749
epoch=17 val_jaccard=0.208498 accuracy=0.423102
epoch=18 val_jaccard=0.296044 accuracy=0.522112
epoch=19 val_jaccard=0.293980 accuracy=0.491749
epoch=20 val_jaccard=0.244744 accuracy=0.460066
epoch=21 val_jaccard=0.288877 accuracy=0.561716
epoch=22 val_jaccard=0.248120 accuracy=0.398020
wandb: updating run metadata
wandb: uploading requirements.txt; updating run metadata
wandb: uploading output.log; uploading wandb-summary.json; uploading config.yaml
wandb: uploading output.log; uploading config.yaml
wandb: 
wandb: Run history:
wandb:   train/loss ██▇▆▆▅▅▄▄▄▄▄▃▃▃▂▂▂▁▁▁▁
wandb: val/accuracy ▁▁▅▅▅▅▆▅▆▆▅█▅▃▇▆▅▆▆▅▇▅
wandb:  val/jaccard ▁▂▄▄▄▄▅▄▅▅▅█▅▅▇▇▅▇▇▆▇▆
wandb: 
wandb: Run summary:
wandb:   train/loss 1.1295
wandb: val/accuracy 0.39802
wandb:  val/jaccard 0.24812
wandb: 
wandb: 🚀 View run stage1_ptower_032_P15_B_L8_w0.0_h60_foldA_seed123 at: https://wandb.ai/daky-o7600/egosurgery_multitask/runs/63wzhwd2
wandb: ⭐️ View project at: https://wandb.ai/daky-o7600/egosurgery_multitask
wandb: Synced 5 W&B file(s), 0 media file(s), 0 artifact file(s) and 0 other file(s)
wandb: Find logs at: ./wandb/run-20260917_160528-63wzhwd2/logs
RUN_COMPLETE /home/ubuntu/slocal2/m2/experiments/phase1/stage1_ptower_032_P15_B_L8_w0.0_h60_foldA_seed123
