wandb: [wandb.login()] Loaded credentials for https://api.wandb.ai from WANDB_API_KEY.
wandb: Currently logged in as: daky-o7600 to https://api.wandb.ai. Use `wandb login --relogin` to force relogin
wandb: WARNING Using a boolean value for 'reinit' is deprecated. Use 'return_previous' or 'finish_previous' instead.
wandb: Tracking run with wandb version 0.27.0
wandb: Run data is saved locally in /home/ubuntu/slocal2/m2/wandb/run-20260917_160402-zbrq1h0l
wandb: Run `wandb offline` to turn off syncing.
wandb: Syncing run stage1_ptower_025_P15_C_L6_w0.3_h30_foldA_seed456
wandb: ⭐️ View project at https://wandb.ai/daky-o7600/egosurgery_multitask
wandb: 🚀 View run at https://wandb.ai/daky-o7600/egosurgery_multitask/runs/zbrq1h0l
epoch=1 val_jaccard=0.005375 accuracy=0.037624
epoch=2 val_jaccard=0.092892 accuracy=0.372937
/home/ubuntu/slocal2/m2/.venv/lib/python3.11/site-packages/torch/optim/lr_scheduler.py:149: UserWarning: The epoch parameter in `scheduler.step()` was not necessary and is being deprecated where possible. Please use `scheduler.step()` to step the scheduler. During the deprecation, if epoch is different from None, the closed form is used instead of the new chainable form, where available. Please open an issue if you are unable to replicate your use case: https://github.com/pytorch/pytorch/issues/new/choose.
  warnings.warn(EPOCH_DEPRECATION_WARNING, UserWarning)
epoch=3 val_jaccard=0.017763 accuracy=0.112871
epoch=4 val_jaccard=0.030251 accuracy=0.121452
epoch=5 val_jaccard=0.042540 accuracy=0.128713
epoch=6 val_jaccard=0.051500 accuracy=0.166337
epoch=7 val_jaccard=0.132402 accuracy=0.434983
epoch=8 val_jaccard=0.101236 accuracy=0.264686
epoch=9 val_jaccard=0.205246 accuracy=0.582178
epoch=10 val_jaccard=0.187361 accuracy=0.368977
epoch=11 val_jaccard=0.161177 accuracy=0.396700
epoch=12 val_jaccard=0.182268 accuracy=0.382838
epoch=13 val_jaccard=0.192983 accuracy=0.462046
epoch=14 val_jaccard=0.180412 accuracy=0.481848
epoch=15 val_jaccard=0.231568 accuracy=0.497030
epoch=16 val_jaccard=0.192686 accuracy=0.404620
epoch=17 val_jaccard=0.146893 accuracy=0.180198
epoch=18 val_jaccard=0.266071 accuracy=0.576238
epoch=19 val_jaccard=0.171898 accuracy=0.213861
epoch=20 val_jaccard=0.119030 accuracy=0.155116
epoch=21 val_jaccard=0.198142 accuracy=0.308911
epoch=22 val_jaccard=0.388498 accuracy=0.724752
epoch=23 val_jaccard=0.271374 accuracy=0.520132
epoch=24 val_jaccard=0.299599 accuracy=0.510231
epoch=25 val_jaccard=0.207213 accuracy=0.372277
epoch=26 val_jaccard=0.282601 accuracy=0.498350
epoch=27 val_jaccard=0.267210 accuracy=0.467327
epoch=28 val_jaccard=0.264780 accuracy=0.466007
epoch=29 val_jaccard=0.275913 accuracy=0.458086
epoch=30 val_jaccard=0.290866 accuracy=0.512211
epoch=31 val_jaccard=0.275617 accuracy=0.482508
epoch=32 val_jaccard=0.281533 accuracy=0.491749
wandb: updating run metadata
wandb: uploading wandb-summary.json; uploading wandb-metadata.json; uploading requirements.txt; uploading output.log
wandb: uploading history steps 0-31, summary, console lines 1-33
wandb: 
wandb: Run history:
wandb:   train/loss ██▇▇▆▆▆▅▅▄▅▄▄▄▄▃▃▂▂▂▂▂▂▂▁▁▁▁▁▁▁▁
wandb: val/accuracy ▁▄▂▂▂▂▅▃▇▄▅▅▅▆▆▅▂▆▃▂▄█▆▆▄▆▅▅▅▆▆▆
wandb:  val/jaccard ▁▃▁▁▂▂▃▃▅▄▄▄▄▄▅▄▄▆▄▃▅█▆▆▅▆▆▆▆▆▆▆
wandb: 
wandb: Run summary:
wandb:   train/loss 1.24748
wandb: val/accuracy 0.49175
wandb:  val/jaccard 0.28153
wandb: 
wandb: 🚀 View run stage1_ptower_025_P15_C_L6_w0.3_h30_foldA_seed456 at: https://wandb.ai/daky-o7600/egosurgery_multitask/runs/zbrq1h0l
wandb: ⭐️ View project at: https://wandb.ai/daky-o7600/egosurgery_multitask
wandb: Synced 5 W&B file(s), 0 media file(s), 0 artifact file(s) and 0 other file(s)
wandb: Find logs at: ./wandb/run-20260917_160402-zbrq1h0l/logs
RUN_COMPLETE /home/ubuntu/slocal2/m2/experiments/phase1/stage1_ptower_025_P15_C_L6_w0.3_h30_foldA_seed456
