wandb: [wandb.login()] Loaded credentials for https://api.wandb.ai from WANDB_API_KEY.
wandb: Currently logged in as: daky-o7600 to https://api.wandb.ai. Use `wandb login --relogin` to force relogin
wandb: WARNING Using a boolean value for 'reinit' is deprecated. Use 'return_previous' or 'finish_previous' instead.
wandb: Tracking run with wandb version 0.27.0
wandb: Run data is saved locally in /home/ubuntu/slocal2/m2/wandb/run-20260917_160709-kauzboom
wandb: Run `wandb offline` to turn off syncing.
wandb: Syncing run stage1_ptower_044_P15_C_L8_w0.3_h30_foldE_seed42
wandb: ⭐️ View project at https://wandb.ai/daky-o7600/egosurgery_multitask
wandb: 🚀 View run at https://wandb.ai/daky-o7600/egosurgery_multitask/runs/kauzboom
epoch=1 val_jaccard=0.146684 accuracy=0.281558
epoch=2 val_jaccard=0.080663 accuracy=0.087752
/home/ubuntu/slocal2/m2/.venv/lib/python3.11/site-packages/torch/optim/lr_scheduler.py:149: UserWarning: The epoch parameter in `scheduler.step()` was not necessary and is being deprecated where possible. Please use `scheduler.step()` to step the scheduler. During the deprecation, if epoch is different from None, the closed form is used instead of the new chainable form, where available. Please open an issue if you are unable to replicate your use case: https://github.com/pytorch/pytorch/issues/new/choose.
  warnings.warn(EPOCH_DEPRECATION_WARNING, UserWarning)
epoch=3 val_jaccard=0.135110 accuracy=0.127640
epoch=4 val_jaccard=0.171882 accuracy=0.294697
epoch=5 val_jaccard=0.195572 accuracy=0.666354
epoch=6 val_jaccard=0.182596 accuracy=0.465040
epoch=7 val_jaccard=0.130838 accuracy=0.546222
epoch=8 val_jaccard=0.247332 accuracy=0.682309
epoch=9 val_jaccard=0.164664 accuracy=0.274988
epoch=10 val_jaccard=0.256777 accuracy=0.608165
epoch=11 val_jaccard=0.211210 accuracy=0.583763
epoch=12 val_jaccard=0.230647 accuracy=0.646645
epoch=13 val_jaccard=0.228703 accuracy=0.581417
epoch=14 val_jaccard=0.170429 accuracy=0.370718
epoch=15 val_jaccard=0.449605 accuracy=0.694979
epoch=16 val_jaccard=0.195692 accuracy=0.307837
epoch=17 val_jaccard=0.410730 accuracy=0.735805
epoch=18 val_jaccard=0.245383 accuracy=0.583763
epoch=19 val_jaccard=0.270920 accuracy=0.446739
epoch=20 val_jaccard=0.306051 accuracy=0.290943
epoch=21 val_jaccard=0.289458 accuracy=0.558893
epoch=22 val_jaccard=0.377949 accuracy=0.677616
epoch=23 val_jaccard=0.406412 accuracy=0.685594
epoch=24 val_jaccard=0.398691 accuracy=0.702487
epoch=25 val_jaccard=0.405193 accuracy=0.702018
wandb: updating run metadata
wandb: uploading output.log; uploading wandb-summary.json; uploading wandb-metadata.json; uploading requirements.txt
wandb: uploading output.log; uploading wandb-metadata.json; uploading requirements.txt; uploading config.yaml
wandb: 
wandb: Run history:
wandb:   train/loss ██▇▆▆▆▅▅▅▄▄▃▃▃▂▂▂▂▂▂▃▂▁▁▁
wandb: val/accuracy ▃▁▁▃▇▅▆▇▃▇▆▇▆▄█▃█▆▅▃▆▇▇██
wandb:  val/jaccard ▂▁▂▃▃▃▂▄▃▄▃▄▄▃█▃▇▄▅▅▅▇▇▇▇
wandb: 
wandb: Run summary:
wandb:   train/loss 1.41929
wandb: val/accuracy 0.70202
wandb:  val/jaccard 0.40519
wandb: 
wandb: 🚀 View run stage1_ptower_044_P15_C_L8_w0.3_h30_foldE_seed42 at: https://wandb.ai/daky-o7600/egosurgery_multitask/runs/kauzboom
wandb: ⭐️ View project at: https://wandb.ai/daky-o7600/egosurgery_multitask
wandb: Synced 5 W&B file(s), 0 media file(s), 0 artifact file(s) and 0 other file(s)
wandb: Find logs at: ./wandb/run-20260917_160709-kauzboom/logs
RUN_COMPLETE /home/ubuntu/slocal2/m2/experiments/phase1/stage1_ptower_044_P15_C_L8_w0.3_h30_foldE_seed42
