wandb: [wandb.login()] Loaded credentials for https://api.wandb.ai from WANDB_API_KEY.
wandb: Currently logged in as: daky-o7600 to https://api.wandb.ai. Use `wandb login --relogin` to force relogin
wandb: WARNING Using a boolean value for 'reinit' is deprecated. Use 'return_previous' or 'finish_previous' instead.
wandb: setting up run 0jh10bzo
wandb: Tracking run with wandb version 0.27.0
wandb: Run data is saved locally in /home/ubuntu/slocal2/m2/wandb/run-20260917_160551-0jh10bzo
wandb: Run `wandb offline` to turn off syncing.
wandb: Syncing run stage1_ptower_035_P15_B_L8_w0.0_h60_foldD_seed42
wandb: ⭐️ View project at https://wandb.ai/daky-o7600/egosurgery_multitask
wandb: 🚀 View run at https://wandb.ai/daky-o7600/egosurgery_multitask/runs/0jh10bzo
epoch=1 val_jaccard=0.002398 accuracy=0.019186
epoch=2 val_jaccard=0.018446 accuracy=0.037197
/home/ubuntu/slocal2/m2/.venv/lib/python3.11/site-packages/torch/optim/lr_scheduler.py:149: UserWarning: The epoch parameter in `scheduler.step()` was not necessary and is being deprecated where possible. Please use `scheduler.step()` to step the scheduler. During the deprecation, if epoch is different from None, the closed form is used instead of the new chainable form, where available. Please open an issue if you are unable to replicate your use case: https://github.com/pytorch/pytorch/issues/new/choose.
  warnings.warn(EPOCH_DEPRECATION_WARNING, UserWarning)
epoch=3 val_jaccard=0.003196 accuracy=0.016836
epoch=4 val_jaccard=0.130740 accuracy=0.547768
epoch=5 val_jaccard=0.117118 accuracy=0.555208
epoch=6 val_jaccard=0.128810 accuracy=0.547377
epoch=7 val_jaccard=0.190727 accuracy=0.562647
epoch=8 val_jaccard=0.162269 accuracy=0.590838
epoch=9 val_jaccard=0.293235 accuracy=0.653876
epoch=10 val_jaccard=0.193462 accuracy=0.428348
epoch=11 val_jaccard=0.343238 accuracy=0.603759
epoch=12 val_jaccard=0.244582 accuracy=0.561472
epoch=13 val_jaccard=0.305262 accuracy=0.501958
epoch=14 val_jaccard=0.306809 accuracy=0.396241
epoch=15 val_jaccard=0.365345 accuracy=0.603367
epoch=16 val_jaccard=0.174787 accuracy=0.429522
epoch=17 val_jaccard=0.329929 accuracy=0.420517
epoch=18 val_jaccard=0.311635 accuracy=0.589663
epoch=19 val_jaccard=0.305278 accuracy=0.535630
epoch=20 val_jaccard=0.298775 accuracy=0.558340
epoch=21 val_jaccard=0.315593 accuracy=0.487862
epoch=22 val_jaccard=0.324226 accuracy=0.478857
epoch=23 val_jaccard=0.315401 accuracy=0.490211
epoch=24 val_jaccard=0.339806 accuracy=0.480814
epoch=25 val_jaccard=0.340788 accuracy=0.524276
wandb: updating run metadata
wandb: uploading history steps 0-24, summary, console lines 1-26
wandb: 
wandb: Run history:
wandb:   train/loss █▇▇▆▆▅▅▄▄▄▄▄▃▃▂▂▂▂▂▂▂▁▁▁▁
wandb: val/accuracy ▁▁▁▇▇▇▇▇█▆▇▇▆▅▇▆▅▇▇▇▆▆▆▆▇
wandb:  val/jaccard ▁▁▁▃▃▃▅▄▇▅█▆▇▇█▄▇▇▇▇▇▇▇██
wandb: 
wandb: Run summary:
wandb:   train/loss 0.90047
wandb: val/accuracy 0.52428
wandb:  val/jaccard 0.34079
wandb: 
wandb: 🚀 View run stage1_ptower_035_P15_B_L8_w0.0_h60_foldD_seed42 at: https://wandb.ai/daky-o7600/egosurgery_multitask/runs/0jh10bzo
wandb: ⭐️ View project at: https://wandb.ai/daky-o7600/egosurgery_multitask
wandb: Synced 5 W&B file(s), 0 media file(s), 0 artifact file(s) and 0 other file(s)
wandb: Find logs at: ./wandb/run-20260917_160551-0jh10bzo/logs
RUN_COMPLETE /home/ubuntu/slocal2/m2/experiments/phase1/stage1_ptower_035_P15_B_L8_w0.0_h60_foldD_seed42
