wandb: [wandb.login()] Loaded credentials for https://api.wandb.ai from WANDB_API_KEY.
wandb: Currently logged in as: daky-o7600 to https://api.wandb.ai. Use `wandb login --relogin` to force relogin
wandb: WARNING Using a boolean value for 'reinit' is deprecated. Use 'return_previous' or 'finish_previous' instead.
wandb: Tracking run with wandb version 0.27.0
wandb: Run data is saved locally in /home/ubuntu/slocal2/m2/wandb/run-20260917_160151-fd67q1sv
wandb: Run `wandb offline` to turn off syncing.
wandb: Syncing run stage1_ptower_012_P15_B_L6_w0.0_h30_foldA_seed42
wandb: ⭐️ View project at https://wandb.ai/daky-o7600/egosurgery_multitask
wandb: 🚀 View run at https://wandb.ai/daky-o7600/egosurgery_multitask/runs/fd67q1sv
epoch=1 val_jaccard=0.030061 accuracy=0.120132
epoch=2 val_jaccard=0.035684 accuracy=0.124092
/home/ubuntu/slocal2/m2/.venv/lib/python3.11/site-packages/torch/optim/lr_scheduler.py:149: UserWarning: The epoch parameter in `scheduler.step()` was not necessary and is being deprecated where possible. Please use `scheduler.step()` to step the scheduler. During the deprecation, if epoch is different from None, the closed form is used instead of the new chainable form, where available. Please open an issue if you are unable to replicate your use case: https://github.com/pytorch/pytorch/issues/new/choose.
  warnings.warn(EPOCH_DEPRECATION_WARNING, UserWarning)
epoch=3 val_jaccard=0.081822 accuracy=0.153135
epoch=4 val_jaccard=0.048713 accuracy=0.133993
epoch=5 val_jaccard=0.066203 accuracy=0.149835
epoch=6 val_jaccard=0.049212 accuracy=0.132673
epoch=7 val_jaccard=0.124203 accuracy=0.440264
epoch=8 val_jaccard=0.107224 accuracy=0.365677
epoch=9 val_jaccard=0.183428 accuracy=0.489769
epoch=10 val_jaccard=0.205012 accuracy=0.504950
epoch=11 val_jaccard=0.157909 accuracy=0.441584
epoch=12 val_jaccard=0.193037 accuracy=0.377558
epoch=13 val_jaccard=0.158089 accuracy=0.442244
epoch=14 val_jaccard=0.206732 accuracy=0.464026
epoch=15 val_jaccard=0.307122 accuracy=0.693069
epoch=16 val_jaccard=0.211064 accuracy=0.469307
epoch=17 val_jaccard=0.275697 accuracy=0.613861
epoch=18 val_jaccard=0.252614 accuracy=0.544554
epoch=19 val_jaccard=0.278429 accuracy=0.516172
epoch=20 val_jaccard=0.294131 accuracy=0.499670
epoch=21 val_jaccard=0.315232 accuracy=0.656106
epoch=22 val_jaccard=0.287379 accuracy=0.501650
epoch=23 val_jaccard=0.274452 accuracy=0.512211
epoch=24 val_jaccard=0.196076 accuracy=0.281188
epoch=25 val_jaccard=0.331701 accuracy=0.465347
epoch=26 val_jaccard=0.314631 accuracy=0.625743
epoch=27 val_jaccard=0.286606 accuracy=0.351155
epoch=28 val_jaccard=0.348531 accuracy=0.573597
epoch=29 val_jaccard=0.206229 accuracy=0.279868
epoch=30 val_jaccard=0.368426 accuracy=0.594059
epoch=31 val_jaccard=0.219797 accuracy=0.337954
epoch=32 val_jaccard=0.320808 accuracy=0.504950
epoch=33 val_jaccard=0.310501 accuracy=0.518152
epoch=34 val_jaccard=0.300194 accuracy=0.498350
epoch=35 val_jaccard=0.290713 accuracy=0.485149
epoch=36 val_jaccard=0.321451 accuracy=0.519472
epoch=37 val_jaccard=0.295128 accuracy=0.495710
epoch=38 val_jaccard=0.302595 accuracy=0.509571
epoch=39 val_jaccard=0.291204 accuracy=0.487129
epoch=40 val_jaccard=0.302958 accuracy=0.502970
wandb: updating run metadata
wandb: uploading wandb-summary.json; uploading config.yaml
wandb: 
wandb: Run history:
wandb:   train/loss █▇▇▆▆▆▅▅▅▅▄▄▄▃▄▄▃▃▃▂▂▂▂▂▂▂▂▁▁▁▁▁▁▁▁▁▁▁▁▁
wandb: val/accuracy ▁▁▁▁▁▁▅▄▆▆▅▄▅▅█▅▇▆▆▆█▆▆▃▅▇▄▇▃▇▄▆▆▆▅▆▆▆▅▆
wandb:  val/jaccard ▁▁▂▁▂▁▃▃▄▅▄▄▄▅▇▅▆▆▆▆▇▆▆▄▇▇▆█▅█▅▇▇▇▆▇▆▇▆▇
wandb: 
wandb: Run summary:
wandb:   train/loss 0.80093
wandb: val/accuracy 0.50297
wandb:  val/jaccard 0.30296
wandb: 
wandb: 🚀 View run stage1_ptower_012_P15_B_L6_w0.0_h30_foldA_seed42 at: https://wandb.ai/daky-o7600/egosurgery_multitask/runs/fd67q1sv
wandb: ⭐️ View project at: https://wandb.ai/daky-o7600/egosurgery_multitask
wandb: Synced 5 W&B file(s), 0 media file(s), 0 artifact file(s) and 0 other file(s)
wandb: Find logs at: ./wandb/run-20260917_160151-fd67q1sv/logs
RUN_COMPLETE /home/ubuntu/slocal2/m2/experiments/phase1/stage1_ptower_012_P15_B_L6_w0.0_h30_foldA_seed42
