wandb: [wandb.login()] Loaded credentials for https://api.wandb.ai from WANDB_API_KEY.
wandb: Currently logged in as: daky-o7600 to https://api.wandb.ai. Use `wandb login --relogin` to force relogin
wandb: WARNING Using a boolean value for 'reinit' is deprecated. Use 'return_previous' or 'finish_previous' instead.
wandb: Tracking run with wandb version 0.27.0
wandb: Run data is saved locally in /home/ubuntu/slocal2/m2/wandb/run-20260917_155647-765asw0q
wandb: Run `wandb offline` to turn off syncing.
wandb: Syncing run stage1_ptower_002_P15_linear_L6_w0.0_foldA_seed42
wandb: ⭐️ View project at https://wandb.ai/daky-o7600/egosurgery_multitask
wandb: 🚀 View run at https://wandb.ai/daky-o7600/egosurgery_multitask/runs/765asw0q
epoch=1 val_jaccard=0.033684 accuracy=0.143894
epoch=2 val_jaccard=0.060136 accuracy=0.135314
/home/ubuntu/slocal2/m2/.venv/lib/python3.11/site-packages/torch/optim/lr_scheduler.py:149: UserWarning: The epoch parameter in `scheduler.step()` was not necessary and is being deprecated where possible. Please use `scheduler.step()` to step the scheduler. During the deprecation, if epoch is different from None, the closed form is used instead of the new chainable form, where available. Please open an issue if you are unable to replicate your use case: https://github.com/pytorch/pytorch/issues/new/choose.
  warnings.warn(EPOCH_DEPRECATION_WARNING, UserWarning)
epoch=3 val_jaccard=0.109157 accuracy=0.288449
epoch=4 val_jaccard=0.114186 accuracy=0.292409
epoch=5 val_jaccard=0.141828 accuracy=0.283828
epoch=6 val_jaccard=0.159554 accuracy=0.374257
epoch=7 val_jaccard=0.158778 accuracy=0.246865
epoch=8 val_jaccard=0.127092 accuracy=0.304290
epoch=9 val_jaccard=0.196377 accuracy=0.463366
epoch=10 val_jaccard=0.143683 accuracy=0.248185
epoch=11 val_jaccard=0.216614 accuracy=0.471287
epoch=12 val_jaccard=0.220521 accuracy=0.435644
epoch=13 val_jaccard=0.188387 accuracy=0.382178
epoch=14 val_jaccard=0.216804 accuracy=0.413861
epoch=15 val_jaccard=0.216748 accuracy=0.411881
epoch=16 val_jaccard=0.224952 accuracy=0.483828
epoch=17 val_jaccard=0.206046 accuracy=0.370297
epoch=18 val_jaccard=0.214701 accuracy=0.464686
epoch=19 val_jaccard=0.211693 accuracy=0.419802
epoch=20 val_jaccard=0.222119 accuracy=0.430363
epoch=21 val_jaccard=0.211451 accuracy=0.434323
epoch=22 val_jaccard=0.216573 accuracy=0.427723
epoch=23 val_jaccard=0.218709 accuracy=0.432343
epoch=24 val_jaccard=0.223246 accuracy=0.457426
epoch=25 val_jaccard=0.211947 accuracy=0.419802
epoch=26 val_jaccard=0.224264 accuracy=0.452145
wandb: updating run metadata
wandb: uploading wandb-metadata.json; uploading requirements.txt; uploading output.log; uploading wandb-summary.json
wandb: uploading history steps 0-25, summary, console lines 1-27
wandb: 
wandb: Run history:
wandb:   train/loss █▇▇▆▅▅▄▄▃▃▃▃▂▂▂▂▂▂▁▁▁▁▁▁▁▁
wandb: val/accuracy ▁▁▄▄▄▆▃▄█▃█▇▆▇▇█▆█▇▇▇▇▇▇▇▇
wandb:  val/jaccard ▁▂▄▄▅▆▆▄▇▅██▇███▇█████████
wandb: 
wandb: Run summary:
wandb:   train/loss 1.01339
wandb: val/accuracy 0.45215
wandb:  val/jaccard 0.22426
wandb: 
wandb: 🚀 View run stage1_ptower_002_P15_linear_L6_w0.0_foldA_seed42 at: https://wandb.ai/daky-o7600/egosurgery_multitask/runs/765asw0q
wandb: ⭐️ View project at: https://wandb.ai/daky-o7600/egosurgery_multitask
wandb: Synced 5 W&B file(s), 0 media file(s), 0 artifact file(s) and 0 other file(s)
wandb: Find logs at: ./wandb/run-20260917_155647-765asw0q/logs
RUN_COMPLETE /home/ubuntu/slocal2/m2/experiments/phase1/stage1_ptower_002_P15_linear_L6_w0.0_foldA_seed42
