/home/ubuntu/slocal/m2/.venv-relation-detr/lib/python3.11/site-packages/albumentations/core/validation.py:114: UserWarning: ShiftScaleRotate is a special case of Affine transform. Please use Affine transform instead.
  original_init(self, **validated_kwargs)
/home/ubuntu/slocal/m2/third_party/Relation-DETR/transforms/presets.py:109: UserWarning: Argument(s) 'value' are not valid for transform ShiftScaleRotate
  A.ShiftScaleRotate(
/home/ubuntu/slocal/m2/third_party/Relation-DETR/transforms/presets.py:140: UserWarning: Argument(s) 'quality_lower, quality_upper' are not valid for transform ImageCompression
  A.ImageCompression(quality_lower=85, quality_upper=95, p=0.2),
/home/ubuntu/slocal/m2/third_party/Relation-DETR/transforms/presets.py:195: UserWarning: Argument(s) 'value' are not valid for transform ShiftScaleRotate
  A.ShiftScaleRotate(
/home/ubuntu/slocal/m2/third_party/Relation-DETR/transforms/presets.py:226: UserWarning: Argument(s) 'quality_lower, quality_upper' are not valid for transform ImageCompression
  A.ImageCompression(quality_lower=85, quality_upper=95, p=0.2),
Using /home/ubuntu/.cache/torch_extensions/py311_cu118 as PyTorch extensions root...
Detected CUDA files, patching ldflags
Emitting ninja build file /home/ubuntu/.cache/torch_extensions/py311_cu118/MultiScaleDeformableAttention/build.ninja...
Building extension module MultiScaleDeformableAttention...
Allowing ninja to set a default number of workers... (overridable by setting the environment variable MAX_JOBS=N)
loading annotations into memory...
Done (t=0.34s)
creating index...
index created!
Using [0, 0.5, 0.6299605249474365, 0.7937005259840997, 1.0, 1.259921049894873, 1.5874010519681991, 2.0, inf] as bins for aspect ratio quantization
Count of instances per bin: [9618]
loading annotations into memory...
Done (t=0.02s)
creating index...
index created!
ninja: no work to do.
Loading extension module MultiScaleDeformableAttention...
/home/ubuntu/slocal/m2/.venv-relation-detr/lib/python3.11/site-packages/torch/overrides.py:110: UserWarning: 'has_cuda' is deprecated, please use 'torch.backends.cuda.is_built()'
  torch.has_cuda,
/home/ubuntu/slocal/m2/.venv-relation-detr/lib/python3.11/site-packages/torch/overrides.py:111: UserWarning: 'has_cudnn' is deprecated, please use 'torch.backends.cudnn.is_available()'
  torch.has_cudnn,
/home/ubuntu/slocal/m2/.venv-relation-detr/lib/python3.11/site-packages/torch/overrides.py:117: UserWarning: 'has_mps' is deprecated, please use 'torch.backends.mps.is_built()'
  torch.has_mps,
/home/ubuntu/slocal/m2/.venv-relation-detr/lib/python3.11/site-packages/torch/overrides.py:118: UserWarning: 'has_mkldnn' is deprecated, please use 'torch.backends.mkldnn.is_available()'
  torch.has_mkldnn,
The model and loaded state dict do not match exactly
Missing keys: _rare_mask, phase_clsbias.0.weight, phase_clsbias.0.bias, phase_clsbias.2.weight, phase_clsbias.2.bias

[t1b] warm-start from /home/ubuntu/slocal/m2/third_party/Relation-DETR/checkpoints/incoming/seed123/best_ap.pth
[t1b] seed=123 inject=clsbias trainable=film zero_ctx=True det_steps/ep=4809 phase_params=1615 total_trainable=1615 miss_ctx(tr/va)=0/0 work=/tmp/t1b_clsbias_zeroctx_seed123
Accumulating evaluation results...
DONE (t=4.70s).
[t1b] warm-start init mAP=0.7292 (S0-frozen 水準なら warm-start+恒等 OK)
[t1b][ep0 0/4809] L=13.101 1.8it/s eta_ep=43m
[t1b][ep0 200/4809] L=16.804 3.3it/s eta_ep=23m
[t1b][ep0 400/4809] L=10.636 3.4it/s eta_ep=22m
[t1b][ep0 600/4809] L=17.992 3.4it/s eta_ep=20m
[t1b][ep0 800/4809] L=13.548 3.5it/s eta_ep=19m
[t1b][ep0 1000/4809] L=18.695 3.5it/s eta_ep=18m
[t1b][ep0 1200/4809] L=6.826 3.5it/s eta_ep=17m
[t1b][ep0 1400/4809] L=15.072 3.5it/s eta_ep=16m
[t1b][ep0 1600/4809] L=14.135 3.5it/s eta_ep=15m
[t1b][ep0 1800/4809] L=8.930 3.5it/s eta_ep=14m
[t1b][ep0 2000/4809] L=17.377 3.5it/s eta_ep=13m
[t1b][ep0 2200/4809] L=14.730 3.5it/s eta_ep=12m
[t1b][ep0 2400/4809] L=12.285 3.5it/s eta_ep=11m
[t1b][ep0 2600/4809] L=19.484 3.5it/s eta_ep=10m
[t1b][ep0 2800/4809] L=22.480 3.5it/s eta_ep=9m
[t1b][ep0 3000/4809] L=13.922 3.5it/s eta_ep=9m
[t1b][ep0 3200/4809] L=12.337 3.5it/s eta_ep=8m
[t1b][ep0 3400/4809] L=8.074 3.5it/s eta_ep=7m
[t1b][ep0 3600/4809] L=14.281 3.5it/s eta_ep=6m
[t1b][ep0 3800/4809] L=7.807 3.5it/s eta_ep=5m
[t1b][ep0 4000/4809] L=16.069 3.5it/s eta_ep=4m
[t1b][ep0 4200/4809] L=17.422 3.5it/s eta_ep=3m
[t1b][ep0 4400/4809] L=28.926 3.5it/s eta_ep=2m
[t1b][ep0 4600/4809] L=9.454 3.5it/s eta_ep=1m
[t1b][ep0 4800/4809] L=13.104 3.5it/s eta_ep=0m
Accumulating evaluation results...
DONE (t=4.60s).
[t1b][ep0] val mAP=0.7292
[t1b][ep1 0/4809] L=5.395 3.0it/s eta_ep=27m
[t1b][ep1 200/4809] L=20.371 3.5it/s eta_ep=22m
[t1b][ep1 400/4809] L=10.693 3.5it/s eta_ep=21m
[t1b][ep1 600/4809] L=10.967 3.5it/s eta_ep=20m
[t1b][ep1 800/4809] L=11.534 3.5it/s eta_ep=19m
[t1b][ep1 1000/4809] L=12.822 3.5it/s eta_ep=18m
[t1b][ep1 1200/4809] L=28.500 3.5it/s eta_ep=17m
[t1b][ep1 1400/4809] L=11.138 3.5it/s eta_ep=16m
[t1b][ep1 1600/4809] L=14.151 3.5it/s eta_ep=15m
[t1b][ep1 1800/4809] L=13.754 3.5it/s eta_ep=14m
[t1b][ep1 2000/4809] L=11.972 3.5it/s eta_ep=14m
[t1b][ep1 2200/4809] L=15.695 3.5it/s eta_ep=13m
[t1b][ep1 2400/4809] L=18.089 3.5it/s eta_ep=12m
[t1b][ep1 2600/4809] L=10.652 3.5it/s eta_ep=11m
[t1b][ep1 2800/4809] L=16.837 3.5it/s eta_ep=10m
[t1b][ep1 3000/4809] L=14.263 3.5it/s eta_ep=9m
[t1b][ep1 3200/4809] L=14.786 3.5it/s eta_ep=8m
[t1b][ep1 3400/4809] L=22.303 3.5it/s eta_ep=7m
[t1b][ep1 3600/4809] L=14.553 3.5it/s eta_ep=6m
[t1b][ep1 3800/4809] L=20.745 3.4it/s eta_ep=5m
[t1b][ep1 4000/4809] L=8.748 3.4it/s eta_ep=4m
[t1b][ep1 4200/4809] L=10.051 3.4it/s eta_ep=3m
[t1b][ep1 4400/4809] L=14.551 3.4it/s eta_ep=2m
[t1b][ep1 4600/4809] L=24.398 3.4it/s eta_ep=1m
[t1b][ep1 4800/4809] L=11.932 3.4it/s eta_ep=0m
Accumulating evaluation results...
DONE (t=4.32s).
[t1b][ep1] val mAP=0.7292
[t1b][ep2 0/4809] L=20.416 2.8it/s eta_ep=29m
[t1b][ep2 200/4809] L=7.193 3.4it/s eta_ep=23m
[t1b][ep2 400/4809] L=9.922 3.4it/s eta_ep=22m
[t1b][ep2 600/4809] L=22.202 3.4it/s eta_ep=21m
[t1b][ep2 800/4809] L=6.741 3.4it/s eta_ep=20m
[t1b][ep2 1000/4809] L=12.297 3.4it/s eta_ep=19m
[t1b][ep2 1200/4809] L=18.538 3.4it/s eta_ep=18m
[t1b][ep2 1400/4809] L=21.062 3.4it/s eta_ep=17m
[t1b][ep2 1600/4809] L=6.707 3.4it/s eta_ep=16m
[t1b][ep2 1800/4809] L=21.638 3.4it/s eta_ep=15m
[t1b][ep2 2000/4809] L=8.360 3.4it/s eta_ep=14m
[t1b][ep2 2200/4809] L=15.922 3.4it/s eta_ep=13m
[t1b][ep2 2400/4809] L=17.780 3.4it/s eta_ep=12m
[t1b][ep2 2600/4809] L=17.606 3.4it/s eta_ep=11m
[t1b][ep2 2800/4809] L=12.364 3.4it/s eta_ep=10m
[t1b][ep2 3000/4809] L=13.502 3.4it/s eta_ep=9m
[t1b][ep2 3200/4809] L=11.187 3.4it/s eta_ep=8m
[t1b][ep2 3400/4809] L=6.758 3.4it/s eta_ep=7m
[t1b][ep2 3600/4809] L=11.760 3.4it/s eta_ep=6m
[t1b][ep2 3800/4809] L=14.299 3.4it/s eta_ep=5m
[t1b][ep2 4000/4809] L=21.806 3.4it/s eta_ep=4m
[t1b][ep2 4200/4809] L=13.157 3.4it/s eta_ep=3m
[t1b][ep2 4400/4809] L=5.208 3.4it/s eta_ep=2m
[t1b][ep2 4600/4809] L=14.819 3.4it/s eta_ep=1m
[t1b][ep2 4800/4809] L=9.210 3.4it/s eta_ep=0m
Accumulating evaluation results...
DONE (t=4.40s).
[t1b][ep2] val mAP=0.7292
[t1b][ep3 0/4809] L=18.401 3.1it/s eta_ep=26m
[t1b][ep3 200/4809] L=19.772 3.3it/s eta_ep=23m
[t1b][ep3 400/4809] L=12.652 3.4it/s eta_ep=22m
[t1b][ep3 600/4809] L=10.762 3.4it/s eta_ep=21m
[t1b][ep3 800/4809] L=17.412 3.4it/s eta_ep=20m
[t1b][ep3 1000/4809] L=18.030 3.4it/s eta_ep=19m
[t1b][ep3 1200/4809] L=19.481 3.4it/s eta_ep=18m
[t1b][ep3 1400/4809] L=17.908 3.4it/s eta_ep=17m
[t1b][ep3 1600/4809] L=8.701 3.4it/s eta_ep=16m
[t1b][ep3 1800/4809] L=18.996 3.4it/s eta_ep=15m
[t1b][ep3 2000/4809] L=14.416 3.4it/s eta_ep=14m
[t1b][ep3 2200/4809] L=9.212 3.4it/s eta_ep=13m
[t1b][ep3 2400/4809] L=14.628 3.4it/s eta_ep=12m
[t1b][ep3 2600/4809] L=14.996 3.4it/s eta_ep=11m
[t1b][ep3 2800/4809] L=16.556 3.4it/s eta_ep=10m
[t1b][ep3 3000/4809] L=15.819 3.4it/s eta_ep=9m
[t1b][ep3 3200/4809] L=15.926 3.4it/s eta_ep=8m
[t1b][ep3 3400/4809] L=20.723 3.4it/s eta_ep=7m
[t1b][ep3 3600/4809] L=12.282 3.4it/s eta_ep=6m
[t1b][ep3 3800/4809] L=13.186 3.4it/s eta_ep=5m
[t1b][ep3 4000/4809] L=13.406 3.4it/s eta_ep=4m
[t1b][ep3 4200/4809] L=24.786 3.4it/s eta_ep=3m
[t1b][ep3 4400/4809] L=15.583 3.4it/s eta_ep=2m
[t1b][ep3 4600/4809] L=12.597 3.4it/s eta_ep=1m
[t1b][ep3 4800/4809] L=14.841 3.4it/s eta_ep=0m
Accumulating evaluation results...
DONE (t=4.75s).
[t1b][ep3] val mAP=0.7292
[t1b][ep4 0/4809] L=20.219 2.8it/s eta_ep=28m
[t1b][ep4 200/4809] L=18.565 3.3it/s eta_ep=23m
[t1b][ep4 400/4809] L=19.028 3.3it/s eta_ep=22m
[t1b][ep4 600/4809] L=12.514 3.3it/s eta_ep=21m
[t1b][ep4 800/4809] L=24.913 3.3it/s eta_ep=20m
[t1b][ep4 1000/4809] L=19.284 3.3it/s eta_ep=19m
[t1b][ep4 1200/4809] L=18.110 3.3it/s eta_ep=18m
[t1b][ep4 1400/4809] L=29.765 3.3it/s eta_ep=17m
[t1b][ep4 1600/4809] L=13.953 3.3it/s eta_ep=16m
[t1b][ep4 1800/4809] L=26.709 3.3it/s eta_ep=15m
[t1b][ep4 2000/4809] L=11.231 3.3it/s eta_ep=14m
[t1b][ep4 2200/4809] L=18.780 3.3it/s eta_ep=13m
[t1b][ep4 2400/4809] L=15.104 3.3it/s eta_ep=12m
[t1b][ep4 2600/4809] L=7.766 3.3it/s eta_ep=11m
[t1b][ep4 2800/4809] L=12.619 3.3it/s eta_ep=10m
[t1b][ep4 3000/4809] L=11.646 3.3it/s eta_ep=9m
[t1b][ep4 3200/4809] L=11.789 3.3it/s eta_ep=8m
[t1b][ep4 3400/4809] L=27.713 3.3it/s eta_ep=7m
[t1b][ep4 3600/4809] L=16.722 3.3it/s eta_ep=6m
[t1b][ep4 3800/4809] L=19.944 3.3it/s eta_ep=5m
[t1b][ep4 4000/4809] L=6.677 3.3it/s eta_ep=4m
[t1b][ep4 4200/4809] L=22.074 3.3it/s eta_ep=3m
[t1b][ep4 4400/4809] L=14.332 3.3it/s eta_ep=2m
[t1b][ep4 4600/4809] L=12.949 3.3it/s eta_ep=1m
[t1b][ep4 4800/4809] L=11.401 3.3it/s eta_ep=0m
Accumulating evaluation results...
DONE (t=4.92s).
[t1b][ep4] val mAP=0.7292
[t1b][ep5 0/4809] L=6.788 2.8it/s eta_ep=29m
[t1b][ep5 200/4809] L=16.832 3.4it/s eta_ep=23m
[t1b][ep5 400/4809] L=10.570 3.4it/s eta_ep=22m
[t1b][ep5 600/4809] L=11.748 3.3it/s eta_ep=21m
[t1b][ep5 800/4809] L=31.149 3.3it/s eta_ep=20m
[t1b][ep5 1000/4809] L=11.902 3.3it/s eta_ep=19m
[t1b][ep5 1200/4809] L=14.021 3.3it/s eta_ep=18m
[t1b][ep5 1400/4809] L=9.685 3.3it/s eta_ep=17m
[t1b][ep5 1600/4809] L=18.648 3.3it/s eta_ep=16m
[t1b][ep5 1800/4809] L=10.189 3.3it/s eta_ep=15m
[t1b][ep5 2000/4809] L=17.121 3.3it/s eta_ep=14m
[t1b][ep5 2200/4809] L=14.611 3.3it/s eta_ep=13m
[t1b][ep5 2400/4809] L=9.834 3.3it/s eta_ep=12m
[t1b][ep5 2600/4809] L=17.830 3.3it/s eta_ep=11m
[t1b][ep5 2800/4809] L=8.186 3.3it/s eta_ep=10m
[t1b][ep5 3000/4809] L=11.598 3.3it/s eta_ep=9m
[t1b][ep5 3200/4809] L=25.011 3.3it/s eta_ep=8m
[t1b][ep5 3400/4809] L=10.038 3.3it/s eta_ep=7m
[t1b][ep5 3600/4809] L=10.680 3.3it/s eta_ep=6m
[t1b][ep5 3800/4809] L=14.836 3.3it/s eta_ep=5m
[t1b][ep5 4000/4809] L=22.566 3.3it/s eta_ep=4m
[t1b][ep5 4200/4809] L=19.878 3.3it/s eta_ep=3m
[t1b][ep5 4400/4809] L=11.545 3.3it/s eta_ep=2m
[t1b][ep5 4600/4809] L=9.987 3.3it/s eta_ep=1m
[t1b][ep5 4800/4809] L=23.255 3.3it/s eta_ep=0m
Accumulating evaluation results...
DONE (t=4.46s).
[t1b][ep5] val mAP=0.7292
[t1b] DONE best@ep3 mAP=0.7292 (init 0.7292) -> /tmp/t1b_clsbias_zeroctx_seed123
