# train.log から引用に要る行だけを抜いた要約。
# 元の train.log は 1.6〜1.9 MB あり step ごとの損失行が大半のため版管理へ入れない。
# 抜いた行: 各 epoch の先頭（lr）・COCO 評価の全 12 行・Training time・開始と保存の告知・異常語。
Using [0, 0.5, 0.6299605249474365, 0.7937005259840997, 1.0, 1.259921049894873, 1.5874010519681991, 2.0, inf] as bins for aspect ratio quantization
Using [0, 0.5, 0.6299605249474365, 0.7937005259840997, 1.0, 1.259921049894873, 1.5874010519681991, 2.0, inf] as bins for aspect ratio quantization
[2026-09-20 00:33:54 det.__main__]: [RANK 0] Start training
[2026-09-20 00:33:56 det.util.engine]: Epoch: [0]  [0/2554]  eta: 1:17:14  lr: 0.000000  data_time: 0.0091  iter_time: 1.8146  loss: 80.4025 (80.4025)  loss_class: 0.7941 (0.7941)  loss_bbox: 1.7768 (
[2026-09-20 01:12:45 det.__main__]: [RANK 0] Start evaluation
 Average Precision  (AP) @[ IoU=0.50:0.95 | area=   all | maxDets=100 ] = 0.238
 Average Precision  (AP) @[ IoU=0.50      | area=   all | maxDets=100 ] = 0.397
 Average Precision  (AP) @[ IoU=0.75      | area=   all | maxDets=100 ] = 0.248
 Average Precision  (AP) @[ IoU=0.50:0.95 | area= small | maxDets=100 ] = -1.000
 Average Precision  (AP) @[ IoU=0.50:0.95 | area=medium | maxDets=100 ] = 0.008
 Average Precision  (AP) @[ IoU=0.50:0.95 | area= large | maxDets=100 ] = 0.240
 Average Recall     (AR) @[ IoU=0.50:0.95 | area=   all | maxDets=  1 ] = 0.378
 Average Recall     (AR) @[ IoU=0.50:0.95 | area=   all | maxDets= 10 ] = 0.591
 Average Recall     (AR) @[ IoU=0.50:0.95 | area=   all | maxDets=100 ] = 0.648
 Average Recall     (AR) @[ IoU=0.50:0.95 | area= small | maxDets=100 ] = -1.000
 Average Recall     (AR) @[ IoU=0.50:0.95 | area=medium | maxDets=100 ] = 0.187
 Average Recall     (AR) @[ IoU=0.50:0.95 | area= large | maxDets=100 ] = 0.653
[2026-09-20 01:16:12 det.util.utils]: [RANK 0] the best ap model is saved to /home/ubuntu/slocal2/m2/experiments/baselines/stage1_dtower/dimagenet_foldD_seed42/work/best_ap.pth
[2026-09-20 01:16:13 det.util.engine]: Epoch: [1]  [0/2554]  eta: 0:42:20  lr: 0.000100  data_time: 0.0202  iter_time: 0.9948  loss: 38.5450 (38.5450)  loss_class: 1.0146 (1.0146)  loss_bbox: 0.2676 (
[2026-09-20 01:55:28 det.__main__]: [RANK 0] Start evaluation
 Average Precision  (AP) @[ IoU=0.50:0.95 | area=   all | maxDets=100 ] = 0.353
 Average Precision  (AP) @[ IoU=0.50      | area=   all | maxDets=100 ] = 0.529
 Average Precision  (AP) @[ IoU=0.75      | area=   all | maxDets=100 ] = 0.383
 Average Precision  (AP) @[ IoU=0.50:0.95 | area= small | maxDets=100 ] = -1.000
 Average Precision  (AP) @[ IoU=0.50:0.95 | area=medium | maxDets=100 ] = 0.026
 Average Precision  (AP) @[ IoU=0.50:0.95 | area= large | maxDets=100 ] = 0.357
 Average Recall     (AR) @[ IoU=0.50:0.95 | area=   all | maxDets=  1 ] = 0.479
 Average Recall     (AR) @[ IoU=0.50:0.95 | area=   all | maxDets= 10 ] = 0.689
 Average Recall     (AR) @[ IoU=0.50:0.95 | area=   all | maxDets=100 ] = 0.723
 Average Recall     (AR) @[ IoU=0.50:0.95 | area= small | maxDets=100 ] = -1.000
 Average Recall     (AR) @[ IoU=0.50:0.95 | area=medium | maxDets=100 ] = 0.346
 Average Recall     (AR) @[ IoU=0.50:0.95 | area= large | maxDets=100 ] = 0.727
[2026-09-20 01:58:49 det.util.utils]: [RANK 0] the best ap model is saved to /home/ubuntu/slocal2/m2/experiments/baselines/stage1_dtower/dimagenet_foldD_seed42/work/best_ap.pth
[2026-09-20 01:58:51 det.util.engine]: Epoch: [2]  [0/2554]  eta: 0:40:08  lr: 0.000100  data_time: 0.0203  iter_time: 0.9430  loss: 28.5991 (28.5991)  loss_class: 0.5213 (0.5213)  loss_bbox: 0.2550 (
[2026-09-20 02:38:12 det.__main__]: [RANK 0] Start evaluation
 Average Precision  (AP) @[ IoU=0.50:0.95 | area=   all | maxDets=100 ] = 0.401
 Average Precision  (AP) @[ IoU=0.50      | area=   all | maxDets=100 ] = 0.582
 Average Precision  (AP) @[ IoU=0.75      | area=   all | maxDets=100 ] = 0.449
 Average Precision  (AP) @[ IoU=0.50:0.95 | area= small | maxDets=100 ] = -1.000
 Average Precision  (AP) @[ IoU=0.50:0.95 | area=medium | maxDets=100 ] = 0.076
 Average Precision  (AP) @[ IoU=0.50:0.95 | area= large | maxDets=100 ] = 0.404
 Average Recall     (AR) @[ IoU=0.50:0.95 | area=   all | maxDets=  1 ] = 0.522
 Average Recall     (AR) @[ IoU=0.50:0.95 | area=   all | maxDets= 10 ] = 0.640
 Average Recall     (AR) @[ IoU=0.50:0.95 | area=   all | maxDets=100 ] = 0.728
 Average Recall     (AR) @[ IoU=0.50:0.95 | area= small | maxDets=100 ] = -1.000
 Average Recall     (AR) @[ IoU=0.50:0.95 | area=medium | maxDets=100 ] = 0.349
 Average Recall     (AR) @[ IoU=0.50:0.95 | area= large | maxDets=100 ] = 0.732
[2026-09-20 02:41:52 det.util.utils]: [RANK 0] the best ap model is saved to /home/ubuntu/slocal2/m2/experiments/baselines/stage1_dtower/dimagenet_foldD_seed42/work/best_ap.pth
[2026-09-20 02:41:54 det.util.engine]: Epoch: [3]  [0/2554]  eta: 0:58:52  lr: 0.000100  data_time: 0.0026  iter_time: 1.3833  loss: 28.3003 (28.3003)  loss_class: 0.5521 (0.5521)  loss_bbox: 0.2584 (
[2026-09-20 03:21:14 det.__main__]: [RANK 0] Start evaluation
 Average Precision  (AP) @[ IoU=0.50:0.95 | area=   all | maxDets=100 ] = 0.431
 Average Precision  (AP) @[ IoU=0.50      | area=   all | maxDets=100 ] = 0.603
 Average Precision  (AP) @[ IoU=0.75      | area=   all | maxDets=100 ] = 0.476
 Average Precision  (AP) @[ IoU=0.50:0.95 | area= small | maxDets=100 ] = -1.000
 Average Precision  (AP) @[ IoU=0.50:0.95 | area=medium | maxDets=100 ] = 0.072
 Average Precision  (AP) @[ IoU=0.50:0.95 | area= large | maxDets=100 ] = 0.435
 Average Recall     (AR) @[ IoU=0.50:0.95 | area=   all | maxDets=  1 ] = 0.546
 Average Recall     (AR) @[ IoU=0.50:0.95 | area=   all | maxDets= 10 ] = 0.663
 Average Recall     (AR) @[ IoU=0.50:0.95 | area=   all | maxDets=100 ] = 0.751
 Average Recall     (AR) @[ IoU=0.50:0.95 | area= small | maxDets=100 ] = -1.000
 Average Recall     (AR) @[ IoU=0.50:0.95 | area=medium | maxDets=100 ] = 0.351
 Average Recall     (AR) @[ IoU=0.50:0.95 | area= large | maxDets=100 ] = 0.756
[2026-09-20 03:25:13 det.util.utils]: [RANK 0] the best ap model is saved to /home/ubuntu/slocal2/m2/experiments/baselines/stage1_dtower/dimagenet_foldD_seed42/work/best_ap.pth
[2026-09-20 03:25:14 det.util.engine]: Epoch: [4]  [0/2554]  eta: 0:39:04  lr: 0.000100  data_time: 0.0111  iter_time: 0.9180  loss: 24.9545 (24.9545)  loss_class: 0.6157 (0.6157)  loss_bbox: 0.1681 (
[2026-09-20 04:04:46 det.__main__]: [RANK 0] Start evaluation
 Average Precision  (AP) @[ IoU=0.50:0.95 | area=   all | maxDets=100 ] = 0.431
 Average Precision  (AP) @[ IoU=0.50      | area=   all | maxDets=100 ] = 0.600
 Average Precision  (AP) @[ IoU=0.75      | area=   all | maxDets=100 ] = 0.473
 Average Precision  (AP) @[ IoU=0.50:0.95 | area= small | maxDets=100 ] = -1.000
 Average Precision  (AP) @[ IoU=0.50:0.95 | area=medium | maxDets=100 ] = 0.049
 Average Precision  (AP) @[ IoU=0.50:0.95 | area= large | maxDets=100 ] = 0.435
 Average Recall     (AR) @[ IoU=0.50:0.95 | area=   all | maxDets=  1 ] = 0.536
 Average Recall     (AR) @[ IoU=0.50:0.95 | area=   all | maxDets= 10 ] = 0.671
 Average Recall     (AR) @[ IoU=0.50:0.95 | area=   all | maxDets=100 ] = 0.758
 Average Recall     (AR) @[ IoU=0.50:0.95 | area= small | maxDets=100 ] = -1.000
 Average Recall     (AR) @[ IoU=0.50:0.95 | area=medium | maxDets=100 ] = 0.374
 Average Recall     (AR) @[ IoU=0.50:0.95 | area= large | maxDets=100 ] = 0.762
[2026-09-20 04:08:47 det.util.engine]: Epoch: [5]  [0/2554]  eta: 0:39:30  lr: 0.000100  data_time: 0.0109  iter_time: 0.9283  loss: 36.1798 (36.1798)  loss_class: 0.8219 (0.8219)  loss_bbox: 0.2989 (
[2026-09-20 04:48:11 det.__main__]: [RANK 0] Start evaluation
 Average Precision  (AP) @[ IoU=0.50:0.95 | area=   all | maxDets=100 ] = 0.435
 Average Precision  (AP) @[ IoU=0.50      | area=   all | maxDets=100 ] = 0.608
 Average Precision  (AP) @[ IoU=0.75      | area=   all | maxDets=100 ] = 0.471
 Average Precision  (AP) @[ IoU=0.50:0.95 | area= small | maxDets=100 ] = -1.000
 Average Precision  (AP) @[ IoU=0.50:0.95 | area=medium | maxDets=100 ] = 0.051
 Average Precision  (AP) @[ IoU=0.50:0.95 | area= large | maxDets=100 ] = 0.439
 Average Recall     (AR) @[ IoU=0.50:0.95 | area=   all | maxDets=  1 ] = 0.543
 Average Recall     (AR) @[ IoU=0.50:0.95 | area=   all | maxDets= 10 ] = 0.728
 Average Recall     (AR) @[ IoU=0.50:0.95 | area=   all | maxDets=100 ] = 0.753
 Average Recall     (AR) @[ IoU=0.50:0.95 | area= small | maxDets=100 ] = -1.000
 Average Recall     (AR) @[ IoU=0.50:0.95 | area=medium | maxDets=100 ] = 0.424
 Average Recall     (AR) @[ IoU=0.50:0.95 | area= large | maxDets=100 ] = 0.758
[2026-09-20 04:52:18 det.util.utils]: [RANK 0] the best ap model is saved to /home/ubuntu/slocal2/m2/experiments/baselines/stage1_dtower/dimagenet_foldD_seed42/work/best_ap.pth
[2026-09-20 04:52:20 det.util.engine]: Epoch: [6]  [0/2554]  eta: 0:40:06  lr: 0.000100  data_time: 0.0205  iter_time: 0.9422  loss: 23.3936 (23.3936)  loss_class: 0.3542 (0.3542)  loss_bbox: 0.3541 (
[2026-09-20 05:32:08 det.__main__]: [RANK 0] Start evaluation
 Average Precision  (AP) @[ IoU=0.50:0.95 | area=   all | maxDets=100 ] = 0.415
 Average Precision  (AP) @[ IoU=0.50      | area=   all | maxDets=100 ] = 0.574
 Average Precision  (AP) @[ IoU=0.75      | area=   all | maxDets=100 ] = 0.465
 Average Precision  (AP) @[ IoU=0.50:0.95 | area= small | maxDets=100 ] = -1.000
 Average Precision  (AP) @[ IoU=0.50:0.95 | area=medium | maxDets=100 ] = 0.043
 Average Precision  (AP) @[ IoU=0.50:0.95 | area= large | maxDets=100 ] = 0.419
 Average Recall     (AR) @[ IoU=0.50:0.95 | area=   all | maxDets=  1 ] = 0.544
 Average Recall     (AR) @[ IoU=0.50:0.95 | area=   all | maxDets= 10 ] = 0.732
 Average Recall     (AR) @[ IoU=0.50:0.95 | area=   all | maxDets=100 ] = 0.760
 Average Recall     (AR) @[ IoU=0.50:0.95 | area= small | maxDets=100 ] = -1.000
 Average Recall     (AR) @[ IoU=0.50:0.95 | area=medium | maxDets=100 ] = 0.355
 Average Recall     (AR) @[ IoU=0.50:0.95 | area= large | maxDets=100 ] = 0.765
[2026-09-20 05:36:19 det.util.engine]: Epoch: [7]  [0/2554]  eta: 1:32:14  lr: 0.000100  data_time: 0.0199  iter_time: 2.1671  loss: 23.7512 (23.7512)  loss_class: 0.4496 (0.4496)  loss_bbox: 0.2627 (
[2026-09-20 06:15:58 det.__main__]: [RANK 0] Start evaluation
 Average Precision  (AP) @[ IoU=0.50:0.95 | area=   all | maxDets=100 ] = 0.455
 Average Precision  (AP) @[ IoU=0.50      | area=   all | maxDets=100 ] = 0.621
 Average Precision  (AP) @[ IoU=0.75      | area=   all | maxDets=100 ] = 0.506
 Average Precision  (AP) @[ IoU=0.50:0.95 | area= small | maxDets=100 ] = -1.000
 Average Precision  (AP) @[ IoU=0.50:0.95 | area=medium | maxDets=100 ] = 0.031
 Average Precision  (AP) @[ IoU=0.50:0.95 | area= large | maxDets=100 ] = 0.460
 Average Recall     (AR) @[ IoU=0.50:0.95 | area=   all | maxDets=  1 ] = 0.565
 Average Recall     (AR) @[ IoU=0.50:0.95 | area=   all | maxDets= 10 ] = 0.676
 Average Recall     (AR) @[ IoU=0.50:0.95 | area=   all | maxDets=100 ] = 0.763
 Average Recall     (AR) @[ IoU=0.50:0.95 | area= small | maxDets=100 ] = -1.000
 Average Recall     (AR) @[ IoU=0.50:0.95 | area=medium | maxDets=100 ] = 0.416
 Average Recall     (AR) @[ IoU=0.50:0.95 | area= large | maxDets=100 ] = 0.768
[2026-09-20 06:20:07 det.util.utils]: [RANK 0] the best ap model is saved to /home/ubuntu/slocal2/m2/experiments/baselines/stage1_dtower/dimagenet_foldD_seed42/work/best_ap.pth
[2026-09-20 06:20:08 det.util.engine]: Epoch: [8]  [0/2554]  eta: 0:38:05  lr: 0.000100  data_time: 0.0169  iter_time: 0.8948  loss: 17.4113 (17.4113)  loss_class: 0.3402 (0.3402)  loss_bbox: 0.1167 (
[2026-09-20 07:00:16 det.__main__]: [RANK 0] Start evaluation
 Average Precision  (AP) @[ IoU=0.50:0.95 | area=   all | maxDets=100 ] = 0.462
 Average Precision  (AP) @[ IoU=0.50      | area=   all | maxDets=100 ] = 0.634
 Average Precision  (AP) @[ IoU=0.75      | area=   all | maxDets=100 ] = 0.519
 Average Precision  (AP) @[ IoU=0.50:0.95 | area= small | maxDets=100 ] = -1.000
 Average Precision  (AP) @[ IoU=0.50:0.95 | area=medium | maxDets=100 ] = 0.058
 Average Precision  (AP) @[ IoU=0.50:0.95 | area= large | maxDets=100 ] = 0.467
 Average Recall     (AR) @[ IoU=0.50:0.95 | area=   all | maxDets=  1 ] = 0.563
 Average Recall     (AR) @[ IoU=0.50:0.95 | area=   all | maxDets= 10 ] = 0.671
 Average Recall     (AR) @[ IoU=0.50:0.95 | area=   all | maxDets=100 ] = 0.754
 Average Recall     (AR) @[ IoU=0.50:0.95 | area= small | maxDets=100 ] = -1.000
 Average Recall     (AR) @[ IoU=0.50:0.95 | area=medium | maxDets=100 ] = 0.352
 Average Recall     (AR) @[ IoU=0.50:0.95 | area= large | maxDets=100 ] = 0.759
[2026-09-20 07:04:25 det.util.utils]: [RANK 0] the best ap model is saved to /home/ubuntu/slocal2/m2/experiments/baselines/stage1_dtower/dimagenet_foldD_seed42/work/best_ap.pth
[2026-09-20 07:04:27 det.util.engine]: Epoch: [9]  [0/2554]  eta: 0:46:01  lr: 0.000100  data_time: 0.0070  iter_time: 1.0814  loss: 19.1530 (19.1530)  loss_class: 0.3367 (0.3367)  loss_bbox: 0.1864 (
[2026-09-20 07:44:16 det.__main__]: [RANK 0] Start evaluation
 Average Precision  (AP) @[ IoU=0.50:0.95 | area=   all | maxDets=100 ] = 0.456
 Average Precision  (AP) @[ IoU=0.50      | area=   all | maxDets=100 ] = 0.624
 Average Precision  (AP) @[ IoU=0.75      | area=   all | maxDets=100 ] = 0.496
 Average Precision  (AP) @[ IoU=0.50:0.95 | area= small | maxDets=100 ] = -1.000
 Average Precision  (AP) @[ IoU=0.50:0.95 | area=medium | maxDets=100 ] = 0.051
 Average Precision  (AP) @[ IoU=0.50:0.95 | area= large | maxDets=100 ] = 0.460
 Average Recall     (AR) @[ IoU=0.50:0.95 | area=   all | maxDets=  1 ] = 0.564
 Average Recall     (AR) @[ IoU=0.50:0.95 | area=   all | maxDets= 10 ] = 0.670
 Average Recall     (AR) @[ IoU=0.50:0.95 | area=   all | maxDets=100 ] = 0.747
 Average Recall     (AR) @[ IoU=0.50:0.95 | area= small | maxDets=100 ] = -1.000
 Average Recall     (AR) @[ IoU=0.50:0.95 | area=medium | maxDets=100 ] = 0.411
 Average Recall     (AR) @[ IoU=0.50:0.95 | area= large | maxDets=100 ] = 0.752
[2026-09-20 07:48:27 det.util.engine]: Epoch: [10]  [0/2554]  eta: 0:41:14  lr: 0.000010  data_time: 0.0044  iter_time: 0.9690  loss: 20.9278 (20.9278)  loss_class: 0.4696 (0.4696)  loss_bbox: 0.1443 
[2026-09-20 08:28:11 det.__main__]: [RANK 0] Start evaluation
 Average Precision  (AP) @[ IoU=0.50:0.95 | area=   all | maxDets=100 ] = 0.480
 Average Precision  (AP) @[ IoU=0.50      | area=   all | maxDets=100 ] = 0.646
 Average Precision  (AP) @[ IoU=0.75      | area=   all | maxDets=100 ] = 0.535
 Average Precision  (AP) @[ IoU=0.50:0.95 | area= small | maxDets=100 ] = -1.000
 Average Precision  (AP) @[ IoU=0.50:0.95 | area=medium | maxDets=100 ] = 0.049
 Average Precision  (AP) @[ IoU=0.50:0.95 | area= large | maxDets=100 ] = 0.485
 Average Recall     (AR) @[ IoU=0.50:0.95 | area=   all | maxDets=  1 ] = 0.577
 Average Recall     (AR) @[ IoU=0.50:0.95 | area=   all | maxDets= 10 ] = 0.683
 Average Recall     (AR) @[ IoU=0.50:0.95 | area=   all | maxDets=100 ] = 0.764
 Average Recall     (AR) @[ IoU=0.50:0.95 | area= small | maxDets=100 ] = -1.000
 Average Recall     (AR) @[ IoU=0.50:0.95 | area=medium | maxDets=100 ] = 0.384
 Average Recall     (AR) @[ IoU=0.50:0.95 | area= large | maxDets=100 ] = 0.769
[2026-09-20 08:32:20 det.util.utils]: [RANK 0] the best ap model is saved to /home/ubuntu/slocal2/m2/experiments/baselines/stage1_dtower/dimagenet_foldD_seed42/work/best_ap.pth
[2026-09-20 08:32:22 det.util.engine]: Epoch: [11]  [0/2554]  eta: 0:56:09  lr: 0.000010  data_time: 0.0037  iter_time: 1.3194  loss: 22.1356 (22.1356)  loss_class: 0.5674 (0.5674)  loss_bbox: 0.1967 
[2026-09-20 09:06:06 det.__main__]: [RANK 0] Start evaluation
 Average Precision  (AP) @[ IoU=0.50:0.95 | area=   all | maxDets=100 ] = 0.481
 Average Precision  (AP) @[ IoU=0.50      | area=   all | maxDets=100 ] = 0.650
 Average Precision  (AP) @[ IoU=0.75      | area=   all | maxDets=100 ] = 0.532
 Average Precision  (AP) @[ IoU=0.50:0.95 | area= small | maxDets=100 ] = -1.000
 Average Precision  (AP) @[ IoU=0.50:0.95 | area=medium | maxDets=100 ] = 0.052
 Average Precision  (AP) @[ IoU=0.50:0.95 | area= large | maxDets=100 ] = 0.486
 Average Recall     (AR) @[ IoU=0.50:0.95 | area=   all | maxDets=  1 ] = 0.578
 Average Recall     (AR) @[ IoU=0.50:0.95 | area=   all | maxDets= 10 ] = 0.681
 Average Recall     (AR) @[ IoU=0.50:0.95 | area=   all | maxDets=100 ] = 0.703
 Average Recall     (AR) @[ IoU=0.50:0.95 | area= small | maxDets=100 ] = -1.000
 Average Recall     (AR) @[ IoU=0.50:0.95 | area=medium | maxDets=100 ] = 0.419
 Average Recall     (AR) @[ IoU=0.50:0.95 | area= large | maxDets=100 ] = 0.708
[2026-09-20 09:09:10 det.util.utils]: [RANK 0] the best ap model is saved to /home/ubuntu/slocal2/m2/experiments/baselines/stage1_dtower/dimagenet_foldD_seed42/work/best_ap.pth
[2026-09-20 09:09:11 det.__main__]: [RANK 0] Training time: 8:35:16
