/home/ubuntu/slocal/m2/.venv-relation-detr/lib/python3.11/site-packages/albumentations/core/validation.py:114: UserWarning: ShiftScaleRotate is a special case of Affine transform. Please use Affine transform instead.
  original_init(self, **validated_kwargs)
/home/ubuntu/slocal/m2/third_party/Relation-DETR/transforms/presets.py:109: UserWarning: Argument(s) 'value' are not valid for transform ShiftScaleRotate
  A.ShiftScaleRotate(
/home/ubuntu/slocal/m2/third_party/Relation-DETR/transforms/presets.py:140: UserWarning: Argument(s) 'quality_lower, quality_upper' are not valid for transform ImageCompression
  A.ImageCompression(quality_lower=85, quality_upper=95, p=0.2),
/home/ubuntu/slocal/m2/third_party/Relation-DETR/transforms/presets.py:195: UserWarning: Argument(s) 'value' are not valid for transform ShiftScaleRotate
  A.ShiftScaleRotate(
/home/ubuntu/slocal/m2/third_party/Relation-DETR/transforms/presets.py:226: UserWarning: Argument(s) 'quality_lower, quality_upper' are not valid for transform ImageCompression
  A.ImageCompression(quality_lower=85, quality_upper=95, p=0.2),
Using /home/ubuntu/.cache/torch_extensions/py311_cu118 as PyTorch extensions root...
Detected CUDA files, patching ldflags
Emitting ninja build file /home/ubuntu/.cache/torch_extensions/py311_cu118/MultiScaleDeformableAttention/build.ninja...
Building extension module MultiScaleDeformableAttention...
Allowing ninja to set a default number of workers... (overridable by setting the environment variable MAX_JOBS=N)
loading annotations into memory...
Done (t=0.33s)
creating index...
index created!
Using [0, 0.5, 0.6299605249474365, 0.7937005259840997, 1.0, 1.259921049894873, 1.5874010519681991, 2.0, inf] as bins for aspect ratio quantization
Count of instances per bin: [9618]
loading annotations into memory...
Done (t=0.02s)
creating index...
index created!
ninja: no work to do.
Loading extension module MultiScaleDeformableAttention...
/home/ubuntu/slocal/m2/.venv-relation-detr/lib/python3.11/site-packages/torch/overrides.py:110: UserWarning: 'has_cuda' is deprecated, please use 'torch.backends.cuda.is_built()'
  torch.has_cuda,
/home/ubuntu/slocal/m2/.venv-relation-detr/lib/python3.11/site-packages/torch/overrides.py:111: UserWarning: 'has_cudnn' is deprecated, please use 'torch.backends.cudnn.is_available()'
  torch.has_cudnn,
/home/ubuntu/slocal/m2/.venv-relation-detr/lib/python3.11/site-packages/torch/overrides.py:117: UserWarning: 'has_mps' is deprecated, please use 'torch.backends.mps.is_built()'
  torch.has_mps,
/home/ubuntu/slocal/m2/.venv-relation-detr/lib/python3.11/site-packages/torch/overrides.py:118: UserWarning: 'has_mkldnn' is deprecated, please use 'torch.backends.mkldnn.is_available()'
  torch.has_mkldnn,
The model and loaded state dict do not match exactly
Missing keys: transformer.decoder.layers.0.phase_norm.weight, transformer.decoder.layers.0.phase_norm.bias, transformer.decoder.layers.0.phase_attn.in_proj_weight, transformer.decoder.layers.0.phase_attn.in_proj_bias, transformer.decoder.layers.0.phase_attn.out_proj.weight, transformer.decoder.layers.0.phase_attn.out_proj.bias, transformer.decoder.layers.1.phase_norm.weight, transformer.decoder.layers.1.phase_norm.bias, transformer.decoder.layers.1.phase_attn.in_proj_weight, transformer.decoder.layers.1.phase_attn.in_proj_bias, transformer.decoder.layers.1.phase_attn.out_proj.weight, transformer.decoder.layers.1.phase_attn.out_proj.bias, transformer.decoder.layers.2.phase_norm.weight, transformer.decoder.layers.2.phase_norm.bias, transformer.decoder.layers.2.phase_attn.in_proj_weight, transformer.decoder.layers.2.phase_attn.in_proj_bias, transformer.decoder.layers.2.phase_attn.out_proj.weight, transformer.decoder.layers.2.phase_attn.out_proj.bias, transformer.decoder.layers.3.phase_norm.weight, transformer.decoder.layers.3.phase_norm.bias, transformer.decoder.layers.3.phase_attn.in_proj_weight, transformer.decoder.layers.3.phase_attn.in_proj_bias, transformer.decoder.layers.3.phase_attn.out_proj.weight, transformer.decoder.layers.3.phase_attn.out_proj.bias, transformer.decoder.layers.4.phase_norm.weight, transformer.decoder.layers.4.phase_norm.bias, transformer.decoder.layers.4.phase_attn.in_proj_weight, transformer.decoder.layers.4.phase_attn.in_proj_bias, transformer.decoder.layers.4.phase_attn.out_proj.weight, transformer.decoder.layers.4.phase_attn.out_proj.bias, transformer.decoder.layers.5.phase_norm.weight, transformer.decoder.layers.5.phase_norm.bias, transformer.decoder.layers.5.phase_attn.in_proj_weight, transformer.decoder.layers.5.phase_attn.in_proj_bias, transformer.decoder.layers.5.phase_attn.out_proj.weight, transformer.decoder.layers.5.phase_attn.out_proj.bias, phase_proto.weight

[t1b] warm-start from /home/ubuntu/slocal/m2/third_party/Relation-DETR/checkpoints/incoming/seed456/best_ap.pth
[t1b] seed=456 inject=camt trainable=film zero_ctx=False det_steps/ep=4809 phase_params=1584384 total_trainable=1584384 miss_ctx(tr/va)=0/0 work=/tmp/t1b_camt_seed456
Accumulating evaluation results...
DONE (t=4.69s).
[t1b] warm-start init mAP=0.7217 (S0-frozen 水準なら warm-start+恒等 OK)
[t1b][ep0 0/4809] L=19.970 1.6it/s eta_ep=50m
[t1b][ep0 200/4809] L=7.064 2.5it/s eta_ep=30m
[t1b][ep0 400/4809] L=22.442 2.6it/s eta_ep=28m
[t1b][ep0 600/4809] L=16.705 2.6it/s eta_ep=27m
[t1b][ep0 800/4809] L=23.207 2.6it/s eta_ep=25m
[t1b][ep0 1000/4809] L=20.826 2.7it/s eta_ep=24m
[t1b][ep0 1200/4809] L=20.550 2.7it/s eta_ep=23m
[t1b][ep0 1400/4809] L=24.569 2.7it/s eta_ep=21m
[t1b][ep0 1600/4809] L=7.091 2.7it/s eta_ep=20m
[t1b][ep0 1800/4809] L=12.690 2.7it/s eta_ep=19m
[t1b][ep0 2000/4809] L=21.372 2.7it/s eta_ep=17m
[t1b][ep0 2200/4809] L=15.706 2.7it/s eta_ep=16m
[t1b][ep0 2400/4809] L=10.039 2.7it/s eta_ep=15m
[t1b][ep0 2600/4809] L=18.214 2.7it/s eta_ep=14m
[t1b][ep0 2800/4809] L=17.302 2.7it/s eta_ep=12m
[t1b][ep0 3000/4809] L=16.042 2.7it/s eta_ep=11m
[t1b][ep0 3200/4809] L=6.979 2.7it/s eta_ep=10m
[t1b][ep0 3400/4809] L=16.588 2.7it/s eta_ep=9m
[t1b][ep0 3600/4809] L=14.693 2.7it/s eta_ep=7m
[t1b][ep0 3800/4809] L=8.194 2.7it/s eta_ep=6m
[t1b][ep0 4000/4809] L=9.409 2.7it/s eta_ep=5m
[t1b][ep0 4200/4809] L=17.643 2.7it/s eta_ep=4m
[t1b][ep0 4400/4809] L=15.638 2.7it/s eta_ep=3m
[t1b][ep0 4600/4809] L=20.324 2.7it/s eta_ep=1m
[t1b][ep0 4800/4809] L=11.458 2.7it/s eta_ep=0m
Accumulating evaluation results...
DONE (t=4.43s).
[t1b][ep0] val mAP=0.7218
[t1b][ep1 0/4809] L=14.591 2.4it/s eta_ep=34m
[t1b][ep1 200/4809] L=16.800 2.7it/s eta_ep=28m
[t1b][ep1 400/4809] L=13.815 2.7it/s eta_ep=27m
[t1b][ep1 600/4809] L=8.407 2.7it/s eta_ep=26m
[t1b][ep1 800/4809] L=7.362 2.7it/s eta_ep=25m
[t1b][ep1 1000/4809] L=15.449 2.7it/s eta_ep=24m
[t1b][ep1 1200/4809] L=13.453 2.7it/s eta_ep=22m
[t1b][ep1 1400/4809] L=14.283 2.7it/s eta_ep=21m
[t1b][ep1 1600/4809] L=15.976 2.7it/s eta_ep=20m
[t1b][ep1 1800/4809] L=14.104 2.7it/s eta_ep=19m
[t1b][ep1 2000/4809] L=18.197 2.7it/s eta_ep=17m
[t1b][ep1 2200/4809] L=14.161 2.7it/s eta_ep=16m
[t1b][ep1 2400/4809] L=22.990 2.7it/s eta_ep=15m
[t1b][ep1 2600/4809] L=11.846 2.7it/s eta_ep=14m
[t1b][ep1 2800/4809] L=12.693 2.7it/s eta_ep=12m
[t1b][ep1 3000/4809] L=18.998 2.7it/s eta_ep=11m
[t1b][ep1 3200/4809] L=7.944 2.7it/s eta_ep=10m
[t1b][ep1 3400/4809] L=15.333 2.7it/s eta_ep=9m
[t1b][ep1 3600/4809] L=10.193 2.7it/s eta_ep=8m
[t1b][ep1 3800/4809] L=14.505 2.7it/s eta_ep=6m
[t1b][ep1 4000/4809] L=6.946 2.7it/s eta_ep=5m
[t1b][ep1 4200/4809] L=11.281 2.7it/s eta_ep=4m
[t1b][ep1 4400/4809] L=8.319 2.7it/s eta_ep=3m
[t1b][ep1 4600/4809] L=13.440 2.7it/s eta_ep=1m
[t1b][ep1 4800/4809] L=22.212 2.7it/s eta_ep=0m
Accumulating evaluation results...
DONE (t=3.97s).
[t1b][ep1] val mAP=0.7226
[t1b][ep2 0/4809] L=11.943 2.4it/s eta_ep=33m
[t1b][ep2 200/4809] L=20.815 2.7it/s eta_ep=29m
[t1b][ep2 400/4809] L=12.348 2.6it/s eta_ep=28m
[t1b][ep2 600/4809] L=19.710 2.6it/s eta_ep=27m
[t1b][ep2 800/4809] L=16.025 2.6it/s eta_ep=25m
[t1b][ep2 1000/4809] L=24.782 2.6it/s eta_ep=24m
[t1b][ep2 1200/4809] L=11.529 2.6it/s eta_ep=23m
[t1b][ep2 1400/4809] L=23.472 2.6it/s eta_ep=22m
[t1b][ep2 1600/4809] L=14.366 2.6it/s eta_ep=20m
[t1b][ep2 1800/4809] L=16.870 2.6it/s eta_ep=19m
[t1b][ep2 2000/4809] L=14.284 2.6it/s eta_ep=18m
[t1b][ep2 2200/4809] L=23.965 2.6it/s eta_ep=16m
[t1b][ep2 2400/4809] L=16.289 2.6it/s eta_ep=15m
[t1b][ep2 2600/4809] L=19.543 2.6it/s eta_ep=14m
[t1b][ep2 2800/4809] L=17.291 2.6it/s eta_ep=13m
[t1b][ep2 3000/4809] L=11.096 2.6it/s eta_ep=11m
[t1b][ep2 3200/4809] L=11.400 2.6it/s eta_ep=10m
[t1b][ep2 3400/4809] L=9.572 2.6it/s eta_ep=9m
[t1b][ep2 3600/4809] L=9.124 2.6it/s eta_ep=8m
[t1b][ep2 3800/4809] L=16.869 2.6it/s eta_ep=6m
[t1b][ep2 4000/4809] L=18.159 2.6it/s eta_ep=5m
[t1b][ep2 4200/4809] L=15.718 2.6it/s eta_ep=4m
[t1b][ep2 4400/4809] L=13.980 2.6it/s eta_ep=3m
[t1b][ep2 4600/4809] L=17.729 2.6it/s eta_ep=1m
[t1b][ep2 4800/4809] L=9.036 2.6it/s eta_ep=0m
Accumulating evaluation results...
DONE (t=3.87s).
[t1b][ep2] val mAP=0.7209
[t1b][ep3 0/4809] L=13.804 2.6it/s eta_ep=31m
[t1b][ep3 200/4809] L=8.100 2.6it/s eta_ep=30m
[t1b][ep3 400/4809] L=9.044 2.6it/s eta_ep=28m
[t1b][ep3 600/4809] L=10.451 2.6it/s eta_ep=27m
[t1b][ep3 800/4809] L=12.791 2.6it/s eta_ep=25m
[t1b][ep3 1000/4809] L=25.767 2.6it/s eta_ep=24m
[t1b][ep3 1200/4809] L=6.927 2.6it/s eta_ep=23m
[t1b][ep3 1400/4809] L=19.380 2.6it/s eta_ep=22m
[t1b][ep3 1600/4809] L=11.361 2.6it/s eta_ep=20m
[t1b][ep3 1800/4809] L=15.540 2.6it/s eta_ep=19m
[t1b][ep3 2000/4809] L=12.079 2.6it/s eta_ep=18m
[t1b][ep3 2200/4809] L=16.858 2.6it/s eta_ep=17m
[t1b][ep3 2400/4809] L=13.807 2.6it/s eta_ep=15m
[t1b][ep3 2600/4809] L=22.681 2.6it/s eta_ep=14m
[t1b][ep3 2800/4809] L=12.173 2.6it/s eta_ep=13m
[t1b][ep3 3000/4809] L=16.850 2.6it/s eta_ep=11m
[t1b][ep3 3200/4809] L=15.833 2.6it/s eta_ep=10m
[t1b][ep3 3400/4809] L=7.078 2.6it/s eta_ep=9m
[t1b][ep3 3600/4809] L=17.555 2.6it/s eta_ep=8m
[t1b][ep3 3800/4809] L=15.176 2.6it/s eta_ep=6m
[t1b][ep3 4000/4809] L=18.418 2.6it/s eta_ep=5m
[t1b][ep3 4200/4809] L=20.534 2.6it/s eta_ep=4m
[t1b][ep3 4400/4809] L=11.170 2.6it/s eta_ep=3m
[t1b][ep3 4600/4809] L=26.706 2.6it/s eta_ep=1m
[t1b][ep3 4800/4809] L=14.390 2.6it/s eta_ep=0m
Accumulating evaluation results...
DONE (t=3.94s).
[t1b][ep3] val mAP=0.7211
[t1b][ep4 0/4809] L=10.081 2.2it/s eta_ep=37m
[t1b][ep4 200/4809] L=16.489 2.6it/s eta_ep=30m
[t1b][ep4 400/4809] L=28.307 2.6it/s eta_ep=28m
[t1b][ep4 600/4809] L=12.952 2.6it/s eta_ep=27m
[t1b][ep4 800/4809] L=16.662 2.6it/s eta_ep=26m
[t1b][ep4 1000/4809] L=16.245 2.6it/s eta_ep=25m
[t1b][ep4 1200/4809] L=10.734 2.6it/s eta_ep=23m
[t1b][ep4 1400/4809] L=12.706 2.6it/s eta_ep=22m
[t1b][ep4 1600/4809] L=14.920 2.6it/s eta_ep=21m
[t1b][ep4 1800/4809] L=28.917 2.6it/s eta_ep=19m
[t1b][ep4 2000/4809] L=18.800 2.6it/s eta_ep=18m
[t1b][ep4 2200/4809] L=13.556 2.6it/s eta_ep=17m
[t1b][ep4 2400/4809] L=11.961 2.6it/s eta_ep=16m
[t1b][ep4 2600/4809] L=15.240 2.6it/s eta_ep=14m
[t1b][ep4 2800/4809] L=16.824 2.6it/s eta_ep=13m
[t1b][ep4 3000/4809] L=13.834 2.6it/s eta_ep=12m
[t1b][ep4 3200/4809] L=8.716 2.6it/s eta_ep=10m
[t1b][ep4 3400/4809] L=16.724 2.6it/s eta_ep=9m
[t1b][ep4 3600/4809] L=8.176 2.6it/s eta_ep=8m
[t1b][ep4 3800/4809] L=15.009 2.6it/s eta_ep=7m
[t1b][ep4 4000/4809] L=8.423 2.6it/s eta_ep=5m
[t1b][ep4 4200/4809] L=22.735 2.6it/s eta_ep=4m
[t1b][ep4 4400/4809] L=15.864 2.6it/s eta_ep=3m
[t1b][ep4 4600/4809] L=20.793 2.6it/s eta_ep=1m
[t1b][ep4 4800/4809] L=20.027 2.6it/s eta_ep=0m
Accumulating evaluation results...
DONE (t=4.04s).
[t1b][ep4] val mAP=0.7213
[t1b][ep5 0/4809] L=19.322 2.2it/s eta_ep=37m
[t1b][ep5 200/4809] L=22.859 2.5it/s eta_ep=30m
[t1b][ep5 400/4809] L=13.419 2.6it/s eta_ep=29m
[t1b][ep5 600/4809] L=17.595 2.6it/s eta_ep=27m
[t1b][ep5 800/4809] L=25.045 2.6it/s eta_ep=26m
[t1b][ep5 1000/4809] L=11.615 2.6it/s eta_ep=25m
[t1b][ep5 1200/4809] L=21.157 2.6it/s eta_ep=24m
[t1b][ep5 1400/4809] L=14.563 2.6it/s eta_ep=22m
[t1b][ep5 1600/4809] L=14.265 2.6it/s eta_ep=21m
[t1b][ep5 1800/4809] L=8.325 2.6it/s eta_ep=20m
[t1b][ep5 2000/4809] L=8.749 2.6it/s eta_ep=18m
[t1b][ep5 2200/4809] L=16.350 2.6it/s eta_ep=17m
[t1b][ep5 2400/4809] L=11.529 2.6it/s eta_ep=16m
[t1b][ep5 2600/4809] L=13.443 2.6it/s eta_ep=14m
[t1b][ep5 2800/4809] L=15.377 2.6it/s eta_ep=13m
[t1b][ep5 3000/4809] L=10.120 2.6it/s eta_ep=12m
[t1b][ep5 3200/4809] L=21.456 2.6it/s eta_ep=10m
[t1b][ep5 3400/4809] L=10.221 2.6it/s eta_ep=9m
[t1b][ep5 3600/4809] L=14.211 2.6it/s eta_ep=8m
[t1b][ep5 3800/4809] L=11.750 2.6it/s eta_ep=7m
[t1b][ep5 4000/4809] L=13.747 2.6it/s eta_ep=5m
[t1b][ep5 4200/4809] L=12.738 2.6it/s eta_ep=4m
[t1b][ep5 4400/4809] L=15.352 2.6it/s eta_ep=3m
[t1b][ep5 4600/4809] L=14.625 2.6it/s eta_ep=1m
[t1b][ep5 4800/4809] L=22.157 2.6it/s eta_ep=0m
Accumulating evaluation results...
DONE (t=4.00s).
[t1b][ep5] val mAP=0.7212
[t1b] DONE best@ep1 mAP=0.7226 (init 0.7217) -> /tmp/t1b_camt_seed456
