/home/ubuntu/slocal2/m2/.venv/lib/python3.11/site-packages/torch/_utils.py:831: UserWarning: TypedStorage is deprecated. It will be removed in the future and UntypedStorage will be the only storage class. This should only matter to you if you are using storages directly.  To access UntypedStorage directly, use tensor.untyped_storage() instead of tensor.storage()
  return self.fget.__get__(instance, owner)()
GAP coco P15 A J +0.1254 acc +0.1171
GAP coco P15 B J +0.2810 acc +0.1373
GAP coco P15 C J +0.3259 acc +0.1955
GAP coco P15 D J +0.2509 acc +0.1265
GAP coco P15 E J +0.2773 acc +0.0949
GAP coco P20 A J +0.2201 acc +0.0477
GAP coco P20 B J +0.3376 acc +0.1607
GAP coco P20 C J +0.2316 acc +0.1397
GAP coco P20 D J +0.2786 acc +0.1213
GAP coco P20 E J +0.1871 acc +0.0571
GAP imagenet P15 A J +0.2887 acc +0.1398
GAP imagenet P15 B J +0.3510 acc +0.2214
GAP imagenet P15 C J +0.5626 acc +0.2040
GAP imagenet P15 D J +0.4842 acc +0.3019
GAP imagenet P15 E J +0.2976 acc +0.1335
GAP imagenet P20 A J +0.2438 acc +0.0838
GAP imagenet P20 B J +0.2935 acc +0.1565
GAP imagenet P20 C J +0.4520 acc +0.1758
GAP imagenet P20 D J +0.4622 acc +0.2009
GAP imagenet P20 E J +0.2731 acc +0.1011
