[grasp-phase-variants][ctrl:zeros][1/50] phase_loss=3.689071 val_acc=0.367657
[grasp-phase-variants][ctrl:zeros][2/50] phase_loss=2.886029 val_acc=0.335314
[grasp-phase-variants][ctrl:zeros][3/50] phase_loss=2.752902 val_acc=0.367657
[grasp-phase-variants][ctrl:zeros][4/50] phase_loss=2.591672 val_acc=0.448845
[grasp-phase-variants][ctrl:zeros][5/50] phase_loss=2.606264 val_acc=0.475908
[grasp-phase-variants][ctrl:zeros][6/50] phase_loss=2.309120 val_acc=0.668647
[grasp-phase-variants][ctrl:zeros][7/50] phase_loss=1.989992 val_acc=0.518812
[grasp-phase-variants][ctrl:zeros][8/50] phase_loss=1.694899 val_acc=0.496370
[grasp-phase-variants][ctrl:zeros][9/50] phase_loss=1.626211 val_acc=0.541254
[grasp-phase-variants][ctrl:zeros][10/50] phase_loss=1.562114 val_acc=0.672607
[grasp-phase-variants][ctrl:zeros][11/50] phase_loss=1.491734 val_acc=0.600660
[grasp-phase-variants][ctrl:zeros][12/50] phase_loss=1.343985 val_acc=0.583498
[grasp-phase-variants][ctrl:zeros][13/50] phase_loss=1.276998 val_acc=0.753135
[grasp-phase-variants][ctrl:zeros][14/50] phase_loss=1.168827 val_acc=0.734653
[grasp-phase-variants][ctrl:zeros][15/50] phase_loss=1.084099 val_acc=0.746535
[grasp-phase-variants][ctrl:zeros][16/50] phase_loss=1.031728 val_acc=0.726073
[grasp-phase-variants][ctrl:zeros][17/50] phase_loss=0.988075 val_acc=0.733993
[grasp-phase-variants][ctrl:zeros][18/50] phase_loss=0.917938 val_acc=0.827063
[grasp-phase-variants][ctrl:zeros][19/50] phase_loss=0.834064 val_acc=0.825743
[grasp-phase-variants][ctrl:zeros][20/50] phase_loss=0.800156 val_acc=0.858746
[grasp-phase-variants][ctrl:zeros][21/50] phase_loss=0.773968 val_acc=0.868647
[grasp-phase-variants][ctrl:zeros][22/50] phase_loss=0.742360 val_acc=0.889769
[grasp-phase-variants][ctrl:zeros][23/50] phase_loss=0.745489 val_acc=0.819142
[grasp-phase-variants][ctrl:zeros][24/50] phase_loss=0.800888 val_acc=0.833663
[grasp-phase-variants][ctrl:zeros][25/50] phase_loss=0.676494 val_acc=0.811221
[grasp-phase-variants][ctrl:zeros][26/50] phase_loss=0.642082 val_acc=0.884488
[grasp-phase-variants][ctrl:zeros][27/50] phase_loss=0.634042 val_acc=0.856106
[grasp-phase-variants][ctrl:zeros][28/50] phase_loss=0.590342 val_acc=0.800660
[grasp-phase-variants][ctrl:zeros][29/50] phase_loss=0.583541 val_acc=0.889769
[grasp-phase-variants][ctrl:zeros][30/50] phase_loss=0.632477 val_acc=0.843564
[grasp-phase-variants][ctrl:zeros][31/50] phase_loss=0.676387 val_acc=0.891089
[grasp-phase-variants][ctrl:zeros][32/50] phase_loss=0.634813 val_acc=0.862706
[grasp-phase-variants][ctrl:zeros][33/50] phase_loss=0.530854 val_acc=0.877888
[grasp-phase-variants][ctrl:zeros][34/50] phase_loss=0.477360 val_acc=0.884488
[grasp-phase-variants][ctrl:zeros][35/50] phase_loss=0.453784 val_acc=0.856106
[grasp-phase-variants][ctrl:zeros][36/50] phase_loss=0.433896 val_acc=0.858086
[grasp-phase-variants][ctrl:zeros][37/50] phase_loss=0.435485 val_acc=0.862046
[grasp-phase-variants][ctrl:zeros][38/50] phase_loss=0.424433 val_acc=0.840264
[grasp-phase-variants][ctrl:zeros][39/50] phase_loss=0.413608 val_acc=0.883828
[grasp-phase-variants][ctrl:zeros][40/50] phase_loss=0.397573 val_acc=0.880528
[grasp-phase-variants][ctrl:zeros][41/50] phase_loss=0.400121 val_acc=0.873267
[grasp-phase-variants][ctrl:zeros][42/50] phase_loss=0.440076 val_acc=0.859406
[grasp-phase-variants][ctrl:zeros][43/50] phase_loss=0.389977 val_acc=0.881188
[grasp-phase-variants][ctrl:zeros][44/50] phase_loss=0.365408 val_acc=0.880528
[grasp-phase-variants][ctrl:zeros][45/50] phase_loss=0.351767 val_acc=0.897030
[grasp-phase-variants][ctrl:zeros][46/50] phase_loss=0.341711 val_acc=0.893729
[grasp-phase-variants][ctrl:zeros][47/50] phase_loss=0.333154 val_acc=0.887789
[grasp-phase-variants][ctrl:zeros][48/50] phase_loss=0.321119 val_acc=0.894389
[grasp-phase-variants][ctrl:zeros][49/50] phase_loss=0.317772 val_acc=0.887129
[grasp-phase-variants][ctrl:zeros][50/50] phase_loss=0.324190 val_acc=0.906271
{
  "task_id": "T-2026-08-15-injection-sweep-deterministic",
  "arm": "ctrl",
  "signal": "zeros",
  "staged": false,
  "oracle_upper_bound_only_do_not_report": false,
  "completed": true,
  "epochs": 50,
  "device": "cuda",
  "train_clips": 13,
  "val_clips": 3,
  "elapsed_seconds": 23.96390957525,
  "train/phase_loss": 0.32419001253751606,
  "train/grasp_loss": 0.30236685963777393,
  "phase_accuracy": 0.9062706270627062,
  "phase_macro_f1": 0.708984845217335,
  "phase_jaccard": 0.6496018848250346,
  "phase_edit_score": 35.31746031746032,
  "phase_seg_f1_10": 0.40245901639344267,
  "phase_seg_f1_25": 0.3915300546448088,
  "phase_seg_f1_50": 0.30512295081967217,
  "grasp_accuracy_left_hand": 0.9848084656061553,
  "grasp_accuracy_right_hand": 0.9669749192706503,
  "grasp_accuracy_left_hand_tool": 0.905548207983473,
  "grasp_accuracy_right_hand_tool": 0.8606340870989518,
  "grasp_accuracy_two_hands_tool": 0.8837516564516599,
  "epoch": 50
}
