[grasp-phase-variants][ctrl:zeros][1/50] phase_loss=3.689067 val_acc=0.367657
[grasp-phase-variants][ctrl:zeros][2/50] phase_loss=2.886056 val_acc=0.335314
[grasp-phase-variants][ctrl:zeros][3/50] phase_loss=2.752910 val_acc=0.367657
[grasp-phase-variants][ctrl:zeros][4/50] phase_loss=2.591619 val_acc=0.448845
[grasp-phase-variants][ctrl:zeros][5/50] phase_loss=2.606713 val_acc=0.475908
[grasp-phase-variants][ctrl:zeros][6/50] phase_loss=2.308404 val_acc=0.668647
[grasp-phase-variants][ctrl:zeros][7/50] phase_loss=1.988413 val_acc=0.516172
[grasp-phase-variants][ctrl:zeros][8/50] phase_loss=1.695797 val_acc=0.499670
[grasp-phase-variants][ctrl:zeros][9/50] phase_loss=1.645043 val_acc=0.524752
[grasp-phase-variants][ctrl:zeros][10/50] phase_loss=1.578801 val_acc=0.671287
[grasp-phase-variants][ctrl:zeros][11/50] phase_loss=1.472114 val_acc=0.617162
[grasp-phase-variants][ctrl:zeros][12/50] phase_loss=1.326025 val_acc=0.592079
[grasp-phase-variants][ctrl:zeros][13/50] phase_loss=1.254813 val_acc=0.705611
[grasp-phase-variants][ctrl:zeros][14/50] phase_loss=1.257523 val_acc=0.671947
[grasp-phase-variants][ctrl:zeros][15/50] phase_loss=1.179280 val_acc=0.713531
[grasp-phase-variants][ctrl:zeros][16/50] phase_loss=1.069805 val_acc=0.716172
[grasp-phase-variants][ctrl:zeros][17/50] phase_loss=1.014009 val_acc=0.708251
[grasp-phase-variants][ctrl:zeros][18/50] phase_loss=0.956432 val_acc=0.789439
[grasp-phase-variants][ctrl:zeros][19/50] phase_loss=0.948365 val_acc=0.846865
[grasp-phase-variants][ctrl:zeros][20/50] phase_loss=0.863800 val_acc=0.857426
[grasp-phase-variants][ctrl:zeros][21/50] phase_loss=0.855152 val_acc=0.826403
[grasp-phase-variants][ctrl:zeros][22/50] phase_loss=0.779013 val_acc=0.786139
[grasp-phase-variants][ctrl:zeros][23/50] phase_loss=0.729675 val_acc=0.842904
[grasp-phase-variants][ctrl:zeros][24/50] phase_loss=0.685923 val_acc=0.870627
[grasp-phase-variants][ctrl:zeros][25/50] phase_loss=0.647499 val_acc=0.881848
[grasp-phase-variants][ctrl:zeros][26/50] phase_loss=0.668901 val_acc=0.840924
[grasp-phase-variants][ctrl:zeros][27/50] phase_loss=0.616253 val_acc=0.817162
[grasp-phase-variants][ctrl:zeros][28/50] phase_loss=0.609555 val_acc=0.866667
[grasp-phase-variants][ctrl:zeros][29/50] phase_loss=0.573142 val_acc=0.813201
[grasp-phase-variants][ctrl:zeros][30/50] phase_loss=0.580695 val_acc=0.882508
[grasp-phase-variants][ctrl:zeros][31/50] phase_loss=0.545046 val_acc=0.863366
[grasp-phase-variants][ctrl:zeros][32/50] phase_loss=0.574067 val_acc=0.838944
[grasp-phase-variants][ctrl:zeros][33/50] phase_loss=0.507749 val_acc=0.862706
[grasp-phase-variants][ctrl:zeros][34/50] phase_loss=0.455959 val_acc=0.870627
[grasp-phase-variants][ctrl:zeros][35/50] phase_loss=0.440429 val_acc=0.858746
[grasp-phase-variants][ctrl:zeros][36/50] phase_loss=0.429572 val_acc=0.878548
[grasp-phase-variants][ctrl:zeros][37/50] phase_loss=0.443743 val_acc=0.858746
[grasp-phase-variants][ctrl:zeros][38/50] phase_loss=0.459676 val_acc=0.838284
[grasp-phase-variants][ctrl:zeros][39/50] phase_loss=0.440327 val_acc=0.895710
[grasp-phase-variants][ctrl:zeros][40/50] phase_loss=0.403585 val_acc=0.871287
[grasp-phase-variants][ctrl:zeros][41/50] phase_loss=0.379361 val_acc=0.875908
[grasp-phase-variants][ctrl:zeros][42/50] phase_loss=0.378989 val_acc=0.885149
[grasp-phase-variants][ctrl:zeros][43/50] phase_loss=0.408754 val_acc=0.883828
[grasp-phase-variants][ctrl:zeros][44/50] phase_loss=0.368853 val_acc=0.890429
[grasp-phase-variants][ctrl:zeros][45/50] phase_loss=0.367115 val_acc=0.902310
[grasp-phase-variants][ctrl:zeros][46/50] phase_loss=0.346385 val_acc=0.884488
[grasp-phase-variants][ctrl:zeros][47/50] phase_loss=0.334969 val_acc=0.883828
[grasp-phase-variants][ctrl:zeros][48/50] phase_loss=0.328078 val_acc=0.906931
[grasp-phase-variants][ctrl:zeros][49/50] phase_loss=0.325981 val_acc=0.885149
[grasp-phase-variants][ctrl:zeros][50/50] phase_loss=0.336351 val_acc=0.907591
{
  "task_id": "T-2026-08-15-injection-sweep-deterministic",
  "arm": "ctrl",
  "signal": "zeros",
  "staged": false,
  "oracle_upper_bound_only_do_not_report": false,
  "completed": true,
  "epochs": 50,
  "device": "cuda",
  "train_clips": 13,
  "val_clips": 3,
  "elapsed_seconds": 24.527012931648642,
  "train/phase_loss": 0.3363511310173915,
  "train/grasp_loss": 0.30236685963777393,
  "phase_accuracy": 0.9075907590759076,
  "phase_macro_f1": 0.7045422968583906,
  "phase_jaccard": 0.6567500674514644,
  "phase_edit_score": 41.572649572649574,
  "phase_seg_f1_10": 0.4491725768321513,
  "phase_seg_f1_25": 0.4208037825059103,
  "phase_seg_f1_50": 0.34184397163120567,
  "grasp_accuracy_left_hand": 0.9848084656061553,
  "grasp_accuracy_right_hand": 0.9669749192706503,
  "grasp_accuracy_left_hand_tool": 0.905548207983473,
  "grasp_accuracy_right_hand_tool": 0.8606340870989518,
  "grasp_accuracy_two_hands_tool": 0.8837516564516599,
  "epoch": 50
}
