[grasp-phase-variants][inj:predicted_sigmoid][1/50] phase_loss=3.497301 val_acc=0.330693
[grasp-phase-variants][inj:predicted_sigmoid][2/50] phase_loss=2.999886 val_acc=0.367657
[grasp-phase-variants][inj:predicted_sigmoid][3/50] phase_loss=2.737772 val_acc=0.333993
[grasp-phase-variants][inj:predicted_sigmoid][4/50] phase_loss=2.634165 val_acc=0.555776
[grasp-phase-variants][inj:predicted_sigmoid][5/50] phase_loss=2.483211 val_acc=0.448845
[grasp-phase-variants][inj:predicted_sigmoid][6/50] phase_loss=2.178847 val_acc=0.673267
[grasp-phase-variants][inj:predicted_sigmoid][7/50] phase_loss=1.929879 val_acc=0.519472
[grasp-phase-variants][inj:predicted_sigmoid][8/50] phase_loss=2.066157 val_acc=0.570297
[grasp-phase-variants][inj:predicted_sigmoid][9/50] phase_loss=1.908487 val_acc=0.499010
[grasp-phase-variants][inj:predicted_sigmoid][10/50] phase_loss=1.923295 val_acc=0.684488
[grasp-phase-variants][inj:predicted_sigmoid][11/50] phase_loss=1.494874 val_acc=0.666007
[grasp-phase-variants][inj:predicted_sigmoid][12/50] phase_loss=1.379173 val_acc=0.695050
[grasp-phase-variants][inj:predicted_sigmoid][13/50] phase_loss=1.276392 val_acc=0.710891
[grasp-phase-variants][inj:predicted_sigmoid][14/50] phase_loss=1.180960 val_acc=0.780858
[grasp-phase-variants][inj:predicted_sigmoid][15/50] phase_loss=1.101773 val_acc=0.790099
[grasp-phase-variants][inj:predicted_sigmoid][16/50] phase_loss=1.027791 val_acc=0.755776
[grasp-phase-variants][inj:predicted_sigmoid][17/50] phase_loss=0.970279 val_acc=0.766337
[grasp-phase-variants][inj:predicted_sigmoid][18/50] phase_loss=0.936105 val_acc=0.764356
[grasp-phase-variants][inj:predicted_sigmoid][19/50] phase_loss=0.875523 val_acc=0.813201
[grasp-phase-variants][inj:predicted_sigmoid][20/50] phase_loss=0.871167 val_acc=0.805281
[grasp-phase-variants][inj:predicted_sigmoid][21/50] phase_loss=0.978103 val_acc=0.832343
[grasp-phase-variants][inj:predicted_sigmoid][22/50] phase_loss=0.846328 val_acc=0.765017
[grasp-phase-variants][inj:predicted_sigmoid][23/50] phase_loss=0.793904 val_acc=0.821782
[grasp-phase-variants][inj:predicted_sigmoid][24/50] phase_loss=0.723205 val_acc=0.819802
[grasp-phase-variants][inj:predicted_sigmoid][25/50] phase_loss=0.715855 val_acc=0.840924
[grasp-phase-variants][inj:predicted_sigmoid][26/50] phase_loss=0.710716 val_acc=0.866667
[grasp-phase-variants][inj:predicted_sigmoid][27/50] phase_loss=0.654871 val_acc=0.876568
[grasp-phase-variants][inj:predicted_sigmoid][28/50] phase_loss=0.646592 val_acc=0.842244
[grasp-phase-variants][inj:predicted_sigmoid][29/50] phase_loss=0.590426 val_acc=0.867987
[grasp-phase-variants][inj:predicted_sigmoid][30/50] phase_loss=0.549696 val_acc=0.886469
[grasp-phase-variants][inj:predicted_sigmoid][31/50] phase_loss=0.529936 val_acc=0.860726
[grasp-phase-variants][inj:predicted_sigmoid][32/50] phase_loss=0.508185 val_acc=0.871287
[grasp-phase-variants][inj:predicted_sigmoid][33/50] phase_loss=0.505969 val_acc=0.888449
[grasp-phase-variants][inj:predicted_sigmoid][34/50] phase_loss=0.485748 val_acc=0.877228
[grasp-phase-variants][inj:predicted_sigmoid][35/50] phase_loss=0.493231 val_acc=0.881848
[grasp-phase-variants][inj:predicted_sigmoid][36/50] phase_loss=0.471186 val_acc=0.887129
[grasp-phase-variants][inj:predicted_sigmoid][37/50] phase_loss=0.456194 val_acc=0.877888
[grasp-phase-variants][inj:predicted_sigmoid][38/50] phase_loss=0.459326 val_acc=0.869307
[grasp-phase-variants][inj:predicted_sigmoid][39/50] phase_loss=0.466809 val_acc=0.893729
[grasp-phase-variants][inj:predicted_sigmoid][40/50] phase_loss=0.470547 val_acc=0.876568
[grasp-phase-variants][inj:predicted_sigmoid][41/50] phase_loss=0.473654 val_acc=0.847525
[grasp-phase-variants][inj:predicted_sigmoid][42/50] phase_loss=0.438119 val_acc=0.880528
[grasp-phase-variants][inj:predicted_sigmoid][43/50] phase_loss=0.413398 val_acc=0.883168
[grasp-phase-variants][inj:predicted_sigmoid][44/50] phase_loss=0.395727 val_acc=0.864686
[grasp-phase-variants][inj:predicted_sigmoid][45/50] phase_loss=0.372493 val_acc=0.885149
[grasp-phase-variants][inj:predicted_sigmoid][46/50] phase_loss=0.359590 val_acc=0.877228
[grasp-phase-variants][inj:predicted_sigmoid][47/50] phase_loss=0.348284 val_acc=0.877888
[grasp-phase-variants][inj:predicted_sigmoid][48/50] phase_loss=0.338903 val_acc=0.884488
[grasp-phase-variants][inj:predicted_sigmoid][49/50] phase_loss=0.331567 val_acc=0.879208
[grasp-phase-variants][inj:predicted_sigmoid][50/50] phase_loss=0.324398 val_acc=0.892409
{
  "task_id": "T-2026-08-15-injection-sweep-deterministic",
  "arm": "inj",
  "signal": "predicted_sigmoid",
  "staged": true,
  "oracle_upper_bound_only_do_not_report": false,
  "completed": true,
  "epochs": 50,
  "device": "cuda",
  "train_clips": 13,
  "val_clips": 3,
  "elapsed_seconds": 50.39962761569768,
  "determinism": {
    "deterministic": true,
    "seed": 42,
    "cublas_workspace_config": ":4096:8",
    "torch_use_deterministic_algorithms": true,
    "cudnn_deterministic": true,
    "cudnn_benchmark": false
  },
  "stage1_epochs": 50,
  "stage1_seconds": 15.233342038933188,
  "train/phase_loss": 0.466808578142753,
  "train/grasp_loss": NaN,
  "phase_accuracy": 0.8937293729372937,
  "phase_macro_f1": 0.700305628591843,
  "phase_jaccard": 0.6413103053039432,
  "phase_edit_score": 33.77777777777778,
  "phase_seg_f1_10": 0.3870028011204482,
  "phase_seg_f1_25": 0.34700280112044823,
  "phase_seg_f1_50": 0.26778711484593837,
  "grasp_accuracy_left_hand": 0.9848084656061553,
  "grasp_accuracy_right_hand": 0.9669749192706503,
  "grasp_accuracy_left_hand_tool": 0.905548207983473,
  "grasp_accuracy_right_hand_tool": 0.8606340870989518,
  "grasp_accuracy_two_hands_tool": 0.8837516564516599,
  "epoch": 39
}
