# train.log から引用に要る行だけを抜いた要約。
# 元の train.log は 1.6〜1.9 MB あり step ごとの損失行が大半のため版管理へ入れない。
# 抜いた行: 各 epoch の先頭（lr）・COCO 評価の全 12 行・Training time・開始と保存の告知・異常語。
Using [0, 0.5, 0.6299605249474365, 0.7937005259840997, 1.0, 1.259921049894873, 1.5874010519681991, 2.0, inf] as bins for aspect ratio quantization
Using [0, 0.5, 0.6299605249474365, 0.7937005259840997, 1.0, 1.259921049894873, 1.5874010519681991, 2.0, inf] as bins for aspect ratio quantization
[2026-09-18 14:29:32 det.__main__]: [RANK 0] load pretrained from /home/ubuntu/slocal2/m2/data/external/weights/relation_detr_resnet50_800_1333_coco_1x.pth
[2026-09-18 14:29:33 det.__main__]: [RANK 0] Start training
[2026-09-18 14:29:35 det.util.engine]: Epoch: [0]  [0/2682]  eta: 1:35:44  lr: 0.000000  data_time: 0.0100  iter_time: 2.1419  loss: 70.3214 (70.3214)  loss_class: 2.5922 (2.5922)  loss_bbox: 0.4477 (
[2026-09-18 15:10:36 det.__main__]: [RANK 0] Start evaluation
 Average Precision  (AP) @[ IoU=0.50:0.95 | area=   all | maxDets=100 ] = 0.358
 Average Precision  (AP) @[ IoU=0.50      | area=   all | maxDets=100 ] = 0.522
 Average Precision  (AP) @[ IoU=0.75      | area=   all | maxDets=100 ] = 0.402
 Average Precision  (AP) @[ IoU=0.50:0.95 | area= small | maxDets=100 ] = -1.000
 Average Precision  (AP) @[ IoU=0.50:0.95 | area=medium | maxDets=100 ] = 0.049
 Average Precision  (AP) @[ IoU=0.50:0.95 | area= large | maxDets=100 ] = 0.376
 Average Recall     (AR) @[ IoU=0.50:0.95 | area=   all | maxDets=  1 ] = 0.480
 Average Recall     (AR) @[ IoU=0.50:0.95 | area=   all | maxDets= 10 ] = 0.647
 Average Recall     (AR) @[ IoU=0.50:0.95 | area=   all | maxDets=100 ] = 0.685
 Average Recall     (AR) @[ IoU=0.50:0.95 | area= small | maxDets=100 ] = -1.000
 Average Recall     (AR) @[ IoU=0.50:0.95 | area=medium | maxDets=100 ] = 0.379
 Average Recall     (AR) @[ IoU=0.50:0.95 | area= large | maxDets=100 ] = 0.705
[2026-09-18 15:13:20 det.util.utils]: [RANK 0] the best ap model is saved to /home/ubuntu/slocal2/m2/experiments/baselines/stage1_dtower/dcoco_foldC_seed42/work/best_ap.pth
[2026-09-18 15:13:21 det.util.engine]: Epoch: [1]  [0/2682]  eta: 0:51:13  lr: 0.000100  data_time: 0.0132  iter_time: 1.1460  loss: 27.9114 (27.9114)  loss_class: 0.7001 (0.7001)  loss_bbox: 0.2833 (
[2026-09-18 15:54:23 det.__main__]: [RANK 0] Start evaluation
 Average Precision  (AP) @[ IoU=0.50:0.95 | area=   all | maxDets=100 ] = 0.407
 Average Precision  (AP) @[ IoU=0.50      | area=   all | maxDets=100 ] = 0.590
 Average Precision  (AP) @[ IoU=0.75      | area=   all | maxDets=100 ] = 0.453
 Average Precision  (AP) @[ IoU=0.50:0.95 | area= small | maxDets=100 ] = -1.000
 Average Precision  (AP) @[ IoU=0.50:0.95 | area=medium | maxDets=100 ] = 0.056
 Average Precision  (AP) @[ IoU=0.50:0.95 | area= large | maxDets=100 ] = 0.425
 Average Recall     (AR) @[ IoU=0.50:0.95 | area=   all | maxDets=  1 ] = 0.506
 Average Recall     (AR) @[ IoU=0.50:0.95 | area=   all | maxDets= 10 ] = 0.653
 Average Recall     (AR) @[ IoU=0.50:0.95 | area=   all | maxDets=100 ] = 0.680
 Average Recall     (AR) @[ IoU=0.50:0.95 | area= small | maxDets=100 ] = -1.000
 Average Recall     (AR) @[ IoU=0.50:0.95 | area=medium | maxDets=100 ] = 0.387
 Average Recall     (AR) @[ IoU=0.50:0.95 | area= large | maxDets=100 ] = 0.700
[2026-09-18 15:57:15 det.util.utils]: [RANK 0] the best ap model is saved to /home/ubuntu/slocal2/m2/experiments/baselines/stage1_dtower/dcoco_foldC_seed42/work/best_ap.pth
[2026-09-18 15:57:17 det.util.engine]: Epoch: [2]  [0/2682]  eta: 1:01:03  lr: 0.000100  data_time: 0.0134  iter_time: 1.3659  loss: 21.0215 (21.0215)  loss_class: 0.4799 (0.4799)  loss_bbox: 0.1989 (
[2026-09-18 16:38:29 det.__main__]: [RANK 0] Start evaluation
 Average Precision  (AP) @[ IoU=0.50:0.95 | area=   all | maxDets=100 ] = 0.414
 Average Precision  (AP) @[ IoU=0.50      | area=   all | maxDets=100 ] = 0.601
 Average Precision  (AP) @[ IoU=0.75      | area=   all | maxDets=100 ] = 0.473
 Average Precision  (AP) @[ IoU=0.50:0.95 | area= small | maxDets=100 ] = -1.000
 Average Precision  (AP) @[ IoU=0.50:0.95 | area=medium | maxDets=100 ] = 0.147
 Average Precision  (AP) @[ IoU=0.50:0.95 | area= large | maxDets=100 ] = 0.431
 Average Recall     (AR) @[ IoU=0.50:0.95 | area=   all | maxDets=  1 ] = 0.511
 Average Recall     (AR) @[ IoU=0.50:0.95 | area=   all | maxDets= 10 ] = 0.665
 Average Recall     (AR) @[ IoU=0.50:0.95 | area=   all | maxDets=100 ] = 0.690
 Average Recall     (AR) @[ IoU=0.50:0.95 | area= small | maxDets=100 ] = -1.000
 Average Recall     (AR) @[ IoU=0.50:0.95 | area=medium | maxDets=100 ] = 0.356
 Average Recall     (AR) @[ IoU=0.50:0.95 | area= large | maxDets=100 ] = 0.710
[2026-09-18 16:41:32 det.util.utils]: [RANK 0] the best ap model is saved to /home/ubuntu/slocal2/m2/experiments/baselines/stage1_dtower/dcoco_foldC_seed42/work/best_ap.pth
[2026-09-18 16:41:34 det.util.engine]: Epoch: [3]  [0/2682]  eta: 0:51:03  lr: 0.000100  data_time: 0.0040  iter_time: 1.1423  loss: 15.5578 (15.5578)  loss_class: 0.3714 (0.3714)  loss_bbox: 0.1041 (
[2026-09-18 17:22:38 det.__main__]: [RANK 0] Start evaluation
 Average Precision  (AP) @[ IoU=0.50:0.95 | area=   all | maxDets=100 ] = 0.432
 Average Precision  (AP) @[ IoU=0.50      | area=   all | maxDets=100 ] = 0.622
 Average Precision  (AP) @[ IoU=0.75      | area=   all | maxDets=100 ] = 0.486
 Average Precision  (AP) @[ IoU=0.50:0.95 | area= small | maxDets=100 ] = -1.000
 Average Precision  (AP) @[ IoU=0.50:0.95 | area=medium | maxDets=100 ] = 0.104
 Average Precision  (AP) @[ IoU=0.50:0.95 | area= large | maxDets=100 ] = 0.450
 Average Recall     (AR) @[ IoU=0.50:0.95 | area=   all | maxDets=  1 ] = 0.520
 Average Recall     (AR) @[ IoU=0.50:0.95 | area=   all | maxDets= 10 ] = 0.665
 Average Recall     (AR) @[ IoU=0.50:0.95 | area=   all | maxDets=100 ] = 0.695
 Average Recall     (AR) @[ IoU=0.50:0.95 | area= small | maxDets=100 ] = -1.000
 Average Recall     (AR) @[ IoU=0.50:0.95 | area=medium | maxDets=100 ] = 0.383
 Average Recall     (AR) @[ IoU=0.50:0.95 | area= large | maxDets=100 ] = 0.715
[2026-09-18 17:25:45 det.util.utils]: [RANK 0] the best ap model is saved to /home/ubuntu/slocal2/m2/experiments/baselines/stage1_dtower/dcoco_foldC_seed42/work/best_ap.pth
[2026-09-18 17:25:47 det.util.engine]: Epoch: [4]  [0/2682]  eta: 0:43:57  lr: 0.000100  data_time: 0.0027  iter_time: 0.9836  loss: 21.5449 (21.5449)  loss_class: 0.3626 (0.3626)  loss_bbox: 0.3533 (
[2026-09-18 18:06:45 det.__main__]: [RANK 0] Start evaluation
 Average Precision  (AP) @[ IoU=0.50:0.95 | area=   all | maxDets=100 ] = 0.428
 Average Precision  (AP) @[ IoU=0.50      | area=   all | maxDets=100 ] = 0.611
 Average Precision  (AP) @[ IoU=0.75      | area=   all | maxDets=100 ] = 0.477
 Average Precision  (AP) @[ IoU=0.50:0.95 | area= small | maxDets=100 ] = -1.000
 Average Precision  (AP) @[ IoU=0.50:0.95 | area=medium | maxDets=100 ] = 0.113
 Average Precision  (AP) @[ IoU=0.50:0.95 | area= large | maxDets=100 ] = 0.445
 Average Recall     (AR) @[ IoU=0.50:0.95 | area=   all | maxDets=  1 ] = 0.532
 Average Recall     (AR) @[ IoU=0.50:0.95 | area=   all | maxDets= 10 ] = 0.678
 Average Recall     (AR) @[ IoU=0.50:0.95 | area=   all | maxDets=100 ] = 0.705
 Average Recall     (AR) @[ IoU=0.50:0.95 | area= small | maxDets=100 ] = -1.000
 Average Recall     (AR) @[ IoU=0.50:0.95 | area=medium | maxDets=100 ] = 0.386
 Average Recall     (AR) @[ IoU=0.50:0.95 | area= large | maxDets=100 ] = 0.725
[2026-09-18 18:09:31 det.util.engine]: Epoch: [5]  [0/2682]  eta: 1:24:20  lr: 0.000100  data_time: 0.0104  iter_time: 1.8870  loss: 19.1052 (19.1052)  loss_class: 0.4403 (0.4403)  loss_bbox: 0.2021 (
[2026-09-18 18:51:03 det.__main__]: [RANK 0] Start evaluation
 Average Precision  (AP) @[ IoU=0.50:0.95 | area=   all | maxDets=100 ] = 0.426
 Average Precision  (AP) @[ IoU=0.50      | area=   all | maxDets=100 ] = 0.617
 Average Precision  (AP) @[ IoU=0.75      | area=   all | maxDets=100 ] = 0.485
 Average Precision  (AP) @[ IoU=0.50:0.95 | area= small | maxDets=100 ] = -1.000
 Average Precision  (AP) @[ IoU=0.50:0.95 | area=medium | maxDets=100 ] = 0.085
 Average Precision  (AP) @[ IoU=0.50:0.95 | area= large | maxDets=100 ] = 0.446
 Average Recall     (AR) @[ IoU=0.50:0.95 | area=   all | maxDets=  1 ] = 0.529
 Average Recall     (AR) @[ IoU=0.50:0.95 | area=   all | maxDets= 10 ] = 0.662
 Average Recall     (AR) @[ IoU=0.50:0.95 | area=   all | maxDets=100 ] = 0.688
 Average Recall     (AR) @[ IoU=0.50:0.95 | area= small | maxDets=100 ] = -1.000
 Average Recall     (AR) @[ IoU=0.50:0.95 | area=medium | maxDets=100 ] = 0.349
 Average Recall     (AR) @[ IoU=0.50:0.95 | area= large | maxDets=100 ] = 0.711
[2026-09-18 18:54:14 det.util.engine]: Epoch: [6]  [0/2682]  eta: 0:43:16  lr: 0.000100  data_time: 0.0191  iter_time: 0.9683  loss: 19.0815 (19.0815)  loss_class: 0.5112 (0.5112)  loss_bbox: 0.2064 (
[2026-09-18 19:36:00 det.__main__]: [RANK 0] Start evaluation
 Average Precision  (AP) @[ IoU=0.50:0.95 | area=   all | maxDets=100 ] = 0.437
 Average Precision  (AP) @[ IoU=0.50      | area=   all | maxDets=100 ] = 0.635
 Average Precision  (AP) @[ IoU=0.75      | area=   all | maxDets=100 ] = 0.492
 Average Precision  (AP) @[ IoU=0.50:0.95 | area= small | maxDets=100 ] = -1.000
 Average Precision  (AP) @[ IoU=0.50:0.95 | area=medium | maxDets=100 ] = 0.148
 Average Precision  (AP) @[ IoU=0.50:0.95 | area= large | maxDets=100 ] = 0.457
 Average Recall     (AR) @[ IoU=0.50:0.95 | area=   all | maxDets=  1 ] = 0.522
 Average Recall     (AR) @[ IoU=0.50:0.95 | area=   all | maxDets= 10 ] = 0.675
 Average Recall     (AR) @[ IoU=0.50:0.95 | area=   all | maxDets=100 ] = 0.700
 Average Recall     (AR) @[ IoU=0.50:0.95 | area= small | maxDets=100 ] = -1.000
 Average Recall     (AR) @[ IoU=0.50:0.95 | area=medium | maxDets=100 ] = 0.349
 Average Recall     (AR) @[ IoU=0.50:0.95 | area= large | maxDets=100 ] = 0.720
[2026-09-18 19:39:14 det.util.utils]: [RANK 0] the best ap model is saved to /home/ubuntu/slocal2/m2/experiments/baselines/stage1_dtower/dcoco_foldC_seed42/work/best_ap.pth
[2026-09-18 19:39:16 det.util.engine]: Epoch: [7]  [0/2682]  eta: 0:51:04  lr: 0.000100  data_time: 0.0099  iter_time: 1.1428  loss: 12.3061 (12.3061)  loss_class: 0.2812 (0.2812)  loss_bbox: 0.1050 (
[2026-09-18 20:21:09 det.__main__]: [RANK 0] Start evaluation
 Average Precision  (AP) @[ IoU=0.50:0.95 | area=   all | maxDets=100 ] = 0.419
 Average Precision  (AP) @[ IoU=0.50      | area=   all | maxDets=100 ] = 0.603
 Average Precision  (AP) @[ IoU=0.75      | area=   all | maxDets=100 ] = 0.464
 Average Precision  (AP) @[ IoU=0.50:0.95 | area= small | maxDets=100 ] = -1.000
 Average Precision  (AP) @[ IoU=0.50:0.95 | area=medium | maxDets=100 ] = 0.089
 Average Precision  (AP) @[ IoU=0.50:0.95 | area= large | maxDets=100 ] = 0.438
 Average Recall     (AR) @[ IoU=0.50:0.95 | area=   all | maxDets=  1 ] = 0.522
 Average Recall     (AR) @[ IoU=0.50:0.95 | area=   all | maxDets= 10 ] = 0.672
 Average Recall     (AR) @[ IoU=0.50:0.95 | area=   all | maxDets=100 ] = 0.703
 Average Recall     (AR) @[ IoU=0.50:0.95 | area= small | maxDets=100 ] = -1.000
 Average Recall     (AR) @[ IoU=0.50:0.95 | area=medium | maxDets=100 ] = 0.363
 Average Recall     (AR) @[ IoU=0.50:0.95 | area= large | maxDets=100 ] = 0.723
[2026-09-18 20:24:24 det.util.engine]: Epoch: [8]  [0/2682]  eta: 0:54:24  lr: 0.000100  data_time: 0.0043  iter_time: 1.2171  loss: 21.6308 (21.6308)  loss_class: 0.6908 (0.6908)  loss_bbox: 0.1899 (
[2026-09-18 21:06:23 det.__main__]: [RANK 0] Start evaluation
 Average Precision  (AP) @[ IoU=0.50:0.95 | area=   all | maxDets=100 ] = 0.425
 Average Precision  (AP) @[ IoU=0.50      | area=   all | maxDets=100 ] = 0.603
 Average Precision  (AP) @[ IoU=0.75      | area=   all | maxDets=100 ] = 0.481
 Average Precision  (AP) @[ IoU=0.50:0.95 | area= small | maxDets=100 ] = -1.000
 Average Precision  (AP) @[ IoU=0.50:0.95 | area=medium | maxDets=100 ] = 0.071
 Average Precision  (AP) @[ IoU=0.50:0.95 | area= large | maxDets=100 ] = 0.445
 Average Recall     (AR) @[ IoU=0.50:0.95 | area=   all | maxDets=  1 ] = 0.523
 Average Recall     (AR) @[ IoU=0.50:0.95 | area=   all | maxDets= 10 ] = 0.653
 Average Recall     (AR) @[ IoU=0.50:0.95 | area=   all | maxDets=100 ] = 0.693
 Average Recall     (AR) @[ IoU=0.50:0.95 | area= small | maxDets=100 ] = -1.000
 Average Recall     (AR) @[ IoU=0.50:0.95 | area=medium | maxDets=100 ] = 0.369
 Average Recall     (AR) @[ IoU=0.50:0.95 | area= large | maxDets=100 ] = 0.714
[2026-09-18 21:09:38 det.util.engine]: Epoch: [9]  [0/2682]  eta: 0:43:06  lr: 0.000100  data_time: 0.0191  iter_time: 0.9645  loss: 16.5280 (16.5280)  loss_class: 0.3804 (0.3804)  loss_bbox: 0.1696 (
[2026-09-18 21:51:18 det.__main__]: [RANK 0] Start evaluation
 Average Precision  (AP) @[ IoU=0.50:0.95 | area=   all | maxDets=100 ] = 0.415
 Average Precision  (AP) @[ IoU=0.50      | area=   all | maxDets=100 ] = 0.591
 Average Precision  (AP) @[ IoU=0.75      | area=   all | maxDets=100 ] = 0.468
 Average Precision  (AP) @[ IoU=0.50:0.95 | area= small | maxDets=100 ] = -1.000
 Average Precision  (AP) @[ IoU=0.50:0.95 | area=medium | maxDets=100 ] = 0.080
 Average Precision  (AP) @[ IoU=0.50:0.95 | area= large | maxDets=100 ] = 0.433
 Average Recall     (AR) @[ IoU=0.50:0.95 | area=   all | maxDets=  1 ] = 0.531
 Average Recall     (AR) @[ IoU=0.50:0.95 | area=   all | maxDets= 10 ] = 0.670
 Average Recall     (AR) @[ IoU=0.50:0.95 | area=   all | maxDets=100 ] = 0.694
 Average Recall     (AR) @[ IoU=0.50:0.95 | area= small | maxDets=100 ] = -1.000
 Average Recall     (AR) @[ IoU=0.50:0.95 | area=medium | maxDets=100 ] = 0.351
 Average Recall     (AR) @[ IoU=0.50:0.95 | area= large | maxDets=100 ] = 0.717
[2026-09-18 21:54:31 det.util.engine]: Epoch: [10]  [0/2682]  eta: 0:41:29  lr: 0.000010  data_time: 0.0088  iter_time: 0.9282  loss: 17.4105 (17.4105)  loss_class: 0.3964 (0.3964)  loss_bbox: 0.1697 
[2026-09-18 22:36:08 det.__main__]: [RANK 0] Start evaluation
 Average Precision  (AP) @[ IoU=0.50:0.95 | area=   all | maxDets=100 ] = 0.439
 Average Precision  (AP) @[ IoU=0.50      | area=   all | maxDets=100 ] = 0.627
 Average Precision  (AP) @[ IoU=0.75      | area=   all | maxDets=100 ] = 0.499
 Average Precision  (AP) @[ IoU=0.50:0.95 | area= small | maxDets=100 ] = -1.000
 Average Precision  (AP) @[ IoU=0.50:0.95 | area=medium | maxDets=100 ] = 0.102
 Average Precision  (AP) @[ IoU=0.50:0.95 | area= large | maxDets=100 ] = 0.458
 Average Recall     (AR) @[ IoU=0.50:0.95 | area=   all | maxDets=  1 ] = 0.520
 Average Recall     (AR) @[ IoU=0.50:0.95 | area=   all | maxDets= 10 ] = 0.670
 Average Recall     (AR) @[ IoU=0.50:0.95 | area=   all | maxDets=100 ] = 0.698
 Average Recall     (AR) @[ IoU=0.50:0.95 | area= small | maxDets=100 ] = -1.000
 Average Recall     (AR) @[ IoU=0.50:0.95 | area=medium | maxDets=100 ] = 0.344
 Average Recall     (AR) @[ IoU=0.50:0.95 | area= large | maxDets=100 ] = 0.721
[2026-09-18 22:39:25 det.util.utils]: [RANK 0] the best ap model is saved to /home/ubuntu/slocal2/m2/experiments/baselines/stage1_dtower/dcoco_foldC_seed42/work/best_ap.pth
[2026-09-18 22:39:27 det.util.engine]: Epoch: [11]  [0/2682]  eta: 0:50:32  lr: 0.000010  data_time: 0.0210  iter_time: 1.1306  loss: 12.9215 (12.9215)  loss_class: 0.3290 (0.3290)  loss_bbox: 0.0742 
[2026-09-18 23:20:57 det.__main__]: [RANK 0] Start evaluation
 Average Precision  (AP) @[ IoU=0.50:0.95 | area=   all | maxDets=100 ] = 0.428
 Average Precision  (AP) @[ IoU=0.50      | area=   all | maxDets=100 ] = 0.613
 Average Precision  (AP) @[ IoU=0.75      | area=   all | maxDets=100 ] = 0.484
 Average Precision  (AP) @[ IoU=0.50:0.95 | area= small | maxDets=100 ] = -1.000
 Average Precision  (AP) @[ IoU=0.50:0.95 | area=medium | maxDets=100 ] = 0.100
 Average Precision  (AP) @[ IoU=0.50:0.95 | area= large | maxDets=100 ] = 0.447
 Average Recall     (AR) @[ IoU=0.50:0.95 | area=   all | maxDets=  1 ] = 0.519
 Average Recall     (AR) @[ IoU=0.50:0.95 | area=   all | maxDets= 10 ] = 0.669
 Average Recall     (AR) @[ IoU=0.50:0.95 | area=   all | maxDets=100 ] = 0.695
 Average Recall     (AR) @[ IoU=0.50:0.95 | area= small | maxDets=100 ] = -1.000
 Average Recall     (AR) @[ IoU=0.50:0.95 | area=medium | maxDets=100 ] = 0.371
 Average Recall     (AR) @[ IoU=0.50:0.95 | area= large | maxDets=100 ] = 0.716
[2026-09-18 23:24:14 det.__main__]: [RANK 0] Training time: 8:54:40
