/home/ubuntu/slocal2/m2/.venv-relation-detr/lib/python3.11/site-packages/albumentations/core/validation.py:114: UserWarning: ShiftScaleRotate is a special case of Affine transform. Please use Affine transform instead.
  original_init(self, **validated_kwargs)
/home/ubuntu/slocal2/m2/third_party/Relation-DETR/transforms/presets.py:109: UserWarning: Argument(s) 'value' are not valid for transform ShiftScaleRotate
  A.ShiftScaleRotate(
/home/ubuntu/slocal2/m2/third_party/Relation-DETR/transforms/presets.py:140: UserWarning: Argument(s) 'quality_lower, quality_upper' are not valid for transform ImageCompression
  A.ImageCompression(quality_lower=85, quality_upper=95, p=0.2),
/home/ubuntu/slocal2/m2/third_party/Relation-DETR/transforms/presets.py:177: UserWarning: Argument(s) 'value' are not valid for transform ShiftScaleRotate
  A.ShiftScaleRotate(
/home/ubuntu/slocal2/m2/third_party/Relation-DETR/transforms/presets.py:208: UserWarning: Argument(s) 'quality_lower, quality_upper' are not valid for transform ImageCompression
  A.ImageCompression(quality_lower=85, quality_upper=95, p=0.2),
Using /home/ubuntu/.cache/torch_extensions/py311_cu118 as PyTorch extensions root...
Detected CUDA files, patching ldflags
Emitting ninja build file /home/ubuntu/.cache/torch_extensions/py311_cu118/MultiScaleDeformableAttention/build.ninja...
Building extension module MultiScaleDeformableAttention...
Allowing ninja to set a default number of workers... (overridable by setting the environment variable MAX_JOBS=N)
loading annotations into memory...
Done (t=0.37s)
creating index...
index created!
Using [0, 0.5, 0.6299605249474365, 0.7937005259840997, 1.0, 1.259921049894873, 1.5874010519681991, 2.0, inf] as bins for aspect ratio quantization
Count of instances per bin: [9618]
loading annotations into memory...
Done (t=0.02s)
creating index...
index created!
ninja: no work to do.
Loading extension module MultiScaleDeformableAttention...
/home/ubuntu/slocal2/m2/.venv-relation-detr/lib/python3.11/site-packages/torch/overrides.py:110: UserWarning: 'has_cuda' is deprecated, please use 'torch.backends.cuda.is_built()'
  torch.has_cuda,
/home/ubuntu/slocal2/m2/.venv-relation-detr/lib/python3.11/site-packages/torch/overrides.py:111: UserWarning: 'has_cudnn' is deprecated, please use 'torch.backends.cudnn.is_available()'
  torch.has_cudnn,
/home/ubuntu/slocal2/m2/.venv-relation-detr/lib/python3.11/site-packages/torch/overrides.py:117: UserWarning: 'has_mps' is deprecated, please use 'torch.backends.mps.is_built()'
  torch.has_mps,
/home/ubuntu/slocal2/m2/.venv-relation-detr/lib/python3.11/site-packages/torch/overrides.py:118: UserWarning: 'has_mkldnn' is deprecated, please use 'torch.backends.mkldnn.is_available()'
  torch.has_mkldnn,
The model and loaded state dict do not match exactly
Missing keys: c5_neck.weight, c5_neck.bias, phase_head.stage1.conv_in.weight, phase_head.stage1.conv_in.bias, phase_head.stage1.layers.0.conv_dilated.weight, phase_head.stage1.layers.0.conv_dilated.bias, phase_head.stage1.layers.0.conv_1x1.weight, phase_head.stage1.layers.0.conv_1x1.bias, phase_head.stage1.layers.1.conv_dilated.weight, phase_head.stage1.layers.1.conv_dilated.bias, phase_head.stage1.layers.1.conv_1x1.weight, phase_head.stage1.layers.1.conv_1x1.bias, phase_head.stage1.layers.2.conv_dilated.weight, phase_head.stage1.layers.2.conv_dilated.bias, phase_head.stage1.layers.2.conv_1x1.weight, phase_head.stage1.layers.2.conv_1x1.bias, phase_head.stage1.layers.3.conv_dilated.weight, phase_head.stage1.layers.3.conv_dilated.bias, phase_head.stage1.layers.3.conv_1x1.weight, phase_head.stage1.layers.3.conv_1x1.bias, phase_head.stage1.layers.4.conv_dilated.weight, phase_head.stage1.layers.4.conv_dilated.bias, phase_head.stage1.layers.4.conv_1x1.weight, phase_head.stage1.layers.4.conv_1x1.bias, phase_head.stage1.layers.5.conv_dilated.weight, phase_head.stage1.layers.5.conv_dilated.bias, phase_head.stage1.layers.5.conv_1x1.weight, phase_head.stage1.layers.5.conv_1x1.bias, phase_head.stage1.layers.6.conv_dilated.weight, phase_head.stage1.layers.6.conv_dilated.bias, phase_head.stage1.layers.6.conv_1x1.weight, phase_head.stage1.layers.6.conv_1x1.bias, phase_head.stage1.layers.7.conv_dilated.weight, phase_head.stage1.layers.7.conv_dilated.bias, phase_head.stage1.layers.7.conv_1x1.weight, phase_head.stage1.layers.7.conv_1x1.bias, phase_head.stage1.conv_out.weight, phase_head.stage1.conv_out.bias, phase_head.refine_stages.0.conv_in.weight, phase_head.refine_stages.0.conv_in.bias, phase_head.refine_stages.0.layers.0.conv_dilated.weight, phase_head.refine_stages.0.layers.0.conv_dilated.bias, phase_head.refine_stages.0.layers.0.conv_1x1.weight, phase_head.refine_stages.0.layers.0.conv_1x1.bias, phase_head.refine_stages.0.layers.1.conv_dilated.weight, phase_head.refine_stages.0.layers.1.conv_dilated.bias, phase_head.refine_stages.0.layers.1.conv_1x1.weight, phase_head.refine_stages.0.layers.1.conv_1x1.bias, phase_head.refine_stages.0.layers.2.conv_dilated.weight, phase_head.refine_stages.0.layers.2.conv_dilated.bias, phase_head.refine_stages.0.layers.2.conv_1x1.weight, phase_head.refine_stages.0.layers.2.conv_1x1.bias, phase_head.refine_stages.0.layers.3.conv_dilated.weight, phase_head.refine_stages.0.layers.3.conv_dilated.bias, phase_head.refine_stages.0.layers.3.conv_1x1.weight, phase_head.refine_stages.0.layers.3.conv_1x1.bias, phase_head.refine_stages.0.layers.4.conv_dilated.weight, phase_head.refine_stages.0.layers.4.conv_dilated.bias, phase_head.refine_stages.0.layers.4.conv_1x1.weight, phase_head.refine_stages.0.layers.4.conv_1x1.bias, phase_head.refine_stages.0.layers.5.conv_dilated.weight, phase_head.refine_stages.0.layers.5.conv_dilated.bias, phase_head.refine_stages.0.layers.5.conv_1x1.weight, phase_head.refine_stages.0.layers.5.conv_1x1.bias, phase_head.refine_stages.0.layers.6.conv_dilated.weight, phase_head.refine_stages.0.layers.6.conv_dilated.bias, phase_head.refine_stages.0.layers.6.conv_1x1.weight, phase_head.refine_stages.0.layers.6.conv_1x1.bias, phase_head.refine_stages.0.layers.7.conv_dilated.weight, phase_head.refine_stages.0.layers.7.conv_dilated.bias, phase_head.refine_stages.0.layers.7.conv_1x1.weight, phase_head.refine_stages.0.layers.7.conv_1x1.bias, phase_head.refine_stages.0.conv_out.weight, phase_head.refine_stages.0.conv_out.bias

Size mismatch keys: transformer.decoder.class_head.0.weight, transformer.decoder.class_head.0.bias, transformer.decoder.class_head.1.weight, transformer.decoder.class_head.1.bias, transformer.decoder.class_head.2.weight, transformer.decoder.class_head.2.bias, transformer.decoder.class_head.3.weight, transformer.decoder.class_head.3.bias, transformer.decoder.class_head.4.weight, transformer.decoder.class_head.4.bias, transformer.decoder.class_head.5.weight, transformer.decoder.class_head.5.bias, transformer.encoder_class_head.weight, transformer.encoder_class_head.bias, transformer.hybrid_class_head.weight, transformer.hybrid_class_head.bias, denoising_generator.label_encoder.weight
+------------------------------------------+----------------+---------------------+
| key name                                 | shape in model | shape in state dict |
+------------------------------------------+----------------+---------------------+
| transformer.decoder.class_head.0.weight  | (15, 256)      | (91, 256)           |
| transformer.decoder.class_head.0.bias    | (15,)          | (91,)               |
| transformer.decoder.class_head.1.weight  | (15, 256)      | (91, 256)           |
| transformer.decoder.class_head.1.bias    | (15,)          | (91,)               |
| transformer.decoder.class_head.2.weight  | (15, 256)      | (91, 256)           |
| transformer.decoder.class_head.2.bias    | (15,)          | (91,)               |
| transformer.decoder.class_head.3.weight  | (15, 256)      | (91, 256)           |
| transformer.decoder.class_head.3.bias    | (15,)          | (91,)               |
| transformer.decoder.class_head.4.weight  | (15, 256)      | (91, 256)           |
| transformer.decoder.class_head.4.bias    | (15,)          | (91,)               |
| transformer.decoder.class_head.5.weight  | (15, 256)      | (91, 256)           |
| transformer.decoder.class_head.5.bias    | (15,)          | (91,)               |
| transformer.encoder_class_head.weight    | (15, 256)      | (91, 256)           |
| transformer.encoder_class_head.bias      | (15,)          | (91,)               |
| transformer.hybrid_class_head.weight     | (15, 256)      | (91, 256)           |
| transformer.hybrid_class_head.bias       | (15,)          | (91,)               |
+------------------------------------------+----------------+---------------------+
| denoising_generator.label_encoder.weight | (15, 256)      | (91, 256)           |
+------------------------------------------+----------------+---------------------+

[b1] weighting=fixed seed=42 device=cuda det_steps/ep=4809 phase_clips=13 R=89 work=/tmp/b1_work_fixed_seed42
[b1][ep0 0/4809] L=77.471 L_det=73.175 L_phase=4.296 0.7it/s eta_ep=122m
[b1][ep0 200/4809] L=59.909 L_det=59.909 L_phase=- 1.8it/s eta_ep=44m
[b1][ep0 400/4809] L=37.953 L_det=37.953 L_phase=- 1.8it/s eta_ep=41m
[b1][ep0 600/4809] L=29.668 L_det=29.668 L_phase=- 1.8it/s eta_ep=39m
[b1][ep0 800/4809] L=28.992 L_det=28.992 L_phase=- 1.8it/s eta_ep=37m
[b1][ep0 1000/4809] L=26.399 L_det=26.399 L_phase=- 1.8it/s eta_ep=35m
[b1][ep0 1200/4809] L=27.911 L_det=27.911 L_phase=- 1.8it/s eta_ep=33m
[b1][ep0 1400/4809] L=19.997 L_det=19.997 L_phase=- 1.8it/s eta_ep=31m
[b1][ep0 1600/4809] L=14.179 L_det=14.179 L_phase=- 1.8it/s eta_ep=29m
[b1][ep0 1800/4809] L=19.823 L_det=19.823 L_phase=- 1.8it/s eta_ep=27m
[b1][ep0 2000/4809] L=30.391 L_det=30.391 L_phase=- 1.9it/s eta_ep=25m
[b1][ep0 2200/4809] L=39.696 L_det=39.696 L_phase=- 1.9it/s eta_ep=23m
[b1][ep0 2400/4809] L=12.325 L_det=12.325 L_phase=- 1.9it/s eta_ep=22m
[b1][ep0 2600/4809] L=21.421 L_det=21.421 L_phase=- 1.9it/s eta_ep=20m
[b1][ep0 2800/4809] L=18.518 L_det=18.518 L_phase=- 1.9it/s eta_ep=18m
[b1][ep0 3000/4809] L=17.256 L_det=17.256 L_phase=- 1.9it/s eta_ep=16m
[b1][ep0 3200/4809] L=17.857 L_det=17.857 L_phase=- 1.9it/s eta_ep=14m
[b1][ep0 3400/4809] L=27.239 L_det=27.239 L_phase=- 1.9it/s eta_ep=13m
[b1][ep0 3600/4809] L=19.069 L_det=19.069 L_phase=- 1.9it/s eta_ep=11m
[b1][ep0 3800/4809] L=33.266 L_det=33.266 L_phase=- 1.9it/s eta_ep=9m
[b1][ep0 4000/4809] L=25.785 L_det=25.785 L_phase=- 1.9it/s eta_ep=7m
[b1][ep0 4200/4809] L=26.073 L_det=26.073 L_phase=- 1.9it/s eta_ep=5m
[b1][ep0 4400/4809] L=22.784 L_det=22.784 L_phase=- 1.9it/s eta_ep=4m
[b1][ep0 4600/4809] L=19.170 L_det=19.170 L_phase=- 1.9it/s eta_ep=2m
[b1][ep0 4800/4809] L=26.046 L_det=26.046 L_phase=- 1.9it/s eta_ep=0m
Accumulating evaluation results...
DONE (t=3.92s).
[b1][ep0] val mAP=0.6735 phase_acc=0.6568
[b1][ep1 0/4809] L=24.072 L_det=21.190 L_phase=2.882 1.5it/s eta_ep=54m
[b1][ep1 200/4809] L=13.481 L_det=13.481 L_phase=- 1.8it/s eta_ep=42m
[b1][ep1 400/4809] L=18.066 L_det=18.066 L_phase=- 1.8it/s eta_ep=40m
[b1][ep1 600/4809] L=12.611 L_det=12.611 L_phase=- 1.8it/s eta_ep=38m
[b1][ep1 800/4809] L=20.568 L_det=20.568 L_phase=- 1.8it/s eta_ep=36m
[b1][ep1 1000/4809] L=24.260 L_det=24.260 L_phase=- 1.8it/s eta_ep=34m
[b1][ep1 1200/4809] L=18.363 L_det=18.363 L_phase=- 1.8it/s eta_ep=33m
[b1][ep1 1400/4809] L=24.194 L_det=24.194 L_phase=- 1.9it/s eta_ep=31m
[b1][ep1 1600/4809] L=42.370 L_det=42.370 L_phase=- 1.9it/s eta_ep=29m
[b1][ep1 1800/4809] L=21.208 L_det=21.208 L_phase=- 1.9it/s eta_ep=27m
[b1][ep1 2000/4809] L=12.144 L_det=12.144 L_phase=- 1.9it/s eta_ep=25m
[b1][ep1 2200/4809] L=20.706 L_det=20.706 L_phase=- 1.9it/s eta_ep=23m
[b1][ep1 2400/4809] L=15.749 L_det=15.749 L_phase=- 1.9it/s eta_ep=22m
[b1][ep1 2600/4809] L=22.553 L_det=22.553 L_phase=- 1.9it/s eta_ep=20m
[b1][ep1 2800/4809] L=13.210 L_det=13.210 L_phase=- 1.9it/s eta_ep=18m
[b1][ep1 3000/4809] L=22.987 L_det=22.987 L_phase=- 1.8it/s eta_ep=16m
[b1][ep1 3200/4809] L=22.961 L_det=22.961 L_phase=- 1.8it/s eta_ep=15m
[b1][ep1 3400/4809] L=21.647 L_det=21.647 L_phase=- 1.8it/s eta_ep=13m
[b1][ep1 3600/4809] L=13.420 L_det=13.420 L_phase=- 1.8it/s eta_ep=11m
[b1][ep1 3800/4809] L=22.058 L_det=22.058 L_phase=- 1.8it/s eta_ep=9m
[b1][ep1 4000/4809] L=10.297 L_det=10.297 L_phase=- 1.8it/s eta_ep=7m
[b1][ep1 4200/4809] L=24.892 L_det=24.892 L_phase=- 1.8it/s eta_ep=5m
[b1][ep1 4400/4809] L=19.818 L_det=19.818 L_phase=- 1.8it/s eta_ep=4m
[b1][ep1 4600/4809] L=18.859 L_det=18.859 L_phase=- 1.8it/s eta_ep=2m
[b1][ep1 4800/4809] L=20.330 L_det=20.330 L_phase=- 1.8it/s eta_ep=0m
Accumulating evaluation results...
DONE (t=4.25s).
[b1][ep1] val mAP=0.6743 phase_acc=0.6785
[b1][ep2 0/4809] L=17.775 L_det=17.327 L_phase=0.447 1.6it/s eta_ep=50m
[b1][ep2 200/4809] L=20.996 L_det=20.996 L_phase=- 1.8it/s eta_ep=42m
[b1][ep2 400/4809] L=33.937 L_det=33.937 L_phase=- 1.8it/s eta_ep=40m
[b1][ep2 600/4809] L=24.261 L_det=24.261 L_phase=- 1.8it/s eta_ep=38m
[b1][ep2 800/4809] L=21.183 L_det=21.183 L_phase=- 1.8it/s eta_ep=37m
[b1][ep2 1000/4809] L=19.731 L_det=19.731 L_phase=- 1.8it/s eta_ep=35m
[b1][ep2 1200/4809] L=30.134 L_det=30.134 L_phase=- 1.8it/s eta_ep=33m
[b1][ep2 1400/4809] L=25.559 L_det=25.559 L_phase=- 1.8it/s eta_ep=31m
[b1][ep2 1600/4809] L=25.146 L_det=25.146 L_phase=- 1.8it/s eta_ep=29m
[b1][ep2 1800/4809] L=15.421 L_det=15.421 L_phase=- 1.8it/s eta_ep=27m
[b1][ep2 2000/4809] L=19.382 L_det=19.382 L_phase=- 1.8it/s eta_ep=25m
[b1][ep2 2200/4809] L=16.858 L_det=16.858 L_phase=- 1.8it/s eta_ep=24m
[b1][ep2 2400/4809] L=27.771 L_det=27.771 L_phase=- 1.8it/s eta_ep=22m
[b1][ep2 2600/4809] L=22.871 L_det=22.871 L_phase=- 1.8it/s eta_ep=20m
[b1][ep2 2800/4809] L=27.677 L_det=27.677 L_phase=- 1.8it/s eta_ep=18m
[b1][ep2 3000/4809] L=21.487 L_det=21.487 L_phase=- 1.8it/s eta_ep=16m
[b1][ep2 3200/4809] L=17.045 L_det=17.045 L_phase=- 1.8it/s eta_ep=15m
[b1][ep2 3400/4809] L=15.311 L_det=15.311 L_phase=- 1.8it/s eta_ep=13m
[b1][ep2 3600/4809] L=22.498 L_det=22.498 L_phase=- 1.8it/s eta_ep=11m
[b1][ep2 3800/4809] L=23.139 L_det=23.139 L_phase=- 1.8it/s eta_ep=9m
[b1][ep2 4000/4809] L=17.150 L_det=17.150 L_phase=- 1.8it/s eta_ep=7m
[b1][ep2 4200/4809] L=24.234 L_det=24.234 L_phase=- 1.8it/s eta_ep=6m
[b1][ep2 4400/4809] L=20.652 L_det=20.652 L_phase=- 1.8it/s eta_ep=4m
[b1][ep2 4600/4809] L=18.144 L_det=18.144 L_phase=- 1.8it/s eta_ep=2m
[b1][ep2 4800/4809] L=14.881 L_det=14.881 L_phase=- 1.8it/s eta_ep=0m
Accumulating evaluation results...
DONE (t=4.10s).
[b1][ep2] val mAP=0.6902 phase_acc=0.7927
[b1][ep3 0/4809] L=22.751 L_det=21.450 L_phase=1.301 1.4it/s eta_ep=59m
[b1][ep3 200/4809] L=20.543 L_det=20.543 L_phase=- 1.8it/s eta_ep=42m
[b1][ep3 400/4809] L=18.976 L_det=18.976 L_phase=- 1.8it/s eta_ep=41m
[b1][ep3 600/4809] L=16.566 L_det=16.566 L_phase=- 1.8it/s eta_ep=39m
[b1][ep3 800/4809] L=12.360 L_det=12.360 L_phase=- 1.8it/s eta_ep=37m
[b1][ep3 1000/4809] L=19.102 L_det=19.102 L_phase=- 1.8it/s eta_ep=35m
[b1][ep3 1200/4809] L=8.653 L_det=8.653 L_phase=- 1.8it/s eta_ep=33m
[b1][ep3 1400/4809] L=24.308 L_det=24.308 L_phase=- 1.8it/s eta_ep=31m
[b1][ep3 1600/4809] L=14.065 L_det=14.065 L_phase=- 1.8it/s eta_ep=30m
[b1][ep3 1800/4809] L=10.893 L_det=10.893 L_phase=- 1.8it/s eta_ep=28m
[b1][ep3 2000/4809] L=27.939 L_det=27.939 L_phase=- 1.8it/s eta_ep=26m
[b1][ep3 2200/4809] L=12.097 L_det=12.097 L_phase=- 1.8it/s eta_ep=24m
[b1][ep3 2400/4809] L=33.589 L_det=33.589 L_phase=- 1.8it/s eta_ep=22m
[b1][ep3 2600/4809] L=23.984 L_det=23.984 L_phase=- 1.8it/s eta_ep=20m
[b1][ep3 2800/4809] L=22.683 L_det=22.683 L_phase=- 1.8it/s eta_ep=19m
[b1][ep3 3000/4809] L=23.536 L_det=23.536 L_phase=- 1.8it/s eta_ep=17m
[b1][ep3 3200/4809] L=21.682 L_det=21.682 L_phase=- 1.8it/s eta_ep=15m
[b1][ep3 3400/4809] L=26.778 L_det=26.778 L_phase=- 1.8it/s eta_ep=13m
[b1][ep3 3600/4809] L=19.573 L_det=19.573 L_phase=- 1.8it/s eta_ep=11m
[b1][ep3 3800/4809] L=20.831 L_det=20.831 L_phase=- 1.8it/s eta_ep=9m
[b1][ep3 4000/4809] L=15.114 L_det=15.114 L_phase=- 1.8it/s eta_ep=7m
[b1][ep3 4200/4809] L=16.507 L_det=16.507 L_phase=- 1.8it/s eta_ep=6m
[b1][ep3 4400/4809] L=11.967 L_det=11.967 L_phase=- 1.8it/s eta_ep=4m
[b1][ep3 4600/4809] L=17.410 L_det=17.410 L_phase=- 1.8it/s eta_ep=2m
[b1][ep3 4800/4809] L=17.188 L_det=17.188 L_phase=- 1.8it/s eta_ep=0m
Accumulating evaluation results...
DONE (t=4.29s).
[b1][ep3] val mAP=0.6867 phase_acc=0.8640
[b1][ep4 0/4809] L=25.995 L_det=25.176 L_phase=0.819 1.4it/s eta_ep=58m
[b1][ep4 200/4809] L=13.479 L_det=13.479 L_phase=- 1.8it/s eta_ep=43m
[b1][ep4 400/4809] L=12.730 L_det=12.730 L_phase=- 1.8it/s eta_ep=41m
[b1][ep4 600/4809] L=29.703 L_det=29.703 L_phase=- 1.8it/s eta_ep=39m
[b1][ep4 800/4809] L=13.668 L_det=13.668 L_phase=- 1.8it/s eta_ep=38m
[b1][ep4 1000/4809] L=15.213 L_det=15.213 L_phase=- 1.8it/s eta_ep=36m
[b1][ep4 1200/4809] L=25.194 L_det=25.194 L_phase=- 1.8it/s eta_ep=34m
[b1][ep4 1400/4809] L=14.129 L_det=14.129 L_phase=- 1.8it/s eta_ep=32m
[b1][ep4 1600/4809] L=23.351 L_det=23.351 L_phase=- 1.8it/s eta_ep=30m
[b1][ep4 1800/4809] L=24.355 L_det=24.355 L_phase=- 1.8it/s eta_ep=28m
[b1][ep4 2000/4809] L=24.146 L_det=24.146 L_phase=- 1.8it/s eta_ep=26m
[b1][ep4 2200/4809] L=20.705 L_det=20.705 L_phase=- 1.8it/s eta_ep=24m
[b1][ep4 2400/4809] L=18.036 L_det=18.036 L_phase=- 1.8it/s eta_ep=23m
[b1][ep4 2600/4809] L=17.433 L_det=17.433 L_phase=- 1.8it/s eta_ep=21m
[b1][ep4 2800/4809] L=9.818 L_det=9.818 L_phase=- 1.8it/s eta_ep=19m
[b1][ep4 3000/4809] L=26.158 L_det=26.158 L_phase=- 1.8it/s eta_ep=17m
[b1][ep4 3200/4809] L=14.053 L_det=14.053 L_phase=- 1.8it/s eta_ep=15m
[b1][ep4 3400/4809] L=20.907 L_det=20.907 L_phase=- 1.8it/s eta_ep=13m
[b1][ep4 3600/4809] L=20.097 L_det=20.097 L_phase=- 1.8it/s eta_ep=11m
[b1][ep4 3800/4809] L=17.077 L_det=17.077 L_phase=- 1.8it/s eta_ep=10m
[b1][ep4 4000/4809] L=14.641 L_det=14.641 L_phase=- 1.8it/s eta_ep=8m
[b1][ep4 4200/4809] L=16.762 L_det=16.762 L_phase=- 1.8it/s eta_ep=6m
[b1][ep4 4400/4809] L=19.838 L_det=19.838 L_phase=- 1.8it/s eta_ep=4m
[b1][ep4 4600/4809] L=19.930 L_det=19.930 L_phase=- 1.8it/s eta_ep=2m
[b1][ep4 4800/4809] L=43.166 L_det=43.166 L_phase=- 1.8it/s eta_ep=0m
Accumulating evaluation results...
DONE (t=4.32s).
[b1][ep4] val mAP=0.6751 phase_acc=0.8139
[b1][ep5 0/4809] L=24.729 L_det=23.947 L_phase=0.782 1.4it/s eta_ep=58m
[b1][ep5 200/4809] L=12.174 L_det=12.174 L_phase=- 1.7it/s eta_ep=45m
[b1][ep5 400/4809] L=17.700 L_det=17.700 L_phase=- 1.7it/s eta_ep=43m
[b1][ep5 600/4809] L=8.790 L_det=8.790 L_phase=- 1.7it/s eta_ep=41m
[b1][ep5 800/4809] L=19.710 L_det=19.710 L_phase=- 1.7it/s eta_ep=39m
[b1][ep5 1000/4809] L=21.080 L_det=21.080 L_phase=- 1.7it/s eta_ep=37m
[b1][ep5 1200/4809] L=29.084 L_det=29.084 L_phase=- 1.7it/s eta_ep=35m
[b1][ep5 1400/4809] L=15.938 L_det=15.938 L_phase=- 1.7it/s eta_ep=33m
[b1][ep5 1600/4809] L=23.953 L_det=23.953 L_phase=- 1.7it/s eta_ep=31m
[b1][ep5 1800/4809] L=23.045 L_det=23.045 L_phase=- 1.7it/s eta_ep=29m
[b1][ep5 2000/4809] L=22.697 L_det=22.697 L_phase=- 1.7it/s eta_ep=27m
[b1][ep5 2200/4809] L=20.685 L_det=20.685 L_phase=- 1.7it/s eta_ep=25m
[b1][ep5 2400/4809] L=20.051 L_det=20.051 L_phase=- 1.7it/s eta_ep=23m
[b1][ep5 2600/4809] L=7.321 L_det=7.321 L_phase=- 1.7it/s eta_ep=21m
[b1][ep5 2800/4809] L=12.965 L_det=12.965 L_phase=- 1.7it/s eta_ep=20m
[b1][ep5 3000/4809] L=9.485 L_det=9.485 L_phase=- 1.7it/s eta_ep=18m
[b1][ep5 3200/4809] L=9.185 L_det=9.185 L_phase=- 1.7it/s eta_ep=16m
[b1][ep5 3400/4809] L=19.634 L_det=19.634 L_phase=- 1.7it/s eta_ep=14m
[b1][ep5 3600/4809] L=19.524 L_det=19.524 L_phase=- 1.7it/s eta_ep=12m
[b1][ep5 3800/4809] L=14.169 L_det=14.169 L_phase=- 1.7it/s eta_ep=10m
[b1][ep5 4000/4809] L=15.246 L_det=15.246 L_phase=- 1.7it/s eta_ep=8m
[b1][ep5 4200/4809] L=12.295 L_det=12.295 L_phase=- 1.7it/s eta_ep=6m
[b1][ep5 4400/4809] L=23.618 L_det=23.618 L_phase=- 1.7it/s eta_ep=4m
[b1][ep5 4600/4809] L=29.881 L_det=29.881 L_phase=- 1.7it/s eta_ep=2m
[b1][ep5 4800/4809] L=18.450 L_det=18.450 L_phase=- 1.7it/s eta_ep=0m
Accumulating evaluation results...
DONE (t=4.77s).
[b1][ep5] val mAP=0.6863 phase_acc=0.8620
[b1][ep6 0/4809] L=22.801 L_det=21.835 L_phase=0.965 1.3it/s eta_ep=59m
[b1][ep6 200/4809] L=13.575 L_det=13.575 L_phase=- 1.7it/s eta_ep=46m
[b1][ep6 400/4809] L=19.371 L_det=19.371 L_phase=- 1.7it/s eta_ep=43m
[b1][ep6 600/4809] L=10.144 L_det=10.144 L_phase=- 1.7it/s eta_ep=41m
[b1][ep6 800/4809] L=33.666 L_det=33.666 L_phase=- 1.7it/s eta_ep=39m
[b1][ep6 1000/4809] L=14.924 L_det=14.924 L_phase=- 1.7it/s eta_ep=37m
[b1][ep6 1200/4809] L=22.541 L_det=22.541 L_phase=- 1.7it/s eta_ep=35m
[b1][ep6 1400/4809] L=23.581 L_det=23.581 L_phase=- 1.7it/s eta_ep=33m
[b1][ep6 1600/4809] L=17.136 L_det=17.136 L_phase=- 1.7it/s eta_ep=31m
[b1][ep6 1800/4809] L=21.357 L_det=21.357 L_phase=- 1.7it/s eta_ep=29m
[b1][ep6 2000/4809] L=17.400 L_det=17.400 L_phase=- 1.7it/s eta_ep=27m
[b1][ep6 2200/4809] L=16.996 L_det=16.996 L_phase=- 1.7it/s eta_ep=25m
[b1][ep6 2400/4809] L=12.313 L_det=12.313 L_phase=- 1.7it/s eta_ep=23m
[b1][ep6 2600/4809] L=8.168 L_det=8.168 L_phase=- 1.7it/s eta_ep=21m
[b1][ep6 2800/4809] L=20.050 L_det=20.050 L_phase=- 1.7it/s eta_ep=20m
[b1][ep6 3000/4809] L=16.973 L_det=16.973 L_phase=- 1.7it/s eta_ep=18m
[b1][ep6 3200/4809] L=19.507 L_det=19.507 L_phase=- 1.7it/s eta_ep=16m
[b1][ep6 3400/4809] L=19.250 L_det=19.250 L_phase=- 1.7it/s eta_ep=14m
[b1][ep6 3600/4809] L=16.122 L_det=16.122 L_phase=- 1.7it/s eta_ep=12m
[b1][ep6 3800/4809] L=22.136 L_det=22.136 L_phase=- 1.7it/s eta_ep=10m
[b1][ep6 4000/4809] L=10.425 L_det=10.425 L_phase=- 1.7it/s eta_ep=8m
[b1][ep6 4200/4809] L=19.744 L_det=19.744 L_phase=- 1.7it/s eta_ep=6m
[b1][ep6 4400/4809] L=19.944 L_det=19.944 L_phase=- 1.7it/s eta_ep=4m
[b1][ep6 4600/4809] L=17.274 L_det=17.274 L_phase=- 1.7it/s eta_ep=2m
[b1][ep6 4800/4809] L=17.147 L_det=17.147 L_phase=- 1.7it/s eta_ep=0m
Accumulating evaluation results...
DONE (t=4.50s).
[b1][ep6] val mAP=0.6961 phase_acc=0.8389
[b1][ep7 0/4809] L=17.459 L_det=16.739 L_phase=0.719 1.1it/s eta_ep=71m
[b1][ep7 200/4809] L=18.864 L_det=18.864 L_phase=- 1.7it/s eta_ep=45m
[b1][ep7 400/4809] L=21.432 L_det=21.432 L_phase=- 1.7it/s eta_ep=44m
[b1][ep7 600/4809] L=11.271 L_det=11.271 L_phase=- 1.7it/s eta_ep=41m
[b1][ep7 800/4809] L=15.827 L_det=15.827 L_phase=- 1.7it/s eta_ep=39m
[b1][ep7 1000/4809] L=13.279 L_det=13.279 L_phase=- 1.7it/s eta_ep=37m
[b1][ep7 1200/4809] L=21.803 L_det=21.803 L_phase=- 1.7it/s eta_ep=36m
[b1][ep7 1400/4809] L=16.704 L_det=16.704 L_phase=- 1.7it/s eta_ep=34m
[b1][ep7 1600/4809] L=20.592 L_det=20.592 L_phase=- 1.7it/s eta_ep=32m
[b1][ep7 1800/4809] L=16.340 L_det=16.340 L_phase=- 1.7it/s eta_ep=30m
[b1][ep7 2000/4809] L=14.351 L_det=14.351 L_phase=- 1.7it/s eta_ep=28m
[b1][ep7 2200/4809] L=20.020 L_det=20.020 L_phase=- 1.7it/s eta_ep=26m
[b1][ep7 2400/4809] L=19.417 L_det=19.417 L_phase=- 1.7it/s eta_ep=24m
[b1][ep7 2600/4809] L=22.402 L_det=22.402 L_phase=- 1.7it/s eta_ep=22m
[b1][ep7 2800/4809] L=16.449 L_det=16.449 L_phase=- 1.7it/s eta_ep=20m
[b1][ep7 3000/4809] L=15.009 L_det=15.009 L_phase=- 1.7it/s eta_ep=18m
[b1][ep7 3200/4809] L=10.475 L_det=10.475 L_phase=- 1.7it/s eta_ep=16m
[b1][ep7 3400/4809] L=15.595 L_det=15.595 L_phase=- 1.7it/s eta_ep=14m
[b1][ep7 3600/4809] L=14.962 L_det=14.962 L_phase=- 1.7it/s eta_ep=12m
[b1][ep7 3800/4809] L=22.740 L_det=22.740 L_phase=- 1.7it/s eta_ep=10m
[b1][ep7 4000/4809] L=10.549 L_det=10.549 L_phase=- 1.7it/s eta_ep=8m
[b1][ep7 4200/4809] L=15.725 L_det=15.725 L_phase=- 1.7it/s eta_ep=6m
[b1][ep7 4400/4809] L=15.848 L_det=15.848 L_phase=- 1.7it/s eta_ep=4m
[b1][ep7 4600/4809] L=18.115 L_det=18.115 L_phase=- 1.7it/s eta_ep=2m
[b1][ep7 4800/4809] L=17.418 L_det=17.418 L_phase=- 1.7it/s eta_ep=0m
Accumulating evaluation results...
DONE (t=4.90s).
[b1][ep7] val mAP=0.7023 phase_acc=0.8818
[b1][ep8 0/4809] L=14.922 L_det=14.529 L_phase=0.393 1.2it/s eta_ep=68m
[b1][ep8 200/4809] L=12.114 L_det=12.114 L_phase=- 1.7it/s eta_ep=45m
[b1][ep8 400/4809] L=17.484 L_det=17.484 L_phase=- 1.7it/s eta_ep=43m
[b1][ep8 600/4809] L=10.535 L_det=10.535 L_phase=- 1.7it/s eta_ep=42m
[b1][ep8 800/4809] L=20.608 L_det=20.608 L_phase=- 1.7it/s eta_ep=40m
[b1][ep8 1000/4809] L=13.157 L_det=13.157 L_phase=- 1.7it/s eta_ep=38m
[b1][ep8 1200/4809] L=10.665 L_det=10.665 L_phase=- 1.7it/s eta_ep=36m
[b1][ep8 1400/4809] L=18.066 L_det=18.066 L_phase=- 1.7it/s eta_ep=34m
[b1][ep8 1600/4809] L=19.358 L_det=19.358 L_phase=- 1.7it/s eta_ep=32m
[b1][ep8 1800/4809] L=23.086 L_det=23.086 L_phase=- 1.7it/s eta_ep=30m
[b1][ep8 2000/4809] L=20.308 L_det=20.308 L_phase=- 1.7it/s eta_ep=28m
[b1][ep8 2200/4809] L=15.932 L_det=15.932 L_phase=- 1.7it/s eta_ep=26m
[b1][ep8 2400/4809] L=13.832 L_det=13.832 L_phase=- 1.7it/s eta_ep=24m
[b1][ep8 2600/4809] L=15.468 L_det=15.468 L_phase=- 1.7it/s eta_ep=22m
[b1][ep8 2800/4809] L=24.303 L_det=24.303 L_phase=- 1.7it/s eta_ep=20m
[b1][ep8 3000/4809] L=13.757 L_det=13.757 L_phase=- 1.7it/s eta_ep=18m
[b1][ep8 3200/4809] L=17.718 L_det=17.718 L_phase=- 1.7it/s eta_ep=16m
[b1][ep8 3400/4809] L=10.208 L_det=10.208 L_phase=- 1.7it/s eta_ep=14m
[b1][ep8 3600/4809] L=16.700 L_det=16.700 L_phase=- 1.7it/s eta_ep=12m
[b1][ep8 3800/4809] L=22.940 L_det=22.940 L_phase=- 1.7it/s eta_ep=10m
[b1][ep8 4000/4809] L=19.530 L_det=19.530 L_phase=- 1.7it/s eta_ep=8m
[b1][ep8 4200/4809] L=17.752 L_det=17.752 L_phase=- 1.7it/s eta_ep=6m
[b1][ep8 4400/4809] L=20.698 L_det=20.698 L_phase=- 1.7it/s eta_ep=4m
[b1][ep8 4600/4809] L=18.458 L_det=18.458 L_phase=- 1.7it/s eta_ep=2m
[b1][ep8 4800/4809] L=14.351 L_det=14.351 L_phase=- 1.7it/s eta_ep=0m
Accumulating evaluation results...
DONE (t=4.72s).
[b1][ep8] val mAP=0.6793 phase_acc=0.8429
[b1][ep9 0/4809] L=25.029 L_det=24.632 L_phase=0.397 1.3it/s eta_ep=62m
[b1][ep9 200/4809] L=25.723 L_det=25.723 L_phase=- 1.7it/s eta_ep=45m
[b1][ep9 400/4809] L=21.433 L_det=21.433 L_phase=- 1.7it/s eta_ep=43m
[b1][ep9 600/4809] L=13.131 L_det=13.131 L_phase=- 1.7it/s eta_ep=41m
[b1][ep9 800/4809] L=23.301 L_det=23.301 L_phase=- 1.7it/s eta_ep=39m
[b1][ep9 1000/4809] L=14.917 L_det=14.917 L_phase=- 1.7it/s eta_ep=37m
[b1][ep9 1200/4809] L=17.556 L_det=17.556 L_phase=- 1.7it/s eta_ep=35m
[b1][ep9 1400/4809] L=10.090 L_det=10.090 L_phase=- 1.7it/s eta_ep=33m
[b1][ep9 1600/4809] L=13.810 L_det=13.810 L_phase=- 1.7it/s eta_ep=32m
[b1][ep9 1800/4809] L=15.997 L_det=15.997 L_phase=- 1.7it/s eta_ep=30m
[b1][ep9 2000/4809] L=12.260 L_det=12.260 L_phase=- 1.7it/s eta_ep=28m
[b1][ep9 2200/4809] L=17.023 L_det=17.023 L_phase=- 1.7it/s eta_ep=26m
[b1][ep9 2400/4809] L=18.768 L_det=18.768 L_phase=- 1.7it/s eta_ep=24m
[b1][ep9 2600/4809] L=19.881 L_det=19.881 L_phase=- 1.7it/s eta_ep=22m
[b1][ep9 2800/4809] L=14.627 L_det=14.627 L_phase=- 1.7it/s eta_ep=20m
[b1][ep9 3000/4809] L=14.813 L_det=14.813 L_phase=- 1.7it/s eta_ep=18m
[b1][ep9 3200/4809] L=19.708 L_det=19.708 L_phase=- 1.7it/s eta_ep=16m
[b1][ep9 3400/4809] L=29.910 L_det=29.910 L_phase=- 1.7it/s eta_ep=14m
[b1][ep9 3600/4809] L=16.530 L_det=16.530 L_phase=- 1.7it/s eta_ep=12m
[b1][ep9 3800/4809] L=10.462 L_det=10.462 L_phase=- 1.7it/s eta_ep=10m
[b1][ep9 4000/4809] L=16.959 L_det=16.959 L_phase=- 1.7it/s eta_ep=8m
[b1][ep9 4200/4809] L=23.902 L_det=23.902 L_phase=- 1.7it/s eta_ep=6m
[b1][ep9 4400/4809] L=16.555 L_det=16.555 L_phase=- 1.7it/s eta_ep=4m
[b1][ep9 4600/4809] L=17.654 L_det=17.654 L_phase=- 1.7it/s eta_ep=2m
[b1][ep9 4800/4809] L=9.631 L_det=9.631 L_phase=- 1.7it/s eta_ep=0m
Accumulating evaluation results...
DONE (t=4.20s).
[b1][ep9] val mAP=0.6844 phase_acc=0.8858
[b1][ep10 0/4809] L=16.509 L_det=16.377 L_phase=0.132 1.3it/s eta_ep=63m
[b1][ep10 200/4809] L=20.744 L_det=20.744 L_phase=- 1.7it/s eta_ep=44m
[b1][ep10 400/4809] L=12.564 L_det=12.564 L_phase=- 1.7it/s eta_ep=42m
[b1][ep10 600/4809] L=10.193 L_det=10.193 L_phase=- 1.7it/s eta_ep=40m
[b1][ep10 800/4809] L=20.733 L_det=20.733 L_phase=- 1.7it/s eta_ep=38m
[b1][ep10 1000/4809] L=9.852 L_det=9.852 L_phase=- 1.7it/s eta_ep=36m
[b1][ep10 1200/4809] L=9.569 L_det=9.569 L_phase=- 1.7it/s eta_ep=35m
[b1][ep10 1400/4809] L=17.170 L_det=17.170 L_phase=- 1.7it/s eta_ep=33m
[b1][ep10 1600/4809] L=9.501 L_det=9.501 L_phase=- 1.7it/s eta_ep=31m
[b1][ep10 1800/4809] L=13.662 L_det=13.662 L_phase=- 1.7it/s eta_ep=29m
[b1][ep10 2000/4809] L=17.581 L_det=17.581 L_phase=- 1.7it/s eta_ep=27m
[b1][ep10 2200/4809] L=16.509 L_det=16.509 L_phase=- 1.7it/s eta_ep=25m
[b1][ep10 2400/4809] L=15.885 L_det=15.885 L_phase=- 1.7it/s eta_ep=23m
[b1][ep10 2600/4809] L=33.383 L_det=33.383 L_phase=- 1.7it/s eta_ep=21m
[b1][ep10 2800/4809] L=13.534 L_det=13.534 L_phase=- 1.7it/s eta_ep=19m
[b1][ep10 3000/4809] L=14.922 L_det=14.922 L_phase=- 1.8it/s eta_ep=17m
[b1][ep10 3200/4809] L=22.528 L_det=22.528 L_phase=- 1.8it/s eta_ep=15m
[b1][ep10 3400/4809] L=8.111 L_det=8.111 L_phase=- 1.8it/s eta_ep=13m
[b1][ep10 3600/4809] L=11.614 L_det=11.614 L_phase=- 1.7it/s eta_ep=12m
[b1][ep10 3800/4809] L=17.171 L_det=17.171 L_phase=- 1.7it/s eta_ep=10m
[b1][ep10 4000/4809] L=16.792 L_det=16.792 L_phase=- 1.7it/s eta_ep=8m
[b1][ep10 4200/4809] L=13.260 L_det=13.260 L_phase=- 1.7it/s eta_ep=6m
[b1][ep10 4400/4809] L=15.585 L_det=15.585 L_phase=- 1.7it/s eta_ep=4m
[b1][ep10 4600/4809] L=16.124 L_det=16.124 L_phase=- 1.7it/s eta_ep=2m
[b1][ep10 4800/4809] L=11.963 L_det=11.963 L_phase=- 1.7it/s eta_ep=0m
Accumulating evaluation results...
DONE (t=4.15s).
[b1][ep10] val mAP=0.7077 phase_acc=0.8647
[b1][ep11 0/4809] L=13.177 L_det=12.743 L_phase=0.433 1.2it/s eta_ep=65m
[b1][ep11 200/4809] L=15.790 L_det=15.790 L_phase=- 1.8it/s eta_ep=44m
[b1][ep11 400/4809] L=15.663 L_det=15.663 L_phase=- 1.8it/s eta_ep=42m
[b1][ep11 600/4809] L=15.192 L_det=15.192 L_phase=- 1.8it/s eta_ep=40m
[b1][ep11 800/4809] L=18.334 L_det=18.334 L_phase=- 1.8it/s eta_ep=38m
[b1][ep11 1000/4809] L=7.522 L_det=7.522 L_phase=- 1.8it/s eta_ep=36m
[b1][ep11 1200/4809] L=7.314 L_det=7.314 L_phase=- 1.8it/s eta_ep=34m
[b1][ep11 1400/4809] L=6.768 L_det=6.768 L_phase=- 1.8it/s eta_ep=32m
[b1][ep11 1600/4809] L=10.545 L_det=10.545 L_phase=- 1.8it/s eta_ep=30m
[b1][ep11 1800/4809] L=18.382 L_det=18.382 L_phase=- 1.8it/s eta_ep=29m
[b1][ep11 2000/4809] L=12.804 L_det=12.804 L_phase=- 1.8it/s eta_ep=27m
[b1][ep11 2200/4809] L=11.986 L_det=11.986 L_phase=- 1.8it/s eta_ep=25m
[b1][ep11 2400/4809] L=12.671 L_det=12.671 L_phase=- 1.8it/s eta_ep=23m
[b1][ep11 2600/4809] L=17.320 L_det=17.320 L_phase=- 1.8it/s eta_ep=21m
[b1][ep11 2800/4809] L=12.492 L_det=12.492 L_phase=- 1.8it/s eta_ep=19m
[b1][ep11 3000/4809] L=19.775 L_det=19.775 L_phase=- 1.8it/s eta_ep=17m
[b1][ep11 3200/4809] L=17.676 L_det=17.676 L_phase=- 1.8it/s eta_ep=15m
[b1][ep11 3400/4809] L=14.723 L_det=14.723 L_phase=- 1.8it/s eta_ep=13m
[b1][ep11 3600/4809] L=26.731 L_det=26.731 L_phase=- 1.8it/s eta_ep=11m
[b1][ep11 3800/4809] L=14.596 L_det=14.596 L_phase=- 1.8it/s eta_ep=10m
[b1][ep11 4000/4809] L=18.782 L_det=18.782 L_phase=- 1.8it/s eta_ep=8m
[b1][ep11 4200/4809] L=11.283 L_det=11.283 L_phase=- 1.8it/s eta_ep=6m
[b1][ep11 4400/4809] L=14.005 L_det=14.005 L_phase=- 1.8it/s eta_ep=4m
[b1][ep11 4600/4809] L=15.633 L_det=15.633 L_phase=- 1.8it/s eta_ep=2m
[b1][ep11 4800/4809] L=11.002 L_det=11.002 L_phase=- 1.8it/s eta_ep=0m
Accumulating evaluation results...
DONE (t=4.70s).
[b1][ep11] val mAP=0.7099 phase_acc=0.8653
[b1] DONE best@ep11 mAP=0.7099 phase_acc=0.8653 -> /tmp/b1_work_fixed_seed42
