/home/ubuntu/slocal2/m2/.venv-relation-detr/lib/python3.11/site-packages/albumentations/core/validation.py:114: UserWarning: ShiftScaleRotate is a special case of Affine transform. Please use Affine transform instead.
  original_init(self, **validated_kwargs)
/home/ubuntu/slocal2/m2/third_party/Relation-DETR/transforms/presets.py:109: UserWarning: Argument(s) 'value' are not valid for transform ShiftScaleRotate
  A.ShiftScaleRotate(
/home/ubuntu/slocal2/m2/third_party/Relation-DETR/transforms/presets.py:140: UserWarning: Argument(s) 'quality_lower, quality_upper' are not valid for transform ImageCompression
  A.ImageCompression(quality_lower=85, quality_upper=95, p=0.2),
/home/ubuntu/slocal2/m2/third_party/Relation-DETR/transforms/presets.py:177: UserWarning: Argument(s) 'value' are not valid for transform ShiftScaleRotate
  A.ShiftScaleRotate(
/home/ubuntu/slocal2/m2/third_party/Relation-DETR/transforms/presets.py:208: UserWarning: Argument(s) 'quality_lower, quality_upper' are not valid for transform ImageCompression
  A.ImageCompression(quality_lower=85, quality_upper=95, p=0.2),
Using /home/ubuntu/.cache/torch_extensions/py311_cu118 as PyTorch extensions root...
Detected CUDA files, patching ldflags
Emitting ninja build file /home/ubuntu/.cache/torch_extensions/py311_cu118/MultiScaleDeformableAttention/build.ninja...
Building extension module MultiScaleDeformableAttention...
Allowing ninja to set a default number of workers... (overridable by setting the environment variable MAX_JOBS=N)
loading annotations into memory...
Done (t=0.40s)
creating index...
index created!
Using [0, 0.5, 0.6299605249474365, 0.7937005259840997, 1.0, 1.259921049894873, 1.5874010519681991, 2.0, inf] as bins for aspect ratio quantization
Count of instances per bin: [9618]
loading annotations into memory...
Done (t=0.03s)
creating index...
index created!
ninja: no work to do.
Loading extension module MultiScaleDeformableAttention...
/home/ubuntu/slocal2/m2/.venv-relation-detr/lib/python3.11/site-packages/torch/overrides.py:110: UserWarning: 'has_cuda' is deprecated, please use 'torch.backends.cuda.is_built()'
  torch.has_cuda,
/home/ubuntu/slocal2/m2/.venv-relation-detr/lib/python3.11/site-packages/torch/overrides.py:111: UserWarning: 'has_cudnn' is deprecated, please use 'torch.backends.cudnn.is_available()'
  torch.has_cudnn,
/home/ubuntu/slocal2/m2/.venv-relation-detr/lib/python3.11/site-packages/torch/overrides.py:117: UserWarning: 'has_mps' is deprecated, please use 'torch.backends.mps.is_built()'
  torch.has_mps,
/home/ubuntu/slocal2/m2/.venv-relation-detr/lib/python3.11/site-packages/torch/overrides.py:118: UserWarning: 'has_mkldnn' is deprecated, please use 'torch.backends.mkldnn.is_available()'
  torch.has_mkldnn,
The model and loaded state dict do not match exactly
Missing keys: log_var_d, log_var_p, c5_neck.weight, c5_neck.bias, phase_head.stage1.conv_in.weight, phase_head.stage1.conv_in.bias, phase_head.stage1.layers.0.conv_dilated.weight, phase_head.stage1.layers.0.conv_dilated.bias, phase_head.stage1.layers.0.conv_1x1.weight, phase_head.stage1.layers.0.conv_1x1.bias, phase_head.stage1.layers.1.conv_dilated.weight, phase_head.stage1.layers.1.conv_dilated.bias, phase_head.stage1.layers.1.conv_1x1.weight, phase_head.stage1.layers.1.conv_1x1.bias, phase_head.stage1.layers.2.conv_dilated.weight, phase_head.stage1.layers.2.conv_dilated.bias, phase_head.stage1.layers.2.conv_1x1.weight, phase_head.stage1.layers.2.conv_1x1.bias, phase_head.stage1.layers.3.conv_dilated.weight, phase_head.stage1.layers.3.conv_dilated.bias, phase_head.stage1.layers.3.conv_1x1.weight, phase_head.stage1.layers.3.conv_1x1.bias, phase_head.stage1.layers.4.conv_dilated.weight, phase_head.stage1.layers.4.conv_dilated.bias, phase_head.stage1.layers.4.conv_1x1.weight, phase_head.stage1.layers.4.conv_1x1.bias, phase_head.stage1.layers.5.conv_dilated.weight, phase_head.stage1.layers.5.conv_dilated.bias, phase_head.stage1.layers.5.conv_1x1.weight, phase_head.stage1.layers.5.conv_1x1.bias, phase_head.stage1.layers.6.conv_dilated.weight, phase_head.stage1.layers.6.conv_dilated.bias, phase_head.stage1.layers.6.conv_1x1.weight, phase_head.stage1.layers.6.conv_1x1.bias, phase_head.stage1.layers.7.conv_dilated.weight, phase_head.stage1.layers.7.conv_dilated.bias, phase_head.stage1.layers.7.conv_1x1.weight, phase_head.stage1.layers.7.conv_1x1.bias, phase_head.stage1.conv_out.weight, phase_head.stage1.conv_out.bias, phase_head.refine_stages.0.conv_in.weight, phase_head.refine_stages.0.conv_in.bias, phase_head.refine_stages.0.layers.0.conv_dilated.weight, phase_head.refine_stages.0.layers.0.conv_dilated.bias, phase_head.refine_stages.0.layers.0.conv_1x1.weight, phase_head.refine_stages.0.layers.0.conv_1x1.bias, phase_head.refine_stages.0.layers.1.conv_dilated.weight, phase_head.refine_stages.0.layers.1.conv_dilated.bias, phase_head.refine_stages.0.layers.1.conv_1x1.weight, phase_head.refine_stages.0.layers.1.conv_1x1.bias, phase_head.refine_stages.0.layers.2.conv_dilated.weight, phase_head.refine_stages.0.layers.2.conv_dilated.bias, phase_head.refine_stages.0.layers.2.conv_1x1.weight, phase_head.refine_stages.0.layers.2.conv_1x1.bias, phase_head.refine_stages.0.layers.3.conv_dilated.weight, phase_head.refine_stages.0.layers.3.conv_dilated.bias, phase_head.refine_stages.0.layers.3.conv_1x1.weight, phase_head.refine_stages.0.layers.3.conv_1x1.bias, phase_head.refine_stages.0.layers.4.conv_dilated.weight, phase_head.refine_stages.0.layers.4.conv_dilated.bias, phase_head.refine_stages.0.layers.4.conv_1x1.weight, phase_head.refine_stages.0.layers.4.conv_1x1.bias, phase_head.refine_stages.0.layers.5.conv_dilated.weight, phase_head.refine_stages.0.layers.5.conv_dilated.bias, phase_head.refine_stages.0.layers.5.conv_1x1.weight, phase_head.refine_stages.0.layers.5.conv_1x1.bias, phase_head.refine_stages.0.layers.6.conv_dilated.weight, phase_head.refine_stages.0.layers.6.conv_dilated.bias, phase_head.refine_stages.0.layers.6.conv_1x1.weight, phase_head.refine_stages.0.layers.6.conv_1x1.bias, phase_head.refine_stages.0.layers.7.conv_dilated.weight, phase_head.refine_stages.0.layers.7.conv_dilated.bias, phase_head.refine_stages.0.layers.7.conv_1x1.weight, phase_head.refine_stages.0.layers.7.conv_1x1.bias, phase_head.refine_stages.0.conv_out.weight, phase_head.refine_stages.0.conv_out.bias

Size mismatch keys: transformer.decoder.class_head.0.weight, transformer.decoder.class_head.0.bias, transformer.decoder.class_head.1.weight, transformer.decoder.class_head.1.bias, transformer.decoder.class_head.2.weight, transformer.decoder.class_head.2.bias, transformer.decoder.class_head.3.weight, transformer.decoder.class_head.3.bias, transformer.decoder.class_head.4.weight, transformer.decoder.class_head.4.bias, transformer.decoder.class_head.5.weight, transformer.decoder.class_head.5.bias, transformer.encoder_class_head.weight, transformer.encoder_class_head.bias, transformer.hybrid_class_head.weight, transformer.hybrid_class_head.bias, denoising_generator.label_encoder.weight
+------------------------------------------+----------------+---------------------+
| key name                                 | shape in model | shape in state dict |
+------------------------------------------+----------------+---------------------+
| transformer.decoder.class_head.0.weight  | (15, 256)      | (91, 256)           |
| transformer.decoder.class_head.0.bias    | (15,)          | (91,)               |
| transformer.decoder.class_head.1.weight  | (15, 256)      | (91, 256)           |
| transformer.decoder.class_head.1.bias    | (15,)          | (91,)               |
| transformer.decoder.class_head.2.weight  | (15, 256)      | (91, 256)           |
| transformer.decoder.class_head.2.bias    | (15,)          | (91,)               |
| transformer.decoder.class_head.3.weight  | (15, 256)      | (91, 256)           |
| transformer.decoder.class_head.3.bias    | (15,)          | (91,)               |
| transformer.decoder.class_head.4.weight  | (15, 256)      | (91, 256)           |
| transformer.decoder.class_head.4.bias    | (15,)          | (91,)               |
| transformer.decoder.class_head.5.weight  | (15, 256)      | (91, 256)           |
| transformer.decoder.class_head.5.bias    | (15,)          | (91,)               |
| transformer.encoder_class_head.weight    | (15, 256)      | (91, 256)           |
| transformer.encoder_class_head.bias      | (15,)          | (91,)               |
| transformer.hybrid_class_head.weight     | (15, 256)      | (91, 256)           |
| transformer.hybrid_class_head.bias       | (15,)          | (91,)               |
+------------------------------------------+----------------+---------------------+
| denoising_generator.label_encoder.weight | (15, 256)      | (91, 256)           |
+------------------------------------------+----------------+---------------------+

[b1] weighting=uncertainty seed=123 device=cuda det_steps/ep=4809 phase_clips=13 R=89 work=/tmp/b1_work_uncertainty_seed123
[b1][ep0 0/4809] L=87.943 L_det=83.371 L_phase=4.572 0.8it/s eta_ep=106m
[b1][ep0 200/4809] L=59.631 L_det=60.176 L_phase=- 1.7it/s eta_ep=45m
[b1][ep0 400/4809] L=41.257 L_det=42.654 L_phase=- 1.8it/s eta_ep=42m
[b1][ep0 600/4809] L=30.548 L_det=32.729 L_phase=- 1.8it/s eta_ep=39m
[b1][ep0 800/4809] L=28.598 L_det=32.196 L_phase=- 1.8it/s eta_ep=37m
[b1][ep0 1000/4809] L=22.804 L_det=27.305 L_phase=- 1.8it/s eta_ep=35m
[b1][ep0 1200/4809] L=27.264 L_det=35.201 L_phase=- 1.8it/s eta_ep=33m
[b1][ep0 1400/4809] L=20.350 L_det=28.306 L_phase=- 1.8it/s eta_ep=31m
[b1][ep0 1600/4809] L=16.891 L_det=25.222 L_phase=- 1.8it/s eta_ep=29m
[b1][ep0 1800/4809] L=15.553 L_det=24.986 L_phase=- 1.8it/s eta_ep=27m
[b1][ep0 2000/4809] L=19.536 L_det=34.158 L_phase=- 1.8it/s eta_ep=25m
[b1][ep0 2200/4809] L=12.565 L_det=23.343 L_phase=- 1.8it/s eta_ep=24m
[b1][ep0 2400/4809] L=14.775 L_det=29.994 L_phase=- 1.8it/s eta_ep=22m
[b1][ep0 2600/4809] L=13.536 L_det=29.499 L_phase=- 1.9it/s eta_ep=20m
[b1][ep0 2800/4809] L=9.666 L_det=22.123 L_phase=- 1.9it/s eta_ep=18m
[b1][ep0 3000/4809] L=9.905 L_det=24.640 L_phase=- 1.9it/s eta_ep=16m
[b1][ep0 3200/4809] L=8.805 L_det=23.317 L_phase=- 1.9it/s eta_ep=14m
[b1][ep0 3400/4809] L=12.675 L_det=38.070 L_phase=- 1.9it/s eta_ep=13m
[b1][ep0 3600/4809] L=6.460 L_det=18.737 L_phase=- 1.9it/s eta_ep=11m
[b1][ep0 3800/4809] L=9.169 L_det=30.762 L_phase=- 1.9it/s eta_ep=9m
[b1][ep0 4000/4809] L=6.330 L_det=20.970 L_phase=- 1.9it/s eta_ep=7m
[b1][ep0 4200/4809] L=4.684 L_det=14.727 L_phase=- 1.9it/s eta_ep=5m
[b1][ep0 4400/4809] L=5.558 L_det=20.002 L_phase=- 1.9it/s eta_ep=4m
[b1][ep0 4600/4809] L=5.179 L_det=19.144 L_phase=- 1.9it/s eta_ep=2m
[b1][ep0 4800/4809] L=7.041 L_det=31.448 L_phase=- 1.9it/s eta_ep=0m
Accumulating evaluation results...
DONE (t=4.48s).
[b1][ep0] val mAP=0.6604 phase_acc=0.6640
[b1][ep1 0/4809] L=9.050 L_det=28.971 L_phase=2.476 1.4it/s eta_ep=58m
[b1][ep1 200/4809] L=4.848 L_det=19.406 L_phase=- 1.9it/s eta_ep=41m
[b1][ep1 400/4809] L=4.617 L_det=18.817 L_phase=- 1.9it/s eta_ep=39m
[b1][ep1 600/4809] L=4.676 L_det=20.234 L_phase=- 1.9it/s eta_ep=38m
[b1][ep1 800/4809] L=5.560 L_det=28.563 L_phase=- 1.9it/s eta_ep=36m
[b1][ep1 1000/4809] L=4.527 L_det=20.915 L_phase=- 1.9it/s eta_ep=34m
[b1][ep1 1200/4809] L=4.658 L_det=23.081 L_phase=- 1.9it/s eta_ep=32m
[b1][ep1 1400/4809] L=4.469 L_det=22.079 L_phase=- 1.9it/s eta_ep=31m
[b1][ep1 1600/4809] L=3.334 L_det=10.288 L_phase=- 1.9it/s eta_ep=29m
[b1][ep1 1800/4809] L=4.532 L_det=24.418 L_phase=- 1.9it/s eta_ep=27m
[b1][ep1 2000/4809] L=3.668 L_det=14.300 L_phase=- 1.9it/s eta_ep=25m
[b1][ep1 2200/4809] L=3.947 L_det=18.099 L_phase=- 1.9it/s eta_ep=23m
[b1][ep1 2400/4809] L=4.102 L_det=20.594 L_phase=- 1.9it/s eta_ep=22m
[b1][ep1 2600/4809] L=3.770 L_det=15.936 L_phase=- 1.9it/s eta_ep=20m
[b1][ep1 2800/4809] L=4.590 L_det=28.946 L_phase=- 1.9it/s eta_ep=18m
[b1][ep1 3000/4809] L=4.568 L_det=29.208 L_phase=- 1.9it/s eta_ep=16m
[b1][ep1 3200/4809] L=4.187 L_det=23.127 L_phase=- 1.9it/s eta_ep=14m
[b1][ep1 3400/4809] L=3.876 L_det=17.742 L_phase=- 1.9it/s eta_ep=13m
[b1][ep1 3600/4809] L=4.165 L_det=23.042 L_phase=- 1.9it/s eta_ep=11m
[b1][ep1 3800/4809] L=4.010 L_det=20.226 L_phase=- 1.8it/s eta_ep=9m
[b1][ep1 4000/4809] L=3.559 L_det=11.590 L_phase=- 1.8it/s eta_ep=7m
[b1][ep1 4200/4809] L=4.035 L_det=20.769 L_phase=- 1.8it/s eta_ep=5m
[b1][ep1 4400/4809] L=3.897 L_det=18.048 L_phase=- 1.8it/s eta_ep=4m
[b1][ep1 4600/4809] L=3.874 L_det=17.562 L_phase=- 1.8it/s eta_ep=2m
[b1][ep1 4800/4809] L=4.024 L_det=20.571 L_phase=- 1.8it/s eta_ep=0m
Accumulating evaluation results...
DONE (t=4.17s).
[b1][ep1] val mAP=0.6719 phase_acc=0.6964
[b1][ep2 0/4809] L=4.060 L_det=12.586 L_phase=0.397 1.5it/s eta_ep=53m
[b1][ep2 200/4809] L=3.796 L_det=15.955 L_phase=- 1.8it/s eta_ep=42m
[b1][ep2 400/4809] L=3.979 L_det=19.664 L_phase=- 1.8it/s eta_ep=40m
[b1][ep2 600/4809] L=4.354 L_det=27.272 L_phase=- 1.8it/s eta_ep=38m
[b1][ep2 800/4809] L=4.373 L_det=27.646 L_phase=- 1.8it/s eta_ep=36m
[b1][ep2 1000/4809] L=3.878 L_det=17.626 L_phase=- 1.8it/s eta_ep=35m
[b1][ep2 1200/4809] L=3.781 L_det=15.648 L_phase=- 1.8it/s eta_ep=33m
[b1][ep2 1400/4809] L=5.027 L_det=40.981 L_phase=- 1.8it/s eta_ep=31m
[b1][ep2 1600/4809] L=4.422 L_det=28.675 L_phase=- 1.8it/s eta_ep=29m
[b1][ep2 1800/4809] L=3.772 L_det=15.396 L_phase=- 1.8it/s eta_ep=27m
[b1][ep2 2000/4809] L=4.038 L_det=20.867 L_phase=- 1.8it/s eta_ep=25m
[b1][ep2 2200/4809] L=3.843 L_det=16.923 L_phase=- 1.8it/s eta_ep=24m
[b1][ep2 2400/4809] L=4.066 L_det=21.396 L_phase=- 1.8it/s eta_ep=22m
[b1][ep2 2600/4809] L=3.888 L_det=17.855 L_phase=- 1.8it/s eta_ep=20m
[b1][ep2 2800/4809] L=3.947 L_det=19.016 L_phase=- 1.8it/s eta_ep=18m
[b1][ep2 3000/4809] L=3.909 L_det=18.266 L_phase=- 1.8it/s eta_ep=16m
[b1][ep2 3200/4809] L=3.646 L_det=13.044 L_phase=- 1.8it/s eta_ep=15m
[b1][ep2 3400/4809] L=3.546 L_det=11.014 L_phase=- 1.8it/s eta_ep=13m
[b1][ep2 3600/4809] L=3.974 L_det=19.568 L_phase=- 1.8it/s eta_ep=11m
[b1][ep2 3800/4809] L=3.943 L_det=18.957 L_phase=- 1.8it/s eta_ep=9m
[b1][ep2 4000/4809] L=3.908 L_det=18.249 L_phase=- 1.8it/s eta_ep=7m
[b1][ep2 4200/4809] L=4.278 L_det=25.602 L_phase=- 1.8it/s eta_ep=6m
[b1][ep2 4400/4809] L=3.807 L_det=16.267 L_phase=- 1.8it/s eta_ep=4m
[b1][ep2 4600/4809] L=4.448 L_det=29.028 L_phase=- 1.8it/s eta_ep=2m
[b1][ep2 4800/4809] L=4.141 L_det=22.923 L_phase=- 1.8it/s eta_ep=0m
Accumulating evaluation results...
DONE (t=4.56s).
[b1][ep2] val mAP=0.6898 phase_acc=0.8112
[b1][ep3 0/4809] L=5.677 L_det=28.100 L_phase=1.294 1.5it/s eta_ep=52m
[b1][ep3 200/4809] L=3.958 L_det=19.245 L_phase=- 1.8it/s eta_ep=43m
[b1][ep3 400/4809] L=4.077 L_det=21.606 L_phase=- 1.8it/s eta_ep=41m
[b1][ep3 600/4809] L=3.834 L_det=16.817 L_phase=- 1.8it/s eta_ep=39m
[b1][ep3 800/4809] L=4.160 L_det=23.237 L_phase=- 1.8it/s eta_ep=37m
[b1][ep3 1000/4809] L=4.070 L_det=21.463 L_phase=- 1.8it/s eta_ep=35m
[b1][ep3 1200/4809] L=4.034 L_det=20.728 L_phase=- 1.8it/s eta_ep=33m
[b1][ep3 1400/4809] L=4.206 L_det=24.062 L_phase=- 1.8it/s eta_ep=32m
[b1][ep3 1600/4809] L=3.733 L_det=14.922 L_phase=- 1.8it/s eta_ep=30m
[b1][ep3 1800/4809] L=3.724 L_det=14.695 L_phase=- 1.8it/s eta_ep=28m
[b1][ep3 2000/4809] L=3.608 L_det=12.421 L_phase=- 1.8it/s eta_ep=26m
[b1][ep3 2200/4809] L=3.744 L_det=15.085 L_phase=- 1.8it/s eta_ep=24m
[b1][ep3 2400/4809] L=3.935 L_det=18.809 L_phase=- 1.8it/s eta_ep=22m
[b1][ep3 2600/4809] L=4.069 L_det=21.413 L_phase=- 1.8it/s eta_ep=21m
[b1][ep3 2800/4809] L=3.800 L_det=16.178 L_phase=- 1.8it/s eta_ep=19m
[b1][ep3 3000/4809] L=3.918 L_det=18.476 L_phase=- 1.8it/s eta_ep=17m
[b1][ep3 3200/4809] L=4.009 L_det=20.251 L_phase=- 1.8it/s eta_ep=15m
[b1][ep3 3400/4809] L=4.040 L_det=20.877 L_phase=- 1.8it/s eta_ep=13m
[b1][ep3 3600/4809] L=3.401 L_det=8.361 L_phase=- 1.8it/s eta_ep=11m
[b1][ep3 3800/4809] L=3.587 L_det=12.038 L_phase=- 1.8it/s eta_ep=9m
[b1][ep3 4000/4809] L=4.073 L_det=21.512 L_phase=- 1.8it/s eta_ep=8m
[b1][ep3 4200/4809] L=4.565 L_det=31.131 L_phase=- 1.8it/s eta_ep=6m
[b1][ep3 4400/4809] L=4.411 L_det=28.185 L_phase=- 1.8it/s eta_ep=4m
[b1][ep3 4600/4809] L=3.466 L_det=9.657 L_phase=- 1.8it/s eta_ep=2m
[b1][ep3 4800/4809] L=3.948 L_det=19.065 L_phase=- 1.8it/s eta_ep=0m
Accumulating evaluation results...
DONE (t=4.14s).
[b1][ep3] val mAP=0.6998 phase_acc=0.7736
[b1][ep4 0/4809] L=4.568 L_det=19.078 L_phase=0.598 1.4it/s eta_ep=58m
[b1][ep4 200/4809] L=4.471 L_det=29.225 L_phase=- 1.8it/s eta_ep=43m
[b1][ep4 400/4809] L=4.015 L_det=20.349 L_phase=- 1.8it/s eta_ep=41m
[b1][ep4 600/4809] L=3.552 L_det=11.521 L_phase=- 1.8it/s eta_ep=39m
[b1][ep4 800/4809] L=4.691 L_det=33.121 L_phase=- 1.8it/s eta_ep=37m
[b1][ep4 1000/4809] L=4.222 L_det=24.296 L_phase=- 1.8it/s eta_ep=35m
[b1][ep4 1200/4809] L=4.150 L_det=22.886 L_phase=- 1.8it/s eta_ep=34m
[b1][ep4 1400/4809] L=3.845 L_det=17.099 L_phase=- 1.8it/s eta_ep=32m
[b1][ep4 1600/4809] L=4.033 L_det=20.676 L_phase=- 1.8it/s eta_ep=30m
[b1][ep4 1800/4809] L=4.207 L_det=23.927 L_phase=- 1.8it/s eta_ep=28m
[b1][ep4 2000/4809] L=4.033 L_det=20.653 L_phase=- 1.8it/s eta_ep=26m
[b1][ep4 2200/4809] L=4.080 L_det=21.506 L_phase=- 1.8it/s eta_ep=24m
[b1][ep4 2400/4809] L=4.152 L_det=22.840 L_phase=- 1.8it/s eta_ep=22m
[b1][ep4 2600/4809] L=4.090 L_det=21.733 L_phase=- 1.8it/s eta_ep=21m
[b1][ep4 2800/4809] L=3.726 L_det=14.872 L_phase=- 1.8it/s eta_ep=19m
[b1][ep4 3000/4809] L=4.355 L_det=26.705 L_phase=- 1.8it/s eta_ep=17m
[b1][ep4 3200/4809] L=4.260 L_det=24.923 L_phase=- 1.8it/s eta_ep=15m
[b1][ep4 3400/4809] L=3.974 L_det=19.556 L_phase=- 1.8it/s eta_ep=13m
[b1][ep4 3600/4809] L=4.314 L_det=25.944 L_phase=- 1.8it/s eta_ep=11m
[b1][ep4 3800/4809] L=4.009 L_det=20.216 L_phase=- 1.8it/s eta_ep=9m
[b1][ep4 4000/4809] L=3.591 L_det=12.273 L_phase=- 1.8it/s eta_ep=8m
[b1][ep4 4200/4809] L=3.607 L_det=12.608 L_phase=- 1.8it/s eta_ep=6m
[b1][ep4 4400/4809] L=4.283 L_det=25.389 L_phase=- 1.8it/s eta_ep=4m
[b1][ep4 4600/4809] L=4.018 L_det=20.382 L_phase=- 1.8it/s eta_ep=2m
[b1][ep4 4800/4809] L=3.902 L_det=18.212 L_phase=- 1.8it/s eta_ep=0m
Accumulating evaluation results...
DONE (t=4.17s).
[b1][ep4] val mAP=0.6750 phase_acc=0.8502
[b1][ep5 0/4809] L=4.451 L_det=16.019 L_phase=0.658 1.4it/s eta_ep=55m
[b1][ep5 200/4809] L=4.336 L_det=26.208 L_phase=- 1.8it/s eta_ep=43m
[b1][ep5 400/4809] L=3.504 L_det=10.833 L_phase=- 1.8it/s eta_ep=41m
[b1][ep5 600/4809] L=3.740 L_det=15.249 L_phase=- 1.8it/s eta_ep=39m
[b1][ep5 800/4809] L=3.827 L_det=16.830 L_phase=- 1.8it/s eta_ep=38m
[b1][ep5 1000/4809] L=4.031 L_det=20.566 L_phase=- 1.8it/s eta_ep=36m
[b1][ep5 1200/4809] L=3.835 L_det=16.968 L_phase=- 1.8it/s eta_ep=34m
[b1][ep5 1400/4809] L=3.590 L_det=12.418 L_phase=- 1.8it/s eta_ep=32m
[b1][ep5 1600/4809] L=4.143 L_det=22.653 L_phase=- 1.8it/s eta_ep=30m
[b1][ep5 1800/4809] L=4.118 L_det=22.173 L_phase=- 1.8it/s eta_ep=28m
[b1][ep5 2000/4809] L=4.175 L_det=23.242 L_phase=- 1.8it/s eta_ep=26m
[b1][ep5 2200/4809] L=3.789 L_det=16.147 L_phase=- 1.8it/s eta_ep=24m
[b1][ep5 2400/4809] L=4.173 L_det=23.135 L_phase=- 1.8it/s eta_ep=23m
[b1][ep5 2600/4809] L=3.754 L_det=15.516 L_phase=- 1.8it/s eta_ep=21m
[b1][ep5 2800/4809] L=3.919 L_det=18.513 L_phase=- 1.8it/s eta_ep=19m
[b1][ep5 3000/4809] L=4.117 L_det=22.201 L_phase=- 1.8it/s eta_ep=17m
[b1][ep5 3200/4809] L=4.010 L_det=20.186 L_phase=- 1.8it/s eta_ep=15m
[b1][ep5 3400/4809] L=4.105 L_det=21.943 L_phase=- 1.8it/s eta_ep=13m
[b1][ep5 3600/4809] L=4.081 L_det=21.499 L_phase=- 1.8it/s eta_ep=11m
[b1][ep5 3800/4809] L=3.691 L_det=14.308 L_phase=- 1.8it/s eta_ep=9m
[b1][ep5 4000/4809] L=3.983 L_det=19.703 L_phase=- 1.8it/s eta_ep=8m
[b1][ep5 4200/4809] L=4.138 L_det=22.633 L_phase=- 1.8it/s eta_ep=6m
[b1][ep5 4400/4809] L=4.086 L_det=21.639 L_phase=- 1.8it/s eta_ep=4m
[b1][ep5 4600/4809] L=3.848 L_det=17.190 L_phase=- 1.8it/s eta_ep=2m
[b1][ep5 4800/4809] L=3.641 L_det=13.340 L_phase=- 1.8it/s eta_ep=0m
Accumulating evaluation results...
DONE (t=4.26s).
[b1][ep5] val mAP=0.6603 phase_acc=0.8442
[b1][ep6 0/4809] L=4.713 L_det=22.177 L_phase=0.598 1.5it/s eta_ep=52m
[b1][ep6 200/4809] L=3.654 L_det=13.635 L_phase=- 1.8it/s eta_ep=43m
[b1][ep6 400/4809] L=3.667 L_det=13.873 L_phase=- 1.8it/s eta_ep=42m
[b1][ep6 600/4809] L=3.716 L_det=14.810 L_phase=- 1.8it/s eta_ep=40m
[b1][ep6 800/4809] L=4.685 L_det=32.441 L_phase=- 1.8it/s eta_ep=38m
[b1][ep6 1000/4809] L=3.764 L_det=15.695 L_phase=- 1.8it/s eta_ep=36m
[b1][ep6 1200/4809] L=4.436 L_det=27.950 L_phase=- 1.8it/s eta_ep=34m
[b1][ep6 1400/4809] L=4.112 L_det=22.053 L_phase=- 1.8it/s eta_ep=32m
[b1][ep6 1600/4809] L=3.509 L_det=11.016 L_phase=- 1.8it/s eta_ep=30m
[b1][ep6 1800/4809] L=3.687 L_det=14.266 L_phase=- 1.8it/s eta_ep=28m
[b1][ep6 2000/4809] L=3.743 L_det=15.281 L_phase=- 1.8it/s eta_ep=26m
[b1][ep6 2200/4809] L=3.695 L_det=14.453 L_phase=- 1.8it/s eta_ep=25m
[b1][ep6 2400/4809] L=3.860 L_det=17.441 L_phase=- 1.8it/s eta_ep=23m
[b1][ep6 2600/4809] L=4.089 L_det=21.629 L_phase=- 1.8it/s eta_ep=21m
[b1][ep6 2800/4809] L=4.056 L_det=21.007 L_phase=- 1.8it/s eta_ep=19m
[b1][ep6 3000/4809] L=3.607 L_det=12.856 L_phase=- 1.8it/s eta_ep=17m
[b1][ep6 3200/4809] L=3.907 L_det=18.309 L_phase=- 1.8it/s eta_ep=15m
[b1][ep6 3400/4809] L=3.573 L_det=12.214 L_phase=- 1.8it/s eta_ep=13m
[b1][ep6 3600/4809] L=3.496 L_det=10.857 L_phase=- 1.8it/s eta_ep=11m
[b1][ep6 3800/4809] L=3.680 L_det=14.175 L_phase=- 1.8it/s eta_ep=9m
[b1][ep6 4000/4809] L=3.945 L_det=18.979 L_phase=- 1.8it/s eta_ep=8m
[b1][ep6 4200/4809] L=4.342 L_det=26.211 L_phase=- 1.8it/s eta_ep=6m
[b1][ep6 4400/4809] L=3.896 L_det=18.096 L_phase=- 1.8it/s eta_ep=4m
[b1][ep6 4600/4809] L=3.545 L_det=11.647 L_phase=- 1.8it/s eta_ep=2m
[b1][ep6 4800/4809] L=3.851 L_det=17.276 L_phase=- 1.8it/s eta_ep=0m
Accumulating evaluation results...
DONE (t=4.38s).
[b1][ep6] val mAP=0.6956 phase_acc=0.8416
[b1][ep7 0/4809] L=4.514 L_det=17.678 L_phase=0.652 1.4it/s eta_ep=56m
[b1][ep7 200/4809] L=3.477 L_det=10.504 L_phase=- 1.8it/s eta_ep=43m
[b1][ep7 400/4809] L=4.307 L_det=25.551 L_phase=- 1.8it/s eta_ep=41m
[b1][ep7 600/4809] L=3.899 L_det=18.155 L_phase=- 1.8it/s eta_ep=40m
[b1][ep7 800/4809] L=4.004 L_det=20.037 L_phase=- 1.8it/s eta_ep=38m
[b1][ep7 1000/4809] L=3.914 L_det=18.419 L_phase=- 1.8it/s eta_ep=36m
[b1][ep7 1200/4809] L=3.505 L_det=11.113 L_phase=- 1.8it/s eta_ep=34m
[b1][ep7 1400/4809] L=3.913 L_det=18.396 L_phase=- 1.8it/s eta_ep=32m
[b1][ep7 1600/4809] L=3.772 L_det=15.897 L_phase=- 1.8it/s eta_ep=30m
[b1][ep7 1800/4809] L=4.191 L_det=23.395 L_phase=- 1.8it/s eta_ep=28m
[b1][ep7 2000/4809] L=4.052 L_det=20.895 L_phase=- 1.8it/s eta_ep=27m
[b1][ep7 2200/4809] L=3.974 L_det=19.484 L_phase=- 1.8it/s eta_ep=25m
[b1][ep7 2400/4809] L=3.966 L_det=19.335 L_phase=- 1.8it/s eta_ep=23m
[b1][ep7 2600/4809] L=4.241 L_det=24.280 L_phase=- 1.7it/s eta_ep=21m
[b1][ep7 2800/4809] L=3.915 L_det=18.440 L_phase=- 1.7it/s eta_ep=19m
[b1][ep7 3000/4809] L=4.446 L_det=27.962 L_phase=- 1.7it/s eta_ep=17m
[b1][ep7 3200/4809] L=3.670 L_det=14.024 L_phase=- 1.7it/s eta_ep=16m
[b1][ep7 3400/4809] L=3.735 L_det=15.204 L_phase=- 1.7it/s eta_ep=14m
[b1][ep7 3600/4809] L=4.044 L_det=20.750 L_phase=- 1.7it/s eta_ep=12m
[b1][ep7 3800/4809] L=3.432 L_det=9.804 L_phase=- 1.7it/s eta_ep=10m
[b1][ep7 4000/4809] L=3.764 L_det=15.747 L_phase=- 1.7it/s eta_ep=8m
[b1][ep7 4200/4809] L=3.616 L_det=13.106 L_phase=- 1.7it/s eta_ep=6m
[b1][ep7 4400/4809] L=3.725 L_det=15.074 L_phase=- 1.7it/s eta_ep=4m
[b1][ep7 4600/4809] L=3.900 L_det=18.174 L_phase=- 1.7it/s eta_ep=2m
[b1][ep7 4800/4809] L=4.005 L_det=20.022 L_phase=- 1.7it/s eta_ep=0m
Accumulating evaluation results...
DONE (t=4.55s).
[b1][ep7] val mAP=0.6850 phase_acc=0.8508
[b1][ep8 0/4809] L=4.372 L_det=23.144 L_phase=0.237 1.2it/s eta_ep=66m
[b1][ep8 200/4809] L=3.772 L_det=15.924 L_phase=- 1.7it/s eta_ep=46m
[b1][ep8 400/4809] L=3.371 L_det=8.947 L_phase=- 1.7it/s eta_ep=44m
[b1][ep8 600/4809] L=4.141 L_det=22.343 L_phase=- 1.7it/s eta_ep=42m
[b1][ep8 800/4809] L=3.812 L_det=16.627 L_phase=- 1.7it/s eta_ep=40m
[b1][ep8 1000/4809] L=4.106 L_det=21.748 L_phase=- 1.7it/s eta_ep=38m
[b1][ep8 1200/4809] L=3.953 L_det=19.063 L_phase=- 1.7it/s eta_ep=36m
[b1][ep8 1400/4809] L=3.859 L_det=17.439 L_phase=- 1.7it/s eta_ep=34m
[b1][ep8 1600/4809] L=4.132 L_det=22.176 L_phase=- 1.7it/s eta_ep=32m
[b1][ep8 1800/4809] L=3.936 L_det=18.784 L_phase=- 1.7it/s eta_ep=30m
[b1][ep8 2000/4809] L=4.088 L_det=21.406 L_phase=- 1.7it/s eta_ep=28m
[b1][ep8 2200/4809] L=4.437 L_det=27.614 L_phase=- 1.7it/s eta_ep=26m
[b1][ep8 2400/4809] L=3.877 L_det=17.756 L_phase=- 1.7it/s eta_ep=24m
[b1][ep8 2600/4809] L=3.753 L_det=15.612 L_phase=- 1.7it/s eta_ep=22m
[b1][ep8 2800/4809] L=3.611 L_det=13.144 L_phase=- 1.7it/s eta_ep=20m
[b1][ep8 3000/4809] L=3.642 L_det=13.673 L_phase=- 1.7it/s eta_ep=18m
[b1][ep8 3200/4809] L=3.566 L_det=12.361 L_phase=- 1.7it/s eta_ep=16m
[b1][ep8 3400/4809] L=3.639 L_det=13.607 L_phase=- 1.7it/s eta_ep=14m
[b1][ep8 3600/4809] L=3.844 L_det=17.182 L_phase=- 1.7it/s eta_ep=12m
[b1][ep8 3800/4809] L=3.917 L_det=18.470 L_phase=- 1.7it/s eta_ep=10m
[b1][ep8 4000/4809] L=3.588 L_det=12.682 L_phase=- 1.7it/s eta_ep=8m
[b1][ep8 4200/4809] L=4.156 L_det=22.640 L_phase=- 1.7it/s eta_ep=6m
[b1][ep8 4400/4809] L=4.019 L_det=20.260 L_phase=- 1.7it/s eta_ep=4m
[b1][ep8 4600/4809] L=3.481 L_det=10.718 L_phase=- 1.7it/s eta_ep=2m
[b1][ep8 4800/4809] L=3.521 L_det=11.449 L_phase=- 1.7it/s eta_ep=0m
Accumulating evaluation results...
DONE (t=4.35s).
[b1][ep8] val mAP=0.6827 phase_acc=0.8891
[b1][ep9 0/4809] L=3.626 L_det=9.896 L_phase=0.260 1.2it/s eta_ep=65m
[b1][ep9 200/4809] L=3.778 L_det=16.023 L_phase=- 1.7it/s eta_ep=45m
[b1][ep9 400/4809] L=3.654 L_det=13.858 L_phase=- 1.7it/s eta_ep=43m
[b1][ep9 600/4809] L=3.862 L_det=17.500 L_phase=- 1.7it/s eta_ep=41m
[b1][ep9 800/4809] L=3.835 L_det=17.028 L_phase=- 1.7it/s eta_ep=39m
[b1][ep9 1000/4809] L=3.493 L_det=11.126 L_phase=- 1.7it/s eta_ep=37m
[b1][ep9 1200/4809] L=3.472 L_det=10.750 L_phase=- 1.7it/s eta_ep=35m
[b1][ep9 1400/4809] L=4.096 L_det=21.509 L_phase=- 1.7it/s eta_ep=33m
[b1][ep9 1600/4809] L=3.677 L_det=14.291 L_phase=- 1.7it/s eta_ep=31m
[b1][ep9 1800/4809] L=3.928 L_det=18.643 L_phase=- 1.7it/s eta_ep=29m
[b1][ep9 2000/4809] L=4.431 L_det=27.345 L_phase=- 1.7it/s eta_ep=27m
[b1][ep9 2200/4809] L=3.678 L_det=14.304 L_phase=- 1.7it/s eta_ep=25m
[b1][ep9 2400/4809] L=4.982 L_det=37.055 L_phase=- 1.7it/s eta_ep=24m
[b1][ep9 2600/4809] L=3.663 L_det=14.028 L_phase=- 1.7it/s eta_ep=22m
[b1][ep9 2800/4809] L=3.624 L_det=13.355 L_phase=- 1.7it/s eta_ep=20m
[b1][ep9 3000/4809] L=3.510 L_det=11.359 L_phase=- 1.7it/s eta_ep=18m
[b1][ep9 3200/4809] L=3.536 L_det=11.792 L_phase=- 1.7it/s eta_ep=16m
[b1][ep9 3400/4809] L=3.468 L_det=10.612 L_phase=- 1.7it/s eta_ep=14m
[b1][ep9 3600/4809] L=4.272 L_det=24.632 L_phase=- 1.7it/s eta_ep=12m
[b1][ep9 3800/4809] L=3.764 L_det=15.790 L_phase=- 1.7it/s eta_ep=10m
[b1][ep9 4000/4809] L=3.741 L_det=15.392 L_phase=- 1.7it/s eta_ep=8m
[b1][ep9 4200/4809] L=3.976 L_det=19.467 L_phase=- 1.7it/s eta_ep=6m
[b1][ep9 4400/4809] L=3.434 L_det=10.102 L_phase=- 1.7it/s eta_ep=4m
[b1][ep9 4600/4809] L=3.679 L_det=14.318 L_phase=- 1.7it/s eta_ep=2m
[b1][ep9 4800/4809] L=4.027 L_det=20.367 L_phase=- 1.7it/s eta_ep=0m
Accumulating evaluation results...
DONE (t=5.09s).
[b1][ep9] val mAP=0.6603 phase_acc=0.8620
[b1][ep10 0/4809] L=3.502 L_det=11.499 L_phase=0.097 1.2it/s eta_ep=64m
[b1][ep10 200/4809] L=4.955 L_det=36.512 L_phase=- 1.7it/s eta_ep=46m
[b1][ep10 400/4809] L=4.026 L_det=20.345 L_phase=- 1.7it/s eta_ep=44m
[b1][ep10 600/4809] L=4.259 L_det=24.353 L_phase=- 1.7it/s eta_ep=42m
[b1][ep10 800/4809] L=3.442 L_det=10.258 L_phase=- 1.7it/s eta_ep=40m
[b1][ep10 1000/4809] L=4.445 L_det=27.511 L_phase=- 1.7it/s eta_ep=38m
[b1][ep10 1200/4809] L=3.582 L_det=12.683 L_phase=- 1.7it/s eta_ep=36m
[b1][ep10 1400/4809] L=4.011 L_det=20.035 L_phase=- 1.7it/s eta_ep=34m
[b1][ep10 1600/4809] L=4.059 L_det=20.846 L_phase=- 1.7it/s eta_ep=32m
[b1][ep10 1800/4809] L=3.500 L_det=11.338 L_phase=- 1.7it/s eta_ep=30m
[b1][ep10 2000/4809] L=3.481 L_det=11.042 L_phase=- 1.7it/s eta_ep=28m
[b1][ep10 2200/4809] L=3.300 L_det=8.012 L_phase=- 1.7it/s eta_ep=26m
[b1][ep10 2400/4809] L=3.957 L_det=19.080 L_phase=- 1.7it/s eta_ep=24m
[b1][ep10 2600/4809] L=4.123 L_det=21.852 L_phase=- 1.7it/s eta_ep=22m
[b1][ep10 2800/4809] L=3.214 L_det=6.652 L_phase=- 1.7it/s eta_ep=20m
[b1][ep10 3000/4809] L=3.580 L_det=12.776 L_phase=- 1.7it/s eta_ep=18m
[b1][ep10 3200/4809] L=3.732 L_det=15.319 L_phase=- 1.7it/s eta_ep=16m
[b1][ep10 3400/4809] L=4.090 L_det=21.253 L_phase=- 1.7it/s eta_ep=14m
[b1][ep10 3600/4809] L=3.773 L_det=15.999 L_phase=- 1.7it/s eta_ep=12m
[b1][ep10 3800/4809] L=3.470 L_det=10.988 L_phase=- 1.7it/s eta_ep=10m
[b1][ep10 4000/4809] L=3.887 L_det=17.883 L_phase=- 1.7it/s eta_ep=8m
[b1][ep10 4200/4809] L=3.854 L_det=17.339 L_phase=- 1.7it/s eta_ep=6m
[b1][ep10 4400/4809] L=3.637 L_det=13.767 L_phase=- 1.7it/s eta_ep=4m
[b1][ep10 4600/4809] L=3.128 L_det=5.448 L_phase=- 1.7it/s eta_ep=2m
[b1][ep10 4800/4809] L=3.754 L_det=15.695 L_phase=- 1.7it/s eta_ep=0m
Accumulating evaluation results...
DONE (t=4.31s).
[b1][ep10] val mAP=0.6970 phase_acc=0.8686
[b1][ep11 0/4809] L=3.799 L_det=13.064 L_phase=0.295 1.3it/s eta_ep=61m
[b1][ep11 200/4809] L=3.725 L_det=15.221 L_phase=- 1.7it/s eta_ep=46m
[b1][ep11 400/4809] L=3.728 L_det=15.270 L_phase=- 1.7it/s eta_ep=44m
[b1][ep11 600/4809] L=3.645 L_det=13.931 L_phase=- 1.7it/s eta_ep=42m
[b1][ep11 800/4809] L=3.634 L_det=13.761 L_phase=- 1.7it/s eta_ep=40m
[b1][ep11 1000/4809] L=3.735 L_det=15.391 L_phase=- 1.7it/s eta_ep=38m
[b1][ep11 1200/4809] L=3.721 L_det=15.167 L_phase=- 1.7it/s eta_ep=36m
[b1][ep11 1400/4809] L=3.601 L_det=13.245 L_phase=- 1.7it/s eta_ep=34m
[b1][ep11 1600/4809] L=4.086 L_det=21.010 L_phase=- 1.7it/s eta_ep=32m
[b1][ep11 1800/4809] L=4.084 L_det=20.969 L_phase=- 1.7it/s eta_ep=30m
[b1][ep11 2000/4809] L=4.091 L_det=21.075 L_phase=- 1.7it/s eta_ep=28m
[b1][ep11 2200/4809] L=3.910 L_det=18.188 L_phase=- 1.7it/s eta_ep=26m
[b1][ep11 2400/4809] L=3.666 L_det=14.308 L_phase=- 1.7it/s eta_ep=24m
[b1][ep11 2600/4809] L=4.069 L_det=20.712 L_phase=- 1.7it/s eta_ep=22m
[b1][ep11 2800/4809] L=4.674 L_det=30.325 L_phase=- 1.7it/s eta_ep=20m
[b1][ep11 3000/4809] L=3.541 L_det=12.330 L_phase=- 1.7it/s eta_ep=18m
[b1][ep11 3200/4809] L=3.647 L_det=14.003 L_phase=- 1.7it/s eta_ep=16m
[b1][ep11 3400/4809] L=3.493 L_det=11.577 L_phase=- 1.7it/s eta_ep=14m
[b1][ep11 3600/4809] L=3.406 L_det=10.207 L_phase=- 1.7it/s eta_ep=12m
[b1][ep11 3800/4809] L=3.568 L_det=12.780 L_phase=- 1.7it/s eta_ep=10m
[b1][ep11 4000/4809] L=3.431 L_det=10.630 L_phase=- 1.7it/s eta_ep=8m
[b1][ep11 4200/4809] L=3.740 L_det=15.491 L_phase=- 1.7it/s eta_ep=6m
[b1][ep11 4400/4809] L=3.649 L_det=14.064 L_phase=- 1.7it/s eta_ep=4m
[b1][ep11 4600/4809] L=3.427 L_det=10.590 L_phase=- 1.7it/s eta_ep=2m
[b1][ep11 4800/4809] L=3.270 L_det=8.151 L_phase=- 1.7it/s eta_ep=0m
Accumulating evaluation results...
DONE (t=4.57s).
[b1][ep11] val mAP=0.7022 phase_acc=0.8733
[b1] DONE best@ep11 mAP=0.7022 phase_acc=0.8733 -> /tmp/b1_work_uncertainty_seed123
