[b2a] train clips=13  val clips=3  in_dim=2063  tool_source=pred  classes=9  device=cuda
[b2a] evidence dir: /home/ubuntu/slocal2/m2/experiments/transfer/b2a_regiononly_mask_04_002_b2a_regiononly_mask_04_seed123
[b2a][epoch 1/50] loss=3.6316  val_acc=0.4389  macroF1=0.1400  edit=8.22  segF1@50=0.00
[b2a][epoch 2/50] loss=2.8855  val_acc=0.3630  macroF1=0.0773  edit=2.67  segF1@50=0.17
[b2a][epoch 3/50] loss=2.5567  val_acc=0.3340  macroF1=0.0715  edit=9.67  segF1@50=0.00
[b2a][epoch 4/50] loss=2.2341  val_acc=0.6026  macroF1=0.2017  edit=13.44  segF1@50=0.17
[b2a][epoch 5/50] loss=1.8736  val_acc=0.6700  macroF1=0.2283  edit=16.33  segF1@50=0.19
[b2a][epoch 6/50] loss=1.5185  val_acc=0.6752  macroF1=0.2301  edit=35.67  segF1@50=0.24
[b2a][epoch 7/50] loss=1.3574  val_acc=0.6779  macroF1=0.2312  edit=30.33  segF1@50=0.25
[b2a][epoch 8/50] loss=1.2316  val_acc=0.6970  macroF1=0.2676  edit=34.54  segF1@50=0.23
[b2a][epoch 9/50] loss=1.1150  val_acc=0.7822  macroF1=0.3565  edit=31.28  segF1@50=0.24
[b2a][epoch 10/50] loss=1.0016  val_acc=0.8158  macroF1=0.4639  edit=36.51  segF1@50=0.33
[b2a][epoch 11/50] loss=0.9148  val_acc=0.8587  macroF1=0.5610  edit=41.78  segF1@50=0.37
[b2a][epoch 12/50] loss=0.8475  val_acc=0.9142  macroF1=0.6758  edit=30.67  segF1@50=0.31
[b2a][epoch 13/50] loss=0.7835  val_acc=0.9175  macroF1=0.6740  edit=34.67  segF1@50=0.42
[b2a][epoch 14/50] loss=0.7220  val_acc=0.9175  macroF1=0.6885  edit=39.20  segF1@50=0.35
[b2a][epoch 15/50] loss=0.6912  val_acc=0.9320  macroF1=0.7467  edit=44.24  segF1@50=0.46
[b2a][epoch 16/50] loss=0.6720  val_acc=0.9201  macroF1=0.7205  edit=45.00  segF1@50=0.49
[b2a][epoch 17/50] loss=0.6854  val_acc=0.9353  macroF1=0.7596  edit=46.04  segF1@50=0.48
[b2a][epoch 18/50] loss=0.6127  val_acc=0.9201  macroF1=0.6968  edit=39.20  segF1@50=0.36
[b2a][epoch 19/50] loss=0.5861  val_acc=0.9366  macroF1=0.7607  edit=42.55  segF1@50=0.48
[b2a][epoch 20/50] loss=0.5515  val_acc=0.9248  macroF1=0.7324  edit=47.22  segF1@50=0.49
[b2a][epoch 21/50] loss=0.5461  val_acc=0.9399  macroF1=0.7793  edit=36.91  segF1@50=0.40
[b2a][epoch 22/50] loss=0.5310  val_acc=0.9274  macroF1=0.7408  edit=49.85  segF1@50=0.51
[b2a][epoch 23/50] loss=0.5476  val_acc=0.9373  macroF1=0.7738  edit=35.86  segF1@50=0.38
[b2a][epoch 24/50] loss=0.4999  val_acc=0.9314  macroF1=0.7543  edit=36.88  segF1@50=0.38
[b2a][epoch 25/50] loss=0.4851  val_acc=0.9380  macroF1=0.7865  edit=41.37  segF1@50=0.42
[b2a][epoch 26/50] loss=0.4711  val_acc=0.9419  macroF1=0.7807  edit=41.93  segF1@50=0.49
[b2a][epoch 27/50] loss=0.4556  val_acc=0.9300  macroF1=0.7513  edit=35.21  segF1@50=0.37
[b2a][epoch 28/50] loss=0.4556  val_acc=0.9459  macroF1=0.7955  edit=38.12  segF1@50=0.41
[b2a][epoch 29/50] loss=0.4501  val_acc=0.9307  macroF1=0.7597  edit=38.61  segF1@50=0.40
[b2a][epoch 30/50] loss=0.4461  val_acc=0.9446  macroF1=0.7908  edit=38.12  segF1@50=0.41
[b2a][epoch 31/50] loss=0.4288  val_acc=0.9399  macroF1=0.7799  edit=36.93  segF1@50=0.40
[b2a][epoch 32/50] loss=0.4077  val_acc=0.9432  macroF1=0.7880  edit=38.12  segF1@50=0.41
[b2a][epoch 33/50] loss=0.4197  val_acc=0.9472  macroF1=0.8011  edit=37.73  segF1@50=0.39
[b2a][epoch 34/50] loss=0.4465  val_acc=0.9340  macroF1=0.7536  edit=37.14  segF1@50=0.40
[b2a][epoch 35/50] loss=0.4519  val_acc=0.9485  macroF1=0.8095  edit=40.00  segF1@50=0.46
[b2a][epoch 36/50] loss=0.4136  val_acc=0.9446  macroF1=0.7934  edit=36.00  segF1@50=0.39
[b2a][epoch 37/50] loss=0.3940  val_acc=0.9452  macroF1=0.7930  edit=37.02  segF1@50=0.40
[b2a][epoch 38/50] loss=0.3876  val_acc=0.9446  macroF1=0.7925  edit=36.52  segF1@50=0.40
[b2a][epoch 39/50] loss=0.3774  val_acc=0.9485  macroF1=0.8017  edit=38.53  segF1@50=0.41
[b2a][epoch 40/50] loss=0.3832  val_acc=0.9366  macroF1=0.7678  edit=36.62  segF1@50=0.40
[b2a][epoch 41/50] loss=0.4136  val_acc=0.9419  macroF1=0.7989  edit=32.27  segF1@50=0.36
[b2a][epoch 42/50] loss=0.3852  val_acc=0.9386  macroF1=0.7822  edit=34.91  segF1@50=0.37
[b2a][epoch 43/50] loss=0.3705  val_acc=0.9472  macroF1=0.8028  edit=41.04  segF1@50=0.42
[b2a][epoch 44/50] loss=0.3528  val_acc=0.9432  macroF1=0.7913  edit=34.40  segF1@50=0.38
[b2a][epoch 45/50] loss=0.3374  val_acc=0.9439  macroF1=0.7913  edit=34.40  segF1@50=0.38
[b2a][epoch 46/50] loss=0.3359  val_acc=0.9446  macroF1=0.7952  edit=32.01  segF1@50=0.35
[b2a][epoch 47/50] loss=0.3313  val_acc=0.9465  macroF1=0.7985  edit=35.03  segF1@50=0.41
[b2a][epoch 48/50] loss=0.3262  val_acc=0.9419  macroF1=0.7854  edit=32.94  segF1@50=0.36
[b2a][epoch 49/50] loss=0.3237  val_acc=0.9479  macroF1=0.8011  edit=37.80  segF1@50=0.44
[b2a][epoch 50/50] loss=0.3214  val_acc=0.9419  macroF1=0.7864  edit=34.07  segF1@50=0.38
[b2a] best @epoch 35: acc=0.9485 macroF1=0.8095
[b2a] evidence written -> /home/ubuntu/slocal2/m2/experiments/transfer/b2a_regiononly_mask_04_002_b2a_regiononly_mask_04_seed123
