[b2a] train clips=13  val clips=3  in_dim=2063  tool_source=oracle  classes=9  device=cuda
[b2a] evidence dir: /home/ubuntu/slocal/m2/experiments/transfer/b2a_det2phase_oracletool_006_b2a_det2phase_oracletool_seed42
[b2a][epoch 1/50] loss=3.7475  val_acc=0.3624  macroF1=0.0766  edit=2.67  segF1@50=0.17
[b2a][epoch 2/50] loss=2.8703  val_acc=0.3182  macroF1=0.1097  edit=9.37  segF1@50=0.01
[b2a][epoch 3/50] loss=2.6867  val_acc=0.3677  macroF1=0.0769  edit=18.00  segF1@50=0.22
[b2a][epoch 4/50] loss=2.4435  val_acc=0.5380  macroF1=0.1856  edit=18.86  segF1@50=0.02
[b2a][epoch 5/50] loss=2.4311  val_acc=0.5809  macroF1=0.1948  edit=33.14  segF1@50=0.25
[b2a][epoch 6/50] loss=2.0512  val_acc=0.6752  macroF1=0.2299  edit=32.67  segF1@50=0.14
[b2a][epoch 7/50] loss=1.6430  val_acc=0.6409  macroF1=0.2206  edit=41.00  segF1@50=0.20
[b2a][epoch 8/50] loss=1.5316  val_acc=0.6515  macroF1=0.2236  edit=41.00  segF1@50=0.21
[b2a][epoch 9/50] loss=1.4296  val_acc=0.6785  macroF1=0.2293  edit=31.44  segF1@50=0.19
[b2a][epoch 10/50] loss=1.3807  val_acc=0.6066  macroF1=0.2741  edit=28.16  segF1@50=0.12
[b2a][epoch 11/50] loss=1.2707  val_acc=0.7762  macroF1=0.4301  edit=32.93  segF1@50=0.21
[b2a][epoch 12/50] loss=1.1617  val_acc=0.8686  macroF1=0.6048  edit=31.46  segF1@50=0.29
[b2a][epoch 13/50] loss=1.0931  val_acc=0.7941  macroF1=0.4825  edit=28.17  segF1@50=0.18
[b2a][epoch 14/50] loss=0.9865  val_acc=0.8330  macroF1=0.4654  edit=40.67  segF1@50=0.39
[b2a][epoch 15/50] loss=0.9088  val_acc=0.8713  macroF1=0.6203  edit=39.25  segF1@50=0.33
[b2a][epoch 16/50] loss=0.8057  val_acc=0.8713  macroF1=0.6170  edit=34.18  segF1@50=0.30
[b2a][epoch 17/50] loss=0.7658  val_acc=0.8838  macroF1=0.6535  edit=33.10  segF1@50=0.28
[b2a][epoch 18/50] loss=0.7478  val_acc=0.8614  macroF1=0.6287  edit=40.27  segF1@50=0.34
[b2a][epoch 19/50] loss=0.7500  val_acc=0.9155  macroF1=0.7329  edit=40.33  segF1@50=0.41
[b2a][epoch 20/50] loss=0.6842  val_acc=0.9083  macroF1=0.6663  edit=44.89  segF1@50=0.46
[b2a][epoch 21/50] loss=0.6157  val_acc=0.9063  macroF1=0.7437  edit=38.90  segF1@50=0.33
[b2a][epoch 22/50] loss=0.5633  val_acc=0.8990  macroF1=0.7081  edit=38.79  segF1@50=0.35
[b2a][epoch 23/50] loss=0.5326  val_acc=0.9241  macroF1=0.7371  edit=42.22  segF1@50=0.41
[b2a][epoch 24/50] loss=0.5007  val_acc=0.9419  macroF1=0.7891  edit=52.84  segF1@50=0.57
[b2a][epoch 25/50] loss=0.4968  val_acc=0.9347  macroF1=0.7629  edit=46.52  segF1@50=0.49
[b2a][epoch 26/50] loss=0.4741  val_acc=0.9234  macroF1=0.7407  edit=47.56  segF1@50=0.43
[b2a][epoch 27/50] loss=0.4703  val_acc=0.9175  macroF1=0.7403  edit=46.40  segF1@50=0.44
[b2a][epoch 28/50] loss=0.4472  val_acc=0.9505  macroF1=0.8081  edit=57.26  segF1@50=0.63
[b2a][epoch 29/50] loss=0.4253  val_acc=0.9221  macroF1=0.7201  edit=43.30  segF1@50=0.43
[b2a][epoch 30/50] loss=0.4510  val_acc=0.9102  macroF1=0.7652  edit=38.07  segF1@50=0.41
[b2a][epoch 31/50] loss=0.5129  val_acc=0.9261  macroF1=0.6944  edit=47.78  segF1@50=0.51
[b2a][epoch 32/50] loss=0.4909  val_acc=0.9261  macroF1=0.7800  edit=48.42  segF1@50=0.47
[b2a][epoch 33/50] loss=0.4138  val_acc=0.9465  macroF1=0.8005  edit=50.22  segF1@50=0.53
[b2a][epoch 34/50] loss=0.3823  val_acc=0.9459  macroF1=0.8001  edit=46.17  segF1@50=0.49
[b2a][epoch 35/50] loss=0.3657  val_acc=0.9479  macroF1=0.8029  edit=45.88  segF1@50=0.49
[b2a][epoch 36/50] loss=0.3536  val_acc=0.9492  macroF1=0.8086  edit=52.63  segF1@50=0.58
[b2a][epoch 37/50] loss=0.3545  val_acc=0.9373  macroF1=0.7897  edit=42.20  segF1@50=0.46
[b2a][epoch 38/50] loss=0.3954  val_acc=0.8488  macroF1=0.7169  edit=31.77  segF1@50=0.35
[b2a][epoch 39/50] loss=0.4435  val_acc=0.9380  macroF1=0.7921  edit=43.89  segF1@50=0.50
[b2a][epoch 40/50] loss=0.4075  val_acc=0.9558  macroF1=0.8209  edit=50.62  segF1@50=0.54
[b2a][epoch 41/50] loss=0.3473  val_acc=0.9531  macroF1=0.8156  edit=50.11  segF1@50=0.52
[b2a][epoch 42/50] loss=0.3299  val_acc=0.9558  macroF1=0.8209  edit=56.44  segF1@50=0.62
[b2a][epoch 43/50] loss=0.3429  val_acc=0.9287  macroF1=0.7579  edit=46.76  segF1@50=0.50
[b2a][epoch 44/50] loss=0.3479  val_acc=0.9333  macroF1=0.7913  edit=42.78  segF1@50=0.45
[b2a][epoch 45/50] loss=0.4129  val_acc=0.9267  macroF1=0.7471  edit=38.43  segF1@50=0.37
[b2a][epoch 46/50] loss=0.4627  val_acc=0.9353  macroF1=0.7675  edit=40.00  segF1@50=0.39
[b2a][epoch 47/50] loss=0.4588  val_acc=0.9347  macroF1=0.7477  edit=48.44  segF1@50=0.55
[b2a][epoch 48/50] loss=0.3776  val_acc=0.9505  macroF1=0.8136  edit=59.77  segF1@50=0.69
[b2a][epoch 49/50] loss=0.3298  val_acc=0.9446  macroF1=0.8034  edit=49.24  segF1@50=0.54
[b2a][epoch 50/50] loss=0.3065  val_acc=0.9531  macroF1=0.8186  edit=61.54  segF1@50=0.66
[b2a] best @epoch 40: acc=0.9558 macroF1=0.8209
[b2a] evidence written -> /home/ubuntu/slocal/m2/experiments/transfer/b2a_det2phase_oracletool_006_b2a_det2phase_oracletool_seed42
