[b2a] train clips=13  val clips=3  in_dim=2063  tool_source=oracle  classes=9  device=cuda
[b2a] evidence dir: /home/ubuntu/slocal2/m2/experiments/transfer/b2a_ro_oracle_bsnoise_p020_003_b2a_ro_oracle_bsnoise_p020_seed456
[b2a][epoch 1/50] loss=3.4545  val_acc=0.3677  macroF1=0.0768  edit=18.00  segF1@50=0.22
[b2a][epoch 2/50] loss=2.6903  val_acc=0.6766  macroF1=0.2315  edit=38.33  segF1@50=0.20
[b2a][epoch 3/50] loss=2.0979  val_acc=0.6713  macroF1=0.2277  edit=34.33  segF1@50=0.22
[b2a][epoch 4/50] loss=1.8169  val_acc=0.6594  macroF1=0.2255  edit=37.00  segF1@50=0.26
[b2a][epoch 5/50] loss=1.6669  val_acc=0.6812  macroF1=0.2286  edit=35.67  segF1@50=0.35
[b2a][epoch 6/50] loss=1.5142  val_acc=0.6845  macroF1=0.2325  edit=23.33  segF1@50=0.13
[b2a][epoch 7/50] loss=1.4683  val_acc=0.6845  macroF1=0.2311  edit=31.04  segF1@50=0.26
[b2a][epoch 8/50] loss=1.3181  val_acc=0.6865  macroF1=0.2356  edit=29.42  segF1@50=0.24
[b2a][epoch 9/50] loss=1.2286  val_acc=0.7109  macroF1=0.3002  edit=43.67  segF1@50=0.24
[b2a][epoch 10/50] loss=1.1411  val_acc=0.8172  macroF1=0.4489  edit=31.55  segF1@50=0.26
[b2a][epoch 11/50] loss=1.0720  val_acc=0.8323  macroF1=0.4640  edit=34.33  segF1@50=0.29
[b2a][epoch 12/50] loss=0.9846  val_acc=0.8396  macroF1=0.4691  edit=33.31  segF1@50=0.34
[b2a][epoch 13/50] loss=0.9168  val_acc=0.8231  macroF1=0.4684  edit=39.89  segF1@50=0.30
[b2a][epoch 14/50] loss=0.8865  val_acc=0.9182  macroF1=0.6935  edit=37.75  segF1@50=0.40
[b2a][epoch 15/50] loss=0.8254  val_acc=0.8845  macroF1=0.6373  edit=35.68  segF1@50=0.32
[b2a][epoch 16/50] loss=0.8092  val_acc=0.9162  macroF1=0.7112  edit=40.92  segF1@50=0.45
[b2a][epoch 17/50] loss=0.7603  val_acc=0.9261  macroF1=0.7096  edit=42.67  segF1@50=0.50
[b2a][epoch 18/50] loss=0.7176  val_acc=0.8891  macroF1=0.6982  edit=33.83  segF1@50=0.34
[b2a][epoch 19/50] loss=0.7220  val_acc=0.9261  macroF1=0.7046  edit=50.99  segF1@50=0.58
[b2a][epoch 20/50] loss=0.6918  val_acc=0.9294  macroF1=0.7385  edit=46.19  segF1@50=0.46
[b2a][epoch 21/50] loss=0.6632  val_acc=0.9294  macroF1=0.7319  edit=41.60  segF1@50=0.42
[b2a][epoch 22/50] loss=0.6518  val_acc=0.9241  macroF1=0.6885  edit=40.24  segF1@50=0.46
[b2a][epoch 23/50] loss=0.6245  val_acc=0.9208  macroF1=0.7211  edit=39.26  segF1@50=0.41
[b2a][epoch 24/50] loss=0.6161  val_acc=0.9234  macroF1=0.6756  edit=40.00  segF1@50=0.49
[b2a][epoch 25/50] loss=0.5967  val_acc=0.9340  macroF1=0.7367  edit=46.41  segF1@50=0.51
[b2a][epoch 26/50] loss=0.5800  val_acc=0.9274  macroF1=0.7044  edit=53.57  segF1@50=0.62
[b2a][epoch 27/50] loss=0.5659  val_acc=0.9373  macroF1=0.7599  edit=47.04  segF1@50=0.52
[b2a][epoch 28/50] loss=0.5477  val_acc=0.9287  macroF1=0.7155  edit=50.83  segF1@50=0.56
[b2a][epoch 29/50] loss=0.5338  val_acc=0.9320  macroF1=0.7296  edit=45.91  segF1@50=0.48
[b2a][epoch 30/50] loss=0.5232  val_acc=0.9274  macroF1=0.7275  edit=44.99  segF1@50=0.49
[b2a][epoch 31/50] loss=0.5229  val_acc=0.9294  macroF1=0.7215  edit=45.91  segF1@50=0.48
[b2a][epoch 32/50] loss=0.5260  val_acc=0.9314  macroF1=0.7407  edit=39.25  segF1@50=0.42
[b2a][epoch 33/50] loss=0.5251  val_acc=0.9333  macroF1=0.7463  edit=49.26  segF1@50=0.51
[b2a][epoch 34/50] loss=0.4888  val_acc=0.9347  macroF1=0.7550  edit=46.77  segF1@50=0.51
[b2a][epoch 35/50] loss=0.4711  val_acc=0.9320  macroF1=0.7358  edit=42.07  segF1@50=0.46
[b2a][epoch 36/50] loss=0.4651  val_acc=0.9353  macroF1=0.7555  edit=42.75  segF1@50=0.48
[b2a][epoch 37/50] loss=0.4658  val_acc=0.9300  macroF1=0.7247  edit=43.33  segF1@50=0.47
[b2a][epoch 38/50] loss=0.4585  val_acc=0.9248  macroF1=0.7203  edit=42.03  segF1@50=0.43
[b2a][epoch 39/50] loss=0.4615  val_acc=0.9333  macroF1=0.7375  edit=45.59  segF1@50=0.49
[b2a][epoch 40/50] loss=0.4420  val_acc=0.9360  macroF1=0.7629  edit=43.07  segF1@50=0.46
[b2a][epoch 41/50] loss=0.4849  val_acc=0.9201  macroF1=0.6843  edit=39.11  segF1@50=0.38
[b2a][epoch 42/50] loss=0.5320  val_acc=0.9228  macroF1=0.6818  edit=36.75  segF1@50=0.42
[b2a][epoch 43/50] loss=0.4725  val_acc=0.9347  macroF1=0.7587  edit=46.32  segF1@50=0.50
[b2a][epoch 44/50] loss=0.4340  val_acc=0.9347  macroF1=0.7548  edit=46.51  segF1@50=0.52
[b2a][epoch 45/50] loss=0.4142  val_acc=0.9327  macroF1=0.7464  edit=39.38  segF1@50=0.44
[b2a][epoch 46/50] loss=0.4085  val_acc=0.9300  macroF1=0.7259  edit=44.30  segF1@50=0.50
[b2a][epoch 47/50] loss=0.3968  val_acc=0.9281  macroF1=0.7169  edit=39.29  segF1@50=0.45
[b2a][epoch 48/50] loss=0.3913  val_acc=0.9261  macroF1=0.7316  edit=39.16  segF1@50=0.44
[b2a][epoch 49/50] loss=0.3868  val_acc=0.9294  macroF1=0.7195  edit=45.59  segF1@50=0.50
[b2a][epoch 50/50] loss=0.3839  val_acc=0.9307  macroF1=0.7548  edit=41.01  segF1@50=0.44
[b2a] best @epoch 27: acc=0.9373 macroF1=0.7599
[b2a] evidence written -> /home/ubuntu/slocal2/m2/experiments/transfer/b2a_ro_oracle_bsnoise_p020_003_b2a_ro_oracle_bsnoise_p020_seed456
