[b2a] train clips=13  val clips=3  in_dim=2063  tool_source=pred  classes=9  device=cuda
[b2a] evidence dir: /home/ubuntu/slocal/m2/experiments/transfer/b2a_det2phase_toolpresence_012_b2a_det2phase_toolpresence_seed42
[b2a][epoch 1/50] loss=3.7546  val_acc=0.3624  macroF1=0.0766  edit=2.67  segF1@50=0.17
[b2a][epoch 2/50] loss=2.8716  val_acc=0.3003  macroF1=0.1037  edit=4.40  segF1@50=0.01
[b2a][epoch 3/50] loss=2.6937  val_acc=0.3670  macroF1=0.0768  edit=1.33  segF1@50=0.17
[b2a][epoch 4/50] loss=2.4601  val_acc=0.5340  macroF1=0.1842  edit=18.86  segF1@50=0.02
[b2a][epoch 5/50] loss=2.4696  val_acc=0.4462  macroF1=0.1335  edit=33.36  segF1@50=0.22
[b2a][epoch 6/50] loss=2.0733  val_acc=0.6495  macroF1=0.2225  edit=41.00  segF1@50=0.20
[b2a][epoch 7/50] loss=1.6515  val_acc=0.6040  macroF1=0.2085  edit=39.67  segF1@50=0.22
[b2a][epoch 8/50] loss=1.5248  val_acc=0.6119  macroF1=0.2107  edit=39.67  segF1@50=0.19
[b2a][epoch 9/50] loss=1.4207  val_acc=0.6502  macroF1=0.2216  edit=42.33  segF1@50=0.20
[b2a][epoch 10/50] loss=1.3315  val_acc=0.6218  macroF1=0.2775  edit=37.82  segF1@50=0.19
[b2a][epoch 11/50] loss=1.2384  val_acc=0.6851  macroF1=0.3378  edit=27.78  segF1@50=0.15
[b2a][epoch 12/50] loss=1.1664  val_acc=0.7861  macroF1=0.4527  edit=30.01  segF1@50=0.21
[b2a][epoch 13/50] loss=1.0570  val_acc=0.7584  macroF1=0.4233  edit=28.68  segF1@50=0.16
[b2a][epoch 14/50] loss=0.9562  val_acc=0.7749  macroF1=0.4289  edit=34.00  segF1@50=0.27
[b2a][epoch 15/50] loss=0.8808  val_acc=0.8528  macroF1=0.5977  edit=50.00  segF1@50=0.47
[b2a][epoch 16/50] loss=0.8120  val_acc=0.8238  macroF1=0.5029  edit=37.79  segF1@50=0.29
[b2a][epoch 17/50] loss=0.8950  val_acc=0.8502  macroF1=0.5964  edit=30.43  segF1@50=0.24
[b2a][epoch 18/50] loss=1.0334  val_acc=0.8700  macroF1=0.6569  edit=34.28  segF1@50=0.25
[b2a][epoch 19/50] loss=0.9061  val_acc=0.7908  macroF1=0.4212  edit=33.48  segF1@50=0.29
[b2a][epoch 20/50] loss=0.7900  val_acc=0.9122  macroF1=0.6917  edit=45.78  segF1@50=0.42
[b2a][epoch 21/50] loss=0.7065  val_acc=0.8528  macroF1=0.6377  edit=42.38  segF1@50=0.31
[b2a][epoch 22/50] loss=0.6508  val_acc=0.8746  macroF1=0.6850  edit=33.47  segF1@50=0.30
[b2a][epoch 23/50] loss=0.6119  val_acc=0.8898  macroF1=0.7162  edit=36.88  segF1@50=0.32
[b2a][epoch 24/50] loss=0.5688  val_acc=0.9142  macroF1=0.7294  edit=43.56  segF1@50=0.39
[b2a][epoch 25/50] loss=0.5447  val_acc=0.8950  macroF1=0.7227  edit=33.69  segF1@50=0.32
[b2a][epoch 26/50] loss=0.5304  val_acc=0.9102  macroF1=0.7302  edit=28.89  segF1@50=0.30
[b2a][epoch 27/50] loss=0.5599  val_acc=0.8568  macroF1=0.6871  edit=40.61  segF1@50=0.33
[b2a][epoch 28/50] loss=0.5279  val_acc=0.8574  macroF1=0.6792  edit=38.52  segF1@50=0.31
[b2a][epoch 29/50] loss=0.5333  val_acc=0.9043  macroF1=0.7171  edit=36.54  segF1@50=0.34
[b2a][epoch 30/50] loss=0.4794  val_acc=0.9168  macroF1=0.7620  edit=35.88  segF1@50=0.34
[b2a][epoch 31/50] loss=0.4857  val_acc=0.9122  macroF1=0.7166  edit=41.19  segF1@50=0.39
[b2a][epoch 32/50] loss=0.4884  val_acc=0.8845  macroF1=0.7225  edit=38.86  segF1@50=0.36
[b2a][epoch 33/50] loss=0.4264  val_acc=0.9188  macroF1=0.7664  edit=36.67  segF1@50=0.37
[b2a][epoch 34/50] loss=0.3977  val_acc=0.9195  macroF1=0.7677  edit=33.25  segF1@50=0.34
[b2a][epoch 35/50] loss=0.3783  val_acc=0.9274  macroF1=0.7762  edit=40.74  segF1@50=0.41
[b2a][epoch 36/50] loss=0.3658  val_acc=0.9287  macroF1=0.7853  edit=36.99  segF1@50=0.37
[b2a][epoch 37/50] loss=0.3675  val_acc=0.9069  macroF1=0.7404  edit=35.71  segF1@50=0.33
[b2a][epoch 38/50] loss=0.4043  val_acc=0.8046  macroF1=0.6252  edit=29.74  segF1@50=0.28
[b2a][epoch 39/50] loss=0.4488  val_acc=0.9096  macroF1=0.7465  edit=37.04  segF1@50=0.35
[b2a][epoch 40/50] loss=0.3729  val_acc=0.9201  macroF1=0.7846  edit=38.03  segF1@50=0.39
[b2a][epoch 41/50] loss=0.3518  val_acc=0.9188  macroF1=0.7684  edit=36.94  segF1@50=0.39
[b2a][epoch 42/50] loss=0.3985  val_acc=0.9109  macroF1=0.7705  edit=28.03  segF1@50=0.31
[b2a][epoch 43/50] loss=0.3773  val_acc=0.9142  macroF1=0.6909  edit=42.00  segF1@50=0.42
[b2a][epoch 44/50] loss=0.3659  val_acc=0.9307  macroF1=0.7928  edit=32.12  segF1@50=0.36
[b2a][epoch 45/50] loss=0.3504  val_acc=0.9129  macroF1=0.7773  edit=28.28  segF1@50=0.31
[b2a][epoch 46/50] loss=0.3344  val_acc=0.9373  macroF1=0.7945  edit=43.10  segF1@50=0.44
[b2a][epoch 47/50] loss=0.3106  val_acc=0.9347  macroF1=0.7979  edit=38.03  segF1@50=0.40
[b2a][epoch 48/50] loss=0.3000  val_acc=0.9267  macroF1=0.7930  edit=37.70  segF1@50=0.41
[b2a][epoch 49/50] loss=0.2915  val_acc=0.9380  macroF1=0.7914  edit=44.21  segF1@50=0.43
[b2a][epoch 50/50] loss=0.2831  val_acc=0.9393  macroF1=0.8060  edit=38.36  segF1@50=0.39
[b2a] best @epoch 50: acc=0.9393 macroF1=0.8060
[b2a] evidence written -> /home/ubuntu/slocal/m2/experiments/transfer/b2a_det2phase_toolpresence_012_b2a_det2phase_toolpresence_seed42
