[b2a] train clips=13  val clips=3  in_dim=2063  tool_source=pred  classes=9  device=cuda
[b2a] evidence dir: /home/ubuntu/slocal2/m2/experiments/transfer/b2a_regiononly_mask_03_002_b2a_regiononly_mask_03_seed123
[b2a][epoch 1/50] loss=3.6227  val_acc=0.4376  macroF1=0.1395  edit=2.67  segF1@50=0.00
[b2a][epoch 2/50] loss=2.8735  val_acc=0.3624  macroF1=0.0772  edit=2.67  segF1@50=0.17
[b2a][epoch 3/50] loss=2.5353  val_acc=0.3340  macroF1=0.0715  edit=9.67  segF1@50=0.00
[b2a][epoch 4/50] loss=2.1940  val_acc=0.6211  macroF1=0.2089  edit=6.85  segF1@50=0.19
[b2a][epoch 5/50] loss=1.8190  val_acc=0.6706  macroF1=0.2286  edit=16.33  segF1@50=0.21
[b2a][epoch 6/50] loss=1.4799  val_acc=0.6759  macroF1=0.2303  edit=33.00  segF1@50=0.24
[b2a][epoch 7/50] loss=1.3238  val_acc=0.6785  macroF1=0.2314  edit=33.00  segF1@50=0.24
[b2a][epoch 8/50] loss=1.1945  val_acc=0.7703  macroF1=0.3565  edit=31.47  segF1@50=0.23
[b2a][epoch 9/50] loss=1.0738  val_acc=0.7828  macroF1=0.3615  edit=33.78  segF1@50=0.28
[b2a][epoch 10/50] loss=0.9700  val_acc=0.8251  macroF1=0.4937  edit=36.78  segF1@50=0.27
[b2a][epoch 11/50] loss=0.8834  val_acc=0.8713  macroF1=0.5878  edit=40.03  segF1@50=0.35
[b2a][epoch 12/50] loss=0.8263  val_acc=0.9168  macroF1=0.6786  edit=32.19  segF1@50=0.37
[b2a][epoch 13/50] loss=0.7569  val_acc=0.9221  macroF1=0.7039  edit=38.39  segF1@50=0.40
[b2a][epoch 14/50] loss=0.6993  val_acc=0.9234  macroF1=0.7308  edit=40.29  segF1@50=0.39
[b2a][epoch 15/50] loss=0.6585  val_acc=0.9307  macroF1=0.7578  edit=43.53  segF1@50=0.46
[b2a][epoch 16/50] loss=0.6298  val_acc=0.9234  macroF1=0.7301  edit=49.52  segF1@50=0.50
[b2a][epoch 17/50] loss=0.5905  val_acc=0.9373  macroF1=0.7640  edit=47.29  segF1@50=0.52
[b2a][epoch 18/50] loss=0.5603  val_acc=0.9274  macroF1=0.7464  edit=47.55  segF1@50=0.50
[b2a][epoch 19/50] loss=0.5495  val_acc=0.9386  macroF1=0.7713  edit=41.90  segF1@50=0.49
[b2a][epoch 20/50] loss=0.5225  val_acc=0.9294  macroF1=0.7527  edit=51.01  segF1@50=0.53
[b2a][epoch 21/50] loss=0.5225  val_acc=0.9406  macroF1=0.7816  edit=38.12  segF1@50=0.41
[b2a][epoch 22/50] loss=0.5544  val_acc=0.9281  macroF1=0.7466  edit=51.01  segF1@50=0.56
[b2a][epoch 23/50] loss=0.5669  val_acc=0.9465  macroF1=0.8035  edit=44.59  segF1@50=0.48
[b2a][epoch 24/50] loss=0.4991  val_acc=0.9406  macroF1=0.7781  edit=43.51  segF1@50=0.50
[b2a][epoch 25/50] loss=0.4834  val_acc=0.9419  macroF1=0.7996  edit=40.74  segF1@50=0.44
[b2a][epoch 26/50] loss=0.4604  val_acc=0.9413  macroF1=0.7868  edit=42.52  segF1@50=0.48
[b2a][epoch 27/50] loss=0.4395  val_acc=0.9399  macroF1=0.7812  edit=39.89  segF1@50=0.42
[b2a][epoch 28/50] loss=0.4358  val_acc=0.9426  macroF1=0.7887  edit=42.52  segF1@50=0.48
[b2a][epoch 29/50] loss=0.4328  val_acc=0.9340  macroF1=0.7716  edit=40.45  segF1@50=0.41
[b2a][epoch 30/50] loss=0.4488  val_acc=0.9446  macroF1=0.7874  edit=41.59  segF1@50=0.47
[b2a][epoch 31/50] loss=0.4307  val_acc=0.9432  macroF1=0.7849  edit=42.29  segF1@50=0.48
[b2a][epoch 32/50] loss=0.4198  val_acc=0.9406  macroF1=0.7804  edit=47.97  segF1@50=0.52
[b2a][epoch 33/50] loss=0.4248  val_acc=0.9472  macroF1=0.8038  edit=41.75  segF1@50=0.46
[b2a][epoch 34/50] loss=0.4269  val_acc=0.9366  macroF1=0.7694  edit=41.04  segF1@50=0.43
[b2a][epoch 35/50] loss=0.4165  val_acc=0.9446  macroF1=0.8037  edit=40.33  segF1@50=0.42
[b2a][epoch 36/50] loss=0.3960  val_acc=0.9413  macroF1=0.7856  edit=37.52  segF1@50=0.40
[b2a][epoch 37/50] loss=0.3862  val_acc=0.9465  macroF1=0.7976  edit=37.02  segF1@50=0.44
[b2a][epoch 38/50] loss=0.3792  val_acc=0.9446  macroF1=0.7883  edit=42.86  segF1@50=0.49
[b2a][epoch 39/50] loss=0.3675  val_acc=0.9472  macroF1=0.7998  edit=35.13  segF1@50=0.39
[b2a][epoch 40/50] loss=0.3736  val_acc=0.9393  macroF1=0.7775  edit=37.88  segF1@50=0.40
[b2a][epoch 41/50] loss=0.3976  val_acc=0.9432  macroF1=0.7940  edit=34.70  segF1@50=0.39
[b2a][epoch 42/50] loss=0.3698  val_acc=0.9373  macroF1=0.7799  edit=35.83  segF1@50=0.41
[b2a][epoch 43/50] loss=0.3585  val_acc=0.9465  macroF1=0.8000  edit=40.28  segF1@50=0.43
[b2a][epoch 44/50] loss=0.3462  val_acc=0.9386  macroF1=0.7824  edit=34.15  segF1@50=0.37
[b2a][epoch 45/50] loss=0.3361  val_acc=0.9446  macroF1=0.7937  edit=34.39  segF1@50=0.38
[b2a][epoch 46/50] loss=0.3341  val_acc=0.9432  macroF1=0.7909  edit=40.00  segF1@50=0.42
[b2a][epoch 47/50] loss=0.3327  val_acc=0.9492  macroF1=0.8042  edit=34.05  segF1@50=0.38
[b2a][epoch 48/50] loss=0.3295  val_acc=0.9419  macroF1=0.7854  edit=41.38  segF1@50=0.44
[b2a][epoch 49/50] loss=0.3382  val_acc=0.9472  macroF1=0.8052  edit=37.29  segF1@50=0.41
[b2a][epoch 50/50] loss=0.3337  val_acc=0.9393  macroF1=0.7783  edit=38.83  segF1@50=0.42
[b2a] best @epoch 47: acc=0.9492 macroF1=0.8042
[b2a] evidence written -> /home/ubuntu/slocal2/m2/experiments/transfer/b2a_regiononly_mask_03_002_b2a_regiononly_mask_03_seed123
