[b2a] train clips=13  val clips=3  in_dim=2063  tool_source=pred  classes=9  device=cuda
[b2a] evidence dir: /home/ubuntu/slocal2/m2/experiments/transfer/b2a_regiononly_mask_02_003_b2a_regiononly_mask_02_seed456
[b2a][epoch 1/50] loss=3.4780  val_acc=0.3677  macroF1=0.0768  edit=18.00  segF1@50=0.22
[b2a][epoch 2/50] loss=2.7108  val_acc=0.6706  macroF1=0.2287  edit=38.33  segF1@50=0.22
[b2a][epoch 3/50] loss=2.1130  val_acc=0.6700  macroF1=0.2275  edit=37.00  segF1@50=0.24
[b2a][epoch 4/50] loss=1.7964  val_acc=0.6554  macroF1=0.2239  edit=35.67  segF1@50=0.26
[b2a][epoch 5/50] loss=1.6162  val_acc=0.6785  macroF1=0.2279  edit=25.71  segF1@50=0.26
[b2a][epoch 6/50] loss=1.4518  val_acc=0.6772  macroF1=0.2306  edit=27.22  segF1@50=0.12
[b2a][epoch 7/50] loss=1.3699  val_acc=0.6792  macroF1=0.2302  edit=34.33  segF1@50=0.28
[b2a][epoch 8/50] loss=1.2058  val_acc=0.6838  macroF1=0.2336  edit=35.19  segF1@50=0.16
[b2a][epoch 9/50] loss=1.1079  val_acc=0.7901  macroF1=0.3831  edit=34.14  segF1@50=0.24
[b2a][epoch 10/50] loss=0.9921  val_acc=0.8172  macroF1=0.4427  edit=33.44  segF1@50=0.28
[b2a][epoch 11/50] loss=0.9108  val_acc=0.8521  macroF1=0.4992  edit=41.69  segF1@50=0.44
[b2a][epoch 12/50] loss=0.8274  val_acc=0.8568  macroF1=0.5140  edit=35.51  segF1@50=0.36
[b2a][epoch 13/50] loss=0.7586  val_acc=0.8488  macroF1=0.4925  edit=29.04  segF1@50=0.24
[b2a][epoch 14/50] loss=0.7232  val_acc=0.9155  macroF1=0.7081  edit=39.36  segF1@50=0.40
[b2a][epoch 15/50] loss=0.6724  val_acc=0.8957  macroF1=0.6639  edit=44.97  segF1@50=0.48
[b2a][epoch 16/50] loss=0.6613  val_acc=0.9228  macroF1=0.7525  edit=44.14  segF1@50=0.46
[b2a][epoch 17/50] loss=0.6345  val_acc=0.9267  macroF1=0.7510  edit=49.72  segF1@50=0.57
[b2a][epoch 18/50] loss=0.6032  val_acc=0.9340  macroF1=0.7618  edit=38.77  segF1@50=0.47
[b2a][epoch 19/50] loss=0.5762  val_acc=0.9307  macroF1=0.7552  edit=53.70  segF1@50=0.61
[b2a][epoch 20/50] loss=0.5626  val_acc=0.9314  macroF1=0.7692  edit=39.05  segF1@50=0.45
[b2a][epoch 21/50] loss=0.5419  val_acc=0.9267  macroF1=0.7458  edit=35.24  segF1@50=0.36
[b2a][epoch 22/50] loss=0.5809  val_acc=0.9327  macroF1=0.7610  edit=38.81  segF1@50=0.42
[b2a][epoch 23/50] loss=0.5514  val_acc=0.9300  macroF1=0.7556  edit=52.12  segF1@50=0.58
[b2a][epoch 24/50] loss=0.5262  val_acc=0.9327  macroF1=0.7648  edit=38.15  segF1@50=0.41
[b2a][epoch 25/50] loss=0.5083  val_acc=0.9320  macroF1=0.7643  edit=38.10  segF1@50=0.43
[b2a][epoch 26/50] loss=0.4899  val_acc=0.9327  macroF1=0.7668  edit=38.10  segF1@50=0.43
[b2a][epoch 27/50] loss=0.4707  val_acc=0.9360  macroF1=0.7735  edit=39.15  segF1@50=0.45
[b2a][epoch 28/50] loss=0.4549  val_acc=0.9327  macroF1=0.7660  edit=48.03  segF1@50=0.50
[b2a][epoch 29/50] loss=0.4498  val_acc=0.9386  macroF1=0.7757  edit=39.51  segF1@50=0.44
[b2a][epoch 30/50] loss=0.4421  val_acc=0.9366  macroF1=0.7730  edit=41.93  segF1@50=0.48
[b2a][epoch 31/50] loss=0.4263  val_acc=0.9366  macroF1=0.7739  edit=39.71  segF1@50=0.45
[b2a][epoch 32/50] loss=0.4163  val_acc=0.9347  macroF1=0.7673  edit=38.83  segF1@50=0.44
[b2a][epoch 33/50] loss=0.4173  val_acc=0.9393  macroF1=0.7829  edit=37.62  segF1@50=0.44
[b2a][epoch 34/50] loss=0.4069  val_acc=0.9386  macroF1=0.7786  edit=42.52  segF1@50=0.48
[b2a][epoch 35/50] loss=0.3987  val_acc=0.9399  macroF1=0.7799  edit=40.30  segF1@50=0.46
[b2a][epoch 36/50] loss=0.3908  val_acc=0.9419  macroF1=0.7840  edit=40.30  segF1@50=0.47
[b2a][epoch 37/50] loss=0.3885  val_acc=0.9366  macroF1=0.7692  edit=39.15  segF1@50=0.45
[b2a][epoch 38/50] loss=0.4206  val_acc=0.9432  macroF1=0.7908  edit=40.00  segF1@50=0.42
[b2a][epoch 39/50] loss=0.4044  val_acc=0.9327  macroF1=0.7726  edit=35.08  segF1@50=0.36
[b2a][epoch 40/50] loss=0.3879  val_acc=0.9366  macroF1=0.7732  edit=37.52  segF1@50=0.40
[b2a][epoch 41/50] loss=0.3821  val_acc=0.9360  macroF1=0.7695  edit=38.71  segF1@50=0.44
[b2a][epoch 42/50] loss=0.4742  val_acc=0.9063  macroF1=0.7548  edit=32.85  segF1@50=0.36
[b2a][epoch 43/50] loss=0.4154  val_acc=0.9267  macroF1=0.7236  edit=33.85  segF1@50=0.36
[b2a][epoch 44/50] loss=0.3804  val_acc=0.9366  macroF1=0.7637  edit=41.19  segF1@50=0.45
[b2a][epoch 45/50] loss=0.3624  val_acc=0.9333  macroF1=0.7701  edit=38.71  segF1@50=0.44
[b2a][epoch 46/50] loss=0.3540  val_acc=0.9446  macroF1=0.7919  edit=40.30  segF1@50=0.47
[b2a][epoch 47/50] loss=0.3438  val_acc=0.9393  macroF1=0.7782  edit=36.60  segF1@50=0.42
[b2a][epoch 48/50] loss=0.3394  val_acc=0.9419  macroF1=0.7897  edit=34.70  segF1@50=0.38
[b2a][epoch 49/50] loss=0.3367  val_acc=0.9399  macroF1=0.7778  edit=39.15  segF1@50=0.46
[b2a][epoch 50/50] loss=0.3257  val_acc=0.9426  macroF1=0.7996  edit=34.17  segF1@50=0.36
[b2a] best @epoch 46: acc=0.9446 macroF1=0.7919
[b2a] evidence written -> /home/ubuntu/slocal2/m2/experiments/transfer/b2a_regiononly_mask_02_003_b2a_regiononly_mask_02_seed456
