[b2a] train clips=13  val clips=3  in_dim=2063  tool_source=oracle  classes=9  device=cuda
[b2a] evidence dir: /home/ubuntu/slocal/m2/experiments/transfer/b2a_det2phase_oracletool_007_b2a_det2phase_oracletool_seed123
[b2a][epoch 1/50] loss=3.5604  val_acc=0.3677  macroF1=0.0768  edit=18.00  segF1@50=0.22
[b2a][epoch 2/50] loss=3.0375  val_acc=0.3677  macroF1=0.0768  edit=18.00  segF1@50=0.22
[b2a][epoch 3/50] loss=2.7337  val_acc=0.3340  macroF1=0.0715  edit=9.67  segF1@50=0.00
[b2a][epoch 4/50] loss=2.5742  val_acc=0.4759  macroF1=0.1469  edit=20.67  segF1@50=0.22
[b2a][epoch 5/50] loss=2.3649  val_acc=0.6548  macroF1=0.2194  edit=34.33  segF1@50=0.22
[b2a][epoch 6/50] loss=1.9434  val_acc=0.6752  macroF1=0.2297  edit=34.33  segF1@50=0.24
[b2a][epoch 7/50] loss=1.9483  val_acc=0.4970  macroF1=0.1691  edit=26.33  segF1@50=0.02
[b2a][epoch 8/50] loss=2.0318  val_acc=0.6680  macroF1=0.2240  edit=38.33  segF1@50=0.22
[b2a][epoch 9/50] loss=1.6053  val_acc=0.6680  macroF1=0.2290  edit=41.00  segF1@50=0.22
[b2a][epoch 10/50] loss=1.4116  val_acc=0.6739  macroF1=0.2301  edit=27.33  segF1@50=0.15
[b2a][epoch 11/50] loss=1.2872  val_acc=0.7122  macroF1=0.3326  edit=26.81  segF1@50=0.17
[b2a][epoch 12/50] loss=1.1942  val_acc=0.7690  macroF1=0.4019  edit=29.18  segF1@50=0.23
[b2a][epoch 13/50] loss=1.0784  val_acc=0.7835  macroF1=0.4100  edit=53.44  segF1@50=0.42
[b2a][epoch 14/50] loss=0.9989  val_acc=0.7967  macroF1=0.4240  edit=59.00  segF1@50=0.35
[b2a][epoch 15/50] loss=0.9460  val_acc=0.8218  macroF1=0.4646  edit=55.33  segF1@50=0.48
[b2a][epoch 16/50] loss=0.8618  val_acc=0.8284  macroF1=0.4771  edit=28.33  segF1@50=0.31
[b2a][epoch 17/50] loss=0.8362  val_acc=0.8469  macroF1=0.5526  edit=41.13  segF1@50=0.35
[b2a][epoch 18/50] loss=0.7429  val_acc=0.8673  macroF1=0.5817  edit=33.51  segF1@50=0.34
[b2a][epoch 19/50] loss=0.6958  val_acc=0.9076  macroF1=0.6856  edit=61.11  segF1@50=0.58
[b2a][epoch 20/50] loss=0.6647  val_acc=0.9221  macroF1=0.7209  edit=51.11  segF1@50=0.56
[b2a][epoch 21/50] loss=0.6268  val_acc=0.8766  macroF1=0.6618  edit=30.92  segF1@50=0.28
[b2a][epoch 22/50] loss=0.7633  val_acc=0.9241  macroF1=0.7398  edit=39.85  segF1@50=0.40
[b2a][epoch 23/50] loss=0.5958  val_acc=0.9175  macroF1=0.7293  edit=38.29  segF1@50=0.35
[b2a][epoch 24/50] loss=0.5858  val_acc=0.9030  macroF1=0.6932  edit=40.06  segF1@50=0.37
[b2a][epoch 25/50] loss=0.5933  val_acc=0.9505  macroF1=0.8108  edit=61.54  segF1@50=0.67
[b2a][epoch 26/50] loss=0.5369  val_acc=0.9314  macroF1=0.7563  edit=53.07  segF1@50=0.55
[b2a][epoch 27/50] loss=0.5044  val_acc=0.9089  macroF1=0.7176  edit=34.54  segF1@50=0.36
[b2a][epoch 28/50] loss=0.4801  val_acc=0.9452  macroF1=0.8039  edit=46.68  segF1@50=0.49
[b2a][epoch 29/50] loss=0.4557  val_acc=0.9413  macroF1=0.7868  edit=47.07  segF1@50=0.48
[b2a][epoch 30/50] loss=0.4318  val_acc=0.9505  macroF1=0.8088  edit=55.16  segF1@50=0.56
[b2a][epoch 31/50] loss=0.4191  val_acc=0.9459  macroF1=0.8085  edit=47.30  segF1@50=0.51
[b2a][epoch 32/50] loss=0.4072  val_acc=0.9452  macroF1=0.7944  edit=48.69  segF1@50=0.49
[b2a][epoch 33/50] loss=0.4049  val_acc=0.9479  macroF1=0.8068  edit=47.78  segF1@50=0.51
[b2a][epoch 34/50] loss=0.5247  val_acc=0.9287  macroF1=0.6995  edit=42.72  segF1@50=0.44
[b2a][epoch 35/50] loss=0.4774  val_acc=0.9399  macroF1=0.8049  edit=40.15  segF1@50=0.43
[b2a][epoch 36/50] loss=0.4389  val_acc=0.9446  macroF1=0.8046  edit=47.98  segF1@50=0.47
[b2a][epoch 37/50] loss=0.4005  val_acc=0.9558  macroF1=0.8192  edit=52.84  segF1@50=0.61
[b2a][epoch 38/50] loss=0.3763  val_acc=0.9406  macroF1=0.7907  edit=47.26  segF1@50=0.48
[b2a][epoch 39/50] loss=0.3709  val_acc=0.9578  macroF1=0.8224  edit=54.22  segF1@50=0.60
[b2a][epoch 40/50] loss=0.3879  val_acc=0.9267  macroF1=0.7383  edit=37.17  segF1@50=0.41
[b2a][epoch 41/50] loss=0.4260  val_acc=0.8937  macroF1=0.7499  edit=46.03  segF1@50=0.46
[b2a][epoch 42/50] loss=0.4032  val_acc=0.9472  macroF1=0.7943  edit=43.18  segF1@50=0.51
[b2a][epoch 43/50] loss=0.3727  val_acc=0.9479  macroF1=0.8122  edit=46.51  segF1@50=0.51
[b2a][epoch 44/50] loss=0.3408  val_acc=0.9479  macroF1=0.8130  edit=41.48  segF1@50=0.43
[b2a][epoch 45/50] loss=0.3251  val_acc=0.9571  macroF1=0.8248  edit=58.44  segF1@50=0.59
[b2a][epoch 46/50] loss=0.3149  val_acc=0.9538  macroF1=0.8222  edit=49.29  segF1@50=0.52
[b2a][epoch 47/50] loss=0.3065  val_acc=0.9591  macroF1=0.8261  edit=55.11  segF1@50=0.57
[b2a][epoch 48/50] loss=0.2947  val_acc=0.9558  macroF1=0.8219  edit=52.89  segF1@50=0.55
[b2a][epoch 49/50] loss=0.2867  val_acc=0.9591  macroF1=0.8261  edit=55.11  segF1@50=0.57
[b2a][epoch 50/50] loss=0.2809  val_acc=0.9551  macroF1=0.8224  edit=52.65  segF1@50=0.56
[b2a] best @epoch 47: acc=0.9591 macroF1=0.8261
[b2a] evidence written -> /home/ubuntu/slocal/m2/experiments/transfer/b2a_det2phase_oracletool_007_b2a_det2phase_oracletool_seed123
