[b2a] train clips=13  val clips=3  in_dim=2063  tool_source=oracle  classes=9  device=cuda
[b2a] evidence dir: /home/ubuntu/slocal2/m2/experiments/transfer/b2a_base_oracle_top3noise_p030_001_b2a_base_oracle_top3noise_p030_seed42
[b2a][epoch 1/50] loss=3.7510  val_acc=0.3624  macroF1=0.0766  edit=2.67  segF1@50=0.17
[b2a][epoch 2/50] loss=2.8813  val_acc=0.2607  macroF1=0.0869  edit=4.82  segF1@50=0.00
[b2a][epoch 3/50] loss=2.7088  val_acc=0.3677  macroF1=0.0768  edit=18.00  segF1@50=0.22
[b2a][epoch 4/50] loss=2.4906  val_acc=0.5848  macroF1=0.2030  edit=20.83  segF1@50=0.04
[b2a][epoch 5/50] loss=2.5122  val_acc=0.4119  macroF1=0.1127  edit=33.90  segF1@50=0.22
[b2a][epoch 6/50] loss=2.1591  val_acc=0.6752  macroF1=0.2288  edit=30.46  segF1@50=0.12
[b2a][epoch 7/50] loss=1.7368  val_acc=0.5762  macroF1=0.1994  edit=38.33  segF1@50=0.19
[b2a][epoch 8/50] loss=1.5957  val_acc=0.5446  macroF1=0.1881  edit=31.33  segF1@50=0.12
[b2a][epoch 9/50] loss=1.5231  val_acc=0.6066  macroF1=0.2100  edit=39.67  segF1@50=0.19
[b2a][epoch 10/50] loss=1.4575  val_acc=0.6917  macroF1=0.3045  edit=46.46  segF1@50=0.20
[b2a][epoch 11/50] loss=1.4049  val_acc=0.6891  macroF1=0.2931  edit=39.68  segF1@50=0.25
[b2a][epoch 12/50] loss=1.2810  val_acc=0.6515  macroF1=0.2832  edit=45.33  segF1@50=0.14
[b2a][epoch 13/50] loss=1.1997  val_acc=0.7294  macroF1=0.4309  edit=27.35  segF1@50=0.15
[b2a][epoch 14/50] loss=1.1083  val_acc=0.7485  macroF1=0.4004  edit=34.69  segF1@50=0.23
[b2a][epoch 15/50] loss=1.0393  val_acc=0.8152  macroF1=0.5347  edit=35.11  segF1@50=0.28
[b2a][epoch 16/50] loss=0.9619  val_acc=0.8297  macroF1=0.5848  edit=31.35  segF1@50=0.21
[b2a][epoch 17/50] loss=0.8896  val_acc=0.8766  macroF1=0.6385  edit=41.79  segF1@50=0.34
[b2a][epoch 18/50] loss=0.8137  val_acc=0.8898  macroF1=0.6462  edit=32.74  segF1@50=0.31
[b2a][epoch 19/50] loss=0.8242  val_acc=0.7307  macroF1=0.6098  edit=23.87  segF1@50=0.12
[b2a][epoch 20/50] loss=0.9027  val_acc=0.8429  macroF1=0.6208  edit=28.86  segF1@50=0.17
[b2a][epoch 21/50] loss=0.8254  val_acc=0.8429  macroF1=0.5953  edit=37.94  segF1@50=0.30
[b2a][epoch 22/50] loss=0.7159  val_acc=0.8059  macroF1=0.5307  edit=32.08  segF1@50=0.28
[b2a][epoch 23/50] loss=0.6729  val_acc=0.8620  macroF1=0.6141  edit=36.61  segF1@50=0.32
[b2a][epoch 24/50] loss=0.6115  val_acc=0.8693  macroF1=0.6697  edit=40.48  segF1@50=0.36
[b2a][epoch 25/50] loss=0.5756  val_acc=0.8515  macroF1=0.6366  edit=31.36  segF1@50=0.30
[b2a][epoch 26/50] loss=0.6564  val_acc=0.8554  macroF1=0.6116  edit=35.95  segF1@50=0.32
[b2a][epoch 27/50] loss=0.7363  val_acc=0.8125  macroF1=0.5771  edit=41.23  segF1@50=0.36
[b2a][epoch 28/50] loss=0.6088  val_acc=0.8541  macroF1=0.6462  edit=22.78  segF1@50=0.14
[b2a][epoch 29/50] loss=0.5538  val_acc=0.8904  macroF1=0.6687  edit=37.25  segF1@50=0.41
[b2a][epoch 30/50] loss=0.5250  val_acc=0.8733  macroF1=0.6487  edit=31.26  segF1@50=0.32
[b2a][epoch 31/50] loss=0.4689  val_acc=0.8838  macroF1=0.6640  edit=40.90  segF1@50=0.45
[b2a][epoch 32/50] loss=0.4544  val_acc=0.8865  macroF1=0.6937  edit=35.65  segF1@50=0.35
[b2a][epoch 33/50] loss=0.4319  val_acc=0.9116  macroF1=0.7296  edit=37.94  segF1@50=0.37
[b2a][epoch 34/50] loss=0.4224  val_acc=0.9109  macroF1=0.7253  edit=37.94  segF1@50=0.37
[b2a][epoch 35/50] loss=0.4177  val_acc=0.8594  macroF1=0.6686  edit=32.57  segF1@50=0.32
[b2a][epoch 36/50] loss=0.4030  val_acc=0.8878  macroF1=0.7041  edit=35.68  segF1@50=0.35
[b2a][epoch 37/50] loss=0.4100  val_acc=0.8898  macroF1=0.7376  edit=34.02  segF1@50=0.36
[b2a][epoch 38/50] loss=0.4907  val_acc=0.9089  macroF1=0.6678  edit=32.65  segF1@50=0.36
[b2a][epoch 39/50] loss=0.4603  val_acc=0.8502  macroF1=0.6628  edit=37.18  segF1@50=0.36
[b2a][epoch 40/50] loss=0.3978  val_acc=0.9129  macroF1=0.7265  edit=35.37  segF1@50=0.36
[b2a][epoch 41/50] loss=0.3742  val_acc=0.9201  macroF1=0.7634  edit=38.53  segF1@50=0.41
[b2a][epoch 42/50] loss=0.3982  val_acc=0.8871  macroF1=0.6661  edit=36.44  segF1@50=0.33
[b2a][epoch 43/50] loss=0.3944  val_acc=0.8983  macroF1=0.7468  edit=38.56  segF1@50=0.41
[b2a][epoch 44/50] loss=0.3527  val_acc=0.9017  macroF1=0.7048  edit=37.46  segF1@50=0.37
[b2a][epoch 45/50] loss=0.3438  val_acc=0.8845  macroF1=0.7269  edit=38.78  segF1@50=0.41
[b2a][epoch 46/50] loss=0.3281  val_acc=0.8997  macroF1=0.7359  edit=38.41  segF1@50=0.40
[b2a][epoch 47/50] loss=0.3176  val_acc=0.9241  macroF1=0.7707  edit=39.62  segF1@50=0.43
[b2a][epoch 48/50] loss=0.3225  val_acc=0.9089  macroF1=0.7224  edit=37.92  segF1@50=0.37
[b2a][epoch 49/50] loss=0.3123  val_acc=0.9215  macroF1=0.7735  edit=37.25  segF1@50=0.40
[b2a][epoch 50/50] loss=0.3090  val_acc=0.9096  macroF1=0.7143  edit=38.73  segF1@50=0.38
[b2a] best @epoch 47: acc=0.9241 macroF1=0.7707
[b2a] evidence written -> /home/ubuntu/slocal2/m2/experiments/transfer/b2a_base_oracle_top3noise_p030_001_b2a_base_oracle_top3noise_p030_seed42
