[b2a] train clips=13  val clips=3  in_dim=2063  tool_source=oracle  classes=9  device=cuda
[b2a] evidence dir: /home/ubuntu/slocal2/m2/experiments/transfer/b2a_ro_oracle_top3noise_p020_001_b2a_ro_oracle_top3noise_p020_seed42
[b2a][epoch 1/50] loss=3.5307  val_acc=0.3399  macroF1=0.0761  edit=21.78  segF1@50=0.00
[b2a][epoch 2/50] loss=2.7259  val_acc=0.3551  macroF1=0.0870  edit=24.44  segF1@50=0.00
[b2a][epoch 3/50] loss=2.4092  val_acc=0.6759  macroF1=0.2266  edit=26.05  segF1@50=0.24
[b2a][epoch 4/50] loss=2.0999  val_acc=0.6759  macroF1=0.2292  edit=38.33  segF1@50=0.22
[b2a][epoch 5/50] loss=1.8355  val_acc=0.6772  macroF1=0.2328  edit=36.89  segF1@50=0.29
[b2a][epoch 6/50] loss=1.6708  val_acc=0.6818  macroF1=0.2304  edit=34.33  segF1@50=0.26
[b2a][epoch 7/50] loss=1.5095  val_acc=0.6838  macroF1=0.2316  edit=38.22  segF1@50=0.30
[b2a][epoch 8/50] loss=1.4104  val_acc=0.6851  macroF1=0.2301  edit=32.47  segF1@50=0.25
[b2a][epoch 9/50] loss=1.3390  val_acc=0.7149  macroF1=0.2867  edit=34.70  segF1@50=0.26
[b2a][epoch 10/50] loss=1.2848  val_acc=0.8059  macroF1=0.4267  edit=34.29  segF1@50=0.34
[b2a][epoch 11/50] loss=1.2255  val_acc=0.7802  macroF1=0.4382  edit=34.31  segF1@50=0.30
[b2a][epoch 12/50] loss=1.1961  val_acc=0.8356  macroF1=0.4884  edit=36.55  segF1@50=0.36
[b2a][epoch 13/50] loss=1.0959  val_acc=0.8396  macroF1=0.4840  edit=37.70  segF1@50=0.40
[b2a][epoch 14/50] loss=1.0265  val_acc=0.8403  macroF1=0.4973  edit=39.61  segF1@50=0.35
[b2a][epoch 15/50] loss=0.9530  val_acc=0.8891  macroF1=0.6355  edit=42.93  segF1@50=0.38
[b2a][epoch 16/50] loss=0.9052  val_acc=0.9102  macroF1=0.6826  edit=41.15  segF1@50=0.42
[b2a][epoch 17/50] loss=0.8878  val_acc=0.9109  macroF1=0.6846  edit=41.90  segF1@50=0.44
[b2a][epoch 18/50] loss=0.8405  val_acc=0.9155  macroF1=0.6743  edit=42.86  segF1@50=0.51
[b2a][epoch 19/50] loss=0.8052  val_acc=0.9149  macroF1=0.6963  edit=26.91  segF1@50=0.44
[b2a][epoch 20/50] loss=0.7629  val_acc=0.9201  macroF1=0.6906  edit=29.13  segF1@50=0.47
[b2a][epoch 21/50] loss=0.7414  val_acc=0.9182  macroF1=0.6862  edit=45.83  segF1@50=0.50
[b2a][epoch 22/50] loss=0.7168  val_acc=0.9162  macroF1=0.7243  edit=30.20  segF1@50=0.52
[b2a][epoch 23/50] loss=0.7108  val_acc=0.9135  macroF1=0.6925  edit=47.33  segF1@50=0.47
[b2a][epoch 24/50] loss=0.6915  val_acc=0.9208  macroF1=0.6934  edit=59.13  segF1@50=0.64
[b2a][epoch 25/50] loss=0.6667  val_acc=0.9261  macroF1=0.7327  edit=46.58  segF1@50=0.53
[b2a][epoch 26/50] loss=0.6397  val_acc=0.9195  macroF1=0.7240  edit=42.89  segF1@50=0.52
[b2a][epoch 27/50] loss=0.6832  val_acc=0.9195  macroF1=0.7047  edit=42.17  segF1@50=0.51
[b2a][epoch 28/50] loss=0.6547  val_acc=0.9149  macroF1=0.7333  edit=42.71  segF1@50=0.36
[b2a][epoch 29/50] loss=0.6658  val_acc=0.9129  macroF1=0.6811  edit=44.79  segF1@50=0.55
[b2a][epoch 30/50] loss=0.7090  val_acc=0.9267  macroF1=0.7614  edit=38.10  segF1@50=0.44
[b2a][epoch 31/50] loss=0.6757  val_acc=0.9188  macroF1=0.6826  edit=58.89  segF1@50=0.61
[b2a][epoch 32/50] loss=0.6502  val_acc=0.9188  macroF1=0.7142  edit=44.97  segF1@50=0.49
[b2a][epoch 33/50] loss=0.5919  val_acc=0.9215  macroF1=0.7235  edit=53.26  segF1@50=0.59
[b2a][epoch 34/50] loss=0.5646  val_acc=0.9307  macroF1=0.7519  edit=47.29  segF1@50=0.52
[b2a][epoch 35/50] loss=0.5443  val_acc=0.9267  macroF1=0.7232  edit=47.35  segF1@50=0.57
[b2a][epoch 36/50] loss=0.5392  val_acc=0.9281  macroF1=0.7517  edit=56.48  segF1@50=0.58
[b2a][epoch 37/50] loss=0.5264  val_acc=0.9254  macroF1=0.7342  edit=56.00  segF1@50=0.60
[b2a][epoch 38/50] loss=0.5200  val_acc=0.9320  macroF1=0.7521  edit=61.36  segF1@50=0.63
[b2a][epoch 39/50] loss=0.5116  val_acc=0.9320  macroF1=0.7517  edit=65.56  segF1@50=0.65
[b2a][epoch 40/50] loss=0.4985  val_acc=0.9267  macroF1=0.7382  edit=47.95  segF1@50=0.56
[b2a][epoch 41/50] loss=0.4953  val_acc=0.9274  macroF1=0.7442  edit=55.01  segF1@50=0.57
[b2a][epoch 42/50] loss=0.4823  val_acc=0.9300  macroF1=0.7518  edit=53.52  segF1@50=0.57
[b2a][epoch 43/50] loss=0.4762  val_acc=0.9300  macroF1=0.7522  edit=58.59  segF1@50=0.59
[b2a][epoch 44/50] loss=0.4667  val_acc=0.9261  macroF1=0.7523  edit=57.12  segF1@50=0.64
[b2a][epoch 45/50] loss=0.4696  val_acc=0.9274  macroF1=0.7353  edit=59.72  segF1@50=0.65
[b2a][epoch 46/50] loss=0.4575  val_acc=0.9261  macroF1=0.7474  edit=52.90  segF1@50=0.53
[b2a][epoch 47/50] loss=0.4488  val_acc=0.9241  macroF1=0.7286  edit=54.55  segF1@50=0.59
[b2a][epoch 48/50] loss=0.4451  val_acc=0.9267  macroF1=0.7397  edit=49.59  segF1@50=0.54
[b2a][epoch 49/50] loss=0.4439  val_acc=0.9248  macroF1=0.7505  edit=51.48  segF1@50=0.55
[b2a][epoch 50/50] loss=0.4307  val_acc=0.9267  macroF1=0.7398  edit=56.32  segF1@50=0.59
[b2a] best @epoch 38: acc=0.9320 macroF1=0.7521
[b2a] evidence written -> /home/ubuntu/slocal2/m2/experiments/transfer/b2a_ro_oracle_top3noise_p020_001_b2a_ro_oracle_top3noise_p020_seed42
