[b2a] train clips=13  val clips=3  in_dim=2063  tool_source=oracle  classes=9  device=cuda
[b2a] evidence dir: /home/ubuntu/slocal2/m2/experiments/transfer/b2a_ro_oracle_top3noise_p030_002_b2a_ro_oracle_top3noise_p030_seed123
[b2a][epoch 1/50] loss=3.6472  val_acc=0.4422  macroF1=0.1415  edit=10.67  segF1@50=0.00
[b2a][epoch 2/50] loss=2.9463  val_acc=0.3644  macroF1=0.0772  edit=8.00  segF1@50=0.17
[b2a][epoch 3/50] loss=2.6739  val_acc=0.3340  macroF1=0.0715  edit=9.67  segF1@50=0.00
[b2a][epoch 4/50] loss=2.4637  val_acc=0.4601  macroF1=0.1411  edit=14.31  segF1@50=0.18
[b2a][epoch 5/50] loss=2.2627  val_acc=0.6752  macroF1=0.2281  edit=14.52  segF1@50=0.13
[b2a][epoch 6/50] loss=1.9278  val_acc=0.6752  macroF1=0.2266  edit=15.62  segF1@50=0.19
[b2a][epoch 7/50] loss=1.7651  val_acc=0.6799  macroF1=0.2321  edit=41.00  segF1@50=0.25
[b2a][epoch 8/50] loss=1.6415  val_acc=0.6825  macroF1=0.2292  edit=35.05  segF1@50=0.27
[b2a][epoch 9/50] loss=1.5364  val_acc=0.6884  macroF1=0.2437  edit=33.14  segF1@50=0.26
[b2a][epoch 10/50] loss=1.4729  val_acc=0.6838  macroF1=0.2530  edit=41.00  segF1@50=0.27
[b2a][epoch 11/50] loss=1.3455  val_acc=0.7505  macroF1=0.4258  edit=35.78  segF1@50=0.31
[b2a][epoch 12/50] loss=1.2870  val_acc=0.8924  macroF1=0.6553  edit=44.67  segF1@50=0.42
[b2a][epoch 13/50] loss=1.2100  val_acc=0.9083  macroF1=0.6738  edit=64.44  segF1@50=0.55
[b2a][epoch 14/50] loss=1.1162  val_acc=0.8964  macroF1=0.6466  edit=68.67  segF1@50=0.64
[b2a][epoch 15/50] loss=1.0804  val_acc=0.8983  macroF1=0.6708  edit=47.32  segF1@50=0.42
[b2a][epoch 16/50] loss=1.0321  val_acc=0.8911  macroF1=0.6431  edit=58.12  segF1@50=0.58
[b2a][epoch 17/50] loss=0.9765  val_acc=0.8858  macroF1=0.6678  edit=51.59  segF1@50=0.46
[b2a][epoch 18/50] loss=0.9479  val_acc=0.9149  macroF1=0.6771  edit=46.12  segF1@50=0.55
[b2a][epoch 19/50] loss=0.9381  val_acc=0.9102  macroF1=0.6856  edit=53.33  segF1@50=0.61
[b2a][epoch 20/50] loss=0.8994  val_acc=0.8997  macroF1=0.6668  edit=42.25  segF1@50=0.46
[b2a][epoch 21/50] loss=0.8759  val_acc=0.8231  macroF1=0.5971  edit=38.81  segF1@50=0.26
[b2a][epoch 22/50] loss=0.9466  val_acc=0.8950  macroF1=0.6668  edit=41.39  segF1@50=0.49
[b2a][epoch 23/50] loss=0.8633  val_acc=0.8924  macroF1=0.6624  edit=39.33  segF1@50=0.46
[b2a][epoch 24/50] loss=0.8245  val_acc=0.8686  macroF1=0.6494  edit=35.59  segF1@50=0.35
[b2a][epoch 25/50] loss=0.7784  val_acc=0.8733  macroF1=0.6501  edit=39.39  segF1@50=0.42
[b2a][epoch 26/50] loss=0.7537  val_acc=0.8785  macroF1=0.6480  edit=37.32  segF1@50=0.45
[b2a][epoch 27/50] loss=0.7297  val_acc=0.8713  macroF1=0.6412  edit=38.67  segF1@50=0.40
[b2a][epoch 28/50] loss=0.7164  val_acc=0.8805  macroF1=0.6511  edit=40.17  segF1@50=0.44
[b2a][epoch 29/50] loss=0.6932  val_acc=0.8640  macroF1=0.6422  edit=43.68  segF1@50=0.48
[b2a][epoch 30/50] loss=0.6824  val_acc=0.8620  macroF1=0.6377  edit=32.54  segF1@50=0.32
[b2a][epoch 31/50] loss=0.6837  val_acc=0.8409  macroF1=0.6493  edit=43.13  segF1@50=0.38
[b2a][epoch 32/50] loss=0.6973  val_acc=0.8759  macroF1=0.6439  edit=39.24  segF1@50=0.50
[b2a][epoch 33/50] loss=0.6846  val_acc=0.8403  macroF1=0.6261  edit=43.68  segF1@50=0.46
[b2a][epoch 34/50] loss=0.6572  val_acc=0.8746  macroF1=0.6495  edit=41.02  segF1@50=0.47
[b2a][epoch 35/50] loss=0.6388  val_acc=0.8627  macroF1=0.6492  edit=45.68  segF1@50=0.48
[b2a][epoch 36/50] loss=0.6435  val_acc=0.8726  macroF1=0.6430  edit=30.58  segF1@50=0.33
[b2a][epoch 37/50] loss=0.6141  val_acc=0.8389  macroF1=0.6221  edit=45.72  segF1@50=0.46
[b2a][epoch 38/50] loss=0.5950  val_acc=0.8561  macroF1=0.6351  edit=40.94  segF1@50=0.43
[b2a][epoch 39/50] loss=0.5835  val_acc=0.8680  macroF1=0.6400  edit=46.68  segF1@50=0.49
[b2a][epoch 40/50] loss=0.5738  val_acc=0.8693  macroF1=0.6436  edit=32.21  segF1@50=0.35
[b2a][epoch 41/50] loss=0.5919  val_acc=0.8568  macroF1=0.6543  edit=38.53  segF1@50=0.35
[b2a][epoch 42/50] loss=0.5621  val_acc=0.8660  macroF1=0.6383  edit=39.02  segF1@50=0.46
[b2a][epoch 43/50] loss=0.5449  val_acc=0.8614  macroF1=0.6419  edit=45.94  segF1@50=0.47
[b2a][epoch 44/50] loss=0.5373  val_acc=0.8488  macroF1=0.6303  edit=33.78  segF1@50=0.34
[b2a][epoch 45/50] loss=0.5291  val_acc=0.8422  macroF1=0.6391  edit=29.90  segF1@50=0.32
[b2a][epoch 46/50] loss=0.5759  val_acc=0.8693  macroF1=0.6433  edit=46.89  segF1@50=0.46
[b2a][epoch 47/50] loss=0.5488  val_acc=0.8871  macroF1=0.6556  edit=40.97  segF1@50=0.50
[b2a][epoch 48/50] loss=0.5215  val_acc=0.8350  macroF1=0.6093  edit=34.00  segF1@50=0.32
[b2a][epoch 49/50] loss=0.4973  val_acc=0.8548  macroF1=0.6287  edit=42.89  segF1@50=0.49
[b2a][epoch 50/50] loss=0.5004  val_acc=0.8482  macroF1=0.6289  edit=34.87  segF1@50=0.34
[b2a] best @epoch 18: acc=0.9149 macroF1=0.6771
[b2a] evidence written -> /home/ubuntu/slocal2/m2/experiments/transfer/b2a_ro_oracle_top3noise_p030_002_b2a_ro_oracle_top3noise_p030_seed123
