[b2a] train clips=13  val clips=3  in_dim=2063  tool_source=pred  classes=9  device=cuda
[b2a] evidence dir: /home/ubuntu/slocal2/m2/experiments/transfer/b2a_regiononly_mask_10_003_b2a_regiononly_mask_10_seed456
[b2a][epoch 1/50] loss=3.4203  val_acc=0.3677  macroF1=0.0768  edit=18.00  segF1@50=0.22
[b2a][epoch 2/50] loss=2.6518  val_acc=0.6772  macroF1=0.2304  edit=31.67  segF1@50=0.19
[b2a][epoch 3/50] loss=2.0485  val_acc=0.6660  macroF1=0.2264  edit=39.67  segF1@50=0.22
[b2a][epoch 4/50] loss=1.8020  val_acc=0.6640  macroF1=0.2262  edit=39.67  segF1@50=0.26
[b2a][epoch 5/50] loss=1.6584  val_acc=0.6812  macroF1=0.2286  edit=29.00  segF1@50=0.33
[b2a][epoch 6/50] loss=1.5175  val_acc=0.6759  macroF1=0.2298  edit=41.00  segF1@50=0.20
[b2a][epoch 7/50] loss=1.4810  val_acc=0.6799  macroF1=0.2302  edit=35.67  segF1@50=0.24
[b2a][epoch 8/50] loss=1.3067  val_acc=0.6825  macroF1=0.2310  edit=31.67  segF1@50=0.22
[b2a][epoch 9/50] loss=1.2258  val_acc=0.6964  macroF1=0.2791  edit=38.44  segF1@50=0.24
[b2a][epoch 10/50] loss=1.1232  val_acc=0.8343  macroF1=0.4706  edit=30.67  segF1@50=0.36
[b2a][epoch 11/50] loss=1.0136  val_acc=0.8383  macroF1=0.4819  edit=34.76  segF1@50=0.34
[b2a][epoch 12/50] loss=0.9445  val_acc=0.8521  macroF1=0.4989  edit=34.76  segF1@50=0.41
[b2a][epoch 13/50] loss=0.8752  val_acc=0.8323  macroF1=0.4789  edit=23.93  segF1@50=0.22
[b2a][epoch 14/50] loss=0.8246  val_acc=0.9017  macroF1=0.6633  edit=28.75  segF1@50=0.31
[b2a][epoch 15/50] loss=0.7509  val_acc=0.8898  macroF1=0.6452  edit=44.52  segF1@50=0.40
[b2a][epoch 16/50] loss=0.7305  val_acc=0.9188  macroF1=0.7462  edit=39.11  segF1@50=0.39
[b2a][epoch 17/50] loss=0.6808  val_acc=0.9195  macroF1=0.7300  edit=43.36  segF1@50=0.39
[b2a][epoch 18/50] loss=0.6519  val_acc=0.9135  macroF1=0.7420  edit=39.11  segF1@50=0.42
[b2a][epoch 19/50] loss=0.6285  val_acc=0.9248  macroF1=0.7500  edit=49.27  segF1@50=0.54
[b2a][epoch 20/50] loss=0.6267  val_acc=0.9228  macroF1=0.7670  edit=45.72  segF1@50=0.48
[b2a][epoch 21/50] loss=0.5948  val_acc=0.9254  macroF1=0.7565  edit=40.83  segF1@50=0.40
[b2a][epoch 22/50] loss=0.5797  val_acc=0.9261  macroF1=0.7611  edit=40.85  segF1@50=0.39
[b2a][epoch 23/50] loss=0.5635  val_acc=0.9241  macroF1=0.7711  edit=41.03  segF1@50=0.38
[b2a][epoch 24/50] loss=0.5551  val_acc=0.9261  macroF1=0.7525  edit=31.77  segF1@50=0.34
[b2a][epoch 25/50] loss=0.5476  val_acc=0.9300  macroF1=0.7700  edit=42.17  segF1@50=0.42
[b2a][epoch 26/50] loss=0.5393  val_acc=0.9281  macroF1=0.7692  edit=44.06  segF1@50=0.49
[b2a][epoch 27/50] loss=0.5193  val_acc=0.9155  macroF1=0.7610  edit=40.32  segF1@50=0.39
[b2a][epoch 28/50] loss=0.5150  val_acc=0.9221  macroF1=0.7464  edit=40.25  segF1@50=0.39
[b2a][epoch 29/50] loss=0.5344  val_acc=0.9208  macroF1=0.7740  edit=34.25  segF1@50=0.33
[b2a][epoch 30/50] loss=0.5228  val_acc=0.9248  macroF1=0.7614  edit=42.17  segF1@50=0.41
[b2a][epoch 31/50] loss=0.4827  val_acc=0.9360  macroF1=0.7869  edit=32.61  segF1@50=0.33
[b2a][epoch 32/50] loss=0.4695  val_acc=0.9281  macroF1=0.7765  edit=38.76  segF1@50=0.37
[b2a][epoch 33/50] loss=0.4523  val_acc=0.9281  macroF1=0.7806  edit=39.11  segF1@50=0.37
[b2a][epoch 34/50] loss=0.4422  val_acc=0.9294  macroF1=0.7795  edit=39.52  segF1@50=0.40
[b2a][epoch 35/50] loss=0.4351  val_acc=0.9287  macroF1=0.7807  edit=38.42  segF1@50=0.37
[b2a][epoch 36/50] loss=0.4215  val_acc=0.9327  macroF1=0.7816  edit=39.19  segF1@50=0.39
[b2a][epoch 37/50] loss=0.4218  val_acc=0.9254  macroF1=0.7782  edit=39.51  segF1@50=0.38
[b2a][epoch 38/50] loss=0.4099  val_acc=0.9294  macroF1=0.7802  edit=37.07  segF1@50=0.35
[b2a][epoch 39/50] loss=0.4029  val_acc=0.9320  macroF1=0.7922  edit=38.79  segF1@50=0.38
[b2a][epoch 40/50] loss=0.4024  val_acc=0.9307  macroF1=0.7848  edit=38.46  segF1@50=0.36
[b2a][epoch 41/50] loss=0.3971  val_acc=0.9274  macroF1=0.7822  edit=41.16  segF1@50=0.39
[b2a][epoch 42/50] loss=0.3877  val_acc=0.9320  macroF1=0.7791  edit=38.60  segF1@50=0.38
[b2a][epoch 43/50] loss=0.3974  val_acc=0.9201  macroF1=0.7803  edit=35.54  segF1@50=0.37
[b2a][epoch 44/50] loss=0.4028  val_acc=0.9300  macroF1=0.7756  edit=33.33  segF1@50=0.34
[b2a][epoch 45/50] loss=0.3853  val_acc=0.9215  macroF1=0.7830  edit=36.75  segF1@50=0.37
[b2a][epoch 46/50] loss=0.3783  val_acc=0.9360  macroF1=0.7842  edit=29.98  segF1@50=0.31
[b2a][epoch 47/50] loss=0.3778  val_acc=0.9274  macroF1=0.7864  edit=35.75  segF1@50=0.36
[b2a][epoch 48/50] loss=0.3784  val_acc=0.9307  macroF1=0.7768  edit=31.20  segF1@50=0.31
[b2a][epoch 49/50] loss=0.4143  val_acc=0.9201  macroF1=0.7745  edit=33.78  segF1@50=0.34
[b2a][epoch 50/50] loss=0.3740  val_acc=0.9267  macroF1=0.7739  edit=40.03  segF1@50=0.40
[b2a] best @epoch 31: acc=0.9360 macroF1=0.7869
[b2a] evidence written -> /home/ubuntu/slocal2/m2/experiments/transfer/b2a_regiononly_mask_10_003_b2a_regiononly_mask_10_seed456
