[b2a] train clips=13  val clips=3  in_dim=2063  tool_source=oracle  classes=9  device=cuda
[b2a] evidence dir: /home/ubuntu/slocal2/m2/experiments/transfer/b2a_ro_oracle_bipolarnoise_p010_002_b2a_ro_oracle_bipolarnoise_p010_seed123
[b2a][epoch 1/50] loss=3.6368  val_acc=0.4389  macroF1=0.1401  edit=2.67  segF1@50=0.00
[b2a][epoch 2/50] loss=2.8676  val_acc=0.3637  macroF1=0.0774  edit=11.00  segF1@50=0.11
[b2a][epoch 3/50] loss=2.5171  val_acc=0.3340  macroF1=0.0715  edit=9.67  segF1@50=0.00
[b2a][epoch 4/50] loss=2.1935  val_acc=0.6667  macroF1=0.2260  edit=8.22  segF1@50=0.17
[b2a][epoch 5/50] loss=1.8359  val_acc=0.6739  macroF1=0.2297  edit=21.67  segF1@50=0.20
[b2a][epoch 6/50] loss=1.4965  val_acc=0.6805  macroF1=0.2317  edit=27.44  segF1@50=0.15
[b2a][epoch 7/50] loss=1.3429  val_acc=0.6871  macroF1=0.2344  edit=30.33  segF1@50=0.25
[b2a][epoch 8/50] loss=1.2159  val_acc=0.7894  macroF1=0.3713  edit=38.44  segF1@50=0.39
[b2a][epoch 9/50] loss=1.0883  val_acc=0.8026  macroF1=0.3891  edit=26.54  segF1@50=0.24
[b2a][epoch 10/50] loss=0.9881  val_acc=0.8535  macroF1=0.5501  edit=43.83  segF1@50=0.44
[b2a][epoch 11/50] loss=0.9087  val_acc=0.9162  macroF1=0.6724  edit=51.71  segF1@50=0.59
[b2a][epoch 12/50] loss=0.8447  val_acc=0.9333  macroF1=0.7100  edit=56.22  segF1@50=0.65
[b2a][epoch 13/50] loss=0.7806  val_acc=0.9347  macroF1=0.7294  edit=56.00  segF1@50=0.61
[b2a][epoch 14/50] loss=0.7354  val_acc=0.9340  macroF1=0.7245  edit=57.56  segF1@50=0.64
[b2a][epoch 15/50] loss=0.6963  val_acc=0.9426  macroF1=0.7722  edit=60.00  segF1@50=0.60
[b2a][epoch 16/50] loss=0.6584  val_acc=0.9366  macroF1=0.7323  edit=56.22  segF1@50=0.66
[b2a][epoch 17/50] loss=0.6278  val_acc=0.9459  macroF1=0.7786  edit=60.00  segF1@50=0.62
[b2a][epoch 18/50] loss=0.5935  val_acc=0.9446  macroF1=0.7713  edit=54.67  segF1@50=0.56
[b2a][epoch 19/50] loss=0.5823  val_acc=0.9459  macroF1=0.7787  edit=54.44  segF1@50=0.52
[b2a][epoch 20/50] loss=0.5697  val_acc=0.9472  macroF1=0.7778  edit=54.44  segF1@50=0.52
[b2a][epoch 21/50] loss=0.5402  val_acc=0.9492  macroF1=0.7928  edit=50.22  segF1@50=0.49
[b2a][epoch 22/50] loss=0.5518  val_acc=0.9551  macroF1=0.8038  edit=64.22  segF1@50=0.76
[b2a][epoch 23/50] loss=0.5480  val_acc=0.9452  macroF1=0.7787  edit=57.33  segF1@50=0.60
[b2a][epoch 24/50] loss=0.5196  val_acc=0.9485  macroF1=0.7891  edit=51.78  segF1@50=0.53
[b2a][epoch 25/50] loss=0.4937  val_acc=0.9512  macroF1=0.7940  edit=57.33  segF1@50=0.64
[b2a][epoch 26/50] loss=0.4783  val_acc=0.9558  macroF1=0.8077  edit=60.49  segF1@50=0.66
[b2a][epoch 27/50] loss=0.4639  val_acc=0.9531  macroF1=0.8008  edit=61.33  segF1@50=0.64
[b2a][epoch 28/50] loss=0.4582  val_acc=0.9545  macroF1=0.8032  edit=60.49  segF1@50=0.66
[b2a][epoch 29/50] loss=0.4451  val_acc=0.9512  macroF1=0.7949  edit=53.11  segF1@50=0.53
[b2a][epoch 30/50] loss=0.4438  val_acc=0.9558  macroF1=0.8078  edit=59.26  segF1@50=0.67
[b2a][epoch 31/50] loss=0.4399  val_acc=0.9538  macroF1=0.8080  edit=51.71  segF1@50=0.57
[b2a][epoch 32/50] loss=0.5128  val_acc=0.9604  macroF1=0.8207  edit=79.33  segF1@50=0.84
[b2a][epoch 33/50] loss=0.5169  val_acc=0.9538  macroF1=0.8144  edit=65.33  segF1@50=0.67
[b2a][epoch 34/50] loss=0.4735  val_acc=0.9479  macroF1=0.7956  edit=58.00  segF1@50=0.55
[b2a][epoch 35/50] loss=0.4399  val_acc=0.9512  macroF1=0.8052  edit=54.33  segF1@50=0.64
[b2a][epoch 36/50] loss=0.4404  val_acc=0.9465  macroF1=0.7849  edit=57.33  segF1@50=0.63
[b2a][epoch 37/50] loss=0.4104  val_acc=0.9578  macroF1=0.8175  edit=62.67  segF1@50=0.68
[b2a][epoch 38/50] loss=0.3984  val_acc=0.9505  macroF1=0.7950  edit=53.42  segF1@50=0.58
[b2a][epoch 39/50] loss=0.3849  val_acc=0.9584  macroF1=0.8172  edit=59.78  segF1@50=0.64
[b2a][epoch 40/50] loss=0.3830  val_acc=0.9505  macroF1=0.7912  edit=53.42  segF1@50=0.59
[b2a][epoch 41/50] loss=0.3923  val_acc=0.9538  macroF1=0.8085  edit=52.84  segF1@50=0.58
[b2a][epoch 42/50] loss=0.3699  val_acc=0.9512  macroF1=0.7950  edit=54.70  segF1@50=0.58
[b2a][epoch 43/50] loss=0.3682  val_acc=0.9578  macroF1=0.8188  edit=62.82  segF1@50=0.69
[b2a][epoch 44/50] loss=0.3586  val_acc=0.9545  macroF1=0.8045  edit=55.16  segF1@50=0.58
[b2a][epoch 45/50] loss=0.3485  val_acc=0.9571  macroF1=0.8121  edit=56.17  segF1@50=0.62
[b2a][epoch 46/50] loss=0.3500  val_acc=0.9578  macroF1=0.8182  edit=62.67  segF1@50=0.68
[b2a][epoch 47/50] loss=0.3453  val_acc=0.9538  macroF1=0.8027  edit=55.98  segF1@50=0.60
[b2a][epoch 48/50] loss=0.3378  val_acc=0.9564  macroF1=0.8144  edit=61.73  segF1@50=0.66
[b2a][epoch 49/50] loss=0.3331  val_acc=0.9538  macroF1=0.8024  edit=55.98  segF1@50=0.60
[b2a][epoch 50/50] loss=0.3264  val_acc=0.9551  macroF1=0.8097  edit=56.17  segF1@50=0.60
[b2a] best @epoch 32: acc=0.9604 macroF1=0.8207
[b2a] evidence written -> /home/ubuntu/slocal2/m2/experiments/transfer/b2a_ro_oracle_bipolarnoise_p010_002_b2a_ro_oracle_bipolarnoise_p010_seed123
