[b2a] train clips=13  val clips=3  in_dim=2063  tool_source=oracle  classes=9  device=cuda
[b2a] evidence dir: /home/ubuntu/slocal2/m2/experiments/transfer/b2a_ro_oracle_nhnoise_p010_002_b2a_ro_oracle_nhnoise_p010_seed123
[b2a][epoch 1/50] loss=3.6346  val_acc=0.4389  macroF1=0.1401  edit=2.67  segF1@50=0.00
[b2a][epoch 2/50] loss=2.8790  val_acc=0.3630  macroF1=0.0773  edit=2.67  segF1@50=0.17
[b2a][epoch 3/50] loss=2.5494  val_acc=0.3340  macroF1=0.0715  edit=9.67  segF1@50=0.00
[b2a][epoch 4/50] loss=2.2545  val_acc=0.5538  macroF1=0.1817  edit=16.98  segF1@50=0.17
[b2a][epoch 5/50] loss=1.9302  val_acc=0.6739  macroF1=0.2297  edit=16.33  segF1@50=0.19
[b2a][epoch 6/50] loss=1.5455  val_acc=0.6792  macroF1=0.2313  edit=24.78  segF1@50=0.16
[b2a][epoch 7/50] loss=1.3733  val_acc=0.6825  macroF1=0.2330  edit=24.78  segF1@50=0.16
[b2a][epoch 8/50] loss=1.2393  val_acc=0.7855  macroF1=0.3755  edit=32.78  segF1@50=0.30
[b2a][epoch 9/50] loss=1.1186  val_acc=0.7987  macroF1=0.3826  edit=39.61  segF1@50=0.29
[b2a][epoch 10/50] loss=1.0155  val_acc=0.8502  macroF1=0.5487  edit=34.22  segF1@50=0.39
[b2a][epoch 11/50] loss=0.9200  val_acc=0.8983  macroF1=0.6617  edit=48.81  segF1@50=0.55
[b2a][epoch 12/50] loss=0.8574  val_acc=0.9320  macroF1=0.7235  edit=51.89  segF1@50=0.58
[b2a][epoch 13/50] loss=0.7973  val_acc=0.9360  macroF1=0.7412  edit=64.33  segF1@50=0.65
[b2a][epoch 14/50] loss=0.7412  val_acc=0.9439  macroF1=0.7675  edit=63.33  segF1@50=0.66
[b2a][epoch 15/50] loss=0.7044  val_acc=0.9479  macroF1=0.7918  edit=51.56  segF1@50=0.56
[b2a][epoch 16/50] loss=0.6667  val_acc=0.9525  macroF1=0.7999  edit=58.67  segF1@50=0.64
[b2a][epoch 17/50] loss=0.6254  val_acc=0.9551  macroF1=0.8057  edit=59.04  segF1@50=0.62
[b2a][epoch 18/50] loss=0.5990  val_acc=0.9578  macroF1=0.8160  edit=60.00  segF1@50=0.67
[b2a][epoch 19/50] loss=0.6088  val_acc=0.9604  macroF1=0.8199  edit=56.67  segF1@50=0.71
[b2a][epoch 20/50] loss=0.6004  val_acc=0.9551  macroF1=0.8059  edit=51.92  segF1@50=0.56
[b2a][epoch 21/50] loss=0.5902  val_acc=0.9604  macroF1=0.8195  edit=56.67  segF1@50=0.56
[b2a][epoch 22/50] loss=0.5673  val_acc=0.9597  macroF1=0.8177  edit=60.00  segF1@50=0.73
[b2a][epoch 23/50] loss=0.5315  val_acc=0.9617  macroF1=0.8267  edit=61.33  segF1@50=0.67
[b2a][epoch 24/50] loss=0.5162  val_acc=0.9644  macroF1=0.8265  edit=64.00  segF1@50=0.70
[b2a][epoch 25/50] loss=0.5064  val_acc=0.9644  macroF1=0.8295  edit=61.33  segF1@50=0.75
[b2a][epoch 26/50] loss=0.4858  val_acc=0.9690  macroF1=0.8372  edit=70.89  segF1@50=0.80
[b2a][epoch 27/50] loss=0.4709  val_acc=0.9630  macroF1=0.8292  edit=61.33  segF1@50=0.66
[b2a][epoch 28/50] loss=0.4753  val_acc=0.9650  macroF1=0.8302  edit=62.00  segF1@50=0.70
[b2a][epoch 29/50] loss=0.4737  val_acc=0.9637  macroF1=0.8295  edit=59.77  segF1@50=0.67
[b2a][epoch 30/50] loss=0.4737  val_acc=0.9637  macroF1=0.8266  edit=61.11  segF1@50=0.70
[b2a][epoch 31/50] loss=0.4529  val_acc=0.9657  macroF1=0.8322  edit=61.73  segF1@50=0.68
[b2a][epoch 32/50] loss=0.4258  val_acc=0.9677  macroF1=0.8363  edit=70.89  segF1@50=0.79
[b2a][epoch 33/50] loss=0.4312  val_acc=0.9683  macroF1=0.8362  edit=59.78  segF1@50=0.65
[b2a][epoch 34/50] loss=0.4283  val_acc=0.9650  macroF1=0.8320  edit=60.22  segF1@50=0.67
[b2a][epoch 35/50] loss=0.4363  val_acc=0.9426  macroF1=0.7985  edit=52.51  segF1@50=0.65
[b2a][epoch 36/50] loss=0.4456  val_acc=0.9630  macroF1=0.8277  edit=50.22  segF1@50=0.59
[b2a][epoch 37/50] loss=0.4396  val_acc=0.9644  macroF1=0.8301  edit=47.05  segF1@50=0.51
[b2a][epoch 38/50] loss=0.4143  val_acc=0.9657  macroF1=0.8351  edit=60.67  segF1@50=0.66
[b2a][epoch 39/50] loss=0.3989  val_acc=0.9696  macroF1=0.8392  edit=59.78  segF1@50=0.66
[b2a][epoch 40/50] loss=0.3910  val_acc=0.9663  macroF1=0.8360  edit=60.86  segF1@50=0.67
[b2a][epoch 41/50] loss=0.3876  val_acc=0.9690  macroF1=0.8389  edit=60.86  segF1@50=0.67
[b2a][epoch 42/50] loss=0.3670  val_acc=0.9690  macroF1=0.8369  edit=65.33  segF1@50=0.70
[b2a][epoch 43/50] loss=0.3683  val_acc=0.9690  macroF1=0.8407  edit=65.38  segF1@50=0.69
[b2a][epoch 44/50] loss=0.3649  val_acc=0.9663  macroF1=0.8400  edit=53.18  segF1@50=0.56
[b2a][epoch 45/50] loss=0.3587  val_acc=0.9677  macroF1=0.8385  edit=52.05  segF1@50=0.55
[b2a][epoch 46/50] loss=0.3661  val_acc=0.9663  macroF1=0.8382  edit=59.33  segF1@50=0.65
[b2a][epoch 47/50] loss=0.3712  val_acc=0.9630  macroF1=0.8269  edit=59.52  segF1@50=0.68
[b2a][epoch 48/50] loss=0.3650  val_acc=0.9644  macroF1=0.8341  edit=56.04  segF1@50=0.63
[b2a][epoch 49/50] loss=0.3540  val_acc=0.9677  macroF1=0.8357  edit=64.20  segF1@50=0.74
[b2a][epoch 50/50] loss=0.3413  val_acc=0.9677  macroF1=0.8402  edit=58.74  segF1@50=0.66
[b2a] best @epoch 39: acc=0.9696 macroF1=0.8392
[b2a] evidence written -> /home/ubuntu/slocal2/m2/experiments/transfer/b2a_ro_oracle_nhnoise_p010_002_b2a_ro_oracle_nhnoise_p010_seed123
