[b2a] train clips=13  val clips=3  in_dim=2063  tool_source=pred  classes=9  device=cuda
[b2a] evidence dir: /home/ubuntu/slocal2/m2/experiments/transfer/b2a_regiononly_mask_07_002_b2a_regiononly_mask_07_seed123
[b2a][epoch 1/50] loss=3.6419  val_acc=0.4389  macroF1=0.1400  edit=8.22  segF1@50=0.00
[b2a][epoch 2/50] loss=2.8905  val_acc=0.3624  macroF1=0.0772  edit=2.67  segF1@50=0.17
[b2a][epoch 3/50] loss=2.5611  val_acc=0.3340  macroF1=0.0715  edit=9.67  segF1@50=0.00
[b2a][epoch 4/50] loss=2.2462  val_acc=0.5802  macroF1=0.1930  edit=9.50  segF1@50=0.17
[b2a][epoch 5/50] loss=1.9096  val_acc=0.6719  macroF1=0.2287  edit=13.67  segF1@50=0.19
[b2a][epoch 6/50] loss=1.5544  val_acc=0.6779  macroF1=0.2307  edit=19.00  segF1@50=0.19
[b2a][epoch 7/50] loss=1.4012  val_acc=0.6779  macroF1=0.2312  edit=33.00  segF1@50=0.24
[b2a][epoch 8/50] loss=1.2559  val_acc=0.6865  macroF1=0.2462  edit=35.85  segF1@50=0.20
[b2a][epoch 9/50] loss=1.1400  val_acc=0.7828  macroF1=0.3657  edit=35.59  segF1@50=0.26
[b2a][epoch 10/50] loss=1.0256  val_acc=0.8165  macroF1=0.4794  edit=43.67  segF1@50=0.37
[b2a][epoch 11/50] loss=0.9345  val_acc=0.8521  macroF1=0.5521  edit=45.11  segF1@50=0.39
[b2a][epoch 12/50] loss=0.8962  val_acc=0.9155  macroF1=0.6767  edit=31.41  segF1@50=0.33
[b2a][epoch 13/50] loss=0.8093  val_acc=0.9168  macroF1=0.6747  edit=35.48  segF1@50=0.41
[b2a][epoch 14/50] loss=0.7360  val_acc=0.9162  macroF1=0.6898  edit=35.80  segF1@50=0.35
[b2a][epoch 15/50] loss=0.6974  val_acc=0.9287  macroF1=0.7432  edit=42.55  segF1@50=0.47
[b2a][epoch 16/50] loss=0.6709  val_acc=0.9188  macroF1=0.7333  edit=44.46  segF1@50=0.45
[b2a][epoch 17/50] loss=0.7330  val_acc=0.9208  macroF1=0.6988  edit=44.44  segF1@50=0.48
[b2a][epoch 18/50] loss=0.6399  val_acc=0.9320  macroF1=0.7681  edit=36.05  segF1@50=0.35
[b2a][epoch 19/50] loss=0.6140  val_acc=0.9294  macroF1=0.7412  edit=40.33  segF1@50=0.43
[b2a][epoch 20/50] loss=0.5757  val_acc=0.9274  macroF1=0.7506  edit=52.16  segF1@50=0.51
[b2a][epoch 21/50] loss=0.5438  val_acc=0.9314  macroF1=0.7594  edit=35.18  segF1@50=0.35
[b2a][epoch 22/50] loss=0.5310  val_acc=0.9327  macroF1=0.7611  edit=39.10  segF1@50=0.39
[b2a][epoch 23/50] loss=0.5133  val_acc=0.9314  macroF1=0.7651  edit=45.37  segF1@50=0.49
[b2a][epoch 24/50] loss=0.5049  val_acc=0.9353  macroF1=0.7705  edit=39.10  segF1@50=0.40
[b2a][epoch 25/50] loss=0.4886  val_acc=0.9393  macroF1=0.7877  edit=36.93  segF1@50=0.39
[b2a][epoch 26/50] loss=0.4734  val_acc=0.9393  macroF1=0.7821  edit=35.36  segF1@50=0.38
[b2a][epoch 27/50] loss=0.4618  val_acc=0.9314  macroF1=0.7557  edit=40.40  segF1@50=0.42
[b2a][epoch 28/50] loss=0.4663  val_acc=0.9459  macroF1=0.7994  edit=39.51  segF1@50=0.41
[b2a][epoch 29/50] loss=0.4655  val_acc=0.9274  macroF1=0.7568  edit=50.11  segF1@50=0.51
[b2a][epoch 30/50] loss=0.4830  val_acc=0.9505  macroF1=0.8061  edit=42.29  segF1@50=0.43
[b2a][epoch 31/50] loss=0.4596  val_acc=0.9353  macroF1=0.7720  edit=42.59  segF1@50=0.43
[b2a][epoch 32/50] loss=0.4282  val_acc=0.9386  macroF1=0.7842  edit=35.83  segF1@50=0.38
[b2a][epoch 33/50] loss=0.4278  val_acc=0.9439  macroF1=0.7986  edit=37.98  segF1@50=0.38
[b2a][epoch 34/50] loss=0.4214  val_acc=0.9393  macroF1=0.7809  edit=36.93  segF1@50=0.39
[b2a][epoch 35/50] loss=0.4203  val_acc=0.9452  macroF1=0.8076  edit=41.62  segF1@50=0.45
[b2a][epoch 36/50] loss=0.4107  val_acc=0.9406  macroF1=0.7829  edit=34.40  segF1@50=0.38
[b2a][epoch 37/50] loss=0.4116  val_acc=0.9465  macroF1=0.8045  edit=37.14  segF1@50=0.39
[b2a][epoch 38/50] loss=0.4030  val_acc=0.9419  macroF1=0.7933  edit=39.29  segF1@50=0.41
[b2a][epoch 39/50] loss=0.3868  val_acc=0.9459  macroF1=0.8017  edit=38.59  segF1@50=0.39
[b2a][epoch 40/50] loss=0.3875  val_acc=0.9406  macroF1=0.7887  edit=33.45  segF1@50=0.36
[b2a][epoch 41/50] loss=0.3897  val_acc=0.9459  macroF1=0.8006  edit=36.48  segF1@50=0.39
[b2a][epoch 42/50] loss=0.3717  val_acc=0.9386  macroF1=0.7899  edit=35.44  segF1@50=0.37
[b2a][epoch 43/50] loss=0.3692  val_acc=0.9452  macroF1=0.8052  edit=40.30  segF1@50=0.41
[b2a][epoch 44/50] loss=0.3636  val_acc=0.9426  macroF1=0.7920  edit=34.66  segF1@50=0.37
[b2a][epoch 45/50] loss=0.3539  val_acc=0.9472  macroF1=0.8032  edit=39.88  segF1@50=0.41
[b2a][epoch 46/50] loss=0.3533  val_acc=0.9432  macroF1=0.8006  edit=40.93  segF1@50=0.41
[b2a][epoch 47/50] loss=0.3496  val_acc=0.9465  macroF1=0.8017  edit=36.68  segF1@50=0.38
[b2a][epoch 48/50] loss=0.3416  val_acc=0.9439  macroF1=0.7937  edit=38.10  segF1@50=0.41
[b2a][epoch 49/50] loss=0.3371  val_acc=0.9485  macroF1=0.8057  edit=38.35  segF1@50=0.39
[b2a][epoch 50/50] loss=0.3299  val_acc=0.9439  macroF1=0.7922  edit=38.36  segF1@50=0.41
[b2a] best @epoch 30: acc=0.9505 macroF1=0.8061
[b2a] evidence written -> /home/ubuntu/slocal2/m2/experiments/transfer/b2a_regiononly_mask_07_002_b2a_regiononly_mask_07_seed123
