[b2a] train clips=13  val clips=3  in_dim=2063  tool_source=oracle  classes=9  device=cuda
[b2a] evidence dir: /home/ubuntu/slocal2/m2/experiments/transfer/b2a_base_oracle_noise_p030_001_b2a_base_oracle_noise_p030_seed42
[b2a][epoch 1/50] loss=3.7569  val_acc=0.3624  macroF1=0.0766  edit=2.67  segF1@50=0.17
[b2a][epoch 2/50] loss=2.8941  val_acc=0.2079  macroF1=0.0605  edit=11.35  segF1@50=0.01
[b2a][epoch 3/50] loss=2.7346  val_acc=0.3670  macroF1=0.0768  edit=1.33  segF1@50=0.17
[b2a][epoch 4/50] loss=2.5424  val_acc=0.6376  macroF1=0.2184  edit=24.33  segF1@50=0.00
[b2a][epoch 5/50] loss=2.5853  val_acc=0.3716  macroF1=0.0845  edit=26.93  segF1@50=0.22
[b2a][epoch 6/50] loss=2.2607  val_acc=0.6752  macroF1=0.2297  edit=39.67  segF1@50=0.19
[b2a][epoch 7/50] loss=1.9079  val_acc=0.5056  macroF1=0.1727  edit=21.36  segF1@50=0.01
[b2a][epoch 8/50] loss=1.6880  val_acc=0.5050  macroF1=0.1724  edit=21.34  segF1@50=0.01
[b2a][epoch 9/50] loss=1.7596  val_acc=0.4607  macroF1=0.1523  edit=19.65  segF1@50=0.01
[b2a][epoch 10/50] loss=1.6969  val_acc=0.6693  macroF1=0.2290  edit=41.00  segF1@50=0.21
[b2a][epoch 11/50] loss=1.4892  val_acc=0.6785  macroF1=0.2339  edit=42.67  segF1@50=0.13
[b2a][epoch 12/50] loss=1.4175  val_acc=0.6185  macroF1=0.3090  edit=29.90  segF1@50=0.09
[b2a][epoch 13/50] loss=1.3768  val_acc=0.6660  macroF1=0.2706  edit=40.67  segF1@50=0.14
[b2a][epoch 14/50] loss=1.2492  val_acc=0.6805  macroF1=0.2833  edit=33.94  segF1@50=0.23
[b2a][epoch 15/50] loss=1.1847  val_acc=0.6719  macroF1=0.3163  edit=28.51  segF1@50=0.18
[b2a][epoch 16/50] loss=1.0831  val_acc=0.7129  macroF1=0.3651  edit=25.19  segF1@50=0.16
[b2a][epoch 17/50] loss=1.0330  val_acc=0.7498  macroF1=0.4010  edit=25.44  segF1@50=0.15
[b2a][epoch 18/50] loss=0.9515  val_acc=0.7960  macroF1=0.5144  edit=33.20  segF1@50=0.25
[b2a][epoch 19/50] loss=0.8976  val_acc=0.8799  macroF1=0.6423  edit=33.52  segF1@50=0.35
[b2a][epoch 20/50] loss=0.8484  val_acc=0.8719  macroF1=0.6256  edit=32.22  segF1@50=0.25
[b2a][epoch 21/50] loss=0.7938  val_acc=0.8693  macroF1=0.6172  edit=33.89  segF1@50=0.27
[b2a][epoch 22/50] loss=0.7496  val_acc=0.8264  macroF1=0.5796  edit=24.21  segF1@50=0.13
[b2a][epoch 23/50] loss=0.7777  val_acc=0.8007  macroF1=0.6320  edit=32.89  segF1@50=0.25
[b2a][epoch 24/50] loss=0.7242  val_acc=0.8409  macroF1=0.6006  edit=35.00  segF1@50=0.30
[b2a][epoch 25/50] loss=0.7550  val_acc=0.7828  macroF1=0.5585  edit=22.93  segF1@50=0.11
[b2a][epoch 26/50] loss=0.8536  val_acc=0.8416  macroF1=0.5921  edit=36.24  segF1@50=0.31
[b2a][epoch 27/50] loss=0.7335  val_acc=0.8185  macroF1=0.5707  edit=26.13  segF1@50=0.19
[b2a][epoch 28/50] loss=0.6574  val_acc=0.8363  macroF1=0.6276  edit=26.14  segF1@50=0.14
[b2a][epoch 29/50] loss=0.6682  val_acc=0.7875  macroF1=0.4915  edit=30.46  segF1@50=0.29
[b2a][epoch 30/50] loss=0.6757  val_acc=0.8693  macroF1=0.6255  edit=28.39  segF1@50=0.24
[b2a][epoch 31/50] loss=0.5532  val_acc=0.8436  macroF1=0.6602  edit=32.96  segF1@50=0.24
[b2a][epoch 32/50] loss=0.5256  val_acc=0.8931  macroF1=0.6692  edit=31.51  segF1@50=0.26
[b2a][epoch 33/50] loss=0.5044  val_acc=0.8502  macroF1=0.6948  edit=33.96  segF1@50=0.33
[b2a][epoch 34/50] loss=0.5143  val_acc=0.8667  macroF1=0.6756  edit=33.23  segF1@50=0.25
[b2a][epoch 35/50] loss=0.5295  val_acc=0.8977  macroF1=0.6734  edit=31.79  segF1@50=0.28
[b2a][epoch 36/50] loss=0.4746  val_acc=0.8812  macroF1=0.6969  edit=34.50  segF1@50=0.33
[b2a][epoch 37/50] loss=0.4416  val_acc=0.8832  macroF1=0.6896  edit=39.22  segF1@50=0.32
[b2a][epoch 38/50] loss=0.4293  val_acc=0.8997  macroF1=0.6913  edit=39.87  segF1@50=0.34
[b2a][epoch 39/50] loss=0.4188  val_acc=0.8898  macroF1=0.7066  edit=38.29  segF1@50=0.36
[b2a][epoch 40/50] loss=0.4066  val_acc=0.8858  macroF1=0.7091  edit=34.22  segF1@50=0.32
[b2a][epoch 41/50] loss=0.3967  val_acc=0.8970  macroF1=0.7032  edit=40.15  segF1@50=0.35
[b2a][epoch 42/50] loss=0.3841  val_acc=0.8838  macroF1=0.7171  edit=35.25  segF1@50=0.32
[b2a][epoch 43/50] loss=0.3734  val_acc=0.8917  macroF1=0.7102  edit=39.32  segF1@50=0.34
[b2a][epoch 44/50] loss=0.3678  val_acc=0.8924  macroF1=0.7250  edit=32.61  segF1@50=0.30
[b2a][epoch 45/50] loss=0.3602  val_acc=0.8977  macroF1=0.7209  edit=40.09  segF1@50=0.36
[b2a][epoch 46/50] loss=0.3507  val_acc=0.8924  macroF1=0.7134  edit=39.87  segF1@50=0.35
[b2a][epoch 47/50] loss=0.3473  val_acc=0.8931  macroF1=0.7312  edit=36.00  segF1@50=0.34
[b2a][epoch 48/50] loss=0.3410  val_acc=0.9036  macroF1=0.7197  edit=40.46  segF1@50=0.36
[b2a][epoch 49/50] loss=0.3361  val_acc=0.9030  macroF1=0.7278  edit=39.84  segF1@50=0.34
[b2a][epoch 50/50] loss=0.3263  val_acc=0.9089  macroF1=0.7445  edit=37.54  segF1@50=0.34
[b2a] best @epoch 50: acc=0.9089 macroF1=0.7445
[b2a] evidence written -> /home/ubuntu/slocal2/m2/experiments/transfer/b2a_base_oracle_noise_p030_001_b2a_base_oracle_noise_p030_seed42
