[b2a] train clips=13  val clips=3  in_dim=2063  tool_source=pred  classes=9  device=cuda
[b2a] evidence dir: /home/ubuntu/slocal2/m2/experiments/transfer/b2a_regiononly_mask_11_003_b2a_regiononly_mask_11_seed456
[b2a][epoch 1/50] loss=3.4636  val_acc=0.3677  macroF1=0.0768  edit=18.00  segF1@50=0.22
[b2a][epoch 2/50] loss=2.6952  val_acc=0.6686  macroF1=0.2281  edit=38.33  segF1@50=0.20
[b2a][epoch 3/50] loss=2.0952  val_acc=0.6667  macroF1=0.2267  edit=35.67  segF1@50=0.22
[b2a][epoch 4/50] loss=1.7953  val_acc=0.6568  macroF1=0.2243  edit=35.67  segF1@50=0.26
[b2a][epoch 5/50] loss=1.6167  val_acc=0.6792  macroF1=0.2295  edit=34.33  segF1@50=0.22
[b2a][epoch 6/50] loss=1.4630  val_acc=0.6759  macroF1=0.2305  edit=27.22  segF1@50=0.12
[b2a][epoch 7/50] loss=1.3871  val_acc=0.6792  macroF1=0.2304  edit=30.11  segF1@50=0.19
[b2a][epoch 8/50] loss=1.2223  val_acc=0.6884  macroF1=0.2466  edit=41.67  segF1@50=0.17
[b2a][epoch 9/50] loss=1.1269  val_acc=0.7822  macroF1=0.3512  edit=38.11  segF1@50=0.26
[b2a][epoch 10/50] loss=1.0179  val_acc=0.8079  macroF1=0.4234  edit=53.44  segF1@50=0.26
[b2a][epoch 11/50] loss=0.9411  val_acc=0.8356  macroF1=0.4866  edit=37.22  segF1@50=0.42
[b2a][epoch 12/50] loss=0.8631  val_acc=0.8561  macroF1=0.5157  edit=29.88  segF1@50=0.30
[b2a][epoch 13/50] loss=0.7982  val_acc=0.8469  macroF1=0.4937  edit=28.56  segF1@50=0.23
[b2a][epoch 14/50] loss=0.7699  val_acc=0.8548  macroF1=0.5232  edit=38.60  segF1@50=0.35
[b2a][epoch 15/50] loss=0.7149  val_acc=0.8515  macroF1=0.5095  edit=31.70  segF1@50=0.29
[b2a][epoch 16/50] loss=0.7074  val_acc=0.8686  macroF1=0.6069  edit=36.71  segF1@50=0.36
[b2a][epoch 17/50] loss=0.6723  val_acc=0.9017  macroF1=0.6976  edit=39.53  segF1@50=0.40
[b2a][epoch 18/50] loss=0.6358  val_acc=0.9043  macroF1=0.6968  edit=31.57  segF1@50=0.34
[b2a][epoch 19/50] loss=0.6113  val_acc=0.9129  macroF1=0.7186  edit=43.52  segF1@50=0.43
[b2a][epoch 20/50] loss=0.5891  val_acc=0.9162  macroF1=0.7397  edit=36.18  segF1@50=0.38
[b2a][epoch 21/50] loss=0.5621  val_acc=0.9162  macroF1=0.7259  edit=32.90  segF1@50=0.35
[b2a][epoch 22/50] loss=0.5678  val_acc=0.9208  macroF1=0.7384  edit=35.28  segF1@50=0.36
[b2a][epoch 23/50] loss=0.5487  val_acc=0.9228  macroF1=0.7453  edit=43.81  segF1@50=0.45
[b2a][epoch 24/50] loss=0.5297  val_acc=0.9149  macroF1=0.7314  edit=32.40  segF1@50=0.32
[b2a][epoch 25/50] loss=0.5092  val_acc=0.9261  macroF1=0.7535  edit=36.62  segF1@50=0.41
[b2a][epoch 26/50] loss=0.4953  val_acc=0.9241  macroF1=0.7500  edit=36.97  segF1@50=0.39
[b2a][epoch 27/50] loss=0.4772  val_acc=0.9347  macroF1=0.7715  edit=36.60  segF1@50=0.41
[b2a][epoch 28/50] loss=0.4564  val_acc=0.9274  macroF1=0.7572  edit=41.41  segF1@50=0.43
[b2a][epoch 29/50] loss=0.4588  val_acc=0.9320  macroF1=0.7655  edit=38.06  segF1@50=0.42
[b2a][epoch 30/50] loss=0.4490  val_acc=0.9314  macroF1=0.7661  edit=35.56  segF1@50=0.40
[b2a][epoch 31/50] loss=0.4322  val_acc=0.9294  macroF1=0.7597  edit=33.52  segF1@50=0.36
[b2a][epoch 32/50] loss=0.4232  val_acc=0.9300  macroF1=0.7626  edit=34.92  segF1@50=0.37
[b2a][epoch 33/50] loss=0.4238  val_acc=0.9314  macroF1=0.7680  edit=35.25  segF1@50=0.39
[b2a][epoch 34/50] loss=0.4053  val_acc=0.9333  macroF1=0.7665  edit=36.54  segF1@50=0.41
[b2a][epoch 35/50] loss=0.4003  val_acc=0.9373  macroF1=0.7795  edit=34.44  segF1@50=0.41
[b2a][epoch 36/50] loss=0.3920  val_acc=0.9287  macroF1=0.7580  edit=34.70  segF1@50=0.39
[b2a][epoch 37/50] loss=0.4530  val_acc=0.9380  macroF1=0.7860  edit=34.96  segF1@50=0.38
[b2a][epoch 38/50] loss=0.4472  val_acc=0.9254  macroF1=0.7536  edit=32.15  segF1@50=0.33
[b2a][epoch 39/50] loss=0.4122  val_acc=0.9267  macroF1=0.7493  edit=35.08  segF1@50=0.38
[b2a][epoch 40/50] loss=0.3975  val_acc=0.9300  macroF1=0.7706  edit=32.31  segF1@50=0.36
[b2a][epoch 41/50] loss=0.3790  val_acc=0.9314  macroF1=0.7656  edit=36.03  segF1@50=0.38
[b2a][epoch 42/50] loss=0.3615  val_acc=0.9333  macroF1=0.7715  edit=35.25  segF1@50=0.38
[b2a][epoch 43/50] loss=0.3532  val_acc=0.9307  macroF1=0.7652  edit=32.06  segF1@50=0.35
[b2a][epoch 44/50] loss=0.3494  val_acc=0.9333  macroF1=0.7728  edit=32.25  segF1@50=0.35
[b2a][epoch 45/50] loss=0.3446  val_acc=0.9353  macroF1=0.7749  edit=33.06  segF1@50=0.39
[b2a][epoch 46/50] loss=0.3369  val_acc=0.9340  macroF1=0.7752  edit=34.32  segF1@50=0.37
[b2a][epoch 47/50] loss=0.3303  val_acc=0.9333  macroF1=0.7713  edit=33.56  segF1@50=0.39
[b2a][epoch 48/50] loss=0.3337  val_acc=0.9307  macroF1=0.7725  edit=33.95  segF1@50=0.35
[b2a][epoch 49/50] loss=0.3464  val_acc=0.9300  macroF1=0.7597  edit=31.25  segF1@50=0.37
[b2a][epoch 50/50] loss=0.3526  val_acc=0.9347  macroF1=0.7877  edit=35.66  segF1@50=0.39
[b2a] best @epoch 37: acc=0.9380 macroF1=0.7860
[b2a] evidence written -> /home/ubuntu/slocal2/m2/experiments/transfer/b2a_regiononly_mask_11_003_b2a_regiononly_mask_11_seed456
