[b2a] train clips=13  val clips=3  in_dim=2063  tool_source=oracle  classes=9  device=cuda
[b2a] evidence dir: /home/ubuntu/slocal2/m2/experiments/transfer/b2a_ro_oracle_nhnoise_p010_003_b2a_ro_oracle_nhnoise_p010_seed456
[b2a][epoch 1/50] loss=3.4823  val_acc=0.3677  macroF1=0.0768  edit=18.00  segF1@50=0.22
[b2a][epoch 2/50] loss=2.7440  val_acc=0.6587  macroF1=0.2262  edit=36.43  segF1@50=0.19
[b2a][epoch 3/50] loss=2.1875  val_acc=0.6660  macroF1=0.2258  edit=32.00  segF1@50=0.26
[b2a][epoch 4/50] loss=1.8797  val_acc=0.6561  macroF1=0.2242  edit=41.00  segF1@50=0.25
[b2a][epoch 5/50] loss=1.6633  val_acc=0.6805  macroF1=0.2283  edit=32.00  segF1@50=0.29
[b2a][epoch 6/50] loss=1.5037  val_acc=0.6792  macroF1=0.2311  edit=22.44  segF1@50=0.12
[b2a][epoch 7/50] loss=1.4353  val_acc=0.6865  macroF1=0.2304  edit=41.00  segF1@50=0.35
[b2a][epoch 8/50] loss=1.2398  val_acc=0.6970  macroF1=0.2601  edit=35.85  segF1@50=0.24
[b2a][epoch 9/50] loss=1.1452  val_acc=0.7888  macroF1=0.3656  edit=31.57  segF1@50=0.24
[b2a][epoch 10/50] loss=1.0511  val_acc=0.8442  macroF1=0.4891  edit=45.06  segF1@50=0.42
[b2a][epoch 11/50] loss=0.9627  val_acc=0.8607  macroF1=0.5183  edit=55.25  segF1@50=0.50
[b2a][epoch 12/50] loss=0.8861  val_acc=0.8647  macroF1=0.5332  edit=57.44  segF1@50=0.49
[b2a][epoch 13/50] loss=0.8170  val_acc=0.8614  macroF1=0.5236  edit=39.30  segF1@50=0.34
[b2a][epoch 14/50] loss=0.7860  val_acc=0.8766  macroF1=0.5898  edit=50.00  segF1@50=0.54
[b2a][epoch 15/50] loss=0.7280  val_acc=0.8733  macroF1=0.5898  edit=40.39  segF1@50=0.36
[b2a][epoch 16/50] loss=0.7283  val_acc=0.9498  macroF1=0.7979  edit=64.22  segF1@50=0.73
[b2a][epoch 17/50] loss=0.6792  val_acc=0.9492  macroF1=0.8005  edit=58.44  segF1@50=0.57
[b2a][epoch 18/50] loss=0.6442  val_acc=0.9545  macroF1=0.8063  edit=70.89  segF1@50=0.76
[b2a][epoch 19/50] loss=0.6109  val_acc=0.9538  macroF1=0.8045  edit=64.00  segF1@50=0.67
[b2a][epoch 20/50] loss=0.5918  val_acc=0.9545  macroF1=0.8103  edit=68.38  segF1@50=0.76
[b2a][epoch 21/50] loss=0.5713  val_acc=0.9525  macroF1=0.8099  edit=52.78  segF1@50=0.56
[b2a][epoch 22/50] loss=0.5838  val_acc=0.9545  macroF1=0.8148  edit=61.11  segF1@50=0.66
[b2a][epoch 23/50] loss=0.5731  val_acc=0.9604  macroF1=0.8187  edit=70.89  segF1@50=0.76
[b2a][epoch 24/50] loss=0.5599  val_acc=0.9485  macroF1=0.8133  edit=54.44  segF1@50=0.55
[b2a][epoch 25/50] loss=0.5415  val_acc=0.9591  macroF1=0.8230  edit=68.52  segF1@50=0.77
[b2a][epoch 26/50] loss=0.5194  val_acc=0.9591  macroF1=0.8225  edit=64.00  segF1@50=0.68
[b2a][epoch 27/50] loss=0.4992  val_acc=0.9584  macroF1=0.8245  edit=60.22  segF1@50=0.67
[b2a][epoch 28/50] loss=0.4842  val_acc=0.9584  macroF1=0.8223  edit=61.73  segF1@50=0.67
[b2a][epoch 29/50] loss=0.5017  val_acc=0.9571  macroF1=0.8250  edit=50.00  segF1@50=0.55
[b2a][epoch 30/50] loss=0.4911  val_acc=0.9617  macroF1=0.8253  edit=70.94  segF1@50=0.78
[b2a][epoch 31/50] loss=0.4607  val_acc=0.9591  macroF1=0.8279  edit=56.35  segF1@50=0.59
[b2a][epoch 32/50] loss=0.4452  val_acc=0.9637  macroF1=0.8313  edit=65.38  segF1@50=0.75
[b2a][epoch 33/50] loss=0.4423  val_acc=0.9604  macroF1=0.8303  edit=61.11  segF1@50=0.67
[b2a][epoch 34/50] loss=0.4252  val_acc=0.9624  macroF1=0.8308  edit=57.54  segF1@50=0.64
[b2a][epoch 35/50] loss=0.4250  val_acc=0.9624  macroF1=0.8322  edit=66.67  segF1@50=0.77
[b2a][epoch 36/50] loss=0.4323  val_acc=0.9498  macroF1=0.8104  edit=57.79  segF1@50=0.65
[b2a][epoch 37/50] loss=0.4641  val_acc=0.9512  macroF1=0.8027  edit=53.53  segF1@50=0.58
[b2a][epoch 38/50] loss=0.4868  val_acc=0.9545  macroF1=0.8251  edit=50.40  segF1@50=0.53
[b2a][epoch 39/50] loss=0.4493  val_acc=0.9578  macroF1=0.8254  edit=49.37  segF1@50=0.57
[b2a][epoch 40/50] loss=0.4137  val_acc=0.9624  macroF1=0.8331  edit=58.74  segF1@50=0.65
[b2a][epoch 41/50] loss=0.3985  val_acc=0.9611  macroF1=0.8315  edit=54.21  segF1@50=0.61
[b2a][epoch 42/50] loss=0.3870  val_acc=0.9611  macroF1=0.8305  edit=52.22  segF1@50=0.60
[b2a][epoch 43/50] loss=0.3783  val_acc=0.9604  macroF1=0.8318  edit=54.21  segF1@50=0.57
[b2a][epoch 44/50] loss=0.3738  val_acc=0.9637  macroF1=0.8349  edit=51.98  segF1@50=0.60
[b2a][epoch 45/50] loss=0.3715  val_acc=0.9591  macroF1=0.8328  edit=53.18  segF1@50=0.56
[b2a][epoch 46/50] loss=0.3714  val_acc=0.9630  macroF1=0.8320  edit=51.98  segF1@50=0.60
[b2a][epoch 47/50] loss=0.3600  val_acc=0.9597  macroF1=0.8346  edit=51.98  segF1@50=0.55
[b2a][epoch 48/50] loss=0.3536  val_acc=0.9624  macroF1=0.8323  edit=54.27  segF1@50=0.61
[b2a][epoch 49/50] loss=0.3478  val_acc=0.9624  macroF1=0.8357  edit=57.54  segF1@50=0.66
[b2a][epoch 50/50] loss=0.3399  val_acc=0.9564  macroF1=0.8230  edit=53.09  segF1@50=0.55
[b2a] best @epoch 32: acc=0.9637 macroF1=0.8313
[b2a] evidence written -> /home/ubuntu/slocal2/m2/experiments/transfer/b2a_ro_oracle_nhnoise_p010_003_b2a_ro_oracle_nhnoise_p010_seed456
