[b2a] train clips=13  val clips=3  in_dim=2063  tool_source=oracle  classes=9  device=cuda
[b2a] evidence dir: /home/ubuntu/slocal2/m2/experiments/transfer/b2a_base_oracle_noise_p010_002_b2a_base_oracle_noise_p010_seed123
[b2a][epoch 1/50] loss=3.5670  val_acc=0.3677  macroF1=0.0768  edit=18.00  segF1@50=0.22
[b2a][epoch 2/50] loss=3.0530  val_acc=0.3677  macroF1=0.0768  edit=18.00  segF1@50=0.22
[b2a][epoch 3/50] loss=2.7512  val_acc=0.3340  macroF1=0.0715  edit=9.67  segF1@50=0.00
[b2a][epoch 4/50] loss=2.6104  val_acc=0.4759  macroF1=0.1469  edit=13.33  segF1@50=0.10
[b2a][epoch 5/50] loss=2.4265  val_acc=0.6271  macroF1=0.2091  edit=27.50  segF1@50=0.22
[b2a][epoch 6/50] loss=2.0523  val_acc=0.6766  macroF1=0.2300  edit=34.33  segF1@50=0.22
[b2a][epoch 7/50] loss=2.0542  val_acc=0.4389  macroF1=0.1411  edit=20.33  segF1@50=0.02
[b2a][epoch 8/50] loss=2.2209  val_acc=0.6224  macroF1=0.2074  edit=31.85  segF1@50=0.25
[b2a][epoch 9/50] loss=1.7042  val_acc=0.6482  macroF1=0.2233  edit=32.67  segF1@50=0.15
[b2a][epoch 10/50] loss=1.4646  val_acc=0.6733  macroF1=0.2297  edit=28.67  segF1@50=0.17
[b2a][epoch 11/50] loss=1.3607  val_acc=0.6607  macroF1=0.2592  edit=31.48  segF1@50=0.15
[b2a][epoch 12/50] loss=1.2474  val_acc=0.6865  macroF1=0.3159  edit=29.68  segF1@50=0.21
[b2a][epoch 13/50] loss=1.1645  val_acc=0.7756  macroF1=0.4052  edit=39.62  segF1@50=0.29
[b2a][epoch 14/50] loss=1.0893  val_acc=0.7584  macroF1=0.3800  edit=28.11  segF1@50=0.24
[b2a][epoch 15/50] loss=1.0329  val_acc=0.7789  macroF1=0.4082  edit=30.58  segF1@50=0.25
[b2a][epoch 16/50] loss=0.9512  val_acc=0.7960  macroF1=0.4372  edit=25.04  segF1@50=0.24
[b2a][epoch 17/50] loss=0.9162  val_acc=0.8264  macroF1=0.5391  edit=30.06  segF1@50=0.21
[b2a][epoch 18/50] loss=0.8531  val_acc=0.8238  macroF1=0.4793  edit=38.29  segF1@50=0.38
[b2a][epoch 19/50] loss=0.8056  val_acc=0.8211  macroF1=0.5004  edit=32.02  segF1@50=0.29
[b2a][epoch 20/50] loss=0.8108  val_acc=0.8561  macroF1=0.5739  edit=30.60  segF1@50=0.23
[b2a][epoch 21/50] loss=0.7661  val_acc=0.7696  macroF1=0.5005  edit=32.56  segF1@50=0.25
[b2a][epoch 22/50] loss=0.8095  val_acc=0.9023  macroF1=0.6696  edit=35.00  segF1@50=0.31
[b2a][epoch 23/50] loss=0.6799  val_acc=0.8825  macroF1=0.6786  edit=31.68  segF1@50=0.27
[b2a][epoch 24/50] loss=0.6408  val_acc=0.8997  macroF1=0.6793  edit=36.13  segF1@50=0.32
[b2a][epoch 25/50] loss=0.6148  val_acc=0.9149  macroF1=0.7319  edit=43.56  segF1@50=0.41
[b2a][epoch 26/50] loss=0.5765  val_acc=0.9135  macroF1=0.7315  edit=34.17  segF1@50=0.33
[b2a][epoch 27/50] loss=0.5610  val_acc=0.8957  macroF1=0.6581  edit=37.57  segF1@50=0.30
[b2a][epoch 28/50] loss=0.5550  val_acc=0.9069  macroF1=0.7227  edit=39.71  segF1@50=0.35
[b2a][epoch 29/50] loss=0.5333  val_acc=0.9083  macroF1=0.7268  edit=31.77  segF1@50=0.30
[b2a][epoch 30/50] loss=0.5133  val_acc=0.9076  macroF1=0.7234  edit=31.43  segF1@50=0.30
[b2a][epoch 31/50] loss=0.4936  val_acc=0.9109  macroF1=0.7551  edit=38.60  segF1@50=0.36
[b2a][epoch 32/50] loss=0.7174  val_acc=0.9175  macroF1=0.6972  edit=26.28  segF1@50=0.40
[b2a][epoch 33/50] loss=0.6344  val_acc=0.8891  macroF1=0.7041  edit=42.31  segF1@50=0.45
[b2a][epoch 34/50] loss=0.5761  val_acc=0.8858  macroF1=0.7062  edit=31.67  segF1@50=0.30
[b2a][epoch 35/50] loss=0.5269  val_acc=0.9294  macroF1=0.7777  edit=43.33  segF1@50=0.41
[b2a][epoch 36/50] loss=0.4930  val_acc=0.8851  macroF1=0.6898  edit=32.50  segF1@50=0.31
[b2a][epoch 37/50] loss=0.4573  val_acc=0.9300  macroF1=0.7852  edit=38.96  segF1@50=0.43
[b2a][epoch 38/50] loss=0.4304  val_acc=0.9063  macroF1=0.7235  edit=35.03  segF1@50=0.34
[b2a][epoch 39/50] loss=0.4157  val_acc=0.9300  macroF1=0.7857  edit=39.73  segF1@50=0.40
[b2a][epoch 40/50] loss=0.4360  val_acc=0.8970  macroF1=0.6881  edit=34.22  segF1@50=0.31
[b2a][epoch 41/50] loss=0.4533  val_acc=0.8871  macroF1=0.7118  edit=38.44  segF1@50=0.38
[b2a][epoch 42/50] loss=0.4414  val_acc=0.9142  macroF1=0.7326  edit=43.41  segF1@50=0.39
[b2a][epoch 43/50] loss=0.4108  val_acc=0.9102  macroF1=0.7543  edit=38.14  segF1@50=0.39
[b2a][epoch 44/50] loss=0.3823  val_acc=0.9076  macroF1=0.7238  edit=35.71  segF1@50=0.32
[b2a][epoch 45/50] loss=0.3707  val_acc=0.9248  macroF1=0.7721  edit=40.00  segF1@50=0.38
[b2a][epoch 46/50] loss=0.3573  val_acc=0.9089  macroF1=0.7497  edit=36.23  segF1@50=0.36
[b2a][epoch 47/50] loss=0.3466  val_acc=0.9241  macroF1=0.7637  edit=37.50  segF1@50=0.37
[b2a][epoch 48/50] loss=0.3342  val_acc=0.9201  macroF1=0.7636  edit=40.57  segF1@50=0.39
[b2a][epoch 49/50] loss=0.3286  val_acc=0.9267  macroF1=0.7722  edit=41.16  segF1@50=0.41
[b2a][epoch 50/50] loss=0.3202  val_acc=0.9248  macroF1=0.7673  edit=35.18  segF1@50=0.35
[b2a] best @epoch 37: acc=0.9300 macroF1=0.7852
[b2a] evidence written -> /home/ubuntu/slocal2/m2/experiments/transfer/b2a_base_oracle_noise_p010_002_b2a_base_oracle_noise_p010_seed123
