[b2a] train clips=13  val clips=3  in_dim=2063  tool_source=pred  classes=9  device=cuda
[b2a] evidence dir: /home/ubuntu/slocal2/m2/experiments/transfer/b2a_regiononly_mask_12_001_b2a_regiononly_mask_12_seed42
[b2a][epoch 1/50] loss=3.4934  val_acc=0.3399  macroF1=0.0761  edit=19.87  segF1@50=0.00
[b2a][epoch 2/50] loss=2.6705  val_acc=0.3485  macroF1=0.0826  edit=24.81  segF1@50=0.00
[b2a][epoch 3/50] loss=2.2630  val_acc=0.6838  macroF1=0.2318  edit=34.33  segF1@50=0.22
[b2a][epoch 4/50] loss=1.8030  val_acc=0.6752  macroF1=0.2296  edit=27.67  segF1@50=0.22
[b2a][epoch 5/50] loss=1.5499  val_acc=0.6818  macroF1=0.2312  edit=29.00  segF1@50=0.22
[b2a][epoch 6/50] loss=1.3937  val_acc=0.6799  macroF1=0.2311  edit=34.33  segF1@50=0.24
[b2a][epoch 7/50] loss=1.2521  val_acc=0.7736  macroF1=0.3588  edit=33.56  segF1@50=0.28
[b2a][epoch 8/50] loss=1.1480  val_acc=0.7815  macroF1=0.3558  edit=32.37  segF1@50=0.24
[b2a][epoch 9/50] loss=1.0411  val_acc=0.7894  macroF1=0.3709  edit=36.63  segF1@50=0.30
[b2a][epoch 10/50] loss=0.9609  val_acc=0.8422  macroF1=0.4954  edit=41.40  segF1@50=0.37
[b2a][epoch 11/50] loss=0.8754  val_acc=0.8508  macroF1=0.5253  edit=36.33  segF1@50=0.40
[b2a][epoch 12/50] loss=0.8349  val_acc=0.8515  macroF1=0.4918  edit=30.56  segF1@50=0.26
[b2a][epoch 13/50] loss=0.7559  val_acc=0.8594  macroF1=0.5013  edit=32.05  segF1@50=0.30
[b2a][epoch 14/50] loss=0.7342  val_acc=0.9109  macroF1=0.6825  edit=36.91  segF1@50=0.34
[b2a][epoch 15/50] loss=0.6848  val_acc=0.9208  macroF1=0.7237  edit=40.13  segF1@50=0.41
[b2a][epoch 16/50] loss=0.6553  val_acc=0.9182  macroF1=0.6815  edit=31.33  segF1@50=0.30
[b2a][epoch 17/50] loss=0.6434  val_acc=0.9320  macroF1=0.7533  edit=39.47  segF1@50=0.42
[b2a][epoch 18/50] loss=0.5924  val_acc=0.9261  macroF1=0.7262  edit=39.73  segF1@50=0.37
[b2a][epoch 19/50] loss=0.5727  val_acc=0.9340  macroF1=0.7589  edit=40.42  segF1@50=0.41
[b2a][epoch 20/50] loss=0.5659  val_acc=0.9267  macroF1=0.7338  edit=41.67  segF1@50=0.40
[b2a][epoch 21/50] loss=0.5345  val_acc=0.9294  macroF1=0.7350  edit=39.81  segF1@50=0.37
[b2a][epoch 22/50] loss=0.5233  val_acc=0.9314  macroF1=0.7599  edit=54.14  segF1@50=0.59
[b2a][epoch 23/50] loss=0.5098  val_acc=0.9320  macroF1=0.7433  edit=41.99  segF1@50=0.40
[b2a][epoch 24/50] loss=0.5050  val_acc=0.9353  macroF1=0.7728  edit=44.13  segF1@50=0.46
[b2a][epoch 25/50] loss=0.4991  val_acc=0.9281  macroF1=0.7505  edit=47.58  segF1@50=0.48
[b2a][epoch 26/50] loss=0.4839  val_acc=0.9340  macroF1=0.7501  edit=38.96  segF1@50=0.37
[b2a][epoch 27/50] loss=0.4668  val_acc=0.9366  macroF1=0.7598  edit=44.18  segF1@50=0.42
[b2a][epoch 28/50] loss=0.4532  val_acc=0.9287  macroF1=0.7537  edit=50.36  segF1@50=0.54
[b2a][epoch 29/50] loss=0.4494  val_acc=0.9340  macroF1=0.7753  edit=45.88  segF1@50=0.51
[b2a][epoch 30/50] loss=0.4535  val_acc=0.9380  macroF1=0.7737  edit=41.01  segF1@50=0.43
[b2a][epoch 31/50] loss=0.4463  val_acc=0.9287  macroF1=0.7433  edit=42.86  segF1@50=0.42
[b2a][epoch 32/50] loss=0.4696  val_acc=0.9386  macroF1=0.7697  edit=40.43  segF1@50=0.45
[b2a][epoch 33/50] loss=0.4251  val_acc=0.9327  macroF1=0.7598  edit=53.23  segF1@50=0.56
[b2a][epoch 34/50] loss=0.4076  val_acc=0.9380  macroF1=0.7685  edit=41.01  segF1@50=0.46
[b2a][epoch 35/50] loss=0.3927  val_acc=0.9393  macroF1=0.7724  edit=39.68  segF1@50=0.45
[b2a][epoch 36/50] loss=0.3915  val_acc=0.9399  macroF1=0.7720  edit=39.68  segF1@50=0.45
[b2a][epoch 37/50] loss=0.3894  val_acc=0.9347  macroF1=0.7682  edit=45.45  segF1@50=0.46
[b2a][epoch 38/50] loss=0.4066  val_acc=0.9413  macroF1=0.7817  edit=36.97  segF1@50=0.40
[b2a][epoch 39/50] loss=0.4103  val_acc=0.9294  macroF1=0.7583  edit=52.12  segF1@50=0.50
[b2a][epoch 40/50] loss=0.3998  val_acc=0.9406  macroF1=0.7889  edit=41.35  segF1@50=0.44
[b2a][epoch 41/50] loss=0.3933  val_acc=0.9386  macroF1=0.7690  edit=38.74  segF1@50=0.44
[b2a][epoch 42/50] loss=0.3869  val_acc=0.9393  macroF1=0.7837  edit=36.86  segF1@50=0.39
[b2a][epoch 43/50] loss=0.3679  val_acc=0.9300  macroF1=0.7492  edit=42.54  segF1@50=0.41
[b2a][epoch 44/50] loss=0.3612  val_acc=0.9472  macroF1=0.7948  edit=41.74  segF1@50=0.45
[b2a][epoch 45/50] loss=0.3593  val_acc=0.9426  macroF1=0.7815  edit=37.86  segF1@50=0.44
[b2a][epoch 46/50] loss=0.3449  val_acc=0.9360  macroF1=0.7711  edit=40.42  segF1@50=0.38
[b2a][epoch 47/50] loss=0.3356  val_acc=0.9432  macroF1=0.7921  edit=36.05  segF1@50=0.43
[b2a][epoch 48/50] loss=0.3269  val_acc=0.9386  macroF1=0.7740  edit=40.00  segF1@50=0.43
[b2a][epoch 49/50] loss=0.3280  val_acc=0.9452  macroF1=0.7940  edit=38.41  segF1@50=0.44
[b2a][epoch 50/50] loss=0.3188  val_acc=0.9399  macroF1=0.7812  edit=39.42  segF1@50=0.44
[b2a] best @epoch 44: acc=0.9472 macroF1=0.7948
[b2a] evidence written -> /home/ubuntu/slocal2/m2/experiments/transfer/b2a_regiononly_mask_12_001_b2a_regiononly_mask_12_seed42
