[b2a] train clips=13  val clips=3  in_dim=2063  tool_source=pred  classes=9  device=cuda
[b2a] evidence dir: /home/ubuntu/slocal/m2/experiments/transfer/b2a_det2phase_toolpresence_008_b2a_det2phase_toolpresence_seed123
[b2a][epoch 1/50] loss=3.5616  val_acc=0.3677  macroF1=0.0768  edit=18.00  segF1@50=0.22
[b2a][epoch 2/50] loss=3.0423  val_acc=0.3677  macroF1=0.0768  edit=18.00  segF1@50=0.22
[b2a][epoch 3/50] loss=2.7398  val_acc=0.3340  macroF1=0.0715  edit=9.67  segF1@50=0.00
[b2a][epoch 4/50] loss=2.5862  val_acc=0.4759  macroF1=0.1469  edit=23.33  segF1@50=0.22
[b2a][epoch 5/50] loss=2.3874  val_acc=0.6482  macroF1=0.2170  edit=34.33  segF1@50=0.24
[b2a][epoch 6/50] loss=1.9841  val_acc=0.6739  macroF1=0.2293  edit=37.00  segF1@50=0.24
[b2a][epoch 7/50] loss=1.9875  val_acc=0.4515  macroF1=0.1476  edit=28.33  segF1@50=0.02
[b2a][epoch 8/50] loss=2.1857  val_acc=0.6284  macroF1=0.2095  edit=34.33  segF1@50=0.25
[b2a][epoch 9/50] loss=1.6572  val_acc=0.6436  macroF1=0.2221  edit=32.67  segF1@50=0.15
[b2a][epoch 10/50] loss=1.4234  val_acc=0.6726  macroF1=0.2293  edit=30.11  segF1@50=0.15
[b2a][epoch 11/50] loss=1.3217  val_acc=0.6548  macroF1=0.2603  edit=42.33  segF1@50=0.17
[b2a][epoch 12/50] loss=1.2238  val_acc=0.7591  macroF1=0.3916  edit=40.07  segF1@50=0.29
[b2a][epoch 13/50] loss=1.1147  val_acc=0.7663  macroF1=0.4025  edit=49.22  segF1@50=0.36
[b2a][epoch 14/50] loss=1.0357  val_acc=0.7769  macroF1=0.3986  edit=35.95  segF1@50=0.26
[b2a][epoch 15/50] loss=0.9927  val_acc=0.8013  macroF1=0.4501  edit=40.60  segF1@50=0.27
[b2a][epoch 16/50] loss=0.9080  val_acc=0.8139  macroF1=0.4724  edit=34.09  segF1@50=0.32
[b2a][epoch 17/50] loss=0.8803  val_acc=0.8620  macroF1=0.6286  edit=29.26  segF1@50=0.28
[b2a][epoch 18/50] loss=0.7821  val_acc=0.8310  macroF1=0.4899  edit=31.55  segF1@50=0.30
[b2a][epoch 19/50] loss=0.7381  val_acc=0.8574  macroF1=0.5994  edit=31.75  segF1@50=0.31
[b2a][epoch 20/50] loss=0.8245  val_acc=0.8970  macroF1=0.6653  edit=32.67  segF1@50=0.32
[b2a][epoch 21/50] loss=0.8125  val_acc=0.7736  macroF1=0.5215  edit=42.46  segF1@50=0.34
[b2a][epoch 22/50] loss=0.7778  val_acc=0.8746  macroF1=0.6231  edit=28.51  segF1@50=0.28
[b2a][epoch 23/50] loss=0.6586  val_acc=0.8845  macroF1=0.6866  edit=44.06  segF1@50=0.36
[b2a][epoch 24/50] loss=0.5952  val_acc=0.9036  macroF1=0.6990  edit=36.04  segF1@50=0.31
[b2a][epoch 25/50] loss=0.5606  val_acc=0.9089  macroF1=0.7324  edit=34.92  segF1@50=0.33
[b2a][epoch 26/50] loss=0.5284  val_acc=0.9109  macroF1=0.7238  edit=39.26  segF1@50=0.41
[b2a][epoch 27/50] loss=0.5087  val_acc=0.9023  macroF1=0.6919  edit=34.39  segF1@50=0.31
[b2a][epoch 28/50] loss=0.4996  val_acc=0.9175  macroF1=0.7639  edit=39.16  segF1@50=0.40
[b2a][epoch 29/50] loss=0.4829  val_acc=0.9076  macroF1=0.6962  edit=36.24  segF1@50=0.35
[b2a][epoch 30/50] loss=0.4565  val_acc=0.9175  macroF1=0.7542  edit=40.00  segF1@50=0.37
[b2a][epoch 31/50] loss=0.4360  val_acc=0.9175  macroF1=0.7579  edit=35.66  segF1@50=0.42
[b2a][epoch 32/50] loss=0.4673  val_acc=0.9221  macroF1=0.7306  edit=43.33  segF1@50=0.48
[b2a][epoch 33/50] loss=0.4919  val_acc=0.8931  macroF1=0.7493  edit=33.30  segF1@50=0.35
[b2a][epoch 34/50] loss=0.5175  val_acc=0.8911  macroF1=0.6602  edit=30.56  segF1@50=0.26
[b2a][epoch 35/50] loss=0.4851  val_acc=0.9234  macroF1=0.7804  edit=38.47  segF1@50=0.37
[b2a][epoch 36/50] loss=0.4384  val_acc=0.9182  macroF1=0.7514  edit=38.82  segF1@50=0.37
[b2a][epoch 37/50] loss=0.4112  val_acc=0.9300  macroF1=0.7829  edit=44.07  segF1@50=0.44
[b2a][epoch 38/50] loss=0.3900  val_acc=0.9188  macroF1=0.7573  edit=39.23  segF1@50=0.37
[b2a][epoch 39/50] loss=0.3759  val_acc=0.9340  macroF1=0.7857  edit=47.44  segF1@50=0.47
[b2a][epoch 40/50] loss=0.3849  val_acc=0.9168  macroF1=0.7359  edit=36.67  segF1@50=0.36
[b2a][epoch 41/50] loss=0.3968  val_acc=0.8759  macroF1=0.7171  edit=36.88  segF1@50=0.37
[b2a][epoch 42/50] loss=0.3918  val_acc=0.9274  macroF1=0.7554  edit=48.37  segF1@50=0.53
[b2a][epoch 43/50] loss=0.3812  val_acc=0.9267  macroF1=0.7792  edit=37.62  segF1@50=0.42
[b2a][epoch 44/50] loss=0.3742  val_acc=0.9023  macroF1=0.7389  edit=32.60  segF1@50=0.32
[b2a][epoch 45/50] loss=0.3400  val_acc=0.9333  macroF1=0.7875  edit=44.29  segF1@50=0.50
[b2a][epoch 46/50] loss=0.3176  val_acc=0.9267  macroF1=0.7816  edit=40.32  segF1@50=0.40
[b2a][epoch 47/50] loss=0.3071  val_acc=0.9274  macroF1=0.7758  edit=37.54  segF1@50=0.40
[b2a][epoch 48/50] loss=0.2982  val_acc=0.9320  macroF1=0.7838  edit=40.83  segF1@50=0.42
[b2a][epoch 49/50] loss=0.2872  val_acc=0.9294  macroF1=0.7738  edit=38.46  segF1@50=0.40
[b2a][epoch 50/50] loss=0.2866  val_acc=0.9320  macroF1=0.7811  edit=39.16  segF1@50=0.41
[b2a] best @epoch 39: acc=0.9340 macroF1=0.7857
[b2a] evidence written -> /home/ubuntu/slocal/m2/experiments/transfer/b2a_det2phase_toolpresence_008_b2a_det2phase_toolpresence_seed123
