[b2a] train clips=13  val clips=3  in_dim=2063  tool_source=pred  classes=9  device=cuda
[b2a] evidence dir: /home/ubuntu/slocal2/m2/experiments/transfer/b2a_regiononly_mask_14_002_b2a_regiononly_mask_14_seed123
[b2a][epoch 1/50] loss=3.6182  val_acc=0.4389  macroF1=0.1400  edit=2.67  segF1@50=0.00
[b2a][epoch 2/50] loss=2.8769  val_acc=0.3630  macroF1=0.0773  edit=2.67  segF1@50=0.17
[b2a][epoch 3/50] loss=2.5440  val_acc=0.3340  macroF1=0.0715  edit=9.67  segF1@50=0.00
[b2a][epoch 4/50] loss=2.2143  val_acc=0.6475  macroF1=0.2178  edit=10.08  segF1@50=0.22
[b2a][epoch 5/50] loss=1.8580  val_acc=0.6726  macroF1=0.2290  edit=13.67  segF1@50=0.19
[b2a][epoch 6/50] loss=1.5071  val_acc=0.6733  macroF1=0.2295  edit=24.78  segF1@50=0.16
[b2a][epoch 7/50] loss=1.3495  val_acc=0.6785  macroF1=0.2313  edit=35.67  segF1@50=0.24
[b2a][epoch 8/50] loss=1.2207  val_acc=0.7789  macroF1=0.3594  edit=31.01  segF1@50=0.21
[b2a][epoch 9/50] loss=1.0899  val_acc=0.7842  macroF1=0.3563  edit=28.61  segF1@50=0.24
[b2a][epoch 10/50] loss=0.9836  val_acc=0.8145  macroF1=0.4671  edit=38.48  segF1@50=0.34
[b2a][epoch 11/50] loss=0.9045  val_acc=0.8561  macroF1=0.5664  edit=42.19  segF1@50=0.41
[b2a][epoch 12/50] loss=0.8800  val_acc=0.9162  macroF1=0.6754  edit=32.74  segF1@50=0.29
[b2a][epoch 13/50] loss=0.7916  val_acc=0.9188  macroF1=0.6847  edit=40.57  segF1@50=0.45
[b2a][epoch 14/50] loss=0.7185  val_acc=0.9228  macroF1=0.7170  edit=41.35  segF1@50=0.38
[b2a][epoch 15/50] loss=0.6799  val_acc=0.9294  macroF1=0.7394  edit=46.19  segF1@50=0.47
[b2a][epoch 16/50] loss=0.6428  val_acc=0.9228  macroF1=0.7261  edit=50.88  segF1@50=0.51
[b2a][epoch 17/50] loss=0.6231  val_acc=0.9373  macroF1=0.7706  edit=44.05  segF1@50=0.49
[b2a][epoch 18/50] loss=0.6146  val_acc=0.9234  macroF1=0.7110  edit=42.06  segF1@50=0.38
[b2a][epoch 19/50] loss=0.5758  val_acc=0.9340  macroF1=0.7436  edit=45.56  segF1@50=0.43
[b2a][epoch 20/50] loss=0.5621  val_acc=0.9287  macroF1=0.7494  edit=52.12  segF1@50=0.53
[b2a][epoch 21/50] loss=0.5244  val_acc=0.9360  macroF1=0.7687  edit=38.10  segF1@50=0.40
[b2a][epoch 22/50] loss=0.5204  val_acc=0.9320  macroF1=0.7526  edit=48.10  segF1@50=0.52
[b2a][epoch 23/50] loss=0.5321  val_acc=0.9347  macroF1=0.7612  edit=42.54  segF1@50=0.43
[b2a][epoch 24/50] loss=0.4967  val_acc=0.9347  macroF1=0.7642  edit=48.10  segF1@50=0.51
[b2a][epoch 25/50] loss=0.4771  val_acc=0.9347  macroF1=0.7681  edit=45.72  segF1@50=0.51
[b2a][epoch 26/50] loss=0.4691  val_acc=0.9446  macroF1=0.7857  edit=46.48  segF1@50=0.53
[b2a][epoch 27/50] loss=0.4620  val_acc=0.9287  macroF1=0.7397  edit=47.99  segF1@50=0.51
[b2a][epoch 28/50] loss=0.4679  val_acc=0.9446  macroF1=0.7892  edit=38.58  segF1@50=0.40
[b2a][epoch 29/50] loss=0.4744  val_acc=0.9287  macroF1=0.7486  edit=44.79  segF1@50=0.47
[b2a][epoch 30/50] loss=0.4703  val_acc=0.9459  macroF1=0.7930  edit=35.83  segF1@50=0.39
[b2a][epoch 31/50] loss=0.4438  val_acc=0.9380  macroF1=0.7693  edit=42.56  segF1@50=0.43
[b2a][epoch 32/50] loss=0.4130  val_acc=0.9439  macroF1=0.7865  edit=38.71  segF1@50=0.41
[b2a][epoch 33/50] loss=0.4103  val_acc=0.9413  macroF1=0.7794  edit=39.34  segF1@50=0.41
[b2a][epoch 34/50] loss=0.4015  val_acc=0.9432  macroF1=0.7828  edit=46.48  segF1@50=0.53
[b2a][epoch 35/50] loss=0.3989  val_acc=0.9406  macroF1=0.7804  edit=46.52  segF1@50=0.52
[b2a][epoch 36/50] loss=0.3930  val_acc=0.9452  macroF1=0.7897  edit=37.22  segF1@50=0.39
[b2a][epoch 37/50] loss=0.3813  val_acc=0.9426  macroF1=0.7839  edit=39.34  segF1@50=0.41
[b2a][epoch 38/50] loss=0.3796  val_acc=0.9419  macroF1=0.7837  edit=42.00  segF1@50=0.44
[b2a][epoch 39/50] loss=0.3753  val_acc=0.9472  macroF1=0.8010  edit=34.84  segF1@50=0.42
[b2a][epoch 40/50] loss=0.4070  val_acc=0.9307  macroF1=0.7362  edit=35.87  segF1@50=0.37
[b2a][epoch 41/50] loss=0.4627  val_acc=0.9472  macroF1=0.8009  edit=31.85  segF1@50=0.37
[b2a][epoch 42/50] loss=0.3994  val_acc=0.9393  macroF1=0.7907  edit=38.10  segF1@50=0.40
[b2a][epoch 43/50] loss=0.3711  val_acc=0.9419  macroF1=0.7845  edit=35.44  segF1@50=0.38
[b2a][epoch 44/50] loss=0.3540  val_acc=0.9426  macroF1=0.7844  edit=37.14  segF1@50=0.39
[b2a][epoch 45/50] loss=0.3407  val_acc=0.9432  macroF1=0.7866  edit=38.12  segF1@50=0.41
[b2a][epoch 46/50] loss=0.3333  val_acc=0.9413  macroF1=0.7836  edit=35.44  segF1@50=0.38
[b2a][epoch 47/50] loss=0.3317  val_acc=0.9439  macroF1=0.7894  edit=33.92  segF1@50=0.41
[b2a][epoch 48/50] loss=0.3263  val_acc=0.9432  macroF1=0.7866  edit=42.56  segF1@50=0.45
[b2a][epoch 49/50] loss=0.3263  val_acc=0.9465  macroF1=0.7995  edit=34.84  segF1@50=0.38
[b2a][epoch 50/50] loss=0.3212  val_acc=0.9413  macroF1=0.7822  edit=36.37  segF1@50=0.39
[b2a] best @epoch 39: acc=0.9472 macroF1=0.8010
[b2a] evidence written -> /home/ubuntu/slocal2/m2/experiments/transfer/b2a_regiononly_mask_14_002_b2a_regiononly_mask_14_seed123
