[b2a] train clips=13  val clips=3  in_dim=2063  tool_source=oracle  classes=9  device=cuda
[b2a] evidence dir: /home/ubuntu/slocal2/m2/experiments/transfer/b2a_ro_oracle_bipolarnoise_p030_002_b2a_ro_oracle_bipolarnoise_p030_seed123
[b2a][epoch 1/50] loss=3.6404  val_acc=0.4396  macroF1=0.1404  edit=2.67  segF1@50=0.00
[b2a][epoch 2/50] loss=2.8834  val_acc=0.3644  macroF1=0.0775  edit=2.67  segF1@50=0.17
[b2a][epoch 3/50] loss=2.5403  val_acc=0.3340  macroF1=0.0715  edit=9.67  segF1@50=0.00
[b2a][epoch 4/50] loss=2.2164  val_acc=0.6620  macroF1=0.2241  edit=16.17  segF1@50=0.19
[b2a][epoch 5/50] loss=1.8547  val_acc=0.6759  macroF1=0.2299  edit=11.00  segF1@50=0.17
[b2a][epoch 6/50] loss=1.5087  val_acc=0.6805  macroF1=0.2314  edit=27.44  segF1@50=0.15
[b2a][epoch 7/50] loss=1.3574  val_acc=0.6884  macroF1=0.2348  edit=30.33  segF1@50=0.25
[b2a][epoch 8/50] loss=1.2333  val_acc=0.7894  macroF1=0.3725  edit=45.33  segF1@50=0.43
[b2a][epoch 9/50] loss=1.1089  val_acc=0.7954  macroF1=0.3616  edit=36.67  segF1@50=0.35
[b2a][epoch 10/50] loss=1.0175  val_acc=0.8482  macroF1=0.5402  edit=39.03  segF1@50=0.41
[b2a][epoch 11/50] loss=0.9410  val_acc=0.9056  macroF1=0.6554  edit=50.38  segF1@50=0.59
[b2a][epoch 12/50] loss=0.8809  val_acc=0.9300  macroF1=0.6908  edit=53.56  segF1@50=0.62
[b2a][epoch 13/50] loss=0.8292  val_acc=0.9281  macroF1=0.6880  edit=53.33  segF1@50=0.55
[b2a][epoch 14/50] loss=0.7911  val_acc=0.9300  macroF1=0.6907  edit=54.89  segF1@50=0.59
[b2a][epoch 15/50] loss=0.7387  val_acc=0.9294  macroF1=0.6984  edit=58.67  segF1@50=0.57
[b2a][epoch 16/50] loss=0.6999  val_acc=0.9307  macroF1=0.6911  edit=53.33  segF1@50=0.57
[b2a][epoch 17/50] loss=0.6618  val_acc=0.9307  macroF1=0.6919  edit=46.44  segF1@50=0.46
[b2a][epoch 18/50] loss=0.6381  val_acc=0.9327  macroF1=0.7030  edit=54.67  segF1@50=0.53
[b2a][epoch 19/50] loss=0.6224  val_acc=0.9307  macroF1=0.7021  edit=58.67  segF1@50=0.54
[b2a][epoch 20/50] loss=0.6099  val_acc=0.9320  macroF1=0.6934  edit=46.44  segF1@50=0.46
[b2a][epoch 21/50] loss=0.5751  val_acc=0.9347  macroF1=0.7204  edit=47.78  segF1@50=0.47
[b2a][epoch 22/50] loss=0.5648  val_acc=0.9347  macroF1=0.7240  edit=45.11  segF1@50=0.46
[b2a][epoch 23/50] loss=0.5454  val_acc=0.9320  macroF1=0.6935  edit=57.56  segF1@50=0.68
[b2a][epoch 24/50] loss=0.5354  val_acc=0.9366  macroF1=0.7307  edit=46.44  segF1@50=0.46
[b2a][epoch 25/50] loss=0.5122  val_acc=0.9340  macroF1=0.7205  edit=46.44  segF1@50=0.47
[b2a][epoch 26/50] loss=0.5088  val_acc=0.9413  macroF1=0.7479  edit=58.67  segF1@50=0.60
[b2a][epoch 27/50] loss=0.4867  val_acc=0.9340  macroF1=0.7015  edit=50.67  segF1@50=0.53
[b2a][epoch 28/50] loss=0.4986  val_acc=0.9406  macroF1=0.7546  edit=49.11  segF1@50=0.45
[b2a][epoch 29/50] loss=0.4743  val_acc=0.9393  macroF1=0.7451  edit=53.33  segF1@50=0.56
[b2a][epoch 30/50] loss=0.4728  val_acc=0.9386  macroF1=0.7448  edit=53.33  segF1@50=0.56
[b2a][epoch 31/50] loss=0.4563  val_acc=0.9274  macroF1=0.7628  edit=45.78  segF1@50=0.48
[b2a][epoch 32/50] loss=0.5668  val_acc=0.9479  macroF1=0.7817  edit=58.64  segF1@50=0.68
[b2a][epoch 33/50] loss=0.5742  val_acc=0.9347  macroF1=0.7532  edit=51.78  segF1@50=0.47
[b2a][epoch 34/50] loss=0.5221  val_acc=0.9360  macroF1=0.7646  edit=57.33  segF1@50=0.60
[b2a][epoch 35/50] loss=0.4808  val_acc=0.9314  macroF1=0.7469  edit=51.78  segF1@50=0.61
[b2a][epoch 36/50] loss=0.4667  val_acc=0.9373  macroF1=0.7421  edit=52.00  segF1@50=0.54
[b2a][epoch 37/50] loss=0.4289  val_acc=0.9419  macroF1=0.7689  edit=53.78  segF1@50=0.54
[b2a][epoch 38/50] loss=0.4168  val_acc=0.9406  macroF1=0.7541  edit=48.44  segF1@50=0.47
[b2a][epoch 39/50] loss=0.3994  val_acc=0.9472  macroF1=0.7825  edit=48.63  segF1@50=0.49
[b2a][epoch 40/50] loss=0.3931  val_acc=0.9432  macroF1=0.7591  edit=51.78  segF1@50=0.55
[b2a][epoch 41/50] loss=0.3914  val_acc=0.9399  macroF1=0.7607  edit=47.30  segF1@50=0.47
[b2a][epoch 42/50] loss=0.3774  val_acc=0.9419  macroF1=0.7553  edit=50.44  segF1@50=0.52
[b2a][epoch 43/50] loss=0.3779  val_acc=0.9439  macroF1=0.7793  edit=50.43  segF1@50=0.51
[b2a][epoch 44/50] loss=0.3739  val_acc=0.9419  macroF1=0.7555  edit=45.78  segF1@50=0.47
[b2a][epoch 45/50] loss=0.3577  val_acc=0.9446  macroF1=0.7695  edit=52.14  segF1@50=0.58
[b2a][epoch 46/50] loss=0.3608  val_acc=0.9432  macroF1=0.7634  edit=47.78  segF1@50=0.55
[b2a][epoch 47/50] loss=0.3531  val_acc=0.9459  macroF1=0.7724  edit=46.22  segF1@50=0.51
[b2a][epoch 48/50] loss=0.3477  val_acc=0.9439  macroF1=0.7737  edit=49.78  segF1@50=0.55
[b2a][epoch 49/50] loss=0.3423  val_acc=0.9452  macroF1=0.7680  edit=51.78  segF1@50=0.57
[b2a][epoch 50/50] loss=0.3403  val_acc=0.9452  macroF1=0.7748  edit=54.44  segF1@50=0.59
[b2a] best @epoch 32: acc=0.9479 macroF1=0.7817
[b2a] evidence written -> /home/ubuntu/slocal2/m2/experiments/transfer/b2a_ro_oracle_bipolarnoise_p030_002_b2a_ro_oracle_bipolarnoise_p030_seed123
