[b2a] train clips=13  val clips=3  in_dim=2063  tool_source=oracle  classes=9  device=cuda
[b2a] evidence dir: /home/ubuntu/slocal2/m2/experiments/transfer/b2a_ro_oracle_top3noise_p010_002_b2a_ro_oracle_top3noise_p010_seed123
[b2a][epoch 1/50] loss=3.6436  val_acc=0.4389  macroF1=0.1401  edit=2.67  segF1@50=0.00
[b2a][epoch 2/50] loss=2.8992  val_acc=0.3624  macroF1=0.0772  edit=2.67  segF1@50=0.17
[b2a][epoch 3/50] loss=2.5842  val_acc=0.3340  macroF1=0.0715  edit=9.67  segF1@50=0.00
[b2a][epoch 4/50] loss=2.3030  val_acc=0.5399  macroF1=0.1761  edit=15.78  segF1@50=0.18
[b2a][epoch 5/50] loss=1.9988  val_acc=0.6726  macroF1=0.2292  edit=24.33  segF1@50=0.18
[b2a][epoch 6/50] loss=1.6309  val_acc=0.6792  macroF1=0.2311  edit=34.11  segF1@50=0.15
[b2a][epoch 7/50] loss=1.4714  val_acc=0.6825  macroF1=0.2330  edit=24.78  segF1@50=0.16
[b2a][epoch 8/50] loss=1.3496  val_acc=0.6871  macroF1=0.2363  edit=38.58  segF1@50=0.24
[b2a][epoch 9/50] loss=1.2356  val_acc=0.7875  macroF1=0.4075  edit=34.13  segF1@50=0.22
[b2a][epoch 10/50] loss=1.1373  val_acc=0.8277  macroF1=0.4838  edit=44.06  segF1@50=0.32
[b2a][epoch 11/50] loss=1.0364  val_acc=0.8917  macroF1=0.6344  edit=39.12  segF1@50=0.40
[b2a][epoch 12/50] loss=0.9553  val_acc=0.9234  macroF1=0.6848  edit=63.00  segF1@50=0.59
[b2a][epoch 13/50] loss=0.8948  val_acc=0.9267  macroF1=0.7140  edit=63.43  segF1@50=0.61
[b2a][epoch 14/50] loss=0.8433  val_acc=0.9234  macroF1=0.6824  edit=46.44  segF1@50=0.52
[b2a][epoch 15/50] loss=0.7982  val_acc=0.9248  macroF1=0.7225  edit=38.54  segF1@50=0.46
[b2a][epoch 16/50] loss=0.7562  val_acc=0.9248  macroF1=0.7151  edit=42.11  segF1@50=0.47
[b2a][epoch 17/50] loss=0.7159  val_acc=0.9373  macroF1=0.7580  edit=55.56  segF1@50=0.59
[b2a][epoch 18/50] loss=0.6821  val_acc=0.9320  macroF1=0.7244  edit=43.56  segF1@50=0.48
[b2a][epoch 19/50] loss=0.6758  val_acc=0.9413  macroF1=0.7714  edit=47.68  segF1@50=0.53
[b2a][epoch 20/50] loss=0.6576  val_acc=0.9373  macroF1=0.7651  edit=48.15  segF1@50=0.52
[b2a][epoch 21/50] loss=0.6280  val_acc=0.9373  macroF1=0.7708  edit=42.86  segF1@50=0.47
[b2a][epoch 22/50] loss=0.6216  val_acc=0.9452  macroF1=0.7842  edit=46.67  segF1@50=0.52
[b2a][epoch 23/50] loss=0.6075  val_acc=0.9386  macroF1=0.7631  edit=45.13  segF1@50=0.48
[b2a][epoch 24/50] loss=0.5946  val_acc=0.9406  macroF1=0.7786  edit=44.14  segF1@50=0.51
[b2a][epoch 25/50] loss=0.5723  val_acc=0.9459  macroF1=0.7876  edit=46.83  segF1@50=0.51
[b2a][epoch 26/50] loss=0.5515  val_acc=0.9452  macroF1=0.7895  edit=41.62  segF1@50=0.51
[b2a][epoch 27/50] loss=0.5362  val_acc=0.9472  macroF1=0.7876  edit=47.22  segF1@50=0.52
[b2a][epoch 28/50] loss=0.5274  val_acc=0.9485  macroF1=0.7901  edit=50.25  segF1@50=0.55
[b2a][epoch 29/50] loss=0.5187  val_acc=0.9446  macroF1=0.7856  edit=44.88  segF1@50=0.49
[b2a][epoch 30/50] loss=0.5176  val_acc=0.9465  macroF1=0.7881  edit=40.00  segF1@50=0.48
[b2a][epoch 31/50] loss=0.5127  val_acc=0.9281  macroF1=0.7721  edit=37.85  segF1@50=0.42
[b2a][epoch 32/50] loss=0.6080  val_acc=0.9498  macroF1=0.7987  edit=43.56  segF1@50=0.53
[b2a][epoch 33/50] loss=0.6273  val_acc=0.9439  macroF1=0.7981  edit=45.78  segF1@50=0.48
[b2a][epoch 34/50] loss=0.5731  val_acc=0.9340  macroF1=0.7739  edit=49.44  segF1@50=0.54
[b2a][epoch 35/50] loss=0.5274  val_acc=0.9340  macroF1=0.7770  edit=48.67  segF1@50=0.56
[b2a][epoch 36/50] loss=0.5308  val_acc=0.9340  macroF1=0.7699  edit=41.32  segF1@50=0.48
[b2a][epoch 37/50] loss=0.4854  val_acc=0.9492  macroF1=0.7989  edit=51.98  segF1@50=0.56
[b2a][epoch 38/50] loss=0.4687  val_acc=0.9406  macroF1=0.7808  edit=39.05  segF1@50=0.43
[b2a][epoch 39/50] loss=0.4544  val_acc=0.9465  macroF1=0.7944  edit=46.67  segF1@50=0.50
[b2a][epoch 40/50] loss=0.4516  val_acc=0.9399  macroF1=0.7790  edit=37.05  segF1@50=0.41
[b2a][epoch 41/50] loss=0.4566  val_acc=0.9406  macroF1=0.7869  edit=43.50  segF1@50=0.49
[b2a][epoch 42/50] loss=0.4332  val_acc=0.9446  macroF1=0.7834  edit=39.72  segF1@50=0.46
[b2a][epoch 43/50] loss=0.4304  val_acc=0.9472  macroF1=0.7979  edit=50.40  segF1@50=0.55
[b2a][epoch 44/50] loss=0.4197  val_acc=0.9413  macroF1=0.7831  edit=40.00  segF1@50=0.47
[b2a][epoch 45/50] loss=0.4123  val_acc=0.9432  macroF1=0.7870  edit=46.88  segF1@50=0.52
[b2a][epoch 46/50] loss=0.4100  val_acc=0.9505  macroF1=0.8001  edit=49.70  segF1@50=0.55
[b2a][epoch 47/50] loss=0.4059  val_acc=0.9452  macroF1=0.7908  edit=37.81  segF1@50=0.48
[b2a][epoch 48/50] loss=0.3985  val_acc=0.9465  macroF1=0.7941  edit=44.56  segF1@50=0.46
[b2a][epoch 49/50] loss=0.3959  val_acc=0.9439  macroF1=0.7928  edit=44.44  segF1@50=0.53
[b2a][epoch 50/50] loss=0.3861  val_acc=0.9439  macroF1=0.7895  edit=38.12  segF1@50=0.46
[b2a] best @epoch 46: acc=0.9505 macroF1=0.8001
[b2a] evidence written -> /home/ubuntu/slocal2/m2/experiments/transfer/b2a_ro_oracle_top3noise_p010_002_b2a_ro_oracle_top3noise_p010_seed123
