[b2a] train clips=13  val clips=3  in_dim=2063  tool_source=oracle  classes=9  device=cuda
[b2a] evidence dir: /home/ubuntu/slocal/m2/experiments/transfer/b2a_det2phase_oracletool_008_b2a_det2phase_oracletool_seed456
[b2a][epoch 1/50] loss=3.4891  val_acc=0.3340  macroF1=0.0715  edit=9.67  segF1@50=0.00
[b2a][epoch 2/50] loss=2.8846  val_acc=0.3650  macroF1=0.0767  edit=2.67  segF1@50=0.17
[b2a][epoch 3/50] loss=2.6865  val_acc=0.3340  macroF1=0.0715  edit=9.67  segF1@50=0.00
[b2a][epoch 4/50] loss=2.5829  val_acc=0.3677  macroF1=0.0768  edit=18.00  segF1@50=0.22
[b2a][epoch 5/50] loss=2.3225  val_acc=0.6812  macroF1=0.2290  edit=27.33  segF1@50=0.11
[b2a][epoch 6/50] loss=1.9861  val_acc=0.4970  macroF1=0.1689  edit=38.58  segF1@50=0.18
[b2a][epoch 7/50] loss=2.0115  val_acc=0.3380  macroF1=0.0748  edit=21.67  segF1@50=0.00
[b2a][epoch 8/50] loss=1.9644  val_acc=0.5723  macroF1=0.1988  edit=27.12  segF1@50=0.11
[b2a][epoch 9/50] loss=1.7097  val_acc=0.6561  macroF1=0.2260  edit=38.33  segF1@50=0.22
[b2a][epoch 10/50] loss=1.4043  val_acc=0.6541  macroF1=0.2249  edit=39.67  segF1@50=0.22
[b2a][epoch 11/50] loss=1.2697  val_acc=0.7036  macroF1=0.3173  edit=33.93  segF1@50=0.25
[b2a][epoch 12/50] loss=1.1580  val_acc=0.7479  macroF1=0.3657  edit=34.28  segF1@50=0.26
[b2a][epoch 13/50] loss=1.0626  val_acc=0.7683  macroF1=0.4042  edit=31.11  segF1@50=0.26
[b2a][epoch 14/50] loss=0.9870  val_acc=0.8376  macroF1=0.4840  edit=30.69  segF1@50=0.32
[b2a][epoch 15/50] loss=0.9055  val_acc=0.7947  macroF1=0.4458  edit=36.44  segF1@50=0.29
[b2a][epoch 16/50] loss=0.8482  val_acc=0.8898  macroF1=0.6463  edit=32.89  segF1@50=0.31
[b2a][epoch 17/50] loss=0.7821  val_acc=0.9129  macroF1=0.6790  edit=43.87  segF1@50=0.38
[b2a][epoch 18/50] loss=0.7264  val_acc=0.9122  macroF1=0.6975  edit=42.24  segF1@50=0.38
[b2a][epoch 19/50] loss=0.6649  val_acc=0.9162  macroF1=0.7085  edit=38.19  segF1@50=0.35
[b2a][epoch 20/50] loss=0.6557  val_acc=0.9083  macroF1=0.7384  edit=43.34  segF1@50=0.43
[b2a][epoch 21/50] loss=0.6893  val_acc=0.9241  macroF1=0.7624  edit=43.34  segF1@50=0.39
[b2a][epoch 22/50] loss=0.6588  val_acc=0.9089  macroF1=0.6566  edit=33.43  segF1@50=0.39
[b2a][epoch 23/50] loss=0.6215  val_acc=0.9116  macroF1=0.7498  edit=38.37  segF1@50=0.39
[b2a][epoch 24/50] loss=0.5851  val_acc=0.9175  macroF1=0.7071  edit=41.58  segF1@50=0.48
[b2a][epoch 25/50] loss=0.5435  val_acc=0.9380  macroF1=0.7660  edit=46.67  segF1@50=0.45
[b2a][epoch 26/50] loss=0.5118  val_acc=0.9393  macroF1=0.7863  edit=46.73  segF1@50=0.45
[b2a][epoch 27/50] loss=0.4708  val_acc=0.9459  macroF1=0.7989  edit=48.03  segF1@50=0.51
[b2a][epoch 28/50] loss=0.4480  val_acc=0.9439  macroF1=0.7995  edit=49.38  segF1@50=0.51
[b2a][epoch 29/50] loss=0.4375  val_acc=0.9472  macroF1=0.8043  edit=50.12  segF1@50=0.52
[b2a][epoch 30/50] loss=0.4183  val_acc=0.9525  macroF1=0.8130  edit=50.12  segF1@50=0.53
[b2a][epoch 31/50] loss=0.4078  val_acc=0.9505  macroF1=0.8154  edit=50.22  segF1@50=0.55
[b2a][epoch 32/50] loss=0.4608  val_acc=0.9314  macroF1=0.7280  edit=41.67  segF1@50=0.43
[b2a][epoch 33/50] loss=0.4655  val_acc=0.9380  macroF1=0.8006  edit=48.46  segF1@50=0.54
[b2a][epoch 34/50] loss=0.4249  val_acc=0.9465  macroF1=0.8068  edit=48.63  segF1@50=0.52
[b2a][epoch 35/50] loss=0.3911  val_acc=0.9492  macroF1=0.8125  edit=47.30  segF1@50=0.51
[b2a][epoch 36/50] loss=0.3703  val_acc=0.9485  macroF1=0.8106  edit=46.60  segF1@50=0.50
[b2a][epoch 37/50] loss=0.3561  val_acc=0.9545  macroF1=0.8235  edit=54.27  segF1@50=0.56
[b2a][epoch 38/50] loss=0.3446  val_acc=0.9538  macroF1=0.8177  edit=48.03  segF1@50=0.52
[b2a][epoch 39/50] loss=0.3367  val_acc=0.9538  macroF1=0.8231  edit=49.97  segF1@50=0.54
[b2a][epoch 40/50] loss=0.3305  val_acc=0.9446  macroF1=0.8102  edit=43.83  segF1@50=0.46
[b2a][epoch 41/50] loss=0.3290  val_acc=0.9545  macroF1=0.8211  edit=60.26  segF1@50=0.71
[b2a][epoch 42/50] loss=0.3311  val_acc=0.9446  macroF1=0.8071  edit=55.52  segF1@50=0.62
[b2a][epoch 43/50] loss=0.3161  val_acc=0.9241  macroF1=0.8107  edit=38.89  segF1@50=0.44
[b2a][epoch 44/50] loss=0.3634  val_acc=0.9413  macroF1=0.8195  edit=46.11  segF1@50=0.49
[b2a][epoch 45/50] loss=0.3702  val_acc=0.9215  macroF1=0.7888  edit=46.37  segF1@50=0.49
[b2a][epoch 46/50] loss=0.4846  val_acc=0.9360  macroF1=0.7897  edit=32.83  segF1@50=0.38
[b2a][epoch 47/50] loss=0.5684  val_acc=0.6726  macroF1=0.6868  edit=22.99  segF1@50=0.21
[b2a][epoch 48/50] loss=0.9336  val_acc=0.8317  macroF1=0.6847  edit=45.56  segF1@50=0.46
[b2a][epoch 49/50] loss=0.6285  val_acc=0.8601  macroF1=0.7263  edit=41.30  segF1@50=0.43
[b2a][epoch 50/50] loss=0.4251  val_acc=0.9472  macroF1=0.8109  edit=52.10  segF1@50=0.58
[b2a] best @epoch 37: acc=0.9545 macroF1=0.8235
[b2a] evidence written -> /home/ubuntu/slocal/m2/experiments/transfer/b2a_det2phase_oracletool_008_b2a_det2phase_oracletool_seed456
