[b2a] train clips=13  val clips=3  in_dim=2063  tool_source=oracle  classes=9  device=cuda
[b2a] evidence dir: /home/ubuntu/slocal2/m2/experiments/transfer/b2a_base_oracle_top3noise_p030_002_b2a_base_oracle_top3noise_p030_seed123
[b2a][epoch 1/50] loss=3.5667  val_acc=0.3677  macroF1=0.0768  edit=18.00  segF1@50=0.22
[b2a][epoch 2/50] loss=3.0510  val_acc=0.3677  macroF1=0.0768  edit=18.00  segF1@50=0.22
[b2a][epoch 3/50] loss=2.7531  val_acc=0.3340  macroF1=0.0715  edit=9.67  segF1@50=0.00
[b2a][epoch 4/50] loss=2.6132  val_acc=0.4759  macroF1=0.1469  edit=12.22  segF1@50=0.08
[b2a][epoch 5/50] loss=2.4370  val_acc=0.6277  macroF1=0.2093  edit=24.83  segF1@50=0.22
[b2a][epoch 6/50] loss=2.0754  val_acc=0.6733  macroF1=0.2290  edit=38.33  segF1@50=0.24
[b2a][epoch 7/50] loss=2.0682  val_acc=0.4475  macroF1=0.1456  edit=30.11  segF1@50=0.02
[b2a][epoch 8/50] loss=2.1149  val_acc=0.6515  macroF1=0.2179  edit=28.38  segF1@50=0.22
[b2a][epoch 9/50] loss=1.6988  val_acc=0.6581  macroF1=0.2257  edit=37.00  segF1@50=0.22
[b2a][epoch 10/50] loss=1.4954  val_acc=0.6739  macroF1=0.2299  edit=27.33  segF1@50=0.17
[b2a][epoch 11/50] loss=1.3793  val_acc=0.6647  macroF1=0.2682  edit=39.67  segF1@50=0.16
[b2a][epoch 12/50] loss=1.2697  val_acc=0.6667  macroF1=0.2855  edit=30.43  segF1@50=0.19
[b2a][epoch 13/50] loss=1.1728  val_acc=0.7914  macroF1=0.4426  edit=38.11  segF1@50=0.33
[b2a][epoch 14/50] loss=1.0974  val_acc=0.7729  macroF1=0.4075  edit=37.54  segF1@50=0.25
[b2a][epoch 15/50] loss=1.0327  val_acc=0.7861  macroF1=0.4384  edit=35.52  segF1@50=0.29
[b2a][epoch 16/50] loss=0.9501  val_acc=0.8033  macroF1=0.4564  edit=37.43  segF1@50=0.34
[b2a][epoch 17/50] loss=0.9131  val_acc=0.8297  macroF1=0.6077  edit=23.81  segF1@50=0.19
[b2a][epoch 18/50] loss=0.8480  val_acc=0.8172  macroF1=0.4731  edit=38.75  segF1@50=0.39
[b2a][epoch 19/50] loss=0.7988  val_acc=0.8627  macroF1=0.6296  edit=36.22  segF1@50=0.35
[b2a][epoch 20/50] loss=0.8788  val_acc=0.8469  macroF1=0.6081  edit=30.28  segF1@50=0.26
[b2a][epoch 21/50] loss=0.8650  val_acc=0.7888  macroF1=0.5401  edit=30.84  segF1@50=0.34
[b2a][epoch 22/50] loss=0.8027  val_acc=0.8845  macroF1=0.6477  edit=35.10  segF1@50=0.33
[b2a][epoch 23/50] loss=0.7240  val_acc=0.8541  macroF1=0.6423  edit=31.19  segF1@50=0.32
[b2a][epoch 24/50] loss=0.6746  val_acc=0.8871  macroF1=0.6769  edit=34.07  segF1@50=0.28
[b2a][epoch 25/50] loss=0.6303  val_acc=0.8924  macroF1=0.6948  edit=33.67  segF1@50=0.29
[b2a][epoch 26/50] loss=0.6211  val_acc=0.8726  macroF1=0.6327  edit=30.68  segF1@50=0.31
[b2a][epoch 27/50] loss=0.6069  val_acc=0.8772  macroF1=0.6750  edit=42.94  segF1@50=0.42
[b2a][epoch 28/50] loss=0.5772  val_acc=0.8997  macroF1=0.6639  edit=34.19  segF1@50=0.36
[b2a][epoch 29/50] loss=0.5402  val_acc=0.8561  macroF1=0.6483  edit=32.25  segF1@50=0.28
[b2a][epoch 30/50] loss=0.5041  val_acc=0.9017  macroF1=0.7061  edit=34.68  segF1@50=0.33
[b2a][epoch 31/50] loss=0.4795  val_acc=0.9043  macroF1=0.7099  edit=36.47  segF1@50=0.34
[b2a][epoch 32/50] loss=0.5176  val_acc=0.9076  macroF1=0.6887  edit=34.15  segF1@50=0.34
[b2a][epoch 33/50] loss=0.4861  val_acc=0.9063  macroF1=0.7476  edit=39.65  segF1@50=0.39
[b2a][epoch 34/50] loss=0.4522  val_acc=0.8832  macroF1=0.6678  edit=34.04  segF1@50=0.33
[b2a][epoch 35/50] loss=0.4428  val_acc=0.9195  macroF1=0.7678  edit=38.79  segF1@50=0.38
[b2a][epoch 36/50] loss=0.4339  val_acc=0.8964  macroF1=0.6570  edit=31.29  segF1@50=0.33
[b2a][epoch 37/50] loss=0.4414  val_acc=0.9122  macroF1=0.7598  edit=39.55  segF1@50=0.41
[b2a][epoch 38/50] loss=0.4192  val_acc=0.9003  macroF1=0.6550  edit=34.19  segF1@50=0.36
[b2a][epoch 39/50] loss=0.4154  val_acc=0.9215  macroF1=0.7704  edit=39.11  segF1@50=0.41
[b2a][epoch 40/50] loss=0.4594  val_acc=0.8990  macroF1=0.6525  edit=33.41  segF1@50=0.34
[b2a][epoch 41/50] loss=0.4530  val_acc=0.8812  macroF1=0.7097  edit=34.67  segF1@50=0.32
[b2a][epoch 42/50] loss=0.3905  val_acc=0.9129  macroF1=0.7251  edit=34.26  segF1@50=0.33
[b2a][epoch 43/50] loss=0.3688  val_acc=0.9234  macroF1=0.7503  edit=37.29  segF1@50=0.36
[b2a][epoch 44/50] loss=0.3543  val_acc=0.8997  macroF1=0.7367  edit=39.17  segF1@50=0.35
[b2a][epoch 45/50] loss=0.3401  val_acc=0.9195  macroF1=0.7449  edit=31.77  segF1@50=0.32
[b2a][epoch 46/50] loss=0.3301  val_acc=0.9215  macroF1=0.7636  edit=39.28  segF1@50=0.38
[b2a][epoch 47/50] loss=0.3238  val_acc=0.9215  macroF1=0.7533  edit=39.72  segF1@50=0.41
[b2a][epoch 48/50] loss=0.3142  val_acc=0.9254  macroF1=0.7651  edit=37.50  segF1@50=0.39
[b2a][epoch 49/50] loss=0.3023  val_acc=0.9228  macroF1=0.7559  edit=39.48  segF1@50=0.40
[b2a][epoch 50/50] loss=0.2987  val_acc=0.9261  macroF1=0.7670  edit=37.95  segF1@50=0.40
[b2a] best @epoch 50: acc=0.9261 macroF1=0.7670
[b2a] evidence written -> /home/ubuntu/slocal2/m2/experiments/transfer/b2a_base_oracle_top3noise_p030_002_b2a_base_oracle_top3noise_p030_seed123
