[b2a] train clips=13  val clips=3  in_dim=2063  tool_source=oracle  classes=9  device=cuda
[b2a] evidence dir: /home/ubuntu/slocal2/m2/experiments/transfer/b2a_ro_oracle_bipolarnoise_p030_003_b2a_ro_oracle_bipolarnoise_p030_seed456
[b2a][epoch 1/50] loss=3.4530  val_acc=0.3677  macroF1=0.0768  edit=18.00  segF1@50=0.22
[b2a][epoch 2/50] loss=2.6762  val_acc=0.6766  macroF1=0.2315  edit=41.00  segF1@50=0.20
[b2a][epoch 3/50] loss=2.0731  val_acc=0.6713  macroF1=0.2276  edit=38.33  segF1@50=0.22
[b2a][epoch 4/50] loss=1.7806  val_acc=0.6667  macroF1=0.2277  edit=35.67  segF1@50=0.26
[b2a][epoch 5/50] loss=1.6140  val_acc=0.6818  macroF1=0.2288  edit=34.33  segF1@50=0.35
[b2a][epoch 6/50] loss=1.4437  val_acc=0.6858  macroF1=0.2325  edit=26.11  segF1@50=0.24
[b2a][epoch 7/50] loss=1.3655  val_acc=0.6878  macroF1=0.2311  edit=35.67  segF1@50=0.39
[b2a][epoch 8/50] loss=1.2215  val_acc=0.6964  macroF1=0.2542  edit=42.19  segF1@50=0.30
[b2a][epoch 9/50] loss=1.1282  val_acc=0.8000  macroF1=0.3877  edit=37.11  segF1@50=0.29
[b2a][epoch 10/50] loss=1.0230  val_acc=0.8475  macroF1=0.4772  edit=46.95  segF1@50=0.47
[b2a][epoch 11/50] loss=0.9547  val_acc=0.8640  macroF1=0.5019  edit=55.00  segF1@50=0.50
[b2a][epoch 12/50] loss=0.8863  val_acc=0.8634  macroF1=0.5018  edit=48.67  segF1@50=0.51
[b2a][epoch 13/50] loss=0.8200  val_acc=0.8627  macroF1=0.5019  edit=39.30  segF1@50=0.35
[b2a][epoch 14/50] loss=0.7965  val_acc=0.9294  macroF1=0.6914  edit=52.81  segF1@50=0.56
[b2a][epoch 15/50] loss=0.7587  val_acc=0.9129  macroF1=0.6570  edit=47.45  segF1@50=0.46
[b2a][epoch 16/50] loss=0.7359  val_acc=0.9314  macroF1=0.7260  edit=61.56  segF1@50=0.68
[b2a][epoch 17/50] loss=0.6907  val_acc=0.9281  macroF1=0.7058  edit=56.00  segF1@50=0.58
[b2a][epoch 18/50] loss=0.6613  val_acc=0.9228  macroF1=0.7135  edit=48.86  segF1@50=0.56
[b2a][epoch 19/50] loss=0.6462  val_acc=0.9287  macroF1=0.7061  edit=50.67  segF1@50=0.55
[b2a][epoch 20/50] loss=0.6250  val_acc=0.9307  macroF1=0.7157  edit=49.11  segF1@50=0.48
[b2a][epoch 21/50] loss=0.5998  val_acc=0.9142  macroF1=0.7129  edit=47.67  segF1@50=0.51
[b2a][epoch 22/50] loss=0.6085  val_acc=0.9300  macroF1=0.6906  edit=52.00  segF1@50=0.56
[b2a][epoch 23/50] loss=0.5866  val_acc=0.9300  macroF1=0.7187  edit=46.53  segF1@50=0.45
[b2a][epoch 24/50] loss=0.5803  val_acc=0.9294  macroF1=0.6994  edit=54.67  segF1@50=0.57
[b2a][epoch 25/50] loss=0.5719  val_acc=0.9320  macroF1=0.7114  edit=58.67  segF1@50=0.57
[b2a][epoch 26/50] loss=0.5471  val_acc=0.9340  macroF1=0.7041  edit=52.00  segF1@50=0.56
[b2a][epoch 27/50] loss=0.5310  val_acc=0.9406  macroF1=0.7605  edit=58.12  segF1@50=0.66
[b2a][epoch 28/50] loss=0.5092  val_acc=0.9300  macroF1=0.7102  edit=56.00  segF1@50=0.58
[b2a][epoch 29/50] loss=0.4918  val_acc=0.9340  macroF1=0.7053  edit=50.67  segF1@50=0.54
[b2a][epoch 30/50] loss=0.4775  val_acc=0.9380  macroF1=0.7542  edit=52.22  segF1@50=0.47
[b2a][epoch 31/50] loss=0.4799  val_acc=0.9327  macroF1=0.7189  edit=60.22  segF1@50=0.66
[b2a][epoch 32/50] loss=0.4770  val_acc=0.9274  macroF1=0.7367  edit=39.11  segF1@50=0.39
[b2a][epoch 33/50] loss=0.4625  val_acc=0.9340  macroF1=0.7206  edit=58.89  segF1@50=0.66
[b2a][epoch 34/50] loss=0.4425  val_acc=0.9413  macroF1=0.7611  edit=52.44  segF1@50=0.48
[b2a][epoch 35/50] loss=0.4322  val_acc=0.9380  macroF1=0.7366  edit=49.62  segF1@50=0.53
[b2a][epoch 36/50] loss=0.4289  val_acc=0.9386  macroF1=0.7716  edit=45.78  segF1@50=0.46
[b2a][epoch 37/50] loss=0.4285  val_acc=0.9333  macroF1=0.7034  edit=52.00  segF1@50=0.59
[b2a][epoch 38/50] loss=0.4353  val_acc=0.9386  macroF1=0.7545  edit=44.33  segF1@50=0.43
[b2a][epoch 39/50] loss=0.4456  val_acc=0.9393  macroF1=0.7609  edit=48.15  segF1@50=0.49
[b2a][epoch 40/50] loss=0.4300  val_acc=0.9452  macroF1=0.7874  edit=55.52  segF1@50=0.55
[b2a][epoch 41/50] loss=0.4497  val_acc=0.9307  macroF1=0.6942  edit=46.33  segF1@50=0.49
[b2a][epoch 42/50] loss=0.4197  val_acc=0.9419  macroF1=0.7545  edit=48.44  segF1@50=0.52
[b2a][epoch 43/50] loss=0.4024  val_acc=0.9446  macroF1=0.7721  edit=51.78  segF1@50=0.56
[b2a][epoch 44/50] loss=0.3803  val_acc=0.9439  macroF1=0.7713  edit=48.89  segF1@50=0.51
[b2a][epoch 45/50] loss=0.3742  val_acc=0.9432  macroF1=0.7591  edit=50.44  segF1@50=0.56
[b2a][epoch 46/50] loss=0.3715  val_acc=0.9413  macroF1=0.7730  edit=45.19  segF1@50=0.50
[b2a][epoch 47/50] loss=0.3579  val_acc=0.9446  macroF1=0.7747  edit=56.35  segF1@50=0.57
[b2a][epoch 48/50] loss=0.3577  val_acc=0.9432  macroF1=0.7698  edit=48.33  segF1@50=0.45
[b2a][epoch 49/50] loss=0.3658  val_acc=0.9413  macroF1=0.7573  edit=49.78  segF1@50=0.51
[b2a][epoch 50/50] loss=0.3523  val_acc=0.9459  macroF1=0.7748  edit=48.44  segF1@50=0.55
[b2a] best @epoch 50: acc=0.9459 macroF1=0.7748
[b2a] evidence written -> /home/ubuntu/slocal2/m2/experiments/transfer/b2a_ro_oracle_bipolarnoise_p030_003_b2a_ro_oracle_bipolarnoise_p030_seed456
