[b2a] train clips=13  val clips=3  in_dim=2063  tool_source=pred  classes=9  device=cuda
[b2a] evidence dir: /home/ubuntu/slocal2/m2/experiments/transfer/b2a_regiononly_mask_13_003_b2a_regiononly_mask_13_seed456
[b2a][epoch 1/50] loss=3.4630  val_acc=0.3677  macroF1=0.0768  edit=18.00  segF1@50=0.22
[b2a][epoch 2/50] loss=2.7002  val_acc=0.6647  macroF1=0.2270  edit=41.00  segF1@50=0.20
[b2a][epoch 3/50] loss=2.1009  val_acc=0.6653  macroF1=0.2262  edit=34.33  segF1@50=0.22
[b2a][epoch 4/50] loss=1.7912  val_acc=0.6568  macroF1=0.2243  edit=35.67  segF1@50=0.26
[b2a][epoch 5/50] loss=1.6154  val_acc=0.6799  macroF1=0.2286  edit=29.00  segF1@50=0.33
[b2a][epoch 6/50] loss=1.4572  val_acc=0.6779  macroF1=0.2306  edit=32.67  segF1@50=0.14
[b2a][epoch 7/50] loss=1.3855  val_acc=0.6799  macroF1=0.2296  edit=24.56  segF1@50=0.14
[b2a][epoch 8/50] loss=1.2320  val_acc=0.6911  macroF1=0.2485  edit=30.79  segF1@50=0.21
[b2a][epoch 9/50] loss=1.1418  val_acc=0.7861  macroF1=0.3650  edit=43.67  segF1@50=0.24
[b2a][epoch 10/50] loss=1.0326  val_acc=0.7987  macroF1=0.3987  edit=50.78  segF1@50=0.27
[b2a][epoch 11/50] loss=0.9560  val_acc=0.8205  macroF1=0.4558  edit=42.67  segF1@50=0.46
[b2a][epoch 12/50] loss=0.8705  val_acc=0.8561  macroF1=0.5088  edit=31.22  segF1@50=0.29
[b2a][epoch 13/50] loss=0.8004  val_acc=0.8508  macroF1=0.4933  edit=27.70  segF1@50=0.24
[b2a][epoch 14/50] loss=0.7618  val_acc=0.8891  macroF1=0.6546  edit=38.33  segF1@50=0.34
[b2a][epoch 15/50] loss=0.7172  val_acc=0.8554  macroF1=0.5100  edit=31.07  segF1@50=0.27
[b2a][epoch 16/50] loss=0.7075  val_acc=0.9135  macroF1=0.7288  edit=46.46  segF1@50=0.45
[b2a][epoch 17/50] loss=0.6741  val_acc=0.9182  macroF1=0.7323  edit=38.21  segF1@50=0.37
[b2a][epoch 18/50] loss=0.6412  val_acc=0.9241  macroF1=0.7401  edit=36.97  segF1@50=0.37
[b2a][epoch 19/50] loss=0.6206  val_acc=0.9228  macroF1=0.7424  edit=43.22  segF1@50=0.47
[b2a][epoch 20/50] loss=0.5987  val_acc=0.9287  macroF1=0.7648  edit=39.24  segF1@50=0.41
[b2a][epoch 21/50] loss=0.5718  val_acc=0.9261  macroF1=0.7435  edit=35.88  segF1@50=0.37
[b2a][epoch 22/50] loss=0.5683  val_acc=0.9307  macroF1=0.7622  edit=36.21  segF1@50=0.40
[b2a][epoch 23/50] loss=0.5513  val_acc=0.9281  macroF1=0.7577  edit=43.22  segF1@50=0.47
[b2a][epoch 24/50] loss=0.5354  val_acc=0.9307  macroF1=0.7637  edit=36.21  segF1@50=0.40
[b2a][epoch 25/50] loss=0.5266  val_acc=0.9380  macroF1=0.7769  edit=40.33  segF1@50=0.47
[b2a][epoch 26/50] loss=0.5197  val_acc=0.9287  macroF1=0.7552  edit=35.70  segF1@50=0.37
[b2a][epoch 27/50] loss=0.4935  val_acc=0.9413  macroF1=0.7879  edit=45.56  segF1@50=0.53
[b2a][epoch 28/50] loss=0.4695  val_acc=0.9333  macroF1=0.7668  edit=39.05  segF1@50=0.40
[b2a][epoch 29/50] loss=0.4734  val_acc=0.9380  macroF1=0.7748  edit=39.73  segF1@50=0.41
[b2a][epoch 30/50] loss=0.4660  val_acc=0.9373  macroF1=0.7807  edit=40.33  segF1@50=0.48
[b2a][epoch 31/50] loss=0.4478  val_acc=0.9413  macroF1=0.7835  edit=39.34  segF1@50=0.41
[b2a][epoch 32/50] loss=0.4528  val_acc=0.9320  macroF1=0.7499  edit=39.05  segF1@50=0.40
[b2a][epoch 33/50] loss=0.4588  val_acc=0.9432  macroF1=0.7958  edit=37.60  segF1@50=0.41
[b2a][epoch 34/50] loss=0.4410  val_acc=0.9386  macroF1=0.7757  edit=40.00  segF1@50=0.45
[b2a][epoch 35/50] loss=0.4234  val_acc=0.9426  macroF1=0.7904  edit=36.48  segF1@50=0.40
[b2a][epoch 36/50] loss=0.4073  val_acc=0.9380  macroF1=0.7777  edit=38.71  segF1@50=0.40
[b2a][epoch 37/50] loss=0.3934  val_acc=0.9439  macroF1=0.7947  edit=39.34  segF1@50=0.41
[b2a][epoch 38/50] loss=0.3840  val_acc=0.9413  macroF1=0.7840  edit=39.34  segF1@50=0.41
[b2a][epoch 39/50] loss=0.3751  val_acc=0.9426  macroF1=0.7882  edit=38.71  segF1@50=0.41
[b2a][epoch 40/50] loss=0.3715  val_acc=0.9399  macroF1=0.7895  edit=34.59  segF1@50=0.37
[b2a][epoch 41/50] loss=0.3708  val_acc=0.9426  macroF1=0.7846  edit=43.15  segF1@50=0.49
[b2a][epoch 42/50] loss=0.3596  val_acc=0.9413  macroF1=0.7843  edit=39.34  segF1@50=0.41
[b2a][epoch 43/50] loss=0.3541  val_acc=0.9439  macroF1=0.7939  edit=40.93  segF1@50=0.46
[b2a][epoch 44/50] loss=0.3475  val_acc=0.9419  macroF1=0.7854  edit=39.34  segF1@50=0.41
[b2a][epoch 45/50] loss=0.3454  val_acc=0.9432  macroF1=0.7976  edit=36.30  segF1@50=0.39
[b2a][epoch 46/50] loss=0.3407  val_acc=0.9413  macroF1=0.7834  edit=39.34  segF1@50=0.41
[b2a][epoch 47/50] loss=0.3308  val_acc=0.9446  macroF1=0.7940  edit=39.34  segF1@50=0.45
[b2a][epoch 48/50] loss=0.3515  val_acc=0.9360  macroF1=0.7648  edit=41.44  segF1@50=0.41
[b2a][epoch 49/50] loss=0.4936  val_acc=0.9393  macroF1=0.7922  edit=34.38  segF1@50=0.39
[b2a][epoch 50/50] loss=0.4030  val_acc=0.9366  macroF1=0.7863  edit=34.91  segF1@50=0.37
[b2a] best @epoch 47: acc=0.9446 macroF1=0.7940
[b2a] evidence written -> /home/ubuntu/slocal2/m2/experiments/transfer/b2a_regiononly_mask_13_003_b2a_regiononly_mask_13_seed456
