[b2a] train clips=13  val clips=3  in_dim=2063  tool_source=oracle  classes=9  device=cuda
[b2a] evidence dir: /home/ubuntu/slocal2/m2/experiments/transfer/b2a_regiononly_oracle_002_b2a_regiononly_oracle_seed123
[b2a][epoch 1/50] loss=3.6328  val_acc=0.4389  macroF1=0.1401  edit=2.67  segF1@50=0.00
[b2a][epoch 2/50] loss=2.8571  val_acc=0.3630  macroF1=0.0773  edit=2.67  segF1@50=0.17
[b2a][epoch 3/50] loss=2.5003  val_acc=0.3340  macroF1=0.0715  edit=9.67  segF1@50=0.00
[b2a][epoch 4/50] loss=2.1677  val_acc=0.6706  macroF1=0.2274  edit=8.22  segF1@50=0.17
[b2a][epoch 5/50] loss=1.8057  val_acc=0.6733  macroF1=0.2295  edit=19.00  segF1@50=0.19
[b2a][epoch 6/50] loss=1.4730  val_acc=0.6805  macroF1=0.2320  edit=32.78  segF1@50=0.15
[b2a][epoch 7/50] loss=1.3226  val_acc=0.6865  macroF1=0.2342  edit=30.33  segF1@50=0.25
[b2a][epoch 8/50] loss=1.1951  val_acc=0.7875  macroF1=0.3766  edit=39.78  segF1@50=0.39
[b2a][epoch 9/50] loss=1.0722  val_acc=0.8073  macroF1=0.4188  edit=38.67  segF1@50=0.36
[b2a][epoch 10/50] loss=0.9712  val_acc=0.8535  macroF1=0.5678  edit=46.50  segF1@50=0.47
[b2a][epoch 11/50] loss=0.8887  val_acc=0.9030  macroF1=0.6748  edit=63.33  segF1@50=0.61
[b2a][epoch 12/50] loss=0.8290  val_acc=0.9353  macroF1=0.7327  edit=54.67  segF1@50=0.62
[b2a][epoch 13/50] loss=0.7585  val_acc=0.9380  macroF1=0.7423  edit=71.33  segF1@50=0.76
[b2a][epoch 14/50] loss=0.6993  val_acc=0.9472  macroF1=0.7830  edit=55.91  segF1@50=0.58
[b2a][epoch 15/50] loss=0.6653  val_acc=0.9505  macroF1=0.7992  edit=52.63  segF1@50=0.54
[b2a][epoch 16/50] loss=0.6366  val_acc=0.9518  macroF1=0.7983  edit=60.00  segF1@50=0.62
[b2a][epoch 17/50] loss=0.6003  val_acc=0.9551  macroF1=0.8084  edit=62.82  segF1@50=0.67
[b2a][epoch 18/50] loss=0.5673  val_acc=0.9578  macroF1=0.8146  edit=60.00  segF1@50=0.67
[b2a][epoch 19/50] loss=0.5557  val_acc=0.9597  macroF1=0.8207  edit=59.78  segF1@50=0.60
[b2a][epoch 20/50] loss=0.5299  val_acc=0.9597  macroF1=0.8170  edit=60.00  segF1@50=0.66
[b2a][epoch 21/50] loss=0.5310  val_acc=0.9597  macroF1=0.8229  edit=58.64  segF1@50=0.61
[b2a][epoch 22/50] loss=0.5144  val_acc=0.9604  macroF1=0.8212  edit=59.78  segF1@50=0.65
[b2a][epoch 23/50] loss=0.5011  val_acc=0.9637  macroF1=0.8297  edit=64.00  segF1@50=0.69
[b2a][epoch 24/50] loss=0.5137  val_acc=0.9604  macroF1=0.8249  edit=58.64  segF1@50=0.61
[b2a][epoch 25/50] loss=0.5189  val_acc=0.9551  macroF1=0.8176  edit=52.03  segF1@50=0.60
[b2a][epoch 26/50] loss=0.4785  val_acc=0.9624  macroF1=0.8264  edit=57.54  segF1@50=0.60
[b2a][epoch 27/50] loss=0.4477  val_acc=0.9630  macroF1=0.8312  edit=53.97  segF1@50=0.55
[b2a][epoch 28/50] loss=0.4398  val_acc=0.9650  macroF1=0.8342  edit=66.67  segF1@50=0.70
[b2a][epoch 29/50] loss=0.4257  val_acc=0.9663  macroF1=0.8352  edit=61.11  segF1@50=0.62
[b2a][epoch 30/50] loss=0.4209  val_acc=0.9657  macroF1=0.8361  edit=56.51  segF1@50=0.60
[b2a][epoch 31/50] loss=0.4246  val_acc=0.9578  macroF1=0.8221  edit=52.23  segF1@50=0.56
[b2a][epoch 32/50] loss=0.4573  val_acc=0.9683  macroF1=0.8385  edit=69.56  segF1@50=0.79
[b2a][epoch 33/50] loss=0.4613  val_acc=0.9558  macroF1=0.8225  edit=52.78  segF1@50=0.53
[b2a][epoch 34/50] loss=0.4405  val_acc=0.9604  macroF1=0.8295  edit=55.31  segF1@50=0.58
[b2a][epoch 35/50] loss=0.4154  val_acc=0.9558  macroF1=0.8186  edit=59.45  segF1@50=0.71
[b2a][epoch 36/50] loss=0.4100  val_acc=0.9644  macroF1=0.8355  edit=52.53  segF1@50=0.56
[b2a][epoch 37/50] loss=0.3847  val_acc=0.9650  macroF1=0.8370  edit=55.11  segF1@50=0.63
[b2a][epoch 38/50] loss=0.3761  val_acc=0.9644  macroF1=0.8354  edit=58.64  segF1@50=0.59
[b2a][epoch 39/50] loss=0.3649  val_acc=0.9630  macroF1=0.8339  edit=51.50  segF1@50=0.54
[b2a][epoch 40/50] loss=0.3647  val_acc=0.9644  macroF1=0.8354  edit=54.21  segF1@50=0.58
[b2a][epoch 41/50] loss=0.3742  val_acc=0.9604  macroF1=0.8278  edit=50.86  segF1@50=0.55
[b2a][epoch 42/50] loss=0.3527  val_acc=0.9650  macroF1=0.8350  edit=61.11  segF1@50=0.66
[b2a][epoch 43/50] loss=0.3528  val_acc=0.9637  macroF1=0.8349  edit=53.09  segF1@50=0.55
[b2a][epoch 44/50] loss=0.3460  val_acc=0.9657  macroF1=0.8385  edit=52.22  segF1@50=0.57
[b2a][epoch 45/50] loss=0.3367  val_acc=0.9663  macroF1=0.8386  edit=58.64  segF1@50=0.65
[b2a][epoch 46/50] loss=0.3367  val_acc=0.9617  macroF1=0.8319  edit=50.11  segF1@50=0.54
[b2a][epoch 47/50] loss=0.3361  val_acc=0.9630  macroF1=0.8329  edit=50.31  segF1@50=0.56
[b2a][epoch 48/50] loss=0.3272  val_acc=0.9644  macroF1=0.8364  edit=55.31  segF1@50=0.57
[b2a][epoch 49/50] loss=0.3214  val_acc=0.9650  macroF1=0.8371  edit=58.64  segF1@50=0.65
[b2a][epoch 50/50] loss=0.3115  val_acc=0.9650  macroF1=0.8378  edit=55.31  segF1@50=0.57
[b2a] best @epoch 32: acc=0.9683 macroF1=0.8385
[b2a] evidence written -> /home/ubuntu/slocal2/m2/experiments/transfer/b2a_regiononly_oracle_002_b2a_regiononly_oracle_seed123
