[b2a] train clips=13  val clips=3  in_dim=2063  tool_source=oracle  classes=9  device=cuda
[b2a] evidence dir: /home/ubuntu/slocal2/m2/experiments/transfer/b2a_ro_oracle_bsnoise_p020_002_b2a_ro_oracle_bsnoise_p020_seed123
[b2a][epoch 1/50] loss=3.6463  val_acc=0.4389  macroF1=0.1401  edit=2.67  segF1@50=0.00
[b2a][epoch 2/50] loss=2.8937  val_acc=0.3630  macroF1=0.0773  edit=2.67  segF1@50=0.17
[b2a][epoch 3/50] loss=2.5626  val_acc=0.3340  macroF1=0.0715  edit=9.67  segF1@50=0.00
[b2a][epoch 4/50] loss=2.2544  val_acc=0.6587  macroF1=0.2224  edit=12.52  segF1@50=0.20
[b2a][epoch 5/50] loss=1.9245  val_acc=0.6766  macroF1=0.2302  edit=20.33  segF1@50=0.19
[b2a][epoch 6/50] loss=1.6047  val_acc=0.6805  macroF1=0.2316  edit=30.11  segF1@50=0.15
[b2a][epoch 7/50] loss=1.4689  val_acc=0.6858  macroF1=0.2339  edit=30.33  segF1@50=0.25
[b2a][epoch 8/50] loss=1.3583  val_acc=0.6865  macroF1=0.2346  edit=31.33  segF1@50=0.16
[b2a][epoch 9/50] loss=1.2385  val_acc=0.7023  macroF1=0.2880  edit=42.33  segF1@50=0.23
[b2a][epoch 10/50] loss=1.1430  val_acc=0.8271  macroF1=0.4864  edit=44.06  segF1@50=0.31
[b2a][epoch 11/50] loss=1.0597  val_acc=0.8878  macroF1=0.6308  edit=40.33  segF1@50=0.39
[b2a][epoch 12/50] loss=0.9746  val_acc=0.9175  macroF1=0.6754  edit=63.11  segF1@50=0.56
[b2a][epoch 13/50] loss=0.9104  val_acc=0.9175  macroF1=0.6911  edit=47.22  segF1@50=0.46
[b2a][epoch 14/50] loss=0.8568  val_acc=0.9162  macroF1=0.6879  edit=40.51  segF1@50=0.39
[b2a][epoch 15/50] loss=0.8119  val_acc=0.9234  macroF1=0.7118  edit=43.56  segF1@50=0.44
[b2a][epoch 16/50] loss=0.7715  val_acc=0.9175  macroF1=0.6971  edit=35.68  segF1@50=0.30
[b2a][epoch 17/50] loss=0.7318  val_acc=0.9215  macroF1=0.7049  edit=43.56  segF1@50=0.44
[b2a][epoch 18/50] loss=0.6955  val_acc=0.9162  macroF1=0.6878  edit=35.39  segF1@50=0.32
[b2a][epoch 19/50] loss=0.6881  val_acc=0.9228  macroF1=0.7132  edit=41.33  segF1@50=0.42
[b2a][epoch 20/50] loss=0.6953  val_acc=0.9248  macroF1=0.7048  edit=47.22  segF1@50=0.47
[b2a][epoch 21/50] loss=0.6276  val_acc=0.9287  macroF1=0.7401  edit=40.19  segF1@50=0.41
[b2a][epoch 22/50] loss=0.6404  val_acc=0.9294  macroF1=0.7343  edit=42.67  segF1@50=0.46
[b2a][epoch 23/50] loss=0.6270  val_acc=0.9215  macroF1=0.7195  edit=39.11  segF1@50=0.40
[b2a][epoch 24/50] loss=0.6149  val_acc=0.9340  macroF1=0.7554  edit=41.33  segF1@50=0.45
[b2a][epoch 25/50] loss=0.5686  val_acc=0.9300  macroF1=0.7390  edit=49.00  segF1@50=0.47
[b2a][epoch 26/50] loss=0.5622  val_acc=0.9360  macroF1=0.7557  edit=52.78  segF1@50=0.52
[b2a][epoch 27/50] loss=0.5370  val_acc=0.9366  macroF1=0.7579  edit=45.56  segF1@50=0.49
[b2a][epoch 28/50] loss=0.5288  val_acc=0.9333  macroF1=0.7504  edit=47.47  segF1@50=0.48
[b2a][epoch 29/50] loss=0.5212  val_acc=0.9294  macroF1=0.7489  edit=36.30  segF1@50=0.37
[b2a][epoch 30/50] loss=0.5125  val_acc=0.9294  macroF1=0.7441  edit=40.48  segF1@50=0.39
[b2a][epoch 31/50] loss=0.5078  val_acc=0.9347  macroF1=0.7727  edit=44.02  segF1@50=0.44
[b2a][epoch 32/50] loss=0.5395  val_acc=0.9399  macroF1=0.7732  edit=42.12  segF1@50=0.43
[b2a][epoch 33/50] loss=0.5533  val_acc=0.9300  macroF1=0.7639  edit=45.16  segF1@50=0.43
[b2a][epoch 34/50] loss=0.5648  val_acc=0.9254  macroF1=0.7452  edit=42.11  segF1@50=0.42
[b2a][epoch 35/50] loss=0.5116  val_acc=0.9380  macroF1=0.7773  edit=46.17  segF1@50=0.45
[b2a][epoch 36/50] loss=0.5039  val_acc=0.9320  macroF1=0.7486  edit=50.29  segF1@50=0.49
[b2a][epoch 37/50] loss=0.4731  val_acc=0.9373  macroF1=0.7713  edit=41.83  segF1@50=0.44
[b2a][epoch 38/50] loss=0.4581  val_acc=0.9353  macroF1=0.7573  edit=43.66  segF1@50=0.45
[b2a][epoch 39/50] loss=0.4419  val_acc=0.9406  macroF1=0.7758  edit=46.67  segF1@50=0.51
[b2a][epoch 40/50] loss=0.4351  val_acc=0.9333  macroF1=0.7533  edit=43.33  segF1@50=0.46
[b2a][epoch 41/50] loss=0.4368  val_acc=0.9399  macroF1=0.7748  edit=46.58  segF1@50=0.50
[b2a][epoch 42/50] loss=0.4213  val_acc=0.9333  macroF1=0.7506  edit=42.92  segF1@50=0.44
[b2a][epoch 43/50] loss=0.4226  val_acc=0.9426  macroF1=0.7841  edit=54.53  segF1@50=0.57
[b2a][epoch 44/50] loss=0.4127  val_acc=0.9393  macroF1=0.7643  edit=48.06  segF1@50=0.48
[b2a][epoch 45/50] loss=0.4002  val_acc=0.9413  macroF1=0.7760  edit=47.00  segF1@50=0.52
[b2a][epoch 46/50] loss=0.3996  val_acc=0.9366  macroF1=0.7686  edit=48.00  segF1@50=0.47
[b2a][epoch 47/50] loss=0.3937  val_acc=0.9399  macroF1=0.7717  edit=47.31  segF1@50=0.50
[b2a][epoch 48/50] loss=0.3923  val_acc=0.9393  macroF1=0.7755  edit=44.69  segF1@50=0.49
[b2a][epoch 49/50] loss=0.3863  val_acc=0.9419  macroF1=0.7771  edit=49.52  segF1@50=0.52
[b2a][epoch 50/50] loss=0.3771  val_acc=0.9380  macroF1=0.7713  edit=40.00  segF1@50=0.44
[b2a] best @epoch 43: acc=0.9426 macroF1=0.7841
[b2a] evidence written -> /home/ubuntu/slocal2/m2/experiments/transfer/b2a_ro_oracle_bsnoise_p020_002_b2a_ro_oracle_bsnoise_p020_seed123
