[b2a] train clips=13  val clips=3  in_dim=2063  tool_source=oracle  classes=9  device=cuda
[b2a] evidence dir: /home/ubuntu/slocal2/m2/experiments/transfer/b2a_ro_oracle_bsnoise_p030_003_b2a_ro_oracle_bsnoise_p030_seed456
[b2a][epoch 1/50] loss=3.4501  val_acc=0.3677  macroF1=0.0768  edit=18.00  segF1@50=0.22
[b2a][epoch 2/50] loss=2.7003  val_acc=0.6772  macroF1=0.2318  edit=38.33  segF1@50=0.20
[b2a][epoch 3/50] loss=2.1239  val_acc=0.6713  macroF1=0.2276  edit=34.33  segF1@50=0.22
[b2a][epoch 4/50] loss=1.8364  val_acc=0.6587  macroF1=0.2253  edit=35.67  segF1@50=0.26
[b2a][epoch 5/50] loss=1.6871  val_acc=0.6805  macroF1=0.2283  edit=32.89  segF1@50=0.31
[b2a][epoch 6/50] loss=1.5381  val_acc=0.6845  macroF1=0.2325  edit=23.33  segF1@50=0.13
[b2a][epoch 7/50] loss=1.4961  val_acc=0.6838  macroF1=0.2311  edit=29.95  segF1@50=0.26
[b2a][epoch 8/50] loss=1.3533  val_acc=0.6851  macroF1=0.2322  edit=27.67  segF1@50=0.24
[b2a][epoch 9/50] loss=1.2655  val_acc=0.7069  macroF1=0.2915  edit=36.36  segF1@50=0.28
[b2a][epoch 10/50] loss=1.1863  val_acc=0.7584  macroF1=0.3731  edit=27.76  segF1@50=0.21
[b2a][epoch 11/50] loss=1.1250  val_acc=0.8185  macroF1=0.4518  edit=31.22  segF1@50=0.23
[b2a][epoch 12/50] loss=1.0352  val_acc=0.8205  macroF1=0.4516  edit=25.29  segF1@50=0.24
[b2a][epoch 13/50] loss=0.9741  val_acc=0.7993  macroF1=0.4379  edit=26.80  segF1@50=0.24
[b2a][epoch 14/50] loss=0.9372  val_acc=0.8865  macroF1=0.6549  edit=41.26  segF1@50=0.45
[b2a][epoch 15/50] loss=0.8795  val_acc=0.8548  macroF1=0.5959  edit=36.44  segF1@50=0.33
[b2a][epoch 16/50] loss=0.8614  val_acc=0.8812  macroF1=0.6604  edit=37.60  segF1@50=0.44
[b2a][epoch 17/50] loss=0.8148  val_acc=0.8733  macroF1=0.6334  edit=38.02  segF1@50=0.39
[b2a][epoch 18/50] loss=0.7724  val_acc=0.8937  macroF1=0.6632  edit=31.53  segF1@50=0.36
[b2a][epoch 19/50] loss=0.7539  val_acc=0.8871  macroF1=0.6376  edit=35.56  segF1@50=0.42
[b2a][epoch 20/50] loss=0.7299  val_acc=0.8858  macroF1=0.6699  edit=36.35  segF1@50=0.42
[b2a][epoch 21/50] loss=0.7060  val_acc=0.8891  macroF1=0.6516  edit=32.37  segF1@50=0.36
[b2a][epoch 22/50] loss=0.6936  val_acc=0.9036  macroF1=0.6603  edit=31.27  segF1@50=0.40
[b2a][epoch 23/50] loss=0.6742  val_acc=0.8667  macroF1=0.6387  edit=35.39  segF1@50=0.37
[b2a][epoch 24/50] loss=0.6639  val_acc=0.8990  macroF1=0.6499  edit=30.93  segF1@50=0.33
[b2a][epoch 25/50] loss=0.6381  val_acc=0.9023  macroF1=0.6616  edit=38.59  segF1@50=0.45
[b2a][epoch 26/50] loss=0.6227  val_acc=0.8977  macroF1=0.6570  edit=31.24  segF1@50=0.38
[b2a][epoch 27/50] loss=0.6141  val_acc=0.8878  macroF1=0.6858  edit=33.49  segF1@50=0.35
[b2a][epoch 28/50] loss=0.5893  val_acc=0.9010  macroF1=0.6587  edit=35.41  segF1@50=0.43
[b2a][epoch 29/50] loss=0.5733  val_acc=0.8858  macroF1=0.6504  edit=35.89  segF1@50=0.35
[b2a][epoch 30/50] loss=0.5645  val_acc=0.8983  macroF1=0.6626  edit=40.21  segF1@50=0.47
[b2a][epoch 31/50] loss=0.5591  val_acc=0.9083  macroF1=0.6652  edit=38.56  segF1@50=0.45
[b2a][epoch 32/50] loss=0.5750  val_acc=0.8746  macroF1=0.6450  edit=32.63  segF1@50=0.34
[b2a][epoch 33/50] loss=0.5688  val_acc=0.8944  macroF1=0.6598  edit=37.61  segF1@50=0.40
[b2a][epoch 34/50] loss=0.5245  val_acc=0.8904  macroF1=0.6641  edit=36.22  segF1@50=0.38
[b2a][epoch 35/50] loss=0.5076  val_acc=0.9036  macroF1=0.6696  edit=38.37  segF1@50=0.43
[b2a][epoch 36/50] loss=0.4991  val_acc=0.8937  macroF1=0.6680  edit=40.30  segF1@50=0.43
[b2a][epoch 37/50] loss=0.4966  val_acc=0.9089  macroF1=0.6745  edit=34.73  segF1@50=0.39
[b2a][epoch 38/50] loss=0.4932  val_acc=0.8719  macroF1=0.6461  edit=32.82  segF1@50=0.32
[b2a][epoch 39/50] loss=0.5049  val_acc=0.8937  macroF1=0.6589  edit=36.69  segF1@50=0.41
[b2a][epoch 40/50] loss=0.4775  val_acc=0.8911  macroF1=0.6798  edit=37.06  segF1@50=0.37
[b2a][epoch 41/50] loss=0.5244  val_acc=0.8917  macroF1=0.6557  edit=33.57  segF1@50=0.34
[b2a][epoch 42/50] loss=0.5520  val_acc=0.8825  macroF1=0.6449  edit=31.67  segF1@50=0.38
[b2a][epoch 43/50] loss=0.5002  val_acc=0.8779  macroF1=0.6525  edit=47.27  segF1@50=0.49
[b2a][epoch 44/50] loss=0.4579  val_acc=0.8911  macroF1=0.6650  edit=41.03  segF1@50=0.43
[b2a][epoch 45/50] loss=0.4391  val_acc=0.8838  macroF1=0.6664  edit=35.75  segF1@50=0.33
[b2a][epoch 46/50] loss=0.4330  val_acc=0.8871  macroF1=0.6650  edit=41.22  segF1@50=0.42
[b2a][epoch 47/50] loss=0.4204  val_acc=0.8858  macroF1=0.6635  edit=36.32  segF1@50=0.37
[b2a][epoch 48/50] loss=0.4195  val_acc=0.8779  macroF1=0.6581  edit=39.14  segF1@50=0.37
[b2a][epoch 49/50] loss=0.4207  val_acc=0.8970  macroF1=0.6733  edit=45.79  segF1@50=0.48
[b2a][epoch 50/50] loss=0.4178  val_acc=0.8799  macroF1=0.6641  edit=48.38  segF1@50=0.52
[b2a] best @epoch 37: acc=0.9089 macroF1=0.6745
[b2a] evidence written -> /home/ubuntu/slocal2/m2/experiments/transfer/b2a_ro_oracle_bsnoise_p030_003_b2a_ro_oracle_bsnoise_p030_seed456
