[b2a] train clips=13  val clips=3  in_dim=2063  tool_source=oracle  classes=9  device=cuda
[b2a] evidence dir: /home/ubuntu/slocal2/m2/experiments/transfer/b2a_ro_oracle_bipolarnoise_p020_003_b2a_ro_oracle_bipolarnoise_p020_seed456
[b2a][epoch 1/50] loss=3.4565  val_acc=0.3677  macroF1=0.0768  edit=18.00  segF1@50=0.22
[b2a][epoch 2/50] loss=2.6723  val_acc=0.6766  macroF1=0.2315  edit=41.00  segF1@50=0.20
[b2a][epoch 3/50] loss=2.0647  val_acc=0.6706  macroF1=0.2274  edit=35.67  segF1@50=0.22
[b2a][epoch 4/50] loss=1.7772  val_acc=0.6686  macroF1=0.2283  edit=37.00  segF1@50=0.26
[b2a][epoch 5/50] loss=1.6082  val_acc=0.6825  macroF1=0.2290  edit=34.33  segF1@50=0.33
[b2a][epoch 6/50] loss=1.4403  val_acc=0.6858  macroF1=0.2327  edit=34.33  segF1@50=0.24
[b2a][epoch 7/50] loss=1.3626  val_acc=0.6878  macroF1=0.2310  edit=37.00  segF1@50=0.39
[b2a][epoch 8/50] loss=1.2149  val_acc=0.7003  macroF1=0.2595  edit=29.06  segF1@50=0.23
[b2a][epoch 9/50] loss=1.1190  val_acc=0.8000  macroF1=0.3854  edit=45.11  segF1@50=0.33
[b2a][epoch 10/50] loss=1.0134  val_acc=0.8482  macroF1=0.4785  edit=49.33  segF1@50=0.48
[b2a][epoch 11/50] loss=0.9458  val_acc=0.8634  macroF1=0.5016  edit=57.67  segF1@50=0.54
[b2a][epoch 12/50] loss=0.8757  val_acc=0.8627  macroF1=0.5016  edit=46.00  segF1@50=0.50
[b2a][epoch 13/50] loss=0.8080  val_acc=0.8634  macroF1=0.5022  edit=44.86  segF1@50=0.44
[b2a][epoch 14/50] loss=0.7797  val_acc=0.9294  macroF1=0.7071  edit=54.15  segF1@50=0.57
[b2a][epoch 15/50] loss=0.7402  val_acc=0.9135  macroF1=0.6594  edit=46.92  segF1@50=0.50
[b2a][epoch 16/50] loss=0.7195  val_acc=0.9353  macroF1=0.7397  edit=64.22  segF1@50=0.70
[b2a][epoch 17/50] loss=0.6770  val_acc=0.9320  macroF1=0.7251  edit=56.00  segF1@50=0.58
[b2a][epoch 18/50] loss=0.6480  val_acc=0.9281  macroF1=0.7227  edit=47.67  segF1@50=0.51
[b2a][epoch 19/50] loss=0.6306  val_acc=0.9314  macroF1=0.7218  edit=53.33  segF1@50=0.57
[b2a][epoch 20/50] loss=0.6120  val_acc=0.9360  macroF1=0.7406  edit=56.00  segF1@50=0.60
[b2a][epoch 21/50] loss=0.5849  val_acc=0.9287  macroF1=0.7415  edit=46.00  segF1@50=0.51
[b2a][epoch 22/50] loss=0.5864  val_acc=0.9320  macroF1=0.7111  edit=58.67  segF1@50=0.57
[b2a][epoch 23/50] loss=0.5661  val_acc=0.9413  macroF1=0.7714  edit=53.11  segF1@50=0.50
[b2a][epoch 24/50] loss=0.5600  val_acc=0.9320  macroF1=0.7100  edit=60.00  segF1@50=0.57
[b2a][epoch 25/50] loss=0.5494  val_acc=0.9432  macroF1=0.7670  edit=48.02  segF1@50=0.48
[b2a][epoch 26/50] loss=0.5298  val_acc=0.9353  macroF1=0.7341  edit=57.47  segF1@50=0.54
[b2a][epoch 27/50] loss=0.5157  val_acc=0.9485  macroF1=0.7948  edit=50.22  segF1@50=0.57
[b2a][epoch 28/50] loss=0.4944  val_acc=0.9380  macroF1=0.7424  edit=56.67  segF1@50=0.56
[b2a][epoch 29/50] loss=0.4773  val_acc=0.9459  macroF1=0.7767  edit=60.00  segF1@50=0.62
[b2a][epoch 30/50] loss=0.4639  val_acc=0.9446  macroF1=0.7796  edit=53.42  segF1@50=0.52
[b2a][epoch 31/50] loss=0.4591  val_acc=0.9446  macroF1=0.7699  edit=56.79  segF1@50=0.59
[b2a][epoch 32/50] loss=0.4625  val_acc=0.9393  macroF1=0.7761  edit=45.62  segF1@50=0.48
[b2a][epoch 33/50] loss=0.4628  val_acc=0.9505  macroF1=0.7968  edit=63.58  segF1@50=0.71
[b2a][epoch 34/50] loss=0.4443  val_acc=0.9472  macroF1=0.7939  edit=50.22  segF1@50=0.51
[b2a][epoch 35/50] loss=0.4341  val_acc=0.9432  macroF1=0.7640  edit=48.89  segF1@50=0.55
[b2a][epoch 36/50] loss=0.4323  val_acc=0.9472  macroF1=0.7963  edit=43.77  segF1@50=0.45
[b2a][epoch 37/50] loss=0.4208  val_acc=0.9380  macroF1=0.7338  edit=45.06  segF1@50=0.52
[b2a][epoch 38/50] loss=0.4196  val_acc=0.9446  macroF1=0.7779  edit=47.56  segF1@50=0.49
[b2a][epoch 39/50] loss=0.4121  val_acc=0.9498  macroF1=0.7880  edit=54.70  segF1@50=0.59
[b2a][epoch 40/50] loss=0.3999  val_acc=0.9472  macroF1=0.7959  edit=57.26  segF1@50=0.56
[b2a][epoch 41/50] loss=0.4131  val_acc=0.9327  macroF1=0.7038  edit=47.78  segF1@50=0.51
[b2a][epoch 42/50] loss=0.4047  val_acc=0.9459  macroF1=0.7694  edit=58.67  segF1@50=0.62
[b2a][epoch 43/50] loss=0.3958  val_acc=0.9479  macroF1=0.7908  edit=53.82  segF1@50=0.55
[b2a][epoch 44/50] loss=0.3726  val_acc=0.9459  macroF1=0.7793  edit=51.83  segF1@50=0.55
[b2a][epoch 45/50] loss=0.3687  val_acc=0.9426  macroF1=0.7642  edit=49.78  segF1@50=0.49
[b2a][epoch 46/50] loss=0.3687  val_acc=0.9492  macroF1=0.7984  edit=48.26  segF1@50=0.52
[b2a][epoch 47/50] loss=0.3539  val_acc=0.9452  macroF1=0.7874  edit=58.44  segF1@50=0.57
[b2a][epoch 48/50] loss=0.3621  val_acc=0.9446  macroF1=0.7757  edit=48.33  segF1@50=0.48
[b2a][epoch 49/50] loss=0.3810  val_acc=0.9386  macroF1=0.7561  edit=55.33  segF1@50=0.55
[b2a][epoch 50/50] loss=0.3697  val_acc=0.9452  macroF1=0.7810  edit=68.38  segF1@50=0.68
[b2a] best @epoch 33: acc=0.9505 macroF1=0.7968
[b2a] evidence written -> /home/ubuntu/slocal2/m2/experiments/transfer/b2a_ro_oracle_bipolarnoise_p020_003_b2a_ro_oracle_bipolarnoise_p020_seed456
