[b2a] train clips=13  val clips=3  in_dim=2063  tool_source=pred  classes=9  device=cuda
[b2a] evidence dir: /home/ubuntu/slocal/m2/experiments/transfer/b2a_det2phase_toolpresence_013_b2a_det2phase_toolpresence_seed42
[b2a][epoch 1/50] loss=3.7562  val_acc=0.3624  macroF1=0.0766  edit=2.67  segF1@50=0.17
[b2a][epoch 2/50] loss=2.8595  val_acc=0.2607  macroF1=0.0854  edit=10.37  segF1@50=0.01
[b2a][epoch 3/50] loss=2.6666  val_acc=0.3670  macroF1=0.0769  edit=1.33  segF1@50=0.17
[b2a][epoch 4/50] loss=2.4350  val_acc=0.5234  macroF1=0.1799  edit=20.10  segF1@50=0.01
[b2a][epoch 5/50] loss=2.4533  val_acc=0.4733  macroF1=0.1466  edit=29.14  segF1@50=0.22
[b2a][epoch 6/50] loss=2.0353  val_acc=0.6733  macroF1=0.2289  edit=35.44  segF1@50=0.15
[b2a][epoch 7/50] loss=1.6288  val_acc=0.6323  macroF1=0.2176  edit=37.00  segF1@50=0.20
[b2a][epoch 8/50] loss=1.4741  val_acc=0.6574  macroF1=0.2208  edit=16.04  segF1@50=0.17
[b2a][epoch 9/50] loss=1.3618  val_acc=0.6620  macroF1=0.2386  edit=39.67  segF1@50=0.23
[b2a][epoch 10/50] loss=1.3109  val_acc=0.6594  macroF1=0.2746  edit=47.06  segF1@50=0.20
[b2a][epoch 11/50] loss=1.2057  val_acc=0.7083  macroF1=0.3388  edit=36.97  segF1@50=0.21
[b2a][epoch 12/50] loss=1.1231  val_acc=0.8284  macroF1=0.5581  edit=26.94  segF1@50=0.21
[b2a][epoch 13/50] loss=1.0481  val_acc=0.8099  macroF1=0.5301  edit=30.94  segF1@50=0.29
[b2a][epoch 14/50] loss=0.9567  val_acc=0.7934  macroF1=0.4504  edit=31.91  segF1@50=0.28
[b2a][epoch 15/50] loss=0.8929  val_acc=0.8964  macroF1=0.6499  edit=55.11  segF1@50=0.53
[b2a][epoch 16/50] loss=0.8365  val_acc=0.8660  macroF1=0.6116  edit=49.38  segF1@50=0.50
[b2a][epoch 17/50] loss=0.7539  val_acc=0.9076  macroF1=0.6835  edit=35.74  segF1@50=0.32
[b2a][epoch 18/50] loss=0.7869  val_acc=0.9142  macroF1=0.6884  edit=41.78  segF1@50=0.40
[b2a][epoch 19/50] loss=1.3541  val_acc=0.7076  macroF1=0.5453  edit=21.79  segF1@50=0.14
[b2a][epoch 20/50] loss=1.6102  val_acc=0.7934  macroF1=0.5882  edit=28.28  segF1@50=0.25
[b2a][epoch 21/50] loss=0.9228  val_acc=0.8858  macroF1=0.6634  edit=32.63  segF1@50=0.30
[b2a][epoch 22/50] loss=0.7495  val_acc=0.8719  macroF1=0.7036  edit=28.04  segF1@50=0.26
[b2a][epoch 23/50] loss=0.6991  val_acc=0.9102  macroF1=0.7217  edit=37.65  segF1@50=0.35
[b2a][epoch 24/50] loss=0.6076  val_acc=0.8792  macroF1=0.6916  edit=28.96  segF1@50=0.25
[b2a][epoch 25/50] loss=0.5783  val_acc=0.9056  macroF1=0.7339  edit=39.96  segF1@50=0.38
[b2a][epoch 26/50] loss=0.5504  val_acc=0.9003  macroF1=0.7407  edit=39.68  segF1@50=0.37
[b2a][epoch 27/50] loss=0.5167  val_acc=0.9043  macroF1=0.7367  edit=46.24  segF1@50=0.41
[b2a][epoch 28/50] loss=0.5061  val_acc=0.9096  macroF1=0.7635  edit=46.73  segF1@50=0.44
[b2a][epoch 29/50] loss=0.4857  val_acc=0.9102  macroF1=0.7405  edit=47.78  segF1@50=0.44
[b2a][epoch 30/50] loss=0.4628  val_acc=0.9089  macroF1=0.7604  edit=43.69  segF1@50=0.42
[b2a][epoch 31/50] loss=0.4604  val_acc=0.9162  macroF1=0.7545  edit=39.09  segF1@50=0.35
[b2a][epoch 32/50] loss=0.5422  val_acc=0.8706  macroF1=0.6635  edit=40.37  segF1@50=0.33
[b2a][epoch 33/50] loss=0.4827  val_acc=0.8990  macroF1=0.7318  edit=36.67  segF1@50=0.32
[b2a][epoch 34/50] loss=0.4517  val_acc=0.9234  macroF1=0.7804  edit=33.94  segF1@50=0.35
[b2a][epoch 35/50] loss=0.4403  val_acc=0.9135  macroF1=0.7474  edit=34.43  segF1@50=0.33
[b2a][epoch 36/50] loss=0.4154  val_acc=0.9234  macroF1=0.7887  edit=34.72  segF1@50=0.34
[b2a][epoch 37/50] loss=0.4110  val_acc=0.9050  macroF1=0.7422  edit=42.38  segF1@50=0.38
[b2a][epoch 38/50] loss=0.4061  val_acc=0.9168  macroF1=0.7687  edit=37.39  segF1@50=0.38
[b2a][epoch 39/50] loss=0.4146  val_acc=0.9274  macroF1=0.7698  edit=37.63  segF1@50=0.38
[b2a][epoch 40/50] loss=0.4056  val_acc=0.9036  macroF1=0.7662  edit=32.02  segF1@50=0.33
[b2a][epoch 41/50] loss=0.4050  val_acc=0.9135  macroF1=0.7367  edit=37.72  segF1@50=0.36
[b2a][epoch 42/50] loss=0.4310  val_acc=0.9228  macroF1=0.7847  edit=31.80  segF1@50=0.32
[b2a][epoch 43/50] loss=0.3832  val_acc=0.9182  macroF1=0.7369  edit=33.43  segF1@50=0.31
[b2a][epoch 44/50] loss=0.3733  val_acc=0.9248  macroF1=0.7867  edit=37.72  segF1@50=0.40
[b2a][epoch 45/50] loss=0.3572  val_acc=0.9215  macroF1=0.7774  edit=34.87  segF1@50=0.36
[b2a][epoch 46/50] loss=0.3424  val_acc=0.9307  macroF1=0.7806  edit=38.50  segF1@50=0.40
[b2a][epoch 47/50] loss=0.3306  val_acc=0.9294  macroF1=0.8010  edit=35.83  segF1@50=0.38
[b2a][epoch 48/50] loss=0.3195  val_acc=0.9267  macroF1=0.7778  edit=33.78  segF1@50=0.37
[b2a][epoch 49/50] loss=0.3125  val_acc=0.9287  macroF1=0.7974  edit=37.60  segF1@50=0.39
[b2a][epoch 50/50] loss=0.3035  val_acc=0.9307  macroF1=0.7901  edit=36.03  segF1@50=0.38
[b2a] best @epoch 46: acc=0.9307 macroF1=0.7806
[b2a] evidence written -> /home/ubuntu/slocal/m2/experiments/transfer/b2a_det2phase_toolpresence_013_b2a_det2phase_toolpresence_seed42
