[b2a] train clips=13  val clips=3  in_dim=2063  tool_source=pred  classes=9  device=cuda
[b2a] evidence dir: /home/ubuntu/slocal/m2/experiments/transfer/b2a_det2phase_toolpresence_010_b2a_det2phase_toolpresence_seed456
[b2a][epoch 1/50] loss=3.4907  val_acc=0.3340  macroF1=0.0715  edit=9.67  segF1@50=0.00
[b2a][epoch 2/50] loss=2.8873  val_acc=0.3650  macroF1=0.0767  edit=2.67  segF1@50=0.17
[b2a][epoch 3/50] loss=2.6932  val_acc=0.3340  macroF1=0.0715  edit=9.67  segF1@50=0.00
[b2a][epoch 4/50] loss=2.5972  val_acc=0.3677  macroF1=0.0768  edit=18.00  segF1@50=0.22
[b2a][epoch 5/50] loss=2.3459  val_acc=0.6785  macroF1=0.2280  edit=35.67  segF1@50=0.17
[b2a][epoch 6/50] loss=2.0248  val_acc=0.4832  macroF1=0.1627  edit=29.89  segF1@50=0.10
[b2a][epoch 7/50] loss=2.1625  val_acc=0.3340  macroF1=0.0715  edit=9.67  segF1@50=0.00
[b2a][epoch 8/50] loss=2.1626  val_acc=0.6752  macroF1=0.2275  edit=28.61  segF1@50=0.24
[b2a][epoch 9/50] loss=1.7248  val_acc=0.6422  macroF1=0.2212  edit=41.00  segF1@50=0.20
[b2a][epoch 10/50] loss=1.5134  val_acc=0.6218  macroF1=0.2146  edit=31.00  segF1@50=0.13
[b2a][epoch 11/50] loss=1.3459  val_acc=0.6396  macroF1=0.2392  edit=41.39  segF1@50=0.26
[b2a][epoch 12/50] loss=1.2103  val_acc=0.7281  macroF1=0.3600  edit=33.35  segF1@50=0.23
[b2a][epoch 13/50] loss=1.1091  val_acc=0.7584  macroF1=0.3962  edit=31.46  segF1@50=0.22
[b2a][epoch 14/50] loss=1.0240  val_acc=0.8033  macroF1=0.4666  edit=32.33  segF1@50=0.27
[b2a][epoch 15/50] loss=0.9458  val_acc=0.7934  macroF1=0.4448  edit=38.87  segF1@50=0.30
[b2a][epoch 16/50] loss=0.8915  val_acc=0.8680  macroF1=0.6296  edit=24.50  segF1@50=0.21
[b2a][epoch 17/50] loss=0.8381  val_acc=0.8686  macroF1=0.6152  edit=36.67  segF1@50=0.36
[b2a][epoch 18/50] loss=0.7743  val_acc=0.8944  macroF1=0.6707  edit=35.12  segF1@50=0.34
[b2a][epoch 19/50] loss=0.7150  val_acc=0.8964  macroF1=0.6780  edit=29.97  segF1@50=0.26
[b2a][epoch 20/50] loss=0.7031  val_acc=0.8944  macroF1=0.6784  edit=31.67  segF1@50=0.30
[b2a][epoch 21/50] loss=0.6848  val_acc=0.9017  macroF1=0.7058  edit=33.78  segF1@50=0.27
[b2a][epoch 22/50] loss=0.6292  val_acc=0.9083  macroF1=0.6744  edit=34.74  segF1@50=0.34
[b2a][epoch 23/50] loss=0.5964  val_acc=0.8924  macroF1=0.7288  edit=33.59  segF1@50=0.30
[b2a][epoch 24/50] loss=0.5684  val_acc=0.8924  macroF1=0.6495  edit=30.51  segF1@50=0.29
[b2a][epoch 25/50] loss=0.5315  val_acc=0.9063  macroF1=0.7087  edit=38.77  segF1@50=0.36
[b2a][epoch 26/50] loss=0.5061  val_acc=0.9089  macroF1=0.7021  edit=36.67  segF1@50=0.36
[b2a][epoch 27/50] loss=0.5119  val_acc=0.8950  macroF1=0.7462  edit=47.63  segF1@50=0.49
[b2a][epoch 28/50] loss=0.4907  val_acc=0.9142  macroF1=0.7119  edit=39.85  segF1@50=0.35
[b2a][epoch 29/50] loss=0.4840  val_acc=0.9162  macroF1=0.7275  edit=39.55  segF1@50=0.41
[b2a][epoch 30/50] loss=0.4449  val_acc=0.9175  macroF1=0.7687  edit=38.79  segF1@50=0.41
[b2a][epoch 31/50] loss=0.4361  val_acc=0.9168  macroF1=0.7396  edit=40.23  segF1@50=0.40
[b2a][epoch 32/50] loss=0.4151  val_acc=0.9188  macroF1=0.7381  edit=40.44  segF1@50=0.41
[b2a][epoch 33/50] loss=0.3945  val_acc=0.9248  macroF1=0.7827  edit=43.10  segF1@50=0.43
[b2a][epoch 34/50] loss=0.3906  val_acc=0.9168  macroF1=0.7355  edit=39.01  segF1@50=0.40
[b2a][epoch 35/50] loss=0.4077  val_acc=0.8990  macroF1=0.7553  edit=40.33  segF1@50=0.40
[b2a][epoch 36/50] loss=0.3775  val_acc=0.9188  macroF1=0.7307  edit=39.28  segF1@50=0.38
[b2a][epoch 37/50] loss=0.3733  val_acc=0.9281  macroF1=0.7897  edit=45.24  segF1@50=0.44
[b2a][epoch 38/50] loss=0.3621  val_acc=0.9096  macroF1=0.7447  edit=34.13  segF1@50=0.36
[b2a][epoch 39/50] loss=0.4081  val_acc=0.9327  macroF1=0.7852  edit=50.19  segF1@50=0.52
[b2a][epoch 40/50] loss=0.3864  val_acc=0.8713  macroF1=0.6970  edit=32.43  segF1@50=0.30
[b2a][epoch 41/50] loss=0.3804  val_acc=0.9380  macroF1=0.7877  edit=50.29  segF1@50=0.57
[b2a][epoch 42/50] loss=0.4925  val_acc=0.9063  macroF1=0.7647  edit=43.16  segF1@50=0.49
[b2a][epoch 43/50] loss=0.4990  val_acc=0.9102  macroF1=0.7113  edit=35.87  segF1@50=0.33
[b2a][epoch 44/50] loss=0.3759  val_acc=0.9215  macroF1=0.7635  edit=37.62  segF1@50=0.39
[b2a][epoch 45/50] loss=0.3345  val_acc=0.9096  macroF1=0.7593  edit=32.09  segF1@50=0.35
[b2a][epoch 46/50] loss=0.3224  val_acc=0.9333  macroF1=0.7810  edit=48.15  segF1@50=0.51
[b2a][epoch 47/50] loss=0.2986  val_acc=0.9076  macroF1=0.7611  edit=36.51  segF1@50=0.37
[b2a][epoch 48/50] loss=0.2909  val_acc=0.9300  macroF1=0.7687  edit=42.17  segF1@50=0.42
[b2a][epoch 49/50] loss=0.2760  val_acc=0.9281  macroF1=0.7810  edit=39.47  segF1@50=0.40
[b2a][epoch 50/50] loss=0.2710  val_acc=0.9274  macroF1=0.7794  edit=39.21  segF1@50=0.39
[b2a] best @epoch 41: acc=0.9380 macroF1=0.7877
[b2a] evidence written -> /home/ubuntu/slocal/m2/experiments/transfer/b2a_det2phase_toolpresence_010_b2a_det2phase_toolpresence_seed456
