[b2a] train clips=13  val clips=3  in_dim=2063  tool_source=pred  classes=9  device=cuda
[b2a] evidence dir: /home/ubuntu/slocal2/m2/experiments/transfer/b2a_regiononly_mask_10_002_b2a_regiononly_mask_10_seed123
[b2a][epoch 1/50] loss=3.6423  val_acc=0.4389  macroF1=0.1400  edit=2.67  segF1@50=0.00
[b2a][epoch 2/50] loss=2.9180  val_acc=0.3624  macroF1=0.0772  edit=2.67  segF1@50=0.17
[b2a][epoch 3/50] loss=2.6189  val_acc=0.3340  macroF1=0.0715  edit=9.67  segF1@50=0.00
[b2a][epoch 4/50] loss=2.3557  val_acc=0.4224  macroF1=0.1245  edit=16.17  segF1@50=0.17
[b2a][epoch 5/50] loss=2.0644  val_acc=0.6766  macroF1=0.2301  edit=11.00  segF1@50=0.17
[b2a][epoch 6/50] loss=1.6845  val_acc=0.6805  macroF1=0.2313  edit=19.33  segF1@50=0.11
[b2a][epoch 7/50] loss=1.4941  val_acc=0.6779  macroF1=0.2305  edit=13.67  segF1@50=0.19
[b2a][epoch 8/50] loss=1.3326  val_acc=0.6772  macroF1=0.2311  edit=44.00  segF1@50=0.24
[b2a][epoch 9/50] loss=1.2264  val_acc=0.7789  macroF1=0.3622  edit=29.70  segF1@50=0.32
[b2a][epoch 10/50] loss=1.0987  val_acc=0.8066  macroF1=0.4490  edit=32.33  segF1@50=0.31
[b2a][epoch 11/50] loss=0.9963  val_acc=0.8343  macroF1=0.5283  edit=37.39  segF1@50=0.36
[b2a][epoch 12/50] loss=0.9559  val_acc=0.9036  macroF1=0.6690  edit=28.67  segF1@50=0.29
[b2a][epoch 13/50] loss=0.8649  val_acc=0.9135  macroF1=0.6952  edit=36.89  segF1@50=0.43
[b2a][epoch 14/50] loss=0.7846  val_acc=0.9102  macroF1=0.6759  edit=36.07  segF1@50=0.40
[b2a][epoch 15/50] loss=0.7551  val_acc=0.9149  macroF1=0.7408  edit=39.11  segF1@50=0.42
[b2a][epoch 16/50] loss=0.7539  val_acc=0.9149  macroF1=0.7145  edit=45.39  segF1@50=0.44
[b2a][epoch 17/50] loss=0.6810  val_acc=0.9135  macroF1=0.7448  edit=50.19  segF1@50=0.54
[b2a][epoch 18/50] loss=0.6497  val_acc=0.9234  macroF1=0.7589  edit=38.54  segF1@50=0.38
[b2a][epoch 19/50] loss=0.6111  val_acc=0.9241  macroF1=0.7515  edit=42.52  segF1@50=0.40
[b2a][epoch 20/50] loss=0.5830  val_acc=0.9274  macroF1=0.7565  edit=48.33  segF1@50=0.48
[b2a][epoch 21/50] loss=0.5983  val_acc=0.9281  macroF1=0.7800  edit=43.36  segF1@50=0.44
[b2a][epoch 22/50] loss=0.5961  val_acc=0.9228  macroF1=0.7472  edit=42.88  segF1@50=0.39
[b2a][epoch 23/50] loss=0.5960  val_acc=0.9333  macroF1=0.7944  edit=46.22  segF1@50=0.52
[b2a][epoch 24/50] loss=0.5387  val_acc=0.9340  macroF1=0.7852  edit=41.14  segF1@50=0.39
[b2a][epoch 25/50] loss=0.5253  val_acc=0.9248  macroF1=0.7785  edit=46.06  segF1@50=0.48
[b2a][epoch 26/50] loss=0.5052  val_acc=0.9340  macroF1=0.7906  edit=40.32  segF1@50=0.35
[b2a][epoch 27/50] loss=0.4937  val_acc=0.9281  macroF1=0.7690  edit=45.91  segF1@50=0.47
[b2a][epoch 28/50] loss=0.4917  val_acc=0.9261  macroF1=0.7838  edit=39.16  segF1@50=0.33
[b2a][epoch 29/50] loss=0.4944  val_acc=0.9274  macroF1=0.7673  edit=46.54  segF1@50=0.49
[b2a][epoch 30/50] loss=0.4981  val_acc=0.9267  macroF1=0.7853  edit=42.86  segF1@50=0.41
[b2a][epoch 31/50] loss=0.4778  val_acc=0.9314  macroF1=0.7753  edit=48.52  segF1@50=0.49
[b2a][epoch 32/50] loss=0.4492  val_acc=0.9267  macroF1=0.7821  edit=41.78  segF1@50=0.40
[b2a][epoch 33/50] loss=0.4467  val_acc=0.9294  macroF1=0.7770  edit=44.35  segF1@50=0.46
[b2a][epoch 34/50] loss=0.4411  val_acc=0.9261  macroF1=0.7825  edit=39.43  segF1@50=0.38
[b2a][epoch 35/50] loss=0.4315  val_acc=0.9248  macroF1=0.7583  edit=41.74  segF1@50=0.38
[b2a][epoch 36/50] loss=0.4775  val_acc=0.9182  macroF1=0.7753  edit=40.56  segF1@50=0.39
[b2a][epoch 37/50] loss=0.4622  val_acc=0.9281  macroF1=0.7719  edit=40.38  segF1@50=0.39
[b2a][epoch 38/50] loss=0.4316  val_acc=0.9347  macroF1=0.7923  edit=37.18  segF1@50=0.34
[b2a][epoch 39/50] loss=0.4076  val_acc=0.9300  macroF1=0.7885  edit=41.67  segF1@50=0.38
[b2a][epoch 40/50] loss=0.4003  val_acc=0.9294  macroF1=0.7830  edit=37.81  segF1@50=0.35
[b2a][epoch 41/50] loss=0.3903  val_acc=0.9254  macroF1=0.7792  edit=38.89  segF1@50=0.37
[b2a][epoch 42/50] loss=0.3779  val_acc=0.9234  macroF1=0.7775  edit=38.10  segF1@50=0.34
[b2a][epoch 43/50] loss=0.3749  val_acc=0.9248  macroF1=0.7788  edit=37.78  segF1@50=0.34
[b2a][epoch 44/50] loss=0.3756  val_acc=0.9366  macroF1=0.7947  edit=39.35  segF1@50=0.39
[b2a][epoch 45/50] loss=0.3692  val_acc=0.9300  macroF1=0.7881  edit=40.68  segF1@50=0.38
[b2a][epoch 46/50] loss=0.3794  val_acc=0.9168  macroF1=0.7707  edit=46.98  segF1@50=0.43
[b2a][epoch 47/50] loss=0.3924  val_acc=0.9221  macroF1=0.7809  edit=36.62  segF1@50=0.37
[b2a][epoch 48/50] loss=0.3821  val_acc=0.9327  macroF1=0.7889  edit=39.47  segF1@50=0.37
[b2a][epoch 49/50] loss=0.3787  val_acc=0.9248  macroF1=0.7801  edit=38.14  segF1@50=0.37
[b2a][epoch 50/50] loss=0.3589  val_acc=0.9294  macroF1=0.7828  edit=42.21  segF1@50=0.42
[b2a] best @epoch 44: acc=0.9366 macroF1=0.7947
[b2a] evidence written -> /home/ubuntu/slocal2/m2/experiments/transfer/b2a_regiononly_mask_10_002_b2a_regiononly_mask_10_seed123
