[b2a] train clips=13  val clips=3  in_dim=2063  tool_source=pred  classes=9  device=cuda
[b2a] evidence dir: /home/ubuntu/slocal2/m2/experiments/transfer/b2a_regiononly_mask_05_002_b2a_regiononly_mask_05_seed123
[b2a][epoch 1/50] loss=3.6126  val_acc=0.4389  macroF1=0.1401  edit=2.67  segF1@50=0.00
[b2a][epoch 2/50] loss=2.8830  val_acc=0.3624  macroF1=0.0772  edit=2.67  segF1@50=0.17
[b2a][epoch 3/50] loss=2.5577  val_acc=0.3340  macroF1=0.0715  edit=9.67  segF1@50=0.00
[b2a][epoch 4/50] loss=2.2299  val_acc=0.6205  macroF1=0.2087  edit=8.22  segF1@50=0.23
[b2a][epoch 5/50] loss=1.8757  val_acc=0.6713  macroF1=0.2286  edit=13.67  segF1@50=0.19
[b2a][epoch 6/50] loss=1.5235  val_acc=0.6746  macroF1=0.2296  edit=24.67  segF1@50=0.13
[b2a][epoch 7/50] loss=1.3611  val_acc=0.6779  macroF1=0.2313  edit=33.00  segF1@50=0.24
[b2a][epoch 8/50] loss=1.2213  val_acc=0.7696  macroF1=0.3567  edit=33.70  segF1@50=0.29
[b2a][epoch 9/50] loss=1.1086  val_acc=0.7861  macroF1=0.3674  edit=33.78  segF1@50=0.28
[b2a][epoch 10/50] loss=1.0050  val_acc=0.8185  macroF1=0.4847  edit=34.69  segF1@50=0.27
[b2a][epoch 11/50] loss=0.9168  val_acc=0.8871  macroF1=0.6328  edit=40.89  segF1@50=0.37
[b2a][epoch 12/50] loss=0.8381  val_acc=0.9195  macroF1=0.6921  edit=38.67  segF1@50=0.45
[b2a][epoch 13/50] loss=0.7783  val_acc=0.9221  macroF1=0.7029  edit=43.12  segF1@50=0.46
[b2a][epoch 14/50] loss=0.7353  val_acc=0.9155  macroF1=0.6768  edit=32.33  segF1@50=0.33
[b2a][epoch 15/50] loss=0.6864  val_acc=0.9300  macroF1=0.7467  edit=45.88  segF1@50=0.49
[b2a][epoch 16/50] loss=0.6457  val_acc=0.9261  macroF1=0.7336  edit=42.03  segF1@50=0.40
[b2a][epoch 17/50] loss=0.6063  val_acc=0.9353  macroF1=0.7532  edit=42.55  segF1@50=0.48
[b2a][epoch 18/50] loss=0.5787  val_acc=0.9314  macroF1=0.7659  edit=44.63  segF1@50=0.48
[b2a][epoch 19/50] loss=0.5732  val_acc=0.9360  macroF1=0.7684  edit=46.36  segF1@50=0.51
[b2a][epoch 20/50] loss=0.5612  val_acc=0.9228  macroF1=0.7165  edit=37.06  segF1@50=0.37
[b2a][epoch 21/50] loss=0.5637  val_acc=0.9419  macroF1=0.7895  edit=36.93  segF1@50=0.41
[b2a][epoch 22/50] loss=0.5306  val_acc=0.9307  macroF1=0.7593  edit=47.07  segF1@50=0.45
[b2a][epoch 23/50] loss=0.5069  val_acc=0.9327  macroF1=0.7654  edit=48.02  segF1@50=0.47
[b2a][epoch 24/50] loss=0.4938  val_acc=0.9360  macroF1=0.7739  edit=40.70  segF1@50=0.41
[b2a][epoch 25/50] loss=0.4773  val_acc=0.9353  macroF1=0.7688  edit=40.70  segF1@50=0.41
[b2a][epoch 26/50] loss=0.4634  val_acc=0.9406  macroF1=0.7850  edit=38.12  segF1@50=0.40
[b2a][epoch 27/50] loss=0.4593  val_acc=0.9267  macroF1=0.7384  edit=35.29  segF1@50=0.36
[b2a][epoch 28/50] loss=0.4767  val_acc=0.9465  macroF1=0.8022  edit=35.26  segF1@50=0.39
[b2a][epoch 29/50] loss=0.4630  val_acc=0.9314  macroF1=0.7651  edit=50.74  segF1@50=0.53
[b2a][epoch 30/50] loss=0.4633  val_acc=0.9446  macroF1=0.7909  edit=38.12  segF1@50=0.41
[b2a][epoch 31/50] loss=0.4391  val_acc=0.9380  macroF1=0.7782  edit=37.56  segF1@50=0.39
[b2a][epoch 32/50] loss=0.4241  val_acc=0.9353  macroF1=0.7679  edit=47.30  segF1@50=0.46
[b2a][epoch 33/50] loss=0.4270  val_acc=0.9406  macroF1=0.7953  edit=33.10  segF1@50=0.38
[b2a][epoch 34/50] loss=0.4299  val_acc=0.9366  macroF1=0.7673  edit=35.33  segF1@50=0.39
[b2a][epoch 35/50] loss=0.4286  val_acc=0.9393  macroF1=0.7960  edit=39.68  segF1@50=0.42
[b2a][epoch 36/50] loss=0.4236  val_acc=0.9413  macroF1=0.7835  edit=37.52  segF1@50=0.40
[b2a][epoch 37/50] loss=0.4066  val_acc=0.9452  macroF1=0.7993  edit=35.83  segF1@50=0.39
[b2a][epoch 38/50] loss=0.3926  val_acc=0.9406  macroF1=0.7830  edit=38.81  segF1@50=0.41
[b2a][epoch 39/50] loss=0.3786  val_acc=0.9459  macroF1=0.7963  edit=39.34  segF1@50=0.41
[b2a][epoch 40/50] loss=0.3767  val_acc=0.9386  macroF1=0.7797  edit=36.60  segF1@50=0.39
[b2a][epoch 41/50] loss=0.3834  val_acc=0.9413  macroF1=0.7892  edit=34.09  segF1@50=0.37
[b2a][epoch 42/50] loss=0.3697  val_acc=0.9353  macroF1=0.7724  edit=39.51  segF1@50=0.43
[b2a][epoch 43/50] loss=0.3597  val_acc=0.9459  macroF1=0.7989  edit=36.52  segF1@50=0.40
[b2a][epoch 44/50] loss=0.3535  val_acc=0.9399  macroF1=0.7844  edit=36.00  segF1@50=0.39
[b2a][epoch 45/50] loss=0.3429  val_acc=0.9439  macroF1=0.7917  edit=35.83  segF1@50=0.39
[b2a][epoch 46/50] loss=0.3434  val_acc=0.9413  macroF1=0.7899  edit=36.03  segF1@50=0.38
[b2a][epoch 47/50] loss=0.3500  val_acc=0.9432  macroF1=0.7953  edit=35.58  segF1@50=0.38
[b2a][epoch 48/50] loss=0.3473  val_acc=0.9399  macroF1=0.7823  edit=37.88  segF1@50=0.40
[b2a][epoch 49/50] loss=0.3376  val_acc=0.9439  macroF1=0.7899  edit=39.05  segF1@50=0.41
[b2a][epoch 50/50] loss=0.3233  val_acc=0.9386  macroF1=0.7775  edit=39.33  segF1@50=0.40
[b2a] best @epoch 28: acc=0.9465 macroF1=0.8022
[b2a] evidence written -> /home/ubuntu/slocal2/m2/experiments/transfer/b2a_regiononly_mask_05_002_b2a_regiononly_mask_05_seed123
