[b2a] train clips=13  val clips=3  in_dim=2063  tool_source=pred  classes=9  device=cuda
[b2a] evidence dir: /home/ubuntu/slocal2/m2/experiments/transfer/b2a_regiononly_mask_14_003_b2a_regiononly_mask_14_seed456
[b2a][epoch 1/50] loss=3.4431  val_acc=0.3677  macroF1=0.0768  edit=18.00  segF1@50=0.22
[b2a][epoch 2/50] loss=2.6568  val_acc=0.6673  macroF1=0.2279  edit=41.00  segF1@50=0.20
[b2a][epoch 3/50] loss=2.0351  val_acc=0.6680  macroF1=0.2271  edit=34.33  segF1@50=0.22
[b2a][epoch 4/50] loss=1.7557  val_acc=0.6693  macroF1=0.2282  edit=34.33  segF1@50=0.28
[b2a][epoch 5/50] loss=1.5850  val_acc=0.6805  macroF1=0.2290  edit=24.38  segF1@50=0.26
[b2a][epoch 6/50] loss=1.4321  val_acc=0.6779  macroF1=0.2310  edit=31.44  segF1@50=0.17
[b2a][epoch 7/50] loss=1.3463  val_acc=0.6799  macroF1=0.2303  edit=34.33  segF1@50=0.24
[b2a][epoch 8/50] loss=1.1937  val_acc=0.6911  macroF1=0.2529  edit=39.30  segF1@50=0.24
[b2a][epoch 9/50] loss=1.0908  val_acc=0.7960  macroF1=0.3873  edit=40.94  segF1@50=0.26
[b2a][epoch 10/50] loss=0.9784  val_acc=0.8389  macroF1=0.4758  edit=33.78  segF1@50=0.30
[b2a][epoch 11/50] loss=0.9014  val_acc=0.8528  macroF1=0.5003  edit=46.44  segF1@50=0.48
[b2a][epoch 12/50] loss=0.8170  val_acc=0.8587  macroF1=0.5224  edit=41.79  segF1@50=0.39
[b2a][epoch 13/50] loss=0.7512  val_acc=0.8502  macroF1=0.4928  edit=29.04  segF1@50=0.26
[b2a][epoch 14/50] loss=0.7397  val_acc=0.9168  macroF1=0.7208  edit=47.26  segF1@50=0.50
[b2a][epoch 15/50] loss=0.6729  val_acc=0.8931  macroF1=0.6500  edit=39.11  segF1@50=0.35
[b2a][epoch 16/50] loss=0.6707  val_acc=0.9241  macroF1=0.7565  edit=46.91  segF1@50=0.51
[b2a][epoch 17/50] loss=0.6342  val_acc=0.9267  macroF1=0.7482  edit=36.30  segF1@50=0.39
[b2a][epoch 18/50] loss=0.6023  val_acc=0.9327  macroF1=0.7569  edit=38.41  segF1@50=0.45
[b2a][epoch 19/50] loss=0.5739  val_acc=0.9307  macroF1=0.7587  edit=44.84  segF1@50=0.53
[b2a][epoch 20/50] loss=0.5606  val_acc=0.9353  macroF1=0.7758  edit=42.54  segF1@50=0.49
[b2a][epoch 21/50] loss=0.5380  val_acc=0.9320  macroF1=0.7517  edit=38.10  segF1@50=0.43
[b2a][epoch 22/50] loss=0.5503  val_acc=0.9353  macroF1=0.7651  edit=40.92  segF1@50=0.46
[b2a][epoch 23/50] loss=0.5475  val_acc=0.9320  macroF1=0.7695  edit=49.14  segF1@50=0.54
[b2a][epoch 24/50] loss=0.5254  val_acc=0.9314  macroF1=0.7621  edit=37.31  segF1@50=0.38
[b2a][epoch 25/50] loss=0.5075  val_acc=0.9353  macroF1=0.7685  edit=39.68  segF1@50=0.45
[b2a][epoch 26/50] loss=0.4874  val_acc=0.9333  macroF1=0.7649  edit=46.91  segF1@50=0.55
[b2a][epoch 27/50] loss=0.4656  val_acc=0.9432  macroF1=0.7866  edit=42.86  segF1@50=0.51
[b2a][epoch 28/50] loss=0.4512  val_acc=0.9340  macroF1=0.7647  edit=48.29  segF1@50=0.57
[b2a][epoch 29/50] loss=0.4620  val_acc=0.9399  macroF1=0.7740  edit=39.42  segF1@50=0.45
[b2a][epoch 30/50] loss=0.4668  val_acc=0.9366  macroF1=0.7712  edit=51.01  segF1@50=0.54
[b2a][epoch 31/50] loss=0.4556  val_acc=0.9360  macroF1=0.7652  edit=38.96  segF1@50=0.41
[b2a][epoch 32/50] loss=0.4458  val_acc=0.9360  macroF1=0.7804  edit=40.32  segF1@50=0.41
[b2a][epoch 33/50] loss=0.4365  val_acc=0.9347  macroF1=0.7650  edit=40.33  segF1@50=0.45
[b2a][epoch 34/50] loss=0.4067  val_acc=0.9426  macroF1=0.7830  edit=43.15  segF1@50=0.49
[b2a][epoch 35/50] loss=0.3999  val_acc=0.9393  macroF1=0.7686  edit=44.24  segF1@50=0.49
[b2a][epoch 36/50] loss=0.3995  val_acc=0.9406  macroF1=0.7900  edit=35.25  segF1@50=0.39
[b2a][epoch 37/50] loss=0.4092  val_acc=0.9340  macroF1=0.7534  edit=37.92  segF1@50=0.44
[b2a][epoch 38/50] loss=0.4262  val_acc=0.9446  macroF1=0.7957  edit=35.25  segF1@50=0.39
[b2a][epoch 39/50] loss=0.3942  val_acc=0.9406  macroF1=0.7810  edit=37.02  segF1@50=0.44
[b2a][epoch 40/50] loss=0.3781  val_acc=0.9426  macroF1=0.7872  edit=39.71  segF1@50=0.46
[b2a][epoch 41/50] loss=0.3698  val_acc=0.9393  macroF1=0.7777  edit=35.44  segF1@50=0.41
[b2a][epoch 42/50] loss=0.3581  val_acc=0.9446  macroF1=0.7908  edit=43.15  segF1@50=0.49
[b2a][epoch 43/50] loss=0.3517  val_acc=0.9406  macroF1=0.7802  edit=38.81  segF1@50=0.44
[b2a][epoch 44/50] loss=0.3506  val_acc=0.9459  macroF1=0.7954  edit=39.15  segF1@50=0.46
[b2a][epoch 45/50] loss=0.3449  val_acc=0.9399  macroF1=0.7775  edit=42.23  segF1@50=0.47
[b2a][epoch 46/50] loss=0.3489  val_acc=0.9452  macroF1=0.7983  edit=35.88  segF1@50=0.40
[b2a][epoch 47/50] loss=0.3374  val_acc=0.9413  macroF1=0.7838  edit=37.88  segF1@50=0.43
[b2a][epoch 48/50] loss=0.3359  val_acc=0.9446  macroF1=0.7975  edit=35.26  segF1@50=0.39
[b2a][epoch 49/50] loss=0.3419  val_acc=0.9406  macroF1=0.7798  edit=39.34  segF1@50=0.45
[b2a][epoch 50/50] loss=0.3328  val_acc=0.9419  macroF1=0.8003  edit=32.74  segF1@50=0.36
[b2a] best @epoch 44: acc=0.9459 macroF1=0.7954
[b2a] evidence written -> /home/ubuntu/slocal2/m2/experiments/transfer/b2a_regiononly_mask_14_003_b2a_regiononly_mask_14_seed456
