[b2a] train clips=13  val clips=3  in_dim=2063  tool_source=pred  classes=9  device=cuda
[b2a] evidence dir: /home/ubuntu/slocal/m2/experiments/transfer/b2a_det2phase_toolpresence_007_b2a_det2phase_toolpresence_seed42
[b2a][epoch 1/50] loss=3.7534  val_acc=0.3624  macroF1=0.0766  edit=2.67  segF1@50=0.17
[b2a][epoch 2/50] loss=2.8654  val_acc=0.2337  macroF1=0.0758  edit=4.82  segF1@50=0.01
[b2a][epoch 3/50] loss=2.6731  val_acc=0.3670  macroF1=0.0769  edit=1.33  segF1@50=0.17
[b2a][epoch 4/50] loss=2.4465  val_acc=0.5637  macroF1=0.1955  edit=17.03  segF1@50=0.02
[b2a][epoch 5/50] loss=2.4130  val_acc=0.5333  macroF1=0.1726  edit=30.60  segF1@50=0.22
[b2a][epoch 6/50] loss=2.0302  val_acc=0.6779  macroF1=0.2289  edit=41.00  segF1@50=0.24
[b2a][epoch 7/50] loss=1.6088  val_acc=0.6449  macroF1=0.2214  edit=32.67  segF1@50=0.14
[b2a][epoch 8/50] loss=1.4622  val_acc=0.6554  macroF1=0.2215  edit=19.06  segF1@50=0.20
[b2a][epoch 9/50] loss=1.3524  val_acc=0.6845  macroF1=0.2688  edit=27.01  segF1@50=0.18
[b2a][epoch 10/50] loss=1.2972  val_acc=0.6495  macroF1=0.3149  edit=40.15  segF1@50=0.25
[b2a][epoch 11/50] loss=1.2744  val_acc=0.7729  macroF1=0.4662  edit=41.84  segF1@50=0.26
[b2a][epoch 12/50] loss=1.1533  val_acc=0.8917  macroF1=0.6424  edit=35.00  segF1@50=0.39
[b2a][epoch 13/50] loss=1.0853  val_acc=0.8647  macroF1=0.6195  edit=35.44  segF1@50=0.36
[b2a][epoch 14/50] loss=1.0180  val_acc=0.8046  macroF1=0.4530  edit=35.04  segF1@50=0.28
[b2a][epoch 15/50] loss=0.8967  val_acc=0.8891  macroF1=0.6693  edit=44.86  segF1@50=0.39
[b2a][epoch 16/50] loss=0.8140  val_acc=0.8931  macroF1=0.6670  edit=55.00  segF1@50=0.52
[b2a][epoch 17/50] loss=0.7713  val_acc=0.9003  macroF1=0.6936  edit=41.97  segF1@50=0.37
[b2a][epoch 18/50] loss=0.6835  val_acc=0.8977  macroF1=0.6872  edit=41.67  segF1@50=0.36
[b2a][epoch 19/50] loss=0.6503  val_acc=0.9089  macroF1=0.7359  edit=39.05  segF1@50=0.37
[b2a][epoch 20/50] loss=0.6386  val_acc=0.9129  macroF1=0.7168  edit=43.56  segF1@50=0.38
[b2a][epoch 21/50] loss=0.5699  val_acc=0.9063  macroF1=0.7233  edit=40.87  segF1@50=0.36
[b2a][epoch 22/50] loss=0.5397  val_acc=0.9003  macroF1=0.7388  edit=40.87  segF1@50=0.39
[b2a][epoch 23/50] loss=0.5398  val_acc=0.8944  macroF1=0.7386  edit=37.18  segF1@50=0.37
[b2a][epoch 24/50] loss=0.5279  val_acc=0.9122  macroF1=0.7017  edit=45.78  segF1@50=0.39
[b2a][epoch 25/50] loss=0.5199  val_acc=0.9043  macroF1=0.7361  edit=37.65  segF1@50=0.35
[b2a][epoch 26/50] loss=0.5339  val_acc=0.8937  macroF1=0.6834  edit=35.00  segF1@50=0.29
[b2a][epoch 27/50] loss=0.5736  val_acc=0.8970  macroF1=0.7048  edit=34.38  segF1@50=0.31
[b2a][epoch 28/50] loss=0.4858  val_acc=0.9142  macroF1=0.7606  edit=30.87  segF1@50=0.32
[b2a][epoch 29/50] loss=0.4606  val_acc=0.9162  macroF1=0.6990  edit=40.63  segF1@50=0.36
[b2a][epoch 30/50] loss=0.4536  val_acc=0.9300  macroF1=0.7869  edit=44.15  segF1@50=0.46
[b2a][epoch 31/50] loss=0.4245  val_acc=0.9228  macroF1=0.7447  edit=47.56  segF1@50=0.41
[b2a][epoch 32/50] loss=0.4053  val_acc=0.9241  macroF1=0.7851  edit=38.52  segF1@50=0.41
[b2a][epoch 33/50] loss=0.3867  val_acc=0.9228  macroF1=0.7543  edit=43.55  segF1@50=0.40
[b2a][epoch 34/50] loss=0.3765  val_acc=0.9300  macroF1=0.7877  edit=41.07  segF1@50=0.43
[b2a][epoch 35/50] loss=0.3662  val_acc=0.9327  macroF1=0.7826  edit=48.40  segF1@50=0.48
[b2a][epoch 36/50] loss=0.3495  val_acc=0.9360  macroF1=0.7978  edit=44.44  segF1@50=0.49
[b2a][epoch 37/50] loss=0.3530  val_acc=0.9261  macroF1=0.7718  edit=42.36  segF1@50=0.42
[b2a][epoch 38/50] loss=0.3383  val_acc=0.9221  macroF1=0.7745  edit=33.63  segF1@50=0.35
[b2a][epoch 39/50] loss=0.3369  val_acc=0.9347  macroF1=0.7912  edit=47.52  segF1@50=0.50
[b2a][epoch 40/50] loss=0.3200  val_acc=0.9386  macroF1=0.7984  edit=44.44  segF1@50=0.44
[b2a][epoch 41/50] loss=0.3255  val_acc=0.9287  macroF1=0.7775  edit=44.29  segF1@50=0.43
[b2a][epoch 42/50] loss=0.3560  val_acc=0.9274  macroF1=0.7864  edit=36.69  segF1@50=0.38
[b2a][epoch 43/50] loss=0.3464  val_acc=0.9274  macroF1=0.7694  edit=44.59  segF1@50=0.42
[b2a][epoch 44/50] loss=0.3246  val_acc=0.9340  macroF1=0.7984  edit=29.30  segF1@50=0.33
[b2a][epoch 45/50] loss=0.3249  val_acc=0.9274  macroF1=0.7887  edit=34.44  segF1@50=0.37
[b2a][epoch 46/50] loss=0.3060  val_acc=0.9300  macroF1=0.7765  edit=41.44  segF1@50=0.41
[b2a][epoch 47/50] loss=0.2923  val_acc=0.9360  macroF1=0.7993  edit=40.01  segF1@50=0.47
[b2a][epoch 48/50] loss=0.2914  val_acc=0.9307  macroF1=0.7839  edit=34.27  segF1@50=0.42
[b2a][epoch 49/50] loss=0.3123  val_acc=0.8977  macroF1=0.7553  edit=33.26  segF1@50=0.37
[b2a][epoch 50/50] loss=0.3749  val_acc=0.9182  macroF1=0.7037  edit=40.63  segF1@50=0.36
[b2a] best @epoch 40: acc=0.9386 macroF1=0.7984
[b2a] evidence written -> /home/ubuntu/slocal/m2/experiments/transfer/b2a_det2phase_toolpresence_007_b2a_det2phase_toolpresence_seed42
