[b2a] train clips=13  val clips=3  in_dim=2063  tool_source=oracle  classes=9  device=cuda
[b2a] evidence dir: /home/ubuntu/slocal2/m2/experiments/transfer/b2a_ro_oracle_nhnoise_p030_001_b2a_ro_oracle_nhnoise_p030_seed42
[b2a][epoch 1/50] loss=3.5204  val_acc=0.3399  macroF1=0.0762  edit=15.11  segF1@50=0.00
[b2a][epoch 2/50] loss=2.7255  val_acc=0.3525  macroF1=0.0852  edit=27.11  segF1@50=0.00
[b2a][epoch 3/50] loss=2.4243  val_acc=0.6310  macroF1=0.2161  edit=31.01  segF1@50=0.25
[b2a][epoch 4/50] loss=2.1166  val_acc=0.6772  macroF1=0.2302  edit=31.67  segF1@50=0.22
[b2a][epoch 5/50] loss=1.8530  val_acc=0.6766  macroF1=0.2337  edit=27.33  segF1@50=0.34
[b2a][epoch 6/50] loss=1.6008  val_acc=0.6845  macroF1=0.2306  edit=33.12  segF1@50=0.25
[b2a][epoch 7/50] loss=1.4005  val_acc=0.7538  macroF1=0.3484  edit=30.12  segF1@50=0.25
[b2a][epoch 8/50] loss=1.2770  val_acc=0.7888  macroF1=0.3791  edit=29.42  segF1@50=0.28
[b2a][epoch 9/50] loss=1.1785  val_acc=0.7901  macroF1=0.3801  edit=31.57  segF1@50=0.33
[b2a][epoch 10/50] loss=1.0880  val_acc=0.8317  macroF1=0.4943  edit=39.33  segF1@50=0.42
[b2a][epoch 11/50] loss=1.0205  val_acc=0.8455  macroF1=0.5245  edit=47.78  segF1@50=0.47
[b2a][epoch 12/50] loss=0.9666  val_acc=0.8620  macroF1=0.5437  edit=42.00  segF1@50=0.43
[b2a][epoch 13/50] loss=0.8911  val_acc=0.8634  macroF1=0.5334  edit=40.63  segF1@50=0.36
[b2a][epoch 14/50] loss=0.8526  val_acc=0.8647  macroF1=0.5619  edit=41.93  segF1@50=0.45
[b2a][epoch 15/50] loss=0.8011  val_acc=0.9056  macroF1=0.6817  edit=50.44  segF1@50=0.49
[b2a][epoch 16/50] loss=0.7427  val_acc=0.9439  macroF1=0.7730  edit=54.67  segF1@50=0.59
[b2a][epoch 17/50] loss=0.7252  val_acc=0.9518  macroF1=0.7954  edit=62.82  segF1@50=0.64
[b2a][epoch 18/50] loss=0.6774  val_acc=0.9551  macroF1=0.8018  edit=59.26  segF1@50=0.63
[b2a][epoch 19/50] loss=0.6517  val_acc=0.9551  macroF1=0.8078  edit=46.15  segF1@50=0.61
[b2a][epoch 20/50] loss=0.6438  val_acc=0.9558  macroF1=0.8113  edit=40.91  segF1@50=0.57
[b2a][epoch 21/50] loss=0.6152  val_acc=0.9558  macroF1=0.8062  edit=58.33  segF1@50=0.63
[b2a][epoch 22/50] loss=0.5983  val_acc=0.9512  macroF1=0.8132  edit=50.00  segF1@50=0.63
[b2a][epoch 23/50] loss=0.5960  val_acc=0.9545  macroF1=0.8044  edit=57.29  segF1@50=0.61
[b2a][epoch 24/50] loss=0.5989  val_acc=0.9624  macroF1=0.8242  edit=61.33  segF1@50=0.69
[b2a][epoch 25/50] loss=0.5754  val_acc=0.9498  macroF1=0.8088  edit=61.73  segF1@50=0.66
[b2a][epoch 26/50] loss=0.5537  val_acc=0.9604  macroF1=0.8153  edit=60.26  segF1@50=0.66
[b2a][epoch 27/50] loss=0.5305  val_acc=0.9624  macroF1=0.8195  edit=61.33  segF1@50=0.67
[b2a][epoch 28/50] loss=0.5265  val_acc=0.9446  macroF1=0.8189  edit=50.30  segF1@50=0.54
[b2a][epoch 29/50] loss=0.5415  val_acc=0.9564  macroF1=0.8192  edit=52.07  segF1@50=0.59
[b2a][epoch 30/50] loss=0.5685  val_acc=0.9604  macroF1=0.8204  edit=58.74  segF1@50=0.65
[b2a][epoch 31/50] loss=0.5055  val_acc=0.9604  macroF1=0.8182  edit=58.97  segF1@50=0.64
[b2a][epoch 32/50] loss=0.4964  val_acc=0.9611  macroF1=0.8214  edit=59.14  segF1@50=0.63
[b2a][epoch 33/50] loss=0.4763  val_acc=0.9545  macroF1=0.8182  edit=62.07  segF1@50=0.66
[b2a][epoch 34/50] loss=0.4639  val_acc=0.9624  macroF1=0.8293  edit=62.07  segF1@50=0.66
[b2a][epoch 35/50] loss=0.4544  val_acc=0.9624  macroF1=0.8257  edit=64.20  segF1@50=0.67
[b2a][epoch 36/50] loss=0.4527  val_acc=0.9512  macroF1=0.8244  edit=53.18  segF1@50=0.56
[b2a][epoch 37/50] loss=0.4493  val_acc=0.9657  macroF1=0.8317  edit=61.73  segF1@50=0.67
[b2a][epoch 38/50] loss=0.4383  val_acc=0.9657  macroF1=0.8314  edit=64.20  segF1@50=0.66
[b2a][epoch 39/50] loss=0.4295  val_acc=0.9630  macroF1=0.8279  edit=59.38  segF1@50=0.63
[b2a][epoch 40/50] loss=0.4299  val_acc=0.9677  macroF1=0.8341  edit=60.67  segF1@50=0.67
[b2a][epoch 41/50] loss=0.4322  val_acc=0.9512  macroF1=0.8225  edit=53.15  segF1@50=0.61
[b2a][epoch 42/50] loss=0.4318  val_acc=0.9551  macroF1=0.8212  edit=57.05  segF1@50=0.62
[b2a][epoch 43/50] loss=0.4140  val_acc=0.9611  macroF1=0.8222  edit=54.14  segF1@50=0.61
[b2a][epoch 44/50] loss=0.4217  val_acc=0.9551  macroF1=0.8240  edit=57.54  segF1@50=0.63
[b2a][epoch 45/50] loss=0.4364  val_acc=0.9439  macroF1=0.8249  edit=59.76  segF1@50=0.64
[b2a][epoch 46/50] loss=0.4089  val_acc=0.9624  macroF1=0.8276  edit=55.29  segF1@50=0.61
[b2a][epoch 47/50] loss=0.3904  val_acc=0.9545  macroF1=0.8249  edit=58.74  segF1@50=0.64
[b2a][epoch 48/50] loss=0.3805  val_acc=0.9485  macroF1=0.8228  edit=51.93  segF1@50=0.59
[b2a][epoch 49/50] loss=0.3735  val_acc=0.9677  macroF1=0.8372  edit=65.33  segF1@50=0.69
[b2a][epoch 50/50] loss=0.3648  val_acc=0.9545  macroF1=0.8316  edit=58.74  segF1@50=0.65
[b2a] best @epoch 40: acc=0.9677 macroF1=0.8341
[b2a] evidence written -> /home/ubuntu/slocal2/m2/experiments/transfer/b2a_ro_oracle_nhnoise_p030_001_b2a_ro_oracle_nhnoise_p030_seed42
