[b2a] train clips=13  val clips=3  in_dim=2063  tool_source=pred  classes=9  device=cuda
[b2a] evidence dir: /home/ubuntu/slocal/m2/experiments/transfer/b2a_det2phase_toolpresence_018_b2a_det2phase_toolpresence_seed42
[b2a][epoch 1/50] loss=3.7534  val_acc=0.3624  macroF1=0.0766  edit=2.67  segF1@50=0.17
[b2a][epoch 2/50] loss=2.8656  val_acc=0.2917  macroF1=0.1001  edit=4.21  segF1@50=0.01
[b2a][epoch 3/50] loss=2.6826  val_acc=0.3670  macroF1=0.0768  edit=1.33  segF1@50=0.17
[b2a][epoch 4/50] loss=2.4367  val_acc=0.4818  macroF1=0.1621  edit=22.62  segF1@50=0.01
[b2a][epoch 5/50] loss=2.4527  val_acc=0.5749  macroF1=0.1915  edit=31.89  segF1@50=0.24
[b2a][epoch 6/50] loss=2.0528  val_acc=0.6581  macroF1=0.2252  edit=35.67  segF1@50=0.21
[b2a][epoch 7/50] loss=1.6343  val_acc=0.6112  macroF1=0.2111  edit=31.33  segF1@50=0.14
[b2a][epoch 8/50] loss=1.5030  val_acc=0.6535  macroF1=0.2223  edit=41.00  segF1@50=0.20
[b2a][epoch 9/50] loss=1.4032  val_acc=0.6528  macroF1=0.2236  edit=41.00  segF1@50=0.20
[b2a][epoch 10/50] loss=1.3158  val_acc=0.5710  macroF1=0.2413  edit=36.67  segF1@50=0.12
[b2a][epoch 11/50] loss=1.2294  val_acc=0.7353  macroF1=0.3873  edit=38.51  segF1@50=0.22
[b2a][epoch 12/50] loss=1.1360  val_acc=0.8640  macroF1=0.6104  edit=44.29  segF1@50=0.42
[b2a][epoch 13/50] loss=1.0669  val_acc=0.7696  macroF1=0.4288  edit=38.17  segF1@50=0.27
[b2a][epoch 14/50] loss=0.9878  val_acc=0.7795  macroF1=0.4322  edit=32.61  segF1@50=0.25
[b2a][epoch 15/50] loss=0.9315  val_acc=0.8686  macroF1=0.6236  edit=51.71  segF1@50=0.52
[b2a][epoch 16/50] loss=0.8411  val_acc=0.8475  macroF1=0.6027  edit=26.25  segF1@50=0.27
[b2a][epoch 17/50] loss=0.7828  val_acc=0.8686  macroF1=0.6727  edit=40.90  segF1@50=0.32
[b2a][epoch 18/50] loss=0.7340  val_acc=0.8733  macroF1=0.6664  edit=39.86  segF1@50=0.31
[b2a][epoch 19/50] loss=0.7094  val_acc=0.8997  macroF1=0.7150  edit=40.63  segF1@50=0.36
[b2a][epoch 20/50] loss=0.6469  val_acc=0.8904  macroF1=0.6705  edit=35.33  segF1@50=0.38
[b2a][epoch 21/50] loss=0.6079  val_acc=0.8785  macroF1=0.7074  edit=43.50  segF1@50=0.36
[b2a][epoch 22/50] loss=0.5762  val_acc=0.8700  macroF1=0.7144  edit=37.88  segF1@50=0.35
[b2a][epoch 23/50] loss=0.5440  val_acc=0.9017  macroF1=0.7334  edit=43.71  segF1@50=0.36
[b2a][epoch 24/50] loss=0.6346  val_acc=0.9050  macroF1=0.6923  edit=37.17  segF1@50=0.33
[b2a][epoch 25/50] loss=0.5482  val_acc=0.8442  macroF1=0.6844  edit=33.30  segF1@50=0.29
[b2a][epoch 26/50] loss=0.5128  val_acc=0.9149  macroF1=0.7415  edit=38.80  segF1@50=0.39
[b2a][epoch 27/50] loss=0.4661  val_acc=0.8970  macroF1=0.7267  edit=36.41  segF1@50=0.34
[b2a][epoch 28/50] loss=0.4640  val_acc=0.8825  macroF1=0.7289  edit=32.78  segF1@50=0.28
[b2a][epoch 29/50] loss=0.4689  val_acc=0.9102  macroF1=0.7497  edit=38.16  segF1@50=0.41
[b2a][epoch 30/50] loss=0.4574  val_acc=0.9168  macroF1=0.7585  edit=37.76  segF1@50=0.36
[b2a][epoch 31/50] loss=0.4104  val_acc=0.9149  macroF1=0.7605  edit=40.00  segF1@50=0.37
[b2a][epoch 32/50] loss=0.3959  val_acc=0.9201  macroF1=0.7668  edit=38.54  segF1@50=0.42
[b2a][epoch 33/50] loss=0.3764  val_acc=0.9175  macroF1=0.7744  edit=38.12  segF1@50=0.37
[b2a][epoch 34/50] loss=0.3840  val_acc=0.9195  macroF1=0.7638  edit=30.42  segF1@50=0.33
[b2a][epoch 35/50] loss=0.5053  val_acc=0.8759  macroF1=0.6946  edit=37.34  segF1@50=0.33
[b2a][epoch 36/50] loss=0.4124  val_acc=0.9017  macroF1=0.7520  edit=35.73  segF1@50=0.35
[b2a][epoch 37/50] loss=0.3761  val_acc=0.9003  macroF1=0.7548  edit=34.08  segF1@50=0.34
[b2a][epoch 38/50] loss=0.3445  val_acc=0.9142  macroF1=0.7663  edit=37.15  segF1@50=0.36
[b2a][epoch 39/50] loss=0.3343  val_acc=0.9149  macroF1=0.7682  edit=37.83  segF1@50=0.36
[b2a][epoch 40/50] loss=0.3228  val_acc=0.9175  macroF1=0.7703  edit=35.87  segF1@50=0.36
[b2a][epoch 41/50] loss=0.3410  val_acc=0.9155  macroF1=0.7700  edit=35.40  segF1@50=0.36
[b2a][epoch 42/50] loss=0.3402  val_acc=0.9234  macroF1=0.7713  edit=37.60  segF1@50=0.37
[b2a][epoch 43/50] loss=0.3167  val_acc=0.9083  macroF1=0.7584  edit=42.22  segF1@50=0.42
[b2a][epoch 44/50] loss=0.3192  val_acc=0.9215  macroF1=0.7748  edit=27.17  segF1@50=0.32
[b2a][epoch 45/50] loss=0.3569  val_acc=0.8337  macroF1=0.6907  edit=40.93  segF1@50=0.39
[b2a][epoch 46/50] loss=0.3443  val_acc=0.9188  macroF1=0.7549  edit=44.05  segF1@50=0.47
[b2a][epoch 47/50] loss=0.3596  val_acc=0.8469  macroF1=0.7187  edit=27.66  segF1@50=0.29
[b2a][epoch 48/50] loss=0.5078  val_acc=0.8838  macroF1=0.6616  edit=20.66  segF1@50=0.24
[b2a][epoch 49/50] loss=0.3924  val_acc=0.8924  macroF1=0.7314  edit=31.99  segF1@50=0.34
[b2a][epoch 50/50] loss=0.3281  val_acc=0.9261  macroF1=0.7737  edit=40.51  segF1@50=0.40
[b2a] best @epoch 50: acc=0.9261 macroF1=0.7737
[b2a] evidence written -> /home/ubuntu/slocal/m2/experiments/transfer/b2a_det2phase_toolpresence_018_b2a_det2phase_toolpresence_seed42
