[b2a] train clips=13  val clips=3  in_dim=2063  tool_source=pred  classes=9  device=cuda
[b2a] evidence dir: /home/ubuntu/slocal2/m2/experiments/transfer/b2a_regiononly_mask_02_002_b2a_regiononly_mask_02_seed123
[b2a][epoch 1/50] loss=3.6324  val_acc=0.4376  macroF1=0.1391  edit=2.67  segF1@50=0.00
[b2a][epoch 2/50] loss=2.8790  val_acc=0.3630  macroF1=0.0773  edit=2.67  segF1@50=0.17
[b2a][epoch 3/50] loss=2.5564  val_acc=0.3340  macroF1=0.0715  edit=9.67  segF1@50=0.00
[b2a][epoch 4/50] loss=2.2324  val_acc=0.6086  macroF1=0.2040  edit=14.00  segF1@50=0.21
[b2a][epoch 5/50] loss=1.8834  val_acc=0.6719  macroF1=0.2287  edit=11.00  segF1@50=0.17
[b2a][epoch 6/50] loss=1.5248  val_acc=0.6733  macroF1=0.2295  edit=13.67  segF1@50=0.19
[b2a][epoch 7/50] loss=1.3579  val_acc=0.6779  macroF1=0.2312  edit=30.33  segF1@50=0.25
[b2a][epoch 8/50] loss=1.2270  val_acc=0.7703  macroF1=0.3556  edit=28.56  segF1@50=0.19
[b2a][epoch 9/50] loss=1.0966  val_acc=0.7842  macroF1=0.3585  edit=33.94  segF1@50=0.25
[b2a][epoch 10/50] loss=0.9968  val_acc=0.8172  macroF1=0.4682  edit=36.44  segF1@50=0.25
[b2a][epoch 11/50] loss=0.9020  val_acc=0.8627  macroF1=0.5750  edit=36.63  segF1@50=0.34
[b2a][epoch 12/50] loss=0.8458  val_acc=0.9175  macroF1=0.6792  edit=39.30  segF1@50=0.40
[b2a][epoch 13/50] loss=0.7752  val_acc=0.9208  macroF1=0.6867  edit=40.00  segF1@50=0.47
[b2a][epoch 14/50] loss=0.7084  val_acc=0.9221  macroF1=0.7195  edit=43.55  segF1@50=0.43
[b2a][epoch 15/50] loss=0.6753  val_acc=0.9300  macroF1=0.7470  edit=41.05  segF1@50=0.47
[b2a][epoch 16/50] loss=0.6427  val_acc=0.9234  macroF1=0.7262  edit=52.47  segF1@50=0.57
[b2a][epoch 17/50] loss=0.6279  val_acc=0.9314  macroF1=0.7517  edit=44.39  segF1@50=0.49
[b2a][epoch 18/50] loss=0.5912  val_acc=0.9248  macroF1=0.7188  edit=38.11  segF1@50=0.39
[b2a][epoch 19/50] loss=0.5774  val_acc=0.9333  macroF1=0.7564  edit=43.33  segF1@50=0.47
[b2a][epoch 20/50] loss=0.5630  val_acc=0.9287  macroF1=0.7496  edit=58.67  segF1@50=0.64
[b2a][epoch 21/50] loss=0.5316  val_acc=0.9386  macroF1=0.7790  edit=37.22  segF1@50=0.39
[b2a][epoch 22/50] loss=0.5490  val_acc=0.9261  macroF1=0.7403  edit=49.42  segF1@50=0.49
[b2a][epoch 23/50] loss=0.5477  val_acc=0.9452  macroF1=0.7974  edit=43.25  segF1@50=0.46
[b2a][epoch 24/50] loss=0.4929  val_acc=0.9333  macroF1=0.7634  edit=37.44  segF1@50=0.43
[b2a][epoch 25/50] loss=0.4801  val_acc=0.9380  macroF1=0.7867  edit=36.00  segF1@50=0.38
[b2a][epoch 26/50] loss=0.4639  val_acc=0.9413  macroF1=0.7808  edit=45.86  segF1@50=0.51
[b2a][epoch 27/50] loss=0.4439  val_acc=0.9406  macroF1=0.7843  edit=34.84  segF1@50=0.37
[b2a][epoch 28/50] loss=0.4393  val_acc=0.9386  macroF1=0.7818  edit=38.71  segF1@50=0.40
[b2a][epoch 29/50] loss=0.4303  val_acc=0.9340  macroF1=0.7713  edit=37.22  segF1@50=0.38
[b2a][epoch 30/50] loss=0.4395  val_acc=0.9432  macroF1=0.7891  edit=36.93  segF1@50=0.40
[b2a][epoch 31/50] loss=0.4264  val_acc=0.9373  macroF1=0.7712  edit=39.71  segF1@50=0.44
[b2a][epoch 32/50] loss=0.4016  val_acc=0.9399  macroF1=0.7826  edit=38.12  segF1@50=0.40
[b2a][epoch 33/50] loss=0.4073  val_acc=0.9446  macroF1=0.7921  edit=38.12  segF1@50=0.44
[b2a][epoch 34/50] loss=0.4091  val_acc=0.9393  macroF1=0.7751  edit=45.26  segF1@50=0.51
[b2a][epoch 35/50] loss=0.4113  val_acc=0.9446  macroF1=0.8027  edit=39.16  segF1@50=0.41
[b2a][epoch 36/50] loss=0.4037  val_acc=0.9360  macroF1=0.7623  edit=38.15  segF1@50=0.39
[b2a][epoch 37/50] loss=0.4098  val_acc=0.9498  macroF1=0.8089  edit=39.34  segF1@50=0.41
[b2a][epoch 38/50] loss=0.3913  val_acc=0.9413  macroF1=0.7847  edit=38.12  segF1@50=0.43
[b2a][epoch 39/50] loss=0.3762  val_acc=0.9459  macroF1=0.7963  edit=36.93  segF1@50=0.43
[b2a][epoch 40/50] loss=0.3759  val_acc=0.9373  macroF1=0.7723  edit=36.60  segF1@50=0.38
[b2a][epoch 41/50] loss=0.4001  val_acc=0.9413  macroF1=0.7885  edit=33.66  segF1@50=0.38
[b2a][epoch 42/50] loss=0.3678  val_acc=0.9373  macroF1=0.7774  edit=34.91  segF1@50=0.40
[b2a][epoch 43/50] loss=0.3572  val_acc=0.9446  macroF1=0.7961  edit=36.93  segF1@50=0.40
[b2a][epoch 44/50] loss=0.3470  val_acc=0.9406  macroF1=0.7819  edit=37.22  segF1@50=0.39
[b2a][epoch 45/50] loss=0.3331  val_acc=0.9432  macroF1=0.7857  edit=39.34  segF1@50=0.45
[b2a][epoch 46/50] loss=0.3341  val_acc=0.9406  macroF1=0.7860  edit=36.48  segF1@50=0.39
[b2a][epoch 47/50] loss=0.3351  val_acc=0.9452  macroF1=0.7988  edit=33.00  segF1@50=0.35
[b2a][epoch 48/50] loss=0.3319  val_acc=0.9399  macroF1=0.7820  edit=37.88  segF1@50=0.40
[b2a][epoch 49/50] loss=0.3304  val_acc=0.9479  macroF1=0.8067  edit=38.15  segF1@50=0.41
[b2a][epoch 50/50] loss=0.3220  val_acc=0.9373  macroF1=0.7772  edit=35.88  segF1@50=0.37
[b2a] best @epoch 37: acc=0.9498 macroF1=0.8089
[b2a] evidence written -> /home/ubuntu/slocal2/m2/experiments/transfer/b2a_regiononly_mask_02_002_b2a_regiononly_mask_02_seed123
