[b2a] train clips=13  val clips=3  in_dim=2063  tool_source=pred  classes=9  device=cuda
[b2a] evidence dir: /home/ubuntu/slocal2/m2/experiments/transfer/b2a_regiononly_mask_11_002_b2a_regiononly_mask_11_seed123
[b2a][epoch 1/50] loss=3.6353  val_acc=0.4389  macroF1=0.1401  edit=2.67  segF1@50=0.00
[b2a][epoch 2/50] loss=2.8860  val_acc=0.3630  macroF1=0.0773  edit=2.67  segF1@50=0.17
[b2a][epoch 3/50] loss=2.5573  val_acc=0.3340  macroF1=0.0715  edit=9.67  segF1@50=0.00
[b2a][epoch 4/50] loss=2.2395  val_acc=0.5980  macroF1=0.1999  edit=16.67  segF1@50=0.21
[b2a][epoch 5/50] loss=1.8879  val_acc=0.6713  macroF1=0.2287  edit=19.00  segF1@50=0.21
[b2a][epoch 6/50] loss=1.5290  val_acc=0.6733  macroF1=0.2295  edit=22.00  segF1@50=0.13
[b2a][epoch 7/50] loss=1.3702  val_acc=0.6779  macroF1=0.2312  edit=33.00  segF1@50=0.24
[b2a][epoch 8/50] loss=1.2387  val_acc=0.7182  macroF1=0.3022  edit=32.30  segF1@50=0.28
[b2a][epoch 9/50] loss=1.1151  val_acc=0.7848  macroF1=0.3589  edit=40.94  segF1@50=0.29
[b2a][epoch 10/50] loss=1.0165  val_acc=0.8119  macroF1=0.4488  edit=37.93  segF1@50=0.32
[b2a][epoch 11/50] loss=0.9382  val_acc=0.8403  macroF1=0.4999  edit=43.26  segF1@50=0.35
[b2a][epoch 12/50] loss=0.8910  val_acc=0.8541  macroF1=0.5139  edit=26.70  segF1@50=0.23
[b2a][epoch 13/50] loss=0.8182  val_acc=0.8634  macroF1=0.5461  edit=51.28  segF1@50=0.42
[b2a][epoch 14/50] loss=0.7516  val_acc=0.8706  macroF1=0.5913  edit=34.29  segF1@50=0.28
[b2a][epoch 15/50] loss=0.7091  val_acc=0.8917  macroF1=0.6711  edit=29.17  segF1@50=0.31
[b2a][epoch 16/50] loss=0.6835  val_acc=0.8983  macroF1=0.6757  edit=45.11  segF1@50=0.43
[b2a][epoch 17/50] loss=0.6438  val_acc=0.9168  macroF1=0.7251  edit=36.18  segF1@50=0.37
[b2a][epoch 18/50] loss=0.5980  val_acc=0.9063  macroF1=0.6958  edit=44.42  segF1@50=0.42
[b2a][epoch 19/50] loss=0.5905  val_acc=0.9241  macroF1=0.7422  edit=33.23  segF1@50=0.32
[b2a][epoch 20/50] loss=0.5743  val_acc=0.9135  macroF1=0.7067  edit=39.66  segF1@50=0.37
[b2a][epoch 21/50] loss=0.6063  val_acc=0.9168  macroF1=0.7446  edit=31.89  segF1@50=0.33
[b2a][epoch 22/50] loss=0.6059  val_acc=0.9142  macroF1=0.7006  edit=39.75  segF1@50=0.38
[b2a][epoch 23/50] loss=0.5460  val_acc=0.9380  macroF1=0.7833  edit=34.35  segF1@50=0.38
[b2a][epoch 24/50] loss=0.5034  val_acc=0.9267  macroF1=0.7530  edit=34.13  segF1@50=0.36
[b2a][epoch 25/50] loss=0.4925  val_acc=0.9333  macroF1=0.7779  edit=32.55  segF1@50=0.35
[b2a][epoch 26/50] loss=0.4701  val_acc=0.9327  macroF1=0.7668  edit=34.15  segF1@50=0.36
[b2a][epoch 27/50] loss=0.4550  val_acc=0.9320  macroF1=0.7689  edit=34.15  segF1@50=0.36
[b2a][epoch 28/50] loss=0.4487  val_acc=0.9353  macroF1=0.7720  edit=33.05  segF1@50=0.35
[b2a][epoch 29/50] loss=0.4399  val_acc=0.9320  macroF1=0.7660  edit=36.54  segF1@50=0.37
[b2a][epoch 30/50] loss=0.4397  val_acc=0.9393  macroF1=0.7831  edit=35.37  segF1@50=0.37
[b2a][epoch 31/50] loss=0.4309  val_acc=0.9327  macroF1=0.7653  edit=34.15  segF1@50=0.37
[b2a][epoch 32/50] loss=0.4095  val_acc=0.9380  macroF1=0.7781  edit=35.37  segF1@50=0.37
[b2a][epoch 33/50] loss=0.4105  val_acc=0.9380  macroF1=0.7795  edit=34.58  segF1@50=0.37
[b2a][epoch 34/50] loss=0.4138  val_acc=0.9333  macroF1=0.7632  edit=38.60  segF1@50=0.41
[b2a][epoch 35/50] loss=0.4193  val_acc=0.9366  macroF1=0.7900  edit=37.34  segF1@50=0.38
[b2a][epoch 36/50] loss=0.4135  val_acc=0.9281  macroF1=0.7542  edit=36.36  segF1@50=0.34
[b2a][epoch 37/50] loss=0.4140  val_acc=0.9386  macroF1=0.7857  edit=32.80  segF1@50=0.33
[b2a][epoch 38/50] loss=0.3952  val_acc=0.9366  macroF1=0.7743  edit=39.77  segF1@50=0.41
[b2a][epoch 39/50] loss=0.3819  val_acc=0.9406  macroF1=0.7848  edit=34.15  segF1@50=0.37
[b2a][epoch 40/50] loss=0.3833  val_acc=0.9320  macroF1=0.7587  edit=40.05  segF1@50=0.41
[b2a][epoch 41/50] loss=0.3926  val_acc=0.9333  macroF1=0.7732  edit=33.52  segF1@50=0.33
[b2a][epoch 42/50] loss=0.3677  val_acc=0.9320  macroF1=0.7661  edit=33.04  segF1@50=0.36
[b2a][epoch 43/50] loss=0.3590  val_acc=0.9373  macroF1=0.7790  edit=32.85  segF1@50=0.34
[b2a][epoch 44/50] loss=0.3464  val_acc=0.9333  macroF1=0.7675  edit=35.62  segF1@50=0.35
[b2a][epoch 45/50] loss=0.3377  val_acc=0.9340  macroF1=0.7699  edit=35.62  segF1@50=0.35
[b2a][epoch 46/50] loss=0.3389  val_acc=0.9360  macroF1=0.7807  edit=38.41  segF1@50=0.39
[b2a][epoch 47/50] loss=0.3352  val_acc=0.9353  macroF1=0.7761  edit=31.43  segF1@50=0.32
[b2a][epoch 48/50] loss=0.3310  val_acc=0.9360  macroF1=0.7728  edit=38.73  segF1@50=0.41
[b2a][epoch 49/50] loss=0.3312  val_acc=0.9413  macroF1=0.7919  edit=31.43  segF1@50=0.36
[b2a][epoch 50/50] loss=0.3267  val_acc=0.9353  macroF1=0.7707  edit=38.73  segF1@50=0.41
[b2a] best @epoch 49: acc=0.9413 macroF1=0.7919
[b2a] evidence written -> /home/ubuntu/slocal2/m2/experiments/transfer/b2a_regiononly_mask_11_002_b2a_regiononly_mask_11_seed123
