[b2a] train clips=13  val clips=3  in_dim=2063  tool_source=oracle  classes=9  device=cuda
[b2a] evidence dir: /home/ubuntu/slocal2/m2/experiments/transfer/b2a_ro_oracle_bipolarnoise_p010_003_b2a_ro_oracle_bipolarnoise_p010_seed456
[b2a][epoch 1/50] loss=3.4585  val_acc=0.3677  macroF1=0.0768  edit=18.00  segF1@50=0.22
[b2a][epoch 2/50] loss=2.6663  val_acc=0.6766  macroF1=0.2315  edit=39.67  segF1@50=0.20
[b2a][epoch 3/50] loss=2.0545  val_acc=0.6706  macroF1=0.2274  edit=35.67  segF1@50=0.22
[b2a][epoch 4/50] loss=1.7718  val_acc=0.6706  macroF1=0.2289  edit=37.00  segF1@50=0.26
[b2a][epoch 5/50] loss=1.6023  val_acc=0.6825  macroF1=0.2290  edit=31.67  segF1@50=0.33
[b2a][epoch 6/50] loss=1.4345  val_acc=0.6865  macroF1=0.2330  edit=31.67  segF1@50=0.19
[b2a][epoch 7/50] loss=1.3578  val_acc=0.6878  macroF1=0.2310  edit=35.67  segF1@50=0.39
[b2a][epoch 8/50] loss=1.2022  val_acc=0.7030  macroF1=0.2649  edit=39.00  segF1@50=0.25
[b2a][epoch 9/50] loss=1.1063  val_acc=0.8000  macroF1=0.3872  edit=42.28  segF1@50=0.31
[b2a][epoch 10/50] loss=1.0010  val_acc=0.8475  macroF1=0.4772  edit=45.17  segF1@50=0.46
[b2a][epoch 11/50] loss=0.9290  val_acc=0.8634  macroF1=0.5182  edit=60.33  segF1@50=0.53
[b2a][epoch 12/50] loss=0.8562  val_acc=0.8653  macroF1=0.5273  edit=50.00  segF1@50=0.52
[b2a][epoch 13/50] loss=0.7900  val_acc=0.8634  macroF1=0.5028  edit=39.30  segF1@50=0.35
[b2a][epoch 14/50] loss=0.7594  val_acc=0.9307  macroF1=0.7265  edit=45.59  segF1@50=0.52
[b2a][epoch 15/50] loss=0.7143  val_acc=0.9221  macroF1=0.6938  edit=51.48  segF1@50=0.55
[b2a][epoch 16/50] loss=0.6981  val_acc=0.9380  macroF1=0.7676  edit=55.00  segF1@50=0.63
[b2a][epoch 17/50] loss=0.6583  val_acc=0.9373  macroF1=0.7548  edit=62.82  segF1@50=0.61
[b2a][epoch 18/50] loss=0.6281  val_acc=0.9399  macroF1=0.7715  edit=47.22  segF1@50=0.47
[b2a][epoch 19/50] loss=0.6031  val_acc=0.9413  macroF1=0.7695  edit=60.71  segF1@50=0.59
[b2a][epoch 20/50] loss=0.5877  val_acc=0.9465  macroF1=0.7900  edit=55.16  segF1@50=0.59
[b2a][epoch 21/50] loss=0.5637  val_acc=0.9439  macroF1=0.7783  edit=53.82  segF1@50=0.56
[b2a][epoch 22/50] loss=0.5519  val_acc=0.9505  macroF1=0.7925  edit=61.73  segF1@50=0.65
[b2a][epoch 23/50] loss=0.5317  val_acc=0.9518  macroF1=0.8003  edit=56.51  segF1@50=0.59
[b2a][epoch 24/50] loss=0.5271  val_acc=0.9492  macroF1=0.7854  edit=54.44  segF1@50=0.59
[b2a][epoch 25/50] loss=0.5155  val_acc=0.9538  macroF1=0.8059  edit=54.27  segF1@50=0.53
[b2a][epoch 26/50] loss=0.5119  val_acc=0.9545  macroF1=0.8018  edit=65.81  segF1@50=0.72
[b2a][epoch 27/50] loss=0.5051  val_acc=0.9413  macroF1=0.7916  edit=51.98  segF1@50=0.56
[b2a][epoch 28/50] loss=0.4820  val_acc=0.9472  macroF1=0.7773  edit=55.95  segF1@50=0.62
[b2a][epoch 29/50] loss=0.4712  val_acc=0.9545  macroF1=0.8103  edit=55.36  segF1@50=0.55
[b2a][epoch 30/50] loss=0.4627  val_acc=0.9531  macroF1=0.8072  edit=60.86  segF1@50=0.67
[b2a][epoch 31/50] loss=0.4489  val_acc=0.9531  macroF1=0.8083  edit=57.54  segF1@50=0.61
[b2a][epoch 32/50] loss=0.4627  val_acc=0.9505  macroF1=0.7904  edit=50.40  segF1@50=0.51
[b2a][epoch 33/50] loss=0.4552  val_acc=0.9512  macroF1=0.8078  edit=50.49  segF1@50=0.57
[b2a][epoch 34/50] loss=0.4316  val_acc=0.9518  macroF1=0.8015  edit=52.44  segF1@50=0.56
[b2a][epoch 35/50] loss=0.4194  val_acc=0.9551  macroF1=0.8116  edit=56.50  segF1@50=0.55
[b2a][epoch 36/50] loss=0.4095  val_acc=0.9498  macroF1=0.8036  edit=47.22  segF1@50=0.49
[b2a][epoch 37/50] loss=0.4006  val_acc=0.9545  macroF1=0.8078  edit=57.54  segF1@50=0.55
[b2a][epoch 38/50] loss=0.3970  val_acc=0.9545  macroF1=0.8098  edit=50.00  segF1@50=0.51
[b2a][epoch 39/50] loss=0.3956  val_acc=0.9558  macroF1=0.8138  edit=55.31  segF1@50=0.58
[b2a][epoch 40/50] loss=0.3899  val_acc=0.9439  macroF1=0.7989  edit=57.61  segF1@50=0.59
[b2a][epoch 41/50] loss=0.4157  val_acc=0.9333  macroF1=0.7128  edit=41.67  segF1@50=0.41
[b2a][epoch 42/50] loss=0.4157  val_acc=0.9518  macroF1=0.7951  edit=60.00  segF1@50=0.65
[b2a][epoch 43/50] loss=0.3985  val_acc=0.9505  macroF1=0.8081  edit=51.98  segF1@50=0.55
[b2a][epoch 44/50] loss=0.3739  val_acc=0.9558  macroF1=0.8129  edit=51.98  segF1@50=0.52
[b2a][epoch 45/50] loss=0.3628  val_acc=0.9551  macroF1=0.8155  edit=51.98  segF1@50=0.51
[b2a][epoch 46/50] loss=0.3526  val_acc=0.9505  macroF1=0.8075  edit=46.30  segF1@50=0.48
[b2a][epoch 47/50] loss=0.3418  val_acc=0.9545  macroF1=0.8127  edit=51.98  segF1@50=0.51
[b2a][epoch 48/50] loss=0.3398  val_acc=0.9545  macroF1=0.8122  edit=50.00  segF1@50=0.51
[b2a][epoch 49/50] loss=0.3380  val_acc=0.9538  macroF1=0.8076  edit=51.98  segF1@50=0.56
[b2a][epoch 50/50] loss=0.3289  val_acc=0.9538  macroF1=0.8136  edit=52.69  segF1@50=0.51
[b2a] best @epoch 39: acc=0.9558 macroF1=0.8138
[b2a] evidence written -> /home/ubuntu/slocal2/m2/experiments/transfer/b2a_ro_oracle_bipolarnoise_p010_003_b2a_ro_oracle_bipolarnoise_p010_seed456
