[b2a] train clips=13  val clips=3  in_dim=2063  tool_source=oracle  classes=9  device=cuda
[b2a] evidence dir: /home/ubuntu/slocal2/m2/experiments/transfer/b2a_base_oracle_top3noise_p010_002_b2a_base_oracle_top3noise_p010_seed123
[b2a][epoch 1/50] loss=3.5633  val_acc=0.3677  macroF1=0.0768  edit=18.00  segF1@50=0.22
[b2a][epoch 2/50] loss=3.0420  val_acc=0.3677  macroF1=0.0768  edit=18.00  segF1@50=0.22
[b2a][epoch 3/50] loss=2.7411  val_acc=0.3340  macroF1=0.0715  edit=9.67  segF1@50=0.00
[b2a][epoch 4/50] loss=2.5897  val_acc=0.4759  macroF1=0.1469  edit=20.67  segF1@50=0.22
[b2a][epoch 5/50] loss=2.3925  val_acc=0.6429  macroF1=0.2150  edit=41.00  segF1@50=0.24
[b2a][epoch 6/50] loss=1.9923  val_acc=0.6746  macroF1=0.2294  edit=35.67  segF1@50=0.24
[b2a][epoch 7/50] loss=2.0117  val_acc=0.4647  macroF1=0.1542  edit=24.50  segF1@50=0.02
[b2a][epoch 8/50] loss=2.1276  val_acc=0.6502  macroF1=0.2174  edit=28.85  segF1@50=0.22
[b2a][epoch 9/50] loss=1.6539  val_acc=0.6528  macroF1=0.2247  edit=28.67  segF1@50=0.17
[b2a][epoch 10/50] loss=1.4358  val_acc=0.6746  macroF1=0.2299  edit=28.78  segF1@50=0.18
[b2a][epoch 11/50] loss=1.3276  val_acc=0.6700  macroF1=0.2820  edit=46.44  segF1@50=0.28
[b2a][epoch 12/50] loss=1.2345  val_acc=0.7479  macroF1=0.3816  edit=33.92  segF1@50=0.27
[b2a][epoch 13/50] loss=1.1178  val_acc=0.7815  macroF1=0.4212  edit=29.37  segF1@50=0.24
[b2a][epoch 14/50] loss=1.0417  val_acc=0.7822  macroF1=0.4125  edit=37.17  segF1@50=0.28
[b2a][epoch 15/50] loss=0.9939  val_acc=0.8053  macroF1=0.4546  edit=40.10  segF1@50=0.31
[b2a][epoch 16/50] loss=0.9122  val_acc=0.8119  macroF1=0.4687  edit=29.26  segF1@50=0.27
[b2a][epoch 17/50] loss=0.8764  val_acc=0.8620  macroF1=0.6199  edit=31.11  segF1@50=0.32
[b2a][epoch 18/50] loss=0.7896  val_acc=0.8330  macroF1=0.4975  edit=38.58  segF1@50=0.35
[b2a][epoch 19/50] loss=0.7463  val_acc=0.8792  macroF1=0.6427  edit=32.36  segF1@50=0.37
[b2a][epoch 20/50] loss=0.7441  val_acc=0.9069  macroF1=0.6756  edit=37.84  segF1@50=0.38
[b2a][epoch 21/50] loss=0.7405  val_acc=0.7888  macroF1=0.5243  edit=32.25  segF1@50=0.27
[b2a][epoch 22/50] loss=0.7850  val_acc=0.8865  macroF1=0.6568  edit=28.84  segF1@50=0.28
[b2a][epoch 23/50] loss=0.6397  val_acc=0.8917  macroF1=0.6885  edit=33.06  segF1@50=0.29
[b2a][epoch 24/50] loss=0.5898  val_acc=0.9043  macroF1=0.7156  edit=34.54  segF1@50=0.29
[b2a][epoch 25/50] loss=0.5619  val_acc=0.9155  macroF1=0.7302  edit=36.75  segF1@50=0.36
[b2a][epoch 26/50] loss=0.5276  val_acc=0.9122  macroF1=0.7296  edit=36.71  segF1@50=0.36
[b2a][epoch 27/50] loss=0.5072  val_acc=0.9129  macroF1=0.7066  edit=36.61  segF1@50=0.34
[b2a][epoch 28/50] loss=0.4885  val_acc=0.9221  macroF1=0.7561  edit=37.04  segF1@50=0.38
[b2a][epoch 29/50] loss=0.4728  val_acc=0.9135  macroF1=0.7272  edit=38.02  segF1@50=0.39
[b2a][epoch 30/50] loss=0.4624  val_acc=0.9175  macroF1=0.7213  edit=34.82  segF1@50=0.36
[b2a][epoch 31/50] loss=0.4943  val_acc=0.9102  macroF1=0.7325  edit=36.61  segF1@50=0.37
[b2a][epoch 32/50] loss=0.4666  val_acc=0.8904  macroF1=0.7166  edit=35.02  segF1@50=0.36
[b2a][epoch 33/50] loss=0.6154  val_acc=0.9162  macroF1=0.6777  edit=36.44  segF1@50=0.38
[b2a][epoch 34/50] loss=0.5243  val_acc=0.8937  macroF1=0.7345  edit=38.92  segF1@50=0.35
[b2a][epoch 35/50] loss=0.4527  val_acc=0.9281  macroF1=0.7394  edit=41.75  segF1@50=0.46
[b2a][epoch 36/50] loss=0.4206  val_acc=0.9307  macroF1=0.7719  edit=41.20  segF1@50=0.42
[b2a][epoch 37/50] loss=0.4039  val_acc=0.9234  macroF1=0.7430  edit=39.74  segF1@50=0.37
[b2a][epoch 38/50] loss=0.4025  val_acc=0.8911  macroF1=0.7504  edit=45.37  segF1@50=0.43
[b2a][epoch 39/50] loss=0.4002  val_acc=0.9234  macroF1=0.7295  edit=37.86  segF1@50=0.38
[b2a][epoch 40/50] loss=0.4063  val_acc=0.9307  macroF1=0.7875  edit=41.26  segF1@50=0.42
[b2a][epoch 41/50] loss=0.4225  val_acc=0.9122  macroF1=0.6714  edit=27.88  segF1@50=0.36
[b2a][epoch 42/50] loss=0.4138  val_acc=0.9281  macroF1=0.7804  edit=40.97  segF1@50=0.45
[b2a][epoch 43/50] loss=0.3710  val_acc=0.9287  macroF1=0.7428  edit=38.37  segF1@50=0.43
[b2a][epoch 44/50] loss=0.3477  val_acc=0.9241  macroF1=0.7677  edit=37.85  segF1@50=0.39
[b2a][epoch 45/50] loss=0.3294  val_acc=0.9294  macroF1=0.7782  edit=42.22  segF1@50=0.44
[b2a][epoch 46/50] loss=0.3213  val_acc=0.9347  macroF1=0.7817  edit=41.90  segF1@50=0.42
[b2a][epoch 47/50] loss=0.3204  val_acc=0.9426  macroF1=0.7980  edit=44.44  segF1@50=0.49
[b2a][epoch 48/50] loss=0.3152  val_acc=0.9300  macroF1=0.7773  edit=41.80  segF1@50=0.44
[b2a][epoch 49/50] loss=0.3032  val_acc=0.9340  macroF1=0.7891  edit=41.11  segF1@50=0.43
[b2a][epoch 50/50] loss=0.2985  val_acc=0.9393  macroF1=0.7820  edit=47.78  segF1@50=0.55
[b2a] best @epoch 47: acc=0.9426 macroF1=0.7980
[b2a] evidence written -> /home/ubuntu/slocal2/m2/experiments/transfer/b2a_base_oracle_top3noise_p010_002_b2a_base_oracle_top3noise_p010_seed123
