[b2a] train clips=13  val clips=3  in_dim=2063  tool_source=oracle  classes=9  device=cuda
[b2a] evidence dir: /home/ubuntu/slocal2/m2/experiments/transfer/b2a_base_oracle_noise_p020_003_b2a_base_oracle_noise_p020_seed456
[b2a][epoch 1/50] loss=3.4934  val_acc=0.3340  macroF1=0.0715  edit=9.67  segF1@50=0.00
[b2a][epoch 2/50] loss=2.8964  val_acc=0.3650  macroF1=0.0767  edit=2.67  segF1@50=0.17
[b2a][epoch 3/50] loss=2.7141  val_acc=0.3340  macroF1=0.0715  edit=9.67  segF1@50=0.00
[b2a][epoch 4/50] loss=2.6399  val_acc=0.3677  macroF1=0.0768  edit=18.00  segF1@50=0.22
[b2a][epoch 5/50] loss=2.4181  val_acc=0.6627  macroF1=0.2222  edit=28.44  segF1@50=0.13
[b2a][epoch 6/50] loss=2.1320  val_acc=0.4152  macroF1=0.1277  edit=26.92  segF1@50=0.00
[b2a][epoch 7/50] loss=2.3639  val_acc=0.3340  macroF1=0.0715  edit=9.67  segF1@50=0.00
[b2a][epoch 8/50] loss=2.3825  val_acc=0.5050  macroF1=0.1682  edit=33.25  segF1@50=0.22
[b2a][epoch 9/50] loss=1.9269  val_acc=0.4746  macroF1=0.1589  edit=26.90  segF1@50=0.02
[b2a][epoch 10/50] loss=1.8151  val_acc=0.6640  macroF1=0.2259  edit=38.58  segF1@50=0.25
[b2a][epoch 11/50] loss=1.5064  val_acc=0.6634  macroF1=0.2390  edit=35.44  segF1@50=0.18
[b2a][epoch 12/50] loss=1.3447  val_acc=0.6455  macroF1=0.2520  edit=35.26  segF1@50=0.23
[b2a][epoch 13/50] loss=1.2564  val_acc=0.7109  macroF1=0.3327  edit=20.63  segF1@50=0.14
[b2a][epoch 14/50] loss=1.1782  val_acc=0.7571  macroF1=0.4037  edit=26.12  segF1@50=0.18
[b2a][epoch 15/50] loss=1.1055  val_acc=0.7386  macroF1=0.3928  edit=32.41  segF1@50=0.21
[b2a][epoch 16/50] loss=1.0213  val_acc=0.7927  macroF1=0.4515  edit=29.33  segF1@50=0.22
[b2a][epoch 17/50] loss=0.9424  val_acc=0.7637  macroF1=0.4228  edit=22.49  segF1@50=0.17
[b2a][epoch 18/50] loss=0.8895  val_acc=0.8290  macroF1=0.5746  edit=26.09  segF1@50=0.24
[b2a][epoch 19/50] loss=0.8735  val_acc=0.8607  macroF1=0.6084  edit=30.21  segF1@50=0.25
[b2a][epoch 20/50] loss=0.8747  val_acc=0.8785  macroF1=0.6344  edit=34.60  segF1@50=0.34
[b2a][epoch 21/50] loss=0.8196  val_acc=0.8700  macroF1=0.6470  edit=39.84  segF1@50=0.34
[b2a][epoch 22/50] loss=0.8035  val_acc=0.8733  macroF1=0.6502  edit=28.17  segF1@50=0.26
[b2a][epoch 23/50] loss=0.7798  val_acc=0.7545  macroF1=0.5981  edit=19.34  segF1@50=0.10
[b2a][epoch 24/50] loss=0.7433  val_acc=0.8970  macroF1=0.6577  edit=36.59  segF1@50=0.35
[b2a][epoch 25/50] loss=0.6510  val_acc=0.9056  macroF1=0.6789  edit=37.39  segF1@50=0.39
[b2a][epoch 26/50] loss=0.6349  val_acc=0.8950  macroF1=0.6647  edit=35.02  segF1@50=0.33
[b2a][epoch 27/50] loss=0.6292  val_acc=0.8416  macroF1=0.6940  edit=39.44  segF1@50=0.38
[b2a][epoch 28/50] loss=0.6187  val_acc=0.8911  macroF1=0.6770  edit=35.28  segF1@50=0.31
[b2a][epoch 29/50] loss=0.5767  val_acc=0.8884  macroF1=0.6578  edit=32.17  segF1@50=0.30
[b2a][epoch 30/50] loss=0.5396  val_acc=0.9023  macroF1=0.7335  edit=44.48  segF1@50=0.43
[b2a][epoch 31/50] loss=0.5615  val_acc=0.8785  macroF1=0.6760  edit=40.00  segF1@50=0.39
[b2a][epoch 32/50] loss=0.5564  val_acc=0.8845  macroF1=0.6507  edit=37.17  segF1@50=0.30
[b2a][epoch 33/50] loss=0.4929  val_acc=0.9096  macroF1=0.7487  edit=41.58  segF1@50=0.43
[b2a][epoch 34/50] loss=0.4871  val_acc=0.9030  macroF1=0.7138  edit=46.73  segF1@50=0.47
[b2a][epoch 35/50] loss=0.4618  val_acc=0.8891  macroF1=0.7036  edit=43.70  segF1@50=0.42
[b2a][epoch 36/50] loss=0.4451  val_acc=0.8805  macroF1=0.7067  edit=35.73  segF1@50=0.33
[b2a][epoch 37/50] loss=0.4436  val_acc=0.9096  macroF1=0.7496  edit=46.39  segF1@50=0.48
[b2a][epoch 38/50] loss=0.4222  val_acc=0.9036  macroF1=0.7213  edit=45.98  segF1@50=0.52
[b2a][epoch 39/50] loss=0.4652  val_acc=0.8805  macroF1=0.6974  edit=42.51  segF1@50=0.43
[b2a][epoch 40/50] loss=0.4270  val_acc=0.8667  macroF1=0.6963  edit=43.14  segF1@50=0.44
[b2a][epoch 41/50] loss=0.4044  val_acc=0.9063  macroF1=0.7234  edit=47.34  segF1@50=0.47
[b2a][epoch 42/50] loss=0.4030  val_acc=0.8891  macroF1=0.7335  edit=44.24  segF1@50=0.44
[b2a][epoch 43/50] loss=0.3772  val_acc=0.8970  macroF1=0.7102  edit=44.69  segF1@50=0.42
[b2a][epoch 44/50] loss=0.3610  val_acc=0.8997  macroF1=0.7376  edit=44.90  segF1@50=0.49
[b2a][epoch 45/50] loss=0.3502  val_acc=0.9023  macroF1=0.7419  edit=42.93  segF1@50=0.47
[b2a][epoch 46/50] loss=0.3376  val_acc=0.8990  macroF1=0.7310  edit=43.22  segF1@50=0.48
[b2a][epoch 47/50] loss=0.3290  val_acc=0.9036  macroF1=0.7326  edit=44.26  segF1@50=0.44
[b2a][epoch 48/50] loss=0.3479  val_acc=0.9069  macroF1=0.7540  edit=42.55  segF1@50=0.45
[b2a][epoch 49/50] loss=0.3972  val_acc=0.9182  macroF1=0.7306  edit=46.73  segF1@50=0.50
[b2a][epoch 50/50] loss=0.3786  val_acc=0.8785  macroF1=0.6990  edit=44.37  segF1@50=0.47
[b2a] best @epoch 49: acc=0.9182 macroF1=0.7306
[b2a] evidence written -> /home/ubuntu/slocal2/m2/experiments/transfer/b2a_base_oracle_noise_p020_003_b2a_base_oracle_noise_p020_seed456
