[b2a] train clips=13  val clips=3  in_dim=2063  tool_source=oracle  classes=9  device=cuda
[b2a] evidence dir: /home/ubuntu/slocal2/m2/experiments/transfer/b2a_ro_oracle_nhnoise_p020_001_b2a_ro_oracle_nhnoise_p020_seed42
[b2a][epoch 1/50] loss=3.5116  val_acc=0.3399  macroF1=0.0762  edit=21.78  segF1@50=0.00
[b2a][epoch 2/50] loss=2.6967  val_acc=0.3578  macroF1=0.0888  edit=21.78  segF1@50=0.00
[b2a][epoch 3/50] loss=2.3578  val_acc=0.6805  macroF1=0.2282  edit=33.20  segF1@50=0.23
[b2a][epoch 4/50] loss=2.0036  val_acc=0.6792  macroF1=0.2306  edit=38.33  segF1@50=0.22
[b2a][epoch 5/50] loss=1.7127  val_acc=0.6825  macroF1=0.2339  edit=34.33  segF1@50=0.33
[b2a][epoch 6/50] loss=1.4991  val_acc=0.6838  macroF1=0.2295  edit=30.62  segF1@50=0.25
[b2a][epoch 7/50] loss=1.3347  val_acc=0.7795  macroF1=0.3718  edit=31.05  segF1@50=0.28
[b2a][epoch 8/50] loss=1.2278  val_acc=0.7894  macroF1=0.3782  edit=29.00  segF1@50=0.27
[b2a][epoch 9/50] loss=1.1290  val_acc=0.7934  macroF1=0.3825  edit=38.33  segF1@50=0.40
[b2a][epoch 10/50] loss=1.0461  val_acc=0.8403  macroF1=0.5192  edit=56.67  segF1@50=0.57
[b2a][epoch 11/50] loss=0.9782  val_acc=0.8442  macroF1=0.5322  edit=41.43  segF1@50=0.40
[b2a][epoch 12/50] loss=0.9280  val_acc=0.8640  macroF1=0.5406  edit=39.11  segF1@50=0.36
[b2a][epoch 13/50] loss=0.8463  val_acc=0.8667  macroF1=0.5442  edit=33.86  segF1@50=0.32
[b2a][epoch 14/50] loss=0.8010  val_acc=0.8713  macroF1=0.5792  edit=39.88  segF1@50=0.45
[b2a][epoch 15/50] loss=0.7626  val_acc=0.9254  macroF1=0.7319  edit=48.86  segF1@50=0.52
[b2a][epoch 16/50] loss=0.7043  val_acc=0.9459  macroF1=0.7791  edit=57.33  segF1@50=0.59
[b2a][epoch 17/50] loss=0.6884  val_acc=0.9531  macroF1=0.8030  edit=54.49  segF1@50=0.53
[b2a][epoch 18/50] loss=0.6446  val_acc=0.9564  macroF1=0.8070  edit=51.67  segF1@50=0.54
[b2a][epoch 19/50] loss=0.6250  val_acc=0.9538  macroF1=0.8116  edit=53.74  segF1@50=0.55
[b2a][epoch 20/50] loss=0.6195  val_acc=0.9531  macroF1=0.8102  edit=42.47  segF1@50=0.60
[b2a][epoch 21/50] loss=0.5879  val_acc=0.9584  macroF1=0.8114  edit=42.00  segF1@50=0.60
[b2a][epoch 22/50] loss=0.5705  val_acc=0.9512  macroF1=0.8128  edit=53.09  segF1@50=0.53
[b2a][epoch 23/50] loss=0.5704  val_acc=0.9564  macroF1=0.8102  edit=57.29  segF1@50=0.62
[b2a][epoch 24/50] loss=0.5775  val_acc=0.9617  macroF1=0.8225  edit=52.89  segF1@50=0.74
[b2a][epoch 25/50] loss=0.5539  val_acc=0.9531  macroF1=0.8147  edit=58.59  segF1@50=0.64
[b2a][epoch 26/50] loss=0.5323  val_acc=0.9617  macroF1=0.8185  edit=61.54  segF1@50=0.66
[b2a][epoch 27/50] loss=0.5091  val_acc=0.9630  macroF1=0.8221  edit=62.82  segF1@50=0.68
[b2a][epoch 28/50] loss=0.4979  val_acc=0.9518  macroF1=0.8239  edit=49.21  segF1@50=0.52
[b2a][epoch 29/50] loss=0.5142  val_acc=0.9591  macroF1=0.8220  edit=53.00  segF1@50=0.59
[b2a][epoch 30/50] loss=0.5350  val_acc=0.9611  macroF1=0.8220  edit=56.88  segF1@50=0.65
[b2a][epoch 31/50] loss=0.4835  val_acc=0.9617  macroF1=0.8217  edit=58.62  segF1@50=0.64
[b2a][epoch 32/50] loss=0.4726  val_acc=0.9644  macroF1=0.8291  edit=63.10  segF1@50=0.67
[b2a][epoch 33/50] loss=0.4502  val_acc=0.9604  macroF1=0.8281  edit=61.11  segF1@50=0.67
[b2a][epoch 34/50] loss=0.4407  val_acc=0.9650  macroF1=0.8307  edit=63.10  segF1@50=0.67
[b2a][epoch 35/50] loss=0.4310  val_acc=0.9624  macroF1=0.8286  edit=61.11  segF1@50=0.67
[b2a][epoch 36/50] loss=0.4302  val_acc=0.9571  macroF1=0.8268  edit=56.50  segF1@50=0.58
[b2a][epoch 37/50] loss=0.4240  val_acc=0.9657  macroF1=0.8327  edit=61.73  segF1@50=0.67
[b2a][epoch 38/50] loss=0.4336  val_acc=0.9650  macroF1=0.8313  edit=60.86  segF1@50=0.66
[b2a][epoch 39/50] loss=0.4282  val_acc=0.9637  macroF1=0.8253  edit=58.89  segF1@50=0.64
[b2a][epoch 40/50] loss=0.4327  val_acc=0.9683  macroF1=0.8358  edit=60.67  segF1@50=0.67
[b2a][epoch 41/50] loss=0.4304  val_acc=0.9564  macroF1=0.8292  edit=56.04  segF1@50=0.63
[b2a][epoch 42/50] loss=0.4080  val_acc=0.9617  macroF1=0.8323  edit=60.86  segF1@50=0.66
[b2a][epoch 43/50] loss=0.3883  val_acc=0.9644  macroF1=0.8286  edit=55.56  segF1@50=0.62
[b2a][epoch 44/50] loss=0.3935  val_acc=0.9571  macroF1=0.8320  edit=55.31  segF1@50=0.57
[b2a][epoch 45/50] loss=0.4157  val_acc=0.9525  macroF1=0.8336  edit=53.18  segF1@50=0.56
[b2a][epoch 46/50] loss=0.4002  val_acc=0.9650  macroF1=0.8314  edit=58.62  segF1@50=0.64
[b2a][epoch 47/50] loss=0.3819  val_acc=0.9538  macroF1=0.8212  edit=51.50  segF1@50=0.53
[b2a][epoch 48/50] loss=0.3716  val_acc=0.9545  macroF1=0.8246  edit=53.15  segF1@50=0.61
[b2a][epoch 49/50] loss=0.3641  val_acc=0.9677  macroF1=0.8332  edit=63.33  segF1@50=0.72
[b2a][epoch 50/50] loss=0.3587  val_acc=0.9597  macroF1=0.8338  edit=55.25  segF1@50=0.63
[b2a] best @epoch 40: acc=0.9683 macroF1=0.8358
[b2a] evidence written -> /home/ubuntu/slocal2/m2/experiments/transfer/b2a_ro_oracle_nhnoise_p020_001_b2a_ro_oracle_nhnoise_p020_seed42
