[b2a] train clips=13  val clips=3  in_dim=2063  tool_source=oracle  classes=9  device=cuda
[b2a] evidence dir: /home/ubuntu/slocal2/m2/experiments/transfer/b2a_ro_oracle_bsnoise_p010_001_b2a_ro_oracle_bsnoise_p010_seed42
[b2a][epoch 1/50] loss=3.4985  val_acc=0.3399  macroF1=0.0762  edit=15.11  segF1@50=0.00
[b2a][epoch 2/50] loss=2.6178  val_acc=0.4403  macroF1=0.1291  edit=32.56  segF1@50=0.24
[b2a][epoch 3/50] loss=2.1891  val_acc=0.6792  macroF1=0.2300  edit=31.67  segF1@50=0.22
[b2a][epoch 4/50] loss=1.7852  val_acc=0.6805  macroF1=0.2306  edit=37.00  segF1@50=0.22
[b2a][epoch 5/50] loss=1.5433  val_acc=0.6832  macroF1=0.2311  edit=31.50  segF1@50=0.30
[b2a][epoch 6/50] loss=1.4030  val_acc=0.6858  macroF1=0.2306  edit=31.64  segF1@50=0.26
[b2a][epoch 7/50] loss=1.2901  val_acc=0.7465  macroF1=0.3342  edit=35.39  segF1@50=0.27
[b2a][epoch 8/50] loss=1.1941  val_acc=0.7901  macroF1=0.3622  edit=24.91  segF1@50=0.20
[b2a][epoch 9/50] loss=1.1009  val_acc=0.7927  macroF1=0.3833  edit=28.74  segF1@50=0.22
[b2a][epoch 10/50] loss=1.0360  val_acc=0.8429  macroF1=0.5013  edit=29.33  segF1@50=0.32
[b2a][epoch 11/50] loss=0.9597  val_acc=0.8554  macroF1=0.5686  edit=41.21  segF1@50=0.47
[b2a][epoch 12/50] loss=0.9261  val_acc=0.8554  macroF1=0.5219  edit=32.79  segF1@50=0.28
[b2a][epoch 13/50] loss=0.8379  val_acc=0.8568  macroF1=0.5223  edit=33.78  segF1@50=0.31
[b2a][epoch 14/50] loss=0.7992  val_acc=0.8997  macroF1=0.6816  edit=40.89  segF1@50=0.47
[b2a][epoch 15/50] loss=0.7600  val_acc=0.9333  macroF1=0.7423  edit=49.11  segF1@50=0.57
[b2a][epoch 16/50] loss=0.7363  val_acc=0.9287  macroF1=0.7118  edit=36.74  segF1@50=0.34
[b2a][epoch 17/50] loss=0.7148  val_acc=0.9413  macroF1=0.7785  edit=39.44  segF1@50=0.39
[b2a][epoch 18/50] loss=0.6690  val_acc=0.9353  macroF1=0.7442  edit=38.89  segF1@50=0.46
[b2a][epoch 19/50] loss=0.6427  val_acc=0.9452  macroF1=0.7903  edit=43.35  segF1@50=0.45
[b2a][epoch 20/50] loss=0.6225  val_acc=0.9419  macroF1=0.7646  edit=43.30  segF1@50=0.48
[b2a][epoch 21/50] loss=0.6004  val_acc=0.9406  macroF1=0.7713  edit=37.99  segF1@50=0.37
[b2a][epoch 22/50] loss=0.5798  val_acc=0.9505  macroF1=0.7978  edit=49.33  segF1@50=0.57
[b2a][epoch 23/50] loss=0.5677  val_acc=0.9472  macroF1=0.7918  edit=39.00  segF1@50=0.47
[b2a][epoch 24/50] loss=0.5541  val_acc=0.9426  macroF1=0.7672  edit=41.43  segF1@50=0.47
[b2a][epoch 25/50] loss=0.5359  val_acc=0.9498  macroF1=0.7933  edit=48.78  segF1@50=0.52
[b2a][epoch 26/50] loss=0.5313  val_acc=0.9512  macroF1=0.7997  edit=38.86  segF1@50=0.49
[b2a][epoch 27/50] loss=0.5208  val_acc=0.9498  macroF1=0.7965  edit=48.78  segF1@50=0.54
[b2a][epoch 28/50] loss=0.5068  val_acc=0.9492  macroF1=0.7963  edit=48.83  segF1@50=0.56
[b2a][epoch 29/50] loss=0.5006  val_acc=0.9432  macroF1=0.7696  edit=44.36  segF1@50=0.51
[b2a][epoch 30/50] loss=0.4966  val_acc=0.9498  macroF1=0.7964  edit=45.67  segF1@50=0.50
[b2a][epoch 31/50] loss=0.4878  val_acc=0.9505  macroF1=0.7913  edit=42.22  segF1@50=0.49
[b2a][epoch 32/50] loss=0.5421  val_acc=0.9452  macroF1=0.7844  edit=40.00  segF1@50=0.43
[b2a][epoch 33/50] loss=0.4824  val_acc=0.9525  macroF1=0.8018  edit=48.00  segF1@50=0.56
[b2a][epoch 34/50] loss=0.4563  val_acc=0.9512  macroF1=0.8019  edit=45.78  segF1@50=0.55
[b2a][epoch 35/50] loss=0.4458  val_acc=0.9531  macroF1=0.8038  edit=50.67  segF1@50=0.57
[b2a][epoch 36/50] loss=0.4374  val_acc=0.9531  macroF1=0.8034  edit=50.11  segF1@50=0.56
[b2a][epoch 37/50] loss=0.4279  val_acc=0.9558  macroF1=0.8086  edit=54.00  segF1@50=0.61
[b2a][epoch 38/50] loss=0.4156  val_acc=0.9498  macroF1=0.7921  edit=45.29  segF1@50=0.52
[b2a][epoch 39/50] loss=0.4268  val_acc=0.9406  macroF1=0.7624  edit=39.14  segF1@50=0.38
[b2a][epoch 40/50] loss=0.4242  val_acc=0.9531  macroF1=0.8076  edit=48.44  segF1@50=0.54
[b2a][epoch 41/50] loss=0.4227  val_acc=0.9432  macroF1=0.7901  edit=43.22  segF1@50=0.47
[b2a][epoch 42/50] loss=0.4329  val_acc=0.9426  macroF1=0.7727  edit=41.48  segF1@50=0.43
[b2a][epoch 43/50] loss=0.4162  val_acc=0.9498  macroF1=0.8002  edit=45.52  segF1@50=0.52
[b2a][epoch 44/50] loss=0.3952  val_acc=0.9512  macroF1=0.8012  edit=45.78  segF1@50=0.54
[b2a][epoch 45/50] loss=0.3905  val_acc=0.9485  macroF1=0.7908  edit=45.88  segF1@50=0.52
[b2a][epoch 46/50] loss=0.3811  val_acc=0.9545  macroF1=0.8083  edit=54.00  segF1@50=0.60
[b2a][epoch 47/50] loss=0.3720  val_acc=0.9518  macroF1=0.8046  edit=46.86  segF1@50=0.52
[b2a][epoch 48/50] loss=0.3627  val_acc=0.9492  macroF1=0.7895  edit=46.44  segF1@50=0.52
[b2a][epoch 49/50] loss=0.3613  val_acc=0.9538  macroF1=0.8069  edit=52.78  segF1@50=0.56
[b2a][epoch 50/50] loss=0.3497  val_acc=0.9518  macroF1=0.8003  edit=48.40  segF1@50=0.54
[b2a] best @epoch 37: acc=0.9558 macroF1=0.8086
[b2a] evidence written -> /home/ubuntu/slocal2/m2/experiments/transfer/b2a_ro_oracle_bsnoise_p010_001_b2a_ro_oracle_bsnoise_p010_seed42
