[b2a] train clips=13  val clips=3  in_dim=2063  tool_source=pred  classes=9  device=cuda
[b2a] evidence dir: /home/ubuntu/slocal2/m2/experiments/transfer/b2a_regiononly_mask_09_003_b2a_regiononly_mask_09_seed456
[b2a][epoch 1/50] loss=3.4711  val_acc=0.3677  macroF1=0.0768  edit=18.00  segF1@50=0.22
[b2a][epoch 2/50] loss=2.7102  val_acc=0.6640  macroF1=0.2267  edit=41.00  segF1@50=0.20
[b2a][epoch 3/50] loss=2.1280  val_acc=0.6634  macroF1=0.2252  edit=35.67  segF1@50=0.22
[b2a][epoch 4/50] loss=1.8400  val_acc=0.6554  macroF1=0.2238  edit=37.00  segF1@50=0.26
[b2a][epoch 5/50] loss=1.6821  val_acc=0.6759  macroF1=0.2272  edit=26.11  segF1@50=0.26
[b2a][epoch 6/50] loss=1.5408  val_acc=0.6759  macroF1=0.2298  edit=37.00  segF1@50=0.20
[b2a][epoch 7/50] loss=1.5048  val_acc=0.6779  macroF1=0.2301  edit=37.00  segF1@50=0.20
[b2a][epoch 8/50] loss=1.3446  val_acc=0.6818  macroF1=0.2306  edit=35.67  segF1@50=0.23
[b2a][epoch 9/50] loss=1.2594  val_acc=0.6931  macroF1=0.2676  edit=57.67  segF1@50=0.30
[b2a][epoch 10/50] loss=1.1809  val_acc=0.7413  macroF1=0.3434  edit=50.78  segF1@50=0.30
[b2a][epoch 11/50] loss=1.1043  val_acc=0.8139  macroF1=0.4527  edit=29.79  segF1@50=0.21
[b2a][epoch 12/50] loss=1.0181  val_acc=0.8304  macroF1=0.4761  edit=47.67  segF1@50=0.39
[b2a][epoch 13/50] loss=0.9579  val_acc=0.7386  macroF1=0.3449  edit=53.33  segF1@50=0.31
[b2a][epoch 14/50] loss=0.9275  val_acc=0.9036  macroF1=0.6672  edit=47.27  segF1@50=0.46
[b2a][epoch 15/50] loss=0.8635  val_acc=0.8614  macroF1=0.6169  edit=39.12  segF1@50=0.36
[b2a][epoch 16/50] loss=0.8219  val_acc=0.9201  macroF1=0.7325  edit=44.83  segF1@50=0.46
[b2a][epoch 17/50] loss=0.7684  val_acc=0.9050  macroF1=0.6977  edit=43.89  segF1@50=0.48
[b2a][epoch 18/50] loss=0.7725  val_acc=0.9096  macroF1=0.7356  edit=40.02  segF1@50=0.42
[b2a][epoch 19/50] loss=0.7499  val_acc=0.9122  macroF1=0.7082  edit=41.78  segF1@50=0.45
[b2a][epoch 20/50] loss=0.6943  val_acc=0.9221  macroF1=0.7544  edit=44.12  segF1@50=0.46
[b2a][epoch 21/50] loss=0.6608  val_acc=0.9267  macroF1=0.7548  edit=43.58  segF1@50=0.48
[b2a][epoch 22/50] loss=0.6359  val_acc=0.9208  macroF1=0.7351  edit=45.02  segF1@50=0.45
[b2a][epoch 23/50] loss=0.6153  val_acc=0.9327  macroF1=0.7569  edit=53.70  segF1@50=0.56
[b2a][epoch 24/50] loss=0.6014  val_acc=0.9208  macroF1=0.7391  edit=35.79  segF1@50=0.39
[b2a][epoch 25/50] loss=0.5852  val_acc=0.9327  macroF1=0.7632  edit=49.14  segF1@50=0.53
[b2a][epoch 26/50] loss=0.5731  val_acc=0.9261  macroF1=0.7491  edit=44.77  segF1@50=0.50
[b2a][epoch 27/50] loss=0.5589  val_acc=0.9333  macroF1=0.7755  edit=49.43  segF1@50=0.55
[b2a][epoch 28/50] loss=0.5483  val_acc=0.9267  macroF1=0.7473  edit=45.14  segF1@50=0.50
[b2a][epoch 29/50] loss=0.5538  val_acc=0.9168  macroF1=0.7635  edit=38.03  segF1@50=0.39
[b2a][epoch 30/50] loss=0.5384  val_acc=0.9287  macroF1=0.7572  edit=43.33  segF1@50=0.47
[b2a][epoch 31/50] loss=0.5075  val_acc=0.9360  macroF1=0.7753  edit=46.46  segF1@50=0.51
[b2a][epoch 32/50] loss=0.4992  val_acc=0.9314  macroF1=0.7602  edit=44.44  segF1@50=0.50
[b2a][epoch 33/50] loss=0.5015  val_acc=0.9380  macroF1=0.7840  edit=43.96  segF1@50=0.51
[b2a][epoch 34/50] loss=0.4960  val_acc=0.9287  macroF1=0.7546  edit=50.00  segF1@50=0.55
[b2a][epoch 35/50] loss=0.5021  val_acc=0.9254  macroF1=0.7722  edit=44.34  segF1@50=0.50
[b2a][epoch 36/50] loss=0.4768  val_acc=0.9287  macroF1=0.7585  edit=51.44  segF1@50=0.55
[b2a][epoch 37/50] loss=0.4690  val_acc=0.9353  macroF1=0.7803  edit=39.44  segF1@50=0.43
[b2a][epoch 38/50] loss=0.4569  val_acc=0.9307  macroF1=0.7635  edit=41.75  segF1@50=0.47
[b2a][epoch 39/50] loss=0.4454  val_acc=0.9353  macroF1=0.7835  edit=41.35  segF1@50=0.49
[b2a][epoch 40/50] loss=0.4384  val_acc=0.9267  macroF1=0.7656  edit=40.20  segF1@50=0.45
[b2a][epoch 41/50] loss=0.4376  val_acc=0.9333  macroF1=0.7734  edit=40.20  segF1@50=0.45
[b2a][epoch 42/50] loss=0.4294  val_acc=0.9307  macroF1=0.7646  edit=42.86  segF1@50=0.47
[b2a][epoch 43/50] loss=0.4454  val_acc=0.9234  macroF1=0.7719  edit=34.77  segF1@50=0.38
[b2a][epoch 44/50] loss=0.4239  val_acc=0.9327  macroF1=0.7709  edit=46.62  segF1@50=0.53
[b2a][epoch 45/50] loss=0.4148  val_acc=0.9333  macroF1=0.7814  edit=40.29  segF1@50=0.46
[b2a][epoch 46/50] loss=0.4169  val_acc=0.9254  macroF1=0.7607  edit=40.50  segF1@50=0.47
[b2a][epoch 47/50] loss=0.3988  val_acc=0.9261  macroF1=0.7662  edit=40.36  segF1@50=0.46
[b2a][epoch 48/50] loss=0.3988  val_acc=0.9307  macroF1=0.7675  edit=39.48  segF1@50=0.45
[b2a][epoch 49/50] loss=0.4182  val_acc=0.9142  macroF1=0.7561  edit=36.62  segF1@50=0.40
[b2a][epoch 50/50] loss=0.4131  val_acc=0.9129  macroF1=0.7545  edit=40.32  segF1@50=0.41
[b2a] best @epoch 33: acc=0.9380 macroF1=0.7840
[b2a] evidence written -> /home/ubuntu/slocal2/m2/experiments/transfer/b2a_regiononly_mask_09_003_b2a_regiononly_mask_09_seed456
