[b2a] train clips=13  val clips=3  in_dim=2063  tool_source=oracle  classes=9  device=cuda
[b2a] evidence dir: /home/ubuntu/slocal2/m2/experiments/transfer/b2a_ro_oracle_top3noise_p020_003_b2a_ro_oracle_top3noise_p020_seed456
[b2a][epoch 1/50] loss=3.4960  val_acc=0.3677  macroF1=0.0768  edit=18.00  segF1@50=0.22
[b2a][epoch 2/50] loss=2.8337  val_acc=0.6297  macroF1=0.2179  edit=16.44  segF1@50=0.07
[b2a][epoch 3/50] loss=2.4003  val_acc=0.6772  macroF1=0.2279  edit=31.39  segF1@50=0.25
[b2a][epoch 4/50] loss=2.1165  val_acc=0.6356  macroF1=0.2180  edit=27.90  segF1@50=0.12
[b2a][epoch 5/50] loss=1.8604  val_acc=0.6693  macroF1=0.2273  edit=33.95  segF1@50=0.26
[b2a][epoch 6/50] loss=1.6921  val_acc=0.6640  macroF1=0.2271  edit=31.00  segF1@50=0.14
[b2a][epoch 7/50] loss=1.6796  val_acc=0.6812  macroF1=0.2287  edit=33.22  segF1@50=0.28
[b2a][epoch 8/50] loss=1.4616  val_acc=0.6792  macroF1=0.2288  edit=32.78  segF1@50=0.32
[b2a][epoch 9/50] loss=1.3993  val_acc=0.6779  macroF1=0.2367  edit=35.54  segF1@50=0.17
[b2a][epoch 10/50] loss=1.3299  val_acc=0.7413  macroF1=0.3480  edit=30.24  segF1@50=0.22
[b2a][epoch 11/50] loss=1.2409  val_acc=0.7868  macroF1=0.4162  edit=32.10  segF1@50=0.21
[b2a][epoch 12/50] loss=1.1540  val_acc=0.8139  macroF1=0.4509  edit=32.33  segF1@50=0.26
[b2a][epoch 13/50] loss=1.1010  val_acc=0.8218  macroF1=0.4572  edit=38.00  segF1@50=0.32
[b2a][epoch 14/50] loss=1.0511  val_acc=0.8924  macroF1=0.6515  edit=25.02  segF1@50=0.41
[b2a][epoch 15/50] loss=0.9781  val_acc=0.8198  macroF1=0.5187  edit=26.93  segF1@50=0.21
[b2a][epoch 16/50] loss=0.9640  val_acc=0.9030  macroF1=0.6788  edit=28.15  segF1@50=0.39
[b2a][epoch 17/50] loss=0.9028  val_acc=0.8904  macroF1=0.6690  edit=35.57  segF1@50=0.33
[b2a][epoch 18/50] loss=0.8538  val_acc=0.9063  macroF1=0.6797  edit=31.23  segF1@50=0.32
[b2a][epoch 19/50] loss=0.8200  val_acc=0.9096  macroF1=0.6883  edit=40.71  segF1@50=0.43
[b2a][epoch 20/50] loss=0.7968  val_acc=0.9076  macroF1=0.6887  edit=36.71  segF1@50=0.38
[b2a][epoch 21/50] loss=0.7634  val_acc=0.9030  macroF1=0.6765  edit=32.22  segF1@50=0.30
[b2a][epoch 22/50] loss=0.7516  val_acc=0.9122  macroF1=0.6756  edit=42.06  segF1@50=0.43
[b2a][epoch 23/50] loss=0.7220  val_acc=0.9063  macroF1=0.6883  edit=33.33  segF1@50=0.28
[b2a][epoch 24/50] loss=0.7009  val_acc=0.9162  macroF1=0.6872  edit=44.28  segF1@50=0.45
[b2a][epoch 25/50] loss=0.6940  val_acc=0.9162  macroF1=0.7024  edit=38.92  segF1@50=0.43
[b2a][epoch 26/50] loss=0.6878  val_acc=0.9149  macroF1=0.6886  edit=48.92  segF1@50=0.53
[b2a][epoch 27/50] loss=0.6726  val_acc=0.9102  macroF1=0.7288  edit=38.89  segF1@50=0.35
[b2a][epoch 28/50] loss=0.6349  val_acc=0.9162  macroF1=0.6834  edit=48.18  segF1@50=0.57
[b2a][epoch 29/50] loss=0.6220  val_acc=0.9109  macroF1=0.7222  edit=33.33  segF1@50=0.34
[b2a][epoch 30/50] loss=0.6252  val_acc=0.9056  macroF1=0.7157  edit=35.54  segF1@50=0.32
[b2a][epoch 31/50] loss=0.6039  val_acc=0.9142  macroF1=0.6899  edit=51.43  segF1@50=0.59
[b2a][epoch 32/50] loss=0.6027  val_acc=0.8964  macroF1=0.7110  edit=32.98  segF1@50=0.33
[b2a][epoch 33/50] loss=0.6058  val_acc=0.9129  macroF1=0.7197  edit=43.82  segF1@50=0.46
[b2a][epoch 34/50] loss=0.5708  val_acc=0.9208  macroF1=0.7309  edit=48.12  segF1@50=0.54
[b2a][epoch 35/50] loss=0.5571  val_acc=0.9267  macroF1=0.7199  edit=50.83  segF1@50=0.59
[b2a][epoch 36/50] loss=0.5626  val_acc=0.9254  macroF1=0.7524  edit=35.87  segF1@50=0.39
[b2a][epoch 37/50] loss=0.5719  val_acc=0.9142  macroF1=0.7014  edit=43.87  segF1@50=0.48
[b2a][epoch 38/50] loss=0.5588  val_acc=0.8825  macroF1=0.7056  edit=32.75  segF1@50=0.31
[b2a][epoch 39/50] loss=0.6115  val_acc=0.8898  macroF1=0.6916  edit=36.19  segF1@50=0.43
[b2a][epoch 40/50] loss=0.6447  val_acc=0.8931  macroF1=0.7063  edit=45.51  segF1@50=0.47
[b2a][epoch 41/50] loss=0.6290  val_acc=0.9155  macroF1=0.6836  edit=33.28  segF1@50=0.42
[b2a][epoch 42/50] loss=0.5804  val_acc=0.8449  macroF1=0.6362  edit=35.66  segF1@50=0.32
[b2a][epoch 43/50] loss=0.5455  val_acc=0.9069  macroF1=0.7042  edit=45.20  segF1@50=0.48
[b2a][epoch 44/50] loss=0.5134  val_acc=0.9063  macroF1=0.7169  edit=37.78  segF1@50=0.42
[b2a][epoch 45/50] loss=0.4999  val_acc=0.9023  macroF1=0.6930  edit=37.27  segF1@50=0.33
[b2a][epoch 46/50] loss=0.5120  val_acc=0.9076  macroF1=0.7251  edit=42.77  segF1@50=0.49
[b2a][epoch 47/50] loss=0.4856  val_acc=0.9050  macroF1=0.7076  edit=37.57  segF1@50=0.38
[b2a][epoch 48/50] loss=0.4605  val_acc=0.9010  macroF1=0.7068  edit=36.06  segF1@50=0.38
[b2a][epoch 49/50] loss=0.4493  val_acc=0.9043  macroF1=0.7113  edit=45.24  segF1@50=0.50
[b2a][epoch 50/50] loss=0.4479  val_acc=0.9063  macroF1=0.7177  edit=38.13  segF1@50=0.39
[b2a] best @epoch 35: acc=0.9267 macroF1=0.7199
[b2a] evidence written -> /home/ubuntu/slocal2/m2/experiments/transfer/b2a_ro_oracle_top3noise_p020_003_b2a_ro_oracle_top3noise_p020_seed456
