[b2a] train clips=13  val clips=3  in_dim=2063  tool_source=pred  classes=9  device=cuda
[b2a] evidence dir: /home/ubuntu/slocal/m2/experiments/transfer/b2a_det2phase_toolpresence_015_b2a_det2phase_toolpresence_seed123
[b2a][epoch 1/50] loss=3.5354  val_acc=0.3677  macroF1=0.0768  edit=18.00  segF1@50=0.22
[b2a][epoch 2/50] loss=3.0251  val_acc=0.3677  macroF1=0.0768  edit=18.00  segF1@50=0.22
[b2a][epoch 3/50] loss=2.6936  val_acc=0.3340  macroF1=0.0715  edit=9.67  segF1@50=0.00
[b2a][epoch 4/50] loss=2.5032  val_acc=0.4898  macroF1=0.1534  edit=22.63  segF1@50=0.22
[b2a][epoch 5/50] loss=2.2682  val_acc=0.6700  macroF1=0.2260  edit=39.67  segF1@50=0.22
[b2a][epoch 6/50] loss=1.8184  val_acc=0.6587  macroF1=0.2247  edit=31.67  segF1@50=0.27
[b2a][epoch 7/50] loss=1.7004  val_acc=0.5228  macroF1=0.1791  edit=25.89  segF1@50=0.02
[b2a][epoch 8/50] loss=1.8858  val_acc=0.6693  macroF1=0.2278  edit=39.67  segF1@50=0.26
[b2a][epoch 9/50] loss=1.5006  val_acc=0.6746  macroF1=0.2295  edit=34.33  segF1@50=0.24
[b2a][epoch 10/50] loss=1.4018  val_acc=0.6271  macroF1=0.2201  edit=48.81  segF1@50=0.18
[b2a][epoch 11/50] loss=1.2145  val_acc=0.7545  macroF1=0.3723  edit=22.92  segF1@50=0.20
[b2a][epoch 12/50] loss=1.1174  val_acc=0.7736  macroF1=0.4048  edit=47.11  segF1@50=0.35
[b2a][epoch 13/50] loss=1.0244  val_acc=0.7809  macroF1=0.4094  edit=47.11  segF1@50=0.36
[b2a][epoch 14/50] loss=0.9575  val_acc=0.7848  macroF1=0.4141  edit=36.67  segF1@50=0.34
[b2a][epoch 15/50] loss=0.9076  val_acc=0.8158  macroF1=0.4768  edit=41.69  segF1@50=0.33
[b2a][epoch 16/50] loss=0.8329  val_acc=0.8290  macroF1=0.4830  edit=33.78  segF1@50=0.34
[b2a][epoch 17/50] loss=0.8271  val_acc=0.8092  macroF1=0.5126  edit=36.65  segF1@50=0.25
[b2a][epoch 18/50] loss=0.7848  val_acc=0.8660  macroF1=0.6036  edit=31.04  segF1@50=0.24
[b2a][epoch 19/50] loss=0.7319  val_acc=0.8640  macroF1=0.6186  edit=28.56  segF1@50=0.28
[b2a][epoch 20/50] loss=0.6775  val_acc=0.8323  macroF1=0.5277  edit=39.19  segF1@50=0.29
[b2a][epoch 21/50] loss=0.6256  val_acc=0.9056  macroF1=0.7229  edit=40.97  segF1@50=0.36
[b2a][epoch 22/50] loss=0.5906  val_acc=0.9109  macroF1=0.7375  edit=43.56  segF1@50=0.41
[b2a][epoch 23/50] loss=0.5821  val_acc=0.9017  macroF1=0.7175  edit=36.33  segF1@50=0.29
[b2a][epoch 24/50] loss=0.5391  val_acc=0.9122  macroF1=0.7344  edit=36.53  segF1@50=0.36
[b2a][epoch 25/50] loss=0.5390  val_acc=0.9135  macroF1=0.7442  edit=40.74  segF1@50=0.38
[b2a][epoch 26/50] loss=0.4972  val_acc=0.9129  macroF1=0.7410  edit=38.21  segF1@50=0.39
[b2a][epoch 27/50] loss=0.5212  val_acc=0.9116  macroF1=0.7257  edit=37.17  segF1@50=0.33
[b2a][epoch 28/50] loss=0.6027  val_acc=0.9195  macroF1=0.7504  edit=32.05  segF1@50=0.33
[b2a][epoch 29/50] loss=0.5463  val_acc=0.9195  macroF1=0.7386  edit=44.89  segF1@50=0.42
[b2a][epoch 30/50] loss=0.5202  val_acc=0.8950  macroF1=0.7144  edit=33.93  segF1@50=0.29
[b2a][epoch 31/50] loss=0.4853  val_acc=0.9043  macroF1=0.7534  edit=37.99  segF1@50=0.37
[b2a][epoch 32/50] loss=0.5112  val_acc=0.9195  macroF1=0.7385  edit=47.56  segF1@50=0.45
[b2a][epoch 33/50] loss=0.4481  val_acc=0.9248  macroF1=0.7530  edit=43.30  segF1@50=0.42
[b2a][epoch 34/50] loss=0.4142  val_acc=0.9234  macroF1=0.7652  edit=47.56  segF1@50=0.43
[b2a][epoch 35/50] loss=0.4356  val_acc=0.9347  macroF1=0.7946  edit=44.09  segF1@50=0.46
[b2a][epoch 36/50] loss=0.3995  val_acc=0.9267  macroF1=0.7784  edit=34.17  segF1@50=0.39
[b2a][epoch 37/50] loss=0.3897  val_acc=0.9267  macroF1=0.7735  edit=46.36  segF1@50=0.43
[b2a][epoch 38/50] loss=0.3708  val_acc=0.9175  macroF1=0.7740  edit=41.09  segF1@50=0.41
[b2a][epoch 39/50] loss=0.3593  val_acc=0.9360  macroF1=0.7974  edit=44.44  segF1@50=0.44
[b2a][epoch 40/50] loss=0.4272  val_acc=0.9122  macroF1=0.6823  edit=40.89  segF1@50=0.36
[b2a][epoch 41/50] loss=0.7524  val_acc=0.8132  macroF1=0.5921  edit=51.39  segF1@50=0.42
[b2a][epoch 42/50] loss=0.7090  val_acc=0.8429  macroF1=0.6558  edit=29.77  segF1@50=0.33
[b2a][epoch 43/50] loss=0.5016  val_acc=0.8904  macroF1=0.6981  edit=36.78  segF1@50=0.36
[b2a][epoch 44/50] loss=0.4214  val_acc=0.8871  macroF1=0.7121  edit=33.23  segF1@50=0.36
[b2a][epoch 45/50] loss=0.3787  val_acc=0.9109  macroF1=0.7529  edit=37.30  segF1@50=0.37
[b2a][epoch 46/50] loss=0.3571  val_acc=0.9122  macroF1=0.7475  edit=36.26  segF1@50=0.37
[b2a][epoch 47/50] loss=0.3391  val_acc=0.9155  macroF1=0.7585  edit=35.98  segF1@50=0.39
[b2a][epoch 48/50] loss=0.3269  val_acc=0.9188  macroF1=0.7625  edit=40.48  segF1@50=0.41
[b2a][epoch 49/50] loss=0.3158  val_acc=0.9314  macroF1=0.7836  edit=39.81  segF1@50=0.38
[b2a][epoch 50/50] loss=0.3126  val_acc=0.9248  macroF1=0.7708  edit=41.03  segF1@50=0.40
[b2a] best @epoch 39: acc=0.9360 macroF1=0.7974
[b2a] evidence written -> /home/ubuntu/slocal/m2/experiments/transfer/b2a_det2phase_toolpresence_015_b2a_det2phase_toolpresence_seed123
