[b2a] train clips=13  val clips=3  in_dim=2063  tool_source=oracle  classes=9  device=cuda
[b2a] evidence dir: /home/ubuntu/slocal2/m2/experiments/transfer/b2a_ro_oracle_nhnoise_p020_002_b2a_ro_oracle_nhnoise_p020_seed123
[b2a][epoch 1/50] loss=3.6349  val_acc=0.4389  macroF1=0.1401  edit=2.67  segF1@50=0.00
[b2a][epoch 2/50] loss=2.8947  val_acc=0.3630  macroF1=0.0773  edit=2.67  segF1@50=0.17
[b2a][epoch 3/50] loss=2.5812  val_acc=0.3340  macroF1=0.0715  edit=9.67  segF1@50=0.00
[b2a][epoch 4/50] loss=2.3119  val_acc=0.4990  macroF1=0.1585  edit=14.74  segF1@50=0.17
[b2a][epoch 5/50] loss=2.0224  val_acc=0.6739  macroF1=0.2298  edit=22.00  segF1@50=0.13
[b2a][epoch 6/50] loss=1.6250  val_acc=0.6799  macroF1=0.2313  edit=21.21  segF1@50=0.22
[b2a][epoch 7/50] loss=1.4369  val_acc=0.6805  macroF1=0.2325  edit=20.33  segF1@50=0.12
[b2a][epoch 8/50] loss=1.2880  val_acc=0.7848  macroF1=0.3764  edit=30.33  segF1@50=0.29
[b2a][epoch 9/50] loss=1.1686  val_acc=0.7960  macroF1=0.3669  edit=32.10  segF1@50=0.37
[b2a][epoch 10/50] loss=1.0595  val_acc=0.8502  macroF1=0.5558  edit=43.83  segF1@50=0.46
[b2a][epoch 11/50] loss=0.9571  val_acc=0.8898  macroF1=0.6427  edit=46.00  segF1@50=0.55
[b2a][epoch 12/50] loss=0.9012  val_acc=0.9314  macroF1=0.7292  edit=52.89  segF1@50=0.54
[b2a][epoch 13/50] loss=0.8407  val_acc=0.9360  macroF1=0.7382  edit=61.67  segF1@50=0.64
[b2a][epoch 14/50] loss=0.7748  val_acc=0.9380  macroF1=0.7425  edit=62.89  segF1@50=0.68
[b2a][epoch 15/50] loss=0.7459  val_acc=0.9452  macroF1=0.7900  edit=44.76  segF1@50=0.48
[b2a][epoch 16/50] loss=0.7020  val_acc=0.9525  macroF1=0.8001  edit=60.00  segF1@50=0.63
[b2a][epoch 17/50] loss=0.6568  val_acc=0.9479  macroF1=0.8035  edit=57.41  segF1@50=0.62
[b2a][epoch 18/50] loss=0.6349  val_acc=0.9571  macroF1=0.8136  edit=60.00  segF1@50=0.67
[b2a][epoch 19/50] loss=0.6499  val_acc=0.9584  macroF1=0.8153  edit=54.44  segF1@50=0.67
[b2a][epoch 20/50] loss=0.6468  val_acc=0.9479  macroF1=0.7985  edit=52.02  segF1@50=0.53
[b2a][epoch 21/50] loss=0.6288  val_acc=0.9564  macroF1=0.8153  edit=58.64  segF1@50=0.58
[b2a][epoch 22/50] loss=0.6039  val_acc=0.9591  macroF1=0.8167  edit=66.89  segF1@50=0.76
[b2a][epoch 23/50] loss=0.5657  val_acc=0.9597  macroF1=0.8224  edit=56.51  segF1@50=0.58
[b2a][epoch 24/50] loss=0.5455  val_acc=0.9597  macroF1=0.8202  edit=59.83  segF1@50=0.60
[b2a][epoch 25/50] loss=0.5390  val_acc=0.9604  macroF1=0.8229  edit=55.52  segF1@50=0.66
[b2a][epoch 26/50] loss=0.5203  val_acc=0.9597  macroF1=0.8266  edit=53.10  segF1@50=0.55
[b2a][epoch 27/50] loss=0.5033  val_acc=0.9617  macroF1=0.8273  edit=61.33  segF1@50=0.67
[b2a][epoch 28/50] loss=0.5087  val_acc=0.9663  macroF1=0.8327  edit=65.33  segF1@50=0.73
[b2a][epoch 29/50] loss=0.4997  val_acc=0.9597  macroF1=0.8271  edit=55.56  segF1@50=0.58
[b2a][epoch 30/50] loss=0.4960  val_acc=0.9624  macroF1=0.8249  edit=62.12  segF1@50=0.66
[b2a][epoch 31/50] loss=0.4795  val_acc=0.9617  macroF1=0.8264  edit=57.54  segF1@50=0.59
[b2a][epoch 32/50] loss=0.4504  val_acc=0.9657  macroF1=0.8307  edit=58.19  segF1@50=0.67
[b2a][epoch 33/50] loss=0.4537  val_acc=0.9670  macroF1=0.8373  edit=62.05  segF1@50=0.67
[b2a][epoch 34/50] loss=0.4419  val_acc=0.9663  macroF1=0.8368  edit=65.38  segF1@50=0.69
[b2a][epoch 35/50] loss=0.4426  val_acc=0.9597  macroF1=0.8228  edit=56.79  segF1@50=0.66
[b2a][epoch 36/50] loss=0.4634  val_acc=0.9611  macroF1=0.8306  edit=53.03  segF1@50=0.56
[b2a][epoch 37/50] loss=0.4507  val_acc=0.9571  macroF1=0.8204  edit=49.37  segF1@50=0.53
[b2a][epoch 38/50] loss=0.4353  val_acc=0.9657  macroF1=0.8346  edit=60.71  segF1@50=0.67
[b2a][epoch 39/50] loss=0.4287  val_acc=0.9604  macroF1=0.8242  edit=59.65  segF1@50=0.66
[b2a][epoch 40/50] loss=0.4312  val_acc=0.9564  macroF1=0.8262  edit=48.25  segF1@50=0.53
[b2a][epoch 41/50] loss=0.4274  val_acc=0.9624  macroF1=0.8258  edit=58.64  segF1@50=0.65
[b2a][epoch 42/50] loss=0.3933  val_acc=0.9670  macroF1=0.8362  edit=62.05  segF1@50=0.68
[b2a][epoch 43/50] loss=0.3914  val_acc=0.9677  macroF1=0.8394  edit=62.05  segF1@50=0.68
[b2a][epoch 44/50] loss=0.3814  val_acc=0.9617  macroF1=0.8372  edit=52.22  segF1@50=0.55
[b2a][epoch 45/50] loss=0.3703  val_acc=0.9597  macroF1=0.8322  edit=52.22  segF1@50=0.55
[b2a][epoch 46/50] loss=0.3745  val_acc=0.9644  macroF1=0.8346  edit=54.33  segF1@50=0.62
[b2a][epoch 47/50] loss=0.3721  val_acc=0.9630  macroF1=0.8297  edit=56.13  segF1@50=0.63
[b2a][epoch 48/50] loss=0.3618  val_acc=0.9624  macroF1=0.8360  edit=54.21  segF1@50=0.57
[b2a][epoch 49/50] loss=0.3631  val_acc=0.9630  macroF1=0.8272  edit=58.64  segF1@50=0.70
[b2a][epoch 50/50] loss=0.3658  val_acc=0.9611  macroF1=0.8366  edit=53.81  segF1@50=0.62
[b2a] best @epoch 43: acc=0.9677 macroF1=0.8394
[b2a] evidence written -> /home/ubuntu/slocal2/m2/experiments/transfer/b2a_ro_oracle_nhnoise_p020_002_b2a_ro_oracle_nhnoise_p020_seed123
