[b2a] train clips=13  val clips=3  in_dim=2063  tool_source=oracle  classes=9  device=cuda
[b2a] evidence dir: /home/ubuntu/slocal2/m2/experiments/transfer/b2a_ro_oracle_noise000_010_b2a_ro_oracle_noise000_seed42
[b2a][epoch 1/50] loss=3.5805  val_acc=0.3406  macroF1=0.0757  edit=20.42  segF1@50=0.00
[b2a][epoch 2/50] loss=2.9297  val_acc=0.3399  macroF1=0.0768  edit=18.10  segF1@50=0.00
[b2a][epoch 3/50] loss=2.8205  val_acc=0.3677  macroF1=0.0768  edit=18.00  segF1@50=0.22
[b2a][epoch 4/50] loss=2.6891  val_acc=0.4442  macroF1=0.1402  edit=22.43  segF1@50=0.00
[b2a][epoch 5/50] loss=2.7242  val_acc=0.3690  macroF1=0.0823  edit=20.42  segF1@50=0.00
[b2a][epoch 6/50] loss=2.4632  val_acc=0.4759  macroF1=0.1469  edit=33.11  segF1@50=0.24
[b2a][epoch 7/50] loss=2.1659  val_acc=0.6627  macroF1=0.2258  edit=15.53  segF1@50=0.02
[b2a][epoch 8/50] loss=2.0353  val_acc=0.6561  macroF1=0.2247  edit=18.56  segF1@50=0.02
[b2a][epoch 9/50] loss=1.9026  val_acc=0.6455  macroF1=0.2217  edit=18.02  segF1@50=0.08
[b2a][epoch 10/50] loss=2.0359  val_acc=0.6772  macroF1=0.2288  edit=18.23  segF1@50=0.10
[b2a][epoch 11/50] loss=1.7829  val_acc=0.6779  macroF1=0.2277  edit=32.62  segF1@50=0.23
[b2a][epoch 12/50] loss=1.7690  val_acc=0.6825  macroF1=0.2379  edit=18.50  segF1@50=0.09
[b2a][epoch 13/50] loss=1.7189  val_acc=0.6818  macroF1=0.2474  edit=24.90  segF1@50=0.14
[b2a][epoch 14/50] loss=1.7266  val_acc=0.6785  macroF1=0.2436  edit=22.85  segF1@50=0.14
[b2a][epoch 15/50] loss=1.6669  val_acc=0.6851  macroF1=0.2560  edit=19.35  segF1@50=0.20
[b2a][epoch 16/50] loss=1.6200  val_acc=0.6878  macroF1=0.2570  edit=26.12  segF1@50=0.15
[b2a][epoch 17/50] loss=1.6140  val_acc=0.6792  macroF1=0.2487  edit=20.67  segF1@50=0.23
[b2a][epoch 18/50] loss=1.7400  val_acc=0.6851  macroF1=0.2591  edit=25.94  segF1@50=0.14
[b2a][epoch 19/50] loss=1.6921  val_acc=0.6917  macroF1=0.2630  edit=11.70  segF1@50=0.21
[b2a][epoch 20/50] loss=1.5749  val_acc=0.6898  macroF1=0.2595  edit=12.27  segF1@50=0.21
[b2a][epoch 21/50] loss=1.5206  val_acc=0.6957  macroF1=0.2722  edit=14.00  segF1@50=0.21
[b2a][epoch 22/50] loss=1.4893  val_acc=0.6977  macroF1=0.2797  edit=17.94  segF1@50=0.15
[b2a][epoch 23/50] loss=1.4773  val_acc=0.7056  macroF1=0.2968  edit=11.90  segF1@50=0.18
[b2a][epoch 24/50] loss=1.4556  val_acc=0.7228  macroF1=0.3338  edit=15.61  segF1@50=0.24
[b2a][epoch 25/50] loss=1.4272  val_acc=0.7281  macroF1=0.3467  edit=19.85  segF1@50=0.09
[b2a][epoch 26/50] loss=1.4078  val_acc=0.7294  macroF1=0.3387  edit=17.69  segF1@50=0.23
[b2a][epoch 27/50] loss=1.3813  val_acc=0.7373  macroF1=0.3556  edit=15.73  segF1@50=0.12
[b2a][epoch 28/50] loss=1.3303  val_acc=0.7056  macroF1=0.2966  edit=23.49  segF1@50=0.09
[b2a][epoch 29/50] loss=1.3988  val_acc=0.7498  macroF1=0.4195  edit=15.25  segF1@50=0.15
[b2a][epoch 30/50] loss=1.4018  val_acc=0.7175  macroF1=0.3218  edit=16.11  segF1@50=0.18
[b2a][epoch 31/50] loss=1.3494  val_acc=0.7241  macroF1=0.3511  edit=21.92  segF1@50=0.13
[b2a][epoch 32/50] loss=1.3070  val_acc=0.7531  macroF1=0.3829  edit=27.04  segF1@50=0.14
[b2a][epoch 33/50] loss=1.2352  val_acc=0.7558  macroF1=0.3858  edit=17.28  segF1@50=0.23
[b2a][epoch 34/50] loss=1.2273  val_acc=0.7551  macroF1=0.4057  edit=17.14  segF1@50=0.16
[b2a][epoch 35/50] loss=1.1971  val_acc=0.7459  macroF1=0.4013  edit=16.11  segF1@50=0.16
[b2a][epoch 36/50] loss=1.1674  val_acc=0.7657  macroF1=0.4169  edit=21.04  segF1@50=0.12
[b2a][epoch 37/50] loss=1.2121  val_acc=0.7538  macroF1=0.3799  edit=19.17  segF1@50=0.16
[b2a][epoch 38/50] loss=1.1483  val_acc=0.7815  macroF1=0.4712  edit=15.80  segF1@50=0.16
[b2a][epoch 39/50] loss=1.1313  val_acc=0.7650  macroF1=0.4196  edit=18.16  segF1@50=0.12
[b2a][epoch 40/50] loss=1.1047  val_acc=0.7927  macroF1=0.4899  edit=12.82  segF1@50=0.21
[b2a][epoch 41/50] loss=1.0941  val_acc=0.7848  macroF1=0.4780  edit=13.05  segF1@50=0.12
[b2a][epoch 42/50] loss=1.0864  val_acc=0.7650  macroF1=0.4324  edit=19.90  segF1@50=0.18
[b2a][epoch 43/50] loss=1.0781  val_acc=0.7789  macroF1=0.4660  edit=20.89  segF1@50=0.16
[b2a][epoch 44/50] loss=1.0611  val_acc=0.7782  macroF1=0.4671  edit=14.26  segF1@50=0.17
[b2a][epoch 45/50] loss=1.0939  val_acc=0.8020  macroF1=0.5097  edit=17.63  segF1@50=0.15
[b2a][epoch 46/50] loss=1.0461  val_acc=0.7769  macroF1=0.4677  edit=18.61  segF1@50=0.14
[b2a][epoch 47/50] loss=0.9859  val_acc=0.7815  macroF1=0.4879  edit=12.90  segF1@50=0.15
[b2a][epoch 48/50] loss=0.9699  val_acc=0.8073  macroF1=0.5291  edit=13.90  segF1@50=0.17
[b2a][epoch 49/50] loss=0.9547  val_acc=0.7696  macroF1=0.4487  edit=18.72  segF1@50=0.25
[b2a][epoch 50/50] loss=0.9357  val_acc=0.7690  macroF1=0.4343  edit=20.17  segF1@50=0.14
[b2a] best @epoch 48: acc=0.8073 macroF1=0.5291
[b2a] evidence written -> /home/ubuntu/slocal2/m2/experiments/transfer/b2a_ro_oracle_noise000_010_b2a_ro_oracle_noise000_seed42
