[b2a] train clips=13  val clips=3  in_dim=2063  tool_source=oracle  classes=9  device=cuda
[b2a] evidence dir: /home/ubuntu/slocal2/m2/experiments/transfer/b2a_ro_oracle_nhnoise_p030_002_b2a_ro_oracle_nhnoise_p030_seed123
[b2a][epoch 1/50] loss=3.6324  val_acc=0.4389  macroF1=0.1401  edit=2.67  segF1@50=0.00
[b2a][epoch 2/50] loss=2.9031  val_acc=0.3644  macroF1=0.0772  edit=13.67  segF1@50=0.11
[b2a][epoch 3/50] loss=2.5975  val_acc=0.3340  macroF1=0.0715  edit=9.67  segF1@50=0.00
[b2a][epoch 4/50] loss=2.3482  val_acc=0.4713  macroF1=0.1459  edit=16.88  segF1@50=0.17
[b2a][epoch 5/50] loss=2.0856  val_acc=0.6733  macroF1=0.2295  edit=27.33  segF1@50=0.25
[b2a][epoch 6/50] loss=1.6998  val_acc=0.6779  macroF1=0.2287  edit=26.80  segF1@50=0.17
[b2a][epoch 7/50] loss=1.5086  val_acc=0.6772  macroF1=0.2315  edit=20.33  segF1@50=0.12
[b2a][epoch 8/50] loss=1.3456  val_acc=0.6904  macroF1=0.2463  edit=31.67  segF1@50=0.27
[b2a][epoch 9/50] loss=1.2289  val_acc=0.7987  macroF1=0.3997  edit=42.93  segF1@50=0.38
[b2a][epoch 10/50] loss=1.1242  val_acc=0.8073  macroF1=0.4389  edit=49.17  segF1@50=0.45
[b2a][epoch 11/50] loss=1.0088  val_acc=0.8739  macroF1=0.6054  edit=46.67  segF1@50=0.47
[b2a][epoch 12/50] loss=0.9463  val_acc=0.9267  macroF1=0.7120  edit=75.33  segF1@50=0.71
[b2a][epoch 13/50] loss=0.8812  val_acc=0.9307  macroF1=0.7204  edit=76.67  segF1@50=0.75
[b2a][epoch 14/50] loss=0.8103  val_acc=0.9360  macroF1=0.7331  edit=60.22  segF1@50=0.69
[b2a][epoch 15/50] loss=0.7859  val_acc=0.9432  macroF1=0.7843  edit=44.25  segF1@50=0.48
[b2a][epoch 16/50] loss=0.7337  val_acc=0.9465  macroF1=0.7865  edit=60.00  segF1@50=0.60
[b2a][epoch 17/50] loss=0.6851  val_acc=0.9366  macroF1=0.7897  edit=53.82  segF1@50=0.57
[b2a][epoch 18/50] loss=0.6686  val_acc=0.9558  macroF1=0.8102  edit=58.67  segF1@50=0.63
[b2a][epoch 19/50] loss=0.6820  val_acc=0.9591  macroF1=0.8164  edit=60.00  segF1@50=0.73
[b2a][epoch 20/50] loss=0.6787  val_acc=0.9446  macroF1=0.8008  edit=50.63  segF1@50=0.53
[b2a][epoch 21/50] loss=0.6652  val_acc=0.9479  macroF1=0.8113  edit=56.48  segF1@50=0.63
[b2a][epoch 22/50] loss=0.6572  val_acc=0.9564  macroF1=0.8166  edit=61.33  segF1@50=0.72
[b2a][epoch 23/50] loss=0.5934  val_acc=0.9564  macroF1=0.8214  edit=56.51  segF1@50=0.58
[b2a][epoch 24/50] loss=0.5688  val_acc=0.9611  macroF1=0.8251  edit=65.33  segF1@50=0.69
[b2a][epoch 25/50] loss=0.5598  val_acc=0.9604  macroF1=0.8221  edit=57.11  segF1@50=0.69
[b2a][epoch 26/50] loss=0.5401  val_acc=0.9551  macroF1=0.8247  edit=58.59  segF1@50=0.66
[b2a][epoch 27/50] loss=0.5209  val_acc=0.9624  macroF1=0.8281  edit=61.33  segF1@50=0.67
[b2a][epoch 28/50] loss=0.5285  val_acc=0.9657  macroF1=0.8337  edit=70.89  segF1@50=0.79
[b2a][epoch 29/50] loss=0.5156  val_acc=0.9538  macroF1=0.8225  edit=57.14  segF1@50=0.64
[b2a][epoch 30/50] loss=0.5141  val_acc=0.9591  macroF1=0.8193  edit=54.92  segF1@50=0.67
[b2a][epoch 31/50] loss=0.4989  val_acc=0.9525  macroF1=0.8230  edit=58.59  segF1@50=0.65
[b2a][epoch 32/50] loss=0.4711  val_acc=0.9611  macroF1=0.8252  edit=60.79  segF1@50=0.69
[b2a][epoch 33/50] loss=0.4729  val_acc=0.9597  macroF1=0.8287  edit=59.38  segF1@50=0.66
[b2a][epoch 34/50] loss=0.4603  val_acc=0.9584  macroF1=0.8288  edit=53.82  segF1@50=0.66
[b2a][epoch 35/50] loss=0.4548  val_acc=0.9663  macroF1=0.8356  edit=65.33  segF1@50=0.69
[b2a][epoch 36/50] loss=0.4631  val_acc=0.9512  macroF1=0.8215  edit=45.88  segF1@50=0.51
[b2a][epoch 37/50] loss=0.4491  val_acc=0.9578  macroF1=0.8306  edit=57.14  segF1@50=0.64
[b2a][epoch 38/50] loss=0.4382  val_acc=0.9617  macroF1=0.8323  edit=55.95  segF1@50=0.62
[b2a][epoch 39/50] loss=0.4225  val_acc=0.9617  macroF1=0.8329  edit=54.76  segF1@50=0.61
[b2a][epoch 40/50] loss=0.4189  val_acc=0.9584  macroF1=0.8326  edit=56.04  segF1@50=0.63
[b2a][epoch 41/50] loss=0.4328  val_acc=0.9558  macroF1=0.8242  edit=54.83  segF1@50=0.62
[b2a][epoch 42/50] loss=0.4100  val_acc=0.9624  macroF1=0.8300  edit=57.38  segF1@50=0.64
[b2a][epoch 43/50] loss=0.4113  val_acc=0.9604  macroF1=0.8267  edit=55.95  segF1@50=0.62
[b2a][epoch 44/50] loss=0.4063  val_acc=0.9479  macroF1=0.8257  edit=55.25  segF1@50=0.62
[b2a][epoch 45/50] loss=0.4071  val_acc=0.9485  macroF1=0.8309  edit=55.56  segF1@50=0.57
[b2a][epoch 46/50] loss=0.4122  val_acc=0.9597  macroF1=0.8267  edit=56.26  segF1@50=0.64
[b2a][epoch 47/50] loss=0.4132  val_acc=0.9604  macroF1=0.8238  edit=61.24  segF1@50=0.70
[b2a][epoch 48/50] loss=0.3957  val_acc=0.9518  macroF1=0.8253  edit=53.97  segF1@50=0.60
[b2a][epoch 49/50] loss=0.3785  val_acc=0.9617  macroF1=0.8344  edit=61.11  segF1@50=0.72
[b2a][epoch 50/50] loss=0.3734  val_acc=0.9564  macroF1=0.8337  edit=61.11  segF1@50=0.66
[b2a] best @epoch 35: acc=0.9663 macroF1=0.8356
[b2a] evidence written -> /home/ubuntu/slocal2/m2/experiments/transfer/b2a_ro_oracle_nhnoise_p030_002_b2a_ro_oracle_nhnoise_p030_seed123
