[b2a] train clips=13  val clips=3  in_dim=2063  tool_source=pred  classes=9  device=cuda
[b2a] evidence dir: /home/ubuntu/slocal/m2/experiments/transfer/b2a_det2phase_toolpresence_020_b2a_det2phase_toolpresence_seed123
[b2a][epoch 1/50] loss=3.5421  val_acc=0.3677  macroF1=0.0768  edit=18.00  segF1@50=0.22
[b2a][epoch 2/50] loss=3.0229  val_acc=0.3677  macroF1=0.0768  edit=18.00  segF1@50=0.22
[b2a][epoch 3/50] loss=2.7082  val_acc=0.3340  macroF1=0.0715  edit=9.67  segF1@50=0.00
[b2a][epoch 4/50] loss=2.5367  val_acc=0.4785  macroF1=0.1482  edit=30.00  segF1@50=0.22
[b2a][epoch 5/50] loss=2.3289  val_acc=0.6601  macroF1=0.2213  edit=41.00  segF1@50=0.22
[b2a][epoch 6/50] loss=1.8889  val_acc=0.6660  macroF1=0.2269  edit=34.33  segF1@50=0.22
[b2a][epoch 7/50] loss=1.9515  val_acc=0.5201  macroF1=0.1781  edit=28.67  segF1@50=0.13
[b2a][epoch 8/50] loss=1.8811  val_acc=0.6693  macroF1=0.2251  edit=38.58  segF1@50=0.22
[b2a][epoch 9/50] loss=1.6122  val_acc=0.6647  macroF1=0.2270  edit=32.67  segF1@50=0.16
[b2a][epoch 10/50] loss=1.4107  val_acc=0.6495  macroF1=0.2232  edit=38.33  segF1@50=0.20
[b2a][epoch 11/50] loss=1.2594  val_acc=0.7162  macroF1=0.3392  edit=36.90  segF1@50=0.22
[b2a][epoch 12/50] loss=1.1598  val_acc=0.7386  macroF1=0.3925  edit=32.42  segF1@50=0.26
[b2a][epoch 13/50] loss=1.0633  val_acc=0.7723  macroF1=0.4040  edit=36.43  segF1@50=0.27
[b2a][epoch 14/50] loss=0.9928  val_acc=0.7571  macroF1=0.3869  edit=35.62  segF1@50=0.30
[b2a][epoch 15/50] loss=0.9418  val_acc=0.8033  macroF1=0.4589  edit=41.14  segF1@50=0.37
[b2a][epoch 16/50] loss=0.8637  val_acc=0.8059  macroF1=0.4580  edit=33.05  segF1@50=0.30
[b2a][epoch 17/50] loss=0.8234  val_acc=0.8323  macroF1=0.5942  edit=32.82  segF1@50=0.28
[b2a][epoch 18/50] loss=0.7521  val_acc=0.8257  macroF1=0.4917  edit=31.39  segF1@50=0.31
[b2a][epoch 19/50] loss=0.7084  val_acc=0.8673  macroF1=0.6551  edit=40.93  segF1@50=0.42
[b2a][epoch 20/50] loss=0.6942  val_acc=0.8766  macroF1=0.6411  edit=24.36  segF1@50=0.23
[b2a][epoch 21/50] loss=0.6731  val_acc=0.7842  macroF1=0.5531  edit=36.85  segF1@50=0.32
[b2a][epoch 22/50] loss=0.7095  val_acc=0.8924  macroF1=0.7335  edit=42.22  segF1@50=0.35
[b2a][epoch 23/50] loss=0.6734  val_acc=0.8891  macroF1=0.7148  edit=33.78  segF1@50=0.34
[b2a][epoch 24/50] loss=0.6281  val_acc=0.8884  macroF1=0.7184  edit=29.73  segF1@50=0.29
[b2a][epoch 25/50] loss=0.5751  val_acc=0.8944  macroF1=0.7333  edit=33.71  segF1@50=0.31
[b2a][epoch 26/50] loss=0.5359  val_acc=0.8924  macroF1=0.7153  edit=28.28  segF1@50=0.31
[b2a][epoch 27/50] loss=0.5097  val_acc=0.9083  macroF1=0.7537  edit=41.95  segF1@50=0.37
[b2a][epoch 28/50] loss=0.4670  val_acc=0.8997  macroF1=0.7441  edit=33.44  segF1@50=0.33
[b2a][epoch 29/50] loss=0.4553  val_acc=0.9030  macroF1=0.7450  edit=36.98  segF1@50=0.37
[b2a][epoch 30/50] loss=0.4685  val_acc=0.9109  macroF1=0.7542  edit=34.24  segF1@50=0.34
[b2a][epoch 31/50] loss=0.4519  val_acc=0.8990  macroF1=0.7469  edit=27.85  segF1@50=0.28
[b2a][epoch 32/50] loss=0.7581  val_acc=0.9023  macroF1=0.6673  edit=27.96  segF1@50=0.27
[b2a][epoch 33/50] loss=0.6401  val_acc=0.8970  macroF1=0.7145  edit=32.98  segF1@50=0.31
[b2a][epoch 34/50] loss=0.5604  val_acc=0.8680  macroF1=0.7284  edit=36.59  segF1@50=0.32
[b2a][epoch 35/50] loss=0.4972  val_acc=0.9215  macroF1=0.7581  edit=39.28  segF1@50=0.37
[b2a][epoch 36/50] loss=0.4726  val_acc=0.8693  macroF1=0.7319  edit=36.16  segF1@50=0.32
[b2a][epoch 37/50] loss=0.4348  val_acc=0.9188  macroF1=0.7709  edit=38.52  segF1@50=0.41
[b2a][epoch 38/50] loss=0.3996  val_acc=0.9069  macroF1=0.7625  edit=35.00  segF1@50=0.33
[b2a][epoch 39/50] loss=0.3892  val_acc=0.9188  macroF1=0.7735  edit=30.40  segF1@50=0.31
[b2a][epoch 40/50] loss=0.3710  val_acc=0.9116  macroF1=0.7689  edit=35.93  segF1@50=0.36
[b2a][epoch 41/50] loss=0.3576  val_acc=0.9195  macroF1=0.7739  edit=36.41  segF1@50=0.36
[b2a][epoch 42/50] loss=0.3471  val_acc=0.9221  macroF1=0.7740  edit=37.35  segF1@50=0.36
[b2a][epoch 43/50] loss=0.3368  val_acc=0.9221  macroF1=0.7772  edit=36.41  segF1@50=0.36
[b2a][epoch 44/50] loss=0.3281  val_acc=0.9201  macroF1=0.7767  edit=35.93  segF1@50=0.36
[b2a][epoch 45/50] loss=0.3206  val_acc=0.9221  macroF1=0.7770  edit=35.90  segF1@50=0.36
[b2a][epoch 46/50] loss=0.3128  val_acc=0.9208  macroF1=0.7785  edit=38.13  segF1@50=0.38
[b2a][epoch 47/50] loss=0.3079  val_acc=0.9241  macroF1=0.7793  edit=37.39  segF1@50=0.37
[b2a][epoch 48/50] loss=0.3012  val_acc=0.9195  macroF1=0.7767  edit=35.73  segF1@50=0.35
[b2a][epoch 49/50] loss=0.2955  val_acc=0.9234  macroF1=0.7826  edit=36.75  segF1@50=0.37
[b2a][epoch 50/50] loss=0.2945  val_acc=0.9248  macroF1=0.7768  edit=38.47  segF1@50=0.36
[b2a] best @epoch 50: acc=0.9248 macroF1=0.7768
[b2a] evidence written -> /home/ubuntu/slocal/m2/experiments/transfer/b2a_det2phase_toolpresence_020_b2a_det2phase_toolpresence_seed123
