[b2a] train clips=13  val clips=3  in_dim=2063  tool_source=oracle  classes=9  device=cuda
[b2a] evidence dir: /home/ubuntu/slocal2/m2/experiments/transfer/b2a_base_oracle_noise_p030_003_b2a_base_oracle_noise_p030_seed456
[b2a][epoch 1/50] loss=3.4945  val_acc=0.3340  macroF1=0.0715  edit=9.67  segF1@50=0.00
[b2a][epoch 2/50] loss=2.8998  val_acc=0.3650  macroF1=0.0766  edit=5.33  segF1@50=0.17
[b2a][epoch 3/50] loss=2.7226  val_acc=0.3340  macroF1=0.0715  edit=9.67  segF1@50=0.00
[b2a][epoch 4/50] loss=2.6586  val_acc=0.3677  macroF1=0.0768  edit=18.00  segF1@50=0.22
[b2a][epoch 5/50] loss=2.4515  val_acc=0.6620  macroF1=0.2221  edit=28.78  segF1@50=0.13
[b2a][epoch 6/50] loss=2.1946  val_acc=0.3617  macroF1=0.0931  edit=29.89  segF1@50=0.00
[b2a][epoch 7/50] loss=2.3989  val_acc=0.3340  macroF1=0.0715  edit=9.67  segF1@50=0.00
[b2a][epoch 8/50] loss=2.0762  val_acc=0.6634  macroF1=0.2234  edit=36.00  segF1@50=0.27
[b2a][epoch 9/50] loss=1.7526  val_acc=0.4343  macroF1=0.1385  edit=27.36  segF1@50=0.00
[b2a][epoch 10/50] loss=1.8231  val_acc=0.5822  macroF1=0.2019  edit=27.50  segF1@50=0.12
[b2a][epoch 11/50] loss=1.6588  val_acc=0.6832  macroF1=0.2438  edit=39.56  segF1@50=0.25
[b2a][epoch 12/50] loss=1.4159  val_acc=0.6343  macroF1=0.2548  edit=45.05  segF1@50=0.21
[b2a][epoch 13/50] loss=1.3083  val_acc=0.5967  macroF1=0.2733  edit=29.28  segF1@50=0.18
[b2a][epoch 14/50] loss=1.2471  val_acc=0.7710  macroF1=0.4064  edit=25.26  segF1@50=0.21
[b2a][epoch 15/50] loss=1.1896  val_acc=0.6799  macroF1=0.3422  edit=23.77  segF1@50=0.14
[b2a][epoch 16/50] loss=1.1140  val_acc=0.7597  macroF1=0.4266  edit=34.13  segF1@50=0.25
[b2a][epoch 17/50] loss=1.0056  val_acc=0.7307  macroF1=0.3987  edit=32.44  segF1@50=0.21
[b2a][epoch 18/50] loss=0.9455  val_acc=0.7954  macroF1=0.4559  edit=29.67  segF1@50=0.26
[b2a][epoch 19/50] loss=0.9363  val_acc=0.8449  macroF1=0.6127  edit=27.42  segF1@50=0.24
[b2a][epoch 20/50] loss=0.8740  val_acc=0.8581  macroF1=0.6277  edit=30.45  segF1@50=0.25
[b2a][epoch 21/50] loss=0.8237  val_acc=0.8132  macroF1=0.5859  edit=31.18  segF1@50=0.26
[b2a][epoch 22/50] loss=0.7662  val_acc=0.8495  macroF1=0.6334  edit=31.23  segF1@50=0.25
[b2a][epoch 23/50] loss=0.7093  val_acc=0.8673  macroF1=0.6356  edit=28.84  segF1@50=0.26
[b2a][epoch 24/50] loss=0.6927  val_acc=0.8614  macroF1=0.6158  edit=39.56  segF1@50=0.37
[b2a][epoch 25/50] loss=0.6418  val_acc=0.8739  macroF1=0.6700  edit=32.13  segF1@50=0.26
[b2a][epoch 26/50] loss=0.6086  val_acc=0.8673  macroF1=0.6530  edit=32.73  segF1@50=0.26
[b2a][epoch 27/50] loss=0.5631  val_acc=0.8719  macroF1=0.6599  edit=33.94  segF1@50=0.30
[b2a][epoch 28/50] loss=0.5337  val_acc=0.8865  macroF1=0.6827  edit=35.76  segF1@50=0.32
[b2a][epoch 29/50] loss=0.6145  val_acc=0.8251  macroF1=0.5799  edit=35.05  segF1@50=0.28
[b2a][epoch 30/50] loss=0.7721  val_acc=0.8805  macroF1=0.6687  edit=31.97  segF1@50=0.21
[b2a][epoch 31/50] loss=0.6065  val_acc=0.8911  macroF1=0.6648  edit=38.17  segF1@50=0.40
[b2a][epoch 32/50] loss=0.5354  val_acc=0.8944  macroF1=0.6780  edit=38.17  segF1@50=0.40
[b2a][epoch 33/50] loss=0.5005  val_acc=0.8983  macroF1=0.6945  edit=44.10  segF1@50=0.43
[b2a][epoch 34/50] loss=0.5697  val_acc=0.8713  macroF1=0.6964  edit=30.78  segF1@50=0.23
[b2a][epoch 35/50] loss=0.5505  val_acc=0.8620  macroF1=0.6844  edit=37.27  segF1@50=0.32
[b2a][epoch 36/50] loss=0.5106  val_acc=0.8587  macroF1=0.6509  edit=42.51  segF1@50=0.40
[b2a][epoch 37/50] loss=0.4587  val_acc=0.8733  macroF1=0.6907  edit=38.14  segF1@50=0.34
[b2a][epoch 38/50] loss=0.4470  val_acc=0.8475  macroF1=0.6740  edit=32.01  segF1@50=0.28
[b2a][epoch 39/50] loss=0.4319  val_acc=0.8620  macroF1=0.6818  edit=31.13  segF1@50=0.29
[b2a][epoch 40/50] loss=0.4261  val_acc=0.8766  macroF1=0.6862  edit=43.80  segF1@50=0.42
[b2a][epoch 41/50] loss=0.4119  val_acc=0.8838  macroF1=0.7103  edit=36.00  segF1@50=0.34
[b2a][epoch 42/50] loss=0.4577  val_acc=0.8462  macroF1=0.6200  edit=38.84  segF1@50=0.37
[b2a][epoch 43/50] loss=0.4438  val_acc=0.8442  macroF1=0.6715  edit=31.99  segF1@50=0.24
[b2a][epoch 44/50] loss=0.4272  val_acc=0.8607  macroF1=0.6959  edit=41.70  segF1@50=0.42
[b2a][epoch 45/50] loss=0.5094  val_acc=0.8640  macroF1=0.6283  edit=39.04  segF1@50=0.37
[b2a][epoch 46/50] loss=0.5079  val_acc=0.8779  macroF1=0.7116  edit=41.40  segF1@50=0.38
[b2a][epoch 47/50] loss=0.4574  val_acc=0.7670  macroF1=0.6303  edit=19.97  segF1@50=0.15
[b2a][epoch 48/50] loss=0.5878  val_acc=0.8614  macroF1=0.6880  edit=33.57  segF1@50=0.29
[b2a][epoch 49/50] loss=0.4861  val_acc=0.9083  macroF1=0.7287  edit=45.56  segF1@50=0.45
[b2a][epoch 50/50] loss=0.3799  val_acc=0.8660  macroF1=0.6839  edit=41.58  segF1@50=0.33
[b2a] best @epoch 49: acc=0.9083 macroF1=0.7287
[b2a] evidence written -> /home/ubuntu/slocal2/m2/experiments/transfer/b2a_base_oracle_noise_p030_003_b2a_base_oracle_noise_p030_seed456
