[b2a] train clips=13  val clips=3  in_dim=2063  tool_source=pred  classes=9  device=cuda
[b2a] evidence dir: /home/ubuntu/slocal2/m2/experiments/transfer/b2a_regiononly_mask_12_003_b2a_regiononly_mask_12_seed456
[b2a][epoch 1/50] loss=3.4730  val_acc=0.3677  macroF1=0.0768  edit=18.00  segF1@50=0.22
[b2a][epoch 2/50] loss=2.7149  val_acc=0.6812  macroF1=0.2318  edit=28.67  segF1@50=0.11
[b2a][epoch 3/50] loss=2.1312  val_acc=0.6792  macroF1=0.2303  edit=31.67  segF1@50=0.22
[b2a][epoch 4/50] loss=1.7891  val_acc=0.6719  macroF1=0.2286  edit=34.33  segF1@50=0.22
[b2a][epoch 5/50] loss=1.5871  val_acc=0.6805  macroF1=0.2307  edit=29.00  segF1@50=0.22
[b2a][epoch 6/50] loss=1.4320  val_acc=0.6812  macroF1=0.2314  edit=34.33  segF1@50=0.24
[b2a][epoch 7/50] loss=1.3277  val_acc=0.6818  macroF1=0.2310  edit=37.00  segF1@50=0.24
[b2a][epoch 8/50] loss=1.1916  val_acc=0.6845  macroF1=0.2350  edit=42.67  segF1@50=0.18
[b2a][epoch 9/50] loss=1.0988  val_acc=0.7960  macroF1=0.3877  edit=46.44  segF1@50=0.23
[b2a][epoch 10/50] loss=0.9741  val_acc=0.8376  macroF1=0.4745  edit=35.66  segF1@50=0.31
[b2a][epoch 11/50] loss=0.8941  val_acc=0.8495  macroF1=0.4980  edit=35.11  segF1@50=0.33
[b2a][epoch 12/50] loss=0.8160  val_acc=0.8521  macroF1=0.5110  edit=34.10  segF1@50=0.27
[b2a][epoch 13/50] loss=0.7516  val_acc=0.8508  macroF1=0.4973  edit=26.67  segF1@50=0.26
[b2a][epoch 14/50] loss=0.7263  val_acc=0.9102  macroF1=0.7073  edit=32.70  segF1@50=0.34
[b2a][epoch 15/50] loss=0.6831  val_acc=0.8924  macroF1=0.6377  edit=37.78  segF1@50=0.38
[b2a][epoch 16/50] loss=0.6754  val_acc=0.9201  macroF1=0.7395  edit=40.78  segF1@50=0.44
[b2a][epoch 17/50] loss=0.6358  val_acc=0.9201  macroF1=0.7381  edit=37.14  segF1@50=0.40
[b2a][epoch 18/50] loss=0.6111  val_acc=0.9300  macroF1=0.7386  edit=35.72  segF1@50=0.41
[b2a][epoch 19/50] loss=0.5787  val_acc=0.9234  macroF1=0.7461  edit=41.97  segF1@50=0.50
[b2a][epoch 20/50] loss=0.5656  val_acc=0.9281  macroF1=0.7594  edit=36.65  segF1@50=0.42
[b2a][epoch 21/50] loss=0.5525  val_acc=0.9281  macroF1=0.7423  edit=30.98  segF1@50=0.33
[b2a][epoch 22/50] loss=0.5843  val_acc=0.9347  macroF1=0.7679  edit=33.06  segF1@50=0.35
[b2a][epoch 23/50] loss=0.5403  val_acc=0.9274  macroF1=0.7527  edit=44.89  segF1@50=0.49
[b2a][epoch 24/50] loss=0.5162  val_acc=0.9327  macroF1=0.7648  edit=33.85  segF1@50=0.37
[b2a][epoch 25/50] loss=0.4987  val_acc=0.9320  macroF1=0.7697  edit=40.88  segF1@50=0.46
[b2a][epoch 26/50] loss=0.4851  val_acc=0.9314  macroF1=0.7595  edit=39.42  segF1@50=0.43
[b2a][epoch 27/50] loss=0.4665  val_acc=0.9333  macroF1=0.7684  edit=39.68  segF1@50=0.44
[b2a][epoch 28/50] loss=0.4523  val_acc=0.9314  macroF1=0.7680  edit=48.15  segF1@50=0.51
[b2a][epoch 29/50] loss=0.4417  val_acc=0.9366  macroF1=0.7694  edit=36.91  segF1@50=0.43
[b2a][epoch 30/50] loss=0.4346  val_acc=0.9380  macroF1=0.7725  edit=38.10  segF1@50=0.43
[b2a][epoch 31/50] loss=0.4222  val_acc=0.9320  macroF1=0.7676  edit=40.92  segF1@50=0.43
[b2a][epoch 32/50] loss=0.4266  val_acc=0.9274  macroF1=0.7620  edit=34.03  segF1@50=0.38
[b2a][epoch 33/50] loss=0.4324  val_acc=0.9327  macroF1=0.7697  edit=47.90  segF1@50=0.50
[b2a][epoch 34/50] loss=0.4118  val_acc=0.9426  macroF1=0.7914  edit=37.49  segF1@50=0.40
[b2a][epoch 35/50] loss=0.3975  val_acc=0.9360  macroF1=0.7718  edit=41.90  segF1@50=0.46
[b2a][epoch 36/50] loss=0.3985  val_acc=0.9228  macroF1=0.7661  edit=32.00  segF1@50=0.35
[b2a][epoch 37/50] loss=0.4253  val_acc=0.9267  macroF1=0.7377  edit=36.21  segF1@50=0.39
[b2a][epoch 38/50] loss=0.4697  val_acc=0.9406  macroF1=0.7877  edit=32.57  segF1@50=0.34
[b2a][epoch 39/50] loss=0.4161  val_acc=0.9327  macroF1=0.7758  edit=34.44  segF1@50=0.36
[b2a][epoch 40/50] loss=0.3914  val_acc=0.9340  macroF1=0.7800  edit=33.85  segF1@50=0.36
[b2a][epoch 41/50] loss=0.3778  val_acc=0.9373  macroF1=0.7798  edit=34.07  segF1@50=0.39
[b2a][epoch 42/50] loss=0.3682  val_acc=0.9340  macroF1=0.7808  edit=30.83  segF1@50=0.34
[b2a][epoch 43/50] loss=0.3634  val_acc=0.9399  macroF1=0.7812  edit=33.78  segF1@50=0.37
[b2a][epoch 44/50] loss=0.3610  val_acc=0.9426  macroF1=0.7925  edit=34.05  segF1@50=0.41
[b2a][epoch 45/50] loss=0.3531  val_acc=0.9373  macroF1=0.7773  edit=34.25  segF1@50=0.37
[b2a][epoch 46/50] loss=0.3524  val_acc=0.9419  macroF1=0.7957  edit=33.24  segF1@50=0.36
[b2a][epoch 47/50] loss=0.3339  val_acc=0.9399  macroF1=0.7849  edit=34.17  segF1@50=0.37
[b2a][epoch 48/50] loss=0.3300  val_acc=0.9426  macroF1=0.7877  edit=36.62  segF1@50=0.42
[b2a][epoch 49/50] loss=0.3279  val_acc=0.9386  macroF1=0.7818  edit=34.51  segF1@50=0.40
[b2a][epoch 50/50] loss=0.3165  val_acc=0.9406  macroF1=0.7926  edit=30.49  segF1@50=0.35
[b2a] best @epoch 34: acc=0.9426 macroF1=0.7914
[b2a] evidence written -> /home/ubuntu/slocal2/m2/experiments/transfer/b2a_regiononly_mask_12_003_b2a_regiononly_mask_12_seed456
