[b2a] train clips=13  val clips=3  in_dim=2063  tool_source=pred  classes=9  device=cuda
[b2a] evidence dir: /home/ubuntu/slocal2/m2/experiments/transfer/b2a_regiononly_mask_07_003_b2a_regiononly_mask_07_seed456
[b2a][epoch 1/50] loss=3.4612  val_acc=0.3677  macroF1=0.0768  edit=18.00  segF1@50=0.22
[b2a][epoch 2/50] loss=2.6926  val_acc=0.6713  macroF1=0.2288  edit=37.00  segF1@50=0.22
[b2a][epoch 3/50] loss=2.0989  val_acc=0.6667  macroF1=0.2266  edit=38.33  segF1@50=0.22
[b2a][epoch 4/50] loss=1.7992  val_acc=0.6554  macroF1=0.2239  edit=35.67  segF1@50=0.26
[b2a][epoch 5/50] loss=1.6215  val_acc=0.6779  macroF1=0.2276  edit=25.71  segF1@50=0.26
[b2a][epoch 6/50] loss=1.4698  val_acc=0.6733  macroF1=0.2298  edit=28.67  segF1@50=0.15
[b2a][epoch 7/50] loss=1.3945  val_acc=0.6805  macroF1=0.2302  edit=35.67  segF1@50=0.28
[b2a][epoch 8/50] loss=1.2286  val_acc=0.6878  macroF1=0.2432  edit=35.33  segF1@50=0.17
[b2a][epoch 9/50] loss=1.1281  val_acc=0.7868  macroF1=0.3813  edit=35.67  segF1@50=0.25
[b2a][epoch 10/50] loss=1.0181  val_acc=0.8317  macroF1=0.4671  edit=30.32  segF1@50=0.29
[b2a][epoch 11/50] loss=0.9334  val_acc=0.8502  macroF1=0.4924  edit=34.00  segF1@50=0.40
[b2a][epoch 12/50] loss=0.8601  val_acc=0.8535  macroF1=0.5031  edit=31.22  segF1@50=0.32
[b2a][epoch 13/50] loss=0.7972  val_acc=0.8389  macroF1=0.4850  edit=28.00  segF1@50=0.21
[b2a][epoch 14/50] loss=0.7562  val_acc=0.9003  macroF1=0.6559  edit=32.30  segF1@50=0.33
[b2a][epoch 15/50] loss=0.6958  val_acc=0.8785  macroF1=0.6116  edit=35.41  segF1@50=0.36
[b2a][epoch 16/50] loss=0.6868  val_acc=0.9261  macroF1=0.7528  edit=47.56  segF1@50=0.53
[b2a][epoch 17/50] loss=0.6476  val_acc=0.9208  macroF1=0.7361  edit=41.13  segF1@50=0.41
[b2a][epoch 18/50] loss=0.6167  val_acc=0.9287  macroF1=0.7535  edit=38.96  segF1@50=0.43
[b2a][epoch 19/50] loss=0.5920  val_acc=0.9261  macroF1=0.7449  edit=50.56  segF1@50=0.56
[b2a][epoch 20/50] loss=0.5727  val_acc=0.9300  macroF1=0.7650  edit=36.65  segF1@50=0.43
[b2a][epoch 21/50] loss=0.5513  val_acc=0.9287  macroF1=0.7575  edit=45.25  segF1@50=0.47
[b2a][epoch 22/50] loss=0.5358  val_acc=0.9287  macroF1=0.7550  edit=39.73  segF1@50=0.43
[b2a][epoch 23/50] loss=0.5165  val_acc=0.9320  macroF1=0.7693  edit=36.62  segF1@50=0.41
[b2a][epoch 24/50] loss=0.5110  val_acc=0.9234  macroF1=0.7394  edit=31.15  segF1@50=0.34
[b2a][epoch 25/50] loss=0.5057  val_acc=0.9353  macroF1=0.7743  edit=40.92  segF1@50=0.45
[b2a][epoch 26/50] loss=0.4973  val_acc=0.9294  macroF1=0.7535  edit=45.00  segF1@50=0.47
[b2a][epoch 27/50] loss=0.4828  val_acc=0.9399  macroF1=0.7896  edit=38.61  segF1@50=0.45
[b2a][epoch 28/50] loss=0.4605  val_acc=0.9307  macroF1=0.7618  edit=49.24  segF1@50=0.55
[b2a][epoch 29/50] loss=0.4912  val_acc=0.9353  macroF1=0.7715  edit=35.56  segF1@50=0.38
[b2a][epoch 30/50] loss=0.5270  val_acc=0.9314  macroF1=0.7705  edit=46.56  segF1@50=0.49
[b2a][epoch 31/50] loss=0.5276  val_acc=0.9215  macroF1=0.7562  edit=28.92  segF1@50=0.31
[b2a][epoch 32/50] loss=0.4804  val_acc=0.9267  macroF1=0.7498  edit=40.11  segF1@50=0.39
[b2a][epoch 33/50] loss=0.4399  val_acc=0.9333  macroF1=0.7725  edit=36.91  segF1@50=0.43
[b2a][epoch 34/50] loss=0.4230  val_acc=0.9366  macroF1=0.7730  edit=35.18  segF1@50=0.41
[b2a][epoch 35/50] loss=0.4110  val_acc=0.9366  macroF1=0.7720  edit=38.81  segF1@50=0.43
[b2a][epoch 36/50] loss=0.3975  val_acc=0.9373  macroF1=0.7820  edit=34.91  segF1@50=0.40
[b2a][epoch 37/50] loss=0.3903  val_acc=0.9380  macroF1=0.7823  edit=38.71  segF1@50=0.44
[b2a][epoch 38/50] loss=0.3848  val_acc=0.9413  macroF1=0.7847  edit=38.81  segF1@50=0.44
[b2a][epoch 39/50] loss=0.3758  val_acc=0.9432  macroF1=0.7897  edit=40.70  segF1@50=0.46
[b2a][epoch 40/50] loss=0.3734  val_acc=0.9386  macroF1=0.7842  edit=36.52  segF1@50=0.43
[b2a][epoch 41/50] loss=0.3736  val_acc=0.9380  macroF1=0.7766  edit=37.88  segF1@50=0.42
[b2a][epoch 42/50] loss=0.3676  val_acc=0.9380  macroF1=0.7805  edit=33.16  segF1@50=0.36
[b2a][epoch 43/50] loss=0.3667  val_acc=0.9366  macroF1=0.7696  edit=36.00  segF1@50=0.42
[b2a][epoch 44/50] loss=0.3756  val_acc=0.9426  macroF1=0.7947  edit=31.27  segF1@50=0.36
[b2a][epoch 45/50] loss=0.3847  val_acc=0.9228  macroF1=0.7359  edit=35.35  segF1@50=0.34
[b2a][epoch 46/50] loss=0.4100  val_acc=0.9413  macroF1=0.7976  edit=34.15  segF1@50=0.36
[b2a][epoch 47/50] loss=0.3651  val_acc=0.9452  macroF1=0.8004  edit=34.17  segF1@50=0.40
[b2a][epoch 48/50] loss=0.3413  val_acc=0.9426  macroF1=0.7881  edit=37.56  segF1@50=0.44
[b2a][epoch 49/50] loss=0.3392  val_acc=0.9452  macroF1=0.7943  edit=38.61  segF1@50=0.46
[b2a][epoch 50/50] loss=0.3339  val_acc=0.9399  macroF1=0.7805  edit=38.81  segF1@50=0.41
[b2a] best @epoch 47: acc=0.9452 macroF1=0.8004
[b2a] evidence written -> /home/ubuntu/slocal2/m2/experiments/transfer/b2a_regiononly_mask_07_003_b2a_regiononly_mask_07_seed456
