[b2a] train clips=13  val clips=3  in_dim=2063  tool_source=pred  classes=9  device=cuda
[b2a] evidence dir: /home/ubuntu/slocal2/m2/experiments/transfer/b2a_regiononly_mask_09_002_b2a_regiononly_mask_09_seed123
[b2a][epoch 1/50] loss=3.6386  val_acc=0.4389  macroF1=0.1400  edit=2.67  segF1@50=0.00
[b2a][epoch 2/50] loss=2.9001  val_acc=0.3624  macroF1=0.0772  edit=2.67  segF1@50=0.17
[b2a][epoch 3/50] loss=2.5817  val_acc=0.3340  macroF1=0.0715  edit=9.67  segF1@50=0.00
[b2a][epoch 4/50] loss=2.2782  val_acc=0.6079  macroF1=0.2030  edit=17.52  segF1@50=0.19
[b2a][epoch 5/50] loss=1.9535  val_acc=0.6726  macroF1=0.2290  edit=13.67  segF1@50=0.19
[b2a][epoch 6/50] loss=1.6209  val_acc=0.6726  macroF1=0.2293  edit=22.00  segF1@50=0.13
[b2a][epoch 7/50] loss=1.4883  val_acc=0.6752  macroF1=0.2304  edit=33.00  segF1@50=0.24
[b2a][epoch 8/50] loss=1.3731  val_acc=0.6792  macroF1=0.2319  edit=28.67  segF1@50=0.17
[b2a][epoch 9/50] loss=1.2687  val_acc=0.6937  macroF1=0.2803  edit=35.67  segF1@50=0.17
[b2a][epoch 10/50] loss=1.1792  val_acc=0.7294  macroF1=0.3709  edit=53.44  segF1@50=0.28
[b2a][epoch 11/50] loss=1.1004  val_acc=0.8264  macroF1=0.5651  edit=37.97  segF1@50=0.31
[b2a][epoch 12/50] loss=1.0253  val_acc=0.9116  macroF1=0.6734  edit=49.11  segF1@50=0.44
[b2a][epoch 13/50] loss=0.9397  val_acc=0.9030  macroF1=0.6507  edit=41.67  segF1@50=0.42
[b2a][epoch 14/50] loss=0.8576  val_acc=0.8990  macroF1=0.6535  edit=65.78  segF1@50=0.65
[b2a][epoch 15/50] loss=0.8150  val_acc=0.9208  macroF1=0.7227  edit=52.06  segF1@50=0.52
[b2a][epoch 16/50] loss=0.7805  val_acc=0.9010  macroF1=0.6766  edit=56.00  segF1@50=0.56
[b2a][epoch 17/50] loss=0.8555  val_acc=0.9149  macroF1=0.6802  edit=63.11  segF1@50=0.62
[b2a][epoch 18/50] loss=0.7345  val_acc=0.9281  macroF1=0.7448  edit=50.81  segF1@50=0.50
[b2a][epoch 19/50] loss=0.7045  val_acc=0.9261  macroF1=0.7260  edit=51.43  segF1@50=0.50
[b2a][epoch 20/50] loss=0.6690  val_acc=0.9261  macroF1=0.7429  edit=52.78  segF1@50=0.54
[b2a][epoch 21/50] loss=0.6291  val_acc=0.9162  macroF1=0.7252  edit=46.00  segF1@50=0.44
[b2a][epoch 22/50] loss=0.6185  val_acc=0.9274  macroF1=0.7459  edit=46.27  segF1@50=0.48
[b2a][epoch 23/50] loss=0.5844  val_acc=0.9320  macroF1=0.7588  edit=57.46  segF1@50=0.58
[b2a][epoch 24/50] loss=0.5745  val_acc=0.9300  macroF1=0.7576  edit=53.65  segF1@50=0.55
[b2a][epoch 25/50] loss=0.5551  val_acc=0.9320  macroF1=0.7667  edit=50.00  segF1@50=0.54
[b2a][epoch 26/50] loss=0.5485  val_acc=0.9294  macroF1=0.7579  edit=52.78  segF1@50=0.56
[b2a][epoch 27/50] loss=0.5242  val_acc=0.9314  macroF1=0.7550  edit=47.58  segF1@50=0.52
[b2a][epoch 28/50] loss=0.5307  val_acc=0.9353  macroF1=0.7759  edit=53.89  segF1@50=0.57
[b2a][epoch 29/50] loss=0.5194  val_acc=0.9300  macroF1=0.7584  edit=49.81  segF1@50=0.53
[b2a][epoch 30/50] loss=0.5135  val_acc=0.9353  macroF1=0.7807  edit=50.92  segF1@50=0.54
[b2a][epoch 31/50] loss=0.4965  val_acc=0.9287  macroF1=0.7525  edit=46.95  segF1@50=0.51
[b2a][epoch 32/50] loss=0.4780  val_acc=0.9347  macroF1=0.7750  edit=54.70  segF1@50=0.58
[b2a][epoch 33/50] loss=0.4749  val_acc=0.9333  macroF1=0.7633  edit=54.70  segF1@50=0.58
[b2a][epoch 34/50] loss=0.4640  val_acc=0.9353  macroF1=0.7746  edit=54.44  segF1@50=0.57
[b2a][epoch 35/50] loss=0.4578  val_acc=0.9373  macroF1=0.7843  edit=47.58  segF1@50=0.52
[b2a][epoch 36/50] loss=0.4804  val_acc=0.9320  macroF1=0.7653  edit=53.41  segF1@50=0.58
[b2a][epoch 37/50] loss=0.5077  val_acc=0.9281  macroF1=0.7827  edit=44.62  segF1@50=0.43
[b2a][epoch 38/50] loss=0.4846  val_acc=0.9274  macroF1=0.7528  edit=51.01  segF1@50=0.53
[b2a][epoch 39/50] loss=0.4578  val_acc=0.9399  macroF1=0.7908  edit=43.82  segF1@50=0.49
[b2a][epoch 40/50] loss=0.4513  val_acc=0.9320  macroF1=0.7646  edit=46.19  segF1@50=0.52
[b2a][epoch 41/50] loss=0.4312  val_acc=0.9333  macroF1=0.7748  edit=46.48  segF1@50=0.50
[b2a][epoch 42/50] loss=0.4106  val_acc=0.9320  macroF1=0.7709  edit=50.30  segF1@50=0.54
[b2a][epoch 43/50] loss=0.4122  val_acc=0.9373  macroF1=0.7865  edit=44.96  segF1@50=0.50
[b2a][epoch 44/50] loss=0.4032  val_acc=0.9333  macroF1=0.7713  edit=46.19  segF1@50=0.52
[b2a][epoch 45/50] loss=0.3950  val_acc=0.9386  macroF1=0.7853  edit=46.19  segF1@50=0.52
[b2a][epoch 46/50] loss=0.3960  val_acc=0.9366  macroF1=0.7810  edit=50.63  segF1@50=0.56
[b2a][epoch 47/50] loss=0.3987  val_acc=0.9347  macroF1=0.7818  edit=38.89  segF1@50=0.45
[b2a][epoch 48/50] loss=0.3946  val_acc=0.9320  macroF1=0.7749  edit=38.53  segF1@50=0.39
[b2a][epoch 49/50] loss=0.3911  val_acc=0.9267  macroF1=0.7775  edit=45.75  segF1@50=0.48
[b2a][epoch 50/50] loss=0.3906  val_acc=0.9340  macroF1=0.7746  edit=40.26  segF1@50=0.47
[b2a] best @epoch 39: acc=0.9399 macroF1=0.7908
[b2a] evidence written -> /home/ubuntu/slocal2/m2/experiments/transfer/b2a_regiononly_mask_09_002_b2a_regiononly_mask_09_seed123
