[b2a] train clips=13  val clips=3  in_dim=2063  tool_source=pred  classes=9  device=cuda
[b2a] evidence dir: /home/ubuntu/slocal/m2/experiments/transfer/b2a_det2phase_toolpresence_017_b2a_det2phase_toolpresence_seed456
[b2a][epoch 1/50] loss=3.4761  val_acc=0.3340  macroF1=0.0715  edit=9.67  segF1@50=0.00
[b2a][epoch 2/50] loss=2.8635  val_acc=0.3637  macroF1=0.0765  edit=2.67  segF1@50=0.17
[b2a][epoch 3/50] loss=2.6465  val_acc=0.3340  macroF1=0.0715  edit=9.67  segF1@50=0.00
[b2a][epoch 4/50] loss=2.5272  val_acc=0.3677  macroF1=0.0768  edit=18.00  segF1@50=0.22
[b2a][epoch 5/50] loss=2.2510  val_acc=0.6607  macroF1=0.2233  edit=17.89  segF1@50=0.11
[b2a][epoch 6/50] loss=1.9250  val_acc=0.5069  macroF1=0.1730  edit=28.56  segF1@50=0.10
[b2a][epoch 7/50] loss=2.0318  val_acc=0.3340  macroF1=0.0715  edit=9.67  segF1@50=0.00
[b2a][epoch 8/50] loss=1.9791  val_acc=0.6667  macroF1=0.2239  edit=34.75  segF1@50=0.30
[b2a][epoch 9/50] loss=1.5491  val_acc=0.6238  macroF1=0.2153  edit=41.00  segF1@50=0.21
[b2a][epoch 10/50] loss=1.3877  val_acc=0.6363  macroF1=0.2278  edit=39.67  segF1@50=0.22
[b2a][epoch 11/50] loss=1.2413  val_acc=0.7419  macroF1=0.3384  edit=31.74  segF1@50=0.19
[b2a][epoch 12/50] loss=1.1171  val_acc=0.7663  macroF1=0.4041  edit=31.73  segF1@50=0.23
[b2a][epoch 13/50] loss=1.0249  val_acc=0.7802  macroF1=0.4410  edit=34.49  segF1@50=0.25
[b2a][epoch 14/50] loss=0.9584  val_acc=0.8211  macroF1=0.4808  edit=30.89  segF1@50=0.27
[b2a][epoch 15/50] loss=0.8978  val_acc=0.8244  macroF1=0.4906  edit=26.67  segF1@50=0.25
[b2a][epoch 16/50] loss=0.8596  val_acc=0.8891  macroF1=0.6651  edit=30.51  segF1@50=0.29
[b2a][epoch 17/50] loss=0.8026  val_acc=0.8911  macroF1=0.6674  edit=41.93  segF1@50=0.38
[b2a][epoch 18/50] loss=0.7406  val_acc=0.8944  macroF1=0.6981  edit=38.11  segF1@50=0.33
[b2a][epoch 19/50] loss=0.6775  val_acc=0.8950  macroF1=0.6884  edit=44.78  segF1@50=0.33
[b2a][epoch 20/50] loss=0.6407  val_acc=0.9010  macroF1=0.7231  edit=38.77  segF1@50=0.35
[b2a][epoch 21/50] loss=0.6098  val_acc=0.8957  macroF1=0.7270  edit=41.57  segF1@50=0.32
[b2a][epoch 22/50] loss=0.6443  val_acc=0.8700  macroF1=0.6441  edit=28.99  segF1@50=0.33
[b2a][epoch 23/50] loss=0.6571  val_acc=0.8997  macroF1=0.7456  edit=36.47  segF1@50=0.36
[b2a][epoch 24/50] loss=0.6205  val_acc=0.8983  macroF1=0.6909  edit=39.30  segF1@50=0.34
[b2a][epoch 25/50] loss=0.5728  val_acc=0.9076  macroF1=0.7320  edit=43.56  segF1@50=0.39
[b2a][epoch 26/50] loss=0.5329  val_acc=0.9175  macroF1=0.7442  edit=44.44  segF1@50=0.39
[b2a][epoch 27/50] loss=0.5160  val_acc=0.8838  macroF1=0.7341  edit=47.77  segF1@50=0.47
[b2a][epoch 28/50] loss=0.5213  val_acc=0.9056  macroF1=0.6888  edit=49.11  segF1@50=0.45
[b2a][epoch 29/50] loss=0.5009  val_acc=0.8917  macroF1=0.7490  edit=40.83  segF1@50=0.38
[b2a][epoch 30/50] loss=0.4607  val_acc=0.9023  macroF1=0.7534  edit=27.19  segF1@50=0.33
[b2a][epoch 31/50] loss=0.5010  val_acc=0.8766  macroF1=0.7135  edit=46.76  segF1@50=0.46
[b2a][epoch 32/50] loss=0.5750  val_acc=0.9122  macroF1=0.6924  edit=47.78  segF1@50=0.46
[b2a][epoch 33/50] loss=0.6295  val_acc=0.9050  macroF1=0.7793  edit=33.55  segF1@50=0.37
[b2a][epoch 34/50] loss=0.5400  val_acc=0.8957  macroF1=0.7598  edit=33.56  segF1@50=0.35
[b2a][epoch 35/50] loss=0.4250  val_acc=0.9135  macroF1=0.7646  edit=39.39  segF1@50=0.39
[b2a][epoch 36/50] loss=0.3951  val_acc=0.9155  macroF1=0.7724  edit=47.09  segF1@50=0.45
[b2a][epoch 37/50] loss=0.3756  val_acc=0.9201  macroF1=0.7774  edit=46.46  segF1@50=0.47
[b2a][epoch 38/50] loss=0.3654  val_acc=0.9215  macroF1=0.7800  edit=46.95  segF1@50=0.47
[b2a][epoch 39/50] loss=0.3497  val_acc=0.9254  macroF1=0.7839  edit=45.08  segF1@50=0.46
[b2a][epoch 40/50] loss=0.3417  val_acc=0.9281  macroF1=0.7849  edit=46.95  segF1@50=0.47
[b2a][epoch 41/50] loss=0.3351  val_acc=0.9320  macroF1=0.7862  edit=48.66  segF1@50=0.47
[b2a][epoch 42/50] loss=0.3255  val_acc=0.9287  macroF1=0.7913  edit=45.75  segF1@50=0.46
[b2a][epoch 43/50] loss=0.3186  val_acc=0.9320  macroF1=0.7960  edit=44.44  segF1@50=0.47
[b2a][epoch 44/50] loss=0.3137  val_acc=0.9294  macroF1=0.7886  edit=46.95  segF1@50=0.47
[b2a][epoch 45/50] loss=0.3048  val_acc=0.9353  macroF1=0.8006  edit=44.44  segF1@50=0.46
[b2a][epoch 46/50] loss=0.2973  val_acc=0.9347  macroF1=0.7984  edit=44.44  segF1@50=0.46
[b2a][epoch 47/50] loss=0.2875  val_acc=0.9360  macroF1=0.7969  edit=48.03  segF1@50=0.46
[b2a][epoch 48/50] loss=0.2842  val_acc=0.9340  macroF1=0.7896  edit=39.72  segF1@50=0.42
[b2a][epoch 49/50] loss=0.3105  val_acc=0.8957  macroF1=0.7568  edit=31.49  segF1@50=0.34
[b2a][epoch 50/50] loss=0.3038  val_acc=0.9254  macroF1=0.7661  edit=42.78  segF1@50=0.43
[b2a] best @epoch 47: acc=0.9360 macroF1=0.7969
[b2a] evidence written -> /home/ubuntu/slocal/m2/experiments/transfer/b2a_det2phase_toolpresence_017_b2a_det2phase_toolpresence_seed456
