[b2a] train clips=13  val clips=3  in_dim=2063  tool_source=pred  classes=9  device=cuda
[b2a] evidence dir: /home/ubuntu/slocal2/m2/experiments/transfer/b2a_regiononly_mask_06_001_b2a_regiononly_mask_06_seed42
[b2a][epoch 1/50] loss=3.5337  val_acc=0.3399  macroF1=0.0762  edit=19.87  segF1@50=0.00
[b2a][epoch 2/50] loss=2.7676  val_acc=0.3419  macroF1=0.0800  edit=24.44  segF1@50=0.00
[b2a][epoch 3/50] loss=2.5063  val_acc=0.4647  macroF1=0.1467  edit=35.23  segF1@50=0.24
[b2a][epoch 4/50] loss=2.2849  val_acc=0.6429  macroF1=0.2202  edit=32.78  segF1@50=0.17
[b2a][epoch 5/50] loss=2.1979  val_acc=0.5274  macroF1=0.1788  edit=31.70  segF1@50=0.24
[b2a][epoch 6/50] loss=1.8348  val_acc=0.6680  macroF1=0.2243  edit=31.65  segF1@50=0.28
[b2a][epoch 7/50] loss=1.5127  val_acc=0.6713  macroF1=0.2265  edit=33.42  segF1@50=0.28
[b2a][epoch 8/50] loss=1.3801  val_acc=0.7650  macroF1=0.3590  edit=30.75  segF1@50=0.30
[b2a][epoch 9/50] loss=1.2603  val_acc=0.7776  macroF1=0.3586  edit=40.10  segF1@50=0.34
[b2a][epoch 10/50] loss=1.1588  val_acc=0.8106  macroF1=0.4538  edit=30.00  segF1@50=0.33
[b2a][epoch 11/50] loss=1.0822  val_acc=0.8271  macroF1=0.4934  edit=37.03  segF1@50=0.36
[b2a][epoch 12/50] loss=1.0133  val_acc=0.8376  macroF1=0.4986  edit=38.56  segF1@50=0.34
[b2a][epoch 13/50] loss=0.9402  val_acc=0.8403  macroF1=0.4936  edit=40.99  segF1@50=0.31
[b2a][epoch 14/50] loss=0.9001  val_acc=0.8396  macroF1=0.5319  edit=42.81  segF1@50=0.32
[b2a][epoch 15/50] loss=0.8347  val_acc=0.8686  macroF1=0.5861  edit=38.51  segF1@50=0.28
[b2a][epoch 16/50] loss=0.7784  val_acc=0.9030  macroF1=0.6750  edit=44.76  segF1@50=0.39
[b2a][epoch 17/50] loss=0.7580  val_acc=0.9109  macroF1=0.6893  edit=43.12  segF1@50=0.43
[b2a][epoch 18/50] loss=0.7034  val_acc=0.9122  macroF1=0.6906  edit=46.33  segF1@50=0.40
[b2a][epoch 19/50] loss=0.6729  val_acc=0.9201  macroF1=0.7429  edit=41.37  segF1@50=0.37
[b2a][epoch 20/50] loss=0.6506  val_acc=0.9069  macroF1=0.7130  edit=41.32  segF1@50=0.37
[b2a][epoch 21/50] loss=0.6239  val_acc=0.9155  macroF1=0.7238  edit=39.24  segF1@50=0.35
[b2a][epoch 22/50] loss=0.6081  val_acc=0.9069  macroF1=0.7444  edit=41.04  segF1@50=0.36
[b2a][epoch 23/50] loss=0.5992  val_acc=0.9142  macroF1=0.7197  edit=46.30  segF1@50=0.45
[b2a][epoch 24/50] loss=0.5941  val_acc=0.9241  macroF1=0.7647  edit=40.96  segF1@50=0.45
[b2a][epoch 25/50] loss=0.5864  val_acc=0.9083  macroF1=0.7395  edit=49.07  segF1@50=0.47
[b2a][epoch 26/50] loss=0.5863  val_acc=0.9089  macroF1=0.6938  edit=43.61  segF1@50=0.40
[b2a][epoch 27/50] loss=0.5816  val_acc=0.9129  macroF1=0.7397  edit=36.93  segF1@50=0.35
[b2a][epoch 28/50] loss=0.5379  val_acc=0.9076  macroF1=0.7386  edit=43.95  segF1@50=0.38
[b2a][epoch 29/50] loss=0.5306  val_acc=0.9267  macroF1=0.7671  edit=46.62  segF1@50=0.51
[b2a][epoch 30/50] loss=0.5095  val_acc=0.9089  macroF1=0.7482  edit=42.05  segF1@50=0.38
[b2a][epoch 31/50] loss=0.4899  val_acc=0.9155  macroF1=0.7585  edit=41.67  segF1@50=0.41
[b2a][epoch 32/50] loss=0.4918  val_acc=0.9201  macroF1=0.7561  edit=45.51  segF1@50=0.49
[b2a][epoch 33/50] loss=0.4921  val_acc=0.9142  macroF1=0.7716  edit=48.25  segF1@50=0.52
[b2a][epoch 34/50] loss=0.4713  val_acc=0.9109  macroF1=0.7519  edit=42.97  segF1@50=0.40
[b2a][epoch 35/50] loss=0.4771  val_acc=0.9030  macroF1=0.7497  edit=44.44  segF1@50=0.41
[b2a][epoch 36/50] loss=0.4652  val_acc=0.8944  macroF1=0.7461  edit=39.63  segF1@50=0.37
[b2a][epoch 37/50] loss=0.4593  val_acc=0.9135  macroF1=0.7564  edit=42.97  segF1@50=0.40
[b2a][epoch 38/50] loss=0.4594  val_acc=0.9043  macroF1=0.7656  edit=31.67  segF1@50=0.36
[b2a][epoch 39/50] loss=0.4744  val_acc=0.9102  macroF1=0.7522  edit=41.07  segF1@50=0.39
[b2a][epoch 40/50] loss=0.4633  val_acc=0.9281  macroF1=0.7786  edit=51.48  segF1@50=0.52
[b2a][epoch 41/50] loss=0.5034  val_acc=0.8851  macroF1=0.7480  edit=35.83  segF1@50=0.38
[b2a][epoch 42/50] loss=0.4820  val_acc=0.9003  macroF1=0.7576  edit=37.24  segF1@50=0.38
[b2a][epoch 43/50] loss=0.4408  val_acc=0.9274  macroF1=0.7761  edit=47.81  segF1@50=0.52
[b2a][epoch 44/50] loss=0.4388  val_acc=0.8653  macroF1=0.7482  edit=41.37  segF1@50=0.46
[b2a][epoch 45/50] loss=0.4640  val_acc=0.9030  macroF1=0.7595  edit=42.59  segF1@50=0.42
[b2a][epoch 46/50] loss=0.4207  val_acc=0.9188  macroF1=0.7641  edit=44.29  segF1@50=0.49
[b2a][epoch 47/50] loss=0.4012  val_acc=0.9076  macroF1=0.7673  edit=38.37  segF1@50=0.46
[b2a][epoch 48/50] loss=0.3944  val_acc=0.9063  macroF1=0.7516  edit=50.00  segF1@50=0.51
[b2a][epoch 49/50] loss=0.3915  val_acc=0.9043  macroF1=0.7697  edit=44.51  segF1@50=0.48
[b2a][epoch 50/50] loss=0.3814  val_acc=0.9089  macroF1=0.7670  edit=50.93  segF1@50=0.54
[b2a] best @epoch 40: acc=0.9281 macroF1=0.7786
[b2a] evidence written -> /home/ubuntu/slocal2/m2/experiments/transfer/b2a_regiononly_mask_06_001_b2a_regiononly_mask_06_seed42
