[b2a] train clips=13  val clips=3  in_dim=2063  tool_source=pred  classes=9  device=cuda
[b2a] evidence dir: /home/ubuntu/slocal2/m2/experiments/transfer/b2a_regiononly_mask_04_003_b2a_regiononly_mask_04_seed456
[b2a][epoch 1/50] loss=3.4683  val_acc=0.3677  macroF1=0.0768  edit=18.00  segF1@50=0.22
[b2a][epoch 2/50] loss=2.7030  val_acc=0.6653  macroF1=0.2272  edit=41.00  segF1@50=0.20
[b2a][epoch 3/50] loss=2.1108  val_acc=0.6634  macroF1=0.2254  edit=38.33  segF1@50=0.22
[b2a][epoch 4/50] loss=1.8005  val_acc=0.6574  macroF1=0.2244  edit=37.00  segF1@50=0.26
[b2a][epoch 5/50] loss=1.6148  val_acc=0.6785  macroF1=0.2278  edit=31.67  segF1@50=0.31
[b2a][epoch 6/50] loss=1.4546  val_acc=0.6779  macroF1=0.2304  edit=34.11  segF1@50=0.17
[b2a][epoch 7/50] loss=1.3704  val_acc=0.6799  macroF1=0.2305  edit=31.44  segF1@50=0.19
[b2a][epoch 8/50] loss=1.2169  val_acc=0.6904  macroF1=0.2522  edit=34.33  segF1@50=0.22
[b2a][epoch 9/50] loss=1.1218  val_acc=0.7881  macroF1=0.3820  edit=37.36  segF1@50=0.26
[b2a][epoch 10/50] loss=1.0279  val_acc=0.8304  macroF1=0.4681  edit=30.96  segF1@50=0.24
[b2a][epoch 11/50] loss=0.9411  val_acc=0.8508  macroF1=0.4925  edit=38.67  segF1@50=0.39
[b2a][epoch 12/50] loss=0.8649  val_acc=0.8548  macroF1=0.4963  edit=31.69  segF1@50=0.31
[b2a][epoch 13/50] loss=0.8045  val_acc=0.8422  macroF1=0.4869  edit=28.76  segF1@50=0.25
[b2a][epoch 14/50] loss=0.7810  val_acc=0.8983  macroF1=0.6439  edit=34.08  segF1@50=0.34
[b2a][epoch 15/50] loss=0.7097  val_acc=0.8548  macroF1=0.5258  edit=36.05  segF1@50=0.27
[b2a][epoch 16/50] loss=0.7074  val_acc=0.9195  macroF1=0.7344  edit=43.25  segF1@50=0.44
[b2a][epoch 17/50] loss=0.6577  val_acc=0.9221  macroF1=0.7309  edit=34.09  segF1@50=0.33
[b2a][epoch 18/50] loss=0.6240  val_acc=0.9274  macroF1=0.7420  edit=37.86  segF1@50=0.41
[b2a][epoch 19/50] loss=0.5899  val_acc=0.9267  macroF1=0.7445  edit=51.75  segF1@50=0.58
[b2a][epoch 20/50] loss=0.5784  val_acc=0.9294  macroF1=0.7569  edit=38.99  segF1@50=0.45
[b2a][epoch 21/50] loss=0.5531  val_acc=0.9300  macroF1=0.7545  edit=36.90  segF1@50=0.42
[b2a][epoch 22/50] loss=0.5350  val_acc=0.9287  macroF1=0.7519  edit=45.37  segF1@50=0.48
[b2a][epoch 23/50] loss=0.5271  val_acc=0.9340  macroF1=0.7692  edit=37.14  segF1@50=0.44
[b2a][epoch 24/50] loss=0.5268  val_acc=0.9234  macroF1=0.7271  edit=34.55  segF1@50=0.35
[b2a][epoch 25/50] loss=0.5392  val_acc=0.9333  macroF1=0.7609  edit=41.43  segF1@50=0.46
[b2a][epoch 26/50] loss=0.5265  val_acc=0.9300  macroF1=0.7606  edit=39.42  segF1@50=0.44
[b2a][epoch 27/50] loss=0.4902  val_acc=0.9333  macroF1=0.7623  edit=39.40  segF1@50=0.44
[b2a][epoch 28/50] loss=0.4634  val_acc=0.9320  macroF1=0.7674  edit=50.29  segF1@50=0.53
[b2a][epoch 29/50] loss=0.4490  val_acc=0.9386  macroF1=0.7747  edit=37.55  segF1@50=0.43
[b2a][epoch 30/50] loss=0.4424  val_acc=0.9366  macroF1=0.7771  edit=38.61  segF1@50=0.45
[b2a][epoch 31/50] loss=0.4294  val_acc=0.9353  macroF1=0.7735  edit=38.12  segF1@50=0.43
[b2a][epoch 32/50] loss=0.4199  val_acc=0.9340  macroF1=0.7661  edit=37.24  segF1@50=0.42
[b2a][epoch 33/50] loss=0.4194  val_acc=0.9373  macroF1=0.7811  edit=37.56  segF1@50=0.43
[b2a][epoch 34/50] loss=0.4120  val_acc=0.9386  macroF1=0.7789  edit=40.30  segF1@50=0.46
[b2a][epoch 35/50] loss=0.4097  val_acc=0.9333  macroF1=0.7599  edit=39.40  segF1@50=0.44
[b2a][epoch 36/50] loss=0.4277  val_acc=0.9307  macroF1=0.7788  edit=31.54  segF1@50=0.34
[b2a][epoch 37/50] loss=0.4639  val_acc=0.9234  macroF1=0.7265  edit=35.06  segF1@50=0.37
[b2a][epoch 38/50] loss=0.4842  val_acc=0.9366  macroF1=0.7762  edit=33.79  segF1@50=0.38
[b2a][epoch 39/50] loss=0.4502  val_acc=0.9360  macroF1=0.7806  edit=34.17  segF1@50=0.39
[b2a][epoch 40/50] loss=0.4040  val_acc=0.9432  macroF1=0.7905  edit=38.81  segF1@50=0.41
[b2a][epoch 41/50] loss=0.3862  val_acc=0.9366  macroF1=0.7696  edit=36.00  segF1@50=0.42
[b2a][epoch 42/50] loss=0.3714  val_acc=0.9373  macroF1=0.7799  edit=40.93  segF1@50=0.46
[b2a][epoch 43/50] loss=0.3625  val_acc=0.9373  macroF1=0.7715  edit=36.93  segF1@50=0.43
[b2a][epoch 44/50] loss=0.3580  val_acc=0.9393  macroF1=0.7843  edit=38.12  segF1@50=0.43
[b2a][epoch 45/50] loss=0.3508  val_acc=0.9393  macroF1=0.7785  edit=38.15  segF1@50=0.40
[b2a][epoch 46/50] loss=0.3447  val_acc=0.9399  macroF1=0.7879  edit=35.26  segF1@50=0.40
[b2a][epoch 47/50] loss=0.3338  val_acc=0.9406  macroF1=0.7858  edit=34.91  segF1@50=0.38
[b2a][epoch 48/50] loss=0.3269  val_acc=0.9393  macroF1=0.7812  edit=36.37  segF1@50=0.42
[b2a][epoch 49/50] loss=0.3305  val_acc=0.9413  macroF1=0.7829  edit=38.71  segF1@50=0.45
[b2a][epoch 50/50] loss=0.3202  val_acc=0.9413  macroF1=0.7861  edit=36.00  segF1@50=0.42
[b2a] best @epoch 40: acc=0.9432 macroF1=0.7905
[b2a] evidence written -> /home/ubuntu/slocal2/m2/experiments/transfer/b2a_regiononly_mask_04_003_b2a_regiononly_mask_04_seed456
