[b2a] train clips=13  val clips=3  in_dim=2063  tool_source=pred  classes=9  device=cuda
[b2a] evidence dir: /home/ubuntu/slocal2/m2/experiments/transfer/b2a_regiononly_mask_05_003_b2a_regiononly_mask_05_seed456
[b2a][epoch 1/50] loss=3.4537  val_acc=0.3677  macroF1=0.0768  edit=18.00  segF1@50=0.22
[b2a][epoch 2/50] loss=2.7029  val_acc=0.6541  macroF1=0.2242  edit=28.67  segF1@50=0.15
[b2a][epoch 3/50] loss=2.0805  val_acc=0.6607  macroF1=0.2248  edit=34.33  segF1@50=0.22
[b2a][epoch 4/50] loss=1.7699  val_acc=0.6594  macroF1=0.2248  edit=38.33  segF1@50=0.26
[b2a][epoch 5/50] loss=1.5865  val_acc=0.6799  macroF1=0.2282  edit=30.33  segF1@50=0.33
[b2a][epoch 6/50] loss=1.4270  val_acc=0.6766  macroF1=0.2308  edit=37.00  segF1@50=0.20
[b2a][epoch 7/50] loss=1.3326  val_acc=0.6812  macroF1=0.2290  edit=25.89  segF1@50=0.19
[b2a][epoch 8/50] loss=1.1811  val_acc=0.6911  macroF1=0.2531  edit=52.00  segF1@50=0.32
[b2a][epoch 9/50] loss=1.0785  val_acc=0.7960  macroF1=0.3880  edit=42.28  segF1@50=0.31
[b2a][epoch 10/50] loss=0.9619  val_acc=0.8422  macroF1=0.4756  edit=30.25  segF1@50=0.28
[b2a][epoch 11/50] loss=0.8899  val_acc=0.8541  macroF1=0.5009  edit=37.58  segF1@50=0.43
[b2a][epoch 12/50] loss=0.8043  val_acc=0.8554  macroF1=0.5163  edit=31.22  segF1@50=0.27
[b2a][epoch 13/50] loss=0.7442  val_acc=0.8766  macroF1=0.5960  edit=30.85  segF1@50=0.28
[b2a][epoch 14/50] loss=0.7093  val_acc=0.9221  macroF1=0.7347  edit=43.30  segF1@50=0.48
[b2a][epoch 15/50] loss=0.6705  val_acc=0.9135  macroF1=0.6778  edit=31.39  segF1@50=0.31
[b2a][epoch 16/50] loss=0.6511  val_acc=0.9241  macroF1=0.7528  edit=46.58  segF1@50=0.50
[b2a][epoch 17/50] loss=0.6175  val_acc=0.9254  macroF1=0.7452  edit=45.63  segF1@50=0.48
[b2a][epoch 18/50] loss=0.5918  val_acc=0.9327  macroF1=0.7566  edit=40.15  segF1@50=0.45
[b2a][epoch 19/50] loss=0.5748  val_acc=0.9281  macroF1=0.7526  edit=50.37  segF1@50=0.54
[b2a][epoch 20/50] loss=0.5596  val_acc=0.9327  macroF1=0.7705  edit=39.40  segF1@50=0.47
[b2a][epoch 21/50] loss=0.5388  val_acc=0.9307  macroF1=0.7496  edit=38.23  segF1@50=0.40
[b2a][epoch 22/50] loss=0.5444  val_acc=0.9347  macroF1=0.7664  edit=40.70  segF1@50=0.44
[b2a][epoch 23/50] loss=0.5220  val_acc=0.9314  macroF1=0.7578  edit=50.37  segF1@50=0.53
[b2a][epoch 24/50] loss=0.5025  val_acc=0.9347  macroF1=0.7670  edit=35.72  segF1@50=0.38
[b2a][epoch 25/50] loss=0.4914  val_acc=0.9386  macroF1=0.7847  edit=41.31  segF1@50=0.48
[b2a][epoch 26/50] loss=0.4830  val_acc=0.9314  macroF1=0.7606  edit=40.63  segF1@50=0.45
[b2a][epoch 27/50] loss=0.4659  val_acc=0.9413  macroF1=0.7884  edit=40.51  segF1@50=0.48
[b2a][epoch 28/50] loss=0.4486  val_acc=0.9333  macroF1=0.7643  edit=40.63  segF1@50=0.45
[b2a][epoch 29/50] loss=0.4708  val_acc=0.9366  macroF1=0.7664  edit=38.81  segF1@50=0.40
[b2a][epoch 30/50] loss=0.4775  val_acc=0.9333  macroF1=0.7760  edit=46.19  segF1@50=0.50
[b2a][epoch 31/50] loss=0.4483  val_acc=0.9347  macroF1=0.7659  edit=35.18  segF1@50=0.38
[b2a][epoch 32/50] loss=0.4209  val_acc=0.9353  macroF1=0.7654  edit=38.41  segF1@50=0.43
[b2a][epoch 33/50] loss=0.4155  val_acc=0.9360  macroF1=0.7758  edit=40.30  segF1@50=0.46
[b2a][epoch 34/50] loss=0.4016  val_acc=0.9399  macroF1=0.7784  edit=39.71  segF1@50=0.45
[b2a][epoch 35/50] loss=0.3943  val_acc=0.9373  macroF1=0.7746  edit=39.71  segF1@50=0.45
[b2a][epoch 36/50] loss=0.3887  val_acc=0.9386  macroF1=0.7844  edit=34.66  segF1@50=0.40
[b2a][epoch 37/50] loss=0.4077  val_acc=0.9281  macroF1=0.7399  edit=36.39  segF1@50=0.37
[b2a][epoch 38/50] loss=0.4650  val_acc=0.9413  macroF1=0.7932  edit=35.37  segF1@50=0.36
[b2a][epoch 39/50] loss=0.4158  val_acc=0.9360  macroF1=0.7798  edit=35.86  segF1@50=0.37
[b2a][epoch 40/50] loss=0.3908  val_acc=0.9373  macroF1=0.7821  edit=33.45  segF1@50=0.36
[b2a][epoch 41/50] loss=0.3772  val_acc=0.9386  macroF1=0.7771  edit=35.44  segF1@50=0.41
[b2a][epoch 42/50] loss=0.3747  val_acc=0.9340  macroF1=0.7815  edit=35.37  segF1@50=0.37
[b2a][epoch 43/50] loss=0.3657  val_acc=0.9366  macroF1=0.7698  edit=37.22  segF1@50=0.39
[b2a][epoch 44/50] loss=0.3616  val_acc=0.9426  macroF1=0.7892  edit=35.83  segF1@50=0.42
[b2a][epoch 45/50] loss=0.3525  val_acc=0.9360  macroF1=0.7725  edit=37.02  segF1@50=0.39
[b2a][epoch 46/50] loss=0.3475  val_acc=0.9413  macroF1=0.7935  edit=38.58  segF1@50=0.43
[b2a][epoch 47/50] loss=0.3343  val_acc=0.9386  macroF1=0.7798  edit=33.17  segF1@50=0.37
[b2a][epoch 48/50] loss=0.3313  val_acc=0.9413  macroF1=0.7921  edit=37.56  segF1@50=0.43
[b2a][epoch 49/50] loss=0.3337  val_acc=0.9373  macroF1=0.7766  edit=37.62  segF1@50=0.44
[b2a][epoch 50/50] loss=0.3309  val_acc=0.9413  macroF1=0.7974  edit=33.78  segF1@50=0.37
[b2a] best @epoch 44: acc=0.9426 macroF1=0.7892
[b2a] evidence written -> /home/ubuntu/slocal2/m2/experiments/transfer/b2a_regiononly_mask_05_003_b2a_regiononly_mask_05_seed456
