[b2a] train clips=13  val clips=3  in_dim=2063  tool_source=oracle  classes=9  device=cuda
[b2a] evidence dir: /home/ubuntu/slocal2/m2/experiments/transfer/b2a_ro_oracle_bsnoise_p010_003_b2a_ro_oracle_bsnoise_p010_seed456
[b2a][epoch 1/50] loss=3.4575  val_acc=0.3677  macroF1=0.0768  edit=18.00  segF1@50=0.22
[b2a][epoch 2/50] loss=2.6773  val_acc=0.6772  macroF1=0.2317  edit=37.00  segF1@50=0.22
[b2a][epoch 3/50] loss=2.0734  val_acc=0.6713  macroF1=0.2277  edit=37.00  segF1@50=0.22
[b2a][epoch 4/50] loss=1.7924  val_acc=0.6660  macroF1=0.2275  edit=35.67  segF1@50=0.26
[b2a][epoch 5/50] loss=1.6341  val_acc=0.6818  macroF1=0.2288  edit=35.67  segF1@50=0.35
[b2a][epoch 6/50] loss=1.4802  val_acc=0.6845  macroF1=0.2326  edit=23.33  segF1@50=0.13
[b2a][epoch 7/50] loss=1.4237  val_acc=0.6858  macroF1=0.2308  edit=30.52  segF1@50=0.25
[b2a][epoch 8/50] loss=1.2637  val_acc=0.6878  macroF1=0.2361  edit=33.35  segF1@50=0.23
[b2a][epoch 9/50] loss=1.1681  val_acc=0.7743  macroF1=0.3795  edit=27.38  segF1@50=0.18
[b2a][epoch 10/50] loss=1.0733  val_acc=0.8383  macroF1=0.4658  edit=33.03  segF1@50=0.28
[b2a][epoch 11/50] loss=0.9928  val_acc=0.8462  macroF1=0.4901  edit=61.67  segF1@50=0.57
[b2a][epoch 12/50] loss=0.9079  val_acc=0.8601  macroF1=0.5211  edit=49.78  segF1@50=0.41
[b2a][epoch 13/50] loss=0.8367  val_acc=0.8528  macroF1=0.4927  edit=30.29  segF1@50=0.29
[b2a][epoch 14/50] loss=0.8040  val_acc=0.9281  macroF1=0.7176  edit=48.83  segF1@50=0.53
[b2a][epoch 15/50] loss=0.7471  val_acc=0.9254  macroF1=0.7057  edit=47.36  segF1@50=0.51
[b2a][epoch 16/50] loss=0.7350  val_acc=0.9307  macroF1=0.7542  edit=61.54  segF1@50=0.63
[b2a][epoch 17/50] loss=0.7045  val_acc=0.9333  macroF1=0.7434  edit=78.00  segF1@50=0.76
[b2a][epoch 18/50] loss=0.6637  val_acc=0.9353  macroF1=0.7527  edit=54.70  segF1@50=0.56
[b2a][epoch 19/50] loss=0.6351  val_acc=0.9360  macroF1=0.7478  edit=69.44  segF1@50=0.62
[b2a][epoch 20/50] loss=0.6166  val_acc=0.9393  macroF1=0.7690  edit=74.73  segF1@50=0.72
[b2a][epoch 21/50] loss=0.5965  val_acc=0.9386  macroF1=0.7637  edit=58.59  segF1@50=0.58
[b2a][epoch 22/50] loss=0.5875  val_acc=0.9380  macroF1=0.7495  edit=69.44  segF1@50=0.66
[b2a][epoch 23/50] loss=0.5748  val_acc=0.9426  macroF1=0.7766  edit=54.66  segF1@50=0.56
[b2a][epoch 24/50] loss=0.5676  val_acc=0.9327  macroF1=0.7271  edit=53.76  segF1@50=0.55
[b2a][epoch 25/50] loss=0.5549  val_acc=0.9439  macroF1=0.7760  edit=69.18  segF1@50=0.67
[b2a][epoch 26/50] loss=0.5394  val_acc=0.9399  macroF1=0.7603  edit=65.77  segF1@50=0.67
[b2a][epoch 27/50] loss=0.5319  val_acc=0.9479  macroF1=0.7992  edit=50.96  segF1@50=0.53
[b2a][epoch 28/50] loss=0.5095  val_acc=0.9373  macroF1=0.7477  edit=63.58  segF1@50=0.67
[b2a][epoch 29/50] loss=0.5063  val_acc=0.9452  macroF1=0.7849  edit=48.78  segF1@50=0.53
[b2a][epoch 30/50] loss=0.4940  val_acc=0.9452  macroF1=0.7794  edit=57.44  segF1@50=0.59
[b2a][epoch 31/50] loss=0.4753  val_acc=0.9465  macroF1=0.7860  edit=56.99  segF1@50=0.60
[b2a][epoch 32/50] loss=0.4647  val_acc=0.9419  macroF1=0.7668  edit=50.79  segF1@50=0.53
[b2a][epoch 33/50] loss=0.4612  val_acc=0.9465  macroF1=0.7895  edit=53.41  segF1@50=0.58
[b2a][epoch 34/50] loss=0.4476  val_acc=0.9459  macroF1=0.7833  edit=56.99  segF1@50=0.59
[b2a][epoch 35/50] loss=0.4355  val_acc=0.9472  macroF1=0.7903  edit=58.33  segF1@50=0.61
[b2a][epoch 36/50] loss=0.4331  val_acc=0.9446  macroF1=0.7889  edit=41.92  segF1@50=0.46
[b2a][epoch 37/50] loss=0.4366  val_acc=0.9393  macroF1=0.7557  edit=56.75  segF1@50=0.55
[b2a][epoch 38/50] loss=0.4556  val_acc=0.9393  macroF1=0.7684  edit=44.39  segF1@50=0.49
[b2a][epoch 39/50] loss=0.4627  val_acc=0.9432  macroF1=0.7775  edit=53.41  segF1@50=0.58
[b2a][epoch 40/50] loss=0.4348  val_acc=0.9479  macroF1=0.8003  edit=47.03  segF1@50=0.48
[b2a][epoch 41/50] loss=0.4442  val_acc=0.9300  macroF1=0.7105  edit=60.00  segF1@50=0.58
[b2a][epoch 42/50] loss=0.4469  val_acc=0.9366  macroF1=0.7455  edit=52.85  segF1@50=0.55
[b2a][epoch 43/50] loss=0.4195  val_acc=0.9485  macroF1=0.8025  edit=50.06  segF1@50=0.51
[b2a][epoch 44/50] loss=0.4039  val_acc=0.9452  macroF1=0.7857  edit=50.93  segF1@50=0.56
[b2a][epoch 45/50] loss=0.3859  val_acc=0.9498  macroF1=0.8015  edit=59.14  segF1@50=0.61
[b2a][epoch 46/50] loss=0.3770  val_acc=0.9465  macroF1=0.7935  edit=44.58  segF1@50=0.51
[b2a][epoch 47/50] loss=0.3655  val_acc=0.9492  macroF1=0.7982  edit=56.60  segF1@50=0.61
[b2a][epoch 48/50] loss=0.3606  val_acc=0.9485  macroF1=0.7925  edit=52.04  segF1@50=0.57
[b2a][epoch 49/50] loss=0.3606  val_acc=0.9452  macroF1=0.7795  edit=53.08  segF1@50=0.57
[b2a][epoch 50/50] loss=0.3593  val_acc=0.9498  macroF1=0.8000  edit=57.22  segF1@50=0.60
[b2a] best @epoch 45: acc=0.9498 macroF1=0.8015
[b2a] evidence written -> /home/ubuntu/slocal2/m2/experiments/transfer/b2a_ro_oracle_bsnoise_p010_003_b2a_ro_oracle_bsnoise_p010_seed456
