[b2a] train clips=13  val clips=3  in_dim=2063  tool_source=pred  classes=9  device=cuda
[b2a] evidence dir: /home/ubuntu/slocal/m2/experiments/transfer/b2a_det2phase_toolpresence_021_b2a_det2phase_toolpresence_seed123
[b2a][epoch 1/50] loss=3.5268  val_acc=0.3677  macroF1=0.0768  edit=18.00  segF1@50=0.22
[b2a][epoch 2/50] loss=3.0202  val_acc=0.3677  macroF1=0.0768  edit=18.00  segF1@50=0.22
[b2a][epoch 3/50] loss=2.6894  val_acc=0.3340  macroF1=0.0715  edit=9.67  segF1@50=0.00
[b2a][epoch 4/50] loss=2.5009  val_acc=0.4977  macroF1=0.1570  edit=23.33  segF1@50=0.22
[b2a][epoch 5/50] loss=2.2615  val_acc=0.6667  macroF1=0.2243  edit=39.67  segF1@50=0.22
[b2a][epoch 6/50] loss=1.8126  val_acc=0.6719  macroF1=0.2288  edit=35.67  segF1@50=0.24
[b2a][epoch 7/50] loss=1.6836  val_acc=0.5221  macroF1=0.1791  edit=25.83  segF1@50=0.02
[b2a][epoch 8/50] loss=1.8997  val_acc=0.6759  macroF1=0.2289  edit=41.00  segF1@50=0.27
[b2a][epoch 9/50] loss=1.4697  val_acc=0.6752  macroF1=0.2296  edit=34.33  segF1@50=0.24
[b2a][epoch 10/50] loss=1.3742  val_acc=0.6515  macroF1=0.2320  edit=57.14  segF1@50=0.19
[b2a][epoch 11/50] loss=1.1924  val_acc=0.7710  macroF1=0.3966  edit=27.84  segF1@50=0.21
[b2a][epoch 12/50] loss=1.0982  val_acc=0.7980  macroF1=0.4478  edit=44.06  segF1@50=0.31
[b2a][epoch 13/50] loss=1.0104  val_acc=0.8059  macroF1=0.4555  edit=31.00  segF1@50=0.31
[b2a][epoch 14/50] loss=0.9400  val_acc=0.7894  macroF1=0.4178  edit=37.93  segF1@50=0.31
[b2a][epoch 15/50] loss=0.9016  val_acc=0.8211  macroF1=0.4801  edit=43.03  segF1@50=0.38
[b2a][epoch 16/50] loss=0.8162  val_acc=0.8330  macroF1=0.4860  edit=42.22  segF1@50=0.39
[b2a][epoch 17/50] loss=0.7725  val_acc=0.8660  macroF1=0.6539  edit=33.00  segF1@50=0.31
[b2a][epoch 18/50] loss=0.7226  val_acc=0.8871  macroF1=0.6398  edit=26.63  segF1@50=0.25
[b2a][epoch 19/50] loss=0.6919  val_acc=0.9036  macroF1=0.6822  edit=39.68  segF1@50=0.40
[b2a][epoch 20/50] loss=0.7080  val_acc=0.8310  macroF1=0.5683  edit=34.91  segF1@50=0.27
[b2a][epoch 21/50] loss=0.6810  val_acc=0.8343  macroF1=0.6247  edit=29.41  segF1@50=0.28
[b2a][epoch 22/50] loss=0.7258  val_acc=0.8700  macroF1=0.6189  edit=18.75  segF1@50=0.19
[b2a][epoch 23/50] loss=0.6760  val_acc=0.8937  macroF1=0.7146  edit=31.60  segF1@50=0.27
[b2a][epoch 24/50] loss=0.5959  val_acc=0.9155  macroF1=0.7338  edit=33.84  segF1@50=0.30
[b2a][epoch 25/50] loss=0.5393  val_acc=0.9149  macroF1=0.7394  edit=52.79  segF1@50=0.51
[b2a][epoch 26/50] loss=0.5085  val_acc=0.9182  macroF1=0.7473  edit=32.91  segF1@50=0.33
[b2a][epoch 27/50] loss=0.4880  val_acc=0.9162  macroF1=0.7454  edit=48.51  segF1@50=0.49
[b2a][epoch 28/50] loss=0.4819  val_acc=0.9142  macroF1=0.7126  edit=43.67  segF1@50=0.47
[b2a][epoch 29/50] loss=0.4526  val_acc=0.9254  macroF1=0.7708  edit=46.67  segF1@50=0.43
[b2a][epoch 30/50] loss=0.4377  val_acc=0.9188  macroF1=0.7738  edit=37.62  segF1@50=0.39
[b2a][epoch 31/50] loss=0.4223  val_acc=0.9300  macroF1=0.7759  edit=43.17  segF1@50=0.44
[b2a][epoch 32/50] loss=0.4198  val_acc=0.9287  macroF1=0.7703  edit=45.97  segF1@50=0.42
[b2a][epoch 33/50] loss=0.4419  val_acc=0.9195  macroF1=0.7673  edit=38.78  segF1@50=0.43
[b2a][epoch 34/50] loss=0.4558  val_acc=0.9155  macroF1=0.7132  edit=39.68  segF1@50=0.36
[b2a][epoch 35/50] loss=0.4379  val_acc=0.9215  macroF1=0.7705  edit=36.42  segF1@50=0.39
[b2a][epoch 36/50] loss=0.4147  val_acc=0.9182  macroF1=0.7499  edit=37.50  segF1@50=0.35
[b2a][epoch 37/50] loss=0.4078  val_acc=0.9228  macroF1=0.7752  edit=30.47  segF1@50=0.38
[b2a][epoch 38/50] loss=0.4084  val_acc=0.9267  macroF1=0.7673  edit=43.22  segF1@50=0.41
[b2a][epoch 39/50] loss=0.3820  val_acc=0.9340  macroF1=0.7911  edit=41.44  segF1@50=0.42
[b2a][epoch 40/50] loss=0.3900  val_acc=0.9129  macroF1=0.7147  edit=37.04  segF1@50=0.34
[b2a][epoch 41/50] loss=0.3817  val_acc=0.9142  macroF1=0.7657  edit=40.01  segF1@50=0.41
[b2a][epoch 42/50] loss=0.3612  val_acc=0.9300  macroF1=0.7740  edit=46.01  segF1@50=0.54
[b2a][epoch 43/50] loss=0.3501  val_acc=0.9307  macroF1=0.7819  edit=43.21  segF1@50=0.43
[b2a][epoch 44/50] loss=0.3264  val_acc=0.9314  macroF1=0.7796  edit=39.25  segF1@50=0.41
[b2a][epoch 45/50] loss=0.3199  val_acc=0.9340  macroF1=0.7847  edit=33.51  segF1@50=0.35
[b2a][epoch 46/50] loss=0.3161  val_acc=0.9241  macroF1=0.7753  edit=42.51  segF1@50=0.42
[b2a][epoch 47/50] loss=0.3052  val_acc=0.9347  macroF1=0.7859  edit=44.99  segF1@50=0.45
[b2a][epoch 48/50] loss=0.2951  val_acc=0.9327  macroF1=0.7880  edit=45.33  segF1@50=0.45
[b2a][epoch 49/50] loss=0.2842  val_acc=0.9366  macroF1=0.7927  edit=39.11  segF1@50=0.42
[b2a][epoch 50/50] loss=0.2782  val_acc=0.9360  macroF1=0.7891  edit=45.21  segF1@50=0.46
[b2a] best @epoch 49: acc=0.9366 macroF1=0.7927
[b2a] evidence written -> /home/ubuntu/slocal/m2/experiments/transfer/b2a_det2phase_toolpresence_021_b2a_det2phase_toolpresence_seed123
