[b2a] train clips=13  val clips=3  in_dim=2063  tool_source=oracle  classes=9  device=cuda
[b2a] evidence dir: /home/ubuntu/slocal2/m2/experiments/transfer/b2a_ro_oracle_scalpelnoise_p010_002_b2a_ro_oracle_scalpelnoise_p010_seed123
[b2a][epoch 1/50] loss=3.6364  val_acc=0.4389  macroF1=0.1401  edit=2.67  segF1@50=0.00
[b2a][epoch 2/50] loss=2.8671  val_acc=0.3624  macroF1=0.0772  edit=2.67  segF1@50=0.17
[b2a][epoch 3/50] loss=2.5220  val_acc=0.3340  macroF1=0.0715  edit=9.67  segF1@50=0.00
[b2a][epoch 4/50] loss=2.2033  val_acc=0.6693  macroF1=0.2269  edit=9.50  segF1@50=0.22
[b2a][epoch 5/50] loss=1.8628  val_acc=0.6739  macroF1=0.2298  edit=21.67  segF1@50=0.20
[b2a][epoch 6/50] loss=1.5364  val_acc=0.6799  macroF1=0.2316  edit=27.44  segF1@50=0.15
[b2a][epoch 7/50] loss=1.3843  val_acc=0.6858  macroF1=0.2340  edit=30.33  segF1@50=0.25
[b2a][epoch 8/50] loss=1.2617  val_acc=0.6904  macroF1=0.2412  edit=41.11  segF1@50=0.15
[b2a][epoch 9/50] loss=1.1408  val_acc=0.7894  macroF1=0.4031  edit=36.14  segF1@50=0.27
[b2a][epoch 10/50] loss=1.0458  val_acc=0.8422  macroF1=0.5292  edit=45.17  segF1@50=0.42
[b2a][epoch 11/50] loss=0.9541  val_acc=0.8977  macroF1=0.6647  edit=50.19  segF1@50=0.53
[b2a][epoch 12/50] loss=0.8829  val_acc=0.9274  macroF1=0.7228  edit=57.33  segF1@50=0.60
[b2a][epoch 13/50] loss=0.8070  val_acc=0.9333  macroF1=0.7331  edit=65.78  segF1@50=0.67
[b2a][epoch 14/50] loss=0.7406  val_acc=0.9393  macroF1=0.7701  edit=54.44  segF1@50=0.61
[b2a][epoch 15/50] loss=0.7102  val_acc=0.9432  macroF1=0.7887  edit=51.30  segF1@50=0.53
[b2a][epoch 16/50] loss=0.6825  val_acc=0.9459  macroF1=0.7883  edit=53.11  segF1@50=0.63
[b2a][epoch 17/50] loss=0.6677  val_acc=0.9479  macroF1=0.8010  edit=57.26  segF1@50=0.62
[b2a][epoch 18/50] loss=0.6302  val_acc=0.9426  macroF1=0.7806  edit=47.86  segF1@50=0.48
[b2a][epoch 19/50] loss=0.6240  val_acc=0.9551  macroF1=0.8149  edit=57.26  segF1@50=0.66
[b2a][epoch 20/50] loss=0.5922  val_acc=0.9518  macroF1=0.8053  edit=64.53  segF1@50=0.71
[b2a][epoch 21/50] loss=0.5670  val_acc=0.9512  macroF1=0.8101  edit=50.13  segF1@50=0.52
[b2a][epoch 22/50] loss=0.5804  val_acc=0.9551  macroF1=0.8122  edit=62.00  segF1@50=0.68
[b2a][epoch 23/50] loss=0.5959  val_acc=0.9485  macroF1=0.8122  edit=48.04  segF1@50=0.49
[b2a][epoch 24/50] loss=0.5362  val_acc=0.9571  macroF1=0.8171  edit=70.89  segF1@50=0.76
[b2a][epoch 25/50] loss=0.5232  val_acc=0.9551  macroF1=0.8206  edit=59.52  segF1@50=0.64
[b2a][epoch 26/50] loss=0.5013  val_acc=0.9611  macroF1=0.8239  edit=65.33  segF1@50=0.71
[b2a][epoch 27/50] loss=0.4772  val_acc=0.9591  macroF1=0.8262  edit=59.52  segF1@50=0.64
[b2a][epoch 28/50] loss=0.4750  val_acc=0.9637  macroF1=0.8314  edit=66.67  segF1@50=0.75
[b2a][epoch 29/50] loss=0.4644  val_acc=0.9584  macroF1=0.8250  edit=58.33  segF1@50=0.62
[b2a][epoch 30/50] loss=0.4587  val_acc=0.9604  macroF1=0.8278  edit=51.50  segF1@50=0.55
[b2a][epoch 31/50] loss=0.4525  val_acc=0.9571  macroF1=0.8221  edit=49.38  segF1@50=0.55
[b2a][epoch 32/50] loss=0.4608  val_acc=0.9611  macroF1=0.8265  edit=66.89  segF1@50=0.77
[b2a][epoch 33/50] loss=0.4771  val_acc=0.9531  macroF1=0.8174  edit=55.67  segF1@50=0.66
[b2a][epoch 34/50] loss=0.4722  val_acc=0.9571  macroF1=0.8218  edit=53.93  segF1@50=0.62
[b2a][epoch 35/50] loss=0.4471  val_acc=0.9564  macroF1=0.8210  edit=56.86  segF1@50=0.68
[b2a][epoch 36/50] loss=0.4337  val_acc=0.9630  macroF1=0.8305  edit=61.11  segF1@50=0.67
[b2a][epoch 37/50] loss=0.4222  val_acc=0.9591  macroF1=0.8274  edit=52.78  segF1@50=0.54
[b2a][epoch 38/50] loss=0.4117  val_acc=0.9624  macroF1=0.8308  edit=61.11  segF1@50=0.66
[b2a][epoch 39/50] loss=0.3968  val_acc=0.9611  macroF1=0.8274  edit=55.56  segF1@50=0.61
[b2a][epoch 40/50] loss=0.3996  val_acc=0.9630  macroF1=0.8332  edit=57.54  segF1@50=0.66
[b2a][epoch 41/50] loss=0.4073  val_acc=0.9538  macroF1=0.8206  edit=48.64  segF1@50=0.52
[b2a][epoch 42/50] loss=0.3917  val_acc=0.9650  macroF1=0.8326  edit=72.22  segF1@50=0.80
[b2a][epoch 43/50] loss=0.3912  val_acc=0.9604  macroF1=0.8293  edit=52.89  segF1@50=0.61
[b2a][epoch 44/50] loss=0.3823  val_acc=0.9597  macroF1=0.8295  edit=51.98  segF1@50=0.56
[b2a][epoch 45/50] loss=0.3762  val_acc=0.9637  macroF1=0.8334  edit=64.20  segF1@50=0.69
[b2a][epoch 46/50] loss=0.3694  val_acc=0.9551  macroF1=0.8239  edit=49.19  segF1@50=0.52
[b2a][epoch 47/50] loss=0.3664  val_acc=0.9611  macroF1=0.8290  edit=55.31  segF1@50=0.62
[b2a][epoch 48/50] loss=0.3530  val_acc=0.9604  macroF1=0.8304  edit=57.78  segF1@50=0.58
[b2a][epoch 49/50] loss=0.3456  val_acc=0.9630  macroF1=0.8324  edit=58.64  segF1@50=0.66
[b2a][epoch 50/50] loss=0.3356  val_acc=0.9611  macroF1=0.8291  edit=55.31  segF1@50=0.63
[b2a] best @epoch 42: acc=0.9650 macroF1=0.8326
[b2a] evidence written -> /home/ubuntu/slocal2/m2/experiments/transfer/b2a_ro_oracle_scalpelnoise_p010_002_b2a_ro_oracle_scalpelnoise_p010_seed123
