[b2a] train clips=13  val clips=3  in_dim=2063  tool_source=oracle  classes=9  device=cuda
[b2a] evidence dir: /home/ubuntu/slocal2/m2/experiments/transfer/b2a_ro_oracle_top3noise_p010_001_b2a_ro_oracle_top3noise_p010_seed42
[b2a][epoch 1/50] loss=3.5107  val_acc=0.3399  macroF1=0.0762  edit=21.78  segF1@50=0.00
[b2a][epoch 2/50] loss=2.6698  val_acc=0.3927  macroF1=0.1041  edit=24.01  segF1@50=0.00
[b2a][epoch 3/50] loss=2.2952  val_acc=0.6805  macroF1=0.2298  edit=34.67  segF1@50=0.27
[b2a][epoch 4/50] loss=1.9226  val_acc=0.6799  macroF1=0.2302  edit=34.33  segF1@50=0.22
[b2a][epoch 5/50] loss=1.6412  val_acc=0.6832  macroF1=0.2297  edit=28.13  segF1@50=0.24
[b2a][epoch 6/50] loss=1.4999  val_acc=0.6845  macroF1=0.2316  edit=32.78  segF1@50=0.24
[b2a][epoch 7/50] loss=1.3732  val_acc=0.7050  macroF1=0.2730  edit=34.06  segF1@50=0.26
[b2a][epoch 8/50] loss=1.2705  val_acc=0.7591  macroF1=0.3361  edit=34.73  segF1@50=0.26
[b2a][epoch 9/50] loss=1.1815  val_acc=0.7795  macroF1=0.3590  edit=31.21  segF1@50=0.27
[b2a][epoch 10/50] loss=1.1218  val_acc=0.8198  macroF1=0.4586  edit=35.04  segF1@50=0.38
[b2a][epoch 11/50] loss=1.0436  val_acc=0.8356  macroF1=0.5340  edit=35.89  segF1@50=0.37
[b2a][epoch 12/50] loss=1.0007  val_acc=0.8488  macroF1=0.5030  edit=37.23  segF1@50=0.29
[b2a][epoch 13/50] loss=0.9135  val_acc=0.8581  macroF1=0.5151  edit=37.32  segF1@50=0.34
[b2a][epoch 14/50] loss=0.8539  val_acc=0.8587  macroF1=0.5690  edit=46.50  segF1@50=0.50
[b2a][epoch 15/50] loss=0.8122  val_acc=0.9254  macroF1=0.7293  edit=71.33  segF1@50=0.70
[b2a][epoch 16/50] loss=0.7745  val_acc=0.9267  macroF1=0.6953  edit=44.86  segF1@50=0.52
[b2a][epoch 17/50] loss=0.7523  val_acc=0.9353  macroF1=0.7542  edit=46.43  segF1@50=0.50
[b2a][epoch 18/50] loss=0.7154  val_acc=0.9360  macroF1=0.7396  edit=55.17  segF1@50=0.58
[b2a][epoch 19/50] loss=0.6762  val_acc=0.9446  macroF1=0.7762  edit=54.67  segF1@50=0.62
[b2a][epoch 20/50] loss=0.6585  val_acc=0.9413  macroF1=0.7547  edit=58.89  segF1@50=0.65
[b2a][epoch 21/50] loss=0.6406  val_acc=0.9373  macroF1=0.7441  edit=52.22  segF1@50=0.55
[b2a][epoch 22/50] loss=0.6157  val_acc=0.9505  macroF1=0.7972  edit=62.67  segF1@50=0.64
[b2a][epoch 23/50] loss=0.6081  val_acc=0.9393  macroF1=0.7690  edit=55.33  segF1@50=0.61
[b2a][epoch 24/50] loss=0.5834  val_acc=0.9498  macroF1=0.7883  edit=60.22  segF1@50=0.66
[b2a][epoch 25/50] loss=0.5640  val_acc=0.9518  macroF1=0.7992  edit=60.49  segF1@50=0.66
[b2a][epoch 26/50] loss=0.5567  val_acc=0.9485  macroF1=0.7895  edit=54.17  segF1@50=0.64
[b2a][epoch 27/50] loss=0.5534  val_acc=0.9531  macroF1=0.7994  edit=67.09  segF1@50=0.72
[b2a][epoch 28/50] loss=0.5395  val_acc=0.9525  macroF1=0.8044  edit=55.77  segF1@50=0.58
[b2a][epoch 29/50] loss=0.5382  val_acc=0.9360  macroF1=0.7593  edit=56.32  segF1@50=0.60
[b2a][epoch 30/50] loss=0.5630  val_acc=0.9485  macroF1=0.7997  edit=40.77  segF1@50=0.45
[b2a][epoch 31/50] loss=0.5908  val_acc=0.9287  macroF1=0.6910  edit=57.56  segF1@50=0.60
[b2a][epoch 32/50] loss=0.5860  val_acc=0.9472  macroF1=0.7957  edit=55.56  segF1@50=0.59
[b2a][epoch 33/50] loss=0.5201  val_acc=0.9505  macroF1=0.7956  edit=64.44  segF1@50=0.67
[b2a][epoch 34/50] loss=0.4894  val_acc=0.9551  macroF1=0.8051  edit=65.56  segF1@50=0.74
[b2a][epoch 35/50] loss=0.4740  val_acc=0.9538  macroF1=0.8003  edit=63.58  segF1@50=0.72
[b2a][epoch 36/50] loss=0.4653  val_acc=0.9564  macroF1=0.8096  edit=62.82  segF1@50=0.65
[b2a][epoch 37/50] loss=0.4563  val_acc=0.9564  macroF1=0.8117  edit=65.08  segF1@50=0.74
[b2a][epoch 38/50] loss=0.4475  val_acc=0.9558  macroF1=0.8111  edit=68.38  segF1@50=0.72
[b2a][epoch 39/50] loss=0.4410  val_acc=0.9545  macroF1=0.8058  edit=66.48  segF1@50=0.70
[b2a][epoch 40/50] loss=0.4335  val_acc=0.9584  macroF1=0.8157  edit=69.56  segF1@50=0.78
[b2a][epoch 41/50] loss=0.4304  val_acc=0.9571  macroF1=0.8158  edit=65.38  segF1@50=0.67
[b2a][epoch 42/50] loss=0.4220  val_acc=0.9571  macroF1=0.8135  edit=65.38  segF1@50=0.66
[b2a][epoch 43/50] loss=0.4138  val_acc=0.9551  macroF1=0.8110  edit=62.07  segF1@50=0.69
[b2a][epoch 44/50] loss=0.4077  val_acc=0.9564  macroF1=0.8148  edit=57.54  segF1@50=0.64
[b2a][epoch 45/50] loss=0.4110  val_acc=0.9472  macroF1=0.7847  edit=66.89  segF1@50=0.69
[b2a][epoch 46/50] loss=0.4010  val_acc=0.9564  macroF1=0.8127  edit=64.00  segF1@50=0.72
[b2a][epoch 47/50] loss=0.3917  val_acc=0.9558  macroF1=0.8146  edit=64.20  segF1@50=0.71
[b2a][epoch 48/50] loss=0.3835  val_acc=0.9479  macroF1=0.7877  edit=67.28  segF1@50=0.67
[b2a][epoch 49/50] loss=0.3873  val_acc=0.9571  macroF1=0.8167  edit=65.38  segF1@50=0.72
[b2a][epoch 50/50] loss=0.3759  val_acc=0.9479  macroF1=0.7869  edit=59.38  segF1@50=0.63
[b2a] best @epoch 40: acc=0.9584 macroF1=0.8157
[b2a] evidence written -> /home/ubuntu/slocal2/m2/experiments/transfer/b2a_ro_oracle_top3noise_p010_001_b2a_ro_oracle_top3noise_p010_seed42
