[b2a] train clips=13  val clips=3  in_dim=2063  tool_source=pred  classes=9  device=cuda
[b2a] evidence dir: /home/ubuntu/slocal2/m2/experiments/transfer/b2a_regiononly_mask_01_002_b2a_regiononly_mask_01_seed123
[b2a][epoch 1/50] loss=3.6229  val_acc=0.4389  macroF1=0.1401  edit=2.67  segF1@50=0.00
[b2a][epoch 2/50] loss=2.8814  val_acc=0.3630  macroF1=0.0773  edit=2.67  segF1@50=0.17
[b2a][epoch 3/50] loss=2.5489  val_acc=0.3340  macroF1=0.0715  edit=9.67  segF1@50=0.00
[b2a][epoch 4/50] loss=2.2245  val_acc=0.6165  macroF1=0.2071  edit=18.89  segF1@50=0.17
[b2a][epoch 5/50] loss=1.8743  val_acc=0.6726  macroF1=0.2289  edit=11.00  segF1@50=0.17
[b2a][epoch 6/50] loss=1.5394  val_acc=0.6752  macroF1=0.2301  edit=35.67  segF1@50=0.24
[b2a][epoch 7/50] loss=1.3872  val_acc=0.6792  macroF1=0.2314  edit=35.67  segF1@50=0.24
[b2a][epoch 8/50] loss=1.2671  val_acc=0.6858  macroF1=0.2461  edit=43.33  segF1@50=0.26
[b2a][epoch 9/50] loss=1.1385  val_acc=0.7908  macroF1=0.3953  edit=46.44  segF1@50=0.31
[b2a][epoch 10/50] loss=1.0351  val_acc=0.8125  macroF1=0.4672  edit=43.09  segF1@50=0.35
[b2a][epoch 11/50] loss=0.9383  val_acc=0.8554  macroF1=0.5660  edit=40.74  segF1@50=0.36
[b2a][epoch 12/50] loss=0.8866  val_acc=0.9142  macroF1=0.6773  edit=37.19  segF1@50=0.34
[b2a][epoch 13/50] loss=0.8158  val_acc=0.9102  macroF1=0.6928  edit=28.35  segF1@50=0.28
[b2a][epoch 14/50] loss=0.7458  val_acc=0.9155  macroF1=0.6969  edit=46.33  segF1@50=0.43
[b2a][epoch 15/50] loss=0.7173  val_acc=0.8970  macroF1=0.7129  edit=34.63  segF1@50=0.37
[b2a][epoch 16/50] loss=0.6756  val_acc=0.9149  macroF1=0.7206  edit=44.10  segF1@50=0.44
[b2a][epoch 17/50] loss=0.6412  val_acc=0.9142  macroF1=0.7299  edit=36.69  segF1@50=0.38
[b2a][epoch 18/50] loss=0.6085  val_acc=0.9248  macroF1=0.7386  edit=48.21  segF1@50=0.49
[b2a][epoch 19/50] loss=0.5830  val_acc=0.9386  macroF1=0.7701  edit=37.76  segF1@50=0.45
[b2a][epoch 20/50] loss=0.5609  val_acc=0.9228  macroF1=0.7312  edit=48.07  segF1@50=0.49
[b2a][epoch 21/50] loss=0.5829  val_acc=0.9109  macroF1=0.7501  edit=32.15  segF1@50=0.35
[b2a][epoch 22/50] loss=0.5691  val_acc=0.9248  macroF1=0.7360  edit=48.21  segF1@50=0.50
[b2a][epoch 23/50] loss=0.5806  val_acc=0.9300  macroF1=0.7760  edit=39.39  segF1@50=0.41
[b2a][epoch 24/50] loss=0.5217  val_acc=0.9314  macroF1=0.7583  edit=43.58  segF1@50=0.42
[b2a][epoch 25/50] loss=0.5107  val_acc=0.9386  macroF1=0.7912  edit=35.08  segF1@50=0.38
[b2a][epoch 26/50] loss=0.4973  val_acc=0.9373  macroF1=0.7793  edit=35.24  segF1@50=0.36
[b2a][epoch 27/50] loss=0.4730  val_acc=0.9406  macroF1=0.7839  edit=34.40  segF1@50=0.37
[b2a][epoch 28/50] loss=0.4747  val_acc=0.9380  macroF1=0.7839  edit=34.35  segF1@50=0.37
[b2a][epoch 29/50] loss=0.5150  val_acc=0.9201  macroF1=0.7270  edit=38.17  segF1@50=0.37
[b2a][epoch 30/50] loss=0.4969  val_acc=0.9122  macroF1=0.7555  edit=33.42  segF1@50=0.37
[b2a][epoch 31/50] loss=0.4760  val_acc=0.9333  macroF1=0.7617  edit=39.81  segF1@50=0.41
[b2a][epoch 32/50] loss=0.4410  val_acc=0.9353  macroF1=0.7786  edit=33.16  segF1@50=0.36
[b2a][epoch 33/50] loss=0.4347  val_acc=0.9373  macroF1=0.7751  edit=32.57  segF1@50=0.35
[b2a][epoch 34/50] loss=0.4210  val_acc=0.9380  macroF1=0.7810  edit=34.15  segF1@50=0.38
[b2a][epoch 35/50] loss=0.4136  val_acc=0.9360  macroF1=0.7793  edit=32.74  segF1@50=0.35
[b2a][epoch 36/50] loss=0.4054  val_acc=0.9366  macroF1=0.7810  edit=32.26  segF1@50=0.35
[b2a][epoch 37/50] loss=0.4024  val_acc=0.9413  macroF1=0.7867  edit=32.71  segF1@50=0.38
[b2a][epoch 38/50] loss=0.4002  val_acc=0.9386  macroF1=0.7839  edit=33.85  segF1@50=0.37
[b2a][epoch 39/50] loss=0.4039  val_acc=0.9023  macroF1=0.7514  edit=32.74  segF1@50=0.35
[b2a][epoch 40/50] loss=0.4564  val_acc=0.9274  macroF1=0.7324  edit=33.30  segF1@50=0.35
[b2a][epoch 41/50] loss=0.4643  val_acc=0.9366  macroF1=0.7783  edit=32.63  segF1@50=0.38
[b2a][epoch 42/50] loss=0.4068  val_acc=0.9314  macroF1=0.7741  edit=31.16  segF1@50=0.34
[b2a][epoch 43/50] loss=0.3873  val_acc=0.9333  macroF1=0.7755  edit=33.27  segF1@50=0.36
[b2a][epoch 44/50] loss=0.3701  val_acc=0.9340  macroF1=0.7758  edit=32.80  segF1@50=0.36
[b2a][epoch 45/50] loss=0.3527  val_acc=0.9386  macroF1=0.7827  edit=32.80  segF1@50=0.36
[b2a][epoch 46/50] loss=0.3488  val_acc=0.9300  macroF1=0.7724  edit=31.77  segF1@50=0.35
[b2a][epoch 47/50] loss=0.3424  val_acc=0.9393  macroF1=0.7842  edit=31.67  segF1@50=0.35
[b2a][epoch 48/50] loss=0.3377  val_acc=0.9399  macroF1=0.7838  edit=32.22  segF1@50=0.36
[b2a][epoch 49/50] loss=0.3380  val_acc=0.9228  macroF1=0.7646  edit=29.83  segF1@50=0.36
[b2a][epoch 50/50] loss=0.3303  val_acc=0.9393  macroF1=0.7833  edit=32.44  segF1@50=0.38
[b2a] best @epoch 37: acc=0.9413 macroF1=0.7867
[b2a] evidence written -> /home/ubuntu/slocal2/m2/experiments/transfer/b2a_regiononly_mask_01_002_b2a_regiononly_mask_01_seed123
