[b2a] train clips=13  val clips=3  in_dim=2063  tool_source=oracle  classes=9  device=cuda
[b2a] evidence dir: /home/ubuntu/slocal2/m2/experiments/transfer/b2a_ro_oracle_top3noise_p020_002_b2a_ro_oracle_top3noise_p020_seed123
[b2a][epoch 1/50] loss=3.6474  val_acc=0.4389  macroF1=0.1401  edit=2.67  segF1@50=0.00
[b2a][epoch 2/50] loss=2.9286  val_acc=0.3650  macroF1=0.0774  edit=5.33  segF1@50=0.17
[b2a][epoch 3/50] loss=2.6381  val_acc=0.3340  macroF1=0.0715  edit=9.67  segF1@50=0.00
[b2a][epoch 4/50] loss=2.3987  val_acc=0.4726  macroF1=0.1464  edit=24.19  segF1@50=0.13
[b2a][epoch 5/50] loss=2.1526  val_acc=0.6752  macroF1=0.2297  edit=16.33  segF1@50=0.19
[b2a][epoch 6/50] loss=1.7820  val_acc=0.6779  macroF1=0.2304  edit=33.00  segF1@50=0.32
[b2a][epoch 7/50] loss=1.6190  val_acc=0.6812  macroF1=0.2326  edit=35.67  segF1@50=0.24
[b2a][epoch 8/50] loss=1.5093  val_acc=0.6851  macroF1=0.2316  edit=41.00  segF1@50=0.24
[b2a][epoch 9/50] loss=1.4002  val_acc=0.6977  macroF1=0.2687  edit=48.67  segF1@50=0.24
[b2a][epoch 10/50] loss=1.3108  val_acc=0.6977  macroF1=0.2781  edit=39.67  segF1@50=0.26
[b2a][epoch 11/50] loss=1.2019  val_acc=0.8416  macroF1=0.5315  edit=46.44  segF1@50=0.38
[b2a][epoch 12/50] loss=1.1304  val_acc=0.9063  macroF1=0.6608  edit=42.22  segF1@50=0.41
[b2a][epoch 13/50] loss=1.0504  val_acc=0.9182  macroF1=0.6781  edit=49.38  segF1@50=0.50
[b2a][epoch 14/50] loss=0.9692  val_acc=0.9135  macroF1=0.6703  edit=38.33  segF1@50=0.47
[b2a][epoch 15/50] loss=0.9157  val_acc=0.9201  macroF1=0.6804  edit=60.71  segF1@50=0.58
[b2a][epoch 16/50] loss=0.8723  val_acc=0.9162  macroF1=0.6709  edit=35.57  segF1@50=0.41
[b2a][epoch 17/50] loss=0.8349  val_acc=0.9063  macroF1=0.6748  edit=43.23  segF1@50=0.43
[b2a][epoch 18/50] loss=0.8037  val_acc=0.9135  macroF1=0.6755  edit=44.22  segF1@50=0.49
[b2a][epoch 19/50] loss=0.8024  val_acc=0.9175  macroF1=0.6949  edit=45.56  segF1@50=0.51
[b2a][epoch 20/50] loss=0.7810  val_acc=0.9162  macroF1=0.6783  edit=38.39  segF1@50=0.43
[b2a][epoch 21/50] loss=0.7334  val_acc=0.8917  macroF1=0.6684  edit=37.11  segF1@50=0.37
[b2a][epoch 22/50] loss=0.7221  val_acc=0.9135  macroF1=0.6899  edit=47.35  segF1@50=0.53
[b2a][epoch 23/50] loss=0.6929  val_acc=0.9175  macroF1=0.6791  edit=44.26  segF1@50=0.54
[b2a][epoch 24/50] loss=0.6893  val_acc=0.9155  macroF1=0.7128  edit=39.25  segF1@50=0.42
[b2a][epoch 25/50] loss=0.6612  val_acc=0.9149  macroF1=0.7067  edit=38.51  segF1@50=0.39
[b2a][epoch 26/50] loss=0.6383  val_acc=0.9267  macroF1=0.7158  edit=41.22  segF1@50=0.44
[b2a][epoch 27/50] loss=0.6129  val_acc=0.9195  macroF1=0.6821  edit=38.67  segF1@50=0.46
[b2a][epoch 28/50] loss=0.6125  val_acc=0.9228  macroF1=0.7142  edit=39.90  segF1@50=0.44
[b2a][epoch 29/50] loss=0.5978  val_acc=0.9188  macroF1=0.7112  edit=45.94  segF1@50=0.51
[b2a][epoch 30/50] loss=0.6148  val_acc=0.9221  macroF1=0.6830  edit=45.11  segF1@50=0.54
[b2a][epoch 31/50] loss=0.6075  val_acc=0.9089  macroF1=0.7333  edit=35.10  segF1@50=0.39
[b2a][epoch 32/50] loss=0.7207  val_acc=0.9182  macroF1=0.6911  edit=37.30  segF1@50=0.46
[b2a][epoch 33/50] loss=0.6692  val_acc=0.9036  macroF1=0.7062  edit=35.78  segF1@50=0.34
[b2a][epoch 34/50] loss=0.6087  val_acc=0.9274  macroF1=0.7449  edit=41.11  segF1@50=0.44
[b2a][epoch 35/50] loss=0.5850  val_acc=0.9234  macroF1=0.7279  edit=45.84  segF1@50=0.52
[b2a][epoch 36/50] loss=0.5880  val_acc=0.9175  macroF1=0.7113  edit=41.03  segF1@50=0.49
[b2a][epoch 37/50] loss=0.5405  val_acc=0.9089  macroF1=0.7193  edit=40.72  segF1@50=0.45
[b2a][epoch 38/50] loss=0.5246  val_acc=0.9234  macroF1=0.7045  edit=51.37  segF1@50=0.54
[b2a][epoch 39/50] loss=0.5097  val_acc=0.9102  macroF1=0.7144  edit=38.47  segF1@50=0.40
[b2a][epoch 40/50] loss=0.5039  val_acc=0.9215  macroF1=0.6985  edit=37.14  segF1@50=0.44
[b2a][epoch 41/50] loss=0.5060  val_acc=0.9201  macroF1=0.7219  edit=40.95  segF1@50=0.43
[b2a][epoch 42/50] loss=0.4846  val_acc=0.9208  macroF1=0.6967  edit=40.00  segF1@50=0.47
[b2a][epoch 43/50] loss=0.4778  val_acc=0.9109  macroF1=0.7124  edit=39.68  segF1@50=0.40
[b2a][epoch 44/50] loss=0.4674  val_acc=0.9208  macroF1=0.7221  edit=35.97  segF1@50=0.41
[b2a][epoch 45/50] loss=0.4627  val_acc=0.9096  macroF1=0.7247  edit=34.51  segF1@50=0.39
[b2a][epoch 46/50] loss=0.4786  val_acc=0.9076  macroF1=0.6890  edit=42.35  segF1@50=0.50
[b2a][epoch 47/50] loss=0.4730  val_acc=0.9234  macroF1=0.7116  edit=38.89  segF1@50=0.43
[b2a][epoch 48/50] loss=0.4602  val_acc=0.8977  macroF1=0.6870  edit=35.10  segF1@50=0.35
[b2a][epoch 49/50] loss=0.4436  val_acc=0.9069  macroF1=0.6964  edit=30.61  segF1@50=0.35
[b2a][epoch 50/50] loss=0.4396  val_acc=0.9030  macroF1=0.7004  edit=29.08  segF1@50=0.29
[b2a] best @epoch 34: acc=0.9274 macroF1=0.7449
[b2a] evidence written -> /home/ubuntu/slocal2/m2/experiments/transfer/b2a_ro_oracle_top3noise_p020_002_b2a_ro_oracle_top3noise_p020_seed123
