[b2a] train clips=13  val clips=3  in_dim=2063  tool_source=oracle  classes=9  device=cuda
[b2a] evidence dir: /home/ubuntu/slocal2/m2/experiments/transfer/b2a_base_oracle_noise_p020_002_b2a_base_oracle_noise_p020_seed123
[b2a][epoch 1/50] loss=3.5723  val_acc=0.3677  macroF1=0.0768  edit=18.00  segF1@50=0.22
[b2a][epoch 2/50] loss=3.0628  val_acc=0.3677  macroF1=0.0768  edit=18.00  segF1@50=0.22
[b2a][epoch 3/50] loss=2.7639  val_acc=0.3340  macroF1=0.0716  edit=9.67  segF1@50=0.00
[b2a][epoch 4/50] loss=2.6338  val_acc=0.4772  macroF1=0.1475  edit=12.33  segF1@50=0.11
[b2a][epoch 5/50] loss=2.4710  val_acc=0.4964  macroF1=0.1566  edit=26.36  segF1@50=0.22
[b2a][epoch 6/50] loss=2.1348  val_acc=0.6799  macroF1=0.2308  edit=37.00  segF1@50=0.22
[b2a][epoch 7/50] loss=2.1084  val_acc=0.4389  macroF1=0.1411  edit=16.33  segF1@50=0.02
[b2a][epoch 8/50] loss=2.1184  val_acc=0.6495  macroF1=0.2173  edit=37.00  segF1@50=0.26
[b2a][epoch 9/50] loss=1.7392  val_acc=0.6653  macroF1=0.2279  edit=38.33  segF1@50=0.20
[b2a][epoch 10/50] loss=1.5441  val_acc=0.6653  macroF1=0.2280  edit=31.33  segF1@50=0.16
[b2a][epoch 11/50] loss=1.4147  val_acc=0.6713  macroF1=0.2592  edit=37.00  segF1@50=0.21
[b2a][epoch 12/50] loss=1.3148  val_acc=0.6581  macroF1=0.2640  edit=29.81  segF1@50=0.13
[b2a][epoch 13/50] loss=1.2676  val_acc=0.7729  macroF1=0.3957  edit=32.74  segF1@50=0.22
[b2a][epoch 14/50] loss=1.1650  val_acc=0.7267  macroF1=0.3615  edit=20.54  segF1@50=0.11
[b2a][epoch 15/50] loss=1.1032  val_acc=0.7670  macroF1=0.3982  edit=26.06  segF1@50=0.17
[b2a][epoch 16/50] loss=1.0080  val_acc=0.7802  macroF1=0.4086  edit=26.83  segF1@50=0.20
[b2a][epoch 17/50] loss=0.9684  val_acc=0.8000  macroF1=0.5037  edit=22.80  segF1@50=0.16
[b2a][epoch 18/50] loss=0.9074  val_acc=0.7967  macroF1=0.4374  edit=29.33  segF1@50=0.24
[b2a][epoch 19/50] loss=0.8646  val_acc=0.7809  macroF1=0.3957  edit=47.14  segF1@50=0.24
[b2a][epoch 20/50] loss=0.8629  val_acc=0.7967  macroF1=0.4604  edit=23.94  segF1@50=0.15
[b2a][epoch 21/50] loss=0.7917  val_acc=0.7630  macroF1=0.4842  edit=34.71  segF1@50=0.26
[b2a][epoch 22/50] loss=0.8042  val_acc=0.8746  macroF1=0.6176  edit=26.22  segF1@50=0.41
[b2a][epoch 23/50] loss=0.7693  val_acc=0.8495  macroF1=0.6357  edit=28.07  segF1@50=0.22
[b2a][epoch 24/50] loss=0.7167  val_acc=0.8865  macroF1=0.6828  edit=31.94  segF1@50=0.27
[b2a][epoch 25/50] loss=0.6382  val_acc=0.8832  macroF1=0.6486  edit=36.73  segF1@50=0.33
[b2a][epoch 26/50] loss=0.6257  val_acc=0.8865  macroF1=0.6996  edit=30.81  segF1@50=0.28
[b2a][epoch 27/50] loss=0.6159  val_acc=0.8772  macroF1=0.6381  edit=37.92  segF1@50=0.40
[b2a][epoch 28/50] loss=0.6309  val_acc=0.8733  macroF1=0.6462  edit=38.36  segF1@50=0.37
[b2a][epoch 29/50] loss=0.5877  val_acc=0.8911  macroF1=0.7093  edit=30.17  segF1@50=0.27
[b2a][epoch 30/50] loss=0.5800  val_acc=0.8634  macroF1=0.6885  edit=27.20  segF1@50=0.16
[b2a][epoch 31/50] loss=0.5210  val_acc=0.8851  macroF1=0.7016  edit=40.78  segF1@50=0.40
[b2a][epoch 32/50] loss=0.4943  val_acc=0.9010  macroF1=0.7141  edit=35.70  segF1@50=0.28
[b2a][epoch 33/50] loss=0.4954  val_acc=0.9050  macroF1=0.7535  edit=47.53  segF1@50=0.47
[b2a][epoch 34/50] loss=0.5175  val_acc=0.8917  macroF1=0.6620  edit=36.24  segF1@50=0.31
[b2a][epoch 35/50] loss=0.4792  val_acc=0.9050  macroF1=0.7594  edit=42.66  segF1@50=0.37
[b2a][epoch 36/50] loss=0.4636  val_acc=0.8937  macroF1=0.6963  edit=38.54  segF1@50=0.32
[b2a][epoch 37/50] loss=0.4280  val_acc=0.9083  macroF1=0.7399  edit=40.89  segF1@50=0.37
[b2a][epoch 38/50] loss=0.4128  val_acc=0.9135  macroF1=0.7370  edit=45.11  segF1@50=0.46
[b2a][epoch 39/50] loss=0.4084  val_acc=0.9102  macroF1=0.7626  edit=43.41  segF1@50=0.38
[b2a][epoch 40/50] loss=0.4612  val_acc=0.8924  macroF1=0.6442  edit=42.33  segF1@50=0.46
[b2a][epoch 41/50] loss=0.5210  val_acc=0.8812  macroF1=0.7118  edit=36.37  segF1@50=0.33
[b2a][epoch 42/50] loss=0.4643  val_acc=0.8917  macroF1=0.6589  edit=33.46  segF1@50=0.30
[b2a][epoch 43/50] loss=0.4062  val_acc=0.9109  macroF1=0.7494  edit=46.44  segF1@50=0.48
[b2a][epoch 44/50] loss=0.3933  val_acc=0.9010  macroF1=0.7138  edit=35.78  segF1@50=0.29
[b2a][epoch 45/50] loss=0.3695  val_acc=0.9135  macroF1=0.7516  edit=38.63  segF1@50=0.39
[b2a][epoch 46/50] loss=0.3575  val_acc=0.9089  macroF1=0.7345  edit=42.84  segF1@50=0.45
[b2a][epoch 47/50] loss=0.3547  val_acc=0.9175  macroF1=0.7526  edit=47.02  segF1@50=0.45
[b2a][epoch 48/50] loss=0.3467  val_acc=0.9142  macroF1=0.7450  edit=46.84  segF1@50=0.43
[b2a][epoch 49/50] loss=0.3377  val_acc=0.9083  macroF1=0.7489  edit=42.36  segF1@50=0.47
[b2a][epoch 50/50] loss=0.3254  val_acc=0.9188  macroF1=0.7437  edit=46.76  segF1@50=0.44
[b2a] best @epoch 50: acc=0.9188 macroF1=0.7437
[b2a] evidence written -> /home/ubuntu/slocal2/m2/experiments/transfer/b2a_base_oracle_noise_p020_002_b2a_base_oracle_noise_p020_seed123
