[b2a] train clips=13  val clips=3  in_dim=2063  tool_source=oracle  classes=9  device=cuda
[b2a] evidence dir: /home/ubuntu/slocal2/m2/experiments/transfer/b2a_ro_oracle_scalpelnoise_p020_003_b2a_ro_oracle_scalpelnoise_p020_seed456
[b2a][epoch 1/50] loss=3.4584  val_acc=0.3677  macroF1=0.0768  edit=18.00  segF1@50=0.22
[b2a][epoch 2/50] loss=2.6800  val_acc=0.6759  macroF1=0.2312  edit=41.00  segF1@50=0.21
[b2a][epoch 3/50] loss=2.0797  val_acc=0.6706  macroF1=0.2277  edit=35.67  segF1@50=0.22
[b2a][epoch 4/50] loss=1.8061  val_acc=0.6660  macroF1=0.2275  edit=37.00  segF1@50=0.26
[b2a][epoch 5/50] loss=1.6510  val_acc=0.6818  macroF1=0.2289  edit=30.33  segF1@50=0.33
[b2a][epoch 6/50] loss=1.4992  val_acc=0.6858  macroF1=0.2331  edit=27.33  segF1@50=0.17
[b2a][epoch 7/50] loss=1.4508  val_acc=0.6851  macroF1=0.2316  edit=34.17  segF1@50=0.24
[b2a][epoch 8/50] loss=1.2854  val_acc=0.6865  macroF1=0.2326  edit=33.70  segF1@50=0.22
[b2a][epoch 9/50] loss=1.1887  val_acc=0.7129  macroF1=0.3044  edit=45.00  segF1@50=0.27
[b2a][epoch 10/50] loss=1.1018  val_acc=0.8106  macroF1=0.4602  edit=30.59  segF1@50=0.22
[b2a][epoch 11/50] loss=1.0156  val_acc=0.8370  macroF1=0.4987  edit=41.22  segF1@50=0.44
[b2a][epoch 12/50] loss=0.9290  val_acc=0.8416  macroF1=0.5168  edit=41.54  segF1@50=0.40
[b2a][epoch 13/50] loss=0.8624  val_acc=0.7974  macroF1=0.4433  edit=38.55  segF1@50=0.32
[b2a][epoch 14/50] loss=0.8369  val_acc=0.9300  macroF1=0.7494  edit=71.33  segF1@50=0.74
[b2a][epoch 15/50] loss=0.7604  val_acc=0.9142  macroF1=0.7308  edit=37.15  segF1@50=0.37
[b2a][epoch 16/50] loss=0.7640  val_acc=0.9386  macroF1=0.7846  edit=66.89  segF1@50=0.76
[b2a][epoch 17/50] loss=0.7120  val_acc=0.9340  macroF1=0.7702  edit=44.80  segF1@50=0.51
[b2a][epoch 18/50] loss=0.6664  val_acc=0.9426  macroF1=0.7878  edit=68.58  segF1@50=0.71
[b2a][epoch 19/50] loss=0.6475  val_acc=0.9419  macroF1=0.7847  edit=73.66  segF1@50=0.77
[b2a][epoch 20/50] loss=0.6280  val_acc=0.9472  macroF1=0.8057  edit=70.88  segF1@50=0.73
[b2a][epoch 21/50] loss=0.6104  val_acc=0.9419  macroF1=0.7914  edit=43.17  segF1@50=0.52
[b2a][epoch 22/50] loss=0.6059  val_acc=0.9498  macroF1=0.8118  edit=53.58  segF1@50=0.63
[b2a][epoch 23/50] loss=0.5862  val_acc=0.9446  macroF1=0.7987  edit=74.73  segF1@50=0.78
[b2a][epoch 24/50] loss=0.5700  val_acc=0.9498  macroF1=0.8102  edit=50.00  segF1@50=0.60
[b2a][epoch 25/50] loss=0.5511  val_acc=0.9525  macroF1=0.8156  edit=59.77  segF1@50=0.68
[b2a][epoch 26/50] loss=0.5479  val_acc=0.9518  macroF1=0.8131  edit=53.33  segF1@50=0.63
[b2a][epoch 27/50] loss=0.5321  val_acc=0.9531  macroF1=0.8178  edit=61.73  segF1@50=0.68
[b2a][epoch 28/50] loss=0.5118  val_acc=0.9472  macroF1=0.8028  edit=56.57  segF1@50=0.69
[b2a][epoch 29/50] loss=0.5322  val_acc=0.9492  macroF1=0.8163  edit=38.26  segF1@50=0.44
[b2a][epoch 30/50] loss=0.5221  val_acc=0.9472  macroF1=0.8030  edit=62.85  segF1@50=0.72
[b2a][epoch 31/50] loss=0.4856  val_acc=0.9538  macroF1=0.8207  edit=49.81  segF1@50=0.58
[b2a][epoch 32/50] loss=0.4690  val_acc=0.9538  macroF1=0.8156  edit=52.85  segF1@50=0.62
[b2a][epoch 33/50] loss=0.4661  val_acc=0.9538  macroF1=0.8187  edit=53.93  segF1@50=0.62
[b2a][epoch 34/50] loss=0.4607  val_acc=0.9538  macroF1=0.8184  edit=48.06  segF1@50=0.58
[b2a][epoch 35/50] loss=0.4757  val_acc=0.9485  macroF1=0.8110  edit=45.04  segF1@50=0.50
[b2a][epoch 36/50] loss=0.4505  val_acc=0.9465  macroF1=0.8038  edit=51.01  segF1@50=0.60
[b2a][epoch 37/50] loss=0.4543  val_acc=0.9512  macroF1=0.8158  edit=49.21  segF1@50=0.57
[b2a][epoch 38/50] loss=0.4399  val_acc=0.9485  macroF1=0.8123  edit=48.40  segF1@50=0.56
[b2a][epoch 39/50] loss=0.4274  val_acc=0.9512  macroF1=0.8218  edit=43.33  segF1@50=0.53
[b2a][epoch 40/50] loss=0.4177  val_acc=0.9531  macroF1=0.8221  edit=59.77  segF1@50=0.67
[b2a][epoch 41/50] loss=0.4155  val_acc=0.9558  macroF1=0.8263  edit=62.82  segF1@50=0.70
[b2a][epoch 42/50] loss=0.4051  val_acc=0.9558  macroF1=0.8241  edit=53.58  segF1@50=0.61
[b2a][epoch 43/50] loss=0.4067  val_acc=0.9564  macroF1=0.8274  edit=62.82  segF1@50=0.70
[b2a][epoch 44/50] loss=0.3950  val_acc=0.9578  macroF1=0.8290  edit=57.28  segF1@50=0.66
[b2a][epoch 45/50] loss=0.3801  val_acc=0.9525  macroF1=0.8199  edit=49.49  segF1@50=0.57
[b2a][epoch 46/50] loss=0.3838  val_acc=0.9558  macroF1=0.8268  edit=54.44  segF1@50=0.63
[b2a][epoch 47/50] loss=0.3717  val_acc=0.9564  macroF1=0.8265  edit=62.96  segF1@50=0.69
[b2a][epoch 48/50] loss=0.3801  val_acc=0.9591  macroF1=0.8278  edit=58.33  segF1@50=0.66
[b2a][epoch 49/50] loss=0.4092  val_acc=0.9485  macroF1=0.8196  edit=57.84  segF1@50=0.67
[b2a][epoch 50/50] loss=0.4342  val_acc=0.9564  macroF1=0.8274  edit=58.33  segF1@50=0.67
[b2a] best @epoch 48: acc=0.9591 macroF1=0.8278
[b2a] evidence written -> /home/ubuntu/slocal2/m2/experiments/transfer/b2a_ro_oracle_scalpelnoise_p020_003_b2a_ro_oracle_scalpelnoise_p020_seed456
