[b2a] train clips=13  val clips=3  in_dim=2063  tool_source=oracle  classes=9  device=cuda
[b2a] evidence dir: /home/ubuntu/slocal2/m2/experiments/transfer/b2a_base_oracle_noise_p010_001_b2a_base_oracle_noise_p010_seed42
[b2a][epoch 1/50] loss=3.7527  val_acc=0.3624  macroF1=0.0766  edit=2.67  segF1@50=0.17
[b2a][epoch 2/50] loss=2.8818  val_acc=0.2462  macroF1=0.0810  edit=10.37  segF1@50=0.00
[b2a][epoch 3/50] loss=2.7076  val_acc=0.3670  macroF1=0.0768  edit=1.33  segF1@50=0.17
[b2a][epoch 4/50] loss=2.4859  val_acc=0.6112  macroF1=0.2117  edit=20.83  segF1@50=0.04
[b2a][epoch 5/50] loss=2.5004  val_acc=0.4574  macroF1=0.1401  edit=31.72  segF1@50=0.22
[b2a][epoch 6/50] loss=2.1369  val_acc=0.6779  macroF1=0.2299  edit=32.67  segF1@50=0.14
[b2a][epoch 7/50] loss=1.7074  val_acc=0.6040  macroF1=0.2091  edit=41.00  segF1@50=0.20
[b2a][epoch 8/50] loss=1.5786  val_acc=0.5828  macroF1=0.2019  edit=36.43  segF1@50=0.19
[b2a][epoch 9/50] loss=1.4830  val_acc=0.6502  macroF1=0.2235  edit=30.00  segF1@50=0.16
[b2a][epoch 10/50] loss=1.4430  val_acc=0.6772  macroF1=0.2995  edit=41.99  segF1@50=0.21
[b2a][epoch 11/50] loss=1.3332  val_acc=0.6818  macroF1=0.2870  edit=31.17  segF1@50=0.20
[b2a][epoch 12/50] loss=1.2345  val_acc=0.6964  macroF1=0.3277  edit=50.25  segF1@50=0.17
[b2a][epoch 13/50] loss=1.1630  val_acc=0.7300  macroF1=0.4388  edit=24.00  segF1@50=0.12
[b2a][epoch 14/50] loss=1.1280  val_acc=0.7498  macroF1=0.3834  edit=27.18  segF1@50=0.17
[b2a][epoch 15/50] loss=1.0778  val_acc=0.7934  macroF1=0.4282  edit=33.43  segF1@50=0.31
[b2a][epoch 16/50] loss=0.9788  val_acc=0.7855  macroF1=0.4256  edit=25.60  segF1@50=0.17
[b2a][epoch 17/50] loss=0.8923  val_acc=0.9023  macroF1=0.6537  edit=39.30  segF1@50=0.41
[b2a][epoch 18/50] loss=0.8189  val_acc=0.9182  macroF1=0.6764  edit=35.76  segF1@50=0.42
[b2a][epoch 19/50] loss=0.8626  val_acc=0.7327  macroF1=0.6076  edit=23.64  segF1@50=0.19
[b2a][epoch 20/50] loss=0.9894  val_acc=0.7492  macroF1=0.4710  edit=33.95  segF1@50=0.24
[b2a][epoch 21/50] loss=0.8960  val_acc=0.8884  macroF1=0.6354  edit=38.00  segF1@50=0.34
[b2a][epoch 22/50] loss=0.7628  val_acc=0.8931  macroF1=0.6571  edit=30.22  segF1@50=0.32
[b2a][epoch 23/50] loss=0.7251  val_acc=0.9056  macroF1=0.6662  edit=31.61  segF1@50=0.32
[b2a][epoch 24/50] loss=0.6294  val_acc=0.8964  macroF1=0.6688  edit=37.11  segF1@50=0.31
[b2a][epoch 25/50] loss=0.6122  val_acc=0.9142  macroF1=0.6890  edit=37.17  segF1@50=0.36
[b2a][epoch 26/50] loss=0.6317  val_acc=0.8812  macroF1=0.6406  edit=32.81  segF1@50=0.33
[b2a][epoch 27/50] loss=0.6201  val_acc=0.8693  macroF1=0.6520  edit=35.17  segF1@50=0.33
[b2a][epoch 28/50] loss=0.5456  val_acc=0.8964  macroF1=0.6592  edit=34.00  segF1@50=0.34
[b2a][epoch 29/50] loss=0.5249  val_acc=0.9149  macroF1=0.7382  edit=39.68  segF1@50=0.37
[b2a][epoch 30/50] loss=0.4849  val_acc=0.8977  macroF1=0.6815  edit=32.29  segF1@50=0.35
[b2a][epoch 31/50] loss=0.4717  val_acc=0.9122  macroF1=0.7265  edit=41.70  segF1@50=0.38
[b2a][epoch 32/50] loss=0.4600  val_acc=0.9102  macroF1=0.7032  edit=34.02  segF1@50=0.35
[b2a][epoch 33/50] loss=0.4434  val_acc=0.9234  macroF1=0.7611  edit=39.52  segF1@50=0.41
[b2a][epoch 34/50] loss=0.4450  val_acc=0.9201  macroF1=0.7144  edit=37.17  segF1@50=0.38
[b2a][epoch 35/50] loss=0.4312  val_acc=0.9056  macroF1=0.7319  edit=38.89  segF1@50=0.39
[b2a][epoch 36/50] loss=0.4035  val_acc=0.9109  macroF1=0.7327  edit=33.98  segF1@50=0.34
[b2a][epoch 37/50] loss=0.4003  val_acc=0.9135  macroF1=0.7498  edit=39.42  segF1@50=0.41
[b2a][epoch 38/50] loss=0.3899  val_acc=0.9248  macroF1=0.7404  edit=38.24  segF1@50=0.39
[b2a][epoch 39/50] loss=0.3919  val_acc=0.8990  macroF1=0.7330  edit=40.08  segF1@50=0.43
[b2a][epoch 40/50] loss=0.3774  val_acc=0.9241  macroF1=0.7637  edit=40.81  segF1@50=0.44
[b2a][epoch 41/50] loss=0.3797  val_acc=0.9254  macroF1=0.7666  edit=42.48  segF1@50=0.43
[b2a][epoch 42/50] loss=0.3924  val_acc=0.9201  macroF1=0.7252  edit=36.24  segF1@50=0.36
[b2a][epoch 43/50] loss=0.3574  val_acc=0.9155  macroF1=0.7630  edit=41.78  segF1@50=0.44
[b2a][epoch 44/50] loss=0.3397  val_acc=0.9320  macroF1=0.7755  edit=39.83  segF1@50=0.44
[b2a][epoch 45/50] loss=0.3420  val_acc=0.9102  macroF1=0.7486  edit=39.85  segF1@50=0.40
[b2a][epoch 46/50] loss=0.3291  val_acc=0.9023  macroF1=0.7325  edit=38.62  segF1@50=0.37
[b2a][epoch 47/50] loss=0.3287  val_acc=0.9274  macroF1=0.7787  edit=38.79  segF1@50=0.39
[b2a][epoch 48/50] loss=0.3383  val_acc=0.9175  macroF1=0.7279  edit=36.48  segF1@50=0.46
[b2a][epoch 49/50] loss=0.3498  val_acc=0.8977  macroF1=0.7528  edit=36.22  segF1@50=0.38
[b2a][epoch 50/50] loss=0.3936  val_acc=0.9089  macroF1=0.6863  edit=30.14  segF1@50=0.29
[b2a] best @epoch 44: acc=0.9320 macroF1=0.7755
[b2a] evidence written -> /home/ubuntu/slocal2/m2/experiments/transfer/b2a_base_oracle_noise_p010_001_b2a_base_oracle_noise_p010_seed42
