[b2a] train clips=13  val clips=3  in_dim=2063  tool_source=oracle  classes=9  device=cuda
[b2a] evidence dir: /home/ubuntu/slocal2/m2/experiments/transfer/b2a_base_oracle_top3noise_p020_001_b2a_base_oracle_top3noise_p020_seed42
[b2a][epoch 1/50] loss=3.7503  val_acc=0.3624  macroF1=0.0766  edit=2.67  segF1@50=0.17
[b2a][epoch 2/50] loss=2.8790  val_acc=0.2640  macroF1=0.0884  edit=5.48  segF1@50=0.01
[b2a][epoch 3/50] loss=2.7048  val_acc=0.3677  macroF1=0.0768  edit=18.00  segF1@50=0.22
[b2a][epoch 4/50] loss=2.4814  val_acc=0.5789  macroF1=0.2009  edit=20.83  segF1@50=0.05
[b2a][epoch 5/50] loss=2.4974  val_acc=0.4561  macroF1=0.1412  edit=33.20  segF1@50=0.22
[b2a][epoch 6/50] loss=2.1388  val_acc=0.6759  macroF1=0.2289  edit=28.79  segF1@50=0.12
[b2a][epoch 7/50] loss=1.7077  val_acc=0.5934  macroF1=0.2053  edit=41.00  segF1@50=0.21
[b2a][epoch 8/50] loss=1.5835  val_acc=0.5571  macroF1=0.1925  edit=30.00  segF1@50=0.12
[b2a][epoch 9/50] loss=1.4861  val_acc=0.6574  macroF1=0.2256  edit=38.33  segF1@50=0.22
[b2a][epoch 10/50] loss=1.4644  val_acc=0.6766  macroF1=0.3031  edit=43.83  segF1@50=0.21
[b2a][epoch 11/50] loss=1.3492  val_acc=0.6871  macroF1=0.2938  edit=31.37  segF1@50=0.19
[b2a][epoch 12/50] loss=1.2334  val_acc=0.7261  macroF1=0.4012  edit=25.80  segF1@50=0.22
[b2a][epoch 13/50] loss=1.1542  val_acc=0.7201  macroF1=0.4283  edit=27.09  segF1@50=0.15
[b2a][epoch 14/50] loss=1.1092  val_acc=0.7683  macroF1=0.4252  edit=25.52  segF1@50=0.17
[b2a][epoch 15/50] loss=1.0859  val_acc=0.8079  macroF1=0.5208  edit=32.67  segF1@50=0.33
[b2a][epoch 16/50] loss=0.9987  val_acc=0.8165  macroF1=0.5643  edit=26.46  segF1@50=0.21
[b2a][epoch 17/50] loss=0.9028  val_acc=0.8904  macroF1=0.6499  edit=33.46  segF1@50=0.30
[b2a][epoch 18/50] loss=0.8105  val_acc=0.9003  macroF1=0.6494  edit=40.00  segF1@50=0.41
[b2a][epoch 19/50] loss=0.8190  val_acc=0.8073  macroF1=0.6236  edit=24.23  segF1@50=0.19
[b2a][epoch 20/50] loss=0.8891  val_acc=0.8046  macroF1=0.5659  edit=40.67  segF1@50=0.32
[b2a][epoch 21/50] loss=0.7839  val_acc=0.8614  macroF1=0.6306  edit=33.00  segF1@50=0.27
[b2a][epoch 22/50] loss=0.6817  val_acc=0.8667  macroF1=0.6094  edit=32.27  segF1@50=0.28
[b2a][epoch 23/50] loss=0.6546  val_acc=0.8746  macroF1=0.6392  edit=31.31  segF1@50=0.29
[b2a][epoch 24/50] loss=0.6035  val_acc=0.8937  macroF1=0.6674  edit=28.30  segF1@50=0.28
[b2a][epoch 25/50] loss=0.5767  val_acc=0.8673  macroF1=0.6613  edit=40.38  segF1@50=0.33
[b2a][epoch 26/50] loss=0.5554  val_acc=0.8832  macroF1=0.6372  edit=32.27  segF1@50=0.32
[b2a][epoch 27/50] loss=0.5570  val_acc=0.8706  macroF1=0.6570  edit=34.21  segF1@50=0.30
[b2a][epoch 28/50] loss=0.5163  val_acc=0.9083  macroF1=0.6707  edit=34.54  segF1@50=0.37
[b2a][epoch 29/50] loss=0.4877  val_acc=0.8911  macroF1=0.6942  edit=38.14  segF1@50=0.38
[b2a][epoch 30/50] loss=0.4573  val_acc=0.8957  macroF1=0.6858  edit=31.28  segF1@50=0.33
[b2a][epoch 31/50] loss=0.4427  val_acc=0.9056  macroF1=0.7077  edit=38.64  segF1@50=0.39
[b2a][epoch 32/50] loss=0.4322  val_acc=0.9089  macroF1=0.7150  edit=38.73  segF1@50=0.38
[b2a][epoch 33/50] loss=0.4114  val_acc=0.9096  macroF1=0.7264  edit=38.13  segF1@50=0.38
[b2a][epoch 34/50] loss=0.3976  val_acc=0.9254  macroF1=0.7580  edit=39.80  segF1@50=0.40
[b2a][epoch 35/50] loss=0.3830  val_acc=0.9142  macroF1=0.7338  edit=39.57  segF1@50=0.40
[b2a][epoch 36/50] loss=0.3831  val_acc=0.9142  macroF1=0.7600  edit=35.74  segF1@50=0.37
[b2a][epoch 37/50] loss=0.4178  val_acc=0.9162  macroF1=0.7031  edit=44.64  segF1@50=0.44
[b2a][epoch 38/50] loss=0.4873  val_acc=0.9142  macroF1=0.6768  edit=41.16  segF1@50=0.49
[b2a][epoch 39/50] loss=0.4935  val_acc=0.9096  macroF1=0.7278  edit=39.08  segF1@50=0.40
[b2a][epoch 40/50] loss=0.4694  val_acc=0.8964  macroF1=0.7510  edit=21.22  segF1@50=0.17
[b2a][epoch 41/50] loss=0.4392  val_acc=0.8970  macroF1=0.7108  edit=37.01  segF1@50=0.36
[b2a][epoch 42/50] loss=0.4038  val_acc=0.8898  macroF1=0.7418  edit=36.00  segF1@50=0.38
[b2a][epoch 43/50] loss=0.4057  val_acc=0.9063  macroF1=0.6962  edit=28.78  segF1@50=0.30
[b2a][epoch 44/50] loss=0.3637  val_acc=0.9036  macroF1=0.7497  edit=38.46  segF1@50=0.38
[b2a][epoch 45/50] loss=0.3422  val_acc=0.9254  macroF1=0.7613  edit=32.30  segF1@50=0.33
[b2a][epoch 46/50] loss=0.3235  val_acc=0.9281  macroF1=0.7761  edit=40.83  segF1@50=0.42
[b2a][epoch 47/50] loss=0.3137  val_acc=0.9234  macroF1=0.7697  edit=40.72  segF1@50=0.41
[b2a][epoch 48/50] loss=0.3029  val_acc=0.9201  macroF1=0.7584  edit=40.56  segF1@50=0.44
[b2a][epoch 49/50] loss=0.2928  val_acc=0.9320  macroF1=0.7855  edit=42.66  segF1@50=0.44
[b2a][epoch 50/50] loss=0.2912  val_acc=0.9294  macroF1=0.7768  edit=40.81  segF1@50=0.43
[b2a] best @epoch 49: acc=0.9320 macroF1=0.7855
[b2a] evidence written -> /home/ubuntu/slocal2/m2/experiments/transfer/b2a_base_oracle_top3noise_p020_001_b2a_base_oracle_top3noise_p020_seed42
