[b2a] train clips=13  val clips=3  in_dim=2063  tool_source=pred  classes=9  device=cuda
[b2a] evidence dir: /home/ubuntu/slocal/m2/experiments/transfer/b2a_det2phase_toolpresence_014_b2a_det2phase_toolpresence_seed123
[b2a][epoch 1/50] loss=3.5547  val_acc=0.3677  macroF1=0.0768  edit=18.00  segF1@50=0.22
[b2a][epoch 2/50] loss=3.0380  val_acc=0.3677  macroF1=0.0768  edit=18.00  segF1@50=0.22
[b2a][epoch 3/50] loss=2.7264  val_acc=0.3340  macroF1=0.0715  edit=9.67  segF1@50=0.00
[b2a][epoch 4/50] loss=2.5597  val_acc=0.4766  macroF1=0.1472  edit=30.00  segF1@50=0.22
[b2a][epoch 5/50] loss=2.3618  val_acc=0.6574  macroF1=0.2205  edit=31.67  segF1@50=0.22
[b2a][epoch 6/50] loss=1.9339  val_acc=0.6574  macroF1=0.2244  edit=35.67  segF1@50=0.26
[b2a][epoch 7/50] loss=1.9357  val_acc=0.3993  macroF1=0.1183  edit=35.53  segF1@50=0.00
[b2a][epoch 8/50] loss=2.2666  val_acc=0.6277  macroF1=0.2093  edit=41.00  segF1@50=0.22
[b2a][epoch 9/50] loss=1.6919  val_acc=0.6224  macroF1=0.2155  edit=30.25  segF1@50=0.15
[b2a][epoch 10/50] loss=1.4233  val_acc=0.6686  macroF1=0.2285  edit=32.67  segF1@50=0.14
[b2a][epoch 11/50] loss=1.3145  val_acc=0.6370  macroF1=0.2585  edit=47.47  segF1@50=0.21
[b2a][epoch 12/50] loss=1.1974  val_acc=0.7195  macroF1=0.3725  edit=27.73  segF1@50=0.19
[b2a][epoch 13/50] loss=1.1135  val_acc=0.7571  macroF1=0.4002  edit=37.17  segF1@50=0.29
[b2a][epoch 14/50] loss=1.0277  val_acc=0.7452  macroF1=0.3770  edit=37.24  segF1@50=0.31
[b2a][epoch 15/50] loss=0.9854  val_acc=0.7743  macroF1=0.4334  edit=36.44  segF1@50=0.26
[b2a][epoch 16/50] loss=0.9170  val_acc=0.7914  macroF1=0.4611  edit=41.14  segF1@50=0.33
[b2a][epoch 17/50] loss=0.8792  val_acc=0.8125  macroF1=0.5788  edit=28.18  segF1@50=0.24
[b2a][epoch 18/50] loss=0.7840  val_acc=0.8086  macroF1=0.4773  edit=33.33  segF1@50=0.32
[b2a][epoch 19/50] loss=0.7415  val_acc=0.8436  macroF1=0.5915  edit=37.14  segF1@50=0.28
[b2a][epoch 20/50] loss=0.7040  val_acc=0.8040  macroF1=0.5015  edit=30.01  segF1@50=0.23
[b2a][epoch 21/50] loss=0.6979  val_acc=0.8554  macroF1=0.6207  edit=27.38  segF1@50=0.23
[b2a][epoch 22/50] loss=0.7568  val_acc=0.8013  macroF1=0.5310  edit=27.06  segF1@50=0.20
[b2a][epoch 23/50] loss=0.7083  val_acc=0.8799  macroF1=0.7253  edit=33.43  segF1@50=0.31
[b2a][epoch 24/50] loss=0.5861  val_acc=0.8825  macroF1=0.6992  edit=32.65  segF1@50=0.30
[b2a][epoch 25/50] loss=0.5611  val_acc=0.9003  macroF1=0.7474  edit=29.72  segF1@50=0.30
[b2a][epoch 26/50] loss=0.5220  val_acc=0.8970  macroF1=0.7250  edit=32.94  segF1@50=0.38
[b2a][epoch 27/50] loss=0.5012  val_acc=0.8997  macroF1=0.7326  edit=33.52  segF1@50=0.30
[b2a][epoch 28/50] loss=0.5089  val_acc=0.8983  macroF1=0.7500  edit=41.92  segF1@50=0.40
[b2a][epoch 29/50] loss=0.4921  val_acc=0.9023  macroF1=0.7117  edit=40.18  segF1@50=0.33
[b2a][epoch 30/50] loss=0.4580  val_acc=0.9122  macroF1=0.7740  edit=32.76  segF1@50=0.35
[b2a][epoch 31/50] loss=0.4399  val_acc=0.9129  macroF1=0.7621  edit=37.62  segF1@50=0.39
[b2a][epoch 32/50] loss=0.4503  val_acc=0.9096  macroF1=0.7462  edit=38.99  segF1@50=0.37
[b2a][epoch 33/50] loss=0.4430  val_acc=0.9228  macroF1=0.7805  edit=34.81  segF1@50=0.36
[b2a][epoch 34/50] loss=0.4454  val_acc=0.9036  macroF1=0.7227  edit=37.22  segF1@50=0.33
[b2a][epoch 35/50] loss=0.4271  val_acc=0.9089  macroF1=0.7656  edit=33.57  segF1@50=0.36
[b2a][epoch 36/50] loss=0.4096  val_acc=0.9188  macroF1=0.7512  edit=38.89  segF1@50=0.42
[b2a][epoch 37/50] loss=0.3848  val_acc=0.9274  macroF1=0.7932  edit=33.50  segF1@50=0.37
[b2a][epoch 38/50] loss=0.3843  val_acc=0.9208  macroF1=0.7651  edit=41.14  segF1@50=0.41
[b2a][epoch 39/50] loss=0.3856  val_acc=0.9366  macroF1=0.8035  edit=37.96  segF1@50=0.41
[b2a][epoch 40/50] loss=0.4187  val_acc=0.9149  macroF1=0.7206  edit=37.30  segF1@50=0.33
[b2a][epoch 41/50] loss=0.4079  val_acc=0.8634  macroF1=0.7362  edit=30.62  segF1@50=0.33
[b2a][epoch 42/50] loss=0.3754  val_acc=0.9314  macroF1=0.7847  edit=34.52  segF1@50=0.39
[b2a][epoch 43/50] loss=0.3457  val_acc=0.9300  macroF1=0.7947  edit=40.48  segF1@50=0.41
[b2a][epoch 44/50] loss=0.3234  val_acc=0.9155  macroF1=0.7786  edit=38.96  segF1@50=0.38
[b2a][epoch 45/50] loss=0.3136  val_acc=0.9353  macroF1=0.7986  edit=35.14  segF1@50=0.38
[b2a][epoch 46/50] loss=0.3035  val_acc=0.9287  macroF1=0.7919  edit=40.93  segF1@50=0.41
[b2a][epoch 47/50] loss=0.2984  val_acc=0.9307  macroF1=0.7898  edit=40.42  segF1@50=0.41
[b2a][epoch 48/50] loss=0.2901  val_acc=0.9406  macroF1=0.8075  edit=46.72  segF1@50=0.46
[b2a][epoch 49/50] loss=0.2792  val_acc=0.9366  macroF1=0.7965  edit=41.07  segF1@50=0.43
[b2a][epoch 50/50] loss=0.2749  val_acc=0.9399  macroF1=0.8050  edit=43.06  segF1@50=0.44
[b2a] best @epoch 48: acc=0.9406 macroF1=0.8075
[b2a] evidence written -> /home/ubuntu/slocal/m2/experiments/transfer/b2a_det2phase_toolpresence_014_b2a_det2phase_toolpresence_seed123
