[b2a] train clips=13  val clips=3  in_dim=2063  tool_source=pred  classes=9  device=cuda
[b2a] evidence dir: /home/ubuntu/slocal/m2/experiments/transfer/b2a_det2phase_toolpresence_019_b2a_det2phase_toolpresence_seed42
[b2a][epoch 1/50] loss=3.7525  val_acc=0.3624  macroF1=0.0766  edit=2.67  segF1@50=0.17
[b2a][epoch 2/50] loss=2.8606  val_acc=0.2997  macroF1=0.1036  edit=3.88  segF1@50=0.01
[b2a][epoch 3/50] loss=2.6603  val_acc=0.3670  macroF1=0.0769  edit=1.33  segF1@50=0.17
[b2a][epoch 4/50] loss=2.4153  val_acc=0.5056  macroF1=0.1727  edit=24.33  segF1@50=0.01
[b2a][epoch 5/50] loss=2.4090  val_acc=0.6053  macroF1=0.2009  edit=35.23  segF1@50=0.26
[b2a][epoch 6/50] loss=1.9835  val_acc=0.6766  macroF1=0.2300  edit=41.00  segF1@50=0.25
[b2a][epoch 7/50] loss=1.5937  val_acc=0.6568  macroF1=0.2251  edit=35.67  segF1@50=0.21
[b2a][epoch 8/50] loss=1.4652  val_acc=0.6713  macroF1=0.2277  edit=35.50  segF1@50=0.33
[b2a][epoch 9/50] loss=1.3846  val_acc=0.6779  macroF1=0.2387  edit=38.33  segF1@50=0.21
[b2a][epoch 10/50] loss=1.3187  val_acc=0.6000  macroF1=0.2123  edit=37.28  segF1@50=0.19
[b2a][epoch 11/50] loss=1.2819  val_acc=0.7650  macroF1=0.3997  edit=41.13  segF1@50=0.26
[b2a][epoch 12/50] loss=1.1483  val_acc=0.8865  macroF1=0.6433  edit=42.19  segF1@50=0.38
[b2a][epoch 13/50] loss=1.0874  val_acc=0.8449  macroF1=0.5971  edit=31.76  segF1@50=0.31
[b2a][epoch 14/50] loss=0.9832  val_acc=0.8139  macroF1=0.5064  edit=40.89  segF1@50=0.34
[b2a][epoch 15/50] loss=0.8958  val_acc=0.8898  macroF1=0.6650  edit=58.89  segF1@50=0.53
[b2a][epoch 16/50] loss=0.8263  val_acc=0.8950  macroF1=0.6593  edit=30.77  segF1@50=0.34
[b2a][epoch 17/50] loss=0.7768  val_acc=0.8931  macroF1=0.6932  edit=42.22  segF1@50=0.33
[b2a][epoch 18/50] loss=0.7069  val_acc=0.8990  macroF1=0.6848  edit=36.44  segF1@50=0.32
[b2a][epoch 19/50] loss=0.7045  val_acc=0.9076  macroF1=0.7285  edit=44.44  segF1@50=0.33
[b2a][epoch 20/50] loss=0.6534  val_acc=0.9089  macroF1=0.7084  edit=31.67  segF1@50=0.28
[b2a][epoch 21/50] loss=0.6149  val_acc=0.8858  macroF1=0.7014  edit=36.67  segF1@50=0.31
[b2a][epoch 22/50] loss=0.5774  val_acc=0.9102  macroF1=0.7484  edit=32.50  segF1@50=0.33
[b2a][epoch 23/50] loss=0.5489  val_acc=0.9096  macroF1=0.7420  edit=32.17  segF1@50=0.31
[b2a][epoch 24/50] loss=0.5950  val_acc=0.9010  macroF1=0.6971  edit=34.05  segF1@50=0.29
[b2a][epoch 25/50] loss=0.5602  val_acc=0.8832  macroF1=0.6674  edit=30.08  segF1@50=0.25
[b2a][epoch 26/50] loss=0.5172  val_acc=0.9076  macroF1=0.7067  edit=32.86  segF1@50=0.30
[b2a][epoch 27/50] loss=0.4963  val_acc=0.9195  macroF1=0.7416  edit=39.44  segF1@50=0.40
[b2a][epoch 28/50] loss=0.4795  val_acc=0.9069  macroF1=0.7614  edit=38.13  segF1@50=0.36
[b2a][epoch 29/50] loss=0.4626  val_acc=0.9155  macroF1=0.7345  edit=44.06  segF1@50=0.47
[b2a][epoch 30/50] loss=0.4379  val_acc=0.9175  macroF1=0.7445  edit=35.35  segF1@50=0.33
[b2a][epoch 31/50] loss=0.4324  val_acc=0.9254  macroF1=0.7720  edit=41.19  segF1@50=0.46
[b2a][epoch 32/50] loss=0.4337  val_acc=0.9261  macroF1=0.7726  edit=40.00  segF1@50=0.37
[b2a][epoch 33/50] loss=0.4165  val_acc=0.9221  macroF1=0.7791  edit=33.12  segF1@50=0.34
[b2a][epoch 34/50] loss=0.4255  val_acc=0.9267  macroF1=0.7629  edit=36.95  segF1@50=0.36
[b2a][epoch 35/50] loss=0.3773  val_acc=0.9215  macroF1=0.7681  edit=35.46  segF1@50=0.34
[b2a][epoch 36/50] loss=0.3628  val_acc=0.9300  macroF1=0.7797  edit=34.26  segF1@50=0.35
[b2a][epoch 37/50] loss=0.3543  val_acc=0.9287  macroF1=0.7838  edit=42.78  segF1@50=0.43
[b2a][epoch 38/50] loss=0.3504  val_acc=0.9281  macroF1=0.7662  edit=42.14  segF1@50=0.42
[b2a][epoch 39/50] loss=0.4556  val_acc=0.8667  macroF1=0.6511  edit=28.94  segF1@50=0.26
[b2a][epoch 40/50] loss=0.4313  val_acc=0.9010  macroF1=0.7569  edit=41.36  segF1@50=0.41
[b2a][epoch 41/50] loss=0.3965  val_acc=0.9287  macroF1=0.7731  edit=38.72  segF1@50=0.42
[b2a][epoch 42/50] loss=0.3644  val_acc=0.9069  macroF1=0.7694  edit=30.17  segF1@50=0.33
[b2a][epoch 43/50] loss=0.3523  val_acc=0.9287  macroF1=0.7813  edit=35.64  segF1@50=0.36
[b2a][epoch 44/50] loss=0.3254  val_acc=0.9340  macroF1=0.7959  edit=33.05  segF1@50=0.34
[b2a][epoch 45/50] loss=0.3280  val_acc=0.9116  macroF1=0.7556  edit=35.03  segF1@50=0.34
[b2a][epoch 46/50] loss=0.3100  val_acc=0.9320  macroF1=0.7829  edit=41.44  segF1@50=0.41
[b2a][epoch 47/50] loss=0.2913  val_acc=0.9287  macroF1=0.7857  edit=37.54  segF1@50=0.36
[b2a][epoch 48/50] loss=0.2866  val_acc=0.9360  macroF1=0.7915  edit=40.33  segF1@50=0.44
[b2a][epoch 49/50] loss=0.2763  val_acc=0.9300  macroF1=0.7823  edit=38.54  segF1@50=0.39
[b2a][epoch 50/50] loss=0.2695  val_acc=0.9320  macroF1=0.7889  edit=38.21  segF1@50=0.38
[b2a] best @epoch 48: acc=0.9360 macroF1=0.7915
[b2a] evidence written -> /home/ubuntu/slocal/m2/experiments/transfer/b2a_det2phase_toolpresence_019_b2a_det2phase_toolpresence_seed42
