[b2a] train clips=13  val clips=3  in_dim=2063  tool_source=pred  classes=9  device=cuda
[b2a] evidence dir: /home/ubuntu/slocal/m2/experiments/transfer/b2a_det2phase_toolpresence_016_b2a_det2phase_toolpresence_seed456
[b2a][epoch 1/50] loss=3.4819  val_acc=0.3340  macroF1=0.0715  edit=9.67  segF1@50=0.00
[b2a][epoch 2/50] loss=2.8753  val_acc=0.3650  macroF1=0.0767  edit=2.67  segF1@50=0.17
[b2a][epoch 3/50] loss=2.6666  val_acc=0.3340  macroF1=0.0715  edit=9.67  segF1@50=0.00
[b2a][epoch 4/50] loss=2.5583  val_acc=0.3677  macroF1=0.0768  edit=18.00  segF1@50=0.22
[b2a][epoch 5/50] loss=2.2827  val_acc=0.6706  macroF1=0.2267  edit=28.67  segF1@50=0.11
[b2a][epoch 6/50] loss=1.9502  val_acc=0.5010  macroF1=0.1706  edit=39.67  segF1@50=0.18
[b2a][epoch 7/50] loss=1.9176  val_acc=0.3683  macroF1=0.0978  edit=20.83  segF1@50=0.00
[b2a][epoch 8/50] loss=1.8927  val_acc=0.5327  macroF1=0.1838  edit=31.00  segF1@50=0.11
[b2a][epoch 9/50] loss=1.6522  val_acc=0.5248  macroF1=0.1806  edit=27.20  segF1@50=0.01
[b2a][epoch 10/50] loss=1.4084  val_acc=0.6310  macroF1=0.2274  edit=42.33  segF1@50=0.21
[b2a][epoch 11/50] loss=1.2451  val_acc=0.7069  macroF1=0.3212  edit=37.63  segF1@50=0.22
[b2a][epoch 12/50] loss=1.1320  val_acc=0.7215  macroF1=0.3384  edit=37.92  segF1@50=0.24
[b2a][epoch 13/50] loss=1.0470  val_acc=0.7228  macroF1=0.3756  edit=37.23  segF1@50=0.26
[b2a][epoch 14/50] loss=0.9827  val_acc=0.7861  macroF1=0.4611  edit=30.54  segF1@50=0.28
[b2a][epoch 15/50] loss=0.9187  val_acc=0.7743  macroF1=0.4303  edit=29.12  segF1@50=0.26
[b2a][epoch 16/50] loss=0.8807  val_acc=0.8442  macroF1=0.5550  edit=33.89  segF1@50=0.31
[b2a][epoch 17/50] loss=0.8096  val_acc=0.8172  macroF1=0.4945  edit=38.31  segF1@50=0.36
[b2a][epoch 18/50] loss=0.7520  val_acc=0.8713  macroF1=0.6848  edit=38.89  segF1@50=0.37
[b2a][epoch 19/50] loss=0.6887  val_acc=0.8832  macroF1=0.6929  edit=34.62  segF1@50=0.29
[b2a][epoch 20/50] loss=0.6558  val_acc=0.8911  macroF1=0.7200  edit=39.26  segF1@50=0.35
[b2a][epoch 21/50] loss=0.6685  val_acc=0.8931  macroF1=0.7356  edit=50.18  segF1@50=0.46
[b2a][epoch 22/50] loss=0.6524  val_acc=0.8805  macroF1=0.6469  edit=31.48  segF1@50=0.39
[b2a][epoch 23/50] loss=0.6273  val_acc=0.8554  macroF1=0.7135  edit=42.86  segF1@50=0.35
[b2a][epoch 24/50] loss=0.6070  val_acc=0.8858  macroF1=0.6587  edit=32.54  segF1@50=0.28
[b2a][epoch 25/50] loss=0.5402  val_acc=0.9168  macroF1=0.7384  edit=48.80  segF1@50=0.41
[b2a][epoch 26/50] loss=0.5018  val_acc=0.9083  macroF1=0.7569  edit=43.25  segF1@50=0.39
[b2a][epoch 27/50] loss=0.4869  val_acc=0.9135  macroF1=0.7682  edit=42.99  segF1@50=0.42
[b2a][epoch 28/50] loss=0.4911  val_acc=0.9003  macroF1=0.7005  edit=40.89  segF1@50=0.37
[b2a][epoch 29/50] loss=0.4815  val_acc=0.8845  macroF1=0.7523  edit=39.62  segF1@50=0.36
[b2a][epoch 30/50] loss=0.4614  val_acc=0.9149  macroF1=0.7640  edit=41.67  segF1@50=0.54
[b2a][epoch 31/50] loss=0.5260  val_acc=0.8323  macroF1=0.6749  edit=39.35  segF1@50=0.40
[b2a][epoch 32/50] loss=0.6608  val_acc=0.8924  macroF1=0.6769  edit=33.41  segF1@50=0.29
[b2a][epoch 33/50] loss=0.5479  val_acc=0.9261  macroF1=0.7801  edit=51.33  segF1@50=0.53
[b2a][epoch 34/50] loss=0.4890  val_acc=0.9208  macroF1=0.7777  edit=46.93  segF1@50=0.51
[b2a][epoch 35/50] loss=0.4285  val_acc=0.9360  macroF1=0.7954  edit=54.59  segF1@50=0.56
[b2a][epoch 36/50] loss=0.4233  val_acc=0.9347  macroF1=0.7982  edit=47.52  segF1@50=0.52
[b2a][epoch 37/50] loss=0.4751  val_acc=0.9294  macroF1=0.7779  edit=50.00  segF1@50=0.52
[b2a][epoch 38/50] loss=0.4109  val_acc=0.9168  macroF1=0.7948  edit=36.44  segF1@50=0.44
[b2a][epoch 39/50] loss=0.4865  val_acc=0.9314  macroF1=0.7987  edit=42.97  segF1@50=0.45
[b2a][epoch 40/50] loss=0.4155  val_acc=0.9399  macroF1=0.8049  edit=47.68  segF1@50=0.48
[b2a][epoch 41/50] loss=0.3893  val_acc=0.9063  macroF1=0.7914  edit=47.22  segF1@50=0.45
[b2a][epoch 42/50] loss=0.3590  val_acc=0.9314  macroF1=0.7917  edit=49.70  segF1@50=0.48
[b2a][epoch 43/50] loss=0.3335  val_acc=0.9340  macroF1=0.8066  edit=44.13  segF1@50=0.47
[b2a][epoch 44/50] loss=0.3286  val_acc=0.9208  macroF1=0.7912  edit=40.91  segF1@50=0.41
[b2a][epoch 45/50] loss=0.3148  val_acc=0.9413  macroF1=0.8121  edit=48.29  segF1@50=0.50
[b2a][epoch 46/50] loss=0.3049  val_acc=0.9208  macroF1=0.7920  edit=37.72  segF1@50=0.40
[b2a][epoch 47/50] loss=0.2916  val_acc=0.9353  macroF1=0.8056  edit=43.59  segF1@50=0.44
[b2a][epoch 48/50] loss=0.2845  val_acc=0.9360  macroF1=0.8068  edit=42.74  segF1@50=0.45
[b2a][epoch 49/50] loss=0.2768  val_acc=0.9347  macroF1=0.8053  edit=44.74  segF1@50=0.44
[b2a][epoch 50/50] loss=0.2738  val_acc=0.9406  macroF1=0.8144  edit=40.34  segF1@50=0.44
[b2a] best @epoch 45: acc=0.9413 macroF1=0.8121
[b2a] evidence written -> /home/ubuntu/slocal/m2/experiments/transfer/b2a_det2phase_toolpresence_016_b2a_det2phase_toolpresence_seed456
