[b2a] train clips=13  val clips=3  in_dim=2063  tool_source=oracle  classes=9  device=cuda
[b2a] evidence dir: /home/ubuntu/slocal2/m2/experiments/transfer/b2a_base_oracle_noise_p030_002_b2a_base_oracle_noise_p030_seed123
[b2a][epoch 1/50] loss=3.5763  val_acc=0.3677  macroF1=0.0768  edit=18.00  segF1@50=0.22
[b2a][epoch 2/50] loss=3.0715  val_acc=0.3677  macroF1=0.0768  edit=18.00  segF1@50=0.22
[b2a][epoch 3/50] loss=2.7733  val_acc=0.3340  macroF1=0.0716  edit=8.00  segF1@50=0.00
[b2a][epoch 4/50] loss=2.6538  val_acc=0.4772  macroF1=0.1475  edit=19.00  segF1@50=0.11
[b2a][epoch 5/50] loss=2.5056  val_acc=0.4759  macroF1=0.1470  edit=20.67  segF1@50=0.22
[b2a][epoch 6/50] loss=2.2014  val_acc=0.6713  macroF1=0.2270  edit=38.33  segF1@50=0.22
[b2a][epoch 7/50] loss=2.1267  val_acc=0.4403  macroF1=0.1418  edit=35.67  segF1@50=0.02
[b2a][epoch 8/50] loss=1.9852  val_acc=0.6785  macroF1=0.2305  edit=35.67  segF1@50=0.22
[b2a][epoch 9/50] loss=1.7450  val_acc=0.6832  macroF1=0.2319  edit=35.67  segF1@50=0.22
[b2a][epoch 10/50] loss=1.6353  val_acc=0.6317  macroF1=0.2181  edit=31.33  segF1@50=0.14
[b2a][epoch 11/50] loss=1.4357  val_acc=0.6733  macroF1=0.2580  edit=45.33  segF1@50=0.21
[b2a][epoch 12/50] loss=1.3433  val_acc=0.6422  macroF1=0.2555  edit=40.67  segF1@50=0.12
[b2a][epoch 13/50] loss=1.2718  val_acc=0.7670  macroF1=0.3896  edit=36.00  segF1@50=0.26
[b2a][epoch 14/50] loss=1.1930  val_acc=0.7228  macroF1=0.3518  edit=23.47  segF1@50=0.14
[b2a][epoch 15/50] loss=1.1293  val_acc=0.7465  macroF1=0.3803  edit=26.47  segF1@50=0.17
[b2a][epoch 16/50] loss=1.0377  val_acc=0.7703  macroF1=0.4041  edit=25.32  segF1@50=0.16
[b2a][epoch 17/50] loss=1.0119  val_acc=0.7485  macroF1=0.4764  edit=18.30  segF1@50=0.08
[b2a][epoch 18/50] loss=0.9544  val_acc=0.7815  macroF1=0.4172  edit=34.11  segF1@50=0.28
[b2a][epoch 19/50] loss=0.9381  val_acc=0.7828  macroF1=0.3819  edit=28.28  segF1@50=0.30
[b2a][epoch 20/50] loss=0.9126  val_acc=0.7597  macroF1=0.4382  edit=27.24  segF1@50=0.18
[b2a][epoch 21/50] loss=0.8246  val_acc=0.8231  macroF1=0.5517  edit=37.38  segF1@50=0.33
[b2a][epoch 22/50] loss=0.7781  val_acc=0.8337  macroF1=0.5554  edit=24.17  segF1@50=0.13
[b2a][epoch 23/50] loss=0.7687  val_acc=0.8224  macroF1=0.5980  edit=26.08  segF1@50=0.21
[b2a][epoch 24/50] loss=0.7461  val_acc=0.8521  macroF1=0.6034  edit=39.25  segF1@50=0.39
[b2a][epoch 25/50] loss=0.6792  val_acc=0.8772  macroF1=0.6355  edit=39.50  segF1@50=0.39
[b2a][epoch 26/50] loss=0.6649  val_acc=0.8469  macroF1=0.6436  edit=33.03  segF1@50=0.28
[b2a][epoch 27/50] loss=0.6155  val_acc=0.8594  macroF1=0.6120  edit=38.17  segF1@50=0.39
[b2a][epoch 28/50] loss=0.6097  val_acc=0.8653  macroF1=0.6383  edit=39.70  segF1@50=0.38
[b2a][epoch 29/50] loss=0.5684  val_acc=0.8944  macroF1=0.6784  edit=40.83  segF1@50=0.38
[b2a][epoch 30/50] loss=0.5529  val_acc=0.8799  macroF1=0.6697  edit=26.59  segF1@50=0.16
[b2a][epoch 31/50] loss=0.5141  val_acc=0.8838  macroF1=0.6924  edit=35.24  segF1@50=0.18
[b2a][epoch 32/50] loss=0.5530  val_acc=0.9036  macroF1=0.7320  edit=46.44  segF1@50=0.45
[b2a][epoch 33/50] loss=0.5478  val_acc=0.9003  macroF1=0.7259  edit=45.15  segF1@50=0.43
[b2a][epoch 34/50] loss=0.5278  val_acc=0.8647  macroF1=0.6462  edit=31.62  segF1@50=0.29
[b2a][epoch 35/50] loss=0.4931  val_acc=0.9030  macroF1=0.7398  edit=43.82  segF1@50=0.42
[b2a][epoch 36/50] loss=0.4790  val_acc=0.8805  macroF1=0.6655  edit=31.63  segF1@50=0.20
[b2a][epoch 37/50] loss=0.4366  val_acc=0.9023  macroF1=0.7220  edit=44.59  segF1@50=0.44
[b2a][epoch 38/50] loss=0.4162  val_acc=0.8931  macroF1=0.7081  edit=37.11  segF1@50=0.32
[b2a][epoch 39/50] loss=0.4046  val_acc=0.8891  macroF1=0.7055  edit=42.51  segF1@50=0.41
[b2a][epoch 40/50] loss=0.3916  val_acc=0.8997  macroF1=0.6869  edit=47.56  segF1@50=0.41
[b2a][epoch 41/50] loss=0.4307  val_acc=0.8733  macroF1=0.6439  edit=39.04  segF1@50=0.38
[b2a][epoch 42/50] loss=0.4237  val_acc=0.8766  macroF1=0.6979  edit=43.92  segF1@50=0.43
[b2a][epoch 43/50] loss=0.4196  val_acc=0.9023  macroF1=0.7000  edit=43.25  segF1@50=0.40
[b2a][epoch 44/50] loss=0.4295  val_acc=0.8983  macroF1=0.6894  edit=33.21  segF1@50=0.31
[b2a][epoch 45/50] loss=0.4183  val_acc=0.8865  macroF1=0.7371  edit=37.06  segF1@50=0.34
[b2a][epoch 46/50] loss=0.4003  val_acc=0.8871  macroF1=0.6957  edit=41.90  segF1@50=0.39
[b2a][epoch 47/50] loss=0.3611  val_acc=0.9056  macroF1=0.7266  edit=45.92  segF1@50=0.45
[b2a][epoch 48/50] loss=0.3426  val_acc=0.9102  macroF1=0.7351  edit=40.61  segF1@50=0.36
[b2a][epoch 49/50] loss=0.3357  val_acc=0.8917  macroF1=0.7213  edit=37.78  segF1@50=0.34
[b2a][epoch 50/50] loss=0.3287  val_acc=0.9043  macroF1=0.7188  edit=45.70  segF1@50=0.43
[b2a] best @epoch 48: acc=0.9102 macroF1=0.7351
[b2a] evidence written -> /home/ubuntu/slocal2/m2/experiments/transfer/b2a_base_oracle_noise_p030_002_b2a_base_oracle_noise_p030_seed123
