[b2a] train clips=13  val clips=3  in_dim=2063  tool_source=oracle  classes=9  device=cuda
[b2a] evidence dir: /home/ubuntu/slocal2/m2/experiments/transfer/b2a_ro_oracle_top3noise_p010_003_b2a_ro_oracle_top3noise_p010_seed456
[b2a][epoch 1/50] loss=3.4792  val_acc=0.3677  macroF1=0.0768  edit=18.00  segF1@50=0.22
[b2a][epoch 2/50] loss=2.7549  val_acc=0.6700  macroF1=0.2302  edit=37.12  segF1@50=0.20
[b2a][epoch 3/50] loss=2.2139  val_acc=0.6713  macroF1=0.2274  edit=41.00  segF1@50=0.25
[b2a][epoch 4/50] loss=1.9204  val_acc=0.6581  macroF1=0.2253  edit=41.00  segF1@50=0.27
[b2a][epoch 5/50] loss=1.7206  val_acc=0.6825  macroF1=0.2289  edit=32.08  segF1@50=0.27
[b2a][epoch 6/50] loss=1.5638  val_acc=0.6805  macroF1=0.2321  edit=35.44  segF1@50=0.19
[b2a][epoch 7/50] loss=1.5202  val_acc=0.6878  macroF1=0.2313  edit=29.19  segF1@50=0.31
[b2a][epoch 8/50] loss=1.3317  val_acc=0.6891  macroF1=0.2320  edit=24.39  segF1@50=0.21
[b2a][epoch 9/50] loss=1.2545  val_acc=0.6937  macroF1=0.2673  edit=29.07  segF1@50=0.22
[b2a][epoch 10/50] loss=1.1656  val_acc=0.8191  macroF1=0.4342  edit=43.33  segF1@50=0.38
[b2a][epoch 11/50] loss=1.0779  val_acc=0.8403  macroF1=0.4740  edit=47.03  segF1@50=0.43
[b2a][epoch 12/50] loss=0.9996  val_acc=0.8416  macroF1=0.4742  edit=41.54  segF1@50=0.36
[b2a][epoch 13/50] loss=0.9273  val_acc=0.8495  macroF1=0.4909  edit=38.51  segF1@50=0.38
[b2a][epoch 14/50] loss=0.8886  val_acc=0.8957  macroF1=0.6460  edit=41.13  segF1@50=0.46
[b2a][epoch 15/50] loss=0.8256  val_acc=0.8528  macroF1=0.5139  edit=44.27  segF1@50=0.38
[b2a][epoch 16/50] loss=0.8129  val_acc=0.9241  macroF1=0.7195  edit=55.92  segF1@50=0.63
[b2a][epoch 17/50] loss=0.7576  val_acc=0.9215  macroF1=0.7132  edit=46.69  segF1@50=0.46
[b2a][epoch 18/50] loss=0.7179  val_acc=0.9300  macroF1=0.7303  edit=57.47  segF1@50=0.62
[b2a][epoch 19/50] loss=0.6921  val_acc=0.9294  macroF1=0.7231  edit=55.56  segF1@50=0.60
[b2a][epoch 20/50] loss=0.6741  val_acc=0.9413  macroF1=0.7815  edit=53.53  segF1@50=0.56
[b2a][epoch 21/50] loss=0.6440  val_acc=0.9366  macroF1=0.7618  edit=51.30  segF1@50=0.59
[b2a][epoch 22/50] loss=0.6349  val_acc=0.9327  macroF1=0.7377  edit=51.62  segF1@50=0.53
[b2a][epoch 23/50] loss=0.6112  val_acc=0.9426  macroF1=0.7810  edit=52.86  segF1@50=0.55
[b2a][epoch 24/50] loss=0.6031  val_acc=0.9320  macroF1=0.7342  edit=47.24  segF1@50=0.50
[b2a][epoch 25/50] loss=0.5909  val_acc=0.9426  macroF1=0.7827  edit=53.96  segF1@50=0.62
[b2a][epoch 26/50] loss=0.5847  val_acc=0.9399  macroF1=0.7599  edit=55.56  segF1@50=0.62
[b2a][epoch 27/50] loss=0.5745  val_acc=0.9452  macroF1=0.7974  edit=50.30  segF1@50=0.56
[b2a][epoch 28/50] loss=0.5460  val_acc=0.9353  macroF1=0.7436  edit=49.17  segF1@50=0.58
[b2a][epoch 29/50] loss=0.5458  val_acc=0.9386  macroF1=0.7822  edit=36.51  segF1@50=0.38
[b2a][epoch 30/50] loss=0.5364  val_acc=0.9413  macroF1=0.7803  edit=50.18  segF1@50=0.59
[b2a][epoch 31/50] loss=0.5116  val_acc=0.9426  macroF1=0.7822  edit=50.93  segF1@50=0.57
[b2a][epoch 32/50] loss=0.5020  val_acc=0.9386  macroF1=0.7724  edit=44.77  segF1@50=0.49
[b2a][epoch 33/50] loss=0.4942  val_acc=0.9432  macroF1=0.7858  edit=49.70  segF1@50=0.53
[b2a][epoch 34/50] loss=0.4782  val_acc=0.9419  macroF1=0.7815  edit=47.30  segF1@50=0.51
[b2a][epoch 35/50] loss=0.4794  val_acc=0.9419  macroF1=0.7769  edit=47.02  segF1@50=0.55
[b2a][epoch 36/50] loss=0.4838  val_acc=0.9399  macroF1=0.7906  edit=33.05  segF1@50=0.38
[b2a][epoch 37/50] loss=0.4854  val_acc=0.9347  macroF1=0.7394  edit=46.56  segF1@50=0.55
[b2a][epoch 38/50] loss=0.4967  val_acc=0.9333  macroF1=0.7809  edit=37.86  segF1@50=0.41
[b2a][epoch 39/50] loss=0.5199  val_acc=0.9413  macroF1=0.7778  edit=43.23  segF1@50=0.48
[b2a][epoch 40/50] loss=0.5237  val_acc=0.9446  macroF1=0.7988  edit=51.88  segF1@50=0.55
[b2a][epoch 41/50] loss=0.5112  val_acc=0.9281  macroF1=0.7399  edit=38.42  segF1@50=0.46
[b2a][epoch 42/50] loss=0.4756  val_acc=0.9373  macroF1=0.7678  edit=42.20  segF1@50=0.45
[b2a][epoch 43/50] loss=0.4474  val_acc=0.9419  macroF1=0.7827  edit=46.97  segF1@50=0.51
[b2a][epoch 44/50] loss=0.4323  val_acc=0.9386  macroF1=0.7794  edit=40.50  segF1@50=0.47
[b2a][epoch 45/50] loss=0.4187  val_acc=0.9380  macroF1=0.7780  edit=41.04  segF1@50=0.42
[b2a][epoch 46/50] loss=0.4135  val_acc=0.9419  macroF1=0.7902  edit=37.02  segF1@50=0.44
[b2a][epoch 47/50] loss=0.4079  val_acc=0.9413  macroF1=0.7811  edit=40.01  segF1@50=0.47
[b2a][epoch 48/50] loss=0.3981  val_acc=0.9399  macroF1=0.7860  edit=33.94  segF1@50=0.39
[b2a][epoch 49/50] loss=0.3940  val_acc=0.9386  macroF1=0.7795  edit=42.00  segF1@50=0.48
[b2a][epoch 50/50] loss=0.3934  val_acc=0.9413  macroF1=0.7907  edit=42.76  segF1@50=0.43
[b2a] best @epoch 27: acc=0.9452 macroF1=0.7974
[b2a] evidence written -> /home/ubuntu/slocal2/m2/experiments/transfer/b2a_ro_oracle_top3noise_p010_003_b2a_ro_oracle_top3noise_p010_seed456
