[b2a] train clips=13  val clips=3  in_dim=2063  tool_source=oracle  classes=9  device=cuda
[b2a] evidence dir: /home/ubuntu/slocal2/m2/experiments/transfer/b2a_base_oracle_noise_p010_003_b2a_base_oracle_noise_p010_seed456
[b2a][epoch 1/50] loss=3.4921  val_acc=0.3340  macroF1=0.0715  edit=9.67  segF1@50=0.00
[b2a][epoch 2/50] loss=2.8920  val_acc=0.3650  macroF1=0.0767  edit=2.67  segF1@50=0.17
[b2a][epoch 3/50] loss=2.7025  val_acc=0.3340  macroF1=0.0715  edit=9.67  segF1@50=0.00
[b2a][epoch 4/50] loss=2.6161  val_acc=0.3677  macroF1=0.0768  edit=18.00  segF1@50=0.22
[b2a][epoch 5/50] loss=2.3791  val_acc=0.6779  macroF1=0.2276  edit=35.67  segF1@50=0.17
[b2a][epoch 6/50] loss=2.0751  val_acc=0.4627  macroF1=0.1530  edit=23.33  segF1@50=0.04
[b2a][epoch 7/50] loss=2.2931  val_acc=0.3340  macroF1=0.0715  edit=9.67  segF1@50=0.00
[b2a][epoch 8/50] loss=2.3924  val_acc=0.5353  macroF1=0.1823  edit=30.58  segF1@50=0.22
[b2a][epoch 9/50] loss=1.8391  val_acc=0.4964  macroF1=0.1688  edit=27.00  segF1@50=0.11
[b2a][epoch 10/50] loss=1.7756  val_acc=0.6607  macroF1=0.2261  edit=32.67  segF1@50=0.16
[b2a][epoch 11/50] loss=1.4905  val_acc=0.6607  macroF1=0.2363  edit=32.67  segF1@50=0.18
[b2a][epoch 12/50] loss=1.3164  val_acc=0.6607  macroF1=0.2898  edit=34.67  segF1@50=0.23
[b2a][epoch 13/50] loss=1.2142  val_acc=0.7399  macroF1=0.3743  edit=23.28  segF1@50=0.16
[b2a][epoch 14/50] loss=1.1207  val_acc=0.7637  macroF1=0.4083  edit=47.76  segF1@50=0.25
[b2a][epoch 15/50] loss=1.0507  val_acc=0.7578  macroF1=0.4119  edit=38.87  segF1@50=0.29
[b2a][epoch 16/50] loss=0.9763  val_acc=0.8224  macroF1=0.4785  edit=27.93  segF1@50=0.27
[b2a][epoch 17/50] loss=0.9051  val_acc=0.8092  macroF1=0.4691  edit=25.11  segF1@50=0.19
[b2a][epoch 18/50] loss=0.8429  val_acc=0.8680  macroF1=0.6220  edit=32.27  segF1@50=0.32
[b2a][epoch 19/50] loss=0.8209  val_acc=0.9036  macroF1=0.6693  edit=29.31  segF1@50=0.28
[b2a][epoch 20/50] loss=0.8010  val_acc=0.8700  macroF1=0.6333  edit=27.13  segF1@50=0.29
[b2a][epoch 21/50] loss=0.7651  val_acc=0.8508  macroF1=0.6682  edit=40.46  segF1@50=0.36
[b2a][epoch 22/50] loss=0.7762  val_acc=0.8851  macroF1=0.6634  edit=32.13  segF1@50=0.27
[b2a][epoch 23/50] loss=0.7338  val_acc=0.8370  macroF1=0.6702  edit=20.93  segF1@50=0.16
[b2a][epoch 24/50] loss=0.6821  val_acc=0.9076  macroF1=0.6758  edit=40.10  segF1@50=0.42
[b2a][epoch 25/50] loss=0.6303  val_acc=0.9155  macroF1=0.6985  edit=41.98  segF1@50=0.37
[b2a][epoch 26/50] loss=0.6067  val_acc=0.9017  macroF1=0.6990  edit=35.06  segF1@50=0.33
[b2a][epoch 27/50] loss=0.5660  val_acc=0.9162  macroF1=0.7624  edit=44.24  segF1@50=0.46
[b2a][epoch 28/50] loss=0.5282  val_acc=0.9102  macroF1=0.7269  edit=38.54  segF1@50=0.36
[b2a][epoch 29/50] loss=0.5049  val_acc=0.9195  macroF1=0.7497  edit=39.84  segF1@50=0.41
[b2a][epoch 30/50] loss=0.4887  val_acc=0.9300  macroF1=0.7648  edit=50.00  segF1@50=0.54
[b2a][epoch 31/50] loss=0.5593  val_acc=0.9162  macroF1=0.7443  edit=37.71  segF1@50=0.37
[b2a][epoch 32/50] loss=0.5594  val_acc=0.8997  macroF1=0.6822  edit=29.04  segF1@50=0.27
[b2a][epoch 33/50] loss=0.4961  val_acc=0.9386  macroF1=0.7944  edit=54.44  segF1@50=0.57
[b2a][epoch 34/50] loss=0.4729  val_acc=0.9234  macroF1=0.7605  edit=41.67  segF1@50=0.43
[b2a][epoch 35/50] loss=0.4384  val_acc=0.9254  macroF1=0.7676  edit=37.81  segF1@50=0.39
[b2a][epoch 36/50] loss=0.4231  val_acc=0.9135  macroF1=0.7534  edit=38.25  segF1@50=0.39
[b2a][epoch 37/50] loss=0.4116  val_acc=0.9327  macroF1=0.7844  edit=37.60  segF1@50=0.41
[b2a][epoch 38/50] loss=0.3967  val_acc=0.9267  macroF1=0.7661  edit=45.98  segF1@50=0.57
[b2a][epoch 39/50] loss=0.4417  val_acc=0.9234  macroF1=0.7685  edit=46.47  segF1@50=0.51
[b2a][epoch 40/50] loss=0.4060  val_acc=0.8983  macroF1=0.7355  edit=36.50  segF1@50=0.37
[b2a][epoch 41/50] loss=0.3909  val_acc=0.9393  macroF1=0.7931  edit=49.77  segF1@50=0.55
[b2a][epoch 42/50] loss=0.4091  val_acc=0.8970  macroF1=0.7511  edit=47.25  segF1@50=0.54
[b2a][epoch 43/50] loss=0.3714  val_acc=0.9241  macroF1=0.7587  edit=40.10  segF1@50=0.42
[b2a][epoch 44/50] loss=0.3545  val_acc=0.9347  macroF1=0.7903  edit=45.88  segF1@50=0.52
[b2a][epoch 45/50] loss=0.3462  val_acc=0.9182  macroF1=0.7555  edit=40.56  segF1@50=0.44
[b2a][epoch 46/50] loss=0.3367  val_acc=0.9347  macroF1=0.7895  edit=47.27  segF1@50=0.51
[b2a][epoch 47/50] loss=0.3406  val_acc=0.9327  macroF1=0.7900  edit=47.78  segF1@50=0.51
[b2a][epoch 48/50] loss=0.4598  val_acc=0.9122  macroF1=0.6769  edit=30.37  segF1@50=0.30
[b2a][epoch 49/50] loss=0.5444  val_acc=0.9149  macroF1=0.7595  edit=37.36  segF1@50=0.39
[b2a][epoch 50/50] loss=0.4234  val_acc=0.8950  macroF1=0.7403  edit=30.26  segF1@50=0.29
[b2a] best @epoch 41: acc=0.9393 macroF1=0.7931
[b2a] evidence written -> /home/ubuntu/slocal2/m2/experiments/transfer/b2a_base_oracle_noise_p010_003_b2a_base_oracle_noise_p010_seed456
