[b2a] train clips=13  val clips=3  in_dim=2063  tool_source=oracle  classes=9  device=cuda
[b2a] evidence dir: /home/ubuntu/slocal2/m2/experiments/transfer/b2a_ro_oracle_bsnoise_p030_002_b2a_ro_oracle_bsnoise_p030_seed123
[b2a][epoch 1/50] loss=3.6491  val_acc=0.4389  macroF1=0.1400  edit=2.67  segF1@50=0.00
[b2a][epoch 2/50] loss=2.9042  val_acc=0.3624  macroF1=0.0772  edit=2.67  segF1@50=0.17
[b2a][epoch 3/50] loss=2.5801  val_acc=0.3340  macroF1=0.0715  edit=9.67  segF1@50=0.00
[b2a][epoch 4/50] loss=2.2758  val_acc=0.6535  macroF1=0.2204  edit=18.38  segF1@50=0.20
[b2a][epoch 5/50] loss=1.9486  val_acc=0.6752  macroF1=0.2298  edit=20.33  segF1@50=0.19
[b2a][epoch 6/50] loss=1.6264  val_acc=0.6805  macroF1=0.2314  edit=31.44  segF1@50=0.15
[b2a][epoch 7/50] loss=1.4978  val_acc=0.6858  macroF1=0.2339  edit=30.33  segF1@50=0.25
[b2a][epoch 8/50] loss=1.3933  val_acc=0.6871  macroF1=0.2345  edit=30.00  segF1@50=0.17
[b2a][epoch 9/50] loss=1.2832  val_acc=0.6990  macroF1=0.2804  edit=46.67  segF1@50=0.24
[b2a][epoch 10/50] loss=1.1915  val_acc=0.7776  macroF1=0.4337  edit=31.28  segF1@50=0.22
[b2a][epoch 11/50] loss=1.1096  val_acc=0.8818  macroF1=0.6223  edit=36.44  segF1@50=0.34
[b2a][epoch 12/50] loss=1.0248  val_acc=0.9162  macroF1=0.6754  edit=63.11  segF1@50=0.55
[b2a][epoch 13/50] loss=0.9611  val_acc=0.9063  macroF1=0.6563  edit=39.19  segF1@50=0.40
[b2a][epoch 14/50] loss=0.9060  val_acc=0.9056  macroF1=0.6655  edit=44.78  segF1@50=0.39
[b2a][epoch 15/50] loss=0.8604  val_acc=0.9129  macroF1=0.6873  edit=37.15  segF1@50=0.39
[b2a][epoch 16/50] loss=0.8166  val_acc=0.9017  macroF1=0.6668  edit=35.11  segF1@50=0.32
[b2a][epoch 17/50] loss=0.7827  val_acc=0.8950  macroF1=0.6691  edit=36.57  segF1@50=0.32
[b2a][epoch 18/50] loss=0.7487  val_acc=0.8884  macroF1=0.6510  edit=32.82  segF1@50=0.28
[b2a][epoch 19/50] loss=0.7378  val_acc=0.8884  macroF1=0.6632  edit=36.80  segF1@50=0.32
[b2a][epoch 20/50] loss=0.7341  val_acc=0.9017  macroF1=0.6627  edit=36.18  segF1@50=0.36
[b2a][epoch 21/50] loss=0.6760  val_acc=0.8838  macroF1=0.6570  edit=30.78  segF1@50=0.29
[b2a][epoch 22/50] loss=0.6837  val_acc=0.9003  macroF1=0.6675  edit=36.02  segF1@50=0.38
[b2a][epoch 23/50] loss=0.6667  val_acc=0.9010  macroF1=0.6634  edit=34.51  segF1@50=0.31
[b2a][epoch 24/50] loss=0.6693  val_acc=0.8812  macroF1=0.6601  edit=31.23  segF1@50=0.30
[b2a][epoch 25/50] loss=0.6181  val_acc=0.8898  macroF1=0.6538  edit=32.16  segF1@50=0.33
[b2a][epoch 26/50] loss=0.6097  val_acc=0.9050  macroF1=0.6695  edit=36.98  segF1@50=0.43
[b2a][epoch 27/50] loss=0.5971  val_acc=0.8911  macroF1=0.6732  edit=32.57  segF1@50=0.31
[b2a][epoch 28/50] loss=0.5829  val_acc=0.9069  macroF1=0.6663  edit=35.35  segF1@50=0.37
[b2a][epoch 29/50] loss=0.5784  val_acc=0.8700  macroF1=0.6424  edit=26.78  segF1@50=0.24
[b2a][epoch 30/50] loss=0.5637  val_acc=0.8983  macroF1=0.6746  edit=33.27  segF1@50=0.35
[b2a][epoch 31/50] loss=0.5508  val_acc=0.8838  macroF1=0.6689  edit=32.05  segF1@50=0.32
[b2a][epoch 32/50] loss=0.5561  val_acc=0.9036  macroF1=0.6745  edit=33.68  segF1@50=0.39
[b2a][epoch 33/50] loss=0.5520  val_acc=0.8944  macroF1=0.6834  edit=33.82  segF1@50=0.31
[b2a][epoch 34/50] loss=0.5556  val_acc=0.8937  macroF1=0.6567  edit=33.02  segF1@50=0.37
[b2a][epoch 35/50] loss=0.5181  val_acc=0.8970  macroF1=0.6887  edit=33.93  segF1@50=0.31
[b2a][epoch 36/50] loss=0.5203  val_acc=0.9003  macroF1=0.6705  edit=34.91  segF1@50=0.36
[b2a][epoch 37/50] loss=0.4929  val_acc=0.8838  macroF1=0.6587  edit=33.02  segF1@50=0.34
[b2a][epoch 38/50] loss=0.4796  val_acc=0.8997  macroF1=0.6727  edit=35.53  segF1@50=0.36
[b2a][epoch 39/50] loss=0.4673  val_acc=0.8937  macroF1=0.6732  edit=31.44  segF1@50=0.32
[b2a][epoch 40/50] loss=0.4546  val_acc=0.8931  macroF1=0.6772  edit=32.81  segF1@50=0.32
[b2a][epoch 41/50] loss=0.4537  val_acc=0.8983  macroF1=0.6734  edit=33.93  segF1@50=0.34
[b2a][epoch 42/50] loss=0.4414  val_acc=0.8911  macroF1=0.6667  edit=32.59  segF1@50=0.30
[b2a][epoch 43/50] loss=0.4461  val_acc=0.8977  macroF1=0.6812  edit=34.23  segF1@50=0.36
[b2a][epoch 44/50] loss=0.4351  val_acc=0.9043  macroF1=0.6807  edit=40.45  segF1@50=0.46
[b2a][epoch 45/50] loss=0.4242  val_acc=0.9003  macroF1=0.6880  edit=34.80  segF1@50=0.36
[b2a][epoch 46/50] loss=0.4206  val_acc=0.8950  macroF1=0.6856  edit=35.68  segF1@50=0.31
[b2a][epoch 47/50] loss=0.4123  val_acc=0.8977  macroF1=0.6824  edit=37.39  segF1@50=0.39
[b2a][epoch 48/50] loss=0.4091  val_acc=0.8950  macroF1=0.6769  edit=35.28  segF1@50=0.38
[b2a][epoch 49/50] loss=0.4015  val_acc=0.8924  macroF1=0.6805  edit=35.68  segF1@50=0.35
[b2a][epoch 50/50] loss=0.3904  val_acc=0.8779  macroF1=0.6597  edit=30.49  segF1@50=0.29
[b2a] best @epoch 12: acc=0.9162 macroF1=0.6754
[b2a] evidence written -> /home/ubuntu/slocal2/m2/experiments/transfer/b2a_ro_oracle_bsnoise_p030_002_b2a_ro_oracle_bsnoise_p030_seed123
