[b2a] train clips=13  val clips=3  in_dim=2063  tool_source=pred  classes=9  device=cuda
[b2a] evidence dir: /home/ubuntu/slocal2/m2/experiments/transfer/b2a_regiononly_mask_01_003_b2a_regiononly_mask_01_seed456
[b2a][epoch 1/50] loss=3.4611  val_acc=0.3677  macroF1=0.0768  edit=18.00  segF1@50=0.22
[b2a][epoch 2/50] loss=2.6972  val_acc=0.6713  macroF1=0.2288  edit=37.00  segF1@50=0.22
[b2a][epoch 3/50] loss=2.1047  val_acc=0.6607  macroF1=0.2248  edit=34.33  segF1@50=0.22
[b2a][epoch 4/50] loss=1.8240  val_acc=0.6528  macroF1=0.2231  edit=35.67  segF1@50=0.26
[b2a][epoch 5/50] loss=1.6524  val_acc=0.6792  macroF1=0.2286  edit=28.78  segF1@50=0.26
[b2a][epoch 6/50] loss=1.4880  val_acc=0.6752  macroF1=0.2303  edit=24.56  segF1@50=0.12
[b2a][epoch 7/50] loss=1.4202  val_acc=0.6792  macroF1=0.2300  edit=34.33  segF1@50=0.24
[b2a][epoch 8/50] loss=1.2378  val_acc=0.6805  macroF1=0.2313  edit=38.44  segF1@50=0.15
[b2a][epoch 9/50] loss=1.1410  val_acc=0.7512  macroF1=0.3503  edit=35.28  segF1@50=0.19
[b2a][epoch 10/50] loss=1.0405  val_acc=0.8330  macroF1=0.4707  edit=31.46  segF1@50=0.27
[b2a][epoch 11/50] loss=0.9514  val_acc=0.8495  macroF1=0.4975  edit=37.22  segF1@50=0.41
[b2a][epoch 12/50] loss=0.8706  val_acc=0.8330  macroF1=0.4980  edit=31.01  segF1@50=0.26
[b2a][epoch 13/50] loss=0.7957  val_acc=0.8409  macroF1=0.4850  edit=29.04  segF1@50=0.24
[b2a][epoch 14/50] loss=0.7726  val_acc=0.8607  macroF1=0.6219  edit=33.03  segF1@50=0.30
[b2a][epoch 15/50] loss=0.7130  val_acc=0.8746  macroF1=0.5931  edit=30.81  segF1@50=0.30
[b2a][epoch 16/50] loss=0.7234  val_acc=0.9109  macroF1=0.7305  edit=37.48  segF1@50=0.36
[b2a][epoch 17/50] loss=0.6754  val_acc=0.9182  macroF1=0.7352  edit=38.57  segF1@50=0.41
[b2a][epoch 18/50] loss=0.6366  val_acc=0.9056  macroF1=0.7249  edit=36.56  segF1@50=0.33
[b2a][epoch 19/50] loss=0.6061  val_acc=0.9261  macroF1=0.7468  edit=50.00  segF1@50=0.54
[b2a][epoch 20/50] loss=0.5850  val_acc=0.9003  macroF1=0.7298  edit=33.14  segF1@50=0.33
[b2a][epoch 21/50] loss=0.5728  val_acc=0.9300  macroF1=0.7565  edit=41.75  segF1@50=0.45
[b2a][epoch 22/50] loss=0.5684  val_acc=0.9294  macroF1=0.7583  edit=35.31  segF1@50=0.41
[b2a][epoch 23/50] loss=0.5601  val_acc=0.9083  macroF1=0.7430  edit=44.97  segF1@50=0.49
[b2a][epoch 24/50] loss=0.5567  val_acc=0.9261  macroF1=0.7478  edit=34.13  segF1@50=0.37
[b2a][epoch 25/50] loss=0.5473  val_acc=0.9175  macroF1=0.7420  edit=35.45  segF1@50=0.39
[b2a][epoch 26/50] loss=0.5265  val_acc=0.9300  macroF1=0.7610  edit=41.75  segF1@50=0.42
[b2a][epoch 27/50] loss=0.5121  val_acc=0.9307  macroF1=0.7641  edit=37.60  segF1@50=0.42
[b2a][epoch 28/50] loss=0.4924  val_acc=0.9221  macroF1=0.7601  edit=46.36  segF1@50=0.50
[b2a][epoch 29/50] loss=0.4812  val_acc=0.9314  macroF1=0.7611  edit=35.28  segF1@50=0.40
[b2a][epoch 30/50] loss=0.4728  val_acc=0.9327  macroF1=0.7699  edit=38.96  segF1@50=0.44
[b2a][epoch 31/50] loss=0.4598  val_acc=0.9307  macroF1=0.7638  edit=32.99  segF1@50=0.36
[b2a][epoch 32/50] loss=0.4509  val_acc=0.9314  macroF1=0.7597  edit=35.51  segF1@50=0.41
[b2a][epoch 33/50] loss=0.4578  val_acc=0.8924  macroF1=0.7360  edit=32.73  segF1@50=0.36
[b2a][epoch 34/50] loss=0.4662  val_acc=0.9294  macroF1=0.7627  edit=34.44  segF1@50=0.39
[b2a][epoch 35/50] loss=0.4387  val_acc=0.9347  macroF1=0.7729  edit=36.62  segF1@50=0.42
[b2a][epoch 36/50] loss=0.4221  val_acc=0.9069  macroF1=0.7454  edit=33.65  segF1@50=0.37
[b2a][epoch 37/50] loss=0.4145  val_acc=0.9294  macroF1=0.7555  edit=33.85  segF1@50=0.36
[b2a][epoch 38/50] loss=0.4661  val_acc=0.9116  macroF1=0.7503  edit=33.11  segF1@50=0.35
[b2a][epoch 39/50] loss=0.4354  val_acc=0.9142  macroF1=0.7493  edit=34.64  segF1@50=0.35
[b2a][epoch 40/50] loss=0.4288  val_acc=0.9300  macroF1=0.7638  edit=33.92  segF1@50=0.36
[b2a][epoch 41/50] loss=0.4146  val_acc=0.9208  macroF1=0.7591  edit=41.43  segF1@50=0.40
[b2a][epoch 42/50] loss=0.3971  val_acc=0.9347  macroF1=0.7795  edit=36.00  segF1@50=0.38
[b2a][epoch 43/50] loss=0.3817  val_acc=0.9327  macroF1=0.7735  edit=33.27  segF1@50=0.38
[b2a][epoch 44/50] loss=0.3738  val_acc=0.9215  macroF1=0.7588  edit=30.94  segF1@50=0.36
[b2a][epoch 45/50] loss=0.3697  val_acc=0.9360  macroF1=0.7726  edit=36.00  segF1@50=0.39
[b2a][epoch 46/50] loss=0.3674  val_acc=0.9050  macroF1=0.7462  edit=31.80  segF1@50=0.35
[b2a][epoch 47/50] loss=0.3737  val_acc=0.9366  macroF1=0.7795  edit=32.11  segF1@50=0.35
[b2a][epoch 48/50] loss=0.3519  val_acc=0.9248  macroF1=0.7608  edit=33.04  segF1@50=0.37
[b2a][epoch 49/50] loss=0.3461  val_acc=0.9366  macroF1=0.7799  edit=34.84  segF1@50=0.41
[b2a][epoch 50/50] loss=0.3477  val_acc=0.8944  macroF1=0.7403  edit=31.19  segF1@50=0.35
[b2a] best @epoch 47: acc=0.9366 macroF1=0.7795
[b2a] evidence written -> /home/ubuntu/slocal2/m2/experiments/transfer/b2a_regiononly_mask_01_003_b2a_regiononly_mask_01_seed456
