[b2a] train clips=13  val clips=3  in_dim=2063  tool_source=pred  classes=9  device=cuda
[b2a] evidence dir: /home/ubuntu/slocal/m2/experiments/transfer/b2a_det2phase_toolpresence_023_b2a_det2phase_toolpresence_seed456
[b2a][epoch 1/50] loss=3.4874  val_acc=0.3340  macroF1=0.0715  edit=9.67  segF1@50=0.00
[b2a][epoch 2/50] loss=2.8712  val_acc=0.3637  macroF1=0.0765  edit=2.67  segF1@50=0.17
[b2a][epoch 3/50] loss=2.6590  val_acc=0.3340  macroF1=0.0715  edit=9.67  segF1@50=0.00
[b2a][epoch 4/50] loss=2.5478  val_acc=0.3677  macroF1=0.0768  edit=18.00  segF1@50=0.22
[b2a][epoch 5/50] loss=2.2754  val_acc=0.6785  macroF1=0.2292  edit=32.10  segF1@50=0.19
[b2a][epoch 6/50] loss=1.9916  val_acc=0.5102  macroF1=0.1747  edit=25.89  segF1@50=0.02
[b2a][epoch 7/50] loss=2.1814  val_acc=0.3340  macroF1=0.0715  edit=9.67  segF1@50=0.00
[b2a][epoch 8/50] loss=2.0508  val_acc=0.6614  macroF1=0.2247  edit=25.29  segF1@50=0.25
[b2a][epoch 9/50] loss=1.6533  val_acc=0.5848  macroF1=0.2023  edit=33.51  segF1@50=0.18
[b2a][epoch 10/50] loss=1.5272  val_acc=0.6548  macroF1=0.2246  edit=26.00  segF1@50=0.15
[b2a][epoch 11/50] loss=1.3297  val_acc=0.7604  macroF1=0.3579  edit=30.41  segF1@50=0.19
[b2a][epoch 12/50] loss=1.1683  val_acc=0.7716  macroF1=0.4286  edit=35.23  segF1@50=0.24
[b2a][epoch 13/50] loss=1.0843  val_acc=0.7597  macroF1=0.4377  edit=25.75  segF1@50=0.18
[b2a][epoch 14/50] loss=1.0375  val_acc=0.8277  macroF1=0.4830  edit=28.06  segF1@50=0.24
[b2a][epoch 15/50] loss=0.9463  val_acc=0.7815  macroF1=0.4537  edit=37.49  segF1@50=0.29
[b2a][epoch 16/50] loss=0.8817  val_acc=0.8647  macroF1=0.6375  edit=31.35  segF1@50=0.28
[b2a][epoch 17/50] loss=0.7934  val_acc=0.8686  macroF1=0.6431  edit=32.68  segF1@50=0.30
[b2a][epoch 18/50] loss=0.7398  val_acc=0.8898  macroF1=0.7087  edit=29.56  segF1@50=0.28
[b2a][epoch 19/50] loss=0.7290  val_acc=0.9043  macroF1=0.6955  edit=47.67  segF1@50=0.43
[b2a][epoch 20/50] loss=0.6761  val_acc=0.8931  macroF1=0.7194  edit=37.67  segF1@50=0.37
[b2a][epoch 21/50] loss=0.6333  val_acc=0.8878  macroF1=0.6842  edit=40.63  segF1@50=0.36
[b2a][epoch 22/50] loss=0.5951  val_acc=0.8950  macroF1=0.7306  edit=34.00  segF1@50=0.33
[b2a][epoch 23/50] loss=0.5830  val_acc=0.9182  macroF1=0.7547  edit=47.52  segF1@50=0.51
[b2a][epoch 24/50] loss=0.5444  val_acc=0.8983  macroF1=0.7336  edit=37.86  segF1@50=0.35
[b2a][epoch 25/50] loss=0.5402  val_acc=0.9050  macroF1=0.7603  edit=42.06  segF1@50=0.40
[b2a][epoch 26/50] loss=0.5271  val_acc=0.9175  macroF1=0.7091  edit=50.00  segF1@50=0.48
[b2a][epoch 27/50] loss=0.5043  val_acc=0.9109  macroF1=0.7577  edit=44.59  segF1@50=0.47
[b2a][epoch 28/50] loss=0.4679  val_acc=0.9135  macroF1=0.7546  edit=45.38  segF1@50=0.47
[b2a][epoch 29/50] loss=0.4484  val_acc=0.9149  macroF1=0.7692  edit=45.40  segF1@50=0.47
[b2a][epoch 30/50] loss=0.4301  val_acc=0.9261  macroF1=0.7795  edit=50.36  segF1@50=0.54
[b2a][epoch 31/50] loss=0.4527  val_acc=0.9182  macroF1=0.7714  edit=47.69  segF1@50=0.50
[b2a][epoch 32/50] loss=0.6726  val_acc=0.9102  macroF1=0.6821  edit=45.11  segF1@50=0.45
[b2a][epoch 33/50] loss=0.5944  val_acc=0.9069  macroF1=0.7503  edit=45.17  segF1@50=0.39
[b2a][epoch 34/50] loss=0.5011  val_acc=0.9195  macroF1=0.7604  edit=44.80  segF1@50=0.48
[b2a][epoch 35/50] loss=0.4322  val_acc=0.9142  macroF1=0.7681  edit=36.94  segF1@50=0.39
[b2a][epoch 36/50] loss=0.4076  val_acc=0.9129  macroF1=0.7708  edit=42.56  segF1@50=0.39
[b2a][epoch 37/50] loss=0.3788  val_acc=0.9162  macroF1=0.7775  edit=45.14  segF1@50=0.43
[b2a][epoch 38/50] loss=0.3720  val_acc=0.9248  macroF1=0.7801  edit=50.00  segF1@50=0.53
[b2a][epoch 39/50] loss=0.3506  val_acc=0.9261  macroF1=0.7821  edit=41.59  segF1@50=0.42
[b2a][epoch 40/50] loss=0.3423  val_acc=0.9248  macroF1=0.7813  edit=39.44  segF1@50=0.40
[b2a][epoch 41/50] loss=0.3347  val_acc=0.9320  macroF1=0.7865  edit=55.78  segF1@50=0.56
[b2a][epoch 42/50] loss=0.3257  val_acc=0.9307  macroF1=0.7900  edit=52.51  segF1@50=0.56
[b2a][epoch 43/50] loss=0.3189  val_acc=0.9241  macroF1=0.7877  edit=40.92  segF1@50=0.44
[b2a][epoch 44/50] loss=0.3151  val_acc=0.9314  macroF1=0.7882  edit=53.66  segF1@50=0.56
[b2a][epoch 45/50] loss=0.3049  val_acc=0.9333  macroF1=0.7950  edit=53.33  segF1@50=0.57
[b2a][epoch 46/50] loss=0.2992  val_acc=0.9314  macroF1=0.7879  edit=42.78  segF1@50=0.44
[b2a][epoch 47/50] loss=0.2944  val_acc=0.9333  macroF1=0.7978  edit=42.56  segF1@50=0.48
[b2a][epoch 48/50] loss=0.3459  val_acc=0.9162  macroF1=0.7484  edit=41.88  segF1@50=0.53
[b2a][epoch 49/50] loss=0.5112  val_acc=0.9248  macroF1=0.7806  edit=38.85  segF1@50=0.45
[b2a][epoch 50/50] loss=0.4434  val_acc=0.9162  macroF1=0.7554  edit=42.12  segF1@50=0.47
[b2a] best @epoch 45: acc=0.9333 macroF1=0.7950
[b2a] evidence written -> /home/ubuntu/slocal/m2/experiments/transfer/b2a_det2phase_toolpresence_023_b2a_det2phase_toolpresence_seed456
