[b2a] train clips=13  val clips=3  in_dim=2063  tool_source=pred  classes=9  device=cuda
[b2a] evidence dir: /home/ubuntu/slocal2/m2/experiments/transfer/b2a_regiononly_pred_003_b2a_regiononly_pred_seed456
[b2a][epoch 1/50] loss=3.4664  val_acc=0.3677  macroF1=0.0768  edit=18.00  segF1@50=0.22
[b2a][epoch 2/50] loss=2.6982  val_acc=0.6680  macroF1=0.2280  edit=41.00  segF1@50=0.20
[b2a][epoch 3/50] loss=2.1003  val_acc=0.6667  macroF1=0.2266  edit=38.33  segF1@50=0.22
[b2a][epoch 4/50] loss=1.7928  val_acc=0.6568  macroF1=0.2243  edit=35.67  segF1@50=0.26
[b2a][epoch 5/50] loss=1.6125  val_acc=0.6785  macroF1=0.2278  edit=31.67  segF1@50=0.33
[b2a][epoch 6/50] loss=1.4556  val_acc=0.6772  macroF1=0.2306  edit=27.22  segF1@50=0.12
[b2a][epoch 7/50] loss=1.3737  val_acc=0.6792  macroF1=0.2302  edit=34.33  segF1@50=0.28
[b2a][epoch 8/50] loss=1.2056  val_acc=0.6878  macroF1=0.2463  edit=36.83  segF1@50=0.22
[b2a][epoch 9/50] loss=1.1051  val_acc=0.7908  macroF1=0.3834  edit=43.61  segF1@50=0.23
[b2a][epoch 10/50] loss=0.9932  val_acc=0.8317  macroF1=0.4691  edit=31.11  segF1@50=0.25
[b2a][epoch 11/50] loss=0.9111  val_acc=0.8521  macroF1=0.4986  edit=42.44  segF1@50=0.43
[b2a][epoch 12/50] loss=0.8289  val_acc=0.8568  macroF1=0.5098  edit=32.00  segF1@50=0.31
[b2a][epoch 13/50] loss=0.7637  val_acc=0.8462  macroF1=0.4905  edit=29.33  segF1@50=0.25
[b2a][epoch 14/50] loss=0.7352  val_acc=0.9083  macroF1=0.6913  edit=39.16  segF1@50=0.37
[b2a][epoch 15/50] loss=0.6787  val_acc=0.8812  macroF1=0.6139  edit=38.89  segF1@50=0.34
[b2a][epoch 16/50] loss=0.6698  val_acc=0.9228  macroF1=0.7506  edit=45.33  segF1@50=0.47
[b2a][epoch 17/50] loss=0.6328  val_acc=0.9261  macroF1=0.7488  edit=41.75  segF1@50=0.44
[b2a][epoch 18/50] loss=0.6003  val_acc=0.9333  macroF1=0.7583  edit=38.41  segF1@50=0.46
[b2a][epoch 19/50] loss=0.5750  val_acc=0.9307  macroF1=0.7549  edit=52.78  segF1@50=0.60
[b2a][epoch 20/50] loss=0.5579  val_acc=0.9314  macroF1=0.7703  edit=39.05  segF1@50=0.45
[b2a][epoch 21/50] loss=0.5373  val_acc=0.9281  macroF1=0.7500  edit=36.90  segF1@50=0.42
[b2a][epoch 22/50] loss=0.5686  val_acc=0.9333  macroF1=0.7621  edit=37.55  segF1@50=0.42
[b2a][epoch 23/50] loss=0.5488  val_acc=0.9287  macroF1=0.7594  edit=50.33  segF1@50=0.57
[b2a][epoch 24/50] loss=0.5233  val_acc=0.9320  macroF1=0.7650  edit=37.84  segF1@50=0.38
[b2a][epoch 25/50] loss=0.5035  val_acc=0.9320  macroF1=0.7622  edit=39.68  segF1@50=0.45
[b2a][epoch 26/50] loss=0.4837  val_acc=0.9314  macroF1=0.7639  edit=39.42  segF1@50=0.44
[b2a][epoch 27/50] loss=0.4637  val_acc=0.9393  macroF1=0.7834  edit=44.70  segF1@50=0.50
[b2a][epoch 28/50] loss=0.4474  val_acc=0.9333  macroF1=0.7667  edit=46.46  segF1@50=0.50
[b2a][epoch 29/50] loss=0.4549  val_acc=0.9399  macroF1=0.7796  edit=39.73  segF1@50=0.44
[b2a][epoch 30/50] loss=0.4506  val_acc=0.9366  macroF1=0.7753  edit=47.29  segF1@50=0.53
[b2a][epoch 31/50] loss=0.4363  val_acc=0.9333  macroF1=0.7617  edit=38.81  segF1@50=0.40
[b2a][epoch 32/50] loss=0.4360  val_acc=0.9320  macroF1=0.7712  edit=36.26  segF1@50=0.39
[b2a][epoch 33/50] loss=0.4385  val_acc=0.9353  macroF1=0.7712  edit=42.52  segF1@50=0.48
[b2a][epoch 34/50] loss=0.4096  val_acc=0.9373  macroF1=0.7663  edit=43.58  segF1@50=0.48
[b2a][epoch 35/50] loss=0.4093  val_acc=0.9413  macroF1=0.7866  edit=35.86  segF1@50=0.39
[b2a][epoch 36/50] loss=0.4069  val_acc=0.9300  macroF1=0.7520  edit=34.30  segF1@50=0.38
[b2a][epoch 37/50] loss=0.4425  val_acc=0.9380  macroF1=0.7922  edit=34.35  segF1@50=0.38
[b2a][epoch 38/50] loss=0.4061  val_acc=0.9347  macroF1=0.7615  edit=36.90  segF1@50=0.42
[b2a][epoch 39/50] loss=0.3876  val_acc=0.9432  macroF1=0.7908  edit=38.71  segF1@50=0.41
[b2a][epoch 40/50] loss=0.3744  val_acc=0.9380  macroF1=0.7824  edit=38.10  segF1@50=0.44
[b2a][epoch 41/50] loss=0.3707  val_acc=0.9413  macroF1=0.7846  edit=40.30  segF1@50=0.46
[b2a][epoch 42/50] loss=0.3549  val_acc=0.9406  macroF1=0.7852  edit=37.56  segF1@50=0.40
[b2a][epoch 43/50] loss=0.3467  val_acc=0.9393  macroF1=0.7816  edit=37.52  segF1@50=0.42
[b2a][epoch 44/50] loss=0.3427  val_acc=0.9426  macroF1=0.7890  edit=38.61  segF1@50=0.45
[b2a][epoch 45/50] loss=0.3389  val_acc=0.9426  macroF1=0.7869  edit=39.71  segF1@50=0.46
[b2a][epoch 46/50] loss=0.3352  val_acc=0.9439  macroF1=0.7941  edit=36.48  segF1@50=0.39
[b2a][epoch 47/50] loss=0.3292  val_acc=0.9386  macroF1=0.7802  edit=34.17  segF1@50=0.37
[b2a][epoch 48/50] loss=0.3473  val_acc=0.9426  macroF1=0.7965  edit=33.27  segF1@50=0.38
[b2a][epoch 49/50] loss=0.3727  val_acc=0.9366  macroF1=0.7657  edit=37.49  segF1@50=0.44
[b2a][epoch 50/50] loss=0.3519  val_acc=0.9452  macroF1=0.8057  edit=38.01  segF1@50=0.43
[b2a] best @epoch 50: acc=0.9452 macroF1=0.8057
[b2a] evidence written -> /home/ubuntu/slocal2/m2/experiments/transfer/b2a_regiononly_pred_003_b2a_regiononly_pred_seed456
