[b2a] train clips=13  val clips=3  in_dim=2063  tool_source=pred  classes=9  device=cuda
[b2a] evidence dir: /home/ubuntu/slocal2/m2/experiments/transfer/b2a_regiononly_mask_12_002_b2a_regiononly_mask_12_seed123
[b2a][epoch 1/50] loss=3.6356  val_acc=0.4389  macroF1=0.1397  edit=2.67  segF1@50=0.00
[b2a][epoch 2/50] loss=2.8946  val_acc=0.3624  macroF1=0.0772  edit=2.67  segF1@50=0.17
[b2a][epoch 3/50] loss=2.5779  val_acc=0.3340  macroF1=0.0715  edit=9.67  segF1@50=0.00
[b2a][epoch 4/50] loss=2.2604  val_acc=0.5848  macroF1=0.1947  edit=16.33  segF1@50=0.17
[b2a][epoch 5/50] loss=1.8900  val_acc=0.6713  macroF1=0.2285  edit=11.00  segF1@50=0.17
[b2a][epoch 6/50] loss=1.5301  val_acc=0.6746  macroF1=0.2299  edit=24.67  segF1@50=0.13
[b2a][epoch 7/50] loss=1.3614  val_acc=0.6792  macroF1=0.2316  edit=33.00  segF1@50=0.24
[b2a][epoch 8/50] loss=1.2210  val_acc=0.7769  macroF1=0.3543  edit=35.70  segF1@50=0.31
[b2a][epoch 9/50] loss=1.0911  val_acc=0.7848  macroF1=0.3573  edit=32.67  segF1@50=0.27
[b2a][epoch 10/50] loss=0.9885  val_acc=0.8145  macroF1=0.4533  edit=40.25  segF1@50=0.35
[b2a][epoch 11/50] loss=0.8973  val_acc=0.8568  macroF1=0.5616  edit=38.46  segF1@50=0.36
[b2a][epoch 12/50] loss=0.8356  val_acc=0.9155  macroF1=0.6748  edit=33.33  segF1@50=0.32
[b2a][epoch 13/50] loss=0.7657  val_acc=0.9155  macroF1=0.6770  edit=40.00  segF1@50=0.43
[b2a][epoch 14/50] loss=0.7066  val_acc=0.9221  macroF1=0.7215  edit=53.11  segF1@50=0.54
[b2a][epoch 15/50] loss=0.6810  val_acc=0.9142  macroF1=0.7247  edit=33.45  segF1@50=0.36
[b2a][epoch 16/50] loss=0.6530  val_acc=0.9201  macroF1=0.7066  edit=47.70  segF1@50=0.46
[b2a][epoch 17/50] loss=0.6130  val_acc=0.9347  macroF1=0.7543  edit=43.66  segF1@50=0.48
[b2a][epoch 18/50] loss=0.5740  val_acc=0.9254  macroF1=0.7228  edit=40.28  segF1@50=0.37
[b2a][epoch 19/50] loss=0.5618  val_acc=0.9366  macroF1=0.7677  edit=39.85  segF1@50=0.41
[b2a][epoch 20/50] loss=0.5458  val_acc=0.9274  macroF1=0.7402  edit=52.67  segF1@50=0.55
[b2a][epoch 21/50] loss=0.5271  val_acc=0.9380  macroF1=0.7779  edit=36.19  segF1@50=0.37
[b2a][epoch 22/50] loss=0.5429  val_acc=0.9274  macroF1=0.7408  edit=44.29  segF1@50=0.40
[b2a][epoch 23/50] loss=0.5770  val_acc=0.9380  macroF1=0.7865  edit=39.10  segF1@50=0.41
[b2a][epoch 24/50] loss=0.5010  val_acc=0.9327  macroF1=0.7549  edit=36.91  segF1@50=0.37
[b2a][epoch 25/50] loss=0.4834  val_acc=0.9347  macroF1=0.7809  edit=44.95  segF1@50=0.47
[b2a][epoch 26/50] loss=0.4641  val_acc=0.9393  macroF1=0.7740  edit=45.24  segF1@50=0.50
[b2a][epoch 27/50] loss=0.4465  val_acc=0.9373  macroF1=0.7756  edit=35.51  segF1@50=0.37
[b2a][epoch 28/50] loss=0.4401  val_acc=0.9373  macroF1=0.7748  edit=37.24  segF1@50=0.39
[b2a][epoch 29/50] loss=0.4378  val_acc=0.9300  macroF1=0.7603  edit=49.44  segF1@50=0.50
[b2a][epoch 30/50] loss=0.4625  val_acc=0.9432  macroF1=0.7897  edit=36.62  segF1@50=0.40
[b2a][epoch 31/50] loss=0.4337  val_acc=0.9353  macroF1=0.7606  edit=42.22  segF1@50=0.47
[b2a][epoch 32/50] loss=0.4105  val_acc=0.9393  macroF1=0.7804  edit=37.86  segF1@50=0.38
[b2a][epoch 33/50] loss=0.4055  val_acc=0.9406  macroF1=0.7835  edit=34.59  segF1@50=0.36
[b2a][epoch 34/50] loss=0.3971  val_acc=0.9373  macroF1=0.7716  edit=40.51  segF1@50=0.46
[b2a][epoch 35/50] loss=0.3973  val_acc=0.9413  macroF1=0.7965  edit=40.17  segF1@50=0.44
[b2a][epoch 36/50] loss=0.4006  val_acc=0.9413  macroF1=0.7725  edit=40.00  segF1@50=0.42
[b2a][epoch 37/50] loss=0.3990  val_acc=0.9472  macroF1=0.8025  edit=35.70  segF1@50=0.43
[b2a][epoch 38/50] loss=0.3892  val_acc=0.9373  macroF1=0.7759  edit=45.50  segF1@50=0.48
[b2a][epoch 39/50] loss=0.3762  val_acc=0.9439  macroF1=0.7951  edit=31.94  segF1@50=0.35
[b2a][epoch 40/50] loss=0.3861  val_acc=0.9366  macroF1=0.7670  edit=37.29  segF1@50=0.38
[b2a][epoch 41/50] loss=0.3947  val_acc=0.9452  macroF1=0.7907  edit=35.86  segF1@50=0.38
[b2a][epoch 42/50] loss=0.3714  val_acc=0.9373  macroF1=0.7801  edit=45.75  segF1@50=0.49
[b2a][epoch 43/50] loss=0.3570  val_acc=0.9439  macroF1=0.7940  edit=34.80  segF1@50=0.41
[b2a][epoch 44/50] loss=0.3456  val_acc=0.9439  macroF1=0.7888  edit=36.19  segF1@50=0.39
[b2a][epoch 45/50] loss=0.3317  val_acc=0.9439  macroF1=0.7900  edit=37.81  segF1@50=0.44
[b2a][epoch 46/50] loss=0.3309  val_acc=0.9399  macroF1=0.7836  edit=32.22  segF1@50=0.34
[b2a][epoch 47/50] loss=0.3293  val_acc=0.9452  macroF1=0.7931  edit=32.85  segF1@50=0.36
[b2a][epoch 48/50] loss=0.3252  val_acc=0.9419  macroF1=0.7876  edit=34.07  segF1@50=0.37
[b2a][epoch 49/50] loss=0.3203  val_acc=0.9446  macroF1=0.7942  edit=30.74  segF1@50=0.34
[b2a][epoch 50/50] loss=0.3151  val_acc=0.9432  macroF1=0.7882  edit=36.05  segF1@50=0.42
[b2a] best @epoch 37: acc=0.9472 macroF1=0.8025
[b2a] evidence written -> /home/ubuntu/slocal2/m2/experiments/transfer/b2a_regiononly_mask_12_002_b2a_regiononly_mask_12_seed123
