[b2a] train clips=13  val clips=3  in_dim=2063  tool_source=oracle  classes=9  device=cuda
[b2a] evidence dir: /home/ubuntu/slocal2/m2/experiments/transfer/b2a_base_oracle_noise_p020_001_b2a_base_oracle_noise_p020_seed42
[b2a][epoch 1/50] loss=3.7556  val_acc=0.3624  macroF1=0.0766  edit=2.67  segF1@50=0.17
[b2a][epoch 2/50] loss=2.8890  val_acc=0.2574  macroF1=0.0861  edit=9.68  segF1@50=0.00
[b2a][epoch 3/50] loss=2.7248  val_acc=0.3670  macroF1=0.0767  edit=1.33  segF1@50=0.17
[b2a][epoch 4/50] loss=2.5228  val_acc=0.6389  macroF1=0.2196  edit=23.00  segF1@50=0.00
[b2a][epoch 5/50] loss=2.5555  val_acc=0.3802  macroF1=0.0889  edit=26.57  segF1@50=0.22
[b2a][epoch 6/50] loss=2.2122  val_acc=0.6772  macroF1=0.2300  edit=41.00  segF1@50=0.20
[b2a][epoch 7/50] loss=1.8229  val_acc=0.5591  macroF1=0.1935  edit=25.53  segF1@50=0.11
[b2a][epoch 8/50] loss=1.6323  val_acc=0.5380  macroF1=0.1856  edit=28.58  segF1@50=0.11
[b2a][epoch 9/50] loss=1.7147  val_acc=0.4759  macroF1=0.1596  edit=20.45  segF1@50=0.01
[b2a][epoch 10/50] loss=1.6657  val_acc=0.6719  macroF1=0.2299  edit=41.00  segF1@50=0.21
[b2a][epoch 11/50] loss=1.4529  val_acc=0.6851  macroF1=0.2602  edit=56.33  segF1@50=0.18
[b2a][epoch 12/50] loss=1.3699  val_acc=0.6680  macroF1=0.3266  edit=44.38  segF1@50=0.18
[b2a][epoch 13/50] loss=1.3195  val_acc=0.6812  macroF1=0.2791  edit=30.00  segF1@50=0.21
[b2a][epoch 14/50] loss=1.1975  val_acc=0.6851  macroF1=0.2864  edit=33.78  segF1@50=0.25
[b2a][epoch 15/50] loss=1.1427  val_acc=0.7142  macroF1=0.3531  edit=23.99  segF1@50=0.14
[b2a][epoch 16/50] loss=1.0309  val_acc=0.7327  macroF1=0.3695  edit=23.50  segF1@50=0.13
[b2a][epoch 17/50] loss=0.9765  val_acc=0.8165  macroF1=0.5385  edit=33.67  segF1@50=0.28
[b2a][epoch 18/50] loss=0.8966  val_acc=0.8469  macroF1=0.5946  edit=37.60  segF1@50=0.31
[b2a][epoch 19/50] loss=0.8445  val_acc=0.8937  macroF1=0.6632  edit=42.00  segF1@50=0.39
[b2a][epoch 20/50] loss=0.8029  val_acc=0.8871  macroF1=0.6451  edit=36.67  segF1@50=0.34
[b2a][epoch 21/50] loss=0.7469  val_acc=0.8884  macroF1=0.6429  edit=44.44  segF1@50=0.45
[b2a][epoch 22/50] loss=0.7049  val_acc=0.8475  macroF1=0.6251  edit=35.39  segF1@50=0.27
[b2a][epoch 23/50] loss=0.7157  val_acc=0.8264  macroF1=0.6455  edit=36.69  segF1@50=0.28
[b2a][epoch 24/50] loss=0.6715  val_acc=0.8667  macroF1=0.6362  edit=30.51  segF1@50=0.29
[b2a][epoch 25/50] loss=0.6932  val_acc=0.8554  macroF1=0.6294  edit=33.69  segF1@50=0.26
[b2a][epoch 26/50] loss=0.7328  val_acc=0.8660  macroF1=0.6346  edit=31.84  segF1@50=0.27
[b2a][epoch 27/50] loss=0.7403  val_acc=0.8330  macroF1=0.5767  edit=35.04  segF1@50=0.38
[b2a][epoch 28/50] loss=0.7495  val_acc=0.7564  macroF1=0.5507  edit=17.38  segF1@50=0.12
[b2a][epoch 29/50] loss=0.7366  val_acc=0.7228  macroF1=0.5493  edit=29.77  segF1@50=0.26
[b2a][epoch 30/50] loss=0.8359  val_acc=0.8752  macroF1=0.6396  edit=24.15  segF1@50=0.27
[b2a][epoch 31/50] loss=0.6617  val_acc=0.8719  macroF1=0.6782  edit=32.19  segF1@50=0.25
[b2a][epoch 32/50] loss=0.5767  val_acc=0.8970  macroF1=0.6798  edit=36.37  segF1@50=0.34
[b2a][epoch 33/50] loss=0.5441  val_acc=0.8772  macroF1=0.6979  edit=32.27  segF1@50=0.27
[b2a][epoch 34/50] loss=0.5093  val_acc=0.8726  macroF1=0.6755  edit=30.17  segF1@50=0.28
[b2a][epoch 35/50] loss=0.4780  val_acc=0.8917  macroF1=0.7004  edit=33.16  segF1@50=0.32
[b2a][epoch 36/50] loss=0.4477  val_acc=0.8917  macroF1=0.7016  edit=35.30  segF1@50=0.33
[b2a][epoch 37/50] loss=0.4361  val_acc=0.8884  macroF1=0.7029  edit=32.28  segF1@50=0.30
[b2a][epoch 38/50] loss=0.4235  val_acc=0.8937  macroF1=0.7063  edit=32.42  segF1@50=0.31
[b2a][epoch 39/50] loss=0.4128  val_acc=0.8931  macroF1=0.7146  edit=30.43  segF1@50=0.30
[b2a][epoch 40/50] loss=0.4044  val_acc=0.8997  macroF1=0.7307  edit=38.89  segF1@50=0.35
[b2a][epoch 41/50] loss=0.3934  val_acc=0.9050  macroF1=0.7337  edit=33.37  segF1@50=0.31
[b2a][epoch 42/50] loss=0.3831  val_acc=0.9030  macroF1=0.7319  edit=32.67  segF1@50=0.30
[b2a][epoch 43/50] loss=0.3754  val_acc=0.8931  macroF1=0.7263  edit=37.54  segF1@50=0.37
[b2a][epoch 44/50] loss=0.3670  val_acc=0.9023  macroF1=0.7298  edit=30.97  segF1@50=0.32
[b2a][epoch 45/50] loss=0.3677  val_acc=0.9102  macroF1=0.7455  edit=33.90  segF1@50=0.34
[b2a][epoch 46/50] loss=0.3596  val_acc=0.8957  macroF1=0.7259  edit=40.81  segF1@50=0.39
[b2a][epoch 47/50] loss=0.3507  val_acc=0.9030  macroF1=0.7429  edit=34.53  segF1@50=0.35
[b2a][epoch 48/50] loss=0.3393  val_acc=0.9036  macroF1=0.7350  edit=40.08  segF1@50=0.40
[b2a][epoch 49/50] loss=0.3362  val_acc=0.9010  macroF1=0.7482  edit=36.63  segF1@50=0.36
[b2a][epoch 50/50] loss=0.3812  val_acc=0.9063  macroF1=0.6987  edit=41.40  segF1@50=0.41
[b2a] best @epoch 45: acc=0.9102 macroF1=0.7455
[b2a] evidence written -> /home/ubuntu/slocal2/m2/experiments/transfer/b2a_base_oracle_noise_p020_001_b2a_base_oracle_noise_p020_seed42
