[b2a] train clips=13  val clips=3  in_dim=2063  tool_source=pred  classes=9  device=cuda
[b2a] evidence dir: /home/ubuntu/slocal/m2/experiments/transfer/b2a_det2phase_toolpresence_006_b2a_det2phase_toolpresence_seed42
[b2a][epoch 1/50] loss=3.7497  val_acc=0.3624  macroF1=0.0766  edit=2.67  segF1@50=0.17
[b2a][epoch 2/50] loss=2.8751  val_acc=0.3353  macroF1=0.1150  edit=4.30  segF1@50=0.01
[b2a][epoch 3/50] loss=2.6961  val_acc=0.3670  macroF1=0.0768  edit=1.33  segF1@50=0.17
[b2a][epoch 4/50] loss=2.4653  val_acc=0.5743  macroF1=0.1993  edit=18.86  segF1@50=0.02
[b2a][epoch 5/50] loss=2.4692  val_acc=0.5188  macroF1=0.1718  edit=30.49  segF1@50=0.22
[b2a][epoch 6/50] loss=2.0961  val_acc=0.6733  macroF1=0.2288  edit=32.67  segF1@50=0.14
[b2a][epoch 7/50] loss=1.6680  val_acc=0.6191  macroF1=0.2138  edit=39.67  segF1@50=0.19
[b2a][epoch 8/50] loss=1.5567  val_acc=0.6112  macroF1=0.2114  edit=38.33  segF1@50=0.19
[b2a][epoch 9/50] loss=1.4547  val_acc=0.6706  macroF1=0.2286  edit=41.00  segF1@50=0.21
[b2a][epoch 10/50] loss=1.4312  val_acc=0.6442  macroF1=0.2644  edit=46.95  segF1@50=0.19
[b2a][epoch 11/50] loss=1.2803  val_acc=0.6759  macroF1=0.2887  edit=35.57  segF1@50=0.23
[b2a][epoch 12/50] loss=1.2046  val_acc=0.7168  macroF1=0.3387  edit=37.67  segF1@50=0.29
[b2a][epoch 13/50] loss=1.1231  val_acc=0.7228  macroF1=0.4283  edit=28.52  segF1@50=0.14
[b2a][epoch 14/50] loss=1.0684  val_acc=0.7604  macroF1=0.4045  edit=28.78  segF1@50=0.18
[b2a][epoch 15/50] loss=1.0099  val_acc=0.8026  macroF1=0.4833  edit=34.54  segF1@50=0.26
[b2a][epoch 16/50] loss=0.9298  val_acc=0.7855  macroF1=0.4403  edit=23.82  segF1@50=0.15
[b2a][epoch 17/50] loss=0.8378  val_acc=0.8832  macroF1=0.6420  edit=36.83  segF1@50=0.34
[b2a][epoch 18/50] loss=0.7599  val_acc=0.9096  macroF1=0.6794  edit=43.52  segF1@50=0.41
[b2a][epoch 19/50] loss=0.7396  val_acc=0.8132  macroF1=0.6791  edit=26.65  segF1@50=0.25
[b2a][epoch 20/50] loss=0.7541  val_acc=0.8825  macroF1=0.6394  edit=40.10  segF1@50=0.35
[b2a][epoch 21/50] loss=0.6623  val_acc=0.8845  macroF1=0.6555  edit=39.50  segF1@50=0.35
[b2a][epoch 22/50] loss=0.5949  val_acc=0.8752  macroF1=0.6758  edit=33.50  segF1@50=0.26
[b2a][epoch 23/50] loss=0.5766  val_acc=0.8548  macroF1=0.6169  edit=28.33  segF1@50=0.27
[b2a][epoch 24/50] loss=0.5383  val_acc=0.9221  macroF1=0.7646  edit=42.22  segF1@50=0.42
[b2a][epoch 25/50] loss=0.5230  val_acc=0.9017  macroF1=0.6823  edit=35.79  segF1@50=0.34
[b2a][epoch 26/50] loss=0.5368  val_acc=0.8799  macroF1=0.6494  edit=39.84  segF1@50=0.35
[b2a][epoch 27/50] loss=0.6026  val_acc=0.8396  macroF1=0.6210  edit=30.94  segF1@50=0.26
[b2a][epoch 28/50] loss=0.5218  val_acc=0.9109  macroF1=0.7107  edit=35.80  segF1@50=0.33
[b2a][epoch 29/50] loss=0.4886  val_acc=0.8977  macroF1=0.6838  edit=36.05  segF1@50=0.34
[b2a][epoch 30/50] loss=0.4367  val_acc=0.9347  macroF1=0.7872  edit=34.16  segF1@50=0.36
[b2a][epoch 31/50] loss=0.4331  val_acc=0.9063  macroF1=0.6928  edit=36.61  segF1@50=0.36
[b2a][epoch 32/50] loss=0.4646  val_acc=0.8871  macroF1=0.7382  edit=32.87  segF1@50=0.29
[b2a][epoch 33/50] loss=0.4192  val_acc=0.9102  macroF1=0.7160  edit=39.51  segF1@50=0.39
[b2a][epoch 34/50] loss=0.3928  val_acc=0.9267  macroF1=0.7772  edit=40.96  segF1@50=0.41
[b2a][epoch 35/50] loss=0.3895  val_acc=0.9228  macroF1=0.7510  edit=40.84  segF1@50=0.40
[b2a][epoch 36/50] loss=0.3707  val_acc=0.9314  macroF1=0.7845  edit=41.98  segF1@50=0.44
[b2a][epoch 37/50] loss=0.3704  val_acc=0.9056  macroF1=0.7095  edit=33.38  segF1@50=0.32
[b2a][epoch 38/50] loss=0.3861  val_acc=0.8865  macroF1=0.7331  edit=33.55  segF1@50=0.35
[b2a][epoch 39/50] loss=0.4009  val_acc=0.9234  macroF1=0.7436  edit=37.75  segF1@50=0.38
[b2a][epoch 40/50] loss=0.3678  val_acc=0.9274  macroF1=0.7839  edit=39.24  segF1@50=0.40
[b2a][epoch 41/50] loss=0.3449  val_acc=0.9201  macroF1=0.7496  edit=40.25  segF1@50=0.41
[b2a][epoch 42/50] loss=0.3786  val_acc=0.9248  macroF1=0.7768  edit=39.69  segF1@50=0.43
[b2a][epoch 43/50] loss=0.3489  val_acc=0.9175  macroF1=0.7154  edit=38.17  segF1@50=0.34
[b2a][epoch 44/50] loss=0.3362  val_acc=0.9333  macroF1=0.7903  edit=37.89  segF1@50=0.40
[b2a][epoch 45/50] loss=0.3224  val_acc=0.9347  macroF1=0.7824  edit=40.62  segF1@50=0.45
[b2a][epoch 46/50] loss=0.3083  val_acc=0.9300  macroF1=0.7664  edit=42.51  segF1@50=0.42
[b2a][epoch 47/50] loss=0.2961  val_acc=0.9380  macroF1=0.7992  edit=39.51  segF1@50=0.41
[b2a][epoch 48/50] loss=0.2837  val_acc=0.9347  macroF1=0.7805  edit=40.80  segF1@50=0.46
[b2a][epoch 49/50] loss=0.2737  val_acc=0.9393  macroF1=0.7951  edit=44.67  segF1@50=0.45
[b2a][epoch 50/50] loss=0.2746  val_acc=0.9333  macroF1=0.7811  edit=39.58  segF1@50=0.42
[b2a] best @epoch 49: acc=0.9393 macroF1=0.7951
[b2a] evidence written -> /home/ubuntu/slocal/m2/experiments/transfer/b2a_det2phase_toolpresence_006_b2a_det2phase_toolpresence_seed42
