[b2a] train clips=13  val clips=3  in_dim=2063  tool_source=oracle  classes=9  device=cuda
[b2a] evidence dir: /home/ubuntu/slocal2/m2/experiments/transfer/b2a_ro_oracle_scalpelnoise_p030_003_b2a_ro_oracle_scalpelnoise_p030_seed456
[b2a][epoch 1/50] loss=3.4546  val_acc=0.3677  macroF1=0.0768  edit=18.00  segF1@50=0.22
[b2a][epoch 2/50] loss=2.6853  val_acc=0.6752  macroF1=0.2310  edit=41.00  segF1@50=0.21
[b2a][epoch 3/50] loss=2.0904  val_acc=0.6706  macroF1=0.2275  edit=35.67  segF1@50=0.22
[b2a][epoch 4/50] loss=1.8201  val_acc=0.6634  macroF1=0.2267  edit=37.00  segF1@50=0.26
[b2a][epoch 5/50] loss=1.6679  val_acc=0.6812  macroF1=0.2286  edit=30.33  segF1@50=0.31
[b2a][epoch 6/50] loss=1.5198  val_acc=0.6865  macroF1=0.2333  edit=35.67  segF1@50=0.23
[b2a][epoch 7/50] loss=1.4787  val_acc=0.6865  macroF1=0.2328  edit=34.17  segF1@50=0.24
[b2a][epoch 8/50] loss=1.3172  val_acc=0.6858  macroF1=0.2317  edit=33.33  segF1@50=0.22
[b2a][epoch 9/50] loss=1.2253  val_acc=0.7076  macroF1=0.2903  edit=41.33  segF1@50=0.30
[b2a][epoch 10/50] loss=1.1443  val_acc=0.7472  macroF1=0.3672  edit=42.29  segF1@50=0.27
[b2a][epoch 11/50] loss=1.0616  val_acc=0.8073  macroF1=0.4684  edit=32.25  segF1@50=0.30
[b2a][epoch 12/50] loss=0.9700  val_acc=0.8323  macroF1=0.5030  edit=39.62  segF1@50=0.35
[b2a][epoch 13/50] loss=0.9032  val_acc=0.7551  macroF1=0.3831  edit=43.33  segF1@50=0.33
[b2a][epoch 14/50] loss=0.8784  val_acc=0.9248  macroF1=0.7435  edit=47.90  segF1@50=0.48
[b2a][epoch 15/50] loss=0.7987  val_acc=0.8937  macroF1=0.7085  edit=38.67  segF1@50=0.37
[b2a][epoch 16/50] loss=0.7871  val_acc=0.9307  macroF1=0.7721  edit=48.63  segF1@50=0.55
[b2a][epoch 17/50] loss=0.7346  val_acc=0.9234  macroF1=0.7491  edit=34.06  segF1@50=0.42
[b2a][epoch 18/50] loss=0.6947  val_acc=0.9406  macroF1=0.7863  edit=48.00  segF1@50=0.55
[b2a][epoch 19/50] loss=0.6805  val_acc=0.9380  macroF1=0.7738  edit=56.99  segF1@50=0.63
[b2a][epoch 20/50] loss=0.6620  val_acc=0.9465  macroF1=0.8031  edit=72.84  segF1@50=0.72
[b2a][epoch 21/50] loss=0.6331  val_acc=0.9413  macroF1=0.7925  edit=41.99  segF1@50=0.52
[b2a][epoch 22/50] loss=0.6132  val_acc=0.9452  macroF1=0.8024  edit=42.00  segF1@50=0.47
[b2a][epoch 23/50] loss=0.5963  val_acc=0.9452  macroF1=0.7965  edit=61.44  segF1@50=0.69
[b2a][epoch 24/50] loss=0.5839  val_acc=0.9472  macroF1=0.8021  edit=40.15  segF1@50=0.50
[b2a][epoch 25/50] loss=0.5649  val_acc=0.9531  macroF1=0.8159  edit=55.33  segF1@50=0.65
[b2a][epoch 26/50] loss=0.5641  val_acc=0.9525  macroF1=0.8129  edit=58.89  segF1@50=0.68
[b2a][epoch 27/50] loss=0.5483  val_acc=0.9525  macroF1=0.8161  edit=58.44  segF1@50=0.66
[b2a][epoch 28/50] loss=0.5295  val_acc=0.9432  macroF1=0.7944  edit=56.86  segF1@50=0.63
[b2a][epoch 29/50] loss=0.5483  val_acc=0.9294  macroF1=0.7961  edit=38.53  segF1@50=0.45
[b2a][epoch 30/50] loss=0.5402  val_acc=0.9472  macroF1=0.8047  edit=51.44  segF1@50=0.59
[b2a][epoch 31/50] loss=0.4964  val_acc=0.9538  macroF1=0.8210  edit=56.27  segF1@50=0.64
[b2a][epoch 32/50] loss=0.4955  val_acc=0.9505  macroF1=0.8127  edit=43.10  segF1@50=0.49
[b2a][epoch 33/50] loss=0.4981  val_acc=0.9525  macroF1=0.8192  edit=55.36  segF1@50=0.64
[b2a][epoch 34/50] loss=0.4886  val_acc=0.9512  macroF1=0.8139  edit=51.44  segF1@50=0.61
[b2a][epoch 35/50] loss=0.4853  val_acc=0.9432  macroF1=0.8080  edit=41.78  segF1@50=0.46
[b2a][epoch 36/50] loss=0.4560  val_acc=0.9492  macroF1=0.8118  edit=51.44  segF1@50=0.60
[b2a][epoch 37/50] loss=0.4526  val_acc=0.9512  macroF1=0.8192  edit=44.59  segF1@50=0.50
[b2a][epoch 38/50] loss=0.4376  val_acc=0.9518  macroF1=0.8180  edit=46.44  segF1@50=0.52
[b2a][epoch 39/50] loss=0.4305  val_acc=0.9551  macroF1=0.8232  edit=58.44  segF1@50=0.66
[b2a][epoch 40/50] loss=0.4213  val_acc=0.9525  macroF1=0.8207  edit=47.38  segF1@50=0.56
[b2a][epoch 41/50] loss=0.4205  val_acc=0.9518  macroF1=0.8193  edit=45.75  segF1@50=0.57
[b2a][epoch 42/50] loss=0.4064  val_acc=0.9551  macroF1=0.8207  edit=51.71  segF1@50=0.61
[b2a][epoch 43/50] loss=0.4099  val_acc=0.9551  macroF1=0.8238  edit=59.56  segF1@50=0.66
[b2a][epoch 44/50] loss=0.4116  val_acc=0.9551  macroF1=0.8205  edit=54.21  segF1@50=0.63
[b2a][epoch 45/50] loss=0.4082  val_acc=0.9452  macroF1=0.8107  edit=47.85  segF1@50=0.51
[b2a][epoch 46/50] loss=0.4162  val_acc=0.9485  macroF1=0.8126  edit=38.32  segF1@50=0.48
[b2a][epoch 47/50] loss=0.3898  val_acc=0.9551  macroF1=0.8240  edit=51.85  segF1@50=0.60
[b2a][epoch 48/50] loss=0.3794  val_acc=0.9545  macroF1=0.8212  edit=44.53  segF1@50=0.55
[b2a][epoch 49/50] loss=0.3764  val_acc=0.9538  macroF1=0.8224  edit=46.48  segF1@50=0.56
[b2a][epoch 50/50] loss=0.3709  val_acc=0.9459  macroF1=0.8131  edit=43.87  segF1@50=0.49
[b2a] best @epoch 39: acc=0.9551 macroF1=0.8232
[b2a] evidence written -> /home/ubuntu/slocal2/m2/experiments/transfer/b2a_ro_oracle_scalpelnoise_p030_003_b2a_ro_oracle_scalpelnoise_p030_seed456
