[b2a] train clips=13  val clips=3  in_dim=2063  tool_source=pred  classes=9  device=cuda
[b2a] evidence dir: /home/ubuntu/slocal2/m2/experiments/transfer/b2a_regiononly_mask_00_002_b2a_regiononly_mask_00_seed123
[b2a][epoch 1/50] loss=3.6376  val_acc=0.4389  macroF1=0.1400  edit=2.67  segF1@50=0.00
[b2a][epoch 2/50] loss=2.8936  val_acc=0.3630  macroF1=0.0773  edit=2.67  segF1@50=0.17
[b2a][epoch 3/50] loss=2.5710  val_acc=0.3340  macroF1=0.0715  edit=9.67  segF1@50=0.00
[b2a][epoch 4/50] loss=2.2559  val_acc=0.5914  macroF1=0.1974  edit=20.17  segF1@50=0.17
[b2a][epoch 5/50] loss=1.8956  val_acc=0.6713  macroF1=0.2285  edit=13.67  segF1@50=0.17
[b2a][epoch 6/50] loss=1.5289  val_acc=0.6772  macroF1=0.2304  edit=38.33  segF1@50=0.24
[b2a][epoch 7/50] loss=1.3714  val_acc=0.6785  macroF1=0.2313  edit=35.67  segF1@50=0.24
[b2a][epoch 8/50] loss=1.2449  val_acc=0.7749  macroF1=0.3574  edit=34.11  segF1@50=0.30
[b2a][epoch 9/50] loss=1.1257  val_acc=0.7848  macroF1=0.3537  edit=30.54  segF1@50=0.24
[b2a][epoch 10/50] loss=1.0367  val_acc=0.8092  macroF1=0.4443  edit=30.00  segF1@50=0.24
[b2a][epoch 11/50] loss=0.9594  val_acc=0.8521  macroF1=0.5571  edit=39.30  segF1@50=0.35
[b2a][epoch 12/50] loss=0.9072  val_acc=0.9162  macroF1=0.6796  edit=39.56  segF1@50=0.37
[b2a][epoch 13/50] loss=0.8463  val_acc=0.9175  macroF1=0.6758  edit=35.11  segF1@50=0.37
[b2a][epoch 14/50] loss=0.7969  val_acc=0.9162  macroF1=0.6810  edit=37.97  segF1@50=0.38
[b2a][epoch 15/50] loss=0.7450  val_acc=0.9201  macroF1=0.6831  edit=37.33  segF1@50=0.41
[b2a][epoch 16/50] loss=0.7116  val_acc=0.9182  macroF1=0.6801  edit=33.67  segF1@50=0.33
[b2a][epoch 17/50] loss=0.6798  val_acc=0.9195  macroF1=0.6818  edit=33.52  segF1@50=0.34
[b2a][epoch 18/50] loss=0.6535  val_acc=0.9215  macroF1=0.6837  edit=32.33  segF1@50=0.32
[b2a][epoch 19/50] loss=0.6328  val_acc=0.9188  macroF1=0.6834  edit=36.63  segF1@50=0.34
[b2a][epoch 20/50] loss=0.6177  val_acc=0.9208  macroF1=0.6841  edit=33.52  segF1@50=0.33
[b2a][epoch 21/50] loss=0.5889  val_acc=0.9221  macroF1=0.6849  edit=30.07  segF1@50=0.33
[b2a][epoch 22/50] loss=0.5856  val_acc=0.9228  macroF1=0.6855  edit=31.00  segF1@50=0.33
[b2a][epoch 23/50] loss=0.5623  val_acc=0.9221  macroF1=0.6852  edit=35.44  segF1@50=0.36
[b2a][epoch 24/50] loss=0.5524  val_acc=0.9234  macroF1=0.6866  edit=32.19  segF1@50=0.33
[b2a][epoch 25/50] loss=0.5276  val_acc=0.9208  macroF1=0.6835  edit=31.00  segF1@50=0.32
[b2a][epoch 26/50] loss=0.5250  val_acc=0.9221  macroF1=0.6858  edit=32.33  segF1@50=0.32
[b2a][epoch 27/50] loss=0.4960  val_acc=0.9215  macroF1=0.6861  edit=37.97  segF1@50=0.36
[b2a][epoch 28/50] loss=0.4970  val_acc=0.9195  macroF1=0.6832  edit=35.85  segF1@50=0.34
[b2a][epoch 29/50] loss=0.4786  val_acc=0.9234  macroF1=0.6861  edit=32.19  segF1@50=0.35
[b2a][epoch 30/50] loss=0.4697  val_acc=0.9254  macroF1=0.6880  edit=37.97  segF1@50=0.37
[b2a][epoch 31/50] loss=0.4606  val_acc=0.9195  macroF1=0.6908  edit=32.00  segF1@50=0.33
[b2a][epoch 32/50] loss=0.5226  val_acc=0.9168  macroF1=0.6998  edit=36.28  segF1@50=0.37
[b2a][epoch 33/50] loss=0.5452  val_acc=0.9129  macroF1=0.6879  edit=34.19  segF1@50=0.32
[b2a][epoch 34/50] loss=0.4986  val_acc=0.9201  macroF1=0.6849  edit=35.33  segF1@50=0.34
[b2a][epoch 35/50] loss=0.4625  val_acc=0.9175  macroF1=0.6853  edit=36.11  segF1@50=0.36
[b2a][epoch 36/50] loss=0.4427  val_acc=0.9241  macroF1=0.6864  edit=32.19  segF1@50=0.34
[b2a][epoch 37/50] loss=0.4198  val_acc=0.9234  macroF1=0.6861  edit=33.78  segF1@50=0.35
[b2a][epoch 38/50] loss=0.4130  val_acc=0.9261  macroF1=0.6878  edit=37.33  segF1@50=0.42
[b2a][epoch 39/50] loss=0.3978  val_acc=0.9248  macroF1=0.6911  edit=33.52  segF1@50=0.33
[b2a][epoch 40/50] loss=0.3901  val_acc=0.9261  macroF1=0.6926  edit=37.33  segF1@50=0.41
[b2a][epoch 41/50] loss=0.3849  val_acc=0.9248  macroF1=0.6870  edit=36.00  segF1@50=0.42
[b2a][epoch 42/50] loss=0.3760  val_acc=0.9254  macroF1=0.6923  edit=38.67  segF1@50=0.43
[b2a][epoch 43/50] loss=0.3768  val_acc=0.9228  macroF1=0.6903  edit=31.41  segF1@50=0.36
[b2a][epoch 44/50] loss=0.3732  val_acc=0.9261  macroF1=0.6926  edit=37.33  segF1@50=0.41
[b2a][epoch 45/50] loss=0.3561  val_acc=0.9254  macroF1=0.6917  edit=33.78  segF1@50=0.40
[b2a][epoch 46/50] loss=0.3568  val_acc=0.9248  macroF1=0.6867  edit=35.43  segF1@50=0.41
[b2a][epoch 47/50] loss=0.3534  val_acc=0.9241  macroF1=0.6950  edit=34.86  segF1@50=0.38
[b2a][epoch 48/50] loss=0.3570  val_acc=0.9254  macroF1=0.6965  edit=34.14  segF1@50=0.37
[b2a][epoch 49/50] loss=0.3476  val_acc=0.9254  macroF1=0.6866  edit=36.00  segF1@50=0.41
[b2a][epoch 50/50] loss=0.3374  val_acc=0.9254  macroF1=0.6912  edit=36.44  segF1@50=0.39
[b2a] best @epoch 38: acc=0.9261 macroF1=0.6878
[b2a] evidence written -> /home/ubuntu/slocal2/m2/experiments/transfer/b2a_regiononly_mask_00_002_b2a_regiononly_mask_00_seed123
