[b2a] train clips=13  val clips=3  in_dim=2063  tool_source=pred  classes=9  device=cuda
[b2a] evidence dir: /home/ubuntu/slocal/m2/experiments/transfer/b2a_det2phase_toolpresence_022_b2a_det2phase_toolpresence_seed456
[b2a][epoch 1/50] loss=3.4748  val_acc=0.3340  macroF1=0.0715  edit=9.67  segF1@50=0.00
[b2a][epoch 2/50] loss=2.8720  val_acc=0.3644  macroF1=0.0766  edit=2.67  segF1@50=0.17
[b2a][epoch 3/50] loss=2.6665  val_acc=0.3340  macroF1=0.0715  edit=9.67  segF1@50=0.00
[b2a][epoch 4/50] loss=2.5576  val_acc=0.3677  macroF1=0.0768  edit=18.00  segF1@50=0.22
[b2a][epoch 5/50] loss=2.2793  val_acc=0.6634  macroF1=0.2240  edit=32.22  segF1@50=0.17
[b2a][epoch 6/50] loss=1.9482  val_acc=0.4970  macroF1=0.1689  edit=41.00  segF1@50=0.18
[b2a][epoch 7/50] loss=1.9636  val_acc=0.4317  macroF1=0.1372  edit=28.04  segF1@50=0.00
[b2a][epoch 8/50] loss=1.9026  val_acc=0.5710  macroF1=0.1980  edit=29.29  segF1@50=0.11
[b2a][epoch 9/50] loss=1.6466  val_acc=0.6178  macroF1=0.2139  edit=31.00  segF1@50=0.14
[b2a][epoch 10/50] loss=1.3742  val_acc=0.6383  macroF1=0.2195  edit=41.00  segF1@50=0.20
[b2a][epoch 11/50] loss=1.2460  val_acc=0.6845  macroF1=0.3006  edit=25.31  segF1@50=0.16
[b2a][epoch 12/50] loss=1.1545  val_acc=0.7208  macroF1=0.3456  edit=35.23  segF1@50=0.23
[b2a][epoch 13/50] loss=1.0723  val_acc=0.7155  macroF1=0.3620  edit=38.19  segF1@50=0.25
[b2a][epoch 14/50] loss=0.9890  val_acc=0.8033  macroF1=0.4605  edit=26.72  segF1@50=0.24
[b2a][epoch 15/50] loss=0.9110  val_acc=0.7875  macroF1=0.4477  edit=28.72  segF1@50=0.23
[b2a][epoch 16/50] loss=0.8488  val_acc=0.8145  macroF1=0.4730  edit=25.00  segF1@50=0.19
[b2a][epoch 17/50] loss=0.7743  val_acc=0.8660  macroF1=0.6371  edit=30.22  segF1@50=0.26
[b2a][epoch 18/50] loss=0.7282  val_acc=0.8799  macroF1=0.6756  edit=31.35  segF1@50=0.28
[b2a][epoch 19/50] loss=0.6731  val_acc=0.8904  macroF1=0.7127  edit=36.94  segF1@50=0.30
[b2a][epoch 20/50] loss=0.6331  val_acc=0.8904  macroF1=0.7225  edit=36.99  segF1@50=0.35
[b2a][epoch 21/50] loss=0.6499  val_acc=0.8561  macroF1=0.7016  edit=33.58  segF1@50=0.31
[b2a][epoch 22/50] loss=0.8085  val_acc=0.8455  macroF1=0.6250  edit=21.93  segF1@50=0.29
[b2a][epoch 23/50] loss=0.7716  val_acc=0.8700  macroF1=0.7093  edit=32.50  segF1@50=0.28
[b2a][epoch 24/50] loss=0.6702  val_acc=0.8693  macroF1=0.7101  edit=34.02  segF1@50=0.31
[b2a][epoch 25/50] loss=0.5951  val_acc=0.9050  macroF1=0.7020  edit=43.12  segF1@50=0.44
[b2a][epoch 26/50] loss=0.5472  val_acc=0.8653  macroF1=0.7181  edit=44.02  segF1@50=0.37
[b2a][epoch 27/50] loss=0.4980  val_acc=0.9122  macroF1=0.7534  edit=38.74  segF1@50=0.36
[b2a][epoch 28/50] loss=0.4695  val_acc=0.9017  macroF1=0.7428  edit=36.20  segF1@50=0.34
[b2a][epoch 29/50] loss=0.4604  val_acc=0.9208  macroF1=0.7610  edit=47.33  segF1@50=0.52
[b2a][epoch 30/50] loss=0.4504  val_acc=0.9003  macroF1=0.7556  edit=37.81  segF1@50=0.37
[b2a][epoch 31/50] loss=0.4322  val_acc=0.8997  macroF1=0.7608  edit=38.79  segF1@50=0.37
[b2a][epoch 32/50] loss=0.4352  val_acc=0.9135  macroF1=0.7629  edit=41.95  segF1@50=0.39
[b2a][epoch 33/50] loss=0.4258  val_acc=0.9221  macroF1=0.7687  edit=45.17  segF1@50=0.42
[b2a][epoch 34/50] loss=0.3870  val_acc=0.9142  macroF1=0.7679  edit=42.06  segF1@50=0.40
[b2a][epoch 35/50] loss=0.3672  val_acc=0.9182  macroF1=0.7747  edit=38.51  segF1@50=0.37
[b2a][epoch 36/50] loss=0.3628  val_acc=0.9149  macroF1=0.7720  edit=35.69  segF1@50=0.36
[b2a][epoch 37/50] loss=0.3515  val_acc=0.9188  macroF1=0.7734  edit=38.57  segF1@50=0.39
[b2a][epoch 38/50] loss=0.3434  val_acc=0.9228  macroF1=0.7759  edit=44.33  segF1@50=0.42
[b2a][epoch 39/50] loss=0.3332  val_acc=0.9135  macroF1=0.7704  edit=40.57  segF1@50=0.39
[b2a][epoch 40/50] loss=0.3249  val_acc=0.9188  macroF1=0.7756  edit=42.54  segF1@50=0.41
[b2a][epoch 41/50] loss=0.3319  val_acc=0.9267  macroF1=0.7797  edit=40.98  segF1@50=0.47
[b2a][epoch 42/50] loss=0.4458  val_acc=0.8884  macroF1=0.6789  edit=41.17  segF1@50=0.42
[b2a][epoch 43/50] loss=0.4195  val_acc=0.8785  macroF1=0.7352  edit=38.86  segF1@50=0.36
[b2a][epoch 44/50] loss=0.3853  val_acc=0.9063  macroF1=0.7565  edit=40.87  segF1@50=0.43
[b2a][epoch 45/50] loss=0.4604  val_acc=0.8772  macroF1=0.7158  edit=33.30  segF1@50=0.32
[b2a][epoch 46/50] loss=0.3814  val_acc=0.9195  macroF1=0.7659  edit=46.11  segF1@50=0.48
[b2a][epoch 47/50] loss=0.3430  val_acc=0.8884  macroF1=0.7669  edit=30.00  segF1@50=0.32
[b2a][epoch 48/50] loss=0.4091  val_acc=0.9017  macroF1=0.7696  edit=33.21  segF1@50=0.33
[b2a][epoch 49/50] loss=0.3437  val_acc=0.9129  macroF1=0.7731  edit=34.42  segF1@50=0.36
[b2a][epoch 50/50] loss=0.3022  val_acc=0.9076  macroF1=0.7713  edit=35.65  segF1@50=0.35
[b2a] best @epoch 41: acc=0.9267 macroF1=0.7797
[b2a] evidence written -> /home/ubuntu/slocal/m2/experiments/transfer/b2a_det2phase_toolpresence_022_b2a_det2phase_toolpresence_seed456
