[b2a] train clips=13  val clips=3  in_dim=2063  tool_source=pred  classes=9  device=cuda
[b2a] evidence dir: /home/ubuntu/slocal/m2/experiments/transfer/b2a_det2phase_toolpresence_011_b2a_det2phase_toolpresence_seed456
[b2a][epoch 1/50] loss=3.4825  val_acc=0.3340  macroF1=0.0715  edit=9.67  segF1@50=0.00
[b2a][epoch 2/50] loss=2.8674  val_acc=0.3630  macroF1=0.0764  edit=2.67  segF1@50=0.17
[b2a][epoch 3/50] loss=2.6542  val_acc=0.3340  macroF1=0.0715  edit=9.67  segF1@50=0.00
[b2a][epoch 4/50] loss=2.5321  val_acc=0.3677  macroF1=0.0768  edit=18.00  segF1@50=0.22
[b2a][epoch 5/50] loss=2.2604  val_acc=0.6607  macroF1=0.2240  edit=19.00  segF1@50=0.11
[b2a][epoch 6/50] loss=1.9142  val_acc=0.5135  macroF1=0.1759  edit=38.33  segF1@50=0.18
[b2a][epoch 7/50] loss=2.0256  val_acc=0.3769  macroF1=0.1038  edit=28.75  segF1@50=0.00
[b2a][epoch 8/50] loss=1.9684  val_acc=0.6502  macroF1=0.2205  edit=27.68  segF1@50=0.14
[b2a][epoch 9/50] loss=1.5866  val_acc=0.6310  macroF1=0.2175  edit=39.67  segF1@50=0.20
[b2a][epoch 10/50] loss=1.3789  val_acc=0.6475  macroF1=0.2310  edit=32.67  segF1@50=0.16
[b2a][epoch 11/50] loss=1.2426  val_acc=0.7545  macroF1=0.3407  edit=31.85  segF1@50=0.22
[b2a][epoch 12/50] loss=1.1079  val_acc=0.7393  macroF1=0.3457  edit=47.33  segF1@50=0.29
[b2a][epoch 13/50] loss=1.0174  val_acc=0.7703  macroF1=0.4305  edit=37.57  segF1@50=0.26
[b2a][epoch 14/50] loss=0.9519  val_acc=0.8205  macroF1=0.4810  edit=25.27  segF1@50=0.22
[b2a][epoch 15/50] loss=0.8827  val_acc=0.8238  macroF1=0.4795  edit=29.85  segF1@50=0.28
[b2a][epoch 16/50] loss=0.8578  val_acc=0.8832  macroF1=0.6599  edit=28.18  segF1@50=0.31
[b2a][epoch 17/50] loss=0.8046  val_acc=0.8904  macroF1=0.6620  edit=43.48  segF1@50=0.43
[b2a][epoch 18/50] loss=0.7376  val_acc=0.8964  macroF1=0.7052  edit=44.59  segF1@50=0.37
[b2a][epoch 19/50] loss=0.6621  val_acc=0.8944  macroF1=0.7065  edit=38.11  segF1@50=0.32
[b2a][epoch 20/50] loss=0.6859  val_acc=0.9003  macroF1=0.7142  edit=46.18  segF1@50=0.44
[b2a][epoch 21/50] loss=0.6237  val_acc=0.8733  macroF1=0.6758  edit=45.11  segF1@50=0.40
[b2a][epoch 22/50] loss=0.6515  val_acc=0.8376  macroF1=0.6646  edit=31.61  segF1@50=0.28
[b2a][epoch 23/50] loss=0.6341  val_acc=0.9135  macroF1=0.7285  edit=36.07  segF1@50=0.26
[b2a][epoch 24/50] loss=0.6242  val_acc=0.8739  macroF1=0.6969  edit=35.84  segF1@50=0.28
[b2a][epoch 25/50] loss=0.6091  val_acc=0.8904  macroF1=0.7466  edit=34.99  segF1@50=0.34
[b2a][epoch 26/50] loss=0.5410  val_acc=0.9129  macroF1=0.7334  edit=49.00  segF1@50=0.46
[b2a][epoch 27/50] loss=0.4963  val_acc=0.9201  macroF1=0.7439  edit=53.42  segF1@50=0.52
[b2a][epoch 28/50] loss=0.5025  val_acc=0.9188  macroF1=0.7713  edit=43.97  segF1@50=0.44
[b2a][epoch 29/50] loss=0.4797  val_acc=0.9142  macroF1=0.7652  edit=39.44  segF1@50=0.41
[b2a][epoch 30/50] loss=0.4592  val_acc=0.9175  macroF1=0.7464  edit=44.44  segF1@50=0.39
[b2a][epoch 31/50] loss=0.4517  val_acc=0.9327  macroF1=0.7858  edit=55.56  segF1@50=0.57
[b2a][epoch 32/50] loss=0.4415  val_acc=0.9201  macroF1=0.7550  edit=43.25  segF1@50=0.38
[b2a][epoch 33/50] loss=0.4333  val_acc=0.9340  macroF1=0.7945  edit=43.49  segF1@50=0.44
[b2a][epoch 34/50] loss=0.4199  val_acc=0.9175  macroF1=0.7553  edit=45.56  segF1@50=0.39
[b2a][epoch 35/50] loss=0.4020  val_acc=0.9201  macroF1=0.7841  edit=40.33  segF1@50=0.42
[b2a][epoch 36/50] loss=0.3790  val_acc=0.9333  macroF1=0.7847  edit=46.18  segF1@50=0.45
[b2a][epoch 37/50] loss=0.3641  val_acc=0.9274  macroF1=0.7901  edit=43.40  segF1@50=0.44
[b2a][epoch 38/50] loss=0.3565  val_acc=0.9333  macroF1=0.7867  edit=49.18  segF1@50=0.47
[b2a][epoch 39/50] loss=0.3446  val_acc=0.9373  macroF1=0.8005  edit=48.03  segF1@50=0.47
[b2a][epoch 40/50] loss=0.3389  val_acc=0.9314  macroF1=0.7852  edit=46.56  segF1@50=0.45
[b2a][epoch 41/50] loss=0.3299  val_acc=0.9360  macroF1=0.7970  edit=51.59  segF1@50=0.54
[b2a][epoch 42/50] loss=0.3284  val_acc=0.9340  macroF1=0.7924  edit=45.92  segF1@50=0.44
[b2a][epoch 43/50] loss=0.3198  val_acc=0.9182  macroF1=0.7819  edit=42.20  segF1@50=0.44
[b2a][epoch 44/50] loss=0.3185  val_acc=0.9333  macroF1=0.7943  edit=40.96  segF1@50=0.43
[b2a][epoch 45/50] loss=0.3269  val_acc=0.9241  macroF1=0.7523  edit=51.67  segF1@50=0.51
[b2a][epoch 46/50] loss=0.3223  val_acc=0.9347  macroF1=0.7900  edit=52.51  segF1@50=0.55
[b2a][epoch 47/50] loss=0.3439  val_acc=0.9010  macroF1=0.7771  edit=23.06  segF1@50=0.23
[b2a][epoch 48/50] loss=0.5818  val_acc=0.9122  macroF1=0.6842  edit=40.78  segF1@50=0.37
[b2a][epoch 49/50] loss=0.5661  val_acc=0.9017  macroF1=0.7402  edit=39.66  segF1@50=0.38
[b2a][epoch 50/50] loss=0.4103  val_acc=0.9116  macroF1=0.7663  edit=31.08  segF1@50=0.35
[b2a] best @epoch 39: acc=0.9373 macroF1=0.8005
[b2a] evidence written -> /home/ubuntu/slocal/m2/experiments/transfer/b2a_det2phase_toolpresence_011_b2a_det2phase_toolpresence_seed456
