[b2a] train clips=13  val clips=3  in_dim=2063  tool_source=oracle  classes=9  device=cuda
[b2a] evidence dir: /home/ubuntu/slocal2/m2/experiments/transfer/b2a_ro_oracle_top3noise_p030_001_b2a_ro_oracle_top3noise_p030_seed42
[b2a][epoch 1/50] loss=3.5456  val_acc=0.3399  macroF1=0.0762  edit=15.11  segF1@50=0.00
[b2a][epoch 2/50] loss=2.7635  val_acc=0.3512  macroF1=0.0843  edit=23.11  segF1@50=0.00
[b2a][epoch 3/50] loss=2.4856  val_acc=0.6099  macroF1=0.2114  edit=31.79  segF1@50=0.27
[b2a][epoch 4/50] loss=2.2200  val_acc=0.6733  macroF1=0.2286  edit=41.00  segF1@50=0.22
[b2a][epoch 5/50] loss=1.9989  val_acc=0.6667  macroF1=0.2304  edit=33.70  segF1@50=0.31
[b2a][epoch 6/50] loss=1.7993  val_acc=0.6812  macroF1=0.2288  edit=30.98  segF1@50=0.25
[b2a][epoch 7/50] loss=1.5985  val_acc=0.6799  macroF1=0.2308  edit=34.17  segF1@50=0.33
[b2a][epoch 8/50] loss=1.5205  val_acc=0.6845  macroF1=0.2298  edit=31.67  segF1@50=0.29
[b2a][epoch 9/50] loss=1.4519  val_acc=0.6832  macroF1=0.2296  edit=35.67  segF1@50=0.29
[b2a][epoch 10/50] loss=1.3981  val_acc=0.7254  macroF1=0.3242  edit=32.62  segF1@50=0.29
[b2a][epoch 11/50] loss=1.3198  val_acc=0.7485  macroF1=0.3820  edit=38.48  segF1@50=0.30
[b2a][epoch 12/50] loss=1.2912  val_acc=0.8026  macroF1=0.4750  edit=38.27  segF1@50=0.33
[b2a][epoch 13/50] loss=1.2305  val_acc=0.7835  macroF1=0.4367  edit=33.97  segF1@50=0.23
[b2a][epoch 14/50] loss=1.1882  val_acc=0.7868  macroF1=0.4380  edit=38.90  segF1@50=0.32
[b2a][epoch 15/50] loss=1.0897  val_acc=0.8442  macroF1=0.5478  edit=42.46  segF1@50=0.41
[b2a][epoch 16/50] loss=1.0461  val_acc=0.8812  macroF1=0.6611  edit=41.68  segF1@50=0.41
[b2a][epoch 17/50] loss=1.0400  val_acc=0.8713  macroF1=0.6442  edit=42.44  segF1@50=0.40
[b2a][epoch 18/50] loss=0.9866  val_acc=0.8865  macroF1=0.6568  edit=40.35  segF1@50=0.45
[b2a][epoch 19/50] loss=0.9493  val_acc=0.8746  macroF1=0.6555  edit=40.17  segF1@50=0.42
[b2a][epoch 20/50] loss=0.8812  val_acc=0.8825  macroF1=0.6574  edit=24.96  segF1@50=0.40
[b2a][epoch 21/50] loss=0.8643  val_acc=0.8799  macroF1=0.6588  edit=42.69  segF1@50=0.46
[b2a][epoch 22/50] loss=0.8361  val_acc=0.8719  macroF1=0.6588  edit=40.17  segF1@50=0.37
[b2a][epoch 23/50] loss=0.8301  val_acc=0.8759  macroF1=0.6435  edit=39.42  segF1@50=0.42
[b2a][epoch 24/50] loss=0.8160  val_acc=0.8911  macroF1=0.6710  edit=48.54  segF1@50=0.51
[b2a][epoch 25/50] loss=0.7949  val_acc=0.8832  macroF1=0.6556  edit=40.94  segF1@50=0.44
[b2a][epoch 26/50] loss=0.7536  val_acc=0.8792  macroF1=0.6560  edit=42.56  segF1@50=0.44
[b2a][epoch 27/50] loss=0.7507  val_acc=0.8838  macroF1=0.6609  edit=35.74  segF1@50=0.36
[b2a][epoch 28/50] loss=0.7142  val_acc=0.8640  macroF1=0.6448  edit=34.99  segF1@50=0.34
[b2a][epoch 29/50] loss=0.7143  val_acc=0.8944  macroF1=0.6661  edit=47.31  segF1@50=0.55
[b2a][epoch 30/50] loss=0.6980  val_acc=0.8838  macroF1=0.6737  edit=41.11  segF1@50=0.42
[b2a][epoch 31/50] loss=0.6826  val_acc=0.8871  macroF1=0.6589  edit=47.45  segF1@50=0.51
[b2a][epoch 32/50] loss=0.6988  val_acc=0.8759  macroF1=0.6656  edit=45.84  segF1@50=0.46
[b2a][epoch 33/50] loss=0.6556  val_acc=0.8746  macroF1=0.6559  edit=44.75  segF1@50=0.48
[b2a][epoch 34/50] loss=0.6357  val_acc=0.8792  macroF1=0.6530  edit=42.76  segF1@50=0.47
[b2a][epoch 35/50] loss=0.6240  val_acc=0.8792  macroF1=0.6611  edit=45.02  segF1@50=0.45
[b2a][epoch 36/50] loss=0.6125  val_acc=0.8799  macroF1=0.6560  edit=38.48  segF1@50=0.39
[b2a][epoch 37/50] loss=0.6088  val_acc=0.8752  macroF1=0.6551  edit=44.07  segF1@50=0.42
[b2a][epoch 38/50] loss=0.5939  val_acc=0.8785  macroF1=0.6602  edit=47.09  segF1@50=0.41
[b2a][epoch 39/50] loss=0.5974  val_acc=0.8845  macroF1=0.6628  edit=46.92  segF1@50=0.42
[b2a][epoch 40/50] loss=0.5772  val_acc=0.8647  macroF1=0.6383  edit=43.18  segF1@50=0.49
[b2a][epoch 41/50] loss=0.5840  val_acc=0.8508  macroF1=0.6376  edit=23.18  segF1@50=0.23
[b2a][epoch 42/50] loss=0.5920  val_acc=0.8772  macroF1=0.6519  edit=42.74  segF1@50=0.45
[b2a][epoch 43/50] loss=0.5789  val_acc=0.8700  macroF1=0.6463  edit=41.68  segF1@50=0.45
[b2a][epoch 44/50] loss=0.5513  val_acc=0.8713  macroF1=0.6559  edit=26.67  segF1@50=0.28
[b2a][epoch 45/50] loss=0.5923  val_acc=0.8469  macroF1=0.6525  edit=35.72  segF1@50=0.31
[b2a][epoch 46/50] loss=0.5602  val_acc=0.8700  macroF1=0.6454  edit=40.83  segF1@50=0.46
[b2a][epoch 47/50] loss=0.5238  val_acc=0.8640  macroF1=0.6412  edit=41.77  segF1@50=0.44
[b2a][epoch 48/50] loss=0.5198  val_acc=0.8574  macroF1=0.6347  edit=48.22  segF1@50=0.45
[b2a][epoch 49/50] loss=0.5153  val_acc=0.8587  macroF1=0.6348  edit=40.38  segF1@50=0.46
[b2a][epoch 50/50] loss=0.4994  val_acc=0.8634  macroF1=0.6367  edit=40.64  segF1@50=0.47
[b2a] best @epoch 29: acc=0.8944 macroF1=0.6661
[b2a] evidence written -> /home/ubuntu/slocal2/m2/experiments/transfer/b2a_ro_oracle_top3noise_p030_001_b2a_ro_oracle_top3noise_p030_seed42
