[b2a] train clips=13  val clips=3  in_dim=2063  tool_source=pred  classes=9  device=cuda
[b2a] evidence dir: /home/ubuntu/slocal2/m2/experiments/transfer/b2a_regiononly_mask_06_002_b2a_regiononly_mask_06_seed123
[b2a][epoch 1/50] loss=3.6188  val_acc=0.4389  macroF1=0.1397  edit=2.67  segF1@50=0.00
[b2a][epoch 2/50] loss=2.8899  val_acc=0.3624  macroF1=0.0772  edit=5.33  segF1@50=0.17
[b2a][epoch 3/50] loss=2.5881  val_acc=0.3340  macroF1=0.0715  edit=9.67  segF1@50=0.00
[b2a][epoch 4/50] loss=2.3427  val_acc=0.5089  macroF1=0.1666  edit=16.06  segF1@50=0.17
[b2a][epoch 5/50] loss=2.0740  val_acc=0.6673  macroF1=0.2253  edit=22.67  segF1@50=0.27
[b2a][epoch 6/50] loss=1.7384  val_acc=0.6706  macroF1=0.2258  edit=34.12  segF1@50=0.28
[b2a][epoch 7/50] loss=1.5444  val_acc=0.6640  macroF1=0.2274  edit=39.67  segF1@50=0.27
[b2a][epoch 8/50] loss=1.3837  val_acc=0.6752  macroF1=0.2373  edit=35.23  segF1@50=0.31
[b2a][epoch 9/50] loss=1.2741  val_acc=0.7762  macroF1=0.3538  edit=36.00  segF1@50=0.35
[b2a][epoch 10/50] loss=1.1692  val_acc=0.7637  macroF1=0.3535  edit=38.17  segF1@50=0.35
[b2a][epoch 11/50] loss=1.0551  val_acc=0.8007  macroF1=0.4343  edit=37.14  segF1@50=0.37
[b2a][epoch 12/50] loss=0.9928  val_acc=0.8884  macroF1=0.6580  edit=42.22  segF1@50=0.38
[b2a][epoch 13/50] loss=0.9208  val_acc=0.8977  macroF1=0.6667  edit=46.22  segF1@50=0.41
[b2a][epoch 14/50] loss=0.8462  val_acc=0.9122  macroF1=0.6790  edit=42.33  segF1@50=0.45
[b2a][epoch 15/50] loss=0.8309  val_acc=0.9030  macroF1=0.7122  edit=38.60  segF1@50=0.41
[b2a][epoch 16/50] loss=0.7560  val_acc=0.8990  macroF1=0.6838  edit=40.42  segF1@50=0.32
[b2a][epoch 17/50] loss=0.7100  val_acc=0.8944  macroF1=0.7313  edit=43.95  segF1@50=0.45
[b2a][epoch 18/50] loss=0.6847  val_acc=0.9234  macroF1=0.7554  edit=47.44  segF1@50=0.56
[b2a][epoch 19/50] loss=0.6891  val_acc=0.9274  macroF1=0.7601  edit=49.40  segF1@50=0.53
[b2a][epoch 20/50] loss=0.6791  val_acc=0.8937  macroF1=0.7064  edit=38.46  segF1@50=0.31
[b2a][epoch 21/50] loss=0.6577  val_acc=0.9010  macroF1=0.7583  edit=41.47  segF1@50=0.42
[b2a][epoch 22/50] loss=0.6661  val_acc=0.9248  macroF1=0.7580  edit=48.29  segF1@50=0.51
[b2a][epoch 23/50] loss=0.6015  val_acc=0.9175  macroF1=0.7575  edit=39.44  segF1@50=0.41
[b2a][epoch 24/50] loss=0.5738  val_acc=0.9116  macroF1=0.7608  edit=47.78  segF1@50=0.49
[b2a][epoch 25/50] loss=0.5630  val_acc=0.9241  macroF1=0.7835  edit=42.22  segF1@50=0.48
[b2a][epoch 26/50] loss=0.5410  val_acc=0.9069  macroF1=0.7600  edit=42.00  segF1@50=0.46
[b2a][epoch 27/50] loss=0.5240  val_acc=0.9135  macroF1=0.7472  edit=38.96  segF1@50=0.39
[b2a][epoch 28/50] loss=0.5309  val_acc=0.9188  macroF1=0.7881  edit=43.52  segF1@50=0.50
[b2a][epoch 29/50] loss=0.5212  val_acc=0.8964  macroF1=0.7395  edit=45.00  segF1@50=0.42
[b2a][epoch 30/50] loss=0.5061  val_acc=0.9241  macroF1=0.7851  edit=40.28  segF1@50=0.43
[b2a][epoch 31/50] loss=0.4946  val_acc=0.8977  macroF1=0.7541  edit=43.89  segF1@50=0.43
[b2a][epoch 32/50] loss=0.4750  val_acc=0.9182  macroF1=0.7777  edit=38.89  segF1@50=0.45
[b2a][epoch 33/50] loss=0.4753  val_acc=0.9063  macroF1=0.7650  edit=41.37  segF1@50=0.41
[b2a][epoch 34/50] loss=0.4623  val_acc=0.9056  macroF1=0.7614  edit=44.74  segF1@50=0.48
[b2a][epoch 35/50] loss=0.4691  val_acc=0.9248  macroF1=0.7900  edit=36.55  segF1@50=0.40
[b2a][epoch 36/50] loss=0.4829  val_acc=0.9003  macroF1=0.7582  edit=45.88  segF1@50=0.48
[b2a][epoch 37/50] loss=0.4648  val_acc=0.9109  macroF1=0.7947  edit=42.14  segF1@50=0.45
[b2a][epoch 38/50] loss=0.4398  val_acc=0.9102  macroF1=0.7669  edit=44.15  segF1@50=0.47
[b2a][epoch 39/50] loss=0.4381  val_acc=0.9155  macroF1=0.7947  edit=41.38  segF1@50=0.42
[b2a][epoch 40/50] loss=0.4539  val_acc=0.8970  macroF1=0.7519  edit=41.18  segF1@50=0.40
[b2a][epoch 41/50] loss=0.4486  val_acc=0.9109  macroF1=0.7775  edit=42.42  segF1@50=0.41
[b2a][epoch 42/50] loss=0.4146  val_acc=0.9076  macroF1=0.7658  edit=42.06  segF1@50=0.46
[b2a][epoch 43/50] loss=0.4085  val_acc=0.9129  macroF1=0.7802  edit=40.81  segF1@50=0.44
[b2a][epoch 44/50] loss=0.3997  val_acc=0.9043  macroF1=0.7759  edit=42.86  segF1@50=0.47
[b2a][epoch 45/50] loss=0.3872  val_acc=0.8931  macroF1=0.7638  edit=40.43  segF1@50=0.43
[b2a][epoch 46/50] loss=0.3979  val_acc=0.9241  macroF1=0.7867  edit=38.82  segF1@50=0.45
[b2a][epoch 47/50] loss=0.3903  val_acc=0.9142  macroF1=0.7897  edit=40.30  segF1@50=0.41
[b2a][epoch 48/50] loss=0.3717  val_acc=0.9063  macroF1=0.7753  edit=43.25  segF1@50=0.42
[b2a][epoch 49/50] loss=0.3721  val_acc=0.9168  macroF1=0.7964  edit=44.44  segF1@50=0.44
[b2a][epoch 50/50] loss=0.3772  val_acc=0.9010  macroF1=0.7670  edit=40.74  segF1@50=0.41
[b2a] best @epoch 19: acc=0.9274 macroF1=0.7601
[b2a] evidence written -> /home/ubuntu/slocal2/m2/experiments/transfer/b2a_regiononly_mask_06_002_b2a_regiononly_mask_06_seed123
