[b2a] train clips=13  val clips=3  in_dim=2063  tool_source=oracle  classes=9  device=cuda
[b2a] evidence dir: /home/ubuntu/slocal2/m2/experiments/transfer/b2a_ro_oracle_scalpelnoise_p030_002_b2a_ro_oracle_scalpelnoise_p030_seed123
[b2a][epoch 1/50] loss=3.6410  val_acc=0.4389  macroF1=0.1400  edit=2.67  segF1@50=0.00
[b2a][epoch 2/50] loss=2.8812  val_acc=0.3637  macroF1=0.0774  edit=11.00  segF1@50=0.11
[b2a][epoch 3/50] loss=2.5454  val_acc=0.3340  macroF1=0.0715  edit=9.67  segF1@50=0.00
[b2a][epoch 4/50] loss=2.2329  val_acc=0.6673  macroF1=0.2255  edit=8.11  segF1@50=0.21
[b2a][epoch 5/50] loss=1.9043  val_acc=0.6739  macroF1=0.2297  edit=19.00  segF1@50=0.19
[b2a][epoch 6/50] loss=1.5909  val_acc=0.6805  macroF1=0.2318  edit=27.44  segF1@50=0.15
[b2a][epoch 7/50] loss=1.4561  val_acc=0.6858  macroF1=0.2340  edit=30.33  segF1@50=0.25
[b2a][epoch 8/50] loss=1.3479  val_acc=0.6865  macroF1=0.2344  edit=37.00  segF1@50=0.22
[b2a][epoch 9/50] loss=1.2355  val_acc=0.6970  macroF1=0.2718  edit=31.44  segF1@50=0.19
[b2a][epoch 10/50] loss=1.1423  val_acc=0.7505  macroF1=0.4076  edit=36.92  segF1@50=0.25
[b2a][epoch 11/50] loss=1.0479  val_acc=0.8858  macroF1=0.6552  edit=44.89  segF1@50=0.41
[b2a][epoch 12/50] loss=0.9706  val_acc=0.9142  macroF1=0.7077  edit=50.44  segF1@50=0.49
[b2a][epoch 13/50] loss=0.8915  val_acc=0.9201  macroF1=0.7155  edit=45.78  segF1@50=0.48
[b2a][epoch 14/50] loss=0.8291  val_acc=0.9208  macroF1=0.7225  edit=51.78  segF1@50=0.54
[b2a][epoch 15/50] loss=0.7922  val_acc=0.9327  macroF1=0.7709  edit=47.56  segF1@50=0.51
[b2a][epoch 16/50] loss=0.7499  val_acc=0.9300  macroF1=0.7634  edit=43.21  segF1@50=0.47
[b2a][epoch 17/50] loss=0.7347  val_acc=0.9380  macroF1=0.7880  edit=71.60  segF1@50=0.71
[b2a][epoch 18/50] loss=0.6700  val_acc=0.9380  macroF1=0.7775  edit=55.95  segF1@50=0.59
[b2a][epoch 19/50] loss=0.6613  val_acc=0.9452  macroF1=0.8012  edit=71.33  segF1@50=0.69
[b2a][epoch 20/50] loss=0.6242  val_acc=0.9439  macroF1=0.7927  edit=55.95  segF1@50=0.64
[b2a][epoch 21/50] loss=0.6088  val_acc=0.9413  macroF1=0.7988  edit=48.44  segF1@50=0.48
[b2a][epoch 22/50] loss=0.6165  val_acc=0.9446  macroF1=0.7981  edit=63.33  segF1@50=0.72
[b2a][epoch 23/50] loss=0.6441  val_acc=0.9472  macroF1=0.8114  edit=55.11  segF1@50=0.60
[b2a][epoch 24/50] loss=0.5754  val_acc=0.9472  macroF1=0.8055  edit=61.33  segF1@50=0.65
[b2a][epoch 25/50] loss=0.5548  val_acc=0.9419  macroF1=0.8060  edit=44.55  segF1@50=0.47
[b2a][epoch 26/50] loss=0.5387  val_acc=0.9538  macroF1=0.8165  edit=57.62  segF1@50=0.63
[b2a][epoch 27/50] loss=0.5085  val_acc=0.9505  macroF1=0.8147  edit=56.17  segF1@50=0.62
[b2a][epoch 28/50] loss=0.5088  val_acc=0.9545  macroF1=0.8221  edit=58.89  segF1@50=0.65
[b2a][epoch 29/50] loss=0.5038  val_acc=0.9446  macroF1=0.8110  edit=47.84  segF1@50=0.50
[b2a][epoch 30/50] loss=0.4978  val_acc=0.9525  macroF1=0.8224  edit=53.10  segF1@50=0.59
[b2a][epoch 31/50] loss=0.4844  val_acc=0.9485  macroF1=0.8150  edit=57.26  segF1@50=0.63
[b2a][epoch 32/50] loss=0.4655  val_acc=0.9551  macroF1=0.8249  edit=65.56  segF1@50=0.77
[b2a][epoch 33/50] loss=0.4707  val_acc=0.9505  macroF1=0.8176  edit=44.44  segF1@50=0.53
[b2a][epoch 34/50] loss=0.4823  val_acc=0.9492  macroF1=0.8136  edit=59.14  segF1@50=0.66
[b2a][epoch 35/50] loss=0.4937  val_acc=0.9399  macroF1=0.8005  edit=50.22  segF1@50=0.56
[b2a][epoch 36/50] loss=0.4938  val_acc=0.9505  macroF1=0.8161  edit=56.27  segF1@50=0.61
[b2a][epoch 37/50] loss=0.4907  val_acc=0.9432  macroF1=0.8126  edit=45.36  segF1@50=0.48
[b2a][epoch 38/50] loss=0.4541  val_acc=0.9505  macroF1=0.8190  edit=51.71  segF1@50=0.57
[b2a][epoch 39/50] loss=0.4361  val_acc=0.9485  macroF1=0.8189  edit=47.26  segF1@50=0.55
[b2a][epoch 40/50] loss=0.4302  val_acc=0.9492  macroF1=0.8161  edit=50.00  segF1@50=0.57
[b2a][epoch 41/50] loss=0.4206  val_acc=0.9518  macroF1=0.8242  edit=52.03  segF1@50=0.60
[b2a][epoch 42/50] loss=0.4051  val_acc=0.9531  macroF1=0.8257  edit=57.26  segF1@50=0.64
[b2a][epoch 43/50] loss=0.4066  val_acc=0.9525  macroF1=0.8258  edit=57.26  segF1@50=0.64
[b2a][epoch 44/50] loss=0.3964  val_acc=0.9518  macroF1=0.8231  edit=50.96  segF1@50=0.59
[b2a][epoch 45/50] loss=0.3873  val_acc=0.9525  macroF1=0.8252  edit=50.79  segF1@50=0.59
[b2a][epoch 46/50] loss=0.3821  val_acc=0.9485  macroF1=0.8193  edit=46.91  segF1@50=0.56
[b2a][epoch 47/50] loss=0.3873  val_acc=0.9525  macroF1=0.8213  edit=42.24  segF1@50=0.49
[b2a][epoch 48/50] loss=0.3857  val_acc=0.9518  macroF1=0.8231  edit=56.17  segF1@50=0.62
[b2a][epoch 49/50] loss=0.3749  val_acc=0.9498  macroF1=0.8193  edit=49.81  segF1@50=0.57
[b2a][epoch 50/50] loss=0.3621  val_acc=0.9505  macroF1=0.8233  edit=50.79  segF1@50=0.59
[b2a] best @epoch 32: acc=0.9551 macroF1=0.8249
[b2a] evidence written -> /home/ubuntu/slocal2/m2/experiments/transfer/b2a_ro_oracle_scalpelnoise_p030_002_b2a_ro_oracle_scalpelnoise_p030_seed123
