[b2a] train clips=13  val clips=3  in_dim=2063  tool_source=pred  classes=9  device=cuda
[b2a] evidence dir: /home/ubuntu/slocal2/m2/experiments/transfer/b2a_regiononly_pred_002_b2a_regiononly_pred_seed123
[b2a][epoch 1/50] loss=3.6359  val_acc=0.4389  macroF1=0.1400  edit=2.67  segF1@50=0.00
[b2a][epoch 2/50] loss=2.8865  val_acc=0.3630  macroF1=0.0773  edit=2.67  segF1@50=0.17
[b2a][epoch 3/50] loss=2.5580  val_acc=0.3340  macroF1=0.0715  edit=9.67  segF1@50=0.00
[b2a][epoch 4/50] loss=2.2381  val_acc=0.5941  macroF1=0.1983  edit=10.78  segF1@50=0.21
[b2a][epoch 5/50] loss=1.8813  val_acc=0.6713  macroF1=0.2287  edit=19.00  segF1@50=0.21
[b2a][epoch 6/50] loss=1.5169  val_acc=0.6752  macroF1=0.2301  edit=35.67  segF1@50=0.24
[b2a][epoch 7/50] loss=1.3561  val_acc=0.6779  macroF1=0.2312  edit=33.00  segF1@50=0.24
[b2a][epoch 8/50] loss=1.2195  val_acc=0.7690  macroF1=0.3553  edit=34.67  segF1@50=0.28
[b2a][epoch 9/50] loss=1.0892  val_acc=0.7848  macroF1=0.3604  edit=33.94  segF1@50=0.25
[b2a][epoch 10/50] loss=0.9854  val_acc=0.8185  macroF1=0.4752  edit=43.03  segF1@50=0.36
[b2a][epoch 11/50] loss=0.8995  val_acc=0.8667  macroF1=0.5910  edit=39.56  segF1@50=0.36
[b2a][epoch 12/50] loss=0.8561  val_acc=0.9135  macroF1=0.6756  edit=30.67  segF1@50=0.31
[b2a][epoch 13/50] loss=0.7789  val_acc=0.9195  macroF1=0.6851  edit=36.05  segF1@50=0.44
[b2a][epoch 14/50] loss=0.7084  val_acc=0.9234  macroF1=0.7245  edit=38.89  segF1@50=0.36
[b2a][epoch 15/50] loss=0.6707  val_acc=0.9261  macroF1=0.7414  edit=33.51  segF1@50=0.37
[b2a][epoch 16/50] loss=0.6469  val_acc=0.9182  macroF1=0.7124  edit=47.67  segF1@50=0.50
[b2a][epoch 17/50] loss=0.6068  val_acc=0.9360  macroF1=0.7626  edit=44.24  segF1@50=0.48
[b2a][epoch 18/50] loss=0.5720  val_acc=0.9208  macroF1=0.7204  edit=46.51  segF1@50=0.48
[b2a][epoch 19/50] loss=0.5662  val_acc=0.9373  macroF1=0.7717  edit=37.49  segF1@50=0.39
[b2a][epoch 20/50] loss=0.5346  val_acc=0.9274  macroF1=0.7474  edit=50.92  segF1@50=0.52
[b2a][epoch 21/50] loss=0.5253  val_acc=0.9399  macroF1=0.7850  edit=33.51  segF1@50=0.38
[b2a][epoch 22/50] loss=0.5443  val_acc=0.9274  macroF1=0.7405  edit=50.33  segF1@50=0.52
[b2a][epoch 23/50] loss=0.5721  val_acc=0.9439  macroF1=0.7962  edit=42.51  segF1@50=0.45
[b2a][epoch 24/50] loss=0.5007  val_acc=0.9347  macroF1=0.7676  edit=38.74  segF1@50=0.39
[b2a][epoch 25/50] loss=0.4822  val_acc=0.9406  macroF1=0.7970  edit=40.45  segF1@50=0.41
[b2a][epoch 26/50] loss=0.4593  val_acc=0.9406  macroF1=0.7841  edit=39.15  segF1@50=0.45
[b2a][epoch 27/50] loss=0.4410  val_acc=0.9373  macroF1=0.7775  edit=34.91  segF1@50=0.37
[b2a][epoch 28/50] loss=0.4364  val_acc=0.9399  macroF1=0.7847  edit=38.71  segF1@50=0.40
[b2a][epoch 29/50] loss=0.4311  val_acc=0.9340  macroF1=0.7712  edit=40.30  segF1@50=0.41
[b2a][epoch 30/50] loss=0.4502  val_acc=0.9432  macroF1=0.7874  edit=38.15  segF1@50=0.40
[b2a][epoch 31/50] loss=0.4273  val_acc=0.9373  macroF1=0.7727  edit=39.71  segF1@50=0.45
[b2a][epoch 32/50] loss=0.4069  val_acc=0.9386  macroF1=0.7799  edit=40.00  segF1@50=0.41
[b2a][epoch 33/50] loss=0.4090  val_acc=0.9452  macroF1=0.7958  edit=36.93  segF1@50=0.43
[b2a][epoch 34/50] loss=0.4117  val_acc=0.9360  macroF1=0.7707  edit=46.03  segF1@50=0.50
[b2a][epoch 35/50] loss=0.4119  val_acc=0.9439  macroF1=0.8016  edit=38.01  segF1@50=0.42
[b2a][epoch 36/50] loss=0.3996  val_acc=0.9386  macroF1=0.7755  edit=37.88  segF1@50=0.39
[b2a][epoch 37/50] loss=0.3983  val_acc=0.9479  macroF1=0.8033  edit=36.93  segF1@50=0.40
[b2a][epoch 38/50] loss=0.3846  val_acc=0.9399  macroF1=0.7841  edit=41.37  segF1@50=0.42
[b2a][epoch 39/50] loss=0.3711  val_acc=0.9459  macroF1=0.7960  edit=36.93  segF1@50=0.40
[b2a][epoch 40/50] loss=0.3734  val_acc=0.9380  macroF1=0.7752  edit=36.00  segF1@50=0.39
[b2a][epoch 41/50] loss=0.3912  val_acc=0.9452  macroF1=0.7961  edit=36.00  segF1@50=0.43
[b2a][epoch 42/50] loss=0.3626  val_acc=0.9366  macroF1=0.7774  edit=41.37  segF1@50=0.46
[b2a][epoch 43/50] loss=0.3536  val_acc=0.9452  macroF1=0.7982  edit=35.83  segF1@50=0.39
[b2a][epoch 44/50] loss=0.3431  val_acc=0.9419  macroF1=0.7868  edit=37.22  segF1@50=0.39
[b2a][epoch 45/50] loss=0.3291  val_acc=0.9439  macroF1=0.7880  edit=38.12  segF1@50=0.44
[b2a][epoch 46/50] loss=0.3287  val_acc=0.9432  macroF1=0.7932  edit=39.15  segF1@50=0.41
[b2a][epoch 47/50] loss=0.3282  val_acc=0.9479  macroF1=0.8031  edit=34.91  segF1@50=0.38
[b2a][epoch 48/50] loss=0.3251  val_acc=0.9432  macroF1=0.7882  edit=41.37  segF1@50=0.43
[b2a][epoch 49/50] loss=0.3274  val_acc=0.9465  macroF1=0.8034  edit=38.03  segF1@50=0.42
[b2a][epoch 50/50] loss=0.3218  val_acc=0.9399  macroF1=0.7792  edit=39.35  segF1@50=0.42
[b2a] best @epoch 37: acc=0.9479 macroF1=0.8033
[b2a] evidence written -> /home/ubuntu/slocal2/m2/experiments/transfer/b2a_regiononly_pred_002_b2a_regiononly_pred_seed123
