[b2a] train clips=13  val clips=3  in_dim=2063  tool_source=pred  classes=9  device=cuda
[b2a] evidence dir: /home/ubuntu/slocal/m2/experiments/transfer/b2a_det2phase_toolpresence_009_b2a_det2phase_toolpresence_seed123
[b2a][epoch 1/50] loss=3.5435  val_acc=0.3677  macroF1=0.0768  edit=18.00  segF1@50=0.22
[b2a][epoch 2/50] loss=3.0275  val_acc=0.3677  macroF1=0.0768  edit=18.00  segF1@50=0.22
[b2a][epoch 3/50] loss=2.6978  val_acc=0.3340  macroF1=0.0715  edit=9.67  segF1@50=0.00
[b2a][epoch 4/50] loss=2.5161  val_acc=0.4911  macroF1=0.1540  edit=25.56  segF1@50=0.22
[b2a][epoch 5/50] loss=2.2658  val_acc=0.6667  macroF1=0.2244  edit=41.00  segF1@50=0.22
[b2a][epoch 6/50] loss=1.8217  val_acc=0.6653  macroF1=0.2268  edit=35.67  segF1@50=0.26
[b2a][epoch 7/50] loss=1.6640  val_acc=0.5267  macroF1=0.1808  edit=27.33  segF1@50=0.13
[b2a][epoch 8/50] loss=1.9379  val_acc=0.6752  macroF1=0.2287  edit=41.00  segF1@50=0.27
[b2a][epoch 9/50] loss=1.4963  val_acc=0.6766  macroF1=0.2300  edit=31.67  segF1@50=0.24
[b2a][epoch 10/50] loss=1.4252  val_acc=0.6482  macroF1=0.2251  edit=49.33  segF1@50=0.21
[b2a][epoch 11/50] loss=1.2162  val_acc=0.7690  macroF1=0.3792  edit=31.73  segF1@50=0.19
[b2a][epoch 12/50] loss=1.1146  val_acc=0.7795  macroF1=0.4079  edit=52.00  segF1@50=0.39
[b2a][epoch 13/50] loss=1.0252  val_acc=0.7960  macroF1=0.4342  edit=27.18  segF1@50=0.21
[b2a][epoch 14/50] loss=0.9516  val_acc=0.7848  macroF1=0.4120  edit=38.62  segF1@50=0.33
[b2a][epoch 15/50] loss=0.8987  val_acc=0.8224  macroF1=0.4817  edit=42.74  segF1@50=0.32
[b2a][epoch 16/50] loss=0.8204  val_acc=0.8310  macroF1=0.4837  edit=38.62  segF1@50=0.37
[b2a][epoch 17/50] loss=0.7855  val_acc=0.8383  macroF1=0.5811  edit=35.62  segF1@50=0.23
[b2a][epoch 18/50] loss=0.7551  val_acc=0.8713  macroF1=0.6002  edit=33.17  segF1@50=0.29
[b2a][epoch 19/50] loss=0.7117  val_acc=0.8931  macroF1=0.6529  edit=36.68  segF1@50=0.32
[b2a][epoch 20/50] loss=0.6777  val_acc=0.8422  macroF1=0.5655  edit=37.86  segF1@50=0.29
[b2a][epoch 21/50] loss=0.6156  val_acc=0.9069  macroF1=0.6812  edit=47.86  segF1@50=0.53
[b2a][epoch 22/50] loss=0.6043  val_acc=0.9195  macroF1=0.7431  edit=45.78  segF1@50=0.43
[b2a][epoch 23/50] loss=0.6163  val_acc=0.8878  macroF1=0.6965  edit=36.24  segF1@50=0.31
[b2a][epoch 24/50] loss=0.5699  val_acc=0.9063  macroF1=0.6743  edit=35.76  segF1@50=0.37
[b2a][epoch 25/50] loss=0.5658  val_acc=0.9122  macroF1=0.7442  edit=40.44  segF1@50=0.38
[b2a][epoch 26/50] loss=0.5188  val_acc=0.9135  macroF1=0.7163  edit=36.98  segF1@50=0.41
[b2a][epoch 27/50] loss=0.4899  val_acc=0.9089  macroF1=0.6971  edit=35.11  segF1@50=0.33
[b2a][epoch 28/50] loss=0.4925  val_acc=0.9287  macroF1=0.7755  edit=46.83  segF1@50=0.45
[b2a][epoch 29/50] loss=0.4608  val_acc=0.9142  macroF1=0.7155  edit=40.44  segF1@50=0.33
[b2a][epoch 30/50] loss=0.4434  val_acc=0.9261  macroF1=0.7568  edit=46.18  segF1@50=0.41
[b2a][epoch 31/50] loss=0.4226  val_acc=0.9281  macroF1=0.7801  edit=34.92  segF1@50=0.37
[b2a][epoch 32/50] loss=0.5000  val_acc=0.9162  macroF1=0.7244  edit=29.07  segF1@50=0.31
[b2a][epoch 33/50] loss=0.4950  val_acc=0.9188  macroF1=0.7737  edit=40.65  segF1@50=0.43
[b2a][epoch 34/50] loss=0.4484  val_acc=0.9234  macroF1=0.7534  edit=40.95  segF1@50=0.40
[b2a][epoch 35/50] loss=0.4204  val_acc=0.9287  macroF1=0.7814  edit=47.44  segF1@50=0.52
[b2a][epoch 36/50] loss=0.4117  val_acc=0.9221  macroF1=0.7374  edit=48.44  segF1@50=0.39
[b2a][epoch 37/50] loss=0.3897  val_acc=0.9366  macroF1=0.7960  edit=48.03  segF1@50=0.51
[b2a][epoch 38/50] loss=0.3693  val_acc=0.9287  macroF1=0.7650  edit=52.44  segF1@50=0.46
[b2a][epoch 39/50] loss=0.3552  val_acc=0.9333  macroF1=0.7867  edit=45.37  segF1@50=0.46
[b2a][epoch 40/50] loss=0.3460  val_acc=0.9267  macroF1=0.7516  edit=48.89  segF1@50=0.45
[b2a][epoch 41/50] loss=0.3497  val_acc=0.9221  macroF1=0.7738  edit=34.21  segF1@50=0.37
[b2a][epoch 42/50] loss=0.3464  val_acc=0.9281  macroF1=0.7606  edit=38.89  segF1@50=0.43
[b2a][epoch 43/50] loss=0.3554  val_acc=0.9333  macroF1=0.7896  edit=45.19  segF1@50=0.43
[b2a][epoch 44/50] loss=0.3413  val_acc=0.9195  macroF1=0.7327  edit=39.68  segF1@50=0.36
[b2a][epoch 45/50] loss=0.3304  val_acc=0.9426  macroF1=0.8046  edit=31.80  segF1@50=0.35
[b2a][epoch 46/50] loss=0.3246  val_acc=0.9267  macroF1=0.7647  edit=37.51  segF1@50=0.36
[b2a][epoch 47/50] loss=0.3126  val_acc=0.9353  macroF1=0.7844  edit=46.95  segF1@50=0.49
[b2a][epoch 48/50] loss=0.3000  val_acc=0.9347  macroF1=0.7828  edit=49.73  segF1@50=0.47
[b2a][epoch 49/50] loss=0.2838  val_acc=0.9399  macroF1=0.7977  edit=42.55  segF1@50=0.44
[b2a][epoch 50/50] loss=0.2752  val_acc=0.9353  macroF1=0.7809  edit=49.73  segF1@50=0.47
[b2a] best @epoch 45: acc=0.9426 macroF1=0.8046
[b2a] evidence written -> /home/ubuntu/slocal/m2/experiments/transfer/b2a_det2phase_toolpresence_009_b2a_det2phase_toolpresence_seed123
