[t1a] train clips=13  val clips=3  in_dim=5903  region_only=False  classes=9  device=cuda
[t1a] evidence dir: /home/ubuntu/slocal2/m2/experiments/transfer/t1a_combined_oracle_002_t1a_combined_oracle_seed123
[t1a][epoch 1/50] loss=2.6025  val_acc=0.6858  macroF1=0.2309  edit=23.98  segF1@50=0.19
[t1a][epoch 2/50] loss=1.5953  val_acc=0.6799  macroF1=0.2325  edit=21.10  segF1@50=0.18
[t1a][epoch 3/50] loss=1.1716  val_acc=0.7624  macroF1=0.3606  edit=29.86  segF1@50=0.22
[t1a][epoch 4/50] loss=0.9634  val_acc=0.7868  macroF1=0.3738  edit=29.94  segF1@50=0.25
[t1a][epoch 5/50] loss=0.8178  val_acc=0.8601  macroF1=0.5839  edit=35.49  segF1@50=0.30
[t1a][epoch 6/50] loss=0.7023  val_acc=0.9096  macroF1=0.7147  edit=42.66  segF1@50=0.41
[t1a][epoch 7/50] loss=0.6250  val_acc=0.9188  macroF1=0.7389  edit=42.17  segF1@50=0.45
[t1a][epoch 8/50] loss=0.5654  val_acc=0.9248  macroF1=0.7403  edit=32.74  segF1@50=0.34
[t1a][epoch 9/50] loss=0.5667  val_acc=0.9300  macroF1=0.7728  edit=30.94  segF1@50=0.35
[t1a][epoch 10/50] loss=0.5289  val_acc=0.9129  macroF1=0.6947  edit=35.03  segF1@50=0.31
[t1a][epoch 11/50] loss=0.5945  val_acc=0.9406  macroF1=0.7851  edit=35.13  segF1@50=0.42
[t1a][epoch 12/50] loss=0.4850  val_acc=0.9380  macroF1=0.7818  edit=31.45  segF1@50=0.38
[t1a][epoch 13/50] loss=0.4389  val_acc=0.9399  macroF1=0.7815  edit=35.83  segF1@50=0.41
[t1a][epoch 14/50] loss=0.4070  val_acc=0.9320  macroF1=0.7728  edit=40.20  segF1@50=0.43
[t1a][epoch 15/50] loss=0.3962  val_acc=0.9459  macroF1=0.8015  edit=33.33  segF1@50=0.41
[t1a][epoch 16/50] loss=0.4080  val_acc=0.9274  macroF1=0.7454  edit=40.20  segF1@50=0.42
[t1a][epoch 17/50] loss=0.4765  val_acc=0.9472  macroF1=0.8064  edit=31.45  segF1@50=0.38
[t1a][epoch 18/50] loss=0.4010  val_acc=0.9439  macroF1=0.7975  edit=38.96  segF1@50=0.46
[t1a][epoch 19/50] loss=0.3631  val_acc=0.9393  macroF1=0.7864  edit=33.27  segF1@50=0.38
[t1a][epoch 20/50] loss=0.3364  val_acc=0.9439  macroF1=0.7971  edit=32.26  segF1@50=0.39
[t1a][epoch 21/50] loss=0.3185  val_acc=0.9386  macroF1=0.7809  edit=34.66  segF1@50=0.40
[t1a][epoch 22/50] loss=0.3258  val_acc=0.9439  macroF1=0.8017  edit=31.11  segF1@50=0.37
[t1a][epoch 23/50] loss=0.3621  val_acc=0.9320  macroF1=0.7571  edit=34.95  segF1@50=0.39
[t1a][epoch 24/50] loss=0.3749  val_acc=0.9465  macroF1=0.8034  edit=33.92  segF1@50=0.41
[t1a][epoch 25/50] loss=0.3002  val_acc=0.9432  macroF1=0.7975  edit=30.12  segF1@50=0.37
[t1a][epoch 26/50] loss=0.2776  val_acc=0.9452  macroF1=0.7981  edit=32.71  segF1@50=0.39
[t1a][epoch 27/50] loss=0.2693  val_acc=0.9413  macroF1=0.7950  edit=30.69  segF1@50=0.37
[t1a][epoch 28/50] loss=0.2620  val_acc=0.9360  macroF1=0.7913  edit=37.68  segF1@50=0.41
[t1a][epoch 29/50] loss=0.2565  val_acc=0.9432  macroF1=0.7940  edit=30.56  segF1@50=0.37
[t1a][epoch 30/50] loss=0.2496  val_acc=0.9452  macroF1=0.7994  edit=31.45  segF1@50=0.38
[t1a][epoch 31/50] loss=0.2405  val_acc=0.9439  macroF1=0.7977  edit=30.46  segF1@50=0.37
[t1a][epoch 32/50] loss=0.2309  val_acc=0.9439  macroF1=0.7986  edit=34.40  segF1@50=0.40
[t1a][epoch 33/50] loss=0.2284  val_acc=0.9413  macroF1=0.7914  edit=32.11  segF1@50=0.38
[t1a][epoch 34/50] loss=0.2212  val_acc=0.9439  macroF1=0.8000  edit=30.09  segF1@50=0.37
[t1a][epoch 35/50] loss=0.2183  val_acc=0.9426  macroF1=0.7958  edit=30.46  segF1@50=0.37
[t1a][epoch 36/50] loss=0.2133  val_acc=0.9452  macroF1=0.8032  edit=31.67  segF1@50=0.38
[t1a][epoch 37/50] loss=0.2119  val_acc=0.9432  macroF1=0.7953  edit=29.73  segF1@50=0.37
[t1a][epoch 38/50] loss=0.2217  val_acc=0.9373  macroF1=0.7839  edit=30.73  segF1@50=0.38
[t1a][epoch 39/50] loss=0.2309  val_acc=0.9393  macroF1=0.7834  edit=28.47  segF1@50=0.35
[t1a][epoch 40/50] loss=0.2515  val_acc=0.9472  macroF1=0.8063  edit=35.25  segF1@50=0.39
[t1a][epoch 41/50] loss=0.2582  val_acc=0.9267  macroF1=0.7678  edit=38.29  segF1@50=0.41
[t1a][epoch 42/50] loss=0.2853  val_acc=0.9452  macroF1=0.8094  edit=31.79  segF1@50=0.37
[t1a][epoch 43/50] loss=0.2508  val_acc=0.9347  macroF1=0.7893  edit=31.84  segF1@50=0.35
[t1a][epoch 44/50] loss=0.2130  val_acc=0.9380  macroF1=0.7930  edit=26.61  segF1@50=0.30
[t1a][epoch 45/50] loss=0.1932  val_acc=0.9419  macroF1=0.7942  edit=32.88  segF1@50=0.39
[t1a][epoch 46/50] loss=0.1882  val_acc=0.9406  macroF1=0.7926  edit=28.12  segF1@50=0.34
[t1a][epoch 47/50] loss=0.1858  val_acc=0.9360  macroF1=0.7974  edit=28.37  segF1@50=0.34
[t1a][epoch 48/50] loss=0.2169  val_acc=0.9314  macroF1=0.7763  edit=27.60  segF1@50=0.30
[t1a][epoch 49/50] loss=0.2629  val_acc=0.9419  macroF1=0.8042  edit=30.91  segF1@50=0.36
[t1a][epoch 50/50] loss=0.2084  val_acc=0.9393  macroF1=0.7906  edit=31.94  segF1@50=0.38
[t1a] best @epoch 17: acc=0.9472 macroF1=0.8064
[t1a] evidence written -> /home/ubuntu/slocal2/m2/experiments/transfer/t1a_combined_oracle_002_t1a_combined_oracle_seed123
