=== det123 denoised probe 完了 10:24:28 ===
det123 rows=18 (18期待)
=== 検出器 3-seed paired-σ 集計（phase-seed平均, source: phase3seed_results.tsv）===
Δ = augstrong − frozen（各セルは phase-seed 平均）。有意: |mean(Δ)|>pstdev(Δ) かつ 全detector-seed同符号

[S4]  (detector-seeds=2)
  det42: frozen acc=0.8946/F1=0.6727 (n=3)  aug acc=0.9122/F1=0.7434 (n=3)  Δacc=+1.76pp ΔF1=+7.07pp
  det123: frozen acc=0.8955/F1=0.7208 (n=3)  aug acc=0.9080/F1=0.7242 (n=3)  Δacc=+1.25pp ΔF1=+0.35pp
  Δacc: mean=+1.51pp  pstdev=0.25pp  同符号=True  → ✅有意  (Δ=['+1.76', '+1.25'])
  ΔF1 : mean=+3.71pp  pstdev=3.36pp  同符号=True  → ✅有意  (Δ=['+7.07', '+0.35'])

[B2a]  (detector-seeds=2)
  det42: frozen acc=0.9371/F1=0.7895 (n=3)  aug acc=0.9395/F1=0.8012 (n=3)  Δacc=+0.24pp ΔF1=+1.17pp
  det123: frozen acc=0.9404/F1=0.8085 (n=3)  aug acc=0.9342/F1=0.7916 (n=3)  Δacc=-0.62pp ΔF1=-1.69pp
  Δacc: mean=-0.19pp  pstdev=0.43pp  同符号=False  → ❌非有意  (Δ=['+0.24', '-0.62'])
  ΔF1 : mean=-0.26pp  pstdev=1.43pp  同符号=False  → ❌非有意  (Δ=['+1.17', '-1.69'])

[T1a]  (detector-seeds=2)
  det42: frozen acc=0.9479/F1=0.8080 (n=3)  aug acc=0.9516/F1=0.8158 (n=3)  Δacc=+0.37pp ΔF1=+0.78pp
  det123: frozen acc=0.9573/F1=0.8263 (n=3)  aug acc=0.9503/F1=0.8222 (n=3)  Δacc=-0.70pp ΔF1=-0.41pp
  Δacc: mean=-0.17pp  pstdev=0.54pp  同符号=False  → ❌非有意  (Δ=['+0.37', '-0.70'])
  ΔF1 : mean=+0.18pp  pstdev=0.60pp  同符号=False  → ❌非有意  (Δ=['+0.78', '-0.41'])

(err無表示なら全成功)
