[00:19:03] === 検出器フル研究 開始 ===
[00:19:03] === 検出器フル研究 開始 ===
[00:19:03] START extract tag=relation_detr_seed42 jobs='toolpres:train toolpres:val toolpres:test'
[00:19:03] START extract tag=relation_detr_seed42 jobs='toolpres:train toolpres:val toolpres:test'
[00:36:24] DONE extract tag=relation_detr_seed42 (rc=0)
[00:36:24] DONE extract tag=relation_detr_seed42 (rc=0)
[00:36:24] START extract tag=relation_detr_augstrong_seed42 jobs='gap:test region:test toolpres:test'
[00:36:24] START extract tag=relation_detr_augstrong_seed42 jobs='gap:test region:test toolpres:test'
[00:46:39] DONE extract tag=relation_detr_augstrong_seed42 (rc=0)
[00:46:39] DONE extract tag=relation_detr_augstrong_seed42 (rc=0)
[00:46:39] START extract tag=relation_detr_seed123 jobs='ALL'
[00:46:39] START extract tag=relation_detr_seed123 jobs='ALL'
[01:22:16] DONE extract tag=relation_detr_seed123 (rc=0)
[01:22:16] DONE extract tag=relation_detr_seed123 (rc=0)
[01:22:16] START extract tag=relation_detr_seed456 jobs='ALL'
[01:22:16] START extract tag=relation_detr_seed456 jobs='ALL'
[01:58:10] DONE extract tag=relation_detr_seed456 (rc=0)
[01:58:10] DONE extract tag=relation_detr_seed456 (rc=0)
[01:58:10] START train augstrong seed=123 cfg=train_config_egosurgery_seed42_augstrong.py -> /home/ubuntu/slocal/m2/experiments/detector_improve/augstrong_seed123
[01:58:10] START train augstrong seed=123 cfg=train_config_egosurgery_seed42_augstrong.py -> /home/ubuntu/slocal/m2/experiments/detector_improve/augstrong_seed123
[09:41:15] DONE train seed=123
[09:41:15] DONE train seed=123
[09:41:15] START extract tag=relation_detr_augstrong_seed123 jobs='ALL'
[09:41:15] START extract tag=relation_detr_augstrong_seed123 jobs='ALL'
[10:16:32] DONE extract tag=relation_detr_augstrong_seed123 (rc=0)
[10:16:32] DONE extract tag=relation_detr_augstrong_seed123 (rc=0)
[10:16:32] START train augstrong seed=456 cfg=train_config_egosurgery_seed42_augstrong.py -> /home/ubuntu/slocal/m2/experiments/detector_improve/augstrong_seed456
[10:16:32] START train augstrong seed=456 cfg=train_config_egosurgery_seed42_augstrong.py -> /home/ubuntu/slocal/m2/experiments/detector_improve/augstrong_seed456
[18:00:24] DONE train seed=456
[18:00:24] DONE train seed=456
[18:00:24] START extract tag=relation_detr_augstrong_seed456 jobs='ALL'
[18:00:24] START extract tag=relation_detr_augstrong_seed456 jobs='ALL'
[18:36:16] DONE extract tag=relation_detr_augstrong_seed456 (rc=0)
[18:36:16] DONE extract tag=relation_detr_augstrong_seed456 (rc=0)
[18:36:16] === Phase I 完了（Method A 3-seed 特徴が揃った）===
[18:36:16] === Phase I 完了（Method A 3-seed 特徴が揃った）===
[18:36:16] START train augstrong seed=42 cfg=train_config_egosurgery_seed42_augstrong_hires.py -> /home/ubuntu/slocal/m2/experiments/detector_improve/augstrong_hires_seed42
[18:36:16] START train augstrong seed=42 cfg=train_config_egosurgery_seed42_augstrong_hires.py -> /home/ubuntu/slocal/m2/experiments/detector_improve/augstrong_hires_seed42
