[19:14:36] START gpu0 gap:train
[19:14:36] START gpu1 region:train
[19:18:36] DONE gpu0 gap:train (rc=0)
[19:26:12] DONE gpu1 region:train (rc=0)
[19:26:12] START gpu0 toolpres:train
[19:26:12] START gpu1 gap:val
[19:26:55] DONE gpu1 gap:val (rc=0)
[19:37:43] DONE gpu0 toolpres:train (rc=0)
[19:37:43] START gpu0 region:val
[19:37:43] START gpu1 toolpres:val
[19:39:35] DONE gpu1 toolpres:val (rc=0)
[19:39:38] DONE gpu0 region:val (rc=0)
[19:39:38] START gpu0 gap:test
[19:39:38] START gpu1 region:test
[19:39:43] DONE gpu1 region:test (rc=0)
[19:39:44] DONE gpu0 gap:test (rc=0)
[19:39:44] START gpu0 toolpres:test
[19:39:49] DONE gpu0 toolpres:test (rc=0)
[19:39:49] 抽出完了 TAG=relation_detr_augstrong_seed42
=== 生成物 ===
data/processed/b2a_detsignal/relation_detr_augstrong_seed42/:
total 1060
drwxrwxr-x 2 ubuntu ubuntu   4096  7月  2 19:37 .
drwxrwxr-x 3 ubuntu ubuntu   4096  7月  2 19:12 ..
-rw-rw-r-- 1 ubuntu ubuntu 927588  7月  2 19:37 train_toolpresence.npz
-rw-rw-r-- 1 ubuntu ubuntu 145956  7月  2 19:39 val_toolpresence.npz

data/processed/stage1_features/relation_detr_augstrong_seed42/:
total 89784
drwxrwxr-x 2 ubuntu ubuntu     4096  7月  2 19:18 .
drwxrwxr-x 4 ubuntu ubuntu     4096  7月  2 19:13 ..
-rw-rw-r-- 1 ubuntu ubuntu 79458316  7月  2 19:18 train_gap.npz
-rw-rw-r-- 1 ubuntu ubuntu 12465940  7月  2 19:26 val_gap.npz

data/processed/t1a_regiontoken/relation_detr_augstrong_seed42/:
total 167984
drwxrwxr-x 2 ubuntu ubuntu      4096  7月  2 19:26 .
drwxrwxr-x 4 ubuntu ubuntu      4096  7月  2 19:13 ..
-rw-rw-r-- 1 ubuntu ubuntu 148679688  7月  2 19:26 train_regiontoken.npz
-rw-rw-r-- 1 ubuntu ubuntu  23325456  7月  2 19:39 val_regiontoken.npz
