Using /home/ubuntu/.cache/torch_extensions/py311_cu118 as PyTorch extensions root...
Detected CUDA files, patching ldflags
Emitting ninja build file /home/ubuntu/.cache/torch_extensions/py311_cu118/MultiScaleDeformableAttention/build.ninja...
Building extension module MultiScaleDeformableAttention...
Allowing ninja to set a default number of workers... (overridable by setting the environment variable MAX_JOBS=N)
ninja: no work to do.
Loading extension module MultiScaleDeformableAttention...
/home/ubuntu/slocal/m2/.venv-relation-detr/lib/python3.11/site-packages/torch/overrides.py:110: UserWarning: 'has_cuda' is deprecated, please use 'torch.backends.cuda.is_built()'
  torch.has_cuda,
/home/ubuntu/slocal/m2/.venv-relation-detr/lib/python3.11/site-packages/torch/overrides.py:111: UserWarning: 'has_cudnn' is deprecated, please use 'torch.backends.cudnn.is_available()'
  torch.has_cudnn,
/home/ubuntu/slocal/m2/.venv-relation-detr/lib/python3.11/site-packages/torch/overrides.py:117: UserWarning: 'has_mps' is deprecated, please use 'torch.backends.mps.is_built()'
  torch.has_mps,
/home/ubuntu/slocal/m2/.venv-relation-detr/lib/python3.11/site-packages/torch/overrides.py:118: UserWarning: 'has_mkldnn' is deprecated, please use 'torch.backends.mkldnn.is_available()'
  torch.has_mkldnn,
[b2a] 500 frames done
[b2a] 1000 frames done
[b2a] 1500 frames done
[b2a] 2000 frames done
[b2a] 2500 frames done
[b2a] 3000 frames done
[b2a] 3500 frames done
[b2a] 4000 frames done
[b2a] 4500 frames done
[b2a] 5000 frames done
[b2a] 5500 frames done
[b2a] 6000 frames done
[b2a] 6500 frames done
[b2a] 7000 frames done
[b2a] 7500 frames done
[b2a] 8000 frames done
[b2a] 8500 frames done
[b2a] 9000 frames done
[b2a] 9500 frames done
[b2a] saved 9657 x 15 -> /home/ubuntu/slocal/m2/data/processed/b2a_detsignal/relation_detr_augstrong_seed123/train_toolpresence.npz (nonzero frac=0.959 max=0.984)
