[09:41:15] START gpu0 gap:train
[09:41:15] START gpu1 region:train
[09:45:17] DONE gpu0 gap:train (rc=0)
[09:52:52] DONE gpu1 region:train (rc=0)
[09:52:52] START gpu1 gap:val
[09:52:52] START gpu0 toolpres:train
[09:53:35] DONE gpu1 gap:val (rc=0)
[10:04:20] DONE gpu0 toolpres:train (rc=0)
[10:04:20] START gpu0 region:val
[10:04:20] START gpu1 toolpres:val
[10:06:12] DONE gpu1 toolpres:val (rc=0)
[10:06:14] DONE gpu0 region:val (rc=0)
[10:06:14] START gpu0 gap:test
[10:06:14] START gpu1 region:test
[10:08:04] DONE gpu0 gap:test (rc=0)
[10:11:25] DONE gpu1 region:test (rc=0)
[10:11:26] START gpu0 toolpres:test
[10:16:32] DONE gpu0 toolpres:test (rc=0)
[10:16:32] 抽出完了 TAG=relation_detr_augstrong_seed123
=== 生成物 ===
data/processed/b2a_detsignal/relation_detr_augstrong_seed123/:
total 1464
drwxrwxr-x 2 ubuntu ubuntu   4096  7月  3 10:16 .
drwxrwxr-x 7 ubuntu ubuntu   4096  7月  3 10:04 ..
-rw-rw-r-- 1 ubuntu ubuntu 409956  7月  3 10:16 test_toolpresence.npz
-rw-rw-r-- 1 ubuntu ubuntu 927588  7月  3 10:04 train_toolpresence.npz
-rw-rw-r-- 1 ubuntu ubuntu 145956  7月  3 10:06 val_toolpresence.npz

data/processed/stage1_features/relation_detr_augstrong_seed123/:
total 124056
drwxrwxr-x 2 ubuntu ubuntu     4096  7月  3 10:08 .
drwxrwxr-x 7 ubuntu ubuntu     4096  7月  3 09:41 ..
-rw-rw-r-- 1 ubuntu ubuntu 35092940  7月  3 10:08 test_gap.npz
-rw-rw-r-- 1 ubuntu ubuntu 79458316  7月  3 09:45 train_gap.npz
-rw-rw-r-- 1 ubuntu ubuntu 12465940  7月  3 09:53 val_gap.npz

data/processed/t1a_regiontoken/relation_detr_augstrong_seed123/:
total 232112
drwxrwxr-x 2 ubuntu ubuntu      4096  7月  3 10:11 .
drwxrwxr-x 7 ubuntu ubuntu      4096  7月  3 09:52 ..
-rw-rw-r-- 1 ubuntu ubuntu  65664456  7月  3 10:11 test_regiontoken.npz
-rw-rw-r-- 1 ubuntu ubuntu 148679688  7月  3 09:52 train_regiontoken.npz
-rw-rw-r-- 1 ubuntu ubuntu  23325456  7月  3 10:06 val_regiontoken.npz
