[00:46:39] START gpu0 gap:train
[00:46:39] START gpu1 region:train
[00:50:40] DONE gpu0 gap:train (rc=0)
[00:58:16] DONE gpu1 region:train (rc=0)
[00:58:16] START gpu1 gap:val
[00:58:16] START gpu0 toolpres:train
[00:58:58] DONE gpu1 gap:val (rc=0)
[01:10:00] DONE gpu0 toolpres:train (rc=0)
[01:10:00] START gpu0 region:val
[01:10:00] START gpu1 toolpres:val
[01:11:53] DONE gpu1 toolpres:val (rc=0)
[01:11:54] DONE gpu0 region:val (rc=0)
[01:11:54] START gpu0 gap:test
[01:11:54] START gpu1 region:test
[01:13:44] DONE gpu0 gap:test (rc=0)
[01:17:05] DONE gpu1 region:test (rc=0)
[01:17:05] START gpu0 toolpres:test
[01:22:16] DONE gpu0 toolpres:test (rc=0)
[01:22:16] 抽出完了 TAG=relation_detr_seed123
=== 生成物 ===
data/processed/b2a_detsignal/relation_detr_seed123/:
total 1464
drwxrwxr-x 2 ubuntu ubuntu   4096  7月  3 01:22 .
drwxrwxr-x 5 ubuntu ubuntu   4096  7月  3 01:09 ..
-rw-rw-r-- 1 ubuntu ubuntu 409956  7月  3 01:22 test_toolpresence.npz
-rw-rw-r-- 1 ubuntu ubuntu 927588  7月  3 01:09 train_toolpresence.npz
-rw-rw-r-- 1 ubuntu ubuntu 145956  7月  3 01:11 val_toolpresence.npz

data/processed/stage1_features/relation_detr_seed123/:
total 124056
drwxrwxr-x 2 ubuntu ubuntu     4096  7月  3 01:13 .
drwxrwxr-x 5 ubuntu ubuntu     4096  7月  3 00:46 ..
-rw-rw-r-- 1 ubuntu ubuntu 35092940  7月  3 01:13 test_gap.npz
-rw-rw-r-- 1 ubuntu ubuntu 79458316  7月  3 00:50 train_gap.npz
-rw-rw-r-- 1 ubuntu ubuntu 12465940  7月  3 00:58 val_gap.npz

data/processed/t1a_regiontoken/relation_detr_seed123/:
total 232112
drwxrwxr-x 2 ubuntu ubuntu      4096  7月  3 01:17 .
drwxrwxr-x 5 ubuntu ubuntu      4096  7月  3 00:58 ..
-rw-rw-r-- 1 ubuntu ubuntu  65664456  7月  3 01:17 test_regiontoken.npz
-rw-rw-r-- 1 ubuntu ubuntu 148679688  7月  3 00:58 train_regiontoken.npz
-rw-rw-r-- 1 ubuntu ubuntu  23325456  7月  3 01:11 val_regiontoken.npz
