[00:36:24] START gpu0 gap:test
[00:36:24] START gpu1 region:test
[00:38:14] DONE gpu0 gap:test (rc=0)
[00:41:33] DONE gpu1 region:test (rc=0)
[00:41:33] START gpu0 toolpres:test
[00:46:39] DONE gpu0 toolpres:test (rc=0)
[00:46:39] 抽出完了 TAG=relation_detr_augstrong_seed42
=== 生成物 ===
data/processed/b2a_detsignal/relation_detr_augstrong_seed42/:
total 1464
drwxrwxr-x 2 ubuntu ubuntu   4096  7月  3 00:46 .
drwxrwxr-x 4 ubuntu ubuntu   4096  7月  3 00:20 ..
-rw-rw-r-- 1 ubuntu ubuntu 409956  7月  3 00:46 test_toolpresence.npz
-rw-rw-r-- 1 ubuntu ubuntu 927588  7月  2 19:37 train_toolpresence.npz
-rw-rw-r-- 1 ubuntu ubuntu 145956  7月  2 19:39 val_toolpresence.npz

data/processed/stage1_features/relation_detr_augstrong_seed42/:
total 124056
drwxrwxr-x 2 ubuntu ubuntu     4096  7月  3 00:38 .
drwxrwxr-x 4 ubuntu ubuntu     4096  7月  2 19:13 ..
-rw-rw-r-- 1 ubuntu ubuntu 35092940  7月  3 00:38 test_gap.npz
-rw-rw-r-- 1 ubuntu ubuntu 79458316  7月  2 19:18 train_gap.npz
-rw-rw-r-- 1 ubuntu ubuntu 12465940  7月  2 19:26 val_gap.npz

data/processed/t1a_regiontoken/relation_detr_augstrong_seed42/:
total 232112
drwxrwxr-x 2 ubuntu ubuntu      4096  7月  3 00:41 .
drwxrwxr-x 4 ubuntu ubuntu      4096  7月  2 19:13 ..
-rw-rw-r-- 1 ubuntu ubuntu  65664456  7月  3 00:41 test_regiontoken.npz
-rw-rw-r-- 1 ubuntu ubuntu 148679688  7月  2 19:26 train_regiontoken.npz
-rw-rw-r-- 1 ubuntu ubuntu  23325456  7月  2 19:39 val_regiontoken.npz
