Using /home/ubuntu/.cache/torch_extensions/py311_cu118 as PyTorch extensions root...
Detected CUDA files, patching ldflags
Emitting ninja build file /home/ubuntu/.cache/torch_extensions/py311_cu118/MultiScaleDeformableAttention/build.ninja...
Building extension module MultiScaleDeformableAttention...
Allowing ninja to set a default number of workers... (overridable by setting the environment variable MAX_JOBS=N)
ninja: no work to do.
Loading extension module MultiScaleDeformableAttention...
/home/ubuntu/slocal/m2/.venv-relation-detr/lib/python3.11/site-packages/torch/overrides.py:110: UserWarning: 'has_cuda' is deprecated, please use 'torch.backends.cuda.is_built()'
  torch.has_cuda,
/home/ubuntu/slocal/m2/.venv-relation-detr/lib/python3.11/site-packages/torch/overrides.py:111: UserWarning: 'has_cudnn' is deprecated, please use 'torch.backends.cudnn.is_available()'
  torch.has_cudnn,
/home/ubuntu/slocal/m2/.venv-relation-detr/lib/python3.11/site-packages/torch/overrides.py:117: UserWarning: 'has_mps' is deprecated, please use 'torch.backends.mps.is_built()'
  torch.has_mps,
/home/ubuntu/slocal/m2/.venv-relation-detr/lib/python3.11/site-packages/torch/overrides.py:118: UserWarning: 'has_mkldnn' is deprecated, please use 'torch.backends.mkldnn.is_available()'
  torch.has_mkldnn,
[stage1] C5 shape=(1, 2048, 24, 42)  GAP dim=2048  device=cuda
[stage1] 200 frames done
[stage1] 400 frames done
[stage1] 600 frames done
[stage1] 800 frames done
[stage1] 1000 frames done
[stage1] 1200 frames done
[stage1] 1400 frames done
[stage1] 1600 frames done
[stage1] 1800 frames done
[stage1] 2000 frames done
[stage1] 2200 frames done
[stage1] 2400 frames done
[stage1] 2600 frames done
[stage1] 2800 frames done
[stage1] 3000 frames done
[stage1] 3200 frames done
[stage1] 3400 frames done
[stage1] 3600 frames done
[stage1] 3800 frames done
[stage1] 4000 frames done
[stage1] 4200 frames done
[stage1] 4400 frames done
[stage1] 4600 frames done
[stage1] 4800 frames done
[stage1] 5000 frames done
[stage1] 5200 frames done
[stage1] 5400 frames done
[stage1] 5600 frames done
[stage1] 5800 frames done
[stage1] 6000 frames done
[stage1] 6200 frames done
[stage1] 6400 frames done
[stage1] 6600 frames done
[stage1] 6800 frames done
[stage1] 7000 frames done
[stage1] 7200 frames done
[stage1] 7400 frames done
[stage1] 7600 frames done
[stage1] 7800 frames done
[stage1] 8000 frames done
[stage1] 8200 frames done
[stage1] 8400 frames done
[stage1] 8600 frames done
[stage1] 8800 frames done
[stage1] 9000 frames done
[stage1] 9200 frames done
[stage1] 9400 frames done
[stage1] 9600 frames done
[stage1] saved 9657 x 2048 features -> data/processed/stage1_features/relation_detr_augstrong_seed456/train_gap.npz (min=0.000 max=7.700 mean=0.083)
