[00:19:03] START gpu1 toolpres:val
[00:19:03] START gpu0 toolpres:train
[00:20:58] DONE gpu1 toolpres:val (rc=0)
[00:30:44] DONE gpu0 toolpres:train (rc=0)
[00:30:44] START gpu0 toolpres:test
[00:36:24] DONE gpu0 toolpres:test (rc=0)
[00:36:24] 抽出完了 TAG=relation_detr_seed42
=== 生成物 ===
data/processed/b2a_detsignal/relation_detr_seed42/:
total 1464
drwxrwxr-x 2 ubuntu ubuntu   4096  7月  3 00:36 .
drwxrwxr-x 4 ubuntu ubuntu   4096  7月  3 00:20 ..
-rw-rw-r-- 1 ubuntu ubuntu 409956  7月  3 00:36 test_toolpresence.npz
-rw-rw-r-- 1 ubuntu ubuntu 927588  7月  3 00:30 train_toolpresence.npz
-rw-rw-r-- 1 ubuntu ubuntu 145956  7月  3 00:20 val_toolpresence.npz

data/processed/stage1_features/relation_detr_seed42/:
total 124064
drwxrwxr-x 2 ubuntu ubuntu     4096  7月  2 08:00 .
drwxrwxr-x 4 ubuntu ubuntu     4096  7月  2 19:13 ..
-rw-rw-r-- 1 ubuntu ubuntu 35092940  6月 16 18:43 test_gap.npz
-rw-rw-r-- 1 ubuntu ubuntu 79458316  6月 16 17:07 train_gap.npz
-rw-rw-r-- 1 ubuntu ubuntu 12465940  6月 16 17:07 val_gap.npz

data/processed/t1a_regiontoken/relation_detr_seed42/:
total 232120
drwxrwxr-x 2 ubuntu ubuntu      4096  7月  2 08:00 .
drwxrwxr-x 4 ubuntu ubuntu      4096  7月  2 19:13 ..
-rw-rw-r-- 1 ubuntu ubuntu  65664456  6月 20 18:34 test_regiontoken.npz
-rw-rw-r-- 1 ubuntu ubuntu 148679688  6月 20 18:21 train_regiontoken.npz
-rw-rw-r-- 1 ubuntu ubuntu  23325456  6月 20 18:24 val_regiontoken.npz
