[18:00:24] START gpu0 gap:train
[18:00:24] START gpu1 region:train
[18:04:24] DONE gpu0 gap:train (rc=0)
[18:12:01] DONE gpu1 region:train (rc=0)
[18:12:01] START gpu0 toolpres:train
[18:12:01] START gpu1 gap:val
[18:12:44] DONE gpu1 gap:val (rc=0)
[18:23:41] DONE gpu0 toolpres:train (rc=0)
[18:23:41] START gpu1 toolpres:val
[18:23:41] START gpu0 region:val
[18:25:34] DONE gpu1 toolpres:val (rc=0)
[18:25:36] DONE gpu0 region:val (rc=0)
[18:25:36] START gpu0 gap:test
[18:25:36] START gpu1 region:test
[18:27:35] DONE gpu0 gap:test (rc=0)
[18:30:49] DONE gpu1 region:test (rc=0)
[18:30:49] START gpu0 toolpres:test
[18:36:16] DONE gpu0 toolpres:test (rc=0)
[18:36:16] 抽出完了 TAG=relation_detr_augstrong_seed456
=== 生成物 ===
data/processed/b2a_detsignal/relation_detr_augstrong_seed456/:
total 1464
drwxrwxr-x 2 ubuntu ubuntu   4096  7月  3 18:36 .
drwxrwxr-x 8 ubuntu ubuntu   4096  7月  3 18:23 ..
-rw-rw-r-- 1 ubuntu ubuntu 409956  7月  3 18:36 test_toolpresence.npz
-rw-rw-r-- 1 ubuntu ubuntu 927588  7月  3 18:23 train_toolpresence.npz
-rw-rw-r-- 1 ubuntu ubuntu 145956  7月  3 18:25 val_toolpresence.npz

data/processed/stage1_features/relation_detr_augstrong_seed456/:
total 124056
drwxrwxr-x 2 ubuntu ubuntu     4096  7月  3 18:27 .
drwxrwxr-x 8 ubuntu ubuntu     4096  7月  3 18:00 ..
-rw-rw-r-- 1 ubuntu ubuntu 35092940  7月  3 18:27 test_gap.npz
-rw-rw-r-- 1 ubuntu ubuntu 79458316  7月  3 18:04 train_gap.npz
-rw-rw-r-- 1 ubuntu ubuntu 12465940  7月  3 18:12 val_gap.npz

data/processed/t1a_regiontoken/relation_detr_augstrong_seed456/:
total 232112
drwxrwxr-x 2 ubuntu ubuntu      4096  7月  3 18:30 .
drwxrwxr-x 8 ubuntu ubuntu      4096  7月  3 18:12 ..
-rw-rw-r-- 1 ubuntu ubuntu  65664456  7月  3 18:30 test_regiontoken.npz
-rw-rw-r-- 1 ubuntu ubuntu 148679688  7月  3 18:12 train_regiontoken.npz
-rw-rw-r-- 1 ubuntu ubuntu  23325456  7月  3 18:25 val_regiontoken.npz
