[haux] train clips=13 val clips=3 in_dim=2052 type=presence source=oracle with_tool=False classes=9 device=cuda
[haux] evidence dir: /home/ubuntu/slocal/m2/experiments/transfer/haux_hand_presence_oracle_002_haux_hand_presence_oracle_seed123
[haux][epoch 1/50] loss=3.4574 val_acc=0.3340 macroF1=0.0715 edit=9.67 segF1@50=0.00
[haux][epoch 2/50] loss=3.0226 val_acc=0.3677 macroF1=0.0768 edit=18.00 segF1@50=0.22
[haux][epoch 3/50] loss=2.7693 val_acc=0.3340 macroF1=0.0715 edit=9.67 segF1@50=0.00
[haux][epoch 4/50] loss=2.6453 val_acc=0.4422 macroF1=0.1419 edit=8.22 segF1@50=0.00
[haux][epoch 5/50] loss=2.5236 val_acc=0.4554 macroF1=0.1396 edit=20.33 segF1@50=0.15
[haux][epoch 6/50] loss=2.2637 val_acc=0.6561 macroF1=0.2201 edit=39.67 segF1@50=0.22
[haux][epoch 7/50] loss=2.1154 val_acc=0.4686 macroF1=0.1562 edit=24.96 segF1@50=0.02
[haux][epoch 8/50] loss=1.7816 val_acc=0.5432 macroF1=0.1869 edit=32.67 segF1@50=0.13
[haux][epoch 9/50] loss=1.6194 val_acc=0.6488 macroF1=0.2179 edit=32.89 segF1@50=0.29
[haux][epoch 10/50] loss=1.6853 val_acc=0.6535 macroF1=0.2234 edit=31.33 segF1@50=0.14
[haux][epoch 11/50] loss=1.5095 val_acc=0.5479 macroF1=0.1948 edit=47.82 segF1@50=0.14
[haux][epoch 12/50] loss=1.3617 val_acc=0.6178 macroF1=0.2709 edit=22.15 segF1@50=0.13
[haux][epoch 13/50] loss=1.2441 val_acc=0.6977 macroF1=0.3613 edit=26.89 segF1@50=0.15
[haux][epoch 14/50] loss=1.1731 val_acc=0.7122 macroF1=0.3625 edit=32.95 segF1@50=0.20
[haux][epoch 15/50] loss=1.1174 val_acc=0.7083 macroF1=0.3579 edit=35.04 segF1@50=0.21
[haux][epoch 16/50] loss=1.0417 val_acc=0.7307 macroF1=0.3946 edit=24.48 segF1@50=0.14
[haux][epoch 17/50] loss=1.0276 val_acc=0.7558 macroF1=0.4807 edit=24.03 segF1@50=0.15
[haux][epoch 18/50] loss=0.9301 val_acc=0.7703 macroF1=0.4438 edit=27.43 segF1@50=0.19
[haux][epoch 19/50] loss=0.8627 val_acc=0.8290 macroF1=0.6014 edit=32.89 segF1@50=0.28
[haux][epoch 20/50] loss=0.8219 val_acc=0.8304 macroF1=0.6038 edit=35.11 segF1@50=0.32
[haux][epoch 21/50] loss=0.7579 val_acc=0.8482 macroF1=0.6153 edit=35.04 segF1@50=0.27
[haux][epoch 22/50] loss=0.6993 val_acc=0.8594 macroF1=0.6316 edit=35.04 segF1@50=0.28
[haux][epoch 23/50] loss=0.7348 val_acc=0.8673 macroF1=0.6399 edit=32.92 segF1@50=0.26
[haux][epoch 24/50] loss=0.6462 val_acc=0.8475 macroF1=0.6212 edit=30.79 segF1@50=0.27
[haux][epoch 25/50] loss=0.6464 val_acc=0.8304 macroF1=0.6358 edit=35.47 segF1@50=0.27
[haux][epoch 26/50] loss=0.6132 val_acc=0.8891 macroF1=0.6717 edit=34.07 segF1@50=0.27
[haux][epoch 27/50] loss=0.7862 val_acc=0.8700 macroF1=0.6996 edit=35.74 segF1@50=0.27
[haux][epoch 28/50] loss=0.8667 val_acc=0.8508 macroF1=0.6119 edit=26.01 segF1@50=0.17
[haux][epoch 29/50] loss=0.7426 val_acc=0.8086 macroF1=0.6001 edit=32.37 segF1@50=0.32
[haux][epoch 30/50] loss=0.6587 val_acc=0.8535 macroF1=0.6324 edit=33.83 segF1@50=0.29
[haux][epoch 31/50] loss=0.5948 val_acc=0.8469 macroF1=0.6589 edit=33.68 segF1@50=0.26
[haux][epoch 32/50] loss=0.5438 val_acc=0.8554 macroF1=0.6566 edit=35.78 segF1@50=0.31
[haux][epoch 33/50] loss=0.5155 val_acc=0.8911 macroF1=0.7009 edit=38.44 segF1@50=0.34
[haux][epoch 34/50] loss=0.5142 val_acc=0.8983 macroF1=0.6893 edit=39.87 segF1@50=0.32
[haux][epoch 35/50] loss=0.5007 val_acc=0.8746 macroF1=0.6816 edit=35.90 segF1@50=0.34
[haux][epoch 36/50] loss=0.4586 val_acc=0.8614 macroF1=0.6826 edit=33.01 segF1@50=0.27
[haux][epoch 37/50] loss=0.4482 val_acc=0.8957 macroF1=0.7211 edit=39.31 segF1@50=0.36
[haux][epoch 38/50] loss=0.4354 val_acc=0.9116 macroF1=0.7126 edit=39.01 segF1@50=0.33
[haux][epoch 39/50] loss=0.4576 val_acc=0.8693 macroF1=0.7056 edit=35.20 segF1@50=0.34
[haux][epoch 40/50] loss=0.4604 val_acc=0.8818 macroF1=0.6400 edit=31.34 segF1@50=0.30
[haux][epoch 41/50] loss=0.5198 val_acc=0.8455 macroF1=0.6799 edit=38.67 segF1@50=0.34
[haux][epoch 42/50] loss=0.4467 val_acc=0.8878 macroF1=0.6666 edit=39.28 segF1@50=0.32
[haux][epoch 43/50] loss=0.4175 val_acc=0.8944 macroF1=0.7260 edit=37.68 segF1@50=0.37
[haux][epoch 44/50] loss=0.4013 val_acc=0.8772 macroF1=0.6643 edit=35.01 segF1@50=0.29
[haux][epoch 45/50] loss=0.3837 val_acc=0.8719 macroF1=0.7099 edit=29.33 segF1@50=0.25
[haux][epoch 46/50] loss=0.3692 val_acc=0.8904 macroF1=0.7144 edit=38.14 segF1@50=0.37
[haux][epoch 47/50] loss=0.3521 val_acc=0.9063 macroF1=0.7278 edit=37.29 segF1@50=0.35
[haux][epoch 48/50] loss=0.3436 val_acc=0.9142 macroF1=0.7417 edit=38.81 segF1@50=0.36
[haux][epoch 49/50] loss=0.3325 val_acc=0.8898 macroF1=0.7254 edit=38.91 segF1@50=0.38
[haux][epoch 50/50] loss=0.3256 val_acc=0.9116 macroF1=0.7461 edit=39.95 segF1@50=0.37
[haux] best @epoch 48: acc=0.9142 macroF1=0.7417
[haux] evidence written -> /home/ubuntu/slocal/m2/experiments/transfer/haux_hand_presence_oracle_002_haux_hand_presence_oracle_seed123
