[haux] train clips=13 val clips=3 in_dim=2052 type=presence source=oracle with_tool=False classes=9 device=cuda
[haux] evidence dir: /home/ubuntu/slocal/m2/experiments/transfer/haux_hand_presence_oracle_001_haux_hand_presence_oracle_seed42
[haux][epoch 1/50] loss=3.6430 val_acc=0.3677 macroF1=0.0768 edit=18.00 segF1@50=0.22
[haux][epoch 2/50] loss=2.8790 val_acc=0.4455 macroF1=0.1320 edit=30.00 segF1@50=0.24
[haux][epoch 3/50] loss=2.7402 val_acc=0.3677 macroF1=0.0768 edit=18.00 segF1@50=0.22
[haux][epoch 4/50] loss=2.5708 val_acc=0.4620 macroF1=0.1403 edit=25.56 segF1@50=0.24
[haux][epoch 5/50] loss=2.5953 val_acc=0.3677 macroF1=0.0768 edit=18.00 segF1@50=0.22
[haux][epoch 6/50] loss=2.2722 val_acc=0.6706 macroF1=0.2252 edit=30.00 segF1@50=0.11
[haux][epoch 7/50] loss=1.9453 val_acc=0.4594 macroF1=0.1516 edit=22.70 segF1@50=0.02
[haux][epoch 8/50] loss=1.7240 val_acc=0.4535 macroF1=0.1486 edit=28.33 segF1@50=0.02
[haux][epoch 9/50] loss=1.8257 val_acc=0.4436 macroF1=0.1435 edit=27.76 segF1@50=0.01
[haux][epoch 10/50] loss=1.7430 val_acc=0.6667 macroF1=0.2283 edit=30.00 segF1@50=0.14
[haux][epoch 11/50] loss=1.5353 val_acc=0.6858 macroF1=0.2857 edit=31.67 segF1@50=0.18
[haux][epoch 12/50] loss=1.4399 val_acc=0.5954 macroF1=0.2526 edit=35.71 segF1@50=0.02
[haux][epoch 13/50] loss=1.3180 val_acc=0.6495 macroF1=0.2718 edit=45.11 segF1@50=0.18
[haux][epoch 14/50] loss=1.2449 val_acc=0.6752 macroF1=0.3103 edit=33.09 segF1@50=0.23
[haux][epoch 15/50] loss=1.1787 val_acc=0.6455 macroF1=0.2961 edit=27.79 segF1@50=0.19
[haux][epoch 16/50] loss=1.1085 val_acc=0.6838 macroF1=0.3321 edit=34.22 segF1@50=0.23
[haux][epoch 17/50] loss=1.0336 val_acc=0.7294 macroF1=0.4148 edit=26.49 segF1@50=0.17
[haux][epoch 18/50] loss=0.9657 val_acc=0.8040 macroF1=0.5581 edit=30.67 segF1@50=0.23
[haux][epoch 19/50] loss=0.9250 val_acc=0.8812 macroF1=0.6409 edit=33.51 segF1@50=0.34
[haux][epoch 20/50] loss=0.8569 val_acc=0.8878 macroF1=0.6553 edit=24.00 segF1@50=0.34
[haux][epoch 21/50] loss=0.8579 val_acc=0.8581 macroF1=0.6412 edit=34.14 segF1@50=0.21
[haux][epoch 22/50] loss=0.7576 val_acc=0.8040 macroF1=0.6049 edit=51.27 segF1@50=0.38
[haux][epoch 23/50] loss=0.7804 val_acc=0.8271 macroF1=0.6652 edit=29.13 segF1@50=0.22
[haux][epoch 24/50] loss=0.7148 val_acc=0.8792 macroF1=0.6472 edit=32.13 segF1@50=0.28
[haux][epoch 25/50] loss=0.7129 val_acc=0.8851 macroF1=0.6466 edit=33.52 segF1@50=0.31
[haux][epoch 26/50] loss=0.6954 val_acc=0.8693 macroF1=0.6439 edit=31.41 segF1@50=0.29
[haux][epoch 27/50] loss=0.7896 val_acc=0.7927 macroF1=0.5367 edit=32.33 segF1@50=0.26
[haux][epoch 28/50] loss=0.7991 val_acc=0.7703 macroF1=0.4936 edit=27.94 segF1@50=0.23
[haux][epoch 29/50] loss=0.7131 val_acc=0.8409 macroF1=0.6452 edit=24.87 segF1@50=0.33
[haux][epoch 30/50] loss=0.6291 val_acc=0.8429 macroF1=0.6275 edit=34.00 segF1@50=0.31
[haux][epoch 31/50] loss=0.5672 val_acc=0.8944 macroF1=0.6877 edit=34.79 segF1@50=0.27
[haux][epoch 32/50] loss=0.5351 val_acc=0.8779 macroF1=0.6563 edit=31.44 segF1@50=0.28
[haux][epoch 33/50] loss=0.5060 val_acc=0.8766 macroF1=0.6939 edit=35.44 segF1@50=0.32
[haux][epoch 34/50] loss=0.4846 val_acc=0.8858 macroF1=0.6739 edit=29.59 segF1@50=0.26
[haux][epoch 35/50] loss=0.4644 val_acc=0.8574 macroF1=0.6624 edit=34.05 segF1@50=0.29
[haux][epoch 36/50] loss=0.4553 val_acc=0.8627 macroF1=0.6808 edit=32.39 segF1@50=0.18
[haux][epoch 37/50] loss=0.4493 val_acc=0.8851 macroF1=0.7057 edit=38.44 segF1@50=0.37
[haux][epoch 38/50] loss=0.4544 val_acc=0.8904 macroF1=0.6634 edit=38.47 segF1@50=0.43
[haux][epoch 39/50] loss=0.4396 val_acc=0.8574 macroF1=0.6724 edit=37.48 segF1@50=0.31
[haux][epoch 40/50] loss=0.4118 val_acc=0.8838 macroF1=0.6875 edit=34.89 segF1@50=0.30
[haux][epoch 41/50] loss=0.4032 val_acc=0.8884 macroF1=0.7163 edit=38.29 segF1@50=0.35
[haux][epoch 42/50] loss=0.4021 val_acc=0.8799 macroF1=0.6703 edit=35.34 segF1@50=0.29
[haux][epoch 43/50] loss=0.3895 val_acc=0.8752 macroF1=0.6871 edit=36.95 segF1@50=0.32
[haux][epoch 44/50] loss=0.3746 val_acc=0.8957 macroF1=0.7051 edit=38.29 segF1@50=0.32
[haux][epoch 45/50] loss=0.3726 val_acc=0.9056 macroF1=0.7474 edit=41.47 segF1@50=0.37
[haux][epoch 46/50] loss=0.3674 val_acc=0.8686 macroF1=0.6540 edit=36.81 segF1@50=0.27
[haux][epoch 47/50] loss=0.3607 val_acc=0.8944 macroF1=0.7360 edit=39.62 segF1@50=0.36
[haux][epoch 48/50] loss=0.3394 val_acc=0.8779 macroF1=0.7005 edit=29.36 segF1@50=0.26
[haux][epoch 49/50] loss=0.3482 val_acc=0.8911 macroF1=0.7292 edit=41.11 segF1@50=0.36
[haux][epoch 50/50] loss=0.3251 val_acc=0.9010 macroF1=0.7209 edit=36.95 segF1@50=0.34
[haux] best @epoch 45: acc=0.9056 macroF1=0.7474
[haux] evidence written -> /home/ubuntu/slocal/m2/experiments/transfer/haux_hand_presence_oracle_001_haux_hand_presence_oracle_seed42
