[haux] train clips=13 val clips=3 in_dim=2052 type=presence source=oracle with_tool=False classes=9 device=cuda
[haux] evidence dir: /home/ubuntu/slocal/m2/experiments/transfer/haux_hand_presence_oracle_003_haux_hand_presence_oracle_seed456
[haux][epoch 1/50] loss=3.5001 val_acc=0.3677 macroF1=0.0768 edit=18.00 segF1@50=0.22
[haux][epoch 2/50] loss=2.9122 val_acc=0.3452 macroF1=0.0975 edit=27.67 segF1@50=0.33
[haux][epoch 3/50] loss=2.7476 val_acc=0.3663 macroF1=0.0976 edit=16.23 segF1@50=0.11
[haux][epoch 4/50] loss=2.6525 val_acc=0.3677 macroF1=0.0768 edit=18.00 segF1@50=0.22
[haux][epoch 5/50] loss=2.4171 val_acc=0.6693 macroF1=0.2243 edit=35.50 segF1@50=0.22
[haux][epoch 6/50] loss=2.1274 val_acc=0.4581 macroF1=0.1507 edit=23.67 segF1@50=0.02
[haux][epoch 7/50] loss=2.2327 val_acc=0.3353 macroF1=0.0727 edit=27.67 segF1@50=0.00
[haux][epoch 8/50] loss=2.1918 val_acc=0.6686 macroF1=0.2244 edit=25.19 segF1@50=0.25
[haux][epoch 9/50] loss=1.7975 val_acc=0.4937 macroF1=0.1675 edit=30.00 segF1@50=0.12
[haux][epoch 10/50] loss=1.7311 val_acc=0.6403 macroF1=0.2197 edit=41.00 segF1@50=0.20
[haux][epoch 11/50] loss=1.5588 val_acc=0.6647 macroF1=0.2248 edit=30.00 segF1@50=0.14
[haux][epoch 12/50] loss=1.4015 val_acc=0.5835 macroF1=0.2122 edit=42.96 segF1@50=0.18
[haux][epoch 13/50] loss=1.3310 val_acc=0.6640 macroF1=0.2553 edit=26.23 segF1@50=0.17
[haux][epoch 14/50] loss=1.2824 val_acc=0.7208 macroF1=0.4318 edit=39.93 segF1@50=0.23
[haux][epoch 15/50] loss=1.1870 val_acc=0.7360 macroF1=0.4432 edit=28.44 segF1@50=0.16
[haux][epoch 16/50] loss=1.1075 val_acc=0.8277 macroF1=0.6117 edit=32.74 segF1@50=0.25
[haux][epoch 17/50] loss=1.0080 val_acc=0.7947 macroF1=0.5762 edit=30.40 segF1@50=0.23
[haux][epoch 18/50] loss=0.9568 val_acc=0.8455 macroF1=0.6098 edit=32.52 segF1@50=0.29
[haux][epoch 19/50] loss=0.9359 val_acc=0.8290 macroF1=0.6153 edit=28.25 segF1@50=0.22
[haux][epoch 20/50] loss=1.0942 val_acc=0.8719 macroF1=0.6272 edit=35.05 segF1@50=0.31
[haux][epoch 21/50] loss=0.9176 val_acc=0.7597 macroF1=0.5785 edit=39.23 segF1@50=0.30
[haux][epoch 22/50] loss=0.8267 val_acc=0.8119 macroF1=0.5866 edit=42.22 segF1@50=0.33
[haux][epoch 23/50] loss=0.7618 val_acc=0.8693 macroF1=0.6308 edit=32.68 segF1@50=0.30
[haux][epoch 24/50] loss=0.7171 val_acc=0.8284 macroF1=0.6044 edit=40.83 segF1@50=0.32
[haux][epoch 25/50] loss=0.6805 val_acc=0.8290 macroF1=0.6162 edit=28.30 segF1@50=0.23
[haux][epoch 26/50] loss=0.6456 val_acc=0.8713 macroF1=0.6265 edit=35.33 segF1@50=0.27
[haux][epoch 27/50] loss=0.6100 val_acc=0.8330 macroF1=0.6257 edit=34.81 segF1@50=0.31
[haux][epoch 28/50] loss=0.5770 val_acc=0.8528 macroF1=0.6420 edit=29.00 segF1@50=0.27
[haux][epoch 29/50] loss=0.5455 val_acc=0.8653 macroF1=0.6320 edit=32.89 segF1@50=0.30
[haux][epoch 30/50] loss=0.5384 val_acc=0.8792 macroF1=0.6806 edit=38.43 segF1@50=0.32
[haux][epoch 31/50] loss=0.6986 val_acc=0.8733 macroF1=0.6332 edit=39.25 segF1@50=0.38
[haux][epoch 32/50] loss=0.5958 val_acc=0.8620 macroF1=0.6298 edit=41.70 segF1@50=0.35
[haux][epoch 33/50] loss=0.5663 val_acc=0.8792 macroF1=0.7051 edit=37.68 segF1@50=0.31
[haux][epoch 34/50] loss=0.5453 val_acc=0.8482 macroF1=0.6243 edit=29.54 segF1@50=0.22
[haux][epoch 35/50] loss=0.4742 val_acc=0.8647 macroF1=0.6802 edit=31.33 segF1@50=0.24
[haux][epoch 36/50] loss=0.4545 val_acc=0.8574 macroF1=0.6527 edit=30.11 segF1@50=0.25
[haux][epoch 37/50] loss=0.4671 val_acc=0.8594 macroF1=0.6958 edit=42.32 segF1@50=0.33
[haux][epoch 38/50] loss=0.4481 val_acc=0.8785 macroF1=0.6362 edit=29.10 segF1@50=0.35
[haux][epoch 39/50] loss=0.4853 val_acc=0.8865 macroF1=0.6614 edit=41.11 segF1@50=0.38
[haux][epoch 40/50] loss=0.4846 val_acc=0.8106 macroF1=0.6630 edit=32.54 segF1@50=0.30
[haux][epoch 41/50] loss=0.4818 val_acc=0.8713 macroF1=0.6188 edit=34.91 segF1@50=0.28
[haux][epoch 42/50] loss=0.5156 val_acc=0.8469 macroF1=0.6317 edit=45.26 segF1@50=0.42
[haux][epoch 43/50] loss=0.5235 val_acc=0.8640 macroF1=0.6611 edit=32.55 segF1@50=0.28
[haux][epoch 44/50] loss=0.5012 val_acc=0.8865 macroF1=0.7207 edit=31.46 segF1@50=0.28
[haux][epoch 45/50] loss=0.4599 val_acc=0.8257 macroF1=0.6086 edit=37.79 segF1@50=0.31
[haux][epoch 46/50] loss=0.4082 val_acc=0.8904 macroF1=0.7037 edit=38.81 segF1@50=0.35
[haux][epoch 47/50] loss=0.4062 val_acc=0.8706 macroF1=0.6762 edit=46.84 segF1@50=0.45
[haux][epoch 48/50] loss=0.3762 val_acc=0.8389 macroF1=0.6618 edit=34.48 segF1@50=0.30
[haux][epoch 49/50] loss=0.3777 val_acc=0.8396 macroF1=0.6818 edit=29.49 segF1@50=0.27
[haux][epoch 50/50] loss=0.3477 val_acc=0.8871 macroF1=0.6789 edit=43.84 segF1@50=0.45
[haux] best @epoch 46: acc=0.8904 macroF1=0.7037
[haux] evidence written -> /home/ubuntu/slocal/m2/experiments/transfer/haux_hand_presence_oracle_003_haux_hand_presence_oracle_seed456
