[haux] train clips=13 val clips=3 in_dim=2052 type=count source=oracle with_tool=False classes=9 device=cuda
[haux] evidence dir: /home/ubuntu/slocal/m2/experiments/transfer/haux_hand_count_oracle_003_haux_hand_count_oracle_seed456
[haux][epoch 1/50] loss=3.5001 val_acc=0.3677 macroF1=0.0768 edit=18.00 segF1@50=0.22
[haux][epoch 2/50] loss=2.9122 val_acc=0.3452 macroF1=0.0975 edit=27.67 segF1@50=0.33
[haux][epoch 3/50] loss=2.7474 val_acc=0.3663 macroF1=0.0975 edit=14.90 segF1@50=0.11
[haux][epoch 4/50] loss=2.6531 val_acc=0.3677 macroF1=0.0768 edit=18.00 segF1@50=0.22
[haux][epoch 5/50] loss=2.4177 val_acc=0.6647 macroF1=0.2226 edit=34.17 segF1@50=0.22
[haux][epoch 6/50] loss=2.1289 val_acc=0.4673 macroF1=0.1551 edit=25.83 segF1@50=0.02
[haux][epoch 7/50] loss=2.1780 val_acc=0.3360 macroF1=0.0733 edit=27.67 segF1@50=0.00
[haux][epoch 8/50] loss=2.0767 val_acc=0.6502 macroF1=0.2206 edit=38.33 segF1@50=0.19
[haux][epoch 9/50] loss=1.7907 val_acc=0.5360 macroF1=0.1844 edit=28.10 segF1@50=0.12
[haux][epoch 10/50] loss=1.6444 val_acc=0.6191 macroF1=0.2127 edit=37.90 segF1@50=0.19
[haux][epoch 11/50] loss=1.4871 val_acc=0.6508 macroF1=0.2210 edit=39.67 segF1@50=0.19
[haux][epoch 12/50] loss=1.3790 val_acc=0.6007 macroF1=0.2167 edit=45.71 segF1@50=0.18
[haux][epoch 13/50] loss=1.3273 val_acc=0.6719 macroF1=0.2506 edit=41.11 segF1@50=0.32
[haux][epoch 14/50] loss=1.2743 val_acc=0.7465 macroF1=0.4397 edit=39.80 segF1@50=0.24
[haux][epoch 15/50] loss=1.1826 val_acc=0.7129 macroF1=0.3700 edit=25.37 segF1@50=0.16
[haux][epoch 16/50] loss=1.1151 val_acc=0.8125 macroF1=0.5906 edit=24.45 segF1@50=0.15
[haux][epoch 17/50] loss=1.0198 val_acc=0.7954 macroF1=0.5698 edit=30.92 segF1@50=0.24
[haux][epoch 18/50] loss=0.9950 val_acc=0.8508 macroF1=0.5964 edit=31.00 segF1@50=0.28
[haux][epoch 19/50] loss=0.9633 val_acc=0.8211 macroF1=0.5945 edit=28.60 segF1@50=0.23
[haux][epoch 20/50] loss=1.0210 val_acc=0.8515 macroF1=0.6143 edit=27.64 segF1@50=0.18
[haux][epoch 21/50] loss=0.9188 val_acc=0.8106 macroF1=0.5951 edit=42.74 segF1@50=0.34
[haux][epoch 22/50] loss=0.8275 val_acc=0.8198 macroF1=0.5657 edit=45.56 segF1@50=0.42
[haux][epoch 23/50] loss=0.8417 val_acc=0.8370 macroF1=0.5865 edit=22.38 segF1@50=0.10
[haux][epoch 24/50] loss=0.7783 val_acc=0.8290 macroF1=0.5784 edit=37.11 segF1@50=0.34
[haux][epoch 25/50] loss=0.7389 val_acc=0.8455 macroF1=0.6098 edit=37.38 segF1@50=0.30
[haux][epoch 26/50] loss=0.6708 val_acc=0.8429 macroF1=0.6030 edit=36.05 segF1@50=0.29
[haux][epoch 27/50] loss=0.6267 val_acc=0.8363 macroF1=0.6020 edit=29.27 segF1@50=0.26
[haux][epoch 28/50] loss=0.6183 val_acc=0.8244 macroF1=0.6016 edit=33.59 segF1@50=0.25
[haux][epoch 29/50] loss=0.6554 val_acc=0.8172 macroF1=0.6267 edit=28.87 segF1@50=0.22
[haux][epoch 30/50] loss=0.5746 val_acc=0.8752 macroF1=0.6303 edit=41.79 segF1@50=0.39
[haux][epoch 31/50] loss=0.5313 val_acc=0.8587 macroF1=0.6303 edit=32.37 segF1@50=0.29
[haux][epoch 32/50] loss=0.5116 val_acc=0.8574 macroF1=0.6409 edit=34.79 segF1@50=0.30
[haux][epoch 33/50] loss=0.4984 val_acc=0.8950 macroF1=0.6690 edit=41.92 segF1@50=0.43
[haux][epoch 34/50] loss=0.5355 val_acc=0.8799 macroF1=0.6452 edit=42.76 segF1@50=0.41
[haux][epoch 35/50] loss=0.5610 val_acc=0.8838 macroF1=0.6853 edit=42.51 segF1@50=0.38
[haux][epoch 36/50] loss=0.6034 val_acc=0.8475 macroF1=0.6571 edit=28.37 segF1@50=0.15
[haux][epoch 37/50] loss=0.5434 val_acc=0.7993 macroF1=0.6153 edit=37.05 segF1@50=0.28
[haux][epoch 38/50] loss=0.5428 val_acc=0.8092 macroF1=0.6032 edit=39.73 segF1@50=0.30
[haux][epoch 39/50] loss=0.4876 val_acc=0.8884 macroF1=0.6701 edit=48.89 segF1@50=0.43
[haux][epoch 40/50] loss=0.4537 val_acc=0.8488 macroF1=0.6839 edit=34.17 segF1@50=0.30
[haux][epoch 41/50] loss=0.4444 val_acc=0.8759 macroF1=0.6268 edit=35.15 segF1@50=0.40
[haux][epoch 42/50] loss=0.4649 val_acc=0.8535 macroF1=0.6347 edit=37.94 segF1@50=0.29
[haux][epoch 43/50] loss=0.4402 val_acc=0.8693 macroF1=0.6759 edit=39.56 segF1@50=0.36
[haux][epoch 44/50] loss=0.4096 val_acc=0.8647 macroF1=0.7017 edit=42.68 segF1@50=0.34
[haux][epoch 45/50] loss=0.4325 val_acc=0.8343 macroF1=0.5907 edit=35.03 segF1@50=0.29
[haux][epoch 46/50] loss=0.4445 val_acc=0.8772 macroF1=0.6725 edit=32.59 segF1@50=0.26
[haux][epoch 47/50] loss=0.4212 val_acc=0.8673 macroF1=0.6847 edit=38.81 segF1@50=0.35
[haux][epoch 48/50] loss=0.3940 val_acc=0.8726 macroF1=0.6528 edit=35.17 segF1@50=0.28
[haux][epoch 49/50] loss=0.3736 val_acc=0.8812 macroF1=0.7053 edit=38.44 segF1@50=0.33
[haux][epoch 50/50] loss=0.3485 val_acc=0.8838 macroF1=0.6663 edit=38.17 segF1@50=0.33
[haux] best @epoch 33: acc=0.8950 macroF1=0.6690
[haux] evidence written -> /home/ubuntu/slocal/m2/experiments/transfer/haux_hand_count_oracle_003_haux_hand_count_oracle_seed456
