[haux] train clips=13 val clips=3 in_dim=2052 type=count source=oracle with_tool=False classes=9 device=cuda
[haux] evidence dir: /home/ubuntu/slocal/m2/experiments/transfer/haux_hand_count_oracle_001_haux_hand_count_oracle_seed42
[haux][epoch 1/50] loss=3.6426 val_acc=0.3677 macroF1=0.0768 edit=18.00 segF1@50=0.22
[haux][epoch 2/50] loss=2.8784 val_acc=0.4455 macroF1=0.1320 edit=30.00 segF1@50=0.24
[haux][epoch 3/50] loss=2.7387 val_acc=0.3677 macroF1=0.0768 edit=18.00 segF1@50=0.22
[haux][epoch 4/50] loss=2.5688 val_acc=0.4634 macroF1=0.1409 edit=25.56 segF1@50=0.24
[haux][epoch 5/50] loss=2.5959 val_acc=0.3677 macroF1=0.0768 edit=18.00 segF1@50=0.22
[haux][epoch 6/50] loss=2.2721 val_acc=0.6772 macroF1=0.2280 edit=31.33 segF1@50=0.11
[haux][epoch 7/50] loss=1.9476 val_acc=0.4436 macroF1=0.1435 edit=31.00 segF1@50=0.02
[haux][epoch 8/50] loss=1.7448 val_acc=0.4363 macroF1=0.1397 edit=29.10 segF1@50=0.02
[haux][epoch 9/50] loss=1.7281 val_acc=0.4634 macroF1=0.1536 edit=27.76 segF1@50=0.02
[haux][epoch 10/50] loss=1.6510 val_acc=0.6752 macroF1=0.2550 edit=33.00 segF1@50=0.15
[haux][epoch 11/50] loss=1.5002 val_acc=0.6785 macroF1=0.2781 edit=41.11 segF1@50=0.19
[haux][epoch 12/50] loss=1.4034 val_acc=0.5670 macroF1=0.2375 edit=36.24 segF1@50=0.15
[haux][epoch 13/50] loss=1.3049 val_acc=0.6389 macroF1=0.2676 edit=43.78 segF1@50=0.18
[haux][epoch 14/50] loss=1.2161 val_acc=0.6779 macroF1=0.3016 edit=32.15 segF1@50=0.20
[haux][epoch 15/50] loss=1.1880 val_acc=0.6779 macroF1=0.3239 edit=36.44 segF1@50=0.21
[haux][epoch 16/50] loss=1.1380 val_acc=0.6752 macroF1=0.3231 edit=29.04 segF1@50=0.15
[haux][epoch 17/50] loss=1.0495 val_acc=0.6686 macroF1=0.3385 edit=21.92 segF1@50=0.12
[haux][epoch 18/50] loss=1.0284 val_acc=0.7967 macroF1=0.5465 edit=36.80 segF1@50=0.28
[haux][epoch 19/50] loss=0.9979 val_acc=0.8475 macroF1=0.5501 edit=22.67 segF1@50=0.30
[haux][epoch 20/50] loss=0.8957 val_acc=0.8548 macroF1=0.5769 edit=29.86 segF1@50=0.25
[haux][epoch 21/50] loss=0.8637 val_acc=0.8092 macroF1=0.5807 edit=29.49 segF1@50=0.23
[haux][epoch 22/50] loss=0.7836 val_acc=0.8191 macroF1=0.6160 edit=24.62 segF1@50=0.13
[haux][epoch 23/50] loss=0.7394 val_acc=0.8455 macroF1=0.6348 edit=25.60 segF1@50=0.15
[haux][epoch 24/50] loss=0.6855 val_acc=0.8818 macroF1=0.6583 edit=34.13 segF1@50=0.30
[haux][epoch 25/50] loss=0.6927 val_acc=0.8884 macroF1=0.6491 edit=34.07 segF1@50=0.29
[haux][epoch 26/50] loss=0.7633 val_acc=0.8290 macroF1=0.5943 edit=28.44 segF1@50=0.26
[haux][epoch 27/50] loss=0.7886 val_acc=0.8020 macroF1=0.5505 edit=35.11 segF1@50=0.29
[haux][epoch 28/50] loss=0.7318 val_acc=0.8112 macroF1=0.5618 edit=32.73 segF1@50=0.24
[haux][epoch 29/50] loss=0.6589 val_acc=0.8594 macroF1=0.6647 edit=36.48 segF1@50=0.30
[haux][epoch 30/50] loss=0.5979 val_acc=0.8495 macroF1=0.6222 edit=36.15 segF1@50=0.29
[haux][epoch 31/50] loss=0.5532 val_acc=0.8752 macroF1=0.6785 edit=33.37 segF1@50=0.28
[haux][epoch 32/50] loss=0.5237 val_acc=0.8535 macroF1=0.6393 edit=32.78 segF1@50=0.27
[haux][epoch 33/50] loss=0.5008 val_acc=0.8568 macroF1=0.6714 edit=35.49 segF1@50=0.29
[haux][epoch 34/50] loss=0.4876 val_acc=0.8700 macroF1=0.6546 edit=33.29 segF1@50=0.30
[haux][epoch 35/50] loss=0.4656 val_acc=0.8528 macroF1=0.6381 edit=33.70 segF1@50=0.29
[haux][epoch 36/50] loss=0.4554 val_acc=0.8554 macroF1=0.6700 edit=30.94 segF1@50=0.17
[haux][epoch 37/50] loss=0.4548 val_acc=0.8792 macroF1=0.7125 edit=48.00 segF1@50=0.45
[haux][epoch 38/50] loss=0.4877 val_acc=0.8871 macroF1=0.6517 edit=36.15 segF1@50=0.32
[haux][epoch 39/50] loss=0.4647 val_acc=0.8495 macroF1=0.6507 edit=38.81 segF1@50=0.30
[haux][epoch 40/50] loss=0.4309 val_acc=0.8785 macroF1=0.6891 edit=31.29 segF1@50=0.25
[haux][epoch 41/50] loss=0.4222 val_acc=0.8825 macroF1=0.7161 edit=38.44 segF1@50=0.35
[haux][epoch 42/50] loss=0.4214 val_acc=0.8587 macroF1=0.6624 edit=35.78 segF1@50=0.27
[haux][epoch 43/50] loss=0.3898 val_acc=0.8719 macroF1=0.6986 edit=39.78 segF1@50=0.34
[haux][epoch 44/50] loss=0.3780 val_acc=0.8845 macroF1=0.7108 edit=34.90 segF1@50=0.30
[haux][epoch 45/50] loss=0.3669 val_acc=0.8917 macroF1=0.7199 edit=45.33 segF1@50=0.44
[haux][epoch 46/50] loss=0.3535 val_acc=0.8726 macroF1=0.6874 edit=38.14 segF1@50=0.32
[haux][epoch 47/50] loss=0.3420 val_acc=0.8950 macroF1=0.7297 edit=39.95 segF1@50=0.35
[haux][epoch 48/50] loss=0.3309 val_acc=0.8970 macroF1=0.7046 edit=42.77 segF1@50=0.43
[haux][epoch 49/50] loss=0.3389 val_acc=0.8944 macroF1=0.7345 edit=37.90 segF1@50=0.33
[haux][epoch 50/50] loss=0.3220 val_acc=0.8878 macroF1=0.7216 edit=37.90 segF1@50=0.34
[haux] best @epoch 48: acc=0.8970 macroF1=0.7046
[haux] evidence written -> /home/ubuntu/slocal/m2/experiments/transfer/haux_hand_count_oracle_001_haux_hand_count_oracle_seed42
