[haux] train clips=13 val clips=3 in_dim=2052 type=count source=oracle with_tool=False classes=9 device=cuda
[haux] evidence dir: /home/ubuntu/slocal/m2/experiments/transfer/haux_hand_count_oracle_002_haux_hand_count_oracle_seed123
[haux][epoch 1/50] loss=3.4572 val_acc=0.3340 macroF1=0.0715 edit=9.67 segF1@50=0.00
[haux][epoch 2/50] loss=3.0218 val_acc=0.3677 macroF1=0.0768 edit=18.00 segF1@50=0.22
[haux][epoch 3/50] loss=2.7690 val_acc=0.3340 macroF1=0.0715 edit=9.67 segF1@50=0.00
[haux][epoch 4/50] loss=2.6416 val_acc=0.4660 macroF1=0.1520 edit=14.38 segF1@50=0.00
[haux][epoch 5/50] loss=2.5160 val_acc=0.4396 macroF1=0.1307 edit=22.67 segF1@50=0.11
[haux][epoch 6/50] loss=2.2574 val_acc=0.6568 macroF1=0.2204 edit=37.00 segF1@50=0.22
[haux][epoch 7/50] loss=2.0734 val_acc=0.4396 macroF1=0.1414 edit=26.90 segF1@50=0.02
[haux][epoch 8/50] loss=1.7804 val_acc=0.5492 macroF1=0.1891 edit=32.67 segF1@50=0.13
[haux][epoch 9/50] loss=1.6229 val_acc=0.6416 macroF1=0.2151 edit=34.17 segF1@50=0.28
[haux][epoch 10/50] loss=1.7100 val_acc=0.6541 macroF1=0.2235 edit=31.33 segF1@50=0.14
[haux][epoch 11/50] loss=1.5501 val_acc=0.5307 macroF1=0.2035 edit=31.00 segF1@50=0.12
[haux][epoch 12/50] loss=1.4059 val_acc=0.6337 macroF1=0.2642 edit=32.59 segF1@50=0.21
[haux][epoch 13/50] loss=1.2648 val_acc=0.6442 macroF1=0.3356 edit=22.93 segF1@50=0.15
[haux][epoch 14/50] loss=1.1884 val_acc=0.7063 macroF1=0.3456 edit=31.95 segF1@50=0.21
[haux][epoch 15/50] loss=1.1554 val_acc=0.7294 macroF1=0.3932 edit=30.20 segF1@50=0.19
[haux][epoch 16/50] loss=1.0866 val_acc=0.6891 macroF1=0.3871 edit=22.49 segF1@50=0.07
[haux][epoch 17/50] loss=1.0265 val_acc=0.7960 macroF1=0.5580 edit=29.94 segF1@50=0.23
[haux][epoch 18/50] loss=0.9450 val_acc=0.7617 macroF1=0.4423 edit=26.29 segF1@50=0.20
[haux][epoch 19/50] loss=0.8836 val_acc=0.8125 macroF1=0.5830 edit=29.80 segF1@50=0.24
[haux][epoch 20/50] loss=0.8130 val_acc=0.8323 macroF1=0.5873 edit=27.44 segF1@50=0.30
[haux][epoch 21/50] loss=0.7578 val_acc=0.8568 macroF1=0.6240 edit=25.60 segF1@50=0.29
[haux][epoch 22/50] loss=0.7412 val_acc=0.8726 macroF1=0.6452 edit=27.55 segF1@50=0.23
[haux][epoch 23/50] loss=0.7705 val_acc=0.8376 macroF1=0.6051 edit=33.11 segF1@50=0.29
[haux][epoch 24/50] loss=0.6814 val_acc=0.8277 macroF1=0.6093 edit=30.17 segF1@50=0.24
[haux][epoch 25/50] loss=0.6417 val_acc=0.8442 macroF1=0.6324 edit=35.62 segF1@50=0.29
[haux][epoch 26/50] loss=0.6250 val_acc=0.8125 macroF1=0.6070 edit=32.25 segF1@50=0.23
[haux][epoch 27/50] loss=0.7687 val_acc=0.8304 macroF1=0.6631 edit=38.33 segF1@50=0.39
[haux][epoch 28/50] loss=0.8198 val_acc=0.8779 macroF1=0.6323 edit=42.17 segF1@50=0.39
[haux][epoch 29/50] loss=0.6621 val_acc=0.8376 macroF1=0.6279 edit=36.44 segF1@50=0.30
[haux][epoch 30/50] loss=0.6131 val_acc=0.8370 macroF1=0.5982 edit=40.37 segF1@50=0.30
[haux][epoch 31/50] loss=0.5622 val_acc=0.8601 macroF1=0.7003 edit=33.06 segF1@50=0.29
[haux][epoch 32/50] loss=0.5374 val_acc=0.8541 macroF1=0.6445 edit=27.32 segF1@50=0.23
[haux][epoch 33/50] loss=0.5174 val_acc=0.8548 macroF1=0.6681 edit=33.33 segF1@50=0.31
[haux][epoch 34/50] loss=0.5046 val_acc=0.8667 macroF1=0.6507 edit=34.14 segF1@50=0.27
[haux][epoch 35/50] loss=0.4819 val_acc=0.8733 macroF1=0.6940 edit=37.47 segF1@50=0.36
[haux][epoch 36/50] loss=0.4633 val_acc=0.8561 macroF1=0.6364 edit=32.81 segF1@50=0.27
[haux][epoch 37/50] loss=0.4566 val_acc=0.8838 macroF1=0.7093 edit=39.86 segF1@50=0.38
[haux][epoch 38/50] loss=0.4389 val_acc=0.9050 macroF1=0.6934 edit=37.21 segF1@50=0.32
[haux][epoch 39/50] loss=0.4554 val_acc=0.8356 macroF1=0.6730 edit=32.68 segF1@50=0.31
[haux][epoch 40/50] loss=0.5103 val_acc=0.8376 macroF1=0.6160 edit=25.45 segF1@50=0.20
[haux][epoch 41/50] loss=0.5343 val_acc=0.8277 macroF1=0.6491 edit=40.44 segF1@50=0.32
[haux][epoch 42/50] loss=0.4602 val_acc=0.8990 macroF1=0.6825 edit=42.17 segF1@50=0.41
[haux][epoch 43/50] loss=0.4794 val_acc=0.8832 macroF1=0.6848 edit=43.50 segF1@50=0.43
[haux][epoch 44/50] loss=0.9007 val_acc=0.8370 macroF1=0.6529 edit=34.60 segF1@50=0.27
[haux][epoch 45/50] loss=0.5828 val_acc=0.8799 macroF1=0.6950 edit=44.06 segF1@50=0.41
[haux][epoch 46/50] loss=0.5387 val_acc=0.8277 macroF1=0.6836 edit=41.35 segF1@50=0.36
[haux][epoch 47/50] loss=0.4458 val_acc=0.8693 macroF1=0.6872 edit=33.37 segF1@50=0.26
[haux][epoch 48/50] loss=0.4218 val_acc=0.8805 macroF1=0.7267 edit=34.06 segF1@50=0.30
[haux][epoch 49/50] loss=0.3844 val_acc=0.8594 macroF1=0.6968 edit=36.82 segF1@50=0.33
[haux][epoch 50/50] loss=0.3617 val_acc=0.8964 macroF1=0.7379 edit=37.25 segF1@50=0.33
[haux] best @epoch 38: acc=0.9050 macroF1=0.6934
[haux] evidence written -> /home/ubuntu/slocal/m2/experiments/transfer/haux_hand_count_oracle_002_haux_hand_count_oracle_seed123
