[haux] train clips=13 val clips=3 in_dim=2064 type=geom source=oracle with_tool=False classes=9 device=cuda
[haux] evidence dir: /home/ubuntu/slocal/m2/experiments/transfer/haux_hand_geom_oracle_003_haux_hand_geom_oracle_seed456
[haux][epoch 1/50] loss=3.6236 val_acc=0.4073 macroF1=0.1122 edit=18.79 segF1@50=0.10
[haux][epoch 2/50] loss=2.9150 val_acc=0.4759 macroF1=0.1469 edit=20.67 segF1@50=0.17
[haux][epoch 3/50] loss=2.7246 val_acc=0.5215 macroF1=0.1705 edit=23.33 segF1@50=0.17
[haux][epoch 4/50] loss=2.6542 val_acc=0.3677 macroF1=0.0768 edit=18.00 segF1@50=0.22
[haux][epoch 5/50] loss=2.4384 val_acc=0.6647 macroF1=0.2230 edit=37.00 segF1@50=0.17
[haux][epoch 6/50] loss=2.1987 val_acc=0.3855 macroF1=0.1093 edit=37.12 segF1@50=0.00
[haux][epoch 7/50] loss=2.3962 val_acc=0.3353 macroF1=0.0727 edit=27.67 segF1@50=0.00
[haux][epoch 8/50] loss=2.0787 val_acc=0.6442 macroF1=0.2189 edit=31.67 segF1@50=0.25
[haux][epoch 9/50] loss=1.8248 val_acc=0.4330 macroF1=0.1372 edit=30.25 segF1@50=0.00
[haux][epoch 10/50] loss=1.9613 val_acc=0.6106 macroF1=0.2108 edit=37.12 segF1@50=0.19
[haux][epoch 11/50] loss=1.6787 val_acc=0.6706 macroF1=0.2266 edit=46.67 segF1@50=0.24
[haux][epoch 12/50] loss=1.4479 val_acc=0.6112 macroF1=0.2086 edit=35.40 segF1@50=0.22
[haux][epoch 13/50] loss=1.3523 val_acc=0.5795 macroF1=0.2311 edit=44.44 segF1@50=0.19
[haux][epoch 14/50] loss=1.2885 val_acc=0.7261 macroF1=0.3804 edit=22.88 segF1@50=0.16
[haux][epoch 15/50] loss=1.1580 val_acc=0.7142 macroF1=0.3762 edit=37.31 segF1@50=0.25
[haux][epoch 16/50] loss=1.0942 val_acc=0.7472 macroF1=0.4060 edit=30.10 segF1@50=0.22
[haux][epoch 17/50] loss=1.0034 val_acc=0.7564 macroF1=0.4075 edit=39.33 segF1@50=0.26
[haux][epoch 18/50] loss=0.9585 val_acc=0.7102 macroF1=0.3912 edit=18.70 segF1@50=0.07
[haux][epoch 19/50] loss=0.9220 val_acc=0.8396 macroF1=0.5727 edit=28.89 segF1@50=0.31
[haux][epoch 20/50] loss=0.8456 val_acc=0.8007 macroF1=0.5329 edit=28.82 segF1@50=0.16
[haux][epoch 21/50] loss=0.8284 val_acc=0.8475 macroF1=0.6257 edit=26.98 segF1@50=0.17
[haux][epoch 22/50] loss=0.7688 val_acc=0.8693 macroF1=0.6260 edit=32.44 segF1@50=0.27
[haux][epoch 23/50] loss=0.7022 val_acc=0.8363 macroF1=0.6216 edit=26.14 segF1@50=0.13
[haux][epoch 24/50] loss=0.6919 val_acc=0.8884 macroF1=0.6421 edit=41.41 segF1@50=0.39
[haux][epoch 25/50] loss=0.7112 val_acc=0.8865 macroF1=0.6478 edit=42.22 segF1@50=0.41
[haux][epoch 26/50] loss=0.6956 val_acc=0.8627 macroF1=0.6432 edit=44.86 segF1@50=0.32
[haux][epoch 27/50] loss=0.6068 val_acc=0.8442 macroF1=0.6288 edit=36.59 segF1@50=0.34
[haux][epoch 28/50] loss=0.5845 val_acc=0.8389 macroF1=0.6476 edit=33.11 segF1@50=0.28
[haux][epoch 29/50] loss=0.5987 val_acc=0.8257 macroF1=0.5804 edit=31.95 segF1@50=0.30
[haux][epoch 30/50] loss=0.6381 val_acc=0.8528 macroF1=0.6345 edit=27.26 segF1@50=0.15
[haux][epoch 31/50] loss=0.6430 val_acc=0.8528 macroF1=0.6263 edit=30.32 segF1@50=0.15
[haux][epoch 32/50] loss=0.5540 val_acc=0.8330 macroF1=0.6216 edit=38.84 segF1@50=0.31
[haux][epoch 33/50] loss=0.5169 val_acc=0.8898 macroF1=0.6675 edit=36.17 segF1@50=0.28
[haux][epoch 34/50] loss=0.4957 val_acc=0.8911 macroF1=0.6630 edit=39.11 segF1@50=0.35
[haux][epoch 35/50] loss=0.4773 val_acc=0.8766 macroF1=0.6634 edit=30.51 segF1@50=0.28
[haux][epoch 36/50] loss=0.4615 val_acc=0.8792 macroF1=0.7066 edit=36.04 segF1@50=0.31
[haux][epoch 37/50] loss=0.4283 val_acc=0.8944 macroF1=0.6769 edit=37.57 segF1@50=0.30
[haux][epoch 38/50] loss=0.4104 val_acc=0.8845 macroF1=0.6657 edit=37.52 segF1@50=0.35
[haux][epoch 39/50] loss=0.4100 val_acc=0.9003 macroF1=0.7381 edit=40.89 segF1@50=0.37
[haux][epoch 40/50] loss=0.4021 val_acc=0.8964 macroF1=0.7067 edit=37.89 segF1@50=0.32
[haux][epoch 41/50] loss=0.3954 val_acc=0.8825 macroF1=0.6435 edit=31.85 segF1@50=0.33
[haux][epoch 42/50] loss=0.4218 val_acc=0.9056 macroF1=0.7367 edit=39.28 segF1@50=0.37
[haux][epoch 43/50] loss=0.4213 val_acc=0.9010 macroF1=0.7046 edit=39.87 segF1@50=0.33
[haux][epoch 44/50] loss=0.3976 val_acc=0.8884 macroF1=0.6741 edit=37.68 segF1@50=0.34
[haux][epoch 45/50] loss=0.3588 val_acc=0.9122 macroF1=0.7530 edit=38.62 segF1@50=0.36
[haux][epoch 46/50] loss=0.3538 val_acc=0.8931 macroF1=0.6930 edit=40.44 segF1@50=0.38
[haux][epoch 47/50] loss=0.3498 val_acc=0.8891 macroF1=0.7045 edit=31.79 segF1@50=0.31
[haux][epoch 48/50] loss=0.4219 val_acc=0.8871 macroF1=0.7225 edit=39.34 segF1@50=0.35
[haux][epoch 49/50] loss=0.4451 val_acc=0.8911 macroF1=0.6532 edit=31.39 segF1@50=0.28
[haux][epoch 50/50] loss=0.3751 val_acc=0.9050 macroF1=0.7278 edit=45.17 segF1@50=0.46
[haux] best @epoch 45: acc=0.9122 macroF1=0.7530
[haux] evidence written -> /home/ubuntu/slocal/m2/experiments/transfer/haux_hand_geom_oracle_003_haux_hand_geom_oracle_seed456
