[haux] train clips=13 val clips=3 in_dim=2064 type=geom source=oracle with_tool=False classes=9 device=cuda
[haux] evidence dir: /home/ubuntu/slocal/m2/experiments/transfer/haux_hand_geom_oracle_001_haux_hand_geom_oracle_seed42
[haux][epoch 1/50] loss=3.4964 val_acc=0.3459 macroF1=0.0976 edit=27.67 segF1@50=0.33
[haux][epoch 2/50] loss=2.8383 val_acc=0.5089 macroF1=0.1653 edit=29.70 segF1@50=0.17
[haux][epoch 3/50] loss=2.7263 val_acc=0.3677 macroF1=0.0768 edit=18.00 segF1@50=0.22
[haux][epoch 4/50] loss=2.5464 val_acc=0.4891 macroF1=0.1568 edit=22.63 segF1@50=0.17
[haux][epoch 5/50] loss=2.5943 val_acc=0.3941 macroF1=0.0999 edit=32.68 segF1@50=0.22
[haux][epoch 6/50] loss=2.3213 val_acc=0.6706 macroF1=0.2264 edit=29.89 segF1@50=0.08
[haux][epoch 7/50] loss=2.0166 val_acc=0.4653 macroF1=0.1546 edit=26.71 segF1@50=0.02
[haux][epoch 8/50] loss=1.7481 val_acc=0.4330 macroF1=0.1378 edit=22.48 segF1@50=0.00
[haux][epoch 9/50] loss=1.6362 val_acc=0.5267 macroF1=0.1808 edit=38.33 segF1@50=0.19
[haux][epoch 10/50] loss=1.6045 val_acc=0.6548 macroF1=0.2215 edit=26.71 segF1@50=0.14
[haux][epoch 11/50] loss=1.5067 val_acc=0.6528 macroF1=0.2239 edit=37.00 segF1@50=0.20
[haux][epoch 12/50] loss=1.3526 val_acc=0.6000 macroF1=0.2616 edit=35.81 segF1@50=0.20
[haux][epoch 13/50] loss=1.3000 val_acc=0.6013 macroF1=0.2748 edit=29.19 segF1@50=0.17
[haux][epoch 14/50] loss=1.1764 val_acc=0.7353 macroF1=0.3862 edit=43.09 segF1@50=0.31
[haux][epoch 15/50] loss=1.1500 val_acc=0.7373 macroF1=0.3744 edit=41.40 segF1@50=0.32
[haux][epoch 16/50] loss=1.1157 val_acc=0.7828 macroF1=0.4077 edit=34.69 segF1@50=0.23
[haux][epoch 17/50] loss=1.0032 val_acc=0.7815 macroF1=0.4480 edit=26.41 segF1@50=0.18
[haux][epoch 18/50] loss=0.9591 val_acc=0.8046 macroF1=0.5473 edit=36.13 segF1@50=0.26
[haux][epoch 19/50] loss=0.9116 val_acc=0.8581 macroF1=0.6171 edit=32.61 segF1@50=0.29
[haux][epoch 20/50] loss=0.8649 val_acc=0.8832 macroF1=0.6469 edit=35.84 segF1@50=0.33
[haux][epoch 21/50] loss=0.8038 val_acc=0.8548 macroF1=0.6583 edit=32.27 segF1@50=0.21
[haux][epoch 22/50] loss=0.7630 val_acc=0.8145 macroF1=0.5856 edit=22.50 segF1@50=0.10
[haux][epoch 23/50] loss=0.7440 val_acc=0.8686 macroF1=0.6545 edit=32.89 segF1@50=0.31
[haux][epoch 24/50] loss=0.6953 val_acc=0.8673 macroF1=0.6395 edit=33.70 segF1@50=0.30
[haux][epoch 25/50] loss=0.6655 val_acc=0.8409 macroF1=0.5990 edit=26.44 segF1@50=0.21
[haux][epoch 26/50] loss=0.6001 val_acc=0.8779 macroF1=0.6516 edit=30.43 segF1@50=0.25
[haux][epoch 27/50] loss=0.5766 val_acc=0.8601 macroF1=0.6339 edit=32.33 segF1@50=0.24
[haux][epoch 28/50] loss=0.5547 val_acc=0.8396 macroF1=0.6229 edit=32.84 segF1@50=0.23
[haux][epoch 29/50] loss=0.5395 val_acc=0.8977 macroF1=0.6798 edit=41.51 segF1@50=0.40
[haux][epoch 30/50] loss=0.5146 val_acc=0.8713 macroF1=0.6491 edit=42.76 segF1@50=0.32
[haux][epoch 31/50] loss=0.4916 val_acc=0.8851 macroF1=0.6864 edit=35.67 segF1@50=0.27
[haux][epoch 32/50] loss=0.5734 val_acc=0.8772 macroF1=0.6643 edit=31.06 segF1@50=0.25
[haux][epoch 33/50] loss=0.5238 val_acc=0.8997 macroF1=0.7402 edit=37.57 segF1@50=0.34
[haux][epoch 34/50] loss=0.4967 val_acc=0.9017 macroF1=0.6932 edit=39.87 segF1@50=0.31
[haux][epoch 35/50] loss=0.4569 val_acc=0.8898 macroF1=0.6606 edit=29.37 segF1@50=0.26
[haux][epoch 36/50] loss=0.4272 val_acc=0.8812 macroF1=0.7080 edit=42.84 segF1@50=0.36
[haux][epoch 37/50] loss=0.4177 val_acc=0.8970 macroF1=0.6637 edit=35.87 segF1@50=0.34
[haux][epoch 38/50] loss=0.4070 val_acc=0.8937 macroF1=0.6850 edit=35.97 segF1@50=0.32
[haux][epoch 39/50] loss=0.3997 val_acc=0.9056 macroF1=0.7084 edit=36.02 segF1@50=0.28
[haux][epoch 40/50] loss=0.3906 val_acc=0.8898 macroF1=0.7218 edit=28.45 segF1@50=0.28
[haux][epoch 41/50] loss=0.4150 val_acc=0.8917 macroF1=0.6755 edit=37.11 segF1@50=0.31
[haux][epoch 42/50] loss=0.4387 val_acc=0.8746 macroF1=0.6926 edit=42.51 segF1@50=0.32
[haux][epoch 43/50] loss=0.3827 val_acc=0.8482 macroF1=0.6970 edit=29.67 segF1@50=0.23
[haux][epoch 44/50] loss=0.4227 val_acc=0.7974 macroF1=0.6194 edit=24.06 segF1@50=0.14
[haux][epoch 45/50] loss=0.4270 val_acc=0.8818 macroF1=0.7173 edit=33.81 segF1@50=0.29
[haux][epoch 46/50] loss=0.4755 val_acc=0.8944 macroF1=0.6639 edit=34.23 segF1@50=0.35
[haux][epoch 47/50] loss=0.4459 val_acc=0.8482 macroF1=0.6939 edit=32.61 segF1@50=0.32
[haux][epoch 48/50] loss=0.4830 val_acc=0.8304 macroF1=0.6227 edit=23.09 segF1@50=0.28
[haux][epoch 49/50] loss=0.6541 val_acc=0.7947 macroF1=0.5639 edit=36.36 segF1@50=0.30
[haux][epoch 50/50] loss=0.5140 val_acc=0.8653 macroF1=0.6561 edit=40.56 segF1@50=0.31
[haux] best @epoch 39: acc=0.9056 macroF1=0.7084
[haux] evidence written -> /home/ubuntu/slocal/m2/experiments/transfer/haux_hand_geom_oracle_001_haux_hand_geom_oracle_seed42
