[haux] train clips=13 val clips=3 in_dim=2064 type=geom source=oracle with_tool=False classes=9 device=cuda
[haux] evidence dir: /home/ubuntu/slocal/m2/experiments/transfer/haux_hand_geom_oracle_002_haux_hand_geom_oracle_seed123
[haux][epoch 1/50] loss=3.6657 val_acc=0.3281 macroF1=0.0736 edit=20.85 segF1@50=0.00
[haux][epoch 2/50] loss=3.0761 val_acc=0.3677 macroF1=0.0768 edit=18.00 segF1@50=0.22
[haux][epoch 3/50] loss=2.7866 val_acc=0.3366 macroF1=0.0740 edit=27.67 segF1@50=0.00
[haux][epoch 4/50] loss=2.6692 val_acc=0.4007 macroF1=0.1124 edit=32.67 segF1@50=0.17
[haux][epoch 5/50] loss=2.5438 val_acc=0.4389 macroF1=0.1293 edit=32.67 segF1@50=0.17
[haux][epoch 6/50] loss=2.3080 val_acc=0.6601 macroF1=0.2223 edit=27.33 segF1@50=0.11
[haux][epoch 7/50] loss=2.0848 val_acc=0.4614 macroF1=0.1520 edit=32.67 segF1@50=0.02
[haux][epoch 8/50] loss=1.7898 val_acc=0.5109 macroF1=0.1746 edit=29.89 segF1@50=0.11
[haux][epoch 9/50] loss=1.6052 val_acc=0.6535 macroF1=0.2187 edit=41.00 segF1@50=0.22
[haux][epoch 10/50] loss=1.6733 val_acc=0.6739 macroF1=0.2391 edit=39.67 segF1@50=0.24
[haux][epoch 11/50] loss=1.5441 val_acc=0.5914 macroF1=0.2616 edit=52.50 segF1@50=0.19
[haux][epoch 12/50] loss=1.3747 val_acc=0.6620 macroF1=0.3191 edit=33.91 segF1@50=0.22
[haux][epoch 13/50] loss=1.2202 val_acc=0.7083 macroF1=0.3822 edit=29.20 segF1@50=0.23
[haux][epoch 14/50] loss=1.1253 val_acc=0.7419 macroF1=0.4000 edit=27.93 segF1@50=0.18
[haux][epoch 15/50] loss=1.0790 val_acc=0.7545 macroF1=0.4386 edit=29.00 segF1@50=0.21
[haux][epoch 16/50] loss=1.0051 val_acc=0.7531 macroF1=0.4419 edit=37.92 segF1@50=0.24
[haux][epoch 17/50] loss=0.9584 val_acc=0.6700 macroF1=0.4155 edit=22.66 segF1@50=0.07
[haux][epoch 18/50] loss=1.0414 val_acc=0.7248 macroF1=0.4287 edit=24.74 segF1@50=0.10
[haux][epoch 19/50] loss=0.9505 val_acc=0.8053 macroF1=0.5449 edit=34.72 segF1@50=0.30
[haux][epoch 20/50] loss=0.8819 val_acc=0.8158 macroF1=0.5706 edit=31.18 segF1@50=0.25
[haux][epoch 21/50] loss=0.8153 val_acc=0.8495 macroF1=0.6192 edit=35.28 segF1@50=0.30
[haux][epoch 22/50] loss=0.8094 val_acc=0.7822 macroF1=0.5543 edit=24.64 segF1@50=0.12
[haux][epoch 23/50] loss=0.8356 val_acc=0.8772 macroF1=0.6495 edit=30.59 segF1@50=0.26
[haux][epoch 24/50] loss=0.7710 val_acc=0.8766 macroF1=0.6351 edit=35.85 segF1@50=0.35
[haux][epoch 25/50] loss=0.7217 val_acc=0.8924 macroF1=0.6673 edit=35.50 segF1@50=0.37
[haux][epoch 26/50] loss=0.6590 val_acc=0.8653 macroF1=0.6444 edit=25.62 segF1@50=0.16
[haux][epoch 27/50] loss=0.6342 val_acc=0.8950 macroF1=0.6668 edit=41.11 segF1@50=0.38
[haux][epoch 28/50] loss=0.6751 val_acc=0.8799 macroF1=0.6417 edit=39.46 segF1@50=0.37
[haux][epoch 29/50] loss=0.6131 val_acc=0.8739 macroF1=0.6696 edit=28.46 segF1@50=0.16
[haux][epoch 30/50] loss=0.5936 val_acc=0.8363 macroF1=0.6503 edit=41.10 segF1@50=0.32
[haux][epoch 31/50] loss=0.5612 val_acc=0.8277 macroF1=0.6278 edit=38.51 segF1@50=0.30
[haux][epoch 32/50] loss=0.5056 val_acc=0.8581 macroF1=0.6651 edit=27.40 segF1@50=0.22
[haux][epoch 33/50] loss=0.4980 val_acc=0.9030 macroF1=0.7286 edit=37.70 segF1@50=0.33
[haux][epoch 34/50] loss=0.5063 val_acc=0.8911 macroF1=0.6609 edit=39.44 segF1@50=0.34
[haux][epoch 35/50] loss=0.4898 val_acc=0.8739 macroF1=0.7080 edit=39.03 segF1@50=0.35
[haux][epoch 36/50] loss=0.4624 val_acc=0.8403 macroF1=0.6558 edit=45.79 segF1@50=0.34
[haux][epoch 37/50] loss=0.4477 val_acc=0.9036 macroF1=0.7314 edit=38.49 segF1@50=0.35
[haux][epoch 38/50] loss=0.4437 val_acc=0.8983 macroF1=0.6896 edit=39.38 segF1@50=0.38
[haux][epoch 39/50] loss=0.4585 val_acc=0.8733 macroF1=0.7215 edit=33.54 segF1@50=0.34
[haux][epoch 40/50] loss=0.4817 val_acc=0.8878 macroF1=0.6470 edit=36.24 segF1@50=0.30
[haux][epoch 41/50] loss=0.5885 val_acc=0.8680 macroF1=0.7048 edit=33.53 segF1@50=0.30
[haux][epoch 42/50] loss=0.5016 val_acc=0.9102 macroF1=0.6940 edit=39.11 segF1@50=0.33
[haux][epoch 43/50] loss=0.4262 val_acc=0.9023 macroF1=0.7378 edit=38.44 segF1@50=0.35
[haux][epoch 44/50] loss=0.4091 val_acc=0.8766 macroF1=0.6663 edit=36.13 segF1@50=0.29
[haux][epoch 45/50] loss=0.3863 val_acc=0.9142 macroF1=0.7459 edit=39.33 segF1@50=0.36
[haux][epoch 46/50] loss=0.3710 val_acc=0.8871 macroF1=0.7179 edit=36.36 segF1@50=0.35
[haux][epoch 47/50] loss=0.3623 val_acc=0.9056 macroF1=0.7274 edit=37.78 segF1@50=0.37
[haux][epoch 48/50] loss=0.3467 val_acc=0.9109 macroF1=0.7386 edit=38.27 segF1@50=0.35
[haux][epoch 49/50] loss=0.3339 val_acc=0.9003 macroF1=0.7347 edit=34.33 segF1@50=0.36
[haux][epoch 50/50] loss=0.3311 val_acc=0.9135 macroF1=0.7351 edit=39.03 segF1@50=0.37
[haux] best @epoch 45: acc=0.9142 macroF1=0.7459
[haux] evidence written -> /home/ubuntu/slocal/m2/experiments/transfer/haux_hand_geom_oracle_002_haux_hand_geom_oracle_seed123
