[haux] train clips=13 val clips=3 in_dim=2064 type=own_other source=oracle with_tool=False classes=9 device=cuda
[haux] evidence dir: /home/ubuntu/slocal/m2/experiments/transfer/haux_hand_own_other_oracle_001_haux_hand_own_other_oracle_seed42
[haux][epoch 1/50] loss=3.6050 val_acc=0.3366 macroF1=0.0761 edit=18.10 segF1@50=0.00
[haux][epoch 2/50] loss=2.8777 val_acc=0.4290 macroF1=0.1402 edit=13.86 segF1@50=0.01
[haux][epoch 3/50] loss=2.7276 val_acc=0.3399 macroF1=0.0752 edit=17.33 segF1@50=0.00
[haux][epoch 4/50] loss=2.5655 val_acc=0.4330 macroF1=0.1336 edit=17.65 segF1@50=0.02
[haux][epoch 5/50] loss=2.6077 val_acc=0.3670 macroF1=0.0794 edit=11.33 segF1@50=0.17
[haux][epoch 6/50] loss=2.3334 val_acc=0.6594 macroF1=0.2232 edit=20.04 segF1@50=0.00
[haux][epoch 7/50] loss=2.0244 val_acc=0.5584 macroF1=0.1934 edit=28.04 segF1@50=0.01
[haux][epoch 8/50] loss=1.8168 val_acc=0.4515 macroF1=0.1476 edit=26.56 segF1@50=0.01
[haux][epoch 9/50] loss=1.6654 val_acc=0.5901 macroF1=0.2040 edit=33.55 segF1@50=0.16
[haux][epoch 10/50] loss=1.6428 val_acc=0.6508 macroF1=0.2225 edit=41.00 segF1@50=0.20
[haux][epoch 11/50] loss=1.5285 val_acc=0.5696 macroF1=0.1972 edit=27.50 segF1@50=0.11
[haux][epoch 12/50] loss=1.3682 val_acc=0.6224 macroF1=0.2446 edit=36.03 segF1@50=0.13
[haux][epoch 13/50] loss=1.3017 val_acc=0.6587 macroF1=0.3703 edit=31.52 segF1@50=0.13
[haux][epoch 14/50] loss=1.2809 val_acc=0.6152 macroF1=0.3197 edit=29.55 segF1@50=0.16
[haux][epoch 15/50] loss=1.1991 val_acc=0.7426 macroF1=0.3751 edit=31.62 segF1@50=0.33
[haux][epoch 16/50] loss=1.1450 val_acc=0.7538 macroF1=0.3962 edit=21.50 segF1@50=0.08
[haux][epoch 17/50] loss=0.9977 val_acc=0.8165 macroF1=0.4694 edit=32.81 segF1@50=0.26
[haux][epoch 18/50] loss=0.9393 val_acc=0.8436 macroF1=0.5931 edit=21.66 segF1@50=0.12
[haux][epoch 19/50] loss=0.9620 val_acc=0.7129 macroF1=0.5678 edit=16.32 segF1@50=0.13
[haux][epoch 20/50] loss=1.0270 val_acc=0.7122 macroF1=0.4601 edit=16.75 segF1@50=0.05
[haux][epoch 21/50] loss=0.9627 val_acc=0.8667 macroF1=0.6347 edit=14.83 segF1@50=0.28
[haux][epoch 22/50] loss=0.8133 val_acc=0.8231 macroF1=0.6254 edit=27.24 segF1@50=0.21
[haux][epoch 23/50] loss=0.7834 val_acc=0.8231 macroF1=0.5741 edit=37.60 segF1@50=0.34
[haux][epoch 24/50] loss=0.7604 val_acc=0.8693 macroF1=0.6792 edit=27.31 segF1@50=0.15
[haux][epoch 25/50] loss=0.7264 val_acc=0.8475 macroF1=0.6161 edit=38.76 segF1@50=0.33
[haux][epoch 26/50] loss=0.7604 val_acc=0.8614 macroF1=0.6263 edit=30.21 segF1@50=0.27
[haux][epoch 27/50] loss=0.7256 val_acc=0.8706 macroF1=0.6349 edit=34.89 segF1@50=0.29
[haux][epoch 28/50] loss=0.6229 val_acc=0.8627 macroF1=0.6282 edit=38.71 segF1@50=0.30
[haux][epoch 29/50] loss=0.5845 val_acc=0.8766 macroF1=0.6624 edit=37.29 segF1@50=0.29
[haux][epoch 30/50] loss=0.5456 val_acc=0.8541 macroF1=0.6515 edit=29.99 segF1@50=0.25
[haux][epoch 31/50] loss=0.5192 val_acc=0.8950 macroF1=0.6831 edit=37.29 segF1@50=0.30
[haux][epoch 32/50] loss=0.4947 val_acc=0.8693 macroF1=0.6521 edit=35.62 segF1@50=0.29
[haux][epoch 33/50] loss=0.4789 val_acc=0.8917 macroF1=0.7092 edit=36.56 segF1@50=0.33
[haux][epoch 34/50] loss=0.4671 val_acc=0.8904 macroF1=0.6753 edit=36.37 segF1@50=0.33
[haux][epoch 35/50] loss=0.4552 val_acc=0.8752 macroF1=0.6431 edit=36.24 segF1@50=0.32
[haux][epoch 36/50] loss=0.4426 val_acc=0.8878 macroF1=0.6893 edit=31.82 segF1@50=0.29
[haux][epoch 37/50] loss=0.4386 val_acc=0.8997 macroF1=0.7189 edit=43.33 segF1@50=0.42
[haux][epoch 38/50] loss=0.5124 val_acc=0.9010 macroF1=0.6715 edit=39.49 segF1@50=0.44
[haux][epoch 39/50] loss=0.6174 val_acc=0.8231 macroF1=0.5738 edit=32.96 segF1@50=0.29
[haux][epoch 40/50] loss=0.4811 val_acc=0.8719 macroF1=0.6762 edit=41.03 segF1@50=0.40
[haux][epoch 41/50] loss=0.5200 val_acc=0.8647 macroF1=0.6170 edit=37.70 segF1@50=0.40
[haux][epoch 42/50] loss=0.4777 val_acc=0.8449 macroF1=0.6932 edit=41.76 segF1@50=0.35
[haux][epoch 43/50] loss=0.4362 val_acc=0.8416 macroF1=0.6540 edit=28.70 segF1@50=0.25
[haux][epoch 44/50] loss=0.4237 val_acc=0.8851 macroF1=0.7014 edit=36.44 segF1@50=0.33
[haux][epoch 45/50] loss=0.3874 val_acc=0.8997 macroF1=0.7147 edit=36.03 segF1@50=0.32
[haux][epoch 46/50] loss=0.3631 val_acc=0.8904 macroF1=0.7131 edit=39.11 segF1@50=0.34
[haux][epoch 47/50] loss=0.3493 val_acc=0.8871 macroF1=0.6796 edit=38.43 segF1@50=0.32
[haux][epoch 48/50] loss=0.3598 val_acc=0.8950 macroF1=0.7165 edit=39.01 segF1@50=0.33
[haux][epoch 49/50] loss=0.3502 val_acc=0.8733 macroF1=0.6588 edit=35.84 segF1@50=0.31
[haux][epoch 50/50] loss=0.3864 val_acc=0.8772 macroF1=0.6951 edit=39.28 segF1@50=0.30
[haux] best @epoch 38: acc=0.9010 macroF1=0.6715
[haux] evidence written -> /home/ubuntu/slocal/m2/experiments/transfer/haux_hand_own_other_oracle_001_haux_hand_own_other_oracle_seed42
