[haux] train clips=13 val clips=3 in_dim=2064 type=own_other source=oracle with_tool=False classes=9 device=cuda
[haux] evidence dir: /home/ubuntu/slocal/m2/experiments/transfer/haux_hand_own_other_oracle_003_haux_hand_own_other_oracle_seed456
[haux][epoch 1/50] loss=3.5075 val_acc=0.3677 macroF1=0.0768 edit=18.00 segF1@50=0.22
[haux][epoch 2/50] loss=2.8650 val_acc=0.3340 macroF1=0.0715 edit=9.67 segF1@50=0.00
[haux][epoch 3/50] loss=2.7148 val_acc=0.2376 macroF1=0.0549 edit=3.00 segF1@50=0.00
[haux][epoch 4/50] loss=2.6625 val_acc=0.3677 macroF1=0.0768 edit=18.00 segF1@50=0.22
[haux][epoch 5/50] loss=2.4463 val_acc=0.6317 macroF1=0.2152 edit=24.78 segF1@50=0.00
[haux][epoch 6/50] loss=2.2381 val_acc=0.4033 macroF1=0.1208 edit=26.85 segF1@50=0.00
[haux][epoch 7/50] loss=2.3719 val_acc=0.3340 macroF1=0.0715 edit=9.67 segF1@50=0.00
[haux][epoch 8/50] loss=2.0370 val_acc=0.6422 macroF1=0.2156 edit=33.03 segF1@50=0.27
[haux][epoch 9/50] loss=1.7395 val_acc=0.4304 macroF1=0.1364 edit=35.44 segF1@50=0.01
[haux][epoch 10/50] loss=2.0822 val_acc=0.5446 macroF1=0.1883 edit=23.80 segF1@50=0.04
[haux][epoch 11/50] loss=1.8055 val_acc=0.6838 macroF1=0.2327 edit=34.11 segF1@50=0.12
[haux][epoch 12/50] loss=1.5409 val_acc=0.6198 macroF1=0.2364 edit=39.49 segF1@50=0.15
[haux][epoch 13/50] loss=1.3539 val_acc=0.7182 macroF1=0.3743 edit=27.27 segF1@50=0.21
[haux][epoch 14/50] loss=1.2412 val_acc=0.7690 macroF1=0.4022 edit=47.10 segF1@50=0.32
[haux][epoch 15/50] loss=1.1816 val_acc=0.7426 macroF1=0.3950 edit=28.89 segF1@50=0.18
[haux][epoch 16/50] loss=1.0932 val_acc=0.7723 macroF1=0.4451 edit=28.79 segF1@50=0.25
[haux][epoch 17/50] loss=1.0153 val_acc=0.7795 macroF1=0.4409 edit=30.59 segF1@50=0.24
[haux][epoch 18/50] loss=0.9889 val_acc=0.7366 macroF1=0.4157 edit=22.41 segF1@50=0.09
[haux][epoch 19/50] loss=0.9274 val_acc=0.8139 macroF1=0.5126 edit=27.60 segF1@50=0.20
[haux][epoch 20/50] loss=0.9245 val_acc=0.8132 macroF1=0.5504 edit=27.04 segF1@50=0.17
[haux][epoch 21/50] loss=0.9038 val_acc=0.8561 macroF1=0.6286 edit=31.18 segF1@50=0.28
[haux][epoch 22/50] loss=0.8215 val_acc=0.7947 macroF1=0.5242 edit=24.84 segF1@50=0.09
[haux][epoch 23/50] loss=0.7752 val_acc=0.8554 macroF1=0.6471 edit=31.09 segF1@50=0.26
[haux][epoch 24/50] loss=0.7094 val_acc=0.8535 macroF1=0.6040 edit=30.07 segF1@50=0.31
[haux][epoch 25/50] loss=0.6733 val_acc=0.8766 macroF1=0.6430 edit=45.00 segF1@50=0.44
[haux][epoch 26/50] loss=0.6509 val_acc=0.8673 macroF1=0.6345 edit=38.11 segF1@50=0.33
[haux][epoch 27/50] loss=0.6140 val_acc=0.8607 macroF1=0.6403 edit=36.67 segF1@50=0.30
[haux][epoch 28/50] loss=0.6120 val_acc=0.8799 macroF1=0.6604 edit=34.92 segF1@50=0.27
[haux][epoch 29/50] loss=0.6854 val_acc=0.8277 macroF1=0.5833 edit=33.70 segF1@50=0.29
[haux][epoch 30/50] loss=0.7313 val_acc=0.8548 macroF1=0.6309 edit=33.74 segF1@50=0.20
[haux][epoch 31/50] loss=0.6379 val_acc=0.8614 macroF1=0.6367 edit=34.22 segF1@50=0.27
[haux][epoch 32/50] loss=0.5647 val_acc=0.8983 macroF1=0.7016 edit=34.39 segF1@50=0.30
[haux][epoch 33/50] loss=0.5480 val_acc=0.8125 macroF1=0.6105 edit=28.49 segF1@50=0.18
[haux][epoch 34/50] loss=0.5478 val_acc=0.8601 macroF1=0.6405 edit=34.80 segF1@50=0.22
[haux][epoch 35/50] loss=0.5066 val_acc=0.8970 macroF1=0.6892 edit=35.95 segF1@50=0.28
[haux][epoch 36/50] loss=0.4868 val_acc=0.8726 macroF1=0.6536 edit=39.84 segF1@50=0.32
[haux][epoch 37/50] loss=0.4971 val_acc=0.8713 macroF1=0.6998 edit=35.36 segF1@50=0.31
[haux][epoch 38/50] loss=0.4803 val_acc=0.8620 macroF1=0.6251 edit=35.64 segF1@50=0.37
[haux][epoch 39/50] loss=0.5417 val_acc=0.8673 macroF1=0.6611 edit=40.37 segF1@50=0.39
[haux][epoch 40/50] loss=0.4883 val_acc=0.7927 macroF1=0.5807 edit=39.50 segF1@50=0.32
[haux][epoch 41/50] loss=0.4936 val_acc=0.8911 macroF1=0.6877 edit=44.18 segF1@50=0.41
[haux][epoch 42/50] loss=0.5066 val_acc=0.8944 macroF1=0.7148 edit=46.67 segF1@50=0.43
[haux][epoch 43/50] loss=0.4265 val_acc=0.8455 macroF1=0.6427 edit=40.18 segF1@50=0.31
[haux][epoch 44/50] loss=0.4097 val_acc=0.8799 macroF1=0.6677 edit=38.44 segF1@50=0.29
[haux][epoch 45/50] loss=0.3948 val_acc=0.8713 macroF1=0.6823 edit=44.18 segF1@50=0.37
[haux][epoch 46/50] loss=0.3786 val_acc=0.8825 macroF1=0.6832 edit=38.29 segF1@50=0.33
[haux][epoch 47/50] loss=0.3668 val_acc=0.8931 macroF1=0.7103 edit=41.74 segF1@50=0.34
[haux][epoch 48/50] loss=0.3593 val_acc=0.8792 macroF1=0.6740 edit=38.62 segF1@50=0.33
[haux][epoch 49/50] loss=0.3618 val_acc=0.8693 macroF1=0.6775 edit=37.49 segF1@50=0.34
[haux][epoch 50/50] loss=0.3562 val_acc=0.8891 macroF1=0.6824 edit=40.89 segF1@50=0.33
[haux] best @epoch 32: acc=0.8983 macroF1=0.7016
[haux] evidence written -> /home/ubuntu/slocal/m2/experiments/transfer/haux_hand_own_other_oracle_003_haux_hand_own_other_oracle_seed456
