[haux] train clips=13 val clips=3 in_dim=2064 type=own_other source=oracle with_tool=False classes=9 device=cuda
[haux] evidence dir: /home/ubuntu/slocal/m2/experiments/transfer/haux_hand_own_other_oracle_002_haux_hand_own_other_oracle_seed123
[haux][epoch 1/50] loss=3.5242 val_acc=0.4653 macroF1=0.1520 edit=10.67 segF1@50=0.00
[haux][epoch 2/50] loss=3.0256 val_acc=0.3677 macroF1=0.0768 edit=18.00 segF1@50=0.22
[haux][epoch 3/50] loss=2.7579 val_acc=0.3340 macroF1=0.0715 edit=9.67 segF1@50=0.00
[haux][epoch 4/50] loss=2.6407 val_acc=0.3835 macroF1=0.1032 edit=31.33 segF1@50=0.13
[haux][epoch 5/50] loss=2.4916 val_acc=0.3974 macroF1=0.1055 edit=30.00 segF1@50=0.22
[haux][epoch 6/50] loss=2.2393 val_acc=0.6614 macroF1=0.2228 edit=35.67 segF1@50=0.22
[haux][epoch 7/50] loss=2.1589 val_acc=0.4172 macroF1=0.1290 edit=17.42 segF1@50=0.00
[haux][epoch 8/50] loss=2.1022 val_acc=0.6739 macroF1=0.2280 edit=41.00 segF1@50=0.22
[haux][epoch 9/50] loss=1.8116 val_acc=0.6733 macroF1=0.2277 edit=41.00 segF1@50=0.22
[haux][epoch 10/50] loss=1.7323 val_acc=0.5901 macroF1=0.2047 edit=24.86 segF1@50=0.01
[haux][epoch 11/50] loss=1.5218 val_acc=0.6535 macroF1=0.2242 edit=45.33 segF1@50=0.21
[haux][epoch 12/50] loss=1.4309 val_acc=0.5987 macroF1=0.2076 edit=37.13 segF1@50=0.11
[haux][epoch 13/50] loss=1.3825 val_acc=0.7399 macroF1=0.3817 edit=33.65 segF1@50=0.18
[haux][epoch 14/50] loss=1.2933 val_acc=0.6554 macroF1=0.2812 edit=26.69 segF1@50=0.17
[haux][epoch 15/50] loss=1.2370 val_acc=0.7043 macroF1=0.3586 edit=25.12 segF1@50=0.16
[haux][epoch 16/50] loss=1.1186 val_acc=0.7129 macroF1=0.3601 edit=28.15 segF1@50=0.15
[haux][epoch 17/50] loss=1.0809 val_acc=0.7683 macroF1=0.4173 edit=26.86 segF1@50=0.16
[haux][epoch 18/50] loss=0.9857 val_acc=0.7789 macroF1=0.4343 edit=24.00 segF1@50=0.22
[haux][epoch 19/50] loss=0.9338 val_acc=0.8059 macroF1=0.4626 edit=30.56 segF1@50=0.28
[haux][epoch 20/50] loss=0.8837 val_acc=0.8132 macroF1=0.5008 edit=26.92 segF1@50=0.21
[haux][epoch 21/50] loss=0.8320 val_acc=0.8205 macroF1=0.5448 edit=28.39 segF1@50=0.21
[haux][epoch 22/50] loss=0.8483 val_acc=0.8264 macroF1=0.5858 edit=29.51 segF1@50=0.27
[haux][epoch 23/50] loss=0.7756 val_acc=0.8257 macroF1=0.5960 edit=28.04 segF1@50=0.15
[haux][epoch 24/50] loss=0.7606 val_acc=0.8125 macroF1=0.5645 edit=22.59 segF1@50=0.15
[haux][epoch 25/50] loss=0.7343 val_acc=0.8917 macroF1=0.6544 edit=41.26 segF1@50=0.37
[haux][epoch 26/50] loss=0.6858 val_acc=0.8937 macroF1=0.6675 edit=34.08 segF1@50=0.29
[haux][epoch 27/50] loss=0.6915 val_acc=0.8640 macroF1=0.6092 edit=31.82 segF1@50=0.29
[haux][epoch 28/50] loss=0.7501 val_acc=0.8865 macroF1=0.6353 edit=38.44 segF1@50=0.43
[haux][epoch 29/50] loss=0.6746 val_acc=0.8350 macroF1=0.6018 edit=37.92 segF1@50=0.39
[haux][epoch 30/50] loss=0.8742 val_acc=0.7901 macroF1=0.4443 edit=31.41 segF1@50=0.21
[haux][epoch 31/50] loss=0.8081 val_acc=0.8931 macroF1=0.6597 edit=36.61 segF1@50=0.30
[haux][epoch 32/50] loss=0.6649 val_acc=0.8713 macroF1=0.6395 edit=36.81 segF1@50=0.29
[haux][epoch 33/50] loss=0.6175 val_acc=0.8818 macroF1=0.6508 edit=33.89 segF1@50=0.30
[haux][epoch 34/50] loss=0.5592 val_acc=0.8667 macroF1=0.6556 edit=32.25 segF1@50=0.26
[haux][epoch 35/50] loss=0.5247 val_acc=0.8818 macroF1=0.6634 edit=35.03 segF1@50=0.30
[haux][epoch 36/50] loss=0.4871 val_acc=0.8607 macroF1=0.6495 edit=31.11 segF1@50=0.26
[haux][epoch 37/50] loss=0.4798 val_acc=0.8878 macroF1=0.6723 edit=34.54 segF1@50=0.31
[haux][epoch 38/50] loss=0.4660 val_acc=0.8706 macroF1=0.6497 edit=36.67 segF1@50=0.34
[haux][epoch 39/50] loss=0.4597 val_acc=0.8812 macroF1=0.6828 edit=38.14 segF1@50=0.32
[haux][epoch 40/50] loss=0.4589 val_acc=0.8911 macroF1=0.6556 edit=35.03 segF1@50=0.32
[haux][epoch 41/50] loss=0.4481 val_acc=0.8356 macroF1=0.6350 edit=39.92 segF1@50=0.32
[haux][epoch 42/50] loss=0.4232 val_acc=0.8680 macroF1=0.6492 edit=34.01 segF1@50=0.29
[haux][epoch 43/50] loss=0.4002 val_acc=0.8878 macroF1=0.6859 edit=38.29 segF1@50=0.32
[haux][epoch 44/50] loss=0.3886 val_acc=0.8752 macroF1=0.6794 edit=31.79 segF1@50=0.26
[haux][epoch 45/50] loss=0.3782 val_acc=0.8772 macroF1=0.6623 edit=35.11 segF1@50=0.32
[haux][epoch 46/50] loss=0.3668 val_acc=0.8865 macroF1=0.6913 edit=39.34 segF1@50=0.31
[haux][epoch 47/50] loss=0.3590 val_acc=0.8898 macroF1=0.6919 edit=36.50 segF1@50=0.32
[haux][epoch 48/50] loss=0.3502 val_acc=0.8865 macroF1=0.6902 edit=38.14 segF1@50=0.32
[haux][epoch 49/50] loss=0.3432 val_acc=0.8904 macroF1=0.7000 edit=40.34 segF1@50=0.32
[haux][epoch 50/50] loss=0.3368 val_acc=0.8977 macroF1=0.7088 edit=39.47 segF1@50=0.32
[haux] best @epoch 50: acc=0.8977 macroF1=0.7088
[haux] evidence written -> /home/ubuntu/slocal/m2/experiments/transfer/haux_hand_own_other_oracle_002_haux_hand_own_other_oracle_seed123
