[haux] train clips=13 val clips=3 in_dim=2067 type=presence source=oracle with_tool=True classes=9 device=cuda
[haux] evidence dir: /home/ubuntu/slocal/m2/experiments/transfer/haux_hand_presence_oracle_withtooloracle_003_haux_hand_presence_oracle_withtooloracle_seed456
[haux][epoch 1/50] loss=3.5006 val_acc=0.3677 macroF1=0.0768 edit=18.00 segF1@50=0.22
[haux][epoch 2/50] loss=2.8952 val_acc=0.3723 macroF1=0.1012 edit=27.67 segF1@50=0.28
[haux][epoch 3/50] loss=2.7093 val_acc=0.4766 macroF1=0.1472 edit=9.56 segF1@50=0.08
[haux][epoch 4/50] loss=2.6013 val_acc=0.3677 macroF1=0.0768 edit=18.00 segF1@50=0.22
[haux][epoch 5/50] loss=2.3239 val_acc=0.6779 macroF1=0.2280 edit=27.33 segF1@50=0.13
[haux][epoch 6/50] loss=2.0279 val_acc=0.4713 macroF1=0.1569 edit=28.56 segF1@50=0.10
[haux][epoch 7/50] loss=2.1892 val_acc=0.3353 macroF1=0.0727 edit=27.67 segF1@50=0.00
[haux][epoch 8/50] loss=2.1232 val_acc=0.6587 macroF1=0.2286 edit=28.38 segF1@50=0.26
[haux][epoch 9/50] loss=1.6735 val_acc=0.5835 macroF1=0.2019 edit=37.90 segF1@50=0.19
[haux][epoch 10/50] loss=1.5541 val_acc=0.6495 macroF1=0.2644 edit=46.46 segF1@50=0.20
[haux][epoch 11/50] loss=1.3139 val_acc=0.7254 macroF1=0.3537 edit=46.67 segF1@50=0.28
[haux][epoch 12/50] loss=1.1643 val_acc=0.7479 macroF1=0.4207 edit=38.78 segF1@50=0.25
[haux][epoch 13/50] loss=1.0636 val_acc=0.7657 macroF1=0.4325 edit=29.10 segF1@50=0.21
[haux][epoch 14/50] loss=0.9839 val_acc=0.8290 macroF1=0.5237 edit=30.39 segF1@50=0.24
[haux][epoch 15/50] loss=0.9324 val_acc=0.8719 macroF1=0.6313 edit=53.33 segF1@50=0.48
[haux][epoch 16/50] loss=0.8827 val_acc=0.8931 macroF1=0.6429 edit=36.81 segF1@50=0.43
[haux][epoch 17/50] loss=0.8040 val_acc=0.8911 macroF1=0.6584 edit=42.22 segF1@50=0.33
[haux][epoch 18/50] loss=0.7344 val_acc=0.9017 macroF1=0.6794 edit=50.56 segF1@50=0.51
[haux][epoch 19/50] loss=0.6933 val_acc=0.9102 macroF1=0.7094 edit=46.28 segF1@50=0.52
[haux][epoch 20/50] loss=0.6699 val_acc=0.9036 macroF1=0.7091 edit=36.95 segF1@50=0.40
[haux][epoch 21/50] loss=0.6420 val_acc=0.9294 macroF1=0.7592 edit=48.80 segF1@50=0.53
[haux][epoch 22/50] loss=0.6065 val_acc=0.9215 macroF1=0.6949 edit=53.22 segF1@50=0.57
[haux][epoch 23/50] loss=0.5777 val_acc=0.9083 macroF1=0.7503 edit=41.17 segF1@50=0.41
[haux][epoch 24/50] loss=0.5553 val_acc=0.9175 macroF1=0.6887 edit=41.19 segF1@50=0.41
[haux][epoch 25/50] loss=0.5305 val_acc=0.9300 macroF1=0.7637 edit=40.62 segF1@50=0.47
[haux][epoch 26/50] loss=0.4971 val_acc=0.9419 macroF1=0.7881 edit=57.94 segF1@50=0.63
[haux][epoch 27/50] loss=0.4687 val_acc=0.9419 macroF1=0.7985 edit=43.62 segF1@50=0.46
[haux][epoch 28/50] loss=0.4674 val_acc=0.9439 macroF1=0.7934 edit=55.78 segF1@50=0.62
[haux][epoch 29/50] loss=0.4589 val_acc=0.9399 macroF1=0.7860 edit=46.11 segF1@50=0.51
[haux][epoch 30/50] loss=0.4463 val_acc=0.9485 macroF1=0.8108 edit=56.35 segF1@50=0.61
[haux][epoch 31/50] loss=0.6038 val_acc=0.9274 macroF1=0.7225 edit=53.33 segF1@50=0.58
[haux][epoch 32/50] loss=0.5344 val_acc=0.9274 macroF1=0.7859 edit=49.33 segF1@50=0.54
[haux][epoch 33/50] loss=0.4730 val_acc=0.9446 macroF1=0.7995 edit=64.53 segF1@50=0.70
[haux][epoch 34/50] loss=0.4175 val_acc=0.9360 macroF1=0.7958 edit=54.66 segF1@50=0.56
[haux][epoch 35/50] loss=0.3875 val_acc=0.9492 macroF1=0.8117 edit=56.35 segF1@50=0.62
[haux][epoch 36/50] loss=0.3735 val_acc=0.9518 macroF1=0.8135 edit=54.22 segF1@50=0.60
[haux][epoch 37/50] loss=0.3625 val_acc=0.9419 macroF1=0.7898 edit=46.60 segF1@50=0.49
[haux][epoch 38/50] loss=0.3691 val_acc=0.9439 macroF1=0.8067 edit=55.95 segF1@50=0.52
[haux][epoch 39/50] loss=0.3654 val_acc=0.9439 macroF1=0.7956 edit=49.03 segF1@50=0.55
[haux][epoch 40/50] loss=0.3577 val_acc=0.9551 macroF1=0.8236 edit=59.63 segF1@50=0.68
[haux][epoch 41/50] loss=0.3570 val_acc=0.9248 macroF1=0.7788 edit=38.46 segF1@50=0.38
[haux][epoch 42/50] loss=0.3604 val_acc=0.9459 macroF1=0.7982 edit=42.30 segF1@50=0.52
[haux][epoch 43/50] loss=0.3271 val_acc=0.9571 macroF1=0.8257 edit=66.48 segF1@50=0.75
[haux][epoch 44/50] loss=0.3156 val_acc=0.9465 macroF1=0.8056 edit=53.78 segF1@50=0.54
[haux][epoch 45/50] loss=0.3316 val_acc=0.9492 macroF1=0.8097 edit=50.22 segF1@50=0.57
[haux][epoch 46/50] loss=0.3565 val_acc=0.9327 macroF1=0.7832 edit=48.33 segF1@50=0.50
[haux][epoch 47/50] loss=0.3954 val_acc=0.8964 macroF1=0.7460 edit=30.63 segF1@50=0.29
[haux][epoch 48/50] loss=0.3757 val_acc=0.9584 macroF1=0.8254 edit=55.52 segF1@50=0.64
[haux][epoch 49/50] loss=0.3729 val_acc=0.9505 macroF1=0.8077 edit=48.03 segF1@50=0.51
[haux][epoch 50/50] loss=0.3346 val_acc=0.9545 macroF1=0.8190 edit=54.20 segF1@50=0.57
[haux] best @epoch 48: acc=0.9584 macroF1=0.8254
[haux] evidence written -> /home/ubuntu/slocal/m2/experiments/transfer/haux_hand_presence_oracle_withtooloracle_003_haux_hand_presence_oracle_withtooloracle_seed456
