[haux] train clips=13 val clips=3 in_dim=2067 type=presence source=oracle with_tool=True classes=9 device=cuda
[haux] evidence dir: /home/ubuntu/slocal/m2/experiments/transfer/haux_hand_presence_oracle_withtooloracle_001_haux_hand_presence_oracle_withtooloracle_seed42
[haux][epoch 1/50] loss=3.6843 val_acc=0.3307 macroF1=0.0759 edit=15.11 segF1@50=0.00
[haux][epoch 2/50] loss=2.8637 val_acc=0.4403 macroF1=0.1402 edit=4.00 segF1@50=0.00
[haux][epoch 3/50] loss=2.6945 val_acc=0.3386 macroF1=0.0726 edit=13.70 segF1@50=0.00
[haux][epoch 4/50] loss=2.4867 val_acc=0.4403 macroF1=0.1395 edit=20.67 segF1@50=0.00
[haux][epoch 5/50] loss=2.4955 val_acc=0.3894 macroF1=0.0962 edit=32.67 segF1@50=0.22
[haux][epoch 6/50] loss=2.1196 val_acc=0.6772 macroF1=0.2289 edit=35.44 segF1@50=0.15
[haux][epoch 7/50] loss=1.6956 val_acc=0.5789 macroF1=0.1999 edit=39.67 segF1@50=0.18
[haux][epoch 8/50] loss=1.5228 val_acc=0.4957 macroF1=0.1686 edit=39.56 segF1@50=0.10
[haux][epoch 9/50] loss=1.4837 val_acc=0.5360 macroF1=0.1912 edit=33.11 segF1@50=0.20
[haux][epoch 10/50] loss=1.3391 val_acc=0.7756 macroF1=0.3452 edit=30.52 segF1@50=0.29
[haux][epoch 11/50] loss=1.2374 val_acc=0.7597 macroF1=0.3411 edit=60.33 segF1@50=0.31
[haux][epoch 12/50] loss=1.0975 val_acc=0.8099 macroF1=0.4577 edit=35.23 segF1@50=0.34
[haux][epoch 13/50] loss=0.9921 val_acc=0.7914 macroF1=0.4136 edit=53.44 segF1@50=0.41
[haux][epoch 14/50] loss=1.0201 val_acc=0.8033 macroF1=0.4398 edit=38.11 segF1@50=0.29
[haux][epoch 15/50] loss=0.9410 val_acc=0.7987 macroF1=0.5062 edit=35.89 segF1@50=0.30
[haux][epoch 16/50] loss=0.8345 val_acc=0.8099 macroF1=0.4755 edit=40.35 segF1@50=0.31
[haux][epoch 17/50] loss=0.7831 val_acc=0.9056 macroF1=0.6715 edit=55.17 segF1@50=0.55
[haux][epoch 18/50] loss=0.7040 val_acc=0.9122 macroF1=0.7314 edit=47.78 segF1@50=0.42
[haux][epoch 19/50] loss=0.6525 val_acc=0.9089 macroF1=0.7127 edit=52.38 segF1@50=0.53
[haux][epoch 20/50] loss=0.6122 val_acc=0.9069 macroF1=0.7156 edit=51.89 segF1@50=0.56
[haux][epoch 21/50] loss=0.5861 val_acc=0.9307 macroF1=0.7499 edit=53.11 segF1@50=0.58
[haux][epoch 22/50] loss=0.5796 val_acc=0.9195 macroF1=0.7524 edit=42.68 segF1@50=0.47
[haux][epoch 23/50] loss=0.5636 val_acc=0.9261 macroF1=0.7495 edit=43.87 segF1@50=0.48
[haux][epoch 24/50] loss=0.5161 val_acc=0.9096 macroF1=0.7215 edit=40.78 segF1@50=0.42
[haux][epoch 25/50] loss=0.4892 val_acc=0.9221 macroF1=0.7456 edit=42.17 segF1@50=0.42
[haux][epoch 26/50] loss=0.4744 val_acc=0.9340 macroF1=0.7740 edit=47.78 segF1@50=0.53
[haux][epoch 27/50] loss=0.4541 val_acc=0.9241 macroF1=0.7593 edit=43.84 segF1@50=0.44
[haux][epoch 28/50] loss=0.4439 val_acc=0.9083 macroF1=0.7358 edit=48.07 segF1@50=0.47
[haux][epoch 29/50] loss=0.4335 val_acc=0.9261 macroF1=0.7592 edit=50.33 segF1@50=0.58
[haux][epoch 30/50] loss=0.4246 val_acc=0.9386 macroF1=0.7798 edit=48.66 segF1@50=0.47
[haux][epoch 31/50] loss=0.4192 val_acc=0.9274 macroF1=0.7722 edit=48.02 segF1@50=0.51
[haux][epoch 32/50] loss=0.5133 val_acc=0.9525 macroF1=0.8078 edit=56.17 segF1@50=0.61
[haux][epoch 33/50] loss=0.4598 val_acc=0.9063 macroF1=0.7461 edit=48.27 segF1@50=0.51
[haux][epoch 34/50] loss=0.4381 val_acc=0.9373 macroF1=0.7687 edit=49.15 segF1@50=0.52
[haux][epoch 35/50] loss=0.3832 val_acc=0.9261 macroF1=0.7811 edit=50.81 segF1@50=0.49
[haux][epoch 36/50] loss=0.3670 val_acc=0.9366 macroF1=0.7843 edit=49.81 segF1@50=0.56
[haux][epoch 37/50] loss=0.3639 val_acc=0.9413 macroF1=0.8004 edit=45.84 segF1@50=0.48
[haux][epoch 38/50] loss=0.4158 val_acc=0.9201 macroF1=0.7000 edit=45.95 segF1@50=0.50
[haux][epoch 39/50] loss=0.4252 val_acc=0.9287 macroF1=0.7929 edit=36.46 segF1@50=0.40
[haux][epoch 40/50] loss=0.3707 val_acc=0.9531 macroF1=0.8143 edit=62.67 segF1@50=0.68
[haux][epoch 41/50] loss=0.3412 val_acc=0.9538 macroF1=0.8208 edit=58.44 segF1@50=0.65
[haux][epoch 42/50] loss=0.3397 val_acc=0.9419 macroF1=0.7934 edit=50.12 segF1@50=0.51
[haux][epoch 43/50] loss=0.3536 val_acc=0.9512 macroF1=0.8194 edit=51.30 segF1@50=0.54
[haux][epoch 44/50] loss=0.3270 val_acc=0.9439 macroF1=0.7945 edit=56.17 segF1@50=0.65
[haux][epoch 45/50] loss=0.3200 val_acc=0.9419 macroF1=0.8111 edit=46.18 segF1@50=0.47
[haux][epoch 46/50] loss=0.3156 val_acc=0.9465 macroF1=0.8070 edit=56.67 segF1@50=0.64
[haux][epoch 47/50] loss=0.3084 val_acc=0.9545 macroF1=0.8224 edit=51.85 segF1@50=0.58
[haux][epoch 48/50] loss=0.3225 val_acc=0.9129 macroF1=0.7510 edit=53.10 segF1@50=0.58
[haux][epoch 49/50] loss=0.3889 val_acc=0.9267 macroF1=0.7996 edit=36.30 segF1@50=0.46
[haux][epoch 50/50] loss=0.3492 val_acc=0.9353 macroF1=0.7653 edit=45.33 segF1@50=0.51
[haux] best @epoch 47: acc=0.9545 macroF1=0.8224
[haux] evidence written -> /home/ubuntu/slocal/m2/experiments/transfer/haux_hand_presence_oracle_withtooloracle_001_haux_hand_presence_oracle_withtooloracle_seed42
