[haux] train clips=13 val clips=3 in_dim=2067 type=presence source=oracle with_tool=True classes=9 device=cuda
[haux] evidence dir: /home/ubuntu/slocal/m2/experiments/transfer/haux_hand_presence_oracle_withtooloracle_002_haux_hand_presence_oracle_withtooloracle_seed123
[haux][epoch 1/50] loss=3.5515 val_acc=0.3558 macroF1=0.0958 edit=2.67 segF1@50=0.00
[haux][epoch 2/50] loss=3.0101 val_acc=0.3624 macroF1=0.0765 edit=5.33 segF1@50=0.17
[haux][epoch 3/50] loss=2.7599 val_acc=0.3340 macroF1=0.0715 edit=9.67 segF1@50=0.00
[haux][epoch 4/50] loss=2.5954 val_acc=0.3558 macroF1=0.0956 edit=8.22 segF1@50=0.00
[haux][epoch 5/50] loss=2.4471 val_acc=0.4389 macroF1=0.1331 edit=19.70 segF1@50=0.00
[haux][epoch 6/50] loss=2.1370 val_acc=0.6601 macroF1=0.2231 edit=19.33 segF1@50=0.11
[haux][epoch 7/50] loss=1.9550 val_acc=0.5802 macroF1=0.2010 edit=29.10 segF1@50=0.09
[haux][epoch 8/50] loss=1.7677 val_acc=0.6673 macroF1=0.2276 edit=41.00 segF1@50=0.26
[haux][epoch 9/50] loss=1.5095 val_acc=0.6779 macroF1=0.2279 edit=25.68 segF1@50=0.24
[haux][epoch 10/50] loss=1.4513 val_acc=0.6541 macroF1=0.2253 edit=27.33 segF1@50=0.17
[haux][epoch 11/50] loss=1.2562 val_acc=0.6818 macroF1=0.2836 edit=39.33 segF1@50=0.28
[haux][epoch 12/50] loss=1.1429 val_acc=0.7624 macroF1=0.4084 edit=32.37 segF1@50=0.25
[haux][epoch 13/50] loss=1.0266 val_acc=0.7881 macroF1=0.4188 edit=49.43 segF1@50=0.28
[haux][epoch 14/50] loss=0.9356 val_acc=0.8000 macroF1=0.4179 edit=44.36 segF1@50=0.33
[haux][epoch 15/50] loss=0.8886 val_acc=0.8218 macroF1=0.4888 edit=36.39 segF1@50=0.24
[haux][epoch 16/50] loss=0.7957 val_acc=0.8317 macroF1=0.4736 edit=43.56 segF1@50=0.38
[haux][epoch 17/50] loss=0.8131 val_acc=0.9155 macroF1=0.6899 edit=41.28 segF1@50=0.42
[haux][epoch 18/50] loss=0.7060 val_acc=0.9122 macroF1=0.7113 edit=48.44 segF1@50=0.44
[haux][epoch 19/50] loss=0.6502 val_acc=0.9234 macroF1=0.7368 edit=53.33 segF1@50=0.54
[haux][epoch 20/50] loss=0.6091 val_acc=0.9063 macroF1=0.6785 edit=60.33 segF1@50=0.59
[haux][epoch 21/50] loss=0.5729 val_acc=0.9162 macroF1=0.7186 edit=39.11 segF1@50=0.41
[haux][epoch 22/50] loss=0.5418 val_acc=0.9234 macroF1=0.7310 edit=43.30 segF1@50=0.45
[haux][epoch 23/50] loss=0.5396 val_acc=0.9366 macroF1=0.7571 edit=53.11 segF1@50=0.58
[haux][epoch 24/50] loss=0.5118 val_acc=0.9201 macroF1=0.7336 edit=46.22 segF1@50=0.53
[haux][epoch 25/50] loss=0.4996 val_acc=0.9446 macroF1=0.7960 edit=49.38 segF1@50=0.53
[haux][epoch 26/50] loss=0.4956 val_acc=0.9452 macroF1=0.7856 edit=49.03 segF1@50=0.54
[haux][epoch 27/50] loss=0.5353 val_acc=0.9426 macroF1=0.7960 edit=45.92 segF1@50=0.53
[haux][epoch 28/50] loss=0.5555 val_acc=0.9366 macroF1=0.7757 edit=56.67 segF1@50=0.55
[haux][epoch 29/50] loss=0.4908 val_acc=0.9254 macroF1=0.7459 edit=41.31 segF1@50=0.40
[haux][epoch 30/50] loss=0.4742 val_acc=0.9498 macroF1=0.8096 edit=57.84 segF1@50=0.63
[haux][epoch 31/50] loss=0.4349 val_acc=0.9419 macroF1=0.7794 edit=53.93 segF1@50=0.55
[haux][epoch 32/50] loss=0.4346 val_acc=0.9353 macroF1=0.7979 edit=44.61 segF1@50=0.46
[haux][epoch 33/50] loss=0.4065 val_acc=0.9380 macroF1=0.7745 edit=46.11 segF1@50=0.52
[haux][epoch 34/50] loss=0.4291 val_acc=0.9518 macroF1=0.8139 edit=53.78 segF1@50=0.56
[haux][epoch 35/50] loss=0.3898 val_acc=0.9320 macroF1=0.7398 edit=43.56 segF1@50=0.49
[haux][epoch 36/50] loss=0.3815 val_acc=0.9558 macroF1=0.8234 edit=56.44 segF1@50=0.62
[haux][epoch 37/50] loss=0.3733 val_acc=0.9320 macroF1=0.7474 edit=41.11 segF1@50=0.42
[haux][epoch 38/50] loss=0.3670 val_acc=0.9353 macroF1=0.8071 edit=45.32 segF1@50=0.48
[haux][epoch 39/50] loss=0.3552 val_acc=0.9327 macroF1=0.7651 edit=47.07 segF1@50=0.53
[haux][epoch 40/50] loss=0.3792 val_acc=0.9518 macroF1=0.8180 edit=47.07 segF1@50=0.53
[haux][epoch 41/50] loss=0.3882 val_acc=0.9333 macroF1=0.7600 edit=51.00 segF1@50=0.55
[haux][epoch 42/50] loss=0.3738 val_acc=0.9512 macroF1=0.8226 edit=44.49 segF1@50=0.50
[haux][epoch 43/50] loss=0.3475 val_acc=0.9551 macroF1=0.8192 edit=48.93 segF1@50=0.55
[haux][epoch 44/50] loss=0.3178 val_acc=0.9525 macroF1=0.8177 edit=59.33 segF1@50=0.67
[haux][epoch 45/50] loss=0.3180 val_acc=0.9538 macroF1=0.8193 edit=57.26 segF1@50=0.57
[haux][epoch 46/50] loss=0.3075 val_acc=0.9551 macroF1=0.8216 edit=49.15 segF1@50=0.57
[haux][epoch 47/50] loss=0.2937 val_acc=0.9492 macroF1=0.8167 edit=46.00 segF1@50=0.49
[haux][epoch 48/50] loss=0.2823 val_acc=0.9551 macroF1=0.8237 edit=50.43 segF1@50=0.59
[haux][epoch 49/50] loss=0.2702 val_acc=0.9564 macroF1=0.8251 edit=52.65 segF1@50=0.61
[haux][epoch 50/50] loss=0.2669 val_acc=0.9578 macroF1=0.8257 edit=53.93 segF1@50=0.61
[haux] best @epoch 50: acc=0.9578 macroF1=0.8257
[haux] evidence written -> /home/ubuntu/slocal/m2/experiments/transfer/haux_hand_presence_oracle_withtooloracle_002_haux_hand_presence_oracle_withtooloracle_seed123
