/home/ubuntu/slocal2/m2/.venv-relation-detr/lib/python3.11/site-packages/albumentations/core/validation.py:114: UserWarning: ShiftScaleRotate is a special case of Affine transform. Please use Affine transform instead.
  original_init(self, **validated_kwargs)
/home/ubuntu/slocal2/m2/third_party/Relation-DETR/transforms/presets.py:109: UserWarning: Argument(s) 'value' are not valid for transform ShiftScaleRotate
  A.ShiftScaleRotate(
/home/ubuntu/slocal2/m2/third_party/Relation-DETR/transforms/presets.py:140: UserWarning: Argument(s) 'quality_lower, quality_upper' are not valid for transform ImageCompression
  A.ImageCompression(quality_lower=85, quality_upper=95, p=0.2),
/home/ubuntu/slocal2/m2/third_party/Relation-DETR/transforms/presets.py:177: UserWarning: Argument(s) 'value' are not valid for transform ShiftScaleRotate
  A.ShiftScaleRotate(
/home/ubuntu/slocal2/m2/third_party/Relation-DETR/transforms/presets.py:208: UserWarning: Argument(s) 'quality_lower, quality_upper' are not valid for transform ImageCompression
  A.ImageCompression(quality_lower=85, quality_upper=95, p=0.2),
Using /home/ubuntu/.cache/torch_extensions/py311_cu118 as PyTorch extensions root...
/home/ubuntu/slocal2/m2/third_party/Relation-DETR/models/bricks/ms_deform_attn.py:24: UserWarning: Failed to load MultiScaleDeformableAttention C++ extension: Ninja is required to load C++ extensions
  warnings.warn(f"Failed to load MultiScaleDeformableAttention C++ extension: {e}")
/home/ubuntu/slocal2/m2/.venv-relation-detr/lib/python3.11/site-packages/torch/overrides.py:110: UserWarning: 'has_cuda' is deprecated, please use 'torch.backends.cuda.is_built()'
  torch.has_cuda,
/home/ubuntu/slocal2/m2/.venv-relation-detr/lib/python3.11/site-packages/torch/overrides.py:111: UserWarning: 'has_cudnn' is deprecated, please use 'torch.backends.cudnn.is_available()'
  torch.has_cudnn,
/home/ubuntu/slocal2/m2/.venv-relation-detr/lib/python3.11/site-packages/torch/overrides.py:117: UserWarning: 'has_mps' is deprecated, please use 'torch.backends.mps.is_built()'
  torch.has_mps,
/home/ubuntu/slocal2/m2/.venv-relation-detr/lib/python3.11/site-packages/torch/overrides.py:118: UserWarning: 'has_mkldnn' is deprecated, please use 'torch.backends.mkldnn.is_available()'
  torch.has_mkldnn,
The model and loaded state dict do not match exactly
Missing keys: _gate_tau, _gate_scale, transformer.decoder.layers.0.phase_norm.weight, transformer.decoder.layers.0.phase_norm.bias, transformer.decoder.layers.0.phase_attn.in_proj_weight, transformer.decoder.layers.0.phase_attn.in_proj_bias, transformer.decoder.layers.0.phase_attn.out_proj.weight, transformer.decoder.layers.0.phase_attn.out_proj.bias, transformer.decoder.layers.1.phase_norm.weight, transformer.decoder.layers.1.phase_norm.bias, transformer.decoder.layers.1.phase_attn.in_proj_weight, transformer.decoder.layers.1.phase_attn.in_proj_bias, transformer.decoder.layers.1.phase_attn.out_proj.weight, transformer.decoder.layers.1.phase_attn.out_proj.bias, transformer.decoder.layers.2.phase_norm.weight, transformer.decoder.layers.2.phase_norm.bias, transformer.decoder.layers.2.phase_attn.in_proj_weight, transformer.decoder.layers.2.phase_attn.in_proj_bias, transformer.decoder.layers.2.phase_attn.out_proj.weight, transformer.decoder.layers.2.phase_attn.out_proj.bias, transformer.decoder.layers.3.phase_norm.weight, transformer.decoder.layers.3.phase_norm.bias, transformer.decoder.layers.3.phase_attn.in_proj_weight, transformer.decoder.layers.3.phase_attn.in_proj_bias, transformer.decoder.layers.3.phase_attn.out_proj.weight, transformer.decoder.layers.3.phase_attn.out_proj.bias, transformer.decoder.layers.4.phase_norm.weight, transformer.decoder.layers.4.phase_norm.bias, transformer.decoder.layers.4.phase_attn.in_proj_weight, transformer.decoder.layers.4.phase_attn.in_proj_bias, transformer.decoder.layers.4.phase_attn.out_proj.weight, transformer.decoder.layers.4.phase_attn.out_proj.bias, transformer.decoder.layers.5.phase_norm.weight, transformer.decoder.layers.5.phase_norm.bias, transformer.decoder.layers.5.phase_attn.in_proj_weight, transformer.decoder.layers.5.phase_attn.in_proj_bias, transformer.decoder.layers.5.phase_attn.out_proj.weight, transformer.decoder.layers.5.phase_attn.out_proj.bias, phase_embed.weight, phase_embed.bias

loading annotations into memory...
Done (t=0.39s)
creating index...
index created!
Using [0, 0.5, 0.6299605249474365, 0.7937005259840997, 1.0, 1.259921049894873, 1.5874010519681991, 2.0, inf] as bins for aspect ratio quantization
Count of instances per bin: [9618]
loading annotations into memory...
Done (t=0.03s)
creating index...
index created!
[t1b] warm-start from /home/ubuntu/slocal2/m2/third_party/Relation-DETR/checkpoints/incoming/seed123/best_ap.pth
[t1b] seed=123 inject=hc trainable=film zero_ctx=False det_steps/ep=4809 phase_params=1584640 total_trainable=1584640 miss_ctx(tr/va)=0/0 work=/tmp/hc_inj_seed123
Accumulating evaluation results...
DONE (t=4.69s).
[t1b] warm-start init mAP=0.7292 (S0-frozen 水準なら warm-start+恒等 OK)
[t1b][ep0 0/4809] L=12.707 1.4it/s eta_ep=57m
[t1b][ep0 200/4809] L=11.101 2.2it/s eta_ep=35m
[t1b][ep0 400/4809] L=19.314 2.3it/s eta_ep=32m
[t1b][ep0 600/4809] L=16.397 2.3it/s eta_ep=31m
[t1b][ep0 800/4809] L=16.892 2.3it/s eta_ep=29m
[t1b][ep0 1000/4809] L=17.318 2.3it/s eta_ep=27m
[t1b][ep0 1200/4809] L=10.511 2.3it/s eta_ep=26m
[t1b][ep0 1400/4809] L=11.868 2.3it/s eta_ep=24m
[t1b][ep0 1600/4809] L=8.466 2.3it/s eta_ep=23m
[t1b][ep0 1800/4809] L=15.321 2.3it/s eta_ep=21m
[t1b][ep0 2000/4809] L=12.717 2.3it/s eta_ep=20m
[t1b][ep0 2200/4809] L=16.945 2.4it/s eta_ep=18m
[t1b][ep0 2400/4809] L=13.249 2.4it/s eta_ep=17m
[t1b][ep0 2600/4809] L=12.361 2.4it/s eta_ep=16m
[t1b][ep0 2800/4809] L=6.126 2.4it/s eta_ep=14m
[t1b][ep0 3000/4809] L=15.204 2.4it/s eta_ep=13m
[t1b][ep0 3200/4809] L=11.741 2.4it/s eta_ep=11m
[t1b][ep0 3400/4809] L=9.181 2.4it/s eta_ep=10m
[t1b][ep0 3600/4809] L=18.152 2.4it/s eta_ep=9m
[t1b][ep0 3800/4809] L=7.479 2.4it/s eta_ep=7m
[t1b][ep0 4000/4809] L=25.933 2.4it/s eta_ep=6m
[t1b][ep0 4200/4809] L=20.275 2.4it/s eta_ep=4m
[t1b][ep0 4400/4809] L=21.446 2.4it/s eta_ep=3m
[t1b][ep0 4600/4809] L=15.626 2.4it/s eta_ep=1m
[t1b][ep0 4800/4809] L=20.288 2.4it/s eta_ep=0m
Accumulating evaluation results...
DONE (t=4.49s).
[t1b][ep0] val mAP=0.7285
[t1b][ep1 0/4809] L=22.059 1.7it/s eta_ep=47m
[t1b][ep1 200/4809] L=13.087 2.3it/s eta_ep=33m
[t1b][ep1 400/4809] L=18.080 2.3it/s eta_ep=31m
[t1b][ep1 600/4809] L=10.968 2.3it/s eta_ep=30m
[t1b][ep1 800/4809] L=13.812 2.3it/s eta_ep=29m
[t1b][ep1 1000/4809] L=17.236 2.3it/s eta_ep=27m
[t1b][ep1 1200/4809] L=22.784 2.3it/s eta_ep=26m
[t1b][ep1 1400/4809] L=17.286 2.3it/s eta_ep=24m
[t1b][ep1 1600/4809] L=9.798 2.3it/s eta_ep=23m
[t1b][ep1 1800/4809] L=16.808 2.3it/s eta_ep=21m
[t1b][ep1 2000/4809] L=19.492 2.3it/s eta_ep=20m
[t1b][ep1 2200/4809] L=12.038 2.3it/s eta_ep=19m
[t1b][ep1 2400/4809] L=9.309 2.3it/s eta_ep=17m
[t1b][ep1 2600/4809] L=13.136 2.3it/s eta_ep=16m
[t1b][ep1 2800/4809] L=16.340 2.3it/s eta_ep=14m
[t1b][ep1 3000/4809] L=12.138 2.3it/s eta_ep=13m
[t1b][ep1 3200/4809] L=17.331 2.3it/s eta_ep=11m
[t1b][ep1 3400/4809] L=18.861 2.3it/s eta_ep=10m
[t1b][ep1 3600/4809] L=4.611 2.3it/s eta_ep=9m
[t1b][ep1 3800/4809] L=8.891 2.3it/s eta_ep=7m
[t1b][ep1 4000/4809] L=22.633 2.3it/s eta_ep=6m
[t1b][ep1 4200/4809] L=10.192 2.3it/s eta_ep=4m
[t1b][ep1 4400/4809] L=22.401 2.3it/s eta_ep=3m
[t1b][ep1 4600/4809] L=21.377 2.3it/s eta_ep=1m
[t1b][ep1 4800/4809] L=15.845 2.3it/s eta_ep=0m
Accumulating evaluation results...
DONE (t=4.47s).
[t1b][ep1] val mAP=0.7294
[t1b][ep2 0/4809] L=5.756 1.8it/s eta_ep=44m
[t1b][ep2 200/4809] L=17.263 2.3it/s eta_ep=33m
[t1b][ep2 400/4809] L=23.182 2.3it/s eta_ep=32m
[t1b][ep2 600/4809] L=13.107 2.3it/s eta_ep=30m
[t1b][ep2 800/4809] L=11.524 2.3it/s eta_ep=29m
[t1b][ep2 1000/4809] L=18.926 2.3it/s eta_ep=27m
[t1b][ep2 1200/4809] L=11.762 2.3it/s eta_ep=26m
[t1b][ep2 1400/4809] L=7.786 2.3it/s eta_ep=24m
[t1b][ep2 1600/4809] L=19.101 2.3it/s eta_ep=23m
[t1b][ep2 1800/4809] L=14.120 2.3it/s eta_ep=22m
[t1b][ep2 2000/4809] L=9.856 2.3it/s eta_ep=20m
[t1b][ep2 2200/4809] L=15.260 2.3it/s eta_ep=19m
[t1b][ep2 2400/4809] L=16.502 2.3it/s eta_ep=17m
[t1b][ep2 2600/4809] L=22.351 2.3it/s eta_ep=16m
[t1b][ep2 2800/4809] L=17.704 2.3it/s eta_ep=14m
[t1b][ep2 3000/4809] L=8.055 2.3it/s eta_ep=13m
[t1b][ep2 3200/4809] L=17.972 2.3it/s eta_ep=12m
[t1b][ep2 3400/4809] L=16.862 2.3it/s eta_ep=10m
[t1b][ep2 3600/4809] L=14.314 2.3it/s eta_ep=9m
[t1b][ep2 3800/4809] L=13.071 2.3it/s eta_ep=7m
[t1b][ep2 4000/4809] L=15.057 2.3it/s eta_ep=6m
[t1b][ep2 4200/4809] L=5.491 2.3it/s eta_ep=4m
[t1b][ep2 4400/4809] L=19.379 2.3it/s eta_ep=3m
[t1b][ep2 4600/4809] L=11.664 2.3it/s eta_ep=1m
[t1b][ep2 4800/4809] L=12.969 2.3it/s eta_ep=0m
Accumulating evaluation results...
DONE (t=4.51s).
[t1b][ep2] val mAP=0.7292
[t1b][ep3 0/4809] L=23.795 2.1it/s eta_ep=39m
[t1b][ep3 200/4809] L=10.791 2.3it/s eta_ep=33m
[t1b][ep3 400/4809] L=10.440 2.3it/s eta_ep=31m
[t1b][ep3 600/4809] L=11.009 2.3it/s eta_ep=30m
[t1b][ep3 800/4809] L=12.144 2.3it/s eta_ep=29m
[t1b][ep3 1000/4809] L=13.853 2.3it/s eta_ep=27m
[t1b][ep3 1200/4809] L=13.024 2.3it/s eta_ep=26m
[t1b][ep3 1400/4809] L=12.204 2.3it/s eta_ep=24m
[t1b][ep3 1600/4809] L=12.962 2.3it/s eta_ep=23m
[t1b][ep3 1800/4809] L=14.442 2.3it/s eta_ep=22m
[t1b][ep3 2000/4809] L=21.322 2.3it/s eta_ep=20m
[t1b][ep3 2200/4809] L=17.008 2.3it/s eta_ep=19m
[t1b][ep3 2400/4809] L=20.932 2.3it/s eta_ep=17m
[t1b][ep3 2600/4809] L=9.894 2.3it/s eta_ep=16m
[t1b][ep3 2800/4809] L=17.095 2.3it/s eta_ep=14m
[t1b][ep3 3000/4809] L=14.386 2.3it/s eta_ep=13m
[t1b][ep3 3200/4809] L=18.424 2.3it/s eta_ep=12m
[t1b][ep3 3400/4809] L=8.955 2.3it/s eta_ep=10m
[t1b][ep3 3600/4809] L=12.153 2.3it/s eta_ep=9m
[t1b][ep3 3800/4809] L=10.051 2.3it/s eta_ep=7m
[t1b][ep3 4000/4809] L=7.903 2.3it/s eta_ep=6m
[t1b][ep3 4200/4809] L=9.928 2.3it/s eta_ep=4m
[t1b][ep3 4400/4809] L=18.323 2.3it/s eta_ep=3m
[t1b][ep3 4600/4809] L=14.709 2.3it/s eta_ep=2m
[t1b][ep3 4800/4809] L=8.448 2.3it/s eta_ep=0m
Accumulating evaluation results...
DONE (t=4.29s).
[t1b][ep3] val mAP=0.7294
[t1b][ep4 0/4809] L=10.628 1.9it/s eta_ep=43m
[t1b][ep4 200/4809] L=14.750 2.3it/s eta_ep=34m
[t1b][ep4 400/4809] L=14.868 2.3it/s eta_ep=32m
[t1b][ep4 600/4809] L=13.265 2.3it/s eta_ep=31m
[t1b][ep4 800/4809] L=12.555 2.3it/s eta_ep=29m
[t1b][ep4 1000/4809] L=11.234 2.3it/s eta_ep=28m
[t1b][ep4 1200/4809] L=6.651 2.3it/s eta_ep=26m
[t1b][ep4 1400/4809] L=12.649 2.3it/s eta_ep=25m
[t1b][ep4 1600/4809] L=13.884 2.3it/s eta_ep=23m
[t1b][ep4 1800/4809] L=10.472 2.3it/s eta_ep=22m
[t1b][ep4 2000/4809] L=10.833 2.3it/s eta_ep=21m
[t1b][ep4 2200/4809] L=7.068 2.3it/s eta_ep=19m
[t1b][ep4 2400/4809] L=12.285 2.3it/s eta_ep=18m
[t1b][ep4 2600/4809] L=17.918 2.3it/s eta_ep=16m
[t1b][ep4 2800/4809] L=13.526 2.3it/s eta_ep=15m
[t1b][ep4 3000/4809] L=10.379 2.3it/s eta_ep=13m
[t1b][ep4 3200/4809] L=16.142 2.3it/s eta_ep=12m
[t1b][ep4 3400/4809] L=16.494 2.3it/s eta_ep=10m
[t1b][ep4 3600/4809] L=12.115 2.3it/s eta_ep=9m
[t1b][ep4 3800/4809] L=10.494 2.3it/s eta_ep=7m
[t1b][ep4 4000/4809] L=4.655 2.3it/s eta_ep=6m
[t1b][ep4 4200/4809] L=20.293 2.3it/s eta_ep=4m
[t1b][ep4 4400/4809] L=7.719 2.3it/s eta_ep=3m
[t1b][ep4 4600/4809] L=10.259 2.3it/s eta_ep=2m
[t1b][ep4 4800/4809] L=12.208 2.3it/s eta_ep=0m
Accumulating evaluation results...
DONE (t=4.33s).
[t1b][ep4] val mAP=0.7293
[t1b][ep5 0/4809] L=15.846 1.9it/s eta_ep=42m
[t1b][ep5 200/4809] L=12.757 2.3it/s eta_ep=34m
[t1b][ep5 400/4809] L=21.109 2.3it/s eta_ep=32m
[t1b][ep5 600/4809] L=12.345 2.3it/s eta_ep=31m
[t1b][ep5 800/4809] L=16.726 2.3it/s eta_ep=29m
[t1b][ep5 1000/4809] L=12.028 2.3it/s eta_ep=28m
[t1b][ep5 1200/4809] L=16.163 2.3it/s eta_ep=26m
[t1b][ep5 1400/4809] L=15.487 2.3it/s eta_ep=25m
[t1b][ep5 1600/4809] L=34.387 2.3it/s eta_ep=24m
[t1b][ep5 1800/4809] L=8.578 2.3it/s eta_ep=22m
[t1b][ep5 2000/4809] L=15.046 2.3it/s eta_ep=21m
[t1b][ep5 2200/4809] L=10.461 2.3it/s eta_ep=19m
[t1b][ep5 2400/4809] L=17.592 2.3it/s eta_ep=18m
[t1b][ep5 2600/4809] L=7.881 2.3it/s eta_ep=16m
[t1b][ep5 2800/4809] L=11.497 2.3it/s eta_ep=15m
[t1b][ep5 3000/4809] L=18.074 2.3it/s eta_ep=13m
[t1b][ep5 3200/4809] L=17.386 2.3it/s eta_ep=12m
[t1b][ep5 3400/4809] L=16.776 2.3it/s eta_ep=10m
[t1b][ep5 3600/4809] L=12.861 2.3it/s eta_ep=9m
[t1b][ep5 3800/4809] L=13.522 2.3it/s eta_ep=7m
[t1b][ep5 4000/4809] L=9.390 2.3it/s eta_ep=6m
[t1b][ep5 4200/4809] L=20.909 2.3it/s eta_ep=4m
[t1b][ep5 4400/4809] L=17.479 2.3it/s eta_ep=3m
[t1b][ep5 4600/4809] L=29.484 2.3it/s eta_ep=2m
[t1b][ep5 4800/4809] L=25.489 2.3it/s eta_ep=0m
Accumulating evaluation results...
DONE (t=4.46s).
[t1b][ep5] val mAP=0.7301
[t1b] DONE best@ep5 mAP=0.7301 (init 0.7292) -> /tmp/hc_inj_seed123
