[haux] train clips=13 val clips=3 in_dim=2052 type=presence source=oracle with_tool=False classes=9 device=cuda
[haux] evidence dir: /home/ubuntu/slocal/m2/experiments/transfer/haux_hand_presence_oracle_shuffle_003_haux_hand_presence_oracle_shuffle_seed456
[haux][epoch 1/50] loss=3.4993 val_acc=0.3677 macroF1=0.0768 edit=18.00 segF1@50=0.22
[haux][epoch 2/50] loss=2.9121 val_acc=0.3452 macroF1=0.0975 edit=27.67 segF1@50=0.33
[haux][epoch 3/50] loss=2.7483 val_acc=0.3650 macroF1=0.0967 edit=16.23 segF1@50=0.11
[haux][epoch 4/50] loss=2.6546 val_acc=0.3677 macroF1=0.0768 edit=18.00 segF1@50=0.22
[haux][epoch 5/50] loss=2.4210 val_acc=0.6614 macroF1=0.2215 edit=31.56 segF1@50=0.22
[haux][epoch 6/50] loss=2.1318 val_acc=0.4647 macroF1=0.1539 edit=29.89 segF1@50=0.02
[haux][epoch 7/50] loss=2.2283 val_acc=0.3353 macroF1=0.0727 edit=27.67 segF1@50=0.00
[haux][epoch 8/50] loss=2.1830 val_acc=0.6700 macroF1=0.2245 edit=24.52 segF1@50=0.24
[haux][epoch 9/50] loss=1.7920 val_acc=0.5010 macroF1=0.1706 edit=30.00 segF1@50=0.12
[haux][epoch 10/50] loss=1.7253 val_acc=0.6475 macroF1=0.2221 edit=41.00 segF1@50=0.20
[haux][epoch 11/50] loss=1.5565 val_acc=0.6693 macroF1=0.2261 edit=30.25 segF1@50=0.15
[haux][epoch 12/50] loss=1.3990 val_acc=0.5987 macroF1=0.2156 edit=43.90 segF1@50=0.18
[haux][epoch 13/50] loss=1.3370 val_acc=0.6627 macroF1=0.2445 edit=38.33 segF1@50=0.14
[haux][epoch 14/50] loss=1.2912 val_acc=0.7182 macroF1=0.4042 edit=39.33 segF1@50=0.24
[haux][epoch 15/50] loss=1.1889 val_acc=0.7175 macroF1=0.4384 edit=28.11 segF1@50=0.17
[haux][epoch 16/50] loss=1.1130 val_acc=0.8099 macroF1=0.5922 edit=24.93 segF1@50=0.18
[haux][epoch 17/50] loss=1.0204 val_acc=0.7743 macroF1=0.5472 edit=35.33 segF1@50=0.26
[haux][epoch 18/50] loss=0.9674 val_acc=0.8422 macroF1=0.6089 edit=38.73 segF1@50=0.30
[haux][epoch 19/50] loss=0.9439 val_acc=0.8627 macroF1=0.6180 edit=31.00 segF1@50=0.27
[haux][epoch 20/50] loss=1.0259 val_acc=0.8686 macroF1=0.6339 edit=38.00 segF1@50=0.45
[haux][epoch 21/50] loss=0.9253 val_acc=0.7802 macroF1=0.5629 edit=35.40 segF1@50=0.26
[haux][epoch 22/50] loss=0.8479 val_acc=0.8284 macroF1=0.5760 edit=37.19 segF1@50=0.32
[haux][epoch 23/50] loss=0.8261 val_acc=0.7941 macroF1=0.4864 edit=29.54 segF1@50=0.14
[haux][epoch 24/50] loss=0.7743 val_acc=0.8574 macroF1=0.6201 edit=38.67 segF1@50=0.35
[haux][epoch 25/50] loss=0.7480 val_acc=0.8462 macroF1=0.6117 edit=32.67 segF1@50=0.30
[haux][epoch 26/50] loss=0.6707 val_acc=0.8442 macroF1=0.6095 edit=32.04 segF1@50=0.25
[haux][epoch 27/50] loss=0.6269 val_acc=0.8376 macroF1=0.6007 edit=32.37 segF1@50=0.26
[haux][epoch 28/50] loss=0.5888 val_acc=0.8376 macroF1=0.6154 edit=30.11 segF1@50=0.29
[haux][epoch 29/50] loss=0.6294 val_acc=0.8455 macroF1=0.6020 edit=35.28 segF1@50=0.28
[haux][epoch 30/50] loss=0.6482 val_acc=0.8825 macroF1=0.6582 edit=34.11 segF1@50=0.31
[haux][epoch 31/50] loss=0.6306 val_acc=0.8198 macroF1=0.5642 edit=28.61 segF1@50=0.24
[haux][epoch 32/50] loss=0.5697 val_acc=0.8601 macroF1=0.6532 edit=30.92 segF1@50=0.24
[haux][epoch 33/50] loss=0.5628 val_acc=0.8871 macroF1=0.6387 edit=37.87 segF1@50=0.40
[haux][epoch 34/50] loss=0.5739 val_acc=0.8785 macroF1=0.6624 edit=36.84 segF1@50=0.36
[haux][epoch 35/50] loss=0.6459 val_acc=0.8594 macroF1=0.6271 edit=36.10 segF1@50=0.40
[haux][epoch 36/50] loss=0.5342 val_acc=0.8561 macroF1=0.6380 edit=33.72 segF1@50=0.27
[haux][epoch 37/50] loss=0.5102 val_acc=0.8502 macroF1=0.6387 edit=39.28 segF1@50=0.28
[haux][epoch 38/50] loss=0.4912 val_acc=0.8700 macroF1=0.6312 edit=25.27 segF1@50=0.25
[haux][epoch 39/50] loss=0.5029 val_acc=0.8561 macroF1=0.6749 edit=40.61 segF1@50=0.34
[haux][epoch 40/50] loss=0.4542 val_acc=0.8297 macroF1=0.6096 edit=33.06 segF1@50=0.28
[haux][epoch 41/50] loss=0.4425 val_acc=0.8719 macroF1=0.6540 edit=45.33 segF1@50=0.41
[haux][epoch 42/50] loss=0.4605 val_acc=0.8752 macroF1=0.6890 edit=36.95 segF1@50=0.30
[haux][epoch 43/50] loss=0.4454 val_acc=0.8660 macroF1=0.6549 edit=34.96 segF1@50=0.28
[haux][epoch 44/50] loss=0.4210 val_acc=0.8627 macroF1=0.6329 edit=36.89 segF1@50=0.28
[haux][epoch 45/50] loss=0.4062 val_acc=0.8812 macroF1=0.7085 edit=39.47 segF1@50=0.33
[haux][epoch 46/50] loss=0.3875 val_acc=0.8535 macroF1=0.6416 edit=39.56 segF1@50=0.33
[haux][epoch 47/50] loss=0.3819 val_acc=0.8469 macroF1=0.6717 edit=42.59 segF1@50=0.33
[haux][epoch 48/50] loss=0.3926 val_acc=0.8832 macroF1=0.6989 edit=44.57 segF1@50=0.42
[haux][epoch 49/50] loss=0.3906 val_acc=0.8845 macroF1=0.6676 edit=42.51 segF1@50=0.40
[haux][epoch 50/50] loss=0.3502 val_acc=0.8752 macroF1=0.7092 edit=39.62 segF1@50=0.35
[haux] best @epoch 33: acc=0.8871 macroF1=0.6387
[haux] evidence written -> /home/ubuntu/slocal/m2/experiments/transfer/haux_hand_presence_oracle_shuffle_003_haux_hand_presence_oracle_shuffle_seed456
