[haux] train clips=13 val clips=3 in_dim=2052 type=presence source=oracle with_tool=False classes=9 device=cuda
[haux] evidence dir: /home/ubuntu/slocal/m2/experiments/transfer/haux_hand_presence_oracle_shuffle_001_haux_hand_presence_oracle_shuffle_seed42
[haux][epoch 1/50] loss=3.6429 val_acc=0.3677 macroF1=0.0768 edit=18.00 segF1@50=0.22
[haux][epoch 2/50] loss=2.8808 val_acc=0.4455 macroF1=0.1320 edit=30.00 segF1@50=0.24
[haux][epoch 3/50] loss=2.7447 val_acc=0.3677 macroF1=0.0768 edit=18.00 segF1@50=0.22
[haux][epoch 4/50] loss=2.5772 val_acc=0.4620 macroF1=0.1402 edit=28.10 segF1@50=0.24
[haux][epoch 5/50] loss=2.6014 val_acc=0.3677 macroF1=0.0768 edit=18.00 segF1@50=0.22
[haux][epoch 6/50] loss=2.2807 val_acc=0.6627 macroF1=0.2226 edit=26.00 segF1@50=0.11
[haux][epoch 7/50] loss=1.9524 val_acc=0.5010 macroF1=0.1706 edit=24.23 segF1@50=0.02
[haux][epoch 8/50] loss=1.7090 val_acc=0.4772 macroF1=0.1602 edit=27.36 segF1@50=0.01
[haux][epoch 9/50] loss=1.9090 val_acc=0.4581 macroF1=0.1509 edit=33.55 segF1@50=0.01
[haux][epoch 10/50] loss=1.7811 val_acc=0.6719 macroF1=0.2293 edit=41.00 segF1@50=0.14
[haux][epoch 11/50] loss=1.5669 val_acc=0.6818 macroF1=0.2700 edit=30.11 segF1@50=0.15
[haux][epoch 12/50] loss=1.4683 val_acc=0.6185 macroF1=0.2574 edit=36.46 segF1@50=0.03
[haux][epoch 13/50] loss=1.3489 val_acc=0.6726 macroF1=0.2789 edit=36.67 segF1@50=0.15
[haux][epoch 14/50] loss=1.2619 val_acc=0.6706 macroF1=0.2808 edit=28.17 segF1@50=0.18
[haux][epoch 15/50] loss=1.2042 val_acc=0.6469 macroF1=0.2820 edit=45.11 segF1@50=0.19
[haux][epoch 16/50] loss=1.1403 val_acc=0.6779 macroF1=0.3120 edit=31.39 segF1@50=0.20
[haux][epoch 17/50] loss=1.0700 val_acc=0.7399 macroF1=0.4377 edit=37.50 segF1@50=0.17
[haux][epoch 18/50] loss=1.0126 val_acc=0.7399 macroF1=0.4011 edit=35.66 segF1@50=0.26
[haux][epoch 19/50] loss=0.9639 val_acc=0.8686 macroF1=0.6159 edit=35.92 segF1@50=0.37
[haux][epoch 20/50] loss=0.8915 val_acc=0.8871 macroF1=0.6471 edit=24.19 segF1@50=0.41
[haux][epoch 21/50] loss=0.8726 val_acc=0.8356 macroF1=0.5931 edit=33.38 segF1@50=0.29
[haux][epoch 22/50] loss=0.7849 val_acc=0.8231 macroF1=0.6132 edit=27.91 segF1@50=0.14
[haux][epoch 23/50] loss=0.7350 val_acc=0.8561 macroF1=0.6248 edit=32.89 segF1@50=0.31
[haux][epoch 24/50] loss=0.6775 val_acc=0.8832 macroF1=0.6484 edit=31.22 segF1@50=0.29
[haux][epoch 25/50] loss=0.6795 val_acc=0.8799 macroF1=0.6513 edit=33.89 segF1@50=0.29
[haux][epoch 26/50] loss=0.7070 val_acc=0.8680 macroF1=0.6294 edit=39.85 segF1@50=0.31
[haux][epoch 27/50] loss=0.6855 val_acc=0.8680 macroF1=0.6334 edit=31.17 segF1@50=0.27
[haux][epoch 28/50] loss=0.6350 val_acc=0.8535 macroF1=0.6535 edit=30.33 segF1@50=0.25
[haux][epoch 29/50] loss=0.6108 val_acc=0.8614 macroF1=0.6368 edit=33.89 segF1@50=0.25
[haux][epoch 30/50] loss=0.5569 val_acc=0.8792 macroF1=0.6785 edit=33.83 segF1@50=0.27
[haux][epoch 31/50] loss=0.5249 val_acc=0.8865 macroF1=0.6720 edit=36.33 segF1@50=0.31
[haux][epoch 32/50] loss=0.5074 val_acc=0.8838 macroF1=0.6812 edit=34.00 segF1@50=0.30
[haux][epoch 33/50] loss=0.4802 val_acc=0.8766 macroF1=0.6859 edit=39.33 segF1@50=0.32
[haux][epoch 34/50] loss=0.4698 val_acc=0.8931 macroF1=0.6770 edit=39.44 segF1@50=0.33
[haux][epoch 35/50] loss=0.4598 val_acc=0.8502 macroF1=0.6336 edit=34.22 segF1@50=0.29
[haux][epoch 36/50] loss=0.4440 val_acc=0.8766 macroF1=0.6924 edit=37.15 segF1@50=0.32
[haux][epoch 37/50] loss=0.4447 val_acc=0.8759 macroF1=0.7048 edit=43.40 segF1@50=0.36
[haux][epoch 38/50] loss=0.5145 val_acc=0.8766 macroF1=0.6361 edit=37.78 segF1@50=0.34
[haux][epoch 39/50] loss=0.5349 val_acc=0.8574 macroF1=0.6631 edit=39.28 segF1@50=0.33
[haux][epoch 40/50] loss=0.4490 val_acc=0.8779 macroF1=0.6701 edit=36.37 segF1@50=0.28
[haux][epoch 41/50] loss=0.4355 val_acc=0.8759 macroF1=0.6706 edit=37.94 segF1@50=0.30
[haux][epoch 42/50] loss=0.4068 val_acc=0.8838 macroF1=0.7097 edit=38.07 segF1@50=0.36
[haux][epoch 43/50] loss=0.3864 val_acc=0.8805 macroF1=0.6678 edit=40.15 segF1@50=0.34
[haux][epoch 44/50] loss=0.3715 val_acc=0.8851 macroF1=0.7175 edit=38.01 segF1@50=0.37
[haux][epoch 45/50] loss=0.3571 val_acc=0.8871 macroF1=0.7103 edit=36.50 segF1@50=0.33
[haux][epoch 46/50] loss=0.3496 val_acc=0.9003 macroF1=0.7176 edit=39.91 segF1@50=0.35
[haux][epoch 47/50] loss=0.3432 val_acc=0.8983 macroF1=0.7288 edit=37.68 segF1@50=0.35
[haux][epoch 48/50] loss=0.3321 val_acc=0.8634 macroF1=0.7053 edit=28.74 segF1@50=0.26
[haux][epoch 49/50] loss=0.3545 val_acc=0.9030 macroF1=0.7510 edit=37.65 segF1@50=0.33
[haux][epoch 50/50] loss=0.3448 val_acc=0.8924 macroF1=0.6864 edit=43.33 segF1@50=0.48
[haux] best @epoch 49: acc=0.9030 macroF1=0.7510
[haux] evidence written -> /home/ubuntu/slocal/m2/experiments/transfer/haux_hand_presence_oracle_shuffle_001_haux_hand_presence_oracle_shuffle_seed42
