[haux] train clips=13 val clips=3 in_dim=2052 type=presence source=oracle with_tool=False classes=9 device=cuda
[haux] evidence dir: /home/ubuntu/slocal/m2/experiments/transfer/haux_hand_presence_oracle_shuffle_002_haux_hand_presence_oracle_shuffle_seed123
[haux][epoch 1/50] loss=3.4559 val_acc=0.3340 macroF1=0.0715 edit=9.67 segF1@50=0.00
[haux][epoch 2/50] loss=3.0230 val_acc=0.3677 macroF1=0.0768 edit=18.00 segF1@50=0.22
[haux][epoch 3/50] loss=2.7708 val_acc=0.3340 macroF1=0.0715 edit=9.67 segF1@50=0.00
[haux][epoch 4/50] loss=2.6484 val_acc=0.4436 macroF1=0.1425 edit=8.22 segF1@50=0.00
[haux][epoch 5/50] loss=2.5291 val_acc=0.4554 macroF1=0.1409 edit=21.67 segF1@50=0.13
[haux][epoch 6/50] loss=2.2740 val_acc=0.6620 macroF1=0.2231 edit=37.00 segF1@50=0.22
[haux][epoch 7/50] loss=2.1424 val_acc=0.4713 macroF1=0.1574 edit=23.89 segF1@50=0.01
[haux][epoch 8/50] loss=1.7774 val_acc=0.5815 macroF1=0.2005 edit=39.67 segF1@50=0.18
[haux][epoch 9/50] loss=1.6179 val_acc=0.6620 macroF1=0.2223 edit=32.78 segF1@50=0.26
[haux][epoch 10/50] loss=1.6722 val_acc=0.6587 macroF1=0.2252 edit=35.67 segF1@50=0.15
[haux][epoch 11/50] loss=1.4964 val_acc=0.6172 macroF1=0.2186 edit=50.09 segF1@50=0.16
[haux][epoch 12/50] loss=1.3656 val_acc=0.5960 macroF1=0.2561 edit=24.44 segF1@50=0.14
[haux][epoch 13/50] loss=1.2550 val_acc=0.7267 macroF1=0.3640 edit=28.79 segF1@50=0.22
[haux][epoch 14/50] loss=1.1794 val_acc=0.7201 macroF1=0.3585 edit=32.89 segF1@50=0.21
[haux][epoch 15/50] loss=1.1252 val_acc=0.7320 macroF1=0.3660 edit=34.54 segF1@50=0.21
[haux][epoch 16/50] loss=1.0275 val_acc=0.7505 macroF1=0.3921 edit=32.41 segF1@50=0.19
[haux][epoch 17/50] loss=0.9969 val_acc=0.7710 macroF1=0.5253 edit=24.85 segF1@50=0.16
[haux][epoch 18/50] loss=0.9460 val_acc=0.7604 macroF1=0.4398 edit=24.93 segF1@50=0.19
[haux][epoch 19/50] loss=0.8969 val_acc=0.8495 macroF1=0.6191 edit=30.41 segF1@50=0.31
[haux][epoch 20/50] loss=0.8523 val_acc=0.8224 macroF1=0.5420 edit=21.88 segF1@50=0.20
[haux][epoch 21/50] loss=0.7957 val_acc=0.8026 macroF1=0.5677 edit=32.78 segF1@50=0.33
[haux][epoch 22/50] loss=0.7459 val_acc=0.8647 macroF1=0.6371 edit=27.70 segF1@50=0.25
[haux][epoch 23/50] loss=0.7676 val_acc=0.8178 macroF1=0.6050 edit=35.28 segF1@50=0.27
[haux][epoch 24/50] loss=0.6876 val_acc=0.8132 macroF1=0.5831 edit=30.51 segF1@50=0.27
[haux][epoch 25/50] loss=0.6337 val_acc=0.8766 macroF1=0.6357 edit=31.84 segF1@50=0.29
[haux][epoch 26/50] loss=0.6015 val_acc=0.8416 macroF1=0.6414 edit=33.48 segF1@50=0.29
[haux][epoch 27/50] loss=0.5980 val_acc=0.8772 macroF1=0.6420 edit=32.95 segF1@50=0.29
[haux][epoch 28/50] loss=0.6156 val_acc=0.8455 macroF1=0.6213 edit=33.83 segF1@50=0.29
[haux][epoch 29/50] loss=0.6512 val_acc=0.8752 macroF1=0.6459 edit=35.03 segF1@50=0.30
[haux][epoch 30/50] loss=0.6081 val_acc=0.8429 macroF1=0.6544 edit=32.41 segF1@50=0.28
[haux][epoch 31/50] loss=0.5519 val_acc=0.8825 macroF1=0.6559 edit=33.59 segF1@50=0.32
[haux][epoch 32/50] loss=0.6889 val_acc=0.8812 macroF1=0.6474 edit=25.34 segF1@50=0.24
[haux][epoch 33/50] loss=0.6247 val_acc=0.8541 macroF1=0.6583 edit=41.04 segF1@50=0.41
[haux][epoch 34/50] loss=0.5478 val_acc=0.8594 macroF1=0.6487 edit=35.11 segF1@50=0.29
[haux][epoch 35/50] loss=0.5044 val_acc=0.8904 macroF1=0.6987 edit=41.46 segF1@50=0.42
[haux][epoch 36/50] loss=0.4902 val_acc=0.8436 macroF1=0.6358 edit=31.42 segF1@50=0.25
[haux][epoch 37/50] loss=0.4574 val_acc=0.8983 macroF1=0.7178 edit=42.22 segF1@50=0.37
[haux][epoch 38/50] loss=0.4288 val_acc=0.8871 macroF1=0.6976 edit=38.14 segF1@50=0.31
[haux][epoch 39/50] loss=0.4123 val_acc=0.8726 macroF1=0.6940 edit=39.11 segF1@50=0.35
[haux][epoch 40/50] loss=0.4083 val_acc=0.8898 macroF1=0.6774 edit=37.22 segF1@50=0.33
[haux][epoch 41/50] loss=0.4008 val_acc=0.8627 macroF1=0.6732 edit=36.12 segF1@50=0.31
[haux][epoch 42/50] loss=0.3880 val_acc=0.8944 macroF1=0.6947 edit=41.94 segF1@50=0.36
[haux][epoch 43/50] loss=0.3925 val_acc=0.9023 macroF1=0.7375 edit=39.41 segF1@50=0.37
[haux][epoch 44/50] loss=0.4086 val_acc=0.8620 macroF1=0.6429 edit=38.01 segF1@50=0.29
[haux][epoch 45/50] loss=0.3846 val_acc=0.8766 macroF1=0.7247 edit=37.59 segF1@50=0.33
[haux][epoch 46/50] loss=0.3709 val_acc=0.8766 macroF1=0.6881 edit=37.22 segF1@50=0.34
[haux][epoch 47/50] loss=0.3488 val_acc=0.9017 macroF1=0.7225 edit=36.23 segF1@50=0.34
[haux][epoch 48/50] loss=0.3393 val_acc=0.9056 macroF1=0.7189 edit=39.17 segF1@50=0.35
[haux][epoch 49/50] loss=0.3284 val_acc=0.8878 macroF1=0.7122 edit=37.70 segF1@50=0.34
[haux][epoch 50/50] loss=0.3246 val_acc=0.8977 macroF1=0.7277 edit=37.03 segF1@50=0.33
[haux] best @epoch 48: acc=0.9056 macroF1=0.7189
[haux] evidence written -> /home/ubuntu/slocal/m2/experiments/transfer/haux_hand_presence_oracle_shuffle_002_haux_hand_presence_oracle_shuffle_seed123
