[b2a] train clips=13  val clips=3  in_dim=2063  tool_source=oracle  classes=9  device=cuda
[b2a] evidence dir: /home/ubuntu/slocal2/m2/experiments/transfer/b2a_oracle_mask_01_003_b2a_oracle_mask_01_seed456
[b2a][epoch 1/50] loss=3.4891  val_acc=0.3340  macroF1=0.0715  edit=9.67  segF1@50=0.00
[b2a][epoch 2/50] loss=2.8854  val_acc=0.3650  macroF1=0.0767  edit=2.67  segF1@50=0.17
[b2a][epoch 3/50] loss=2.6881  val_acc=0.3340  macroF1=0.0715  edit=9.67  segF1@50=0.00
[b2a][epoch 4/50] loss=2.5859  val_acc=0.3677  macroF1=0.0768  edit=18.00  segF1@50=0.22
[b2a][epoch 5/50] loss=2.3266  val_acc=0.6805  macroF1=0.2286  edit=28.67  segF1@50=0.11
[b2a][epoch 6/50] loss=1.9932  val_acc=0.4878  macroF1=0.1648  edit=39.67  segF1@50=0.18
[b2a][epoch 7/50] loss=2.0885  val_acc=0.3340  macroF1=0.0715  edit=9.67  segF1@50=0.00
[b2a][epoch 8/50] loss=2.0673  val_acc=0.6535  macroF1=0.2241  edit=30.00  segF1@50=0.16
[b2a][epoch 9/50] loss=1.7255  val_acc=0.6620  macroF1=0.2273  edit=38.33  segF1@50=0.22
[b2a][epoch 10/50] loss=1.4650  val_acc=0.6389  macroF1=0.2204  edit=31.00  segF1@50=0.12
[b2a][epoch 11/50] loss=1.3003  val_acc=0.6825  macroF1=0.2921  edit=35.71  segF1@50=0.24
[b2a][epoch 12/50] loss=1.1839  val_acc=0.7564  macroF1=0.3798  edit=31.36  segF1@50=0.25
[b2a][epoch 13/50] loss=1.0790  val_acc=0.7743  macroF1=0.4105  edit=32.79  segF1@50=0.24
[b2a][epoch 14/50] loss=0.9971  val_acc=0.8356  macroF1=0.4878  edit=28.02  segF1@50=0.27
[b2a][epoch 15/50] loss=0.9164  val_acc=0.8092  macroF1=0.4689  edit=33.78  segF1@50=0.28
[b2a][epoch 16/50] loss=0.8585  val_acc=0.8884  macroF1=0.6467  edit=32.89  segF1@50=0.30
[b2a][epoch 17/50] loss=0.7891  val_acc=0.9129  macroF1=0.6803  edit=42.59  segF1@50=0.39
[b2a][epoch 18/50] loss=0.7336  val_acc=0.9122  macroF1=0.6837  edit=43.67  segF1@50=0.40
[b2a][epoch 19/50] loss=0.6806  val_acc=0.9135  macroF1=0.6977  edit=45.56  segF1@50=0.38
[b2a][epoch 20/50] loss=0.6526  val_acc=0.9096  macroF1=0.7290  edit=40.87  segF1@50=0.38
[b2a][epoch 21/50] loss=0.6531  val_acc=0.8323  macroF1=0.7031  edit=47.17  segF1@50=0.44
[b2a][epoch 22/50] loss=0.7790  val_acc=0.9129  macroF1=0.6704  edit=29.61  segF1@50=0.37
[b2a][epoch 23/50] loss=0.7896  val_acc=0.9208  macroF1=0.6922  edit=43.30  segF1@50=0.42
[b2a][epoch 24/50] loss=0.6625  val_acc=0.9142  macroF1=0.7064  edit=39.21  segF1@50=0.37
[b2a][epoch 25/50] loss=0.5874  val_acc=0.9300  macroF1=0.7199  edit=58.33  segF1@50=0.59
[b2a][epoch 26/50] loss=0.5372  val_acc=0.9221  macroF1=0.7585  edit=44.44  segF1@50=0.40
[b2a][epoch 27/50] loss=0.4957  val_acc=0.9465  macroF1=0.7917  edit=52.84  segF1@50=0.52
[b2a][epoch 28/50] loss=0.4719  val_acc=0.9426  macroF1=0.7945  edit=48.02  segF1@50=0.51
[b2a][epoch 29/50] loss=0.4568  val_acc=0.9439  macroF1=0.7851  edit=59.77  segF1@50=0.63
[b2a][epoch 30/50] loss=0.4473  val_acc=0.9373  macroF1=0.7972  edit=45.68  segF1@50=0.49
[b2a][epoch 31/50] loss=0.4331  val_acc=0.9452  macroF1=0.7959  edit=47.84  segF1@50=0.50
[b2a][epoch 32/50] loss=0.4662  val_acc=0.9419  macroF1=0.8003  edit=48.40  segF1@50=0.52
[b2a][epoch 33/50] loss=0.4588  val_acc=0.9492  macroF1=0.8020  edit=46.18  segF1@50=0.55
[b2a][epoch 34/50] loss=0.4092  val_acc=0.9472  macroF1=0.8060  edit=47.26  segF1@50=0.49
[b2a][epoch 35/50] loss=0.3837  val_acc=0.9452  macroF1=0.8074  edit=47.17  segF1@50=0.54
[b2a][epoch 36/50] loss=0.3765  val_acc=0.9545  macroF1=0.8153  edit=49.03  segF1@50=0.51
[b2a][epoch 37/50] loss=0.3588  val_acc=0.9518  macroF1=0.8177  edit=47.84  segF1@50=0.52
[b2a][epoch 38/50] loss=0.3446  val_acc=0.9551  macroF1=0.8199  edit=50.62  segF1@50=0.54
[b2a][epoch 39/50] loss=0.3393  val_acc=0.9545  macroF1=0.8195  edit=51.83  segF1@50=0.55
[b2a][epoch 40/50] loss=0.3375  val_acc=0.9479  macroF1=0.8076  edit=45.68  segF1@50=0.49
[b2a][epoch 41/50] loss=0.3291  val_acc=0.9571  macroF1=0.8212  edit=56.17  segF1@50=0.62
[b2a][epoch 42/50] loss=0.3416  val_acc=0.9485  macroF1=0.8184  edit=50.81  segF1@50=0.54
[b2a][epoch 43/50] loss=0.3961  val_acc=0.8680  macroF1=0.7009  edit=39.13  segF1@50=0.37
[b2a][epoch 44/50] loss=0.5518  val_acc=0.9228  macroF1=0.7595  edit=50.19  segF1@50=0.62
[b2a][epoch 45/50] loss=0.5883  val_acc=0.9307  macroF1=0.7757  edit=49.43  segF1@50=0.50
[b2a][epoch 46/50] loss=0.4714  val_acc=0.9439  macroF1=0.8017  edit=48.95  segF1@50=0.50
[b2a][epoch 47/50] loss=0.4420  val_acc=0.9465  macroF1=0.8105  edit=49.82  segF1@50=0.51
[b2a][epoch 48/50] loss=0.3819  val_acc=0.9300  macroF1=0.7831  edit=46.76  segF1@50=0.47
[b2a][epoch 49/50] loss=0.3956  val_acc=0.9538  macroF1=0.8198  edit=51.30  segF1@50=0.52
[b2a][epoch 50/50] loss=0.3128  val_acc=0.9571  macroF1=0.8234  edit=58.40  segF1@50=0.59
[b2a] best @epoch 41: acc=0.9571 macroF1=0.8212
[b2a] evidence written -> /home/ubuntu/slocal2/m2/experiments/transfer/b2a_oracle_mask_01_003_b2a_oracle_mask_01_seed456
