[b2a] train clips=13  val clips=3  in_dim=2063  tool_source=pred  classes=9  device=cuda
[b2a] evidence dir: /home/ubuntu/slocal2/m2/experiments/transfer/b2a_mask_dim_11_002_b2a_mask_dim_11_seed123
[b2a][epoch 1/50] loss=3.5618  val_acc=0.3677  macroF1=0.0768  edit=18.00  segF1@50=0.22
[b2a][epoch 2/50] loss=3.0432  val_acc=0.3677  macroF1=0.0768  edit=18.00  segF1@50=0.22
[b2a][epoch 3/50] loss=2.7404  val_acc=0.3340  macroF1=0.0715  edit=9.67  segF1@50=0.00
[b2a][epoch 4/50] loss=2.5884  val_acc=0.4759  macroF1=0.1469  edit=23.33  segF1@50=0.22
[b2a][epoch 5/50] loss=2.3915  val_acc=0.6455  macroF1=0.2159  edit=35.67  segF1@50=0.24
[b2a][epoch 6/50] loss=1.9937  val_acc=0.6739  macroF1=0.2293  edit=37.00  segF1@50=0.24
[b2a][epoch 7/50] loss=1.9858  val_acc=0.4653  macroF1=0.1546  edit=23.11  segF1@50=0.02
[b2a][epoch 8/50] loss=2.1047  val_acc=0.6495  macroF1=0.2172  edit=35.67  segF1@50=0.26
[b2a][epoch 9/50] loss=1.6445  val_acc=0.6548  macroF1=0.2252  edit=31.33  segF1@50=0.16
[b2a][epoch 10/50] loss=1.4300  val_acc=0.6746  macroF1=0.2300  edit=31.44  segF1@50=0.19
[b2a][epoch 11/50] loss=1.3232  val_acc=0.6673  macroF1=0.2768  edit=43.67  segF1@50=0.16
[b2a][epoch 12/50] loss=1.2221  val_acc=0.7459  macroF1=0.3834  edit=27.23  segF1@50=0.21
[b2a][epoch 13/50] loss=1.1104  val_acc=0.7696  macroF1=0.4035  edit=49.22  segF1@50=0.35
[b2a][epoch 14/50] loss=1.0306  val_acc=0.7789  macroF1=0.3960  edit=31.96  segF1@50=0.25
[b2a][epoch 15/50] loss=0.9861  val_acc=0.7947  macroF1=0.4443  edit=38.19  segF1@50=0.26
[b2a][epoch 16/50] loss=0.9040  val_acc=0.8145  macroF1=0.4730  edit=42.42  segF1@50=0.38
[b2a][epoch 17/50] loss=0.8768  val_acc=0.8442  macroF1=0.5848  edit=24.76  segF1@50=0.24
[b2a][epoch 18/50] loss=0.7773  val_acc=0.8304  macroF1=0.4870  edit=36.14  segF1@50=0.36
[b2a][epoch 19/50] loss=0.7325  val_acc=0.8469  macroF1=0.5664  edit=30.07  segF1@50=0.29
[b2a][epoch 20/50] loss=0.8275  val_acc=0.8964  macroF1=0.6642  edit=32.67  segF1@50=0.32
[b2a][epoch 21/50] loss=0.8085  val_acc=0.7597  macroF1=0.4982  edit=40.06  segF1@50=0.31
[b2a][epoch 22/50] loss=0.7566  val_acc=0.8587  macroF1=0.5941  edit=28.70  segF1@50=0.27
[b2a][epoch 23/50] loss=0.6552  val_acc=0.8911  macroF1=0.6964  edit=39.97  segF1@50=0.34
[b2a][epoch 24/50] loss=0.5954  val_acc=0.9043  macroF1=0.7109  edit=31.93  segF1@50=0.30
[b2a][epoch 25/50] loss=0.5611  val_acc=0.9109  macroF1=0.7313  edit=34.76  segF1@50=0.36
[b2a][epoch 26/50] loss=0.5289  val_acc=0.9056  macroF1=0.7143  edit=30.13  segF1@50=0.32
[b2a][epoch 27/50] loss=0.5034  val_acc=0.9083  macroF1=0.7062  edit=34.54  segF1@50=0.33
[b2a][epoch 28/50] loss=0.4853  val_acc=0.9162  macroF1=0.7575  edit=39.23  segF1@50=0.39
[b2a][epoch 29/50] loss=0.4777  val_acc=0.9050  macroF1=0.6927  edit=32.09  segF1@50=0.32
[b2a][epoch 30/50] loss=0.4519  val_acc=0.9195  macroF1=0.7626  edit=41.88  segF1@50=0.42
[b2a][epoch 31/50] loss=0.4366  val_acc=0.9208  macroF1=0.7662  edit=39.39  segF1@50=0.43
[b2a][epoch 32/50] loss=0.6019  val_acc=0.9215  macroF1=0.7338  edit=47.58  segF1@50=0.51
[b2a][epoch 33/50] loss=0.6120  val_acc=0.9122  macroF1=0.7618  edit=45.31  segF1@50=0.48
[b2a][epoch 34/50] loss=0.5449  val_acc=0.8620  macroF1=0.6465  edit=34.22  segF1@50=0.30
[b2a][epoch 35/50] loss=0.5362  val_acc=0.9050  macroF1=0.7558  edit=37.68  segF1@50=0.40
[b2a][epoch 36/50] loss=0.4687  val_acc=0.9017  macroF1=0.7082  edit=38.28  segF1@50=0.32
[b2a][epoch 37/50] loss=0.4489  val_acc=0.9287  macroF1=0.7822  edit=41.95  segF1@50=0.43
[b2a][epoch 38/50] loss=0.4099  val_acc=0.9149  macroF1=0.7394  edit=36.77  segF1@50=0.36
[b2a][epoch 39/50] loss=0.3844  val_acc=0.9267  macroF1=0.7795  edit=38.47  segF1@50=0.41
[b2a][epoch 40/50] loss=0.3798  val_acc=0.9122  macroF1=0.7336  edit=37.09  segF1@50=0.35
[b2a][epoch 41/50] loss=0.3859  val_acc=0.9300  macroF1=0.7792  edit=40.84  segF1@50=0.41
[b2a][epoch 42/50] loss=0.3640  val_acc=0.9287  macroF1=0.7643  edit=39.72  segF1@50=0.39
[b2a][epoch 43/50] loss=0.3412  val_acc=0.9327  macroF1=0.7833  edit=40.83  segF1@50=0.42
[b2a][epoch 44/50] loss=0.3273  val_acc=0.9287  macroF1=0.7713  edit=38.10  segF1@50=0.39
[b2a][epoch 45/50] loss=0.3190  val_acc=0.9314  macroF1=0.7835  edit=39.72  segF1@50=0.42
[b2a][epoch 46/50] loss=0.3135  val_acc=0.9300  macroF1=0.7742  edit=41.21  segF1@50=0.42
[b2a][epoch 47/50] loss=0.3063  val_acc=0.9340  macroF1=0.7839  edit=40.83  segF1@50=0.42
[b2a][epoch 48/50] loss=0.2983  val_acc=0.9307  macroF1=0.7793  edit=38.10  segF1@50=0.40
[b2a][epoch 49/50] loss=0.2939  val_acc=0.9340  macroF1=0.7855  edit=40.32  segF1@50=0.42
[b2a][epoch 50/50] loss=0.2950  val_acc=0.9353  macroF1=0.7790  edit=40.74  segF1@50=0.44
[b2a] best @epoch 50: acc=0.9353 macroF1=0.7790
[b2a] evidence written -> /home/ubuntu/slocal2/m2/experiments/transfer/b2a_mask_dim_11_002_b2a_mask_dim_11_seed123
