[b2a] train clips=13  val clips=3  in_dim=2063  tool_source=pred  classes=9  device=cuda
[b2a] evidence dir: /home/ubuntu/slocal2/m2/experiments/transfer/b2a_mask_dim_06_002_b2a_mask_dim_06_seed123
[b2a][epoch 1/50] loss=3.5670  val_acc=0.3677  macroF1=0.0768  edit=18.00  segF1@50=0.22
[b2a][epoch 2/50] loss=3.0530  val_acc=0.3677  macroF1=0.0768  edit=18.00  segF1@50=0.22
[b2a][epoch 3/50] loss=2.7536  val_acc=0.3340  macroF1=0.0715  edit=9.67  segF1@50=0.00
[b2a][epoch 4/50] loss=2.6187  val_acc=0.4772  macroF1=0.1475  edit=20.67  segF1@50=0.17
[b2a][epoch 5/50] loss=2.4492  val_acc=0.5644  macroF1=0.1851  edit=24.41  segF1@50=0.22
[b2a][epoch 6/50] loss=2.1024  val_acc=0.6746  macroF1=0.2293  edit=38.33  segF1@50=0.22
[b2a][epoch 7/50] loss=2.0625  val_acc=0.4409  macroF1=0.1421  edit=27.44  segF1@50=0.02
[b2a][epoch 8/50] loss=2.0595  val_acc=0.6594  macroF1=0.2209  edit=38.33  segF1@50=0.22
[b2a][epoch 9/50] loss=1.6829  val_acc=0.6660  macroF1=0.2279  edit=35.67  segF1@50=0.21
[b2a][epoch 10/50] loss=1.4942  val_acc=0.6673  macroF1=0.2282  edit=31.33  segF1@50=0.16
[b2a][epoch 11/50] loss=1.3527  val_acc=0.6799  macroF1=0.2965  edit=37.70  segF1@50=0.24
[b2a][epoch 12/50] loss=1.2323  val_acc=0.6739  macroF1=0.3031  edit=38.36  segF1@50=0.25
[b2a][epoch 13/50] loss=1.1562  val_acc=0.7855  macroF1=0.4093  edit=42.89  segF1@50=0.30
[b2a][epoch 14/50] loss=1.0776  val_acc=0.7518  macroF1=0.3933  edit=24.93  segF1@50=0.23
[b2a][epoch 15/50] loss=1.0201  val_acc=0.7888  macroF1=0.4494  edit=31.14  segF1@50=0.29
[b2a][epoch 16/50] loss=0.9284  val_acc=0.7967  macroF1=0.4640  edit=32.69  segF1@50=0.25
[b2a][epoch 17/50] loss=0.8946  val_acc=0.8172  macroF1=0.5610  edit=27.43  segF1@50=0.20
[b2a][epoch 18/50] loss=0.8099  val_acc=0.8185  macroF1=0.4887  edit=34.13  segF1@50=0.28
[b2a][epoch 19/50] loss=0.7595  val_acc=0.8581  macroF1=0.6061  edit=37.26  segF1@50=0.34
[b2a][epoch 20/50] loss=0.7759  val_acc=0.8667  macroF1=0.6309  edit=37.33  segF1@50=0.36
[b2a][epoch 21/50] loss=0.7346  val_acc=0.7934  macroF1=0.5618  edit=29.18  segF1@50=0.25
[b2a][epoch 22/50] loss=0.7232  val_acc=0.9003  macroF1=0.6796  edit=39.44  segF1@50=0.40
[b2a][epoch 23/50] loss=0.6324  val_acc=0.8515  macroF1=0.6302  edit=29.32  segF1@50=0.27
[b2a][epoch 24/50] loss=0.6059  val_acc=0.8871  macroF1=0.6782  edit=34.51  segF1@50=0.29
[b2a][epoch 25/50] loss=0.5957  val_acc=0.9129  macroF1=0.7511  edit=39.78  segF1@50=0.38
[b2a][epoch 26/50] loss=0.5547  val_acc=0.8667  macroF1=0.6446  edit=30.63  segF1@50=0.30
[b2a][epoch 27/50] loss=0.5241  val_acc=0.9135  macroF1=0.7410  edit=41.86  segF1@50=0.36
[b2a][epoch 28/50] loss=0.5272  val_acc=0.9129  macroF1=0.7210  edit=49.39  segF1@50=0.46
[b2a][epoch 29/50] loss=0.4934  val_acc=0.8851  macroF1=0.6847  edit=36.92  segF1@50=0.33
[b2a][epoch 30/50] loss=0.5076  val_acc=0.8997  macroF1=0.7643  edit=35.69  segF1@50=0.37
[b2a][epoch 31/50] loss=0.4761  val_acc=0.9175  macroF1=0.7522  edit=39.33  segF1@50=0.44
[b2a][epoch 32/50] loss=0.4787  val_acc=0.9089  macroF1=0.7240  edit=42.22  segF1@50=0.37
[b2a][epoch 33/50] loss=0.4516  val_acc=0.9221  macroF1=0.7788  edit=38.10  segF1@50=0.36
[b2a][epoch 34/50] loss=0.4337  val_acc=0.9036  macroF1=0.7109  edit=33.33  segF1@50=0.33
[b2a][epoch 35/50] loss=0.4195  val_acc=0.9201  macroF1=0.7825  edit=33.06  segF1@50=0.36
[b2a][epoch 36/50] loss=0.4040  val_acc=0.9056  macroF1=0.7050  edit=37.38  segF1@50=0.33
[b2a][epoch 37/50] loss=0.4012  val_acc=0.9228  macroF1=0.7901  edit=35.75  segF1@50=0.38
[b2a][epoch 38/50] loss=0.3903  val_acc=0.9129  macroF1=0.7246  edit=36.96  segF1@50=0.36
[b2a][epoch 39/50] loss=0.3835  val_acc=0.9274  macroF1=0.7930  edit=41.74  segF1@50=0.41
[b2a][epoch 40/50] loss=0.4121  val_acc=0.9050  macroF1=0.6887  edit=36.22  segF1@50=0.34
[b2a][epoch 41/50] loss=0.4040  val_acc=0.8983  macroF1=0.7624  edit=38.58  segF1@50=0.38
[b2a][epoch 42/50] loss=0.3694  val_acc=0.9188  macroF1=0.7600  edit=37.81  segF1@50=0.38
[b2a][epoch 43/50] loss=0.3459  val_acc=0.9287  macroF1=0.7827  edit=42.14  segF1@50=0.44
[b2a][epoch 44/50] loss=0.3327  val_acc=0.9201  macroF1=0.7722  edit=36.49  segF1@50=0.39
[b2a][epoch 45/50] loss=0.3200  val_acc=0.9162  macroF1=0.7789  edit=41.74  segF1@50=0.42
[b2a][epoch 46/50] loss=0.3144  val_acc=0.9333  macroF1=0.7845  edit=50.73  segF1@50=0.54
[b2a][epoch 47/50] loss=0.3034  val_acc=0.9294  macroF1=0.7851  edit=42.14  segF1@50=0.44
[b2a][epoch 48/50] loss=0.2946  val_acc=0.9274  macroF1=0.7839  edit=40.51  segF1@50=0.43
[b2a][epoch 49/50] loss=0.2849  val_acc=0.9267  macroF1=0.7817  edit=40.83  segF1@50=0.42
[b2a][epoch 50/50] loss=0.2808  val_acc=0.9307  macroF1=0.7827  edit=43.80  segF1@50=0.49
[b2a] best @epoch 46: acc=0.9333 macroF1=0.7845
[b2a] evidence written -> /home/ubuntu/slocal2/m2/experiments/transfer/b2a_mask_dim_06_002_b2a_mask_dim_06_seed123
