[b2a] train clips=13  val clips=3  in_dim=2063  tool_source=pred  classes=9  device=cuda
[b2a] evidence dir: /home/ubuntu/slocal2/m2/experiments/transfer/b2a_mask_dim_00_003_b2a_mask_dim_00_seed456
[b2a][epoch 1/50] loss=3.4911  val_acc=0.3340  macroF1=0.0715  edit=9.67  segF1@50=0.00
[b2a][epoch 2/50] loss=2.8887  val_acc=0.3650  macroF1=0.0767  edit=2.67  segF1@50=0.17
[b2a][epoch 3/50] loss=2.6951  val_acc=0.3340  macroF1=0.0715  edit=9.67  segF1@50=0.00
[b2a][epoch 4/50] loss=2.5982  val_acc=0.3677  macroF1=0.0768  edit=18.00  segF1@50=0.22
[b2a][epoch 5/50] loss=2.3496  val_acc=0.6772  macroF1=0.2275  edit=27.33  segF1@50=0.11
[b2a][epoch 6/50] loss=2.0312  val_acc=0.4851  macroF1=0.1636  edit=32.67  segF1@50=0.13
[b2a][epoch 7/50] loss=2.1707  val_acc=0.3340  macroF1=0.0715  edit=9.67  segF1@50=0.00
[b2a][epoch 8/50] loss=2.1698  val_acc=0.6746  macroF1=0.2272  edit=30.44  segF1@50=0.23
[b2a][epoch 9/50] loss=1.7449  val_acc=0.6442  macroF1=0.2217  edit=31.00  segF1@50=0.13
[b2a][epoch 10/50] loss=1.5212  val_acc=0.6191  macroF1=0.2139  edit=31.00  segF1@50=0.13
[b2a][epoch 11/50] loss=1.3541  val_acc=0.6508  macroF1=0.2598  edit=36.59  segF1@50=0.24
[b2a][epoch 12/50] loss=1.2173  val_acc=0.7300  macroF1=0.3544  edit=36.47  segF1@50=0.22
[b2a][epoch 13/50] loss=1.1167  val_acc=0.7571  macroF1=0.3905  edit=27.30  segF1@50=0.23
[b2a][epoch 14/50] loss=1.0334  val_acc=0.7947  macroF1=0.4501  edit=32.03  segF1@50=0.28
[b2a][epoch 15/50] loss=0.9628  val_acc=0.8059  macroF1=0.4605  edit=29.26  segF1@50=0.23
[b2a][epoch 16/50] loss=0.9126  val_acc=0.8772  macroF1=0.6392  edit=30.83  segF1@50=0.30
[b2a][epoch 17/50] loss=0.8612  val_acc=0.8686  macroF1=0.6126  edit=35.56  segF1@50=0.36
[b2a][epoch 18/50] loss=0.8031  val_acc=0.9003  macroF1=0.6751  edit=45.11  segF1@50=0.46
[b2a][epoch 19/50] loss=0.7447  val_acc=0.9017  macroF1=0.6758  edit=36.44  segF1@50=0.32
[b2a][epoch 20/50] loss=0.7062  val_acc=0.9017  macroF1=0.6721  edit=40.00  segF1@50=0.38
[b2a][epoch 21/50] loss=0.6779  val_acc=0.8997  macroF1=0.6799  edit=34.63  segF1@50=0.29
[b2a][epoch 22/50] loss=0.6176  val_acc=0.9129  macroF1=0.6763  edit=37.97  segF1@50=0.43
[b2a][epoch 23/50] loss=0.6030  val_acc=0.8865  macroF1=0.6912  edit=32.70  segF1@50=0.26
[b2a][epoch 24/50] loss=0.5870  val_acc=0.9149  macroF1=0.6823  edit=37.78  segF1@50=0.39
[b2a][epoch 25/50] loss=0.5515  val_acc=0.9043  macroF1=0.7022  edit=37.94  segF1@50=0.31
[b2a][epoch 26/50] loss=0.5270  val_acc=0.9122  macroF1=0.6961  edit=39.44  segF1@50=0.35
[b2a][epoch 27/50] loss=0.4852  val_acc=0.9129  macroF1=0.7329  edit=39.24  segF1@50=0.36
[b2a][epoch 28/50] loss=0.4634  val_acc=0.9063  macroF1=0.7080  edit=38.54  segF1@50=0.35
[b2a][epoch 29/50] loss=0.5332  val_acc=0.8581  macroF1=0.6351  edit=36.00  segF1@50=0.31
[b2a][epoch 30/50] loss=0.7739  val_acc=0.8739  macroF1=0.6528  edit=33.48  segF1@50=0.30
[b2a][epoch 31/50] loss=0.6336  val_acc=0.9003  macroF1=0.6880  edit=35.03  segF1@50=0.34
[b2a][epoch 32/50] loss=0.5311  val_acc=0.8957  macroF1=0.7156  edit=35.21  segF1@50=0.29
[b2a][epoch 33/50] loss=0.4604  val_acc=0.9116  macroF1=0.7033  edit=40.83  segF1@50=0.44
[b2a][epoch 34/50] loss=0.4257  val_acc=0.9162  macroF1=0.7248  edit=36.25  segF1@50=0.34
[b2a][epoch 35/50] loss=0.4043  val_acc=0.9142  macroF1=0.7373  edit=34.50  segF1@50=0.32
[b2a][epoch 36/50] loss=0.3932  val_acc=0.9168  macroF1=0.7493  edit=37.09  segF1@50=0.36
[b2a][epoch 37/50] loss=0.3788  val_acc=0.9215  macroF1=0.7523  edit=36.24  segF1@50=0.34
[b2a][epoch 38/50] loss=0.3611  val_acc=0.9234  macroF1=0.7454  edit=42.52  segF1@50=0.47
[b2a][epoch 39/50] loss=0.3520  val_acc=0.9195  macroF1=0.7371  edit=40.89  segF1@50=0.40
[b2a][epoch 40/50] loss=0.3405  val_acc=0.9155  macroF1=0.7444  edit=35.87  segF1@50=0.36
[b2a][epoch 41/50] loss=0.3381  val_acc=0.9274  macroF1=0.7540  edit=50.73  segF1@50=0.56
[b2a][epoch 42/50] loss=0.3485  val_acc=0.9248  macroF1=0.7551  edit=49.79  segF1@50=0.53
[b2a][epoch 43/50] loss=0.3455  val_acc=0.9188  macroF1=0.7241  edit=40.09  segF1@50=0.40
[b2a][epoch 44/50] loss=0.3229  val_acc=0.9234  macroF1=0.7557  edit=41.21  segF1@50=0.42
[b2a][epoch 45/50] loss=0.3177  val_acc=0.9109  macroF1=0.7108  edit=37.07  segF1@50=0.36
[b2a][epoch 46/50] loss=0.3188  val_acc=0.9274  macroF1=0.7578  edit=50.73  segF1@50=0.54
[b2a][epoch 47/50] loss=0.3199  val_acc=0.9030  macroF1=0.7328  edit=27.18  segF1@50=0.29
[b2a][epoch 48/50] loss=0.5143  val_acc=0.9003  macroF1=0.6700  edit=27.40  segF1@50=0.30
[b2a][epoch 49/50] loss=0.8703  val_acc=0.8561  macroF1=0.6442  edit=38.44  segF1@50=0.36
[b2a][epoch 50/50] loss=0.7542  val_acc=0.8653  macroF1=0.6625  edit=23.41  segF1@50=0.22
[b2a] best @epoch 41: acc=0.9274 macroF1=0.7540
[b2a] evidence written -> /home/ubuntu/slocal2/m2/experiments/transfer/b2a_mask_dim_00_003_b2a_mask_dim_00_seed456
