[b2a] train clips=13  val clips=3  in_dim=2063  tool_source=oracle  classes=9  device=cuda
[b2a] evidence dir: /home/ubuntu/slocal2/m2/experiments/transfer/b2a_oracle_mask_03_003_b2a_oracle_mask_03_seed456
[b2a][epoch 1/50] loss=3.4898  val_acc=0.3340  macroF1=0.0715  edit=9.67  segF1@50=0.00
[b2a][epoch 2/50] loss=2.8855  val_acc=0.3650  macroF1=0.0767  edit=2.67  segF1@50=0.17
[b2a][epoch 3/50] loss=2.6868  val_acc=0.3340  macroF1=0.0715  edit=9.67  segF1@50=0.00
[b2a][epoch 4/50] loss=2.5849  val_acc=0.3677  macroF1=0.0768  edit=18.00  segF1@50=0.22
[b2a][epoch 5/50] loss=2.3252  val_acc=0.6818  macroF1=0.2291  edit=27.33  segF1@50=0.11
[b2a][epoch 6/50] loss=1.9902  val_acc=0.4997  macroF1=0.1699  edit=38.79  segF1@50=0.18
[b2a][epoch 7/50] loss=1.9836  val_acc=0.3690  macroF1=0.0983  edit=17.86  segF1@50=0.00
[b2a][epoch 8/50] loss=1.9446  val_acc=0.5472  macroF1=0.1897  edit=31.00  segF1@50=0.11
[b2a][epoch 9/50] loss=1.6911  val_acc=0.6554  macroF1=0.2259  edit=37.00  segF1@50=0.22
[b2a][epoch 10/50] loss=1.3876  val_acc=0.6554  macroF1=0.2248  edit=37.00  segF1@50=0.22
[b2a][epoch 11/50] loss=1.2524  val_acc=0.7261  macroF1=0.3436  edit=33.17  segF1@50=0.25
[b2a][epoch 12/50] loss=1.1404  val_acc=0.7591  macroF1=0.3736  edit=35.57  segF1@50=0.25
[b2a][epoch 13/50] loss=1.0550  val_acc=0.7650  macroF1=0.4145  edit=32.00  segF1@50=0.23
[b2a][epoch 14/50] loss=0.9760  val_acc=0.8376  macroF1=0.4878  edit=35.76  segF1@50=0.32
[b2a][epoch 15/50] loss=0.8863  val_acc=0.8185  macroF1=0.4630  edit=34.54  segF1@50=0.27
[b2a][epoch 16/50] loss=0.8304  val_acc=0.8970  macroF1=0.6531  edit=36.12  segF1@50=0.33
[b2a][epoch 17/50] loss=0.7669  val_acc=0.9162  macroF1=0.6812  edit=43.26  segF1@50=0.40
[b2a][epoch 18/50] loss=0.7125  val_acc=0.9168  macroF1=0.6889  edit=37.97  segF1@50=0.36
[b2a][epoch 19/50] loss=0.6485  val_acc=0.9228  macroF1=0.7385  edit=42.43  segF1@50=0.39
[b2a][epoch 20/50] loss=0.6074  val_acc=0.9366  macroF1=0.7670  edit=56.48  segF1@50=0.56
[b2a][epoch 21/50] loss=0.5675  val_acc=0.9208  macroF1=0.7210  edit=34.52  segF1@50=0.34
[b2a][epoch 22/50] loss=0.6745  val_acc=0.8376  macroF1=0.5864  edit=31.15  segF1@50=0.34
[b2a][epoch 23/50] loss=0.6547  val_acc=0.9307  macroF1=0.7367  edit=44.44  segF1@50=0.46
[b2a][epoch 24/50] loss=0.5771  val_acc=0.9043  macroF1=0.6823  edit=41.62  segF1@50=0.41
[b2a][epoch 25/50] loss=0.5756  val_acc=0.9320  macroF1=0.7824  edit=40.32  segF1@50=0.43
[b2a][epoch 26/50] loss=0.5341  val_acc=0.9215  macroF1=0.7194  edit=40.61  segF1@50=0.44
[b2a][epoch 27/50] loss=0.5005  val_acc=0.9426  macroF1=0.8000  edit=48.44  segF1@50=0.50
[b2a][epoch 28/50] loss=0.4684  val_acc=0.9254  macroF1=0.7257  edit=38.08  segF1@50=0.40
[b2a][epoch 29/50] loss=0.5280  val_acc=0.9498  macroF1=0.8049  edit=49.60  segF1@50=0.50
[b2a][epoch 30/50] loss=0.5875  val_acc=0.9228  macroF1=0.6991  edit=53.56  segF1@50=0.65
[b2a][epoch 31/50] loss=0.5171  val_acc=0.9399  macroF1=0.7962  edit=45.36  segF1@50=0.46
[b2a][epoch 32/50] loss=0.4722  val_acc=0.9413  macroF1=0.7980  edit=54.93  segF1@50=0.51
[b2a][epoch 33/50] loss=0.4590  val_acc=0.9406  macroF1=0.7895  edit=64.22  segF1@50=0.70
[b2a][epoch 34/50] loss=0.4159  val_acc=0.9551  macroF1=0.8179  edit=62.82  segF1@50=0.67
[b2a][epoch 35/50] loss=0.3918  val_acc=0.9525  macroF1=0.8139  edit=53.02  segF1@50=0.54
[b2a][epoch 36/50] loss=0.3739  val_acc=0.9531  macroF1=0.8207  edit=53.02  segF1@50=0.55
[b2a][epoch 37/50] loss=0.3598  val_acc=0.9551  macroF1=0.8220  edit=60.26  segF1@50=0.69
[b2a][epoch 38/50] loss=0.3521  val_acc=0.9571  macroF1=0.8214  edit=57.26  segF1@50=0.63
[b2a][epoch 39/50] loss=0.3460  val_acc=0.9505  macroF1=0.8192  edit=47.44  segF1@50=0.51
[b2a][epoch 40/50] loss=0.3327  val_acc=0.9564  macroF1=0.8226  edit=54.22  segF1@50=0.54
[b2a][epoch 41/50] loss=0.3259  val_acc=0.9518  macroF1=0.8209  edit=49.97  segF1@50=0.53
[b2a][epoch 42/50] loss=0.3165  val_acc=0.9584  macroF1=0.8244  edit=58.44  segF1@50=0.65
[b2a][epoch 43/50] loss=0.3075  val_acc=0.9584  macroF1=0.8250  edit=59.78  segF1@50=0.64
[b2a][epoch 44/50] loss=0.3041  val_acc=0.9558  macroF1=0.8259  edit=51.56  segF1@50=0.56
[b2a][epoch 45/50] loss=0.2946  val_acc=0.9538  macroF1=0.8229  edit=51.56  segF1@50=0.56
[b2a][epoch 46/50] loss=0.2883  val_acc=0.9578  macroF1=0.8248  edit=55.56  segF1@50=0.56
[b2a][epoch 47/50] loss=0.2881  val_acc=0.9512  macroF1=0.8149  edit=47.56  segF1@50=0.52
[b2a][epoch 48/50] loss=0.2994  val_acc=0.9492  macroF1=0.8143  edit=45.25  segF1@50=0.51
[b2a][epoch 49/50] loss=0.4616  val_acc=0.9472  macroF1=0.7845  edit=59.26  segF1@50=0.64
[b2a][epoch 50/50] loss=0.4552  val_acc=0.9366  macroF1=0.7945  edit=41.94  segF1@50=0.41
[b2a] best @epoch 42: acc=0.9584 macroF1=0.8244
[b2a] evidence written -> /home/ubuntu/slocal2/m2/experiments/transfer/b2a_oracle_mask_03_003_b2a_oracle_mask_03_seed456
