[b2a] train clips=13  val clips=3  in_dim=2063  tool_source=oracle  classes=9  device=cuda
[b2a] evidence dir: /home/ubuntu/slocal2/m2/experiments/transfer/b2a_oracle_mask_08_001_b2a_oracle_mask_08_seed42
[b2a][epoch 1/50] loss=3.7482  val_acc=0.3624  macroF1=0.0766  edit=2.67  segF1@50=0.17
[b2a][epoch 2/50] loss=2.8720  val_acc=0.3201  macroF1=0.1103  edit=3.74  segF1@50=0.01
[b2a][epoch 3/50] loss=2.6895  val_acc=0.3670  macroF1=0.0768  edit=1.33  segF1@50=0.17
[b2a][epoch 4/50] loss=2.4485  val_acc=0.5512  macroF1=0.1907  edit=21.67  segF1@50=0.02
[b2a][epoch 5/50] loss=2.4314  val_acc=0.6112  macroF1=0.2035  edit=30.85  segF1@50=0.27
[b2a][epoch 6/50] loss=2.0520  val_acc=0.6746  macroF1=0.2297  edit=32.67  segF1@50=0.14
[b2a][epoch 7/50] loss=1.6493  val_acc=0.6442  macroF1=0.2216  edit=41.00  segF1@50=0.20
[b2a][epoch 8/50] loss=1.5360  val_acc=0.6587  macroF1=0.2256  edit=39.67  segF1@50=0.22
[b2a][epoch 9/50] loss=1.4371  val_acc=0.6785  macroF1=0.2295  edit=32.67  segF1@50=0.14
[b2a][epoch 10/50] loss=1.3801  val_acc=0.5954  macroF1=0.2493  edit=27.50  segF1@50=0.12
[b2a][epoch 11/50] loss=1.2816  val_acc=0.7663  macroF1=0.4193  edit=42.22  segF1@50=0.28
[b2a][epoch 12/50] loss=1.1683  val_acc=0.8693  macroF1=0.6031  edit=34.56  segF1@50=0.30
[b2a][epoch 13/50] loss=1.1005  val_acc=0.8033  macroF1=0.5100  edit=37.33  segF1@50=0.22
[b2a][epoch 14/50] loss=0.9937  val_acc=0.8271  macroF1=0.4614  edit=43.03  segF1@50=0.41
[b2a][epoch 15/50] loss=0.9077  val_acc=0.8845  macroF1=0.6482  edit=40.27  segF1@50=0.34
[b2a][epoch 16/50] loss=0.8048  val_acc=0.8719  macroF1=0.6187  edit=41.84  segF1@50=0.36
[b2a][epoch 17/50] loss=0.7608  val_acc=0.8700  macroF1=0.6451  edit=33.83  segF1@50=0.27
[b2a][epoch 18/50] loss=0.7588  val_acc=0.8422  macroF1=0.6063  edit=40.97  segF1@50=0.35
[b2a][epoch 19/50] loss=0.7749  val_acc=0.9241  macroF1=0.7481  edit=41.86  segF1@50=0.41
[b2a][epoch 20/50] loss=0.6870  val_acc=0.9076  macroF1=0.6653  edit=45.78  segF1@50=0.46
[b2a][epoch 21/50] loss=0.6186  val_acc=0.9069  macroF1=0.7432  edit=35.68  segF1@50=0.30
[b2a][epoch 22/50] loss=0.5686  val_acc=0.9076  macroF1=0.7256  edit=47.47  segF1@50=0.42
[b2a][epoch 23/50] loss=0.5345  val_acc=0.9254  macroF1=0.7374  edit=39.22  segF1@50=0.38
[b2a][epoch 24/50] loss=0.5049  val_acc=0.9446  macroF1=0.7920  edit=52.84  segF1@50=0.58
[b2a][epoch 25/50] loss=0.4935  val_acc=0.9380  macroF1=0.7724  edit=46.91  segF1@50=0.49
[b2a][epoch 26/50] loss=0.4661  val_acc=0.9406  macroF1=0.7894  edit=45.24  segF1@50=0.46
[b2a][epoch 27/50] loss=0.4448  val_acc=0.9327  macroF1=0.7745  edit=46.15  segF1@50=0.47
[b2a][epoch 28/50] loss=0.4347  val_acc=0.9485  macroF1=0.8032  edit=54.21  segF1@50=0.60
[b2a][epoch 29/50] loss=0.4161  val_acc=0.9294  macroF1=0.7538  edit=44.67  segF1@50=0.46
[b2a][epoch 30/50] loss=0.4391  val_acc=0.8805  macroF1=0.7417  edit=38.73  segF1@50=0.41
[b2a][epoch 31/50] loss=0.5482  val_acc=0.9267  macroF1=0.6920  edit=42.96  segF1@50=0.48
[b2a][epoch 32/50] loss=0.4921  val_acc=0.9327  macroF1=0.7845  edit=44.27  segF1@50=0.44
[b2a][epoch 33/50] loss=0.4155  val_acc=0.9413  macroF1=0.7941  edit=48.41  segF1@50=0.48
[b2a][epoch 34/50] loss=0.3861  val_acc=0.9426  macroF1=0.7948  edit=46.17  segF1@50=0.49
[b2a][epoch 35/50] loss=0.3665  val_acc=0.9479  macroF1=0.8059  edit=50.11  segF1@50=0.51
[b2a][epoch 36/50] loss=0.3528  val_acc=0.9465  macroF1=0.8038  edit=48.44  segF1@50=0.50
[b2a][epoch 37/50] loss=0.3489  val_acc=0.9432  macroF1=0.7994  edit=43.36  segF1@50=0.47
[b2a][epoch 38/50] loss=0.3735  val_acc=0.8680  macroF1=0.7255  edit=41.47  segF1@50=0.41
[b2a][epoch 39/50] loss=0.4172  val_acc=0.9413  macroF1=0.7901  edit=50.22  segF1@50=0.55
[b2a][epoch 40/50] loss=0.3771  val_acc=0.9564  macroF1=0.8215  edit=55.11  segF1@50=0.62
[b2a][epoch 41/50] loss=0.3517  val_acc=0.9485  macroF1=0.8149  edit=46.66  segF1@50=0.48
[b2a][epoch 42/50] loss=0.3732  val_acc=0.9413  macroF1=0.8014  edit=48.02  segF1@50=0.54
[b2a][epoch 43/50] loss=0.3579  val_acc=0.9267  macroF1=0.7347  edit=48.86  segF1@50=0.50
[b2a][epoch 44/50] loss=0.3580  val_acc=0.9386  macroF1=0.7965  edit=49.38  segF1@50=0.52
[b2a][epoch 45/50] loss=0.3678  val_acc=0.9300  macroF1=0.7822  edit=43.52  segF1@50=0.42
[b2a][epoch 46/50] loss=0.3543  val_acc=0.9459  macroF1=0.8027  edit=46.83  segF1@50=0.51
[b2a][epoch 47/50] loss=0.3475  val_acc=0.9465  macroF1=0.8095  edit=47.03  segF1@50=0.48
[b2a][epoch 48/50] loss=0.3566  val_acc=0.9406  macroF1=0.7875  edit=47.80  segF1@50=0.50
[b2a][epoch 49/50] loss=0.3018  val_acc=0.9545  macroF1=0.8211  edit=52.89  segF1@50=0.54
[b2a][epoch 50/50] loss=0.2809  val_acc=0.9564  macroF1=0.8261  edit=54.22  segF1@50=0.56
[b2a] best @epoch 40: acc=0.9564 macroF1=0.8215
[b2a] evidence written -> /home/ubuntu/slocal2/m2/experiments/transfer/b2a_oracle_mask_08_001_b2a_oracle_mask_08_seed42
