[b2a] train clips=13  val clips=3  in_dim=2063  tool_source=pred  classes=9  device=cuda
[b2a] evidence dir: /home/ubuntu/slocal2/m2/experiments/transfer/b2a_mask_dim_13_002_b2a_mask_dim_13_seed123
[b2a][epoch 1/50] loss=3.5620  val_acc=0.3677  macroF1=0.0768  edit=18.00  segF1@50=0.22
[b2a][epoch 2/50] loss=3.0439  val_acc=0.3677  macroF1=0.0768  edit=18.00  segF1@50=0.22
[b2a][epoch 3/50] loss=2.7415  val_acc=0.3340  macroF1=0.0715  edit=9.67  segF1@50=0.00
[b2a][epoch 4/50] loss=2.5888  val_acc=0.4759  macroF1=0.1469  edit=20.67  segF1@50=0.22
[b2a][epoch 5/50] loss=2.3906  val_acc=0.6455  macroF1=0.2160  edit=39.67  segF1@50=0.24
[b2a][epoch 6/50] loss=1.9915  val_acc=0.6739  macroF1=0.2293  edit=37.00  segF1@50=0.24
[b2a][epoch 7/50] loss=1.9913  val_acc=0.4568  macroF1=0.1503  edit=28.04  segF1@50=0.02
[b2a][epoch 8/50] loss=2.1638  val_acc=0.6376  macroF1=0.2129  edit=32.44  segF1@50=0.26
[b2a][epoch 9/50] loss=1.6662  val_acc=0.6482  macroF1=0.2233  edit=31.33  segF1@50=0.14
[b2a][epoch 10/50] loss=1.4470  val_acc=0.6726  macroF1=0.2293  edit=30.11  segF1@50=0.15
[b2a][epoch 11/50] loss=1.3385  val_acc=0.6574  macroF1=0.2653  edit=49.33  segF1@50=0.17
[b2a][epoch 12/50] loss=1.2531  val_acc=0.7512  macroF1=0.3809  edit=41.41  segF1@50=0.28
[b2a][epoch 13/50] loss=1.1354  val_acc=0.7663  macroF1=0.4028  edit=47.89  segF1@50=0.34
[b2a][epoch 14/50] loss=1.0564  val_acc=0.7703  macroF1=0.3749  edit=31.74  segF1@50=0.22
[b2a][epoch 15/50] loss=1.0077  val_acc=0.7782  macroF1=0.4065  edit=33.06  segF1@50=0.28
[b2a][epoch 16/50] loss=0.9225  val_acc=0.7921  macroF1=0.4189  edit=34.44  segF1@50=0.28
[b2a][epoch 17/50] loss=0.8918  val_acc=0.8370  macroF1=0.5787  edit=24.54  segF1@50=0.18
[b2a][epoch 18/50] loss=0.8043  val_acc=0.8277  macroF1=0.4804  edit=36.09  segF1@50=0.34
[b2a][epoch 19/50] loss=0.7523  val_acc=0.8422  macroF1=0.5529  edit=42.92  segF1@50=0.38
[b2a][epoch 20/50] loss=0.7071  val_acc=0.8363  macroF1=0.5052  edit=27.51  segF1@50=0.23
[b2a][epoch 21/50] loss=0.6760  val_acc=0.8587  macroF1=0.6339  edit=29.72  segF1@50=0.27
[b2a][epoch 22/50] loss=0.7646  val_acc=0.8746  macroF1=0.6296  edit=31.47  segF1@50=0.29
[b2a][epoch 23/50] loss=0.7506  val_acc=0.8706  macroF1=0.6528  edit=31.41  segF1@50=0.28
[b2a][epoch 24/50] loss=0.6534  val_acc=0.9023  macroF1=0.7087  edit=34.02  segF1@50=0.32
[b2a][epoch 25/50] loss=0.5797  val_acc=0.9010  macroF1=0.7204  edit=35.59  segF1@50=0.33
[b2a][epoch 26/50] loss=0.5491  val_acc=0.9168  macroF1=0.7543  edit=35.96  segF1@50=0.35
[b2a][epoch 27/50] loss=0.5234  val_acc=0.8957  macroF1=0.6746  edit=32.37  segF1@50=0.30
[b2a][epoch 28/50] loss=0.5094  val_acc=0.9155  macroF1=0.7582  edit=38.45  segF1@50=0.37
[b2a][epoch 29/50] loss=0.4856  val_acc=0.9142  macroF1=0.7259  edit=41.57  segF1@50=0.37
[b2a][epoch 30/50] loss=0.4731  val_acc=0.9175  macroF1=0.7569  edit=40.32  segF1@50=0.39
[b2a][epoch 31/50] loss=0.4446  val_acc=0.9201  macroF1=0.7526  edit=36.47  segF1@50=0.38
[b2a][epoch 32/50] loss=0.4362  val_acc=0.9234  macroF1=0.7465  edit=43.33  segF1@50=0.40
[b2a][epoch 33/50] loss=0.4454  val_acc=0.9221  macroF1=0.7750  edit=38.99  segF1@50=0.41
[b2a][epoch 34/50] loss=0.5159  val_acc=0.9083  macroF1=0.6754  edit=32.22  segF1@50=0.33
[b2a][epoch 35/50] loss=0.4738  val_acc=0.9122  macroF1=0.7653  edit=34.10  segF1@50=0.35
[b2a][epoch 36/50] loss=0.4427  val_acc=0.9182  macroF1=0.7603  edit=40.87  segF1@50=0.40
[b2a][epoch 37/50] loss=0.4154  val_acc=0.9340  macroF1=0.7815  edit=42.47  segF1@50=0.46
[b2a][epoch 38/50] loss=0.3964  val_acc=0.9215  macroF1=0.7622  edit=40.38  segF1@50=0.39
[b2a][epoch 39/50] loss=0.3820  val_acc=0.9333  macroF1=0.7849  edit=41.40  segF1@50=0.42
[b2a][epoch 40/50] loss=0.4033  val_acc=0.9122  macroF1=0.6953  edit=35.28  segF1@50=0.31
[b2a][epoch 41/50] loss=0.4349  val_acc=0.8601  macroF1=0.7162  edit=30.03  segF1@50=0.31
[b2a][epoch 42/50] loss=0.4208  val_acc=0.9201  macroF1=0.7362  edit=45.47  segF1@50=0.50
[b2a][epoch 43/50] loss=0.4140  val_acc=0.9274  macroF1=0.7763  edit=38.79  segF1@50=0.39
[b2a][epoch 44/50] loss=0.3759  val_acc=0.9063  macroF1=0.7478  edit=32.87  segF1@50=0.32
[b2a][epoch 45/50] loss=0.3479  val_acc=0.9347  macroF1=0.7883  edit=41.99  segF1@50=0.48
[b2a][epoch 46/50] loss=0.3302  val_acc=0.9228  macroF1=0.7698  edit=43.56  segF1@50=0.41
[b2a][epoch 47/50] loss=0.3188  val_acc=0.9281  macroF1=0.7793  edit=38.89  segF1@50=0.41
[b2a][epoch 48/50] loss=0.3055  val_acc=0.9333  macroF1=0.7802  edit=42.47  segF1@50=0.43
[b2a][epoch 49/50] loss=0.2963  val_acc=0.9327  macroF1=0.7837  edit=41.11  segF1@50=0.42
[b2a][epoch 50/50] loss=0.2892  val_acc=0.9347  macroF1=0.7848  edit=41.62  segF1@50=0.43
[b2a] best @epoch 45: acc=0.9347 macroF1=0.7883
[b2a] evidence written -> /home/ubuntu/slocal2/m2/experiments/transfer/b2a_mask_dim_13_002_b2a_mask_dim_13_seed123
