[b2a] train clips=13  val clips=3  in_dim=2063  tool_source=pred  classes=9  device=cuda
[b2a] evidence dir: /home/ubuntu/slocal2/m2/experiments/transfer/b2a_mask_dim_07_002_b2a_mask_dim_07_seed123
[b2a][epoch 1/50] loss=3.5614  val_acc=0.3677  macroF1=0.0768  edit=18.00  segF1@50=0.22
[b2a][epoch 2/50] loss=3.0433  val_acc=0.3677  macroF1=0.0768  edit=18.00  segF1@50=0.22
[b2a][epoch 3/50] loss=2.7408  val_acc=0.3340  macroF1=0.0715  edit=9.67  segF1@50=0.00
[b2a][epoch 4/50] loss=2.5887  val_acc=0.4759  macroF1=0.1469  edit=23.33  segF1@50=0.22
[b2a][epoch 5/50] loss=2.3919  val_acc=0.6455  macroF1=0.2160  edit=39.67  segF1@50=0.24
[b2a][epoch 6/50] loss=1.9920  val_acc=0.6726  macroF1=0.2289  edit=37.00  segF1@50=0.24
[b2a][epoch 7/50] loss=1.9997  val_acc=0.4422  macroF1=0.1428  edit=22.11  segF1@50=0.02
[b2a][epoch 8/50] loss=2.2258  val_acc=0.6139  macroF1=0.2042  edit=27.28  segF1@50=0.24
[b2a][epoch 9/50] loss=1.6685  val_acc=0.6363  macroF1=0.2199  edit=32.67  segF1@50=0.14
[b2a][epoch 10/50] loss=1.4216  val_acc=0.6746  macroF1=0.2300  edit=31.44  segF1@50=0.19
[b2a][epoch 11/50] loss=1.3229  val_acc=0.6495  macroF1=0.2512  edit=34.00  segF1@50=0.16
[b2a][epoch 12/50] loss=1.2154  val_acc=0.7584  macroF1=0.3908  edit=37.79  segF1@50=0.28
[b2a][epoch 13/50] loss=1.1161  val_acc=0.7644  macroF1=0.4017  edit=49.22  segF1@50=0.36
[b2a][epoch 14/50] loss=1.0362  val_acc=0.7696  macroF1=0.3907  edit=35.19  segF1@50=0.25
[b2a][epoch 15/50] loss=0.9970  val_acc=0.7993  macroF1=0.4458  edit=40.10  segF1@50=0.27
[b2a][epoch 16/50] loss=0.9146  val_acc=0.8092  macroF1=0.4663  edit=38.55  segF1@50=0.33
[b2a][epoch 17/50] loss=0.8992  val_acc=0.8528  macroF1=0.6146  edit=33.95  segF1@50=0.31
[b2a][epoch 18/50] loss=0.8003  val_acc=0.8224  macroF1=0.4787  edit=33.47  segF1@50=0.35
[b2a][epoch 19/50] loss=0.8284  val_acc=0.8224  macroF1=0.5082  edit=29.75  segF1@50=0.23
[b2a][epoch 20/50] loss=0.9531  val_acc=0.7545  macroF1=0.4238  edit=27.54  segF1@50=0.23
[b2a][epoch 21/50] loss=0.9186  val_acc=0.8686  macroF1=0.6398  edit=24.85  segF1@50=0.21
[b2a][epoch 22/50] loss=0.7597  val_acc=0.8455  macroF1=0.5735  edit=31.03  segF1@50=0.25
[b2a][epoch 23/50] loss=0.7011  val_acc=0.8878  macroF1=0.6820  edit=33.46  segF1@50=0.29
[b2a][epoch 24/50] loss=0.6364  val_acc=0.8851  macroF1=0.6802  edit=30.79  segF1@50=0.28
[b2a][epoch 25/50] loss=0.5980  val_acc=0.9056  macroF1=0.7253  edit=34.68  segF1@50=0.30
[b2a][epoch 26/50] loss=0.5680  val_acc=0.9063  macroF1=0.7063  edit=36.11  segF1@50=0.34
[b2a][epoch 27/50] loss=0.5487  val_acc=0.8832  macroF1=0.6737  edit=38.44  segF1@50=0.33
[b2a][epoch 28/50] loss=0.5367  val_acc=0.8937  macroF1=0.7194  edit=40.46  segF1@50=0.34
[b2a][epoch 29/50] loss=0.5323  val_acc=0.9155  macroF1=0.7036  edit=41.97  segF1@50=0.41
[b2a][epoch 30/50] loss=0.5137  val_acc=0.9208  macroF1=0.7577  edit=42.78  segF1@50=0.42
[b2a][epoch 31/50] loss=0.4774  val_acc=0.9089  macroF1=0.6955  edit=37.09  segF1@50=0.40
[b2a][epoch 32/50] loss=0.4566  val_acc=0.9102  macroF1=0.7422  edit=41.51  segF1@50=0.37
[b2a][epoch 33/50] loss=0.4401  val_acc=0.9215  macroF1=0.7571  edit=41.67  segF1@50=0.42
[b2a][epoch 34/50] loss=0.4263  val_acc=0.9195  macroF1=0.7457  edit=41.85  segF1@50=0.39
[b2a][epoch 35/50] loss=0.4127  val_acc=0.9228  macroF1=0.7728  edit=41.16  segF1@50=0.42
[b2a][epoch 36/50] loss=0.3971  val_acc=0.9182  macroF1=0.7562  edit=37.81  segF1@50=0.37
[b2a][epoch 37/50] loss=0.3858  val_acc=0.9241  macroF1=0.7784  edit=39.90  segF1@50=0.41
[b2a][epoch 38/50] loss=0.3823  val_acc=0.9281  macroF1=0.7538  edit=42.36  segF1@50=0.44
[b2a][epoch 39/50] loss=0.3998  val_acc=0.8924  macroF1=0.7493  edit=31.82  segF1@50=0.32
[b2a][epoch 40/50] loss=0.4573  val_acc=0.9129  macroF1=0.6795  edit=35.87  segF1@50=0.30
[b2a][epoch 41/50] loss=0.5635  val_acc=0.8746  macroF1=0.6976  edit=35.50  segF1@50=0.33
[b2a][epoch 42/50] loss=0.4399  val_acc=0.9182  macroF1=0.7458  edit=42.22  segF1@50=0.39
[b2a][epoch 43/50] loss=0.4428  val_acc=0.9320  macroF1=0.7773  edit=39.47  segF1@50=0.41
[b2a][epoch 44/50] loss=0.3792  val_acc=0.9043  macroF1=0.7583  edit=36.44  segF1@50=0.35
[b2a][epoch 45/50] loss=0.3586  val_acc=0.9307  macroF1=0.7701  edit=44.44  segF1@50=0.43
[b2a][epoch 46/50] loss=0.3265  val_acc=0.9300  macroF1=0.7846  edit=40.00  segF1@50=0.42
[b2a][epoch 47/50] loss=0.3189  val_acc=0.9267  macroF1=0.7772  edit=37.62  segF1@50=0.39
[b2a][epoch 48/50] loss=0.3097  val_acc=0.9281  macroF1=0.7832  edit=40.83  segF1@50=0.42
[b2a][epoch 49/50] loss=0.2986  val_acc=0.9314  macroF1=0.7853  edit=40.00  segF1@50=0.42
[b2a][epoch 50/50] loss=0.2920  val_acc=0.9333  macroF1=0.7840  edit=40.00  segF1@50=0.42
[b2a] best @epoch 50: acc=0.9333 macroF1=0.7840
[b2a] evidence written -> /home/ubuntu/slocal2/m2/experiments/transfer/b2a_mask_dim_07_002_b2a_mask_dim_07_seed123
