[b2a] train clips=13  val clips=3  in_dim=2063  tool_source=oracle  classes=9  device=cuda
[b2a] evidence dir: /home/ubuntu/slocal2/m2/experiments/transfer/b2a_oracle_mask_02_002_b2a_oracle_mask_02_seed123
[b2a][epoch 1/50] loss=3.5624  val_acc=0.3677  macroF1=0.0768  edit=18.00  segF1@50=0.22
[b2a][epoch 2/50] loss=3.0382  val_acc=0.3677  macroF1=0.0768  edit=18.00  segF1@50=0.22
[b2a][epoch 3/50] loss=2.7356  val_acc=0.3340  macroF1=0.0715  edit=9.67  segF1@50=0.00
[b2a][epoch 4/50] loss=2.5764  val_acc=0.4759  macroF1=0.1469  edit=20.67  segF1@50=0.22
[b2a][epoch 5/50] loss=2.3687  val_acc=0.6528  macroF1=0.2187  edit=35.67  segF1@50=0.24
[b2a][epoch 6/50] loss=1.9471  val_acc=0.6752  macroF1=0.2296  edit=31.67  segF1@50=0.22
[b2a][epoch 7/50] loss=1.9516  val_acc=0.4898  macroF1=0.1659  edit=22.71  segF1@50=0.02
[b2a][epoch 8/50] loss=2.0528  val_acc=0.6627  macroF1=0.2221  edit=35.67  segF1@50=0.22
[b2a][epoch 9/50] loss=1.6108  val_acc=0.6640  macroF1=0.2279  edit=39.67  segF1@50=0.22
[b2a][epoch 10/50] loss=1.4101  val_acc=0.6746  macroF1=0.2302  edit=26.00  segF1@50=0.15
[b2a][epoch 11/50] loss=1.2852  val_acc=0.7201  macroF1=0.3430  edit=27.12  segF1@50=0.16
[b2a][epoch 12/50] loss=1.1871  val_acc=0.7683  macroF1=0.4019  edit=37.51  segF1@50=0.28
[b2a][epoch 13/50] loss=1.0742  val_acc=0.7828  macroF1=0.4096  edit=53.44  segF1@50=0.42
[b2a][epoch 14/50] loss=0.9973  val_acc=0.7967  macroF1=0.4244  edit=60.33  segF1@50=0.35
[b2a][epoch 15/50] loss=0.9447  val_acc=0.8224  macroF1=0.4651  edit=55.33  segF1@50=0.48
[b2a][epoch 16/50] loss=0.8611  val_acc=0.8277  macroF1=0.4811  edit=37.47  segF1@50=0.35
[b2a][epoch 17/50] loss=0.8340  val_acc=0.8554  macroF1=0.5858  edit=42.80  segF1@50=0.37
[b2a][epoch 18/50] loss=0.7493  val_acc=0.8587  macroF1=0.5530  edit=33.35  segF1@50=0.35
[b2a][epoch 19/50] loss=0.7030  val_acc=0.9030  macroF1=0.6757  edit=55.71  segF1@50=0.54
[b2a][epoch 20/50] loss=0.6736  val_acc=0.9195  macroF1=0.7153  edit=51.52  segF1@50=0.55
[b2a][epoch 21/50] loss=0.6321  val_acc=0.8660  macroF1=0.6495  edit=39.50  segF1@50=0.34
[b2a][epoch 22/50] loss=0.7506  val_acc=0.9208  macroF1=0.7284  edit=39.21  segF1@50=0.36
[b2a][epoch 23/50] loss=0.5978  val_acc=0.9168  macroF1=0.7318  edit=39.11  segF1@50=0.37
[b2a][epoch 24/50] loss=0.5562  val_acc=0.9234  macroF1=0.7712  edit=63.13  segF1@50=0.61
[b2a][epoch 25/50] loss=0.5205  val_acc=0.9340  macroF1=0.7715  edit=45.08  segF1@50=0.45
[b2a][epoch 26/50] loss=0.4888  val_acc=0.9340  macroF1=0.7746  edit=47.68  segF1@50=0.48
[b2a][epoch 27/50] loss=0.4654  val_acc=0.9439  macroF1=0.8018  edit=47.80  segF1@50=0.50
[b2a][epoch 28/50] loss=0.4498  val_acc=0.9505  macroF1=0.8118  edit=52.78  segF1@50=0.61
[b2a][epoch 29/50] loss=0.4579  val_acc=0.9294  macroF1=0.7461  edit=40.87  segF1@50=0.43
[b2a][epoch 30/50] loss=0.5152  val_acc=0.9201  macroF1=0.6897  edit=38.29  segF1@50=0.40
[b2a][epoch 31/50] loss=0.5244  val_acc=0.9452  macroF1=0.8083  edit=46.91  segF1@50=0.48
[b2a][epoch 32/50] loss=0.4673  val_acc=0.9439  macroF1=0.7844  edit=52.51  segF1@50=0.61
[b2a][epoch 33/50] loss=0.4468  val_acc=0.9531  macroF1=0.8193  edit=49.60  segF1@50=0.54
[b2a][epoch 34/50] loss=0.4318  val_acc=0.9366  macroF1=0.7844  edit=37.04  segF1@50=0.38
[b2a][epoch 35/50] loss=0.3986  val_acc=0.9531  macroF1=0.8202  edit=53.18  segF1@50=0.60
[b2a][epoch 36/50] loss=0.3794  val_acc=0.9479  macroF1=0.8039  edit=51.98  segF1@50=0.51
[b2a][epoch 37/50] loss=0.3726  val_acc=0.9558  macroF1=0.8252  edit=55.11  segF1@50=0.58
[b2a][epoch 38/50] loss=0.3584  val_acc=0.9465  macroF1=0.7990  edit=52.22  segF1@50=0.52
[b2a][epoch 39/50] loss=0.3564  val_acc=0.9545  macroF1=0.8207  edit=54.27  segF1@50=0.56
[b2a][epoch 40/50] loss=0.3872  val_acc=0.9241  macroF1=0.6988  edit=43.98  segF1@50=0.44
[b2a][epoch 41/50] loss=0.4458  val_acc=0.8957  macroF1=0.7547  edit=37.73  segF1@50=0.40
[b2a][epoch 42/50] loss=0.4149  val_acc=0.9426  macroF1=0.7790  edit=49.44  segF1@50=0.55
[b2a][epoch 43/50] loss=0.3781  val_acc=0.9597  macroF1=0.8295  edit=54.21  segF1@50=0.55
[b2a][epoch 44/50] loss=0.3596  val_acc=0.9333  macroF1=0.7972  edit=46.60  segF1@50=0.45
[b2a][epoch 45/50] loss=0.3368  val_acc=0.9604  macroF1=0.8269  edit=58.44  segF1@50=0.65
[b2a][epoch 46/50] loss=0.3172  val_acc=0.9479  macroF1=0.8176  edit=46.54  segF1@50=0.50
[b2a][epoch 47/50] loss=0.3055  val_acc=0.9558  macroF1=0.8228  edit=55.11  segF1@50=0.57
[b2a][epoch 48/50] loss=0.2923  val_acc=0.9551  macroF1=0.8213  edit=52.65  segF1@50=0.56
[b2a][epoch 49/50] loss=0.2839  val_acc=0.9571  macroF1=0.8244  edit=56.50  segF1@50=0.58
[b2a][epoch 50/50] loss=0.2795  val_acc=0.9571  macroF1=0.8260  edit=56.50  segF1@50=0.58
[b2a] best @epoch 45: acc=0.9604 macroF1=0.8269
[b2a] evidence written -> /home/ubuntu/slocal2/m2/experiments/transfer/b2a_oracle_mask_02_002_b2a_oracle_mask_02_seed123
