[b2a] train clips=13  val clips=3  in_dim=2063  tool_source=pred  classes=9  device=cuda
[b2a] evidence dir: /home/ubuntu/slocal2/m2/experiments/transfer/b2a_mask_dim_13_001_b2a_mask_dim_13_seed42
[b2a][epoch 1/50] loss=3.7501  val_acc=0.3624  macroF1=0.0766  edit=2.67  segF1@50=0.17
[b2a][epoch 2/50] loss=2.8758  val_acc=0.3201  macroF1=0.1104  edit=4.21  segF1@50=0.01
[b2a][epoch 3/50] loss=2.6970  val_acc=0.3677  macroF1=0.0769  edit=18.00  segF1@50=0.22
[b2a][epoch 4/50] loss=2.4632  val_acc=0.5578  macroF1=0.1933  edit=19.44  segF1@50=0.03
[b2a][epoch 5/50] loss=2.4648  val_acc=0.5406  macroF1=0.1816  edit=30.60  segF1@50=0.22
[b2a][epoch 6/50] loss=2.0916  val_acc=0.6746  macroF1=0.2291  edit=32.67  segF1@50=0.14
[b2a][epoch 7/50] loss=1.6664  val_acc=0.6231  macroF1=0.2150  edit=39.67  segF1@50=0.20
[b2a][epoch 8/50] loss=1.5564  val_acc=0.6218  macroF1=0.2147  edit=41.00  segF1@50=0.20
[b2a][epoch 9/50] loss=1.4568  val_acc=0.6706  macroF1=0.2282  edit=41.00  segF1@50=0.21
[b2a][epoch 10/50] loss=1.4268  val_acc=0.6389  macroF1=0.2697  edit=42.22  segF1@50=0.18
[b2a][epoch 11/50] loss=1.2773  val_acc=0.6812  macroF1=0.3084  edit=33.18  segF1@50=0.21
[b2a][epoch 12/50] loss=1.1983  val_acc=0.7571  macroF1=0.3839  edit=35.79  segF1@50=0.26
[b2a][epoch 13/50] loss=1.1182  val_acc=0.7703  macroF1=0.4671  edit=28.83  segF1@50=0.17
[b2a][epoch 14/50] loss=1.0246  val_acc=0.7729  macroF1=0.3884  edit=30.89  segF1@50=0.22
[b2a][epoch 15/50] loss=0.9668  val_acc=0.7901  macroF1=0.4184  edit=32.44  segF1@50=0.28
[b2a][epoch 16/50] loss=0.8755  val_acc=0.8026  macroF1=0.4397  edit=29.85  segF1@50=0.23
[b2a][epoch 17/50] loss=0.8257  val_acc=0.8680  macroF1=0.6036  edit=32.91  segF1@50=0.32
[b2a][epoch 18/50] loss=0.7658  val_acc=0.8838  macroF1=0.6332  edit=35.11  segF1@50=0.33
[b2a][epoch 19/50] loss=0.7696  val_acc=0.7894  macroF1=0.6633  edit=27.11  segF1@50=0.26
[b2a][epoch 20/50] loss=0.8244  val_acc=0.8792  macroF1=0.6396  edit=28.14  segF1@50=0.28
[b2a][epoch 21/50] loss=0.6910  val_acc=0.8812  macroF1=0.6463  edit=38.17  segF1@50=0.34
[b2a][epoch 22/50] loss=0.6092  val_acc=0.8832  macroF1=0.6646  edit=34.48  segF1@50=0.26
[b2a][epoch 23/50] loss=0.5732  val_acc=0.8845  macroF1=0.6616  edit=34.60  segF1@50=0.33
[b2a][epoch 24/50] loss=0.5309  val_acc=0.9063  macroF1=0.7016  edit=39.57  segF1@50=0.38
[b2a][epoch 25/50] loss=0.5098  val_acc=0.9017  macroF1=0.7188  edit=35.68  segF1@50=0.35
[b2a][epoch 26/50] loss=0.5031  val_acc=0.8845  macroF1=0.6593  edit=29.50  segF1@50=0.26
[b2a][epoch 27/50] loss=0.6521  val_acc=0.8607  macroF1=0.6166  edit=33.94  segF1@50=0.32
[b2a][epoch 28/50] loss=0.5884  val_acc=0.8482  macroF1=0.6782  edit=34.36  segF1@50=0.33
[b2a][epoch 29/50] loss=0.5801  val_acc=0.8924  macroF1=0.6964  edit=40.79  segF1@50=0.39
[b2a][epoch 30/50] loss=0.5049  val_acc=0.8891  macroF1=0.7028  edit=43.84  segF1@50=0.40
[b2a][epoch 31/50] loss=0.4683  val_acc=0.9083  macroF1=0.7270  edit=37.96  segF1@50=0.39
[b2a][epoch 32/50] loss=0.4497  val_acc=0.9201  macroF1=0.7467  edit=48.83  segF1@50=0.50
[b2a][epoch 33/50] loss=0.4290  val_acc=0.9149  macroF1=0.7554  edit=37.21  segF1@50=0.39
[b2a][epoch 34/50] loss=0.4453  val_acc=0.8997  macroF1=0.6730  edit=33.48  segF1@50=0.32
[b2a][epoch 35/50] loss=0.4382  val_acc=0.9083  macroF1=0.7517  edit=42.59  segF1@50=0.40
[b2a][epoch 36/50] loss=0.3914  val_acc=0.9168  macroF1=0.7422  edit=36.85  segF1@50=0.38
[b2a][epoch 37/50] loss=0.3660  val_acc=0.9215  macroF1=0.7694  edit=38.69  segF1@50=0.40
[b2a][epoch 38/50] loss=0.3515  val_acc=0.9241  macroF1=0.7681  edit=37.17  segF1@50=0.38
[b2a][epoch 39/50] loss=0.3434  val_acc=0.9281  macroF1=0.7696  edit=39.37  segF1@50=0.42
[b2a][epoch 40/50] loss=0.3346  val_acc=0.9300  macroF1=0.7817  edit=38.27  segF1@50=0.39
[b2a][epoch 41/50] loss=0.3308  val_acc=0.9274  macroF1=0.7697  edit=35.40  segF1@50=0.37
[b2a][epoch 42/50] loss=0.3296  val_acc=0.9366  macroF1=0.7967  edit=37.50  segF1@50=0.40
[b2a][epoch 43/50] loss=0.3346  val_acc=0.9267  macroF1=0.7467  edit=42.51  segF1@50=0.44
[b2a][epoch 44/50] loss=0.3386  val_acc=0.9300  macroF1=0.7857  edit=33.93  segF1@50=0.37
[b2a][epoch 45/50] loss=0.3713  val_acc=0.8825  macroF1=0.6714  edit=38.76  segF1@50=0.36
[b2a][epoch 46/50] loss=0.3466  val_acc=0.9221  macroF1=0.7594  edit=35.99  segF1@50=0.37
[b2a][epoch 47/50] loss=0.3115  val_acc=0.9307  macroF1=0.7726  edit=41.48  segF1@50=0.41
[b2a][epoch 48/50] loss=0.3053  val_acc=0.9261  macroF1=0.7625  edit=41.48  segF1@50=0.41
[b2a][epoch 49/50] loss=0.2946  val_acc=0.9386  macroF1=0.7965  edit=37.56  segF1@50=0.39
[b2a][epoch 50/50] loss=0.2978  val_acc=0.9182  macroF1=0.7362  edit=40.61  segF1@50=0.41
[b2a] best @epoch 49: acc=0.9386 macroF1=0.7965
[b2a] evidence written -> /home/ubuntu/slocal2/m2/experiments/transfer/b2a_mask_dim_13_001_b2a_mask_dim_13_seed42
