[b2a] train clips=13  val clips=3  in_dim=2063  tool_source=oracle  classes=9  device=cuda
[b2a] evidence dir: /home/ubuntu/slocal2/m2/experiments/transfer/b2a_oracle_mask_12_003_b2a_oracle_mask_12_seed456
[b2a][epoch 1/50] loss=3.4901  val_acc=0.3340  macroF1=0.0715  edit=9.67  segF1@50=0.00
[b2a][epoch 2/50] loss=2.8870  val_acc=0.3650  macroF1=0.0767  edit=2.67  segF1@50=0.17
[b2a][epoch 3/50] loss=2.6930  val_acc=0.3340  macroF1=0.0715  edit=9.67  segF1@50=0.00
[b2a][epoch 4/50] loss=2.5997  val_acc=0.3677  macroF1=0.0768  edit=18.00  segF1@50=0.22
[b2a][epoch 5/50] loss=2.3530  val_acc=0.6766  macroF1=0.2271  edit=31.11  segF1@50=0.13
[b2a][epoch 6/50] loss=2.0361  val_acc=0.4845  macroF1=0.1633  edit=26.01  segF1@50=0.09
[b2a][epoch 7/50] loss=2.2075  val_acc=0.3340  macroF1=0.0715  edit=9.67  segF1@50=0.00
[b2a][epoch 8/50] loss=2.2468  val_acc=0.6752  macroF1=0.2279  edit=31.67  segF1@50=0.31
[b2a][epoch 9/50] loss=1.6990  val_acc=0.6363  macroF1=0.2200  edit=31.00  segF1@50=0.11
[b2a][epoch 10/50] loss=1.5452  val_acc=0.6495  macroF1=0.2237  edit=32.78  segF1@50=0.19
[b2a][epoch 11/50] loss=1.3501  val_acc=0.7083  macroF1=0.3188  edit=36.59  segF1@50=0.25
[b2a][epoch 12/50] loss=1.1903  val_acc=0.7512  macroF1=0.3746  edit=38.73  segF1@50=0.28
[b2a][epoch 13/50] loss=1.0904  val_acc=0.7743  macroF1=0.4085  edit=34.52  segF1@50=0.25
[b2a][epoch 14/50] loss=1.0031  val_acc=0.8277  macroF1=0.4859  edit=35.11  segF1@50=0.33
[b2a][epoch 15/50] loss=0.9262  val_acc=0.8330  macroF1=0.4919  edit=33.66  segF1@50=0.30
[b2a][epoch 16/50] loss=0.8711  val_acc=0.9030  macroF1=0.6547  edit=44.71  segF1@50=0.48
[b2a][epoch 17/50] loss=0.8138  val_acc=0.9076  macroF1=0.6669  edit=36.00  segF1@50=0.35
[b2a][epoch 18/50] loss=0.7538  val_acc=0.9142  macroF1=0.6836  edit=44.23  segF1@50=0.38
[b2a][epoch 19/50] loss=0.6912  val_acc=0.9228  macroF1=0.6898  edit=47.78  segF1@50=0.46
[b2a][epoch 20/50] loss=0.6429  val_acc=0.9241  macroF1=0.6990  edit=44.44  segF1@50=0.47
[b2a][epoch 21/50] loss=0.6083  val_acc=0.9294  macroF1=0.7604  edit=48.02  segF1@50=0.45
[b2a][epoch 22/50] loss=0.6585  val_acc=0.8911  macroF1=0.6538  edit=28.30  segF1@50=0.35
[b2a][epoch 23/50] loss=0.6529  val_acc=0.9300  macroF1=0.7784  edit=44.05  segF1@50=0.44
[b2a][epoch 24/50] loss=0.6171  val_acc=0.9162  macroF1=0.6837  edit=36.78  segF1@50=0.36
[b2a][epoch 25/50] loss=0.5782  val_acc=0.9320  macroF1=0.7304  edit=47.90  segF1@50=0.47
[b2a][epoch 26/50] loss=0.5255  val_acc=0.9366  macroF1=0.7641  edit=47.56  segF1@50=0.49
[b2a][epoch 27/50] loss=0.4816  val_acc=0.9393  macroF1=0.7920  edit=46.83  segF1@50=0.46
[b2a][epoch 28/50] loss=0.4607  val_acc=0.9432  macroF1=0.7886  edit=51.33  segF1@50=0.51
[b2a][epoch 29/50] loss=0.4419  val_acc=0.9432  macroF1=0.8007  edit=45.44  segF1@50=0.50
[b2a][epoch 30/50] loss=0.4216  val_acc=0.9512  macroF1=0.8104  edit=49.60  segF1@50=0.52
[b2a][epoch 31/50] loss=0.4687  val_acc=0.9446  macroF1=0.8039  edit=46.83  segF1@50=0.50
[b2a][epoch 32/50] loss=0.6637  val_acc=0.9215  macroF1=0.6874  edit=40.63  segF1@50=0.40
[b2a][epoch 33/50] loss=0.6026  val_acc=0.9366  macroF1=0.7779  edit=44.44  segF1@50=0.42
[b2a][epoch 34/50] loss=0.5236  val_acc=0.9419  macroF1=0.8009  edit=54.44  segF1@50=0.55
[b2a][epoch 35/50] loss=0.4720  val_acc=0.9267  macroF1=0.7790  edit=34.24  segF1@50=0.35
[b2a][epoch 36/50] loss=0.5013  val_acc=0.9221  macroF1=0.7900  edit=41.51  segF1@50=0.42
[b2a][epoch 37/50] loss=0.4329  val_acc=0.9380  macroF1=0.7963  edit=46.92  segF1@50=0.53
[b2a][epoch 38/50] loss=0.3882  val_acc=0.9571  macroF1=0.8194  edit=59.78  segF1@50=0.64
[b2a][epoch 39/50] loss=0.3827  val_acc=0.9479  macroF1=0.8119  edit=50.93  segF1@50=0.53
[b2a][epoch 40/50] loss=0.3523  val_acc=0.9512  macroF1=0.8171  edit=48.78  segF1@50=0.52
[b2a][epoch 41/50] loss=0.3418  val_acc=0.9571  macroF1=0.8215  edit=52.84  segF1@50=0.55
[b2a][epoch 42/50] loss=0.3294  val_acc=0.9525  macroF1=0.8189  edit=53.78  segF1@50=0.56
[b2a][epoch 43/50] loss=0.3199  val_acc=0.9551  macroF1=0.8215  edit=55.11  segF1@50=0.56
[b2a][epoch 44/50] loss=0.3148  val_acc=0.9551  macroF1=0.8215  edit=53.93  segF1@50=0.55
[b2a][epoch 45/50] loss=0.3061  val_acc=0.9518  macroF1=0.8202  edit=51.56  segF1@50=0.54
[b2a][epoch 46/50] loss=0.2977  val_acc=0.9597  macroF1=0.8256  edit=56.17  segF1@50=0.62
[b2a][epoch 47/50] loss=0.2892  val_acc=0.9551  macroF1=0.8225  edit=51.71  segF1@50=0.53
[b2a][epoch 48/50] loss=0.2980  val_acc=0.9531  macroF1=0.8178  edit=52.89  segF1@50=0.54
[b2a][epoch 49/50] loss=0.3610  val_acc=0.8964  macroF1=0.7556  edit=40.57  segF1@50=0.45
[b2a][epoch 50/50] loss=0.3669  val_acc=0.9373  macroF1=0.8019  edit=50.76  segF1@50=0.54
[b2a] best @epoch 46: acc=0.9597 macroF1=0.8256
[b2a] evidence written -> /home/ubuntu/slocal2/m2/experiments/transfer/b2a_oracle_mask_12_003_b2a_oracle_mask_12_seed456
