[b2a] train clips=13  val clips=3  in_dim=2063  tool_source=pred  classes=9  device=cuda
[b2a] evidence dir: /home/ubuntu/slocal2/m2/experiments/transfer/b2a_mask_dim_05_002_b2a_mask_dim_05_seed123
[b2a][epoch 1/50] loss=3.5617  val_acc=0.3677  macroF1=0.0768  edit=18.00  segF1@50=0.22
[b2a][epoch 2/50] loss=3.0433  val_acc=0.3677  macroF1=0.0768  edit=18.00  segF1@50=0.22
[b2a][epoch 3/50] loss=2.7405  val_acc=0.3340  macroF1=0.0715  edit=9.67  segF1@50=0.00
[b2a][epoch 4/50] loss=2.5862  val_acc=0.4759  macroF1=0.1469  edit=23.33  segF1@50=0.22
[b2a][epoch 5/50] loss=2.3856  val_acc=0.6502  macroF1=0.2177  edit=35.67  segF1@50=0.24
[b2a][epoch 6/50] loss=1.9764  val_acc=0.6726  macroF1=0.2289  edit=37.00  segF1@50=0.24
[b2a][epoch 7/50] loss=1.9811  val_acc=0.4422  macroF1=0.1428  edit=22.11  segF1@50=0.02
[b2a][epoch 8/50] loss=2.2421  val_acc=0.6158  macroF1=0.2050  edit=27.39  segF1@50=0.25
[b2a][epoch 9/50] loss=1.6748  val_acc=0.6376  macroF1=0.2204  edit=32.67  segF1@50=0.14
[b2a][epoch 10/50] loss=1.4274  val_acc=0.6739  macroF1=0.2296  edit=31.67  segF1@50=0.24
[b2a][epoch 11/50] loss=1.3254  val_acc=0.6495  macroF1=0.2504  edit=32.67  segF1@50=0.15
[b2a][epoch 12/50] loss=1.2239  val_acc=0.7531  macroF1=0.3832  edit=34.84  segF1@50=0.25
[b2a][epoch 13/50] loss=1.1177  val_acc=0.7650  macroF1=0.4013  edit=49.22  segF1@50=0.36
[b2a][epoch 14/50] loss=1.0370  val_acc=0.7749  macroF1=0.3940  edit=31.13  segF1@50=0.24
[b2a][epoch 15/50] loss=0.9975  val_acc=0.7954  macroF1=0.4417  edit=38.36  segF1@50=0.26
[b2a][epoch 16/50] loss=0.9139  val_acc=0.8092  macroF1=0.4632  edit=32.33  segF1@50=0.27
[b2a][epoch 17/50] loss=0.8880  val_acc=0.8614  macroF1=0.6217  edit=29.51  segF1@50=0.30
[b2a][epoch 18/50] loss=0.7817  val_acc=0.8231  macroF1=0.4792  edit=33.36  segF1@50=0.30
[b2a][epoch 19/50] loss=0.7413  val_acc=0.8442  macroF1=0.5515  edit=30.07  segF1@50=0.29
[b2a][epoch 20/50] loss=0.8627  val_acc=0.8733  macroF1=0.6243  edit=27.95  segF1@50=0.30
[b2a][epoch 21/50] loss=0.8604  val_acc=0.8106  macroF1=0.5696  edit=38.76  segF1@50=0.33
[b2a][epoch 22/50] loss=0.7656  val_acc=0.8653  macroF1=0.6174  edit=25.28  segF1@50=0.26
[b2a][epoch 23/50] loss=0.6794  val_acc=0.8871  macroF1=0.6724  edit=36.13  segF1@50=0.40
[b2a][epoch 24/50] loss=0.6350  val_acc=0.9017  macroF1=0.6935  edit=32.91  segF1@50=0.30
[b2a][epoch 25/50] loss=0.5971  val_acc=0.9096  macroF1=0.7375  edit=36.53  segF1@50=0.34
[b2a][epoch 26/50] loss=0.5668  val_acc=0.9063  macroF1=0.6893  edit=30.56  segF1@50=0.32
[b2a][epoch 27/50] loss=0.5282  val_acc=0.8924  macroF1=0.6883  edit=34.60  segF1@50=0.31
[b2a][epoch 28/50] loss=0.4985  val_acc=0.9076  macroF1=0.7336  edit=33.15  segF1@50=0.30
[b2a][epoch 29/50] loss=0.4841  val_acc=0.9135  macroF1=0.7167  edit=41.57  segF1@50=0.37
[b2a][epoch 30/50] loss=0.4662  val_acc=0.9149  macroF1=0.7478  edit=38.46  segF1@50=0.36
[b2a][epoch 31/50] loss=0.4483  val_acc=0.9162  macroF1=0.7546  edit=37.04  segF1@50=0.39
[b2a][epoch 32/50] loss=0.4723  val_acc=0.9228  macroF1=0.7260  edit=44.78  segF1@50=0.43
[b2a][epoch 33/50] loss=0.4851  val_acc=0.9096  macroF1=0.7631  edit=37.00  segF1@50=0.40
[b2a][epoch 34/50] loss=0.5005  val_acc=0.8950  macroF1=0.6692  edit=32.37  segF1@50=0.29
[b2a][epoch 35/50] loss=0.4682  val_acc=0.9215  macroF1=0.7735  edit=36.85  segF1@50=0.36
[b2a][epoch 36/50] loss=0.4323  val_acc=0.9195  macroF1=0.7501  edit=38.24  segF1@50=0.37
[b2a][epoch 37/50] loss=0.4124  val_acc=0.9333  macroF1=0.7834  edit=44.16  segF1@50=0.45
[b2a][epoch 38/50] loss=0.3916  val_acc=0.9201  macroF1=0.7589  edit=40.01  segF1@50=0.38
[b2a][epoch 39/50] loss=0.3791  val_acc=0.9353  macroF1=0.7851  edit=45.78  segF1@50=0.45
[b2a][epoch 40/50] loss=0.3873  val_acc=0.9155  macroF1=0.7290  edit=39.25  segF1@50=0.36
[b2a][epoch 41/50] loss=0.3970  val_acc=0.8785  macroF1=0.7180  edit=41.54  segF1@50=0.41
[b2a][epoch 42/50] loss=0.3915  val_acc=0.9261  macroF1=0.7507  edit=41.86  segF1@50=0.44
[b2a][epoch 43/50] loss=0.3756  val_acc=0.9281  macroF1=0.7815  edit=42.06  segF1@50=0.43
[b2a][epoch 44/50] loss=0.3554  val_acc=0.9102  macroF1=0.7377  edit=40.03  segF1@50=0.40
[b2a][epoch 45/50] loss=0.3387  val_acc=0.9393  macroF1=0.7896  edit=43.10  segF1@50=0.47
[b2a][epoch 46/50] loss=0.3258  val_acc=0.9195  macroF1=0.7748  edit=39.21  segF1@50=0.41
[b2a][epoch 47/50] loss=0.3111  val_acc=0.9314  macroF1=0.7835  edit=40.74  segF1@50=0.43
[b2a][epoch 48/50] loss=0.3025  val_acc=0.9314  macroF1=0.7830  edit=40.32  segF1@50=0.42
[b2a][epoch 49/50] loss=0.2934  val_acc=0.9320  macroF1=0.7831  edit=39.90  segF1@50=0.41
[b2a][epoch 50/50] loss=0.2860  val_acc=0.9320  macroF1=0.7831  edit=39.90  segF1@50=0.41
[b2a] best @epoch 45: acc=0.9393 macroF1=0.7896
[b2a] evidence written -> /home/ubuntu/slocal2/m2/experiments/transfer/b2a_mask_dim_05_002_b2a_mask_dim_05_seed123
