[b2a] train clips=13  val clips=3  in_dim=2063  tool_source=pred  classes=9  device=cuda
[b2a] evidence dir: /home/ubuntu/slocal2/m2/experiments/transfer/b2a_mask_dim_08_003_b2a_mask_dim_08_seed456
[b2a][epoch 1/50] loss=3.4908  val_acc=0.3340  macroF1=0.0715  edit=9.67  segF1@50=0.00
[b2a][epoch 2/50] loss=2.8880  val_acc=0.3650  macroF1=0.0767  edit=2.67  segF1@50=0.17
[b2a][epoch 3/50] loss=2.6951  val_acc=0.3340  macroF1=0.0715  edit=9.67  segF1@50=0.00
[b2a][epoch 4/50] loss=2.6006  val_acc=0.3677  macroF1=0.0768  edit=18.00  segF1@50=0.22
[b2a][epoch 5/50] loss=2.3513  val_acc=0.6792  macroF1=0.2282  edit=34.33  segF1@50=0.17
[b2a][epoch 6/50] loss=2.0297  val_acc=0.4851  macroF1=0.1637  edit=32.67  segF1@50=0.13
[b2a][epoch 7/50] loss=2.1444  val_acc=0.3340  macroF1=0.0715  edit=9.67  segF1@50=0.00
[b2a][epoch 8/50] loss=2.0862  val_acc=0.6607  macroF1=0.2250  edit=37.12  segF1@50=0.21
[b2a][epoch 9/50] loss=1.7408  val_acc=0.6515  macroF1=0.2240  edit=28.67  segF1@50=0.15
[b2a][epoch 10/50] loss=1.4999  val_acc=0.6205  macroF1=0.2143  edit=31.00  segF1@50=0.12
[b2a][epoch 11/50] loss=1.3309  val_acc=0.6383  macroF1=0.2475  edit=28.13  segF1@50=0.19
[b2a][epoch 12/50] loss=1.2100  val_acc=0.7353  macroF1=0.3577  edit=36.67  segF1@50=0.22
[b2a][epoch 13/50] loss=1.1124  val_acc=0.7584  macroF1=0.3937  edit=19.46  segF1@50=0.19
[b2a][epoch 14/50] loss=1.0308  val_acc=0.8059  macroF1=0.4724  edit=30.36  segF1@50=0.30
[b2a][epoch 15/50] loss=0.9492  val_acc=0.7888  macroF1=0.4394  edit=31.69  segF1@50=0.25
[b2a][epoch 16/50] loss=0.8848  val_acc=0.8726  macroF1=0.6397  edit=32.92  segF1@50=0.33
[b2a][epoch 17/50] loss=0.8205  val_acc=0.8601  macroF1=0.6083  edit=31.13  segF1@50=0.28
[b2a][epoch 18/50] loss=0.7693  val_acc=0.8997  macroF1=0.6730  edit=35.30  segF1@50=0.32
[b2a][epoch 19/50] loss=0.7092  val_acc=0.8937  macroF1=0.6806  edit=27.85  segF1@50=0.25
[b2a][epoch 20/50] loss=0.6804  val_acc=0.9023  macroF1=0.6819  edit=43.52  segF1@50=0.42
[b2a][epoch 21/50] loss=0.6532  val_acc=0.9010  macroF1=0.7286  edit=32.54  segF1@50=0.27
[b2a][epoch 22/50] loss=0.6738  val_acc=0.9069  macroF1=0.6683  edit=46.24  segF1@50=0.50
[b2a][epoch 23/50] loss=0.6489  val_acc=0.8911  macroF1=0.7276  edit=37.54  segF1@50=0.31
[b2a][epoch 24/50] loss=0.6133  val_acc=0.8904  macroF1=0.6510  edit=34.54  segF1@50=0.30
[b2a][epoch 25/50] loss=0.5688  val_acc=0.9122  macroF1=0.7030  edit=39.44  segF1@50=0.37
[b2a][epoch 26/50] loss=0.5364  val_acc=0.9076  macroF1=0.7155  edit=36.40  segF1@50=0.37
[b2a][epoch 27/50] loss=0.4856  val_acc=0.9221  macroF1=0.7586  edit=40.67  segF1@50=0.44
[b2a][epoch 28/50] loss=0.4683  val_acc=0.9142  macroF1=0.7181  edit=40.44  segF1@50=0.36
[b2a][epoch 29/50] loss=0.4603  val_acc=0.9102  macroF1=0.7586  edit=38.47  segF1@50=0.40
[b2a][epoch 30/50] loss=0.4371  val_acc=0.9208  macroF1=0.7437  edit=41.21  segF1@50=0.43
[b2a][epoch 31/50] loss=0.4511  val_acc=0.9215  macroF1=0.7768  edit=43.56  segF1@50=0.44
[b2a][epoch 32/50] loss=0.6875  val_acc=0.9043  macroF1=0.6616  edit=31.03  segF1@50=0.30
[b2a][epoch 33/50] loss=0.6133  val_acc=0.9155  macroF1=0.7158  edit=44.10  segF1@50=0.45
[b2a][epoch 34/50] loss=0.5039  val_acc=0.9188  macroF1=0.7571  edit=39.68  segF1@50=0.37
[b2a][epoch 35/50] loss=0.4429  val_acc=0.9010  macroF1=0.7397  edit=34.61  segF1@50=0.32
[b2a][epoch 36/50] loss=0.4305  val_acc=0.9234  macroF1=0.7691  edit=38.17  segF1@50=0.40
[b2a][epoch 37/50] loss=0.3986  val_acc=0.9241  macroF1=0.7747  edit=39.69  segF1@50=0.40
[b2a][epoch 38/50] loss=0.3693  val_acc=0.9353  macroF1=0.7806  edit=45.33  segF1@50=0.53
[b2a][epoch 39/50] loss=0.3608  val_acc=0.9287  macroF1=0.7791  edit=43.10  segF1@50=0.44
[b2a][epoch 40/50] loss=0.3483  val_acc=0.9201  macroF1=0.7687  edit=40.55  segF1@50=0.42
[b2a][epoch 41/50] loss=0.3458  val_acc=0.9340  macroF1=0.7751  edit=53.00  segF1@50=0.58
[b2a][epoch 42/50] loss=0.3416  val_acc=0.9380  macroF1=0.7922  edit=52.07  segF1@50=0.57
[b2a][epoch 43/50] loss=0.3222  val_acc=0.9254  macroF1=0.7753  edit=39.83  segF1@50=0.44
[b2a][epoch 44/50] loss=0.3186  val_acc=0.9340  macroF1=0.7812  edit=42.00  segF1@50=0.43
[b2a][epoch 45/50] loss=0.3115  val_acc=0.9307  macroF1=0.7839  edit=42.54  segF1@50=0.45
[b2a][epoch 46/50] loss=0.3015  val_acc=0.9320  macroF1=0.7817  edit=40.01  segF1@50=0.44
[b2a][epoch 47/50] loss=0.2890  val_acc=0.9353  macroF1=0.7895  edit=41.40  segF1@50=0.42
[b2a][epoch 48/50] loss=0.2906  val_acc=0.9294  macroF1=0.7777  edit=39.97  segF1@50=0.42
[b2a][epoch 49/50] loss=0.3645  val_acc=0.8581  macroF1=0.6808  edit=41.31  segF1@50=0.42
[b2a][epoch 50/50] loss=0.3989  val_acc=0.9056  macroF1=0.7200  edit=41.70  segF1@50=0.47
[b2a] best @epoch 42: acc=0.9380 macroF1=0.7922
[b2a] evidence written -> /home/ubuntu/slocal2/m2/experiments/transfer/b2a_mask_dim_08_003_b2a_mask_dim_08_seed456
