[b2a] train clips=13  val clips=3  in_dim=2063  tool_source=oracle  classes=9  device=cuda
[b2a] evidence dir: /home/ubuntu/slocal2/m2/experiments/transfer/b2a_oracle_mask_13_002_b2a_oracle_mask_13_seed123
[b2a][epoch 1/50] loss=3.5609  val_acc=0.3677  macroF1=0.0768  edit=18.00  segF1@50=0.22
[b2a][epoch 2/50] loss=3.0390  val_acc=0.3677  macroF1=0.0768  edit=18.00  segF1@50=0.22
[b2a][epoch 3/50] loss=2.7356  val_acc=0.3340  macroF1=0.0715  edit=9.67  segF1@50=0.00
[b2a][epoch 4/50] loss=2.5775  val_acc=0.4759  macroF1=0.1469  edit=20.67  segF1@50=0.22
[b2a][epoch 5/50] loss=2.3692  val_acc=0.6515  macroF1=0.2182  edit=34.33  segF1@50=0.24
[b2a][epoch 6/50] loss=1.9491  val_acc=0.6752  macroF1=0.2297  edit=34.33  segF1@50=0.24
[b2a][epoch 7/50] loss=1.9554  val_acc=0.4818  macroF1=0.1623  edit=21.38  segF1@50=0.02
[b2a][epoch 8/50] loss=2.0831  val_acc=0.6607  macroF1=0.2213  edit=34.33  segF1@50=0.22
[b2a][epoch 9/50] loss=1.6290  val_acc=0.6627  macroF1=0.2277  edit=41.00  segF1@50=0.23
[b2a][epoch 10/50] loss=1.4249  val_acc=0.6746  macroF1=0.2302  edit=26.00  segF1@50=0.15
[b2a][epoch 11/50] loss=1.3048  val_acc=0.6944  macroF1=0.3087  edit=29.06  segF1@50=0.17
[b2a][epoch 12/50] loss=1.2177  val_acc=0.7591  macroF1=0.3783  edit=36.18  segF1@50=0.25
[b2a][epoch 13/50] loss=1.1018  val_acc=0.7815  macroF1=0.4095  edit=48.44  segF1@50=0.38
[b2a][epoch 14/50] loss=1.0204  val_acc=0.7809  macroF1=0.3781  edit=50.67  segF1@50=0.26
[b2a][epoch 15/50] loss=0.9694  val_acc=0.7954  macroF1=0.4151  edit=60.33  segF1@50=0.45
[b2a][epoch 16/50] loss=0.8891  val_acc=0.8026  macroF1=0.4195  edit=35.89  segF1@50=0.31
[b2a][epoch 17/50] loss=0.8581  val_acc=0.8172  macroF1=0.4694  edit=36.09  segF1@50=0.34
[b2a][epoch 18/50] loss=0.7832  val_acc=0.8370  macroF1=0.4742  edit=33.42  segF1@50=0.36
[b2a][epoch 19/50] loss=0.7305  val_acc=0.8330  macroF1=0.4829  edit=42.89  segF1@50=0.36
[b2a][epoch 20/50] loss=0.6819  val_acc=0.8488  macroF1=0.5242  edit=39.00  segF1@50=0.38
[b2a][epoch 21/50] loss=0.6336  val_acc=0.9201  macroF1=0.7446  edit=37.67  segF1@50=0.35
[b2a][epoch 22/50] loss=0.6008  val_acc=0.9208  macroF1=0.7215  edit=31.43  segF1@50=0.39
[b2a][epoch 23/50] loss=0.6278  val_acc=0.9155  macroF1=0.7038  edit=44.44  segF1@50=0.46
[b2a][epoch 24/50] loss=0.5732  val_acc=0.9188  macroF1=0.7232  edit=39.44  segF1@50=0.39
[b2a][epoch 25/50] loss=0.5513  val_acc=0.9413  macroF1=0.7966  edit=46.10  segF1@50=0.47
[b2a][epoch 26/50] loss=0.5238  val_acc=0.9380  macroF1=0.7705  edit=44.13  segF1@50=0.51
[b2a][epoch 27/50] loss=0.5218  val_acc=0.9069  macroF1=0.6600  edit=35.11  segF1@50=0.35
[b2a][epoch 28/50] loss=0.5619  val_acc=0.9267  macroF1=0.7829  edit=41.47  segF1@50=0.44
[b2a][epoch 29/50] loss=0.5327  val_acc=0.9234  macroF1=0.7287  edit=39.79  segF1@50=0.41
[b2a][epoch 30/50] loss=0.4726  val_acc=0.9439  macroF1=0.8009  edit=38.60  segF1@50=0.44
[b2a][epoch 31/50] loss=0.4417  val_acc=0.9413  macroF1=0.7880  edit=46.91  segF1@50=0.46
[b2a][epoch 32/50] loss=0.4164  val_acc=0.9465  macroF1=0.8049  edit=48.02  segF1@50=0.50
[b2a][epoch 33/50] loss=0.3970  val_acc=0.9498  macroF1=0.8016  edit=50.96  segF1@50=0.51
[b2a][epoch 34/50] loss=0.3839  val_acc=0.9518  macroF1=0.8103  edit=55.11  segF1@50=0.56
[b2a][epoch 35/50] loss=0.3745  val_acc=0.9558  macroF1=0.8224  edit=51.71  segF1@50=0.55
[b2a][epoch 36/50] loss=0.3602  val_acc=0.9525  macroF1=0.8138  edit=50.11  segF1@50=0.51
[b2a][epoch 37/50] loss=0.3542  val_acc=0.9551  macroF1=0.8219  edit=52.89  segF1@50=0.55
[b2a][epoch 38/50] loss=0.3544  val_acc=0.9551  macroF1=0.8181  edit=48.89  segF1@50=0.57
[b2a][epoch 39/50] loss=0.4080  val_acc=0.7960  macroF1=0.6948  edit=31.58  segF1@50=0.35
[b2a][epoch 40/50] loss=0.4431  val_acc=0.9208  macroF1=0.6822  edit=41.41  segF1@50=0.42
[b2a][epoch 41/50] loss=0.4918  val_acc=0.9366  macroF1=0.7949  edit=48.10  segF1@50=0.48
[b2a][epoch 42/50] loss=0.4611  val_acc=0.9281  macroF1=0.7085  edit=34.37  segF1@50=0.40
[b2a][epoch 43/50] loss=0.4185  val_acc=0.9578  macroF1=0.8286  edit=50.96  segF1@50=0.53
[b2a][epoch 44/50] loss=0.3757  val_acc=0.8970  macroF1=0.7618  edit=37.44  segF1@50=0.38
[b2a][epoch 45/50] loss=0.3670  val_acc=0.9558  macroF1=0.8201  edit=44.70  segF1@50=0.53
[b2a][epoch 46/50] loss=0.3443  val_acc=0.9327  macroF1=0.7981  edit=51.25  segF1@50=0.54
[b2a][epoch 47/50] loss=0.3360  val_acc=0.9571  macroF1=0.8233  edit=50.62  segF1@50=0.54
[b2a][epoch 48/50] loss=0.3044  val_acc=0.9538  macroF1=0.8213  edit=53.78  segF1@50=0.58
[b2a][epoch 49/50] loss=0.2956  val_acc=0.9584  macroF1=0.8258  edit=53.93  segF1@50=0.56
[b2a][epoch 50/50] loss=0.2905  val_acc=0.9558  macroF1=0.8236  edit=55.98  segF1@50=0.59
[b2a] best @epoch 49: acc=0.9584 macroF1=0.8258
[b2a] evidence written -> /home/ubuntu/slocal2/m2/experiments/transfer/b2a_oracle_mask_13_002_b2a_oracle_mask_13_seed123
