[b2a] train clips=13  val clips=3  in_dim=2063  tool_source=oracle  classes=9  device=cuda
[b2a] evidence dir: /home/ubuntu/slocal2/m2/experiments/transfer/b2a_oracle_mask_11_002_b2a_oracle_mask_11_seed123
[b2a][epoch 1/50] loss=3.5607  val_acc=0.3677  macroF1=0.0768  edit=18.00  segF1@50=0.22
[b2a][epoch 2/50] loss=3.0384  val_acc=0.3677  macroF1=0.0768  edit=18.00  segF1@50=0.22
[b2a][epoch 3/50] loss=2.7340  val_acc=0.3340  macroF1=0.0715  edit=9.67  segF1@50=0.00
[b2a][epoch 4/50] loss=2.5757  val_acc=0.4759  macroF1=0.1469  edit=20.67  segF1@50=0.22
[b2a][epoch 5/50] loss=2.3668  val_acc=0.6535  macroF1=0.2189  edit=35.67  segF1@50=0.22
[b2a][epoch 6/50] loss=1.9450  val_acc=0.6752  macroF1=0.2297  edit=34.33  segF1@50=0.24
[b2a][epoch 7/50] loss=1.9565  val_acc=0.4917  macroF1=0.1668  edit=23.11  segF1@50=0.02
[b2a][epoch 8/50] loss=2.0488  val_acc=0.6620  macroF1=0.2218  edit=35.67  segF1@50=0.22
[b2a][epoch 9/50] loss=1.6113  val_acc=0.6660  macroF1=0.2287  edit=41.00  segF1@50=0.22
[b2a][epoch 10/50] loss=1.4055  val_acc=0.6746  macroF1=0.2303  edit=27.33  segF1@50=0.15
[b2a][epoch 11/50] loss=1.2882  val_acc=0.6944  macroF1=0.3140  edit=26.68  segF1@50=0.17
[b2a][epoch 12/50] loss=1.1919  val_acc=0.7756  macroF1=0.4087  edit=36.18  segF1@50=0.29
[b2a][epoch 13/50] loss=1.0803  val_acc=0.7815  macroF1=0.4089  edit=54.78  segF1@50=0.42
[b2a][epoch 14/50] loss=1.0003  val_acc=0.7967  macroF1=0.4244  edit=57.67  segF1@50=0.34
[b2a][epoch 15/50] loss=0.9515  val_acc=0.8198  macroF1=0.4614  edit=43.03  segF1@50=0.38
[b2a][epoch 16/50] loss=0.8686  val_acc=0.8271  macroF1=0.4785  edit=38.62  segF1@50=0.39
[b2a][epoch 17/50] loss=0.8434  val_acc=0.8607  macroF1=0.5958  edit=42.80  segF1@50=0.36
[b2a][epoch 18/50] loss=0.7518  val_acc=0.8502  macroF1=0.5188  edit=33.54  segF1@50=0.35
[b2a][epoch 19/50] loss=0.7068  val_acc=0.8871  macroF1=0.6513  edit=45.45  segF1@50=0.43
[b2a][epoch 20/50] loss=0.7288  val_acc=0.9129  macroF1=0.6692  edit=41.69  segF1@50=0.50
[b2a][epoch 21/50] loss=0.7005  val_acc=0.8040  macroF1=0.5604  edit=39.84  segF1@50=0.31
[b2a][epoch 22/50] loss=0.7479  val_acc=0.9267  macroF1=0.7397  edit=42.40  segF1@50=0.42
[b2a][epoch 23/50] loss=0.6110  val_acc=0.9155  macroF1=0.7272  edit=38.11  segF1@50=0.37
[b2a][epoch 24/50] loss=0.5781  val_acc=0.9182  macroF1=0.7456  edit=61.56  segF1@50=0.60
[b2a][epoch 25/50] loss=0.5332  val_acc=0.9446  macroF1=0.7957  edit=56.35  segF1@50=0.54
[b2a][epoch 26/50] loss=0.5055  val_acc=0.9307  macroF1=0.7634  edit=49.73  segF1@50=0.47
[b2a][epoch 27/50] loss=0.4827  val_acc=0.9300  macroF1=0.7434  edit=42.06  segF1@50=0.43
[b2a][epoch 28/50] loss=0.4728  val_acc=0.9492  macroF1=0.8070  edit=55.11  segF1@50=0.57
[b2a][epoch 29/50] loss=0.4607  val_acc=0.9307  macroF1=0.7494  edit=50.69  segF1@50=0.54
[b2a][epoch 30/50] loss=0.4347  val_acc=0.9498  macroF1=0.8087  edit=56.35  segF1@50=0.62
[b2a][epoch 31/50] loss=0.4196  val_acc=0.9498  macroF1=0.8129  edit=49.44  segF1@50=0.57
[b2a][epoch 32/50] loss=0.4557  val_acc=0.9492  macroF1=0.7999  edit=55.88  segF1@50=0.63
[b2a][epoch 33/50] loss=0.4707  val_acc=0.9248  macroF1=0.7767  edit=37.42  segF1@50=0.41
[b2a][epoch 34/50] loss=0.4961  val_acc=0.9043  macroF1=0.6973  edit=31.14  segF1@50=0.31
[b2a][epoch 35/50] loss=0.4496  val_acc=0.9307  macroF1=0.7873  edit=40.61  segF1@50=0.42
[b2a][epoch 36/50] loss=0.4519  val_acc=0.9512  macroF1=0.8081  edit=53.09  segF1@50=0.53
[b2a][epoch 37/50] loss=0.3871  val_acc=0.9545  macroF1=0.8185  edit=53.93  segF1@50=0.56
[b2a][epoch 38/50] loss=0.3693  val_acc=0.9446  macroF1=0.7972  edit=49.21  segF1@50=0.50
[b2a][epoch 39/50] loss=0.3588  val_acc=0.9571  macroF1=0.8226  edit=55.11  segF1@50=0.57
[b2a][epoch 40/50] loss=0.3563  val_acc=0.9406  macroF1=0.7760  edit=51.11  segF1@50=0.52
[b2a][epoch 41/50] loss=0.3928  val_acc=0.9399  macroF1=0.8056  edit=45.70  segF1@50=0.49
[b2a][epoch 42/50] loss=0.3708  val_acc=0.9380  macroF1=0.7510  edit=41.52  segF1@50=0.48
[b2a][epoch 43/50] loss=0.3614  val_acc=0.9571  macroF1=0.8270  edit=55.11  segF1@50=0.58
[b2a][epoch 44/50] loss=0.3447  val_acc=0.9281  macroF1=0.7742  edit=40.83  segF1@50=0.42
[b2a][epoch 45/50] loss=0.3353  val_acc=0.9591  macroF1=0.8248  edit=52.59  segF1@50=0.60
[b2a][epoch 46/50] loss=0.3252  val_acc=0.9399  macroF1=0.8093  edit=44.13  segF1@50=0.48
[b2a][epoch 47/50] loss=0.3133  val_acc=0.9558  macroF1=0.8213  edit=55.98  segF1@50=0.64
[b2a][epoch 48/50] loss=0.3018  val_acc=0.9571  macroF1=0.8236  edit=58.44  segF1@50=0.65
[b2a][epoch 49/50] loss=0.2893  val_acc=0.9545  macroF1=0.8194  edit=55.11  segF1@50=0.56
[b2a][epoch 50/50] loss=0.2912  val_acc=0.9564  macroF1=0.8264  edit=54.07  segF1@50=0.56
[b2a] best @epoch 45: acc=0.9591 macroF1=0.8248
[b2a] evidence written -> /home/ubuntu/slocal2/m2/experiments/transfer/b2a_oracle_mask_11_002_b2a_oracle_mask_11_seed123
