[b2a] train clips=13  val clips=3  in_dim=2063  tool_source=oracle  classes=9  device=cuda
[b2a] evidence dir: /home/ubuntu/slocal2/m2/experiments/transfer/b2a_oracle_mask_03_002_b2a_oracle_mask_03_seed123
[b2a][epoch 1/50] loss=3.5585  val_acc=0.3677  macroF1=0.0768  edit=18.00  segF1@50=0.22
[b2a][epoch 2/50] loss=3.0374  val_acc=0.3677  macroF1=0.0768  edit=18.00  segF1@50=0.22
[b2a][epoch 3/50] loss=2.7315  val_acc=0.3340  macroF1=0.0715  edit=9.67  segF1@50=0.00
[b2a][epoch 4/50] loss=2.5711  val_acc=0.4772  macroF1=0.1476  edit=23.33  segF1@50=0.22
[b2a][epoch 5/50] loss=2.3640  val_acc=0.6548  macroF1=0.2194  edit=31.67  segF1@50=0.22
[b2a][epoch 6/50] loss=1.9309  val_acc=0.6739  macroF1=0.2293  edit=37.00  segF1@50=0.24
[b2a][epoch 7/50] loss=1.9338  val_acc=0.4997  macroF1=0.1703  edit=24.50  segF1@50=0.02
[b2a][epoch 8/50] loss=2.0297  val_acc=0.6733  macroF1=0.2260  edit=38.33  segF1@50=0.22
[b2a][epoch 9/50] loss=1.6201  val_acc=0.6693  macroF1=0.2293  edit=38.33  segF1@50=0.22
[b2a][epoch 10/50] loss=1.4053  val_acc=0.6713  macroF1=0.2297  edit=38.33  segF1@50=0.24
[b2a][epoch 11/50] loss=1.2657  val_acc=0.7287  macroF1=0.3510  edit=28.00  segF1@50=0.17
[b2a][epoch 12/50] loss=1.1540  val_acc=0.7650  macroF1=0.4014  edit=38.51  segF1@50=0.27
[b2a][epoch 13/50] loss=1.0549  val_acc=0.7921  macroF1=0.4134  edit=50.33  segF1@50=0.37
[b2a][epoch 14/50] loss=0.9815  val_acc=0.7960  macroF1=0.4243  edit=59.00  segF1@50=0.35
[b2a][epoch 15/50] loss=0.9271  val_acc=0.8231  macroF1=0.4648  edit=55.33  segF1@50=0.49
[b2a][epoch 16/50] loss=0.8433  val_acc=0.8343  macroF1=0.4797  edit=35.87  segF1@50=0.33
[b2a][epoch 17/50] loss=0.8089  val_acc=0.8812  macroF1=0.6564  edit=45.99  segF1@50=0.42
[b2a][epoch 18/50] loss=0.7357  val_acc=0.8719  macroF1=0.5923  edit=41.81  segF1@50=0.43
[b2a][epoch 19/50] loss=0.7116  val_acc=0.9076  macroF1=0.6875  edit=38.87  segF1@50=0.42
[b2a][epoch 20/50] loss=0.7401  val_acc=0.9175  macroF1=0.6769  edit=41.73  segF1@50=0.44
[b2a][epoch 21/50] loss=0.6927  val_acc=0.8297  macroF1=0.6090  edit=40.10  segF1@50=0.35
[b2a][epoch 22/50] loss=0.7054  val_acc=0.9248  macroF1=0.7316  edit=43.70  segF1@50=0.47
[b2a][epoch 23/50] loss=0.5893  val_acc=0.9155  macroF1=0.7319  edit=58.89  segF1@50=0.56
[b2a][epoch 24/50] loss=0.5547  val_acc=0.9182  macroF1=0.7475  edit=61.56  segF1@50=0.60
[b2a][epoch 25/50] loss=0.5184  val_acc=0.9406  macroF1=0.7811  edit=60.00  segF1@50=0.62
[b2a][epoch 26/50] loss=0.4940  val_acc=0.9300  macroF1=0.7615  edit=48.33  segF1@50=0.54
[b2a][epoch 27/50] loss=0.4722  val_acc=0.9413  macroF1=0.7860  edit=49.44  segF1@50=0.49
[b2a][epoch 28/50] loss=0.4538  val_acc=0.9485  macroF1=0.8070  edit=61.54  segF1@50=0.67
[b2a][epoch 29/50] loss=0.4461  val_acc=0.9294  macroF1=0.7498  edit=44.02  segF1@50=0.45
[b2a][epoch 30/50] loss=0.4503  val_acc=0.9314  macroF1=0.7607  edit=45.19  segF1@50=0.46
[b2a][epoch 31/50] loss=0.4857  val_acc=0.9023  macroF1=0.7519  edit=39.57  segF1@50=0.41
[b2a][epoch 32/50] loss=0.5506  val_acc=0.9327  macroF1=0.7272  edit=43.80  segF1@50=0.50
[b2a][epoch 33/50] loss=0.4918  val_acc=0.9340  macroF1=0.7914  edit=42.86  segF1@50=0.44
[b2a][epoch 34/50] loss=0.4908  val_acc=0.9241  macroF1=0.7347  edit=43.27  segF1@50=0.42
[b2a][epoch 35/50] loss=0.4418  val_acc=0.9558  macroF1=0.8193  edit=48.95  segF1@50=0.57
[b2a][epoch 36/50] loss=0.4076  val_acc=0.9465  macroF1=0.8042  edit=47.49  segF1@50=0.49
[b2a][epoch 37/50] loss=0.3826  val_acc=0.9578  macroF1=0.8222  edit=55.11  segF1@50=0.62
[b2a][epoch 38/50] loss=0.3632  val_acc=0.9485  macroF1=0.8070  edit=53.93  segF1@50=0.54
[b2a][epoch 39/50] loss=0.3511  val_acc=0.9578  macroF1=0.8261  edit=52.03  segF1@50=0.58
[b2a][epoch 40/50] loss=0.3548  val_acc=0.9419  macroF1=0.7882  edit=48.84  segF1@50=0.51
[b2a][epoch 41/50] loss=0.3591  val_acc=0.9373  macroF1=0.8047  edit=44.89  segF1@50=0.49
[b2a][epoch 42/50] loss=0.3582  val_acc=0.9518  macroF1=0.8040  edit=49.18  segF1@50=0.57
[b2a][epoch 43/50] loss=0.3609  val_acc=0.9459  macroF1=0.8172  edit=45.36  segF1@50=0.50
[b2a][epoch 44/50] loss=0.3513  val_acc=0.9241  macroF1=0.7567  edit=41.70  segF1@50=0.43
[b2a][epoch 45/50] loss=0.3521  val_acc=0.9617  macroF1=0.8275  edit=52.59  segF1@50=0.62
[b2a][epoch 46/50] loss=0.3341  val_acc=0.9426  macroF1=0.8143  edit=45.94  segF1@50=0.50
[b2a][epoch 47/50] loss=0.3147  val_acc=0.9604  macroF1=0.8266  edit=56.17  segF1@50=0.64
[b2a][epoch 48/50] loss=0.3005  val_acc=0.9492  macroF1=0.8168  edit=46.51  segF1@50=0.51
[b2a][epoch 49/50] loss=0.2854  val_acc=0.9558  macroF1=0.8211  edit=55.11  segF1@50=0.57
[b2a][epoch 50/50] loss=0.2795  val_acc=0.9558  macroF1=0.8263  edit=54.07  segF1@50=0.56
[b2a] best @epoch 45: acc=0.9617 macroF1=0.8275
[b2a] evidence written -> /home/ubuntu/slocal2/m2/experiments/transfer/b2a_oracle_mask_03_002_b2a_oracle_mask_03_seed123
