[b2a] train clips=13  val clips=3  in_dim=2063  tool_source=oracle  classes=9  device=cuda
[b2a] evidence dir: /home/ubuntu/slocal2/m2/experiments/transfer/b2a_oracle_mask_14_003_b2a_oracle_mask_14_seed456
[b2a][epoch 1/50] loss=3.4912  val_acc=0.3340  macroF1=0.0715  edit=9.67  segF1@50=0.00
[b2a][epoch 2/50] loss=2.8861  val_acc=0.3650  macroF1=0.0767  edit=2.67  segF1@50=0.17
[b2a][epoch 3/50] loss=2.6891  val_acc=0.3340  macroF1=0.0715  edit=9.67  segF1@50=0.00
[b2a][epoch 4/50] loss=2.5887  val_acc=0.3677  macroF1=0.0768  edit=18.00  segF1@50=0.22
[b2a][epoch 5/50] loss=2.3282  val_acc=0.6805  macroF1=0.2285  edit=28.67  segF1@50=0.11
[b2a][epoch 6/50] loss=1.9933  val_acc=0.4858  macroF1=0.1640  edit=38.33  segF1@50=0.18
[b2a][epoch 7/50] loss=2.0822  val_acc=0.3340  macroF1=0.0715  edit=9.67  segF1@50=0.00
[b2a][epoch 8/50] loss=2.0292  val_acc=0.6495  macroF1=0.2231  edit=38.58  segF1@50=0.21
[b2a][epoch 9/50] loss=1.7303  val_acc=0.6548  macroF1=0.2254  edit=41.00  segF1@50=0.22
[b2a][epoch 10/50] loss=1.4696  val_acc=0.6330  macroF1=0.2184  edit=39.67  segF1@50=0.19
[b2a][epoch 11/50] loss=1.2945  val_acc=0.6581  macroF1=0.2711  edit=28.04  segF1@50=0.18
[b2a][epoch 12/50] loss=1.1872  val_acc=0.7518  macroF1=0.3724  edit=33.70  segF1@50=0.27
[b2a][epoch 13/50] loss=1.0774  val_acc=0.7710  macroF1=0.4087  edit=31.89  segF1@50=0.23
[b2a][epoch 14/50] loss=0.9934  val_acc=0.8264  macroF1=0.4727  edit=28.76  segF1@50=0.23
[b2a][epoch 15/50] loss=0.9142  val_acc=0.8000  macroF1=0.4544  edit=32.37  segF1@50=0.27
[b2a][epoch 16/50] loss=0.8591  val_acc=0.8838  macroF1=0.6338  edit=29.02  segF1@50=0.27
[b2a][epoch 17/50] loss=0.7852  val_acc=0.9109  macroF1=0.6782  edit=44.59  segF1@50=0.40
[b2a][epoch 18/50] loss=0.7320  val_acc=0.9063  macroF1=0.6833  edit=44.59  segF1@50=0.40
[b2a][epoch 19/50] loss=0.6789  val_acc=0.9168  macroF1=0.7027  edit=45.14  segF1@50=0.39
[b2a][epoch 20/50] loss=0.6402  val_acc=0.9267  macroF1=0.7431  edit=49.25  segF1@50=0.52
[b2a][epoch 21/50] loss=0.6129  val_acc=0.9248  macroF1=0.7656  edit=44.76  segF1@50=0.39
[b2a][epoch 22/50] loss=0.7419  val_acc=0.8779  macroF1=0.6487  edit=25.02  segF1@50=0.33
[b2a][epoch 23/50] loss=0.7281  val_acc=0.9340  macroF1=0.7739  edit=44.73  segF1@50=0.43
[b2a][epoch 24/50] loss=0.6462  val_acc=0.8858  macroF1=0.6855  edit=30.23  segF1@50=0.29
[b2a][epoch 25/50] loss=0.5937  val_acc=0.9340  macroF1=0.7312  edit=56.57  segF1@50=0.57
[b2a][epoch 26/50] loss=0.5441  val_acc=0.9241  macroF1=0.7692  edit=37.35  segF1@50=0.39
[b2a][epoch 27/50] loss=0.4969  val_acc=0.9446  macroF1=0.7865  edit=49.60  segF1@50=0.48
[b2a][epoch 28/50] loss=0.4803  val_acc=0.9419  macroF1=0.7972  edit=44.70  segF1@50=0.49
[b2a][epoch 29/50] loss=0.4524  val_acc=0.9479  macroF1=0.8028  edit=49.60  segF1@50=0.52
[b2a][epoch 30/50] loss=0.4319  val_acc=0.9459  macroF1=0.8012  edit=47.07  segF1@50=0.50
[b2a][epoch 31/50] loss=0.4103  val_acc=0.9531  macroF1=0.8137  edit=54.27  segF1@50=0.53
[b2a][epoch 32/50] loss=0.4025  val_acc=0.9446  macroF1=0.8041  edit=45.44  segF1@50=0.50
[b2a][epoch 33/50] loss=0.3925  val_acc=0.9505  macroF1=0.8104  edit=51.30  segF1@50=0.52
[b2a][epoch 34/50] loss=0.4007  val_acc=0.9380  macroF1=0.7700  edit=43.87  segF1@50=0.46
[b2a][epoch 35/50] loss=0.4101  val_acc=0.9089  macroF1=0.7709  edit=42.29  segF1@50=0.46
[b2a][epoch 36/50] loss=0.3957  val_acc=0.9366  macroF1=0.7740  edit=42.20  segF1@50=0.43
[b2a][epoch 37/50] loss=0.4481  val_acc=0.9472  macroF1=0.8119  edit=46.35  segF1@50=0.48
[b2a][epoch 38/50] loss=0.4413  val_acc=0.9393  macroF1=0.7950  edit=45.00  segF1@50=0.53
[b2a][epoch 39/50] loss=0.4206  val_acc=0.9083  macroF1=0.7433  edit=40.91  segF1@50=0.46
[b2a][epoch 40/50] loss=0.3818  val_acc=0.9545  macroF1=0.8192  edit=49.19  segF1@50=0.53
[b2a][epoch 41/50] loss=0.3584  val_acc=0.9347  macroF1=0.7999  edit=47.30  segF1@50=0.53
[b2a][epoch 42/50] loss=0.3642  val_acc=0.9459  macroF1=0.8058  edit=59.49  segF1@50=0.66
[b2a][epoch 43/50] loss=0.3572  val_acc=0.9188  macroF1=0.7991  edit=35.08  segF1@50=0.38
[b2a][epoch 44/50] loss=0.4072  val_acc=0.9406  macroF1=0.8169  edit=43.58  segF1@50=0.47
[b2a][epoch 45/50] loss=0.3895  val_acc=0.9294  macroF1=0.7789  edit=52.62  segF1@50=0.53
[b2a][epoch 46/50] loss=0.4222  val_acc=0.9413  macroF1=0.8157  edit=45.44  segF1@50=0.48
[b2a][epoch 47/50] loss=0.4242  val_acc=0.7809  macroF1=0.7471  edit=24.57  segF1@50=0.24
[b2a][epoch 48/50] loss=0.4334  val_acc=0.9465  macroF1=0.8169  edit=50.00  segF1@50=0.58
[b2a][epoch 49/50] loss=0.4069  val_acc=0.9512  macroF1=0.8126  edit=42.05  segF1@50=0.47
[b2a][epoch 50/50] loss=0.3502  val_acc=0.9366  macroF1=0.7980  edit=36.74  segF1@50=0.42
[b2a] best @epoch 40: acc=0.9545 macroF1=0.8192
[b2a] evidence written -> /home/ubuntu/slocal2/m2/experiments/transfer/b2a_oracle_mask_14_003_b2a_oracle_mask_14_seed456
