[b2a] train clips=13  val clips=3  in_dim=2063  tool_source=pred  classes=9  device=cuda
[b2a] evidence dir: /home/ubuntu/slocal2/m2/experiments/transfer/b2a_mask_dim_00_002_b2a_mask_dim_00_seed123
[b2a][epoch 1/50] loss=3.5620  val_acc=0.3677  macroF1=0.0768  edit=18.00  segF1@50=0.22
[b2a][epoch 2/50] loss=3.0442  val_acc=0.3677  macroF1=0.0768  edit=18.00  segF1@50=0.22
[b2a][epoch 3/50] loss=2.7414  val_acc=0.3340  macroF1=0.0715  edit=9.67  segF1@50=0.00
[b2a][epoch 4/50] loss=2.5881  val_acc=0.4759  macroF1=0.1469  edit=23.33  segF1@50=0.22
[b2a][epoch 5/50] loss=2.3892  val_acc=0.6469  macroF1=0.2165  edit=37.00  segF1@50=0.24
[b2a][epoch 6/50] loss=1.9841  val_acc=0.6726  macroF1=0.2289  edit=37.00  segF1@50=0.24
[b2a][epoch 7/50] loss=1.9955  val_acc=0.4442  macroF1=0.1439  edit=27.44  segF1@50=0.02
[b2a][epoch 8/50] loss=2.2371  val_acc=0.6158  macroF1=0.2049  edit=27.52  segF1@50=0.25
[b2a][epoch 9/50] loss=1.6728  val_acc=0.6409  macroF1=0.2213  edit=31.33  segF1@50=0.15
[b2a][epoch 10/50] loss=1.4270  val_acc=0.6726  macroF1=0.2293  edit=30.11  segF1@50=0.15
[b2a][epoch 11/50] loss=1.3287  val_acc=0.6561  macroF1=0.2609  edit=50.67  segF1@50=0.23
[b2a][epoch 12/50] loss=1.2250  val_acc=0.7696  macroF1=0.3997  edit=33.51  segF1@50=0.29
[b2a][epoch 13/50] loss=1.1257  val_acc=0.7683  macroF1=0.4029  edit=45.94  segF1@50=0.34
[b2a][epoch 14/50] loss=1.0532  val_acc=0.7749  macroF1=0.3984  edit=37.67  segF1@50=0.26
[b2a][epoch 15/50] loss=1.0054  val_acc=0.8073  macroF1=0.4532  edit=39.88  segF1@50=0.32
[b2a][epoch 16/50] loss=0.9270  val_acc=0.8112  macroF1=0.4678  edit=40.67  segF1@50=0.36
[b2a][epoch 17/50] loss=0.8925  val_acc=0.8640  macroF1=0.6313  edit=31.33  segF1@50=0.34
[b2a][epoch 18/50] loss=0.8169  val_acc=0.8396  macroF1=0.5049  edit=33.22  segF1@50=0.30
[b2a][epoch 19/50] loss=0.7686  val_acc=0.8574  macroF1=0.5996  edit=35.26  segF1@50=0.33
[b2a][epoch 20/50] loss=0.8536  val_acc=0.8937  macroF1=0.6619  edit=32.67  segF1@50=0.32
[b2a][epoch 21/50] loss=0.8512  val_acc=0.7947  macroF1=0.5511  edit=38.04  segF1@50=0.32
[b2a][epoch 22/50] loss=0.7865  val_acc=0.8752  macroF1=0.6308  edit=28.92  segF1@50=0.26
[b2a][epoch 23/50] loss=0.6933  val_acc=0.8865  macroF1=0.6671  edit=39.92  segF1@50=0.42
[b2a][epoch 24/50] loss=0.6460  val_acc=0.8983  macroF1=0.6793  edit=31.68  segF1@50=0.29
[b2a][epoch 25/50] loss=0.6023  val_acc=0.8970  macroF1=0.6878  edit=35.06  segF1@50=0.32
[b2a][epoch 26/50] loss=0.5844  val_acc=0.9003  macroF1=0.6637  edit=28.92  segF1@50=0.33
[b2a][epoch 27/50] loss=0.5582  val_acc=0.8970  macroF1=0.7006  edit=37.04  segF1@50=0.31
[b2a][epoch 28/50] loss=0.5396  val_acc=0.9056  macroF1=0.6870  edit=39.20  segF1@50=0.41
[b2a][epoch 29/50] loss=0.5250  val_acc=0.8865  macroF1=0.6717  edit=30.77  segF1@50=0.27
[b2a][epoch 30/50] loss=0.4841  val_acc=0.9083  macroF1=0.7054  edit=35.06  segF1@50=0.34
[b2a][epoch 31/50] loss=0.4654  val_acc=0.9102  macroF1=0.7297  edit=38.38  segF1@50=0.36
[b2a][epoch 32/50] loss=0.4858  val_acc=0.9168  macroF1=0.6971  edit=40.78  segF1@50=0.37
[b2a][epoch 33/50] loss=0.4721  val_acc=0.9076  macroF1=0.7442  edit=37.70  segF1@50=0.34
[b2a][epoch 34/50] loss=0.4652  val_acc=0.9036  macroF1=0.6782  edit=35.10  segF1@50=0.30
[b2a][epoch 35/50] loss=0.4437  val_acc=0.9096  macroF1=0.7488  edit=40.01  segF1@50=0.36
[b2a][epoch 36/50] loss=0.4193  val_acc=0.9096  macroF1=0.6975  edit=34.31  segF1@50=0.34
[b2a][epoch 37/50] loss=0.4044  val_acc=0.9195  macroF1=0.7581  edit=42.81  segF1@50=0.42
[b2a][epoch 38/50] loss=0.3901  val_acc=0.9175  macroF1=0.7068  edit=36.91  segF1@50=0.36
[b2a][epoch 39/50] loss=0.3849  val_acc=0.9089  macroF1=0.7521  edit=41.24  segF1@50=0.36
[b2a][epoch 40/50] loss=0.4408  val_acc=0.9142  macroF1=0.6778  edit=36.44  segF1@50=0.34
[b2a][epoch 41/50] loss=0.4507  val_acc=0.9010  macroF1=0.7287  edit=33.01  segF1@50=0.30
[b2a][epoch 42/50] loss=0.3910  val_acc=0.9168  macroF1=0.7186  edit=36.67  segF1@50=0.34
[b2a][epoch 43/50] loss=0.3723  val_acc=0.9215  macroF1=0.7518  edit=37.60  segF1@50=0.40
[b2a][epoch 44/50] loss=0.3482  val_acc=0.9142  macroF1=0.7393  edit=38.07  segF1@50=0.34
[b2a][epoch 45/50] loss=0.3337  val_acc=0.9162  macroF1=0.7298  edit=41.67  segF1@50=0.37
[b2a][epoch 46/50] loss=0.3186  val_acc=0.9254  macroF1=0.7545  edit=41.67  segF1@50=0.39
[b2a][epoch 47/50] loss=0.3173  val_acc=0.9287  macroF1=0.7693  edit=39.69  segF1@50=0.37
[b2a][epoch 48/50] loss=0.3190  val_acc=0.9267  macroF1=0.7594  edit=40.24  segF1@50=0.40
[b2a][epoch 49/50] loss=0.3123  val_acc=0.9234  macroF1=0.7617  edit=41.51  segF1@50=0.38
[b2a][epoch 50/50] loss=0.3034  val_acc=0.9215  macroF1=0.7263  edit=37.39  segF1@50=0.34
[b2a] best @epoch 47: acc=0.9287 macroF1=0.7693
[b2a] evidence written -> /home/ubuntu/slocal2/m2/experiments/transfer/b2a_mask_dim_00_002_b2a_mask_dim_00_seed123
