[b2a] train clips=13  val clips=3  in_dim=2063  tool_source=pred  classes=9  device=cuda
[b2a] evidence dir: /home/ubuntu/slocal2/m2/experiments/transfer/b2a_mask_dim_08_002_b2a_mask_dim_08_seed123
[b2a][epoch 1/50] loss=3.5623  val_acc=0.3677  macroF1=0.0768  edit=18.00  segF1@50=0.22
[b2a][epoch 2/50] loss=3.0456  val_acc=0.3677  macroF1=0.0768  edit=18.00  segF1@50=0.22
[b2a][epoch 3/50] loss=2.7429  val_acc=0.3340  macroF1=0.0715  edit=9.67  segF1@50=0.00
[b2a][epoch 4/50] loss=2.5933  val_acc=0.4759  macroF1=0.1469  edit=23.33  segF1@50=0.22
[b2a][epoch 5/50] loss=2.3990  val_acc=0.6449  macroF1=0.2157  edit=37.00  segF1@50=0.24
[b2a][epoch 6/50] loss=2.0037  val_acc=0.6739  macroF1=0.2293  edit=37.00  segF1@50=0.24
[b2a][epoch 7/50] loss=1.9960  val_acc=0.4548  macroF1=0.1493  edit=29.10  segF1@50=0.02
[b2a][epoch 8/50] loss=2.1262  val_acc=0.6469  macroF1=0.2163  edit=38.33  segF1@50=0.26
[b2a][epoch 9/50] loss=1.6377  val_acc=0.6515  macroF1=0.2241  edit=28.67  segF1@50=0.17
[b2a][epoch 10/50] loss=1.4193  val_acc=0.6746  macroF1=0.2301  edit=28.67  segF1@50=0.17
[b2a][epoch 11/50] loss=1.3150  val_acc=0.6680  macroF1=0.2771  edit=42.33  segF1@50=0.16
[b2a][epoch 12/50] loss=1.2140  val_acc=0.7578  macroF1=0.3898  edit=29.46  segF1@50=0.20
[b2a][epoch 13/50] loss=1.1125  val_acc=0.7670  macroF1=0.4018  edit=45.94  segF1@50=0.33
[b2a][epoch 14/50] loss=1.0311  val_acc=0.7776  macroF1=0.4075  edit=41.78  segF1@50=0.28
[b2a][epoch 15/50] loss=0.9849  val_acc=0.7967  macroF1=0.4465  edit=39.04  segF1@50=0.29
[b2a][epoch 16/50] loss=0.9020  val_acc=0.8073  macroF1=0.4669  edit=41.22  segF1@50=0.34
[b2a][epoch 17/50] loss=0.8740  val_acc=0.8449  macroF1=0.6021  edit=30.88  segF1@50=0.25
[b2a][epoch 18/50] loss=0.7911  val_acc=0.8290  macroF1=0.4892  edit=32.89  segF1@50=0.33
[b2a][epoch 19/50] loss=0.8009  val_acc=0.8231  macroF1=0.5287  edit=28.00  segF1@50=0.22
[b2a][epoch 20/50] loss=0.9613  val_acc=0.7789  macroF1=0.4901  edit=31.28  segF1@50=0.27
[b2a][epoch 21/50] loss=0.9104  val_acc=0.8548  macroF1=0.6192  edit=36.37  segF1@50=0.29
[b2a][epoch 22/50] loss=0.7624  val_acc=0.8521  macroF1=0.5880  edit=26.59  segF1@50=0.21
[b2a][epoch 23/50] loss=0.7051  val_acc=0.8924  macroF1=0.6767  edit=35.84  segF1@50=0.33
[b2a][epoch 24/50] loss=0.6329  val_acc=0.8851  macroF1=0.6805  edit=39.13  segF1@50=0.34
[b2a][epoch 25/50] loss=0.5994  val_acc=0.9069  macroF1=0.7268  edit=37.17  segF1@50=0.32
[b2a][epoch 26/50] loss=0.5609  val_acc=0.9116  macroF1=0.7191  edit=38.44  segF1@50=0.43
[b2a][epoch 27/50] loss=0.5350  val_acc=0.8851  macroF1=0.6756  edit=38.76  segF1@50=0.33
[b2a][epoch 28/50] loss=0.5198  val_acc=0.9010  macroF1=0.7217  edit=30.08  segF1@50=0.28
[b2a][epoch 29/50] loss=0.5085  val_acc=0.9102  macroF1=0.7065  edit=38.76  segF1@50=0.38
[b2a][epoch 30/50] loss=0.4913  val_acc=0.9208  macroF1=0.7587  edit=43.70  segF1@50=0.42
[b2a][epoch 31/50] loss=0.4635  val_acc=0.9102  macroF1=0.6996  edit=33.65  segF1@50=0.38
[b2a][epoch 32/50] loss=0.4455  val_acc=0.9069  macroF1=0.7239  edit=37.30  segF1@50=0.35
[b2a][epoch 33/50] loss=0.4273  val_acc=0.9241  macroF1=0.7696  edit=40.83  segF1@50=0.41
[b2a][epoch 34/50] loss=0.4141  val_acc=0.9182  macroF1=0.7391  edit=42.17  segF1@50=0.38
[b2a][epoch 35/50] loss=0.4049  val_acc=0.9254  macroF1=0.7789  edit=41.80  segF1@50=0.43
[b2a][epoch 36/50] loss=0.3944  val_acc=0.9142  macroF1=0.7335  edit=38.10  segF1@50=0.37
[b2a][epoch 37/50] loss=0.3962  val_acc=0.9274  macroF1=0.7831  edit=39.10  segF1@50=0.39
[b2a][epoch 38/50] loss=0.4086  val_acc=0.9182  macroF1=0.7070  edit=44.24  segF1@50=0.50
[b2a][epoch 39/50] loss=0.4577  val_acc=0.9089  macroF1=0.7627  edit=35.43  segF1@50=0.36
[b2a][epoch 40/50] loss=0.4937  val_acc=0.8832  macroF1=0.6535  edit=35.78  segF1@50=0.28
[b2a][epoch 41/50] loss=0.5215  val_acc=0.8660  macroF1=0.6945  edit=24.67  segF1@50=0.19
[b2a][epoch 42/50] loss=0.4448  val_acc=0.9254  macroF1=0.7681  edit=42.17  segF1@50=0.42
[b2a][epoch 43/50] loss=0.4394  val_acc=0.9314  macroF1=0.7703  edit=43.85  segF1@50=0.48
[b2a][epoch 44/50] loss=0.3739  val_acc=0.9063  macroF1=0.7523  edit=32.32  segF1@50=0.34
[b2a][epoch 45/50] loss=0.3602  val_acc=0.9267  macroF1=0.7614  edit=41.36  segF1@50=0.41
[b2a][epoch 46/50] loss=0.3293  val_acc=0.9261  macroF1=0.7799  edit=40.32  segF1@50=0.42
[b2a][epoch 47/50] loss=0.3193  val_acc=0.9254  macroF1=0.7765  edit=37.19  segF1@50=0.39
[b2a][epoch 48/50] loss=0.3077  val_acc=0.9327  macroF1=0.7816  edit=39.39  segF1@50=0.42
[b2a][epoch 49/50] loss=0.2980  val_acc=0.9281  macroF1=0.7815  edit=40.68  segF1@50=0.42
[b2a][epoch 50/50] loss=0.2921  val_acc=0.9333  macroF1=0.7807  edit=38.12  segF1@50=0.40
[b2a] best @epoch 50: acc=0.9333 macroF1=0.7807
[b2a] evidence written -> /home/ubuntu/slocal2/m2/experiments/transfer/b2a_mask_dim_08_002_b2a_mask_dim_08_seed123
