[b2a] train clips=13  val clips=3  in_dim=2063  tool_source=pred  classes=9  device=cuda
[b2a] evidence dir: /home/ubuntu/slocal2/m2/experiments/transfer/b2a_mask_dim_01_002_b2a_mask_dim_01_seed123
[b2a][epoch 1/50] loss=3.5659  val_acc=0.3677  macroF1=0.0768  edit=18.00  segF1@50=0.22
[b2a][epoch 2/50] loss=3.0454  val_acc=0.3677  macroF1=0.0768  edit=18.00  segF1@50=0.22
[b2a][epoch 3/50] loss=2.7445  val_acc=0.3340  macroF1=0.0715  edit=9.67  segF1@50=0.00
[b2a][epoch 4/50] loss=2.5941  val_acc=0.4759  macroF1=0.1469  edit=23.33  segF1@50=0.22
[b2a][epoch 5/50] loss=2.3975  val_acc=0.6396  macroF1=0.2137  edit=39.67  segF1@50=0.24
[b2a][epoch 6/50] loss=2.0028  val_acc=0.6739  macroF1=0.2293  edit=37.00  segF1@50=0.24
[b2a][epoch 7/50] loss=1.9930  val_acc=0.4488  macroF1=0.1463  edit=31.44  segF1@50=0.02
[b2a][epoch 8/50] loss=2.1786  val_acc=0.6376  macroF1=0.2129  edit=39.67  segF1@50=0.24
[b2a][epoch 9/50] loss=1.6619  val_acc=0.6502  macroF1=0.2239  edit=30.00  segF1@50=0.15
[b2a][epoch 10/50] loss=1.4351  val_acc=0.6733  macroF1=0.2295  edit=28.78  segF1@50=0.15
[b2a][epoch 11/50] loss=1.3293  val_acc=0.6587  macroF1=0.2630  edit=42.33  segF1@50=0.17
[b2a][epoch 12/50] loss=1.2287  val_acc=0.7465  macroF1=0.3803  edit=36.67  segF1@50=0.26
[b2a][epoch 13/50] loss=1.1220  val_acc=0.7670  macroF1=0.4018  edit=45.94  segF1@50=0.34
[b2a][epoch 14/50] loss=1.0428  val_acc=0.7756  macroF1=0.3924  edit=30.39  segF1@50=0.24
[b2a][epoch 15/50] loss=1.0000  val_acc=0.7980  macroF1=0.4451  edit=38.36  segF1@50=0.27
[b2a][epoch 16/50] loss=0.9134  val_acc=0.8112  macroF1=0.4686  edit=32.33  segF1@50=0.30
[b2a][epoch 17/50] loss=0.8795  val_acc=0.8620  macroF1=0.6295  edit=27.39  segF1@50=0.26
[b2a][epoch 18/50] loss=0.7901  val_acc=0.8290  macroF1=0.4867  edit=32.33  segF1@50=0.31
[b2a][epoch 19/50] loss=0.7470  val_acc=0.8548  macroF1=0.5949  edit=34.21  segF1@50=0.35
[b2a][epoch 20/50] loss=0.8709  val_acc=0.8792  macroF1=0.6411  edit=29.95  segF1@50=0.27
[b2a][epoch 21/50] loss=0.8713  val_acc=0.7914  macroF1=0.5426  edit=36.09  segF1@50=0.29
[b2a][epoch 22/50] loss=0.7750  val_acc=0.8660  macroF1=0.6179  edit=22.98  segF1@50=0.24
[b2a][epoch 23/50] loss=0.6893  val_acc=0.8818  macroF1=0.6725  edit=31.85  segF1@50=0.33
[b2a][epoch 24/50] loss=0.6476  val_acc=0.9017  macroF1=0.6948  edit=36.92  segF1@50=0.33
[b2a][epoch 25/50] loss=0.6132  val_acc=0.9083  macroF1=0.7302  edit=34.31  segF1@50=0.33
[b2a][epoch 26/50] loss=0.5698  val_acc=0.9083  macroF1=0.6980  edit=33.81  segF1@50=0.37
[b2a][epoch 27/50] loss=0.5406  val_acc=0.8838  macroF1=0.6678  edit=35.56  segF1@50=0.31
[b2a][epoch 28/50] loss=0.5182  val_acc=0.9116  macroF1=0.7503  edit=31.79  segF1@50=0.34
[b2a][epoch 29/50] loss=0.5074  val_acc=0.9155  macroF1=0.7054  edit=38.91  segF1@50=0.39
[b2a][epoch 30/50] loss=0.4769  val_acc=0.9155  macroF1=0.7485  edit=38.79  segF1@50=0.37
[b2a][epoch 31/50] loss=0.4563  val_acc=0.9149  macroF1=0.7475  edit=37.81  segF1@50=0.35
[b2a][epoch 32/50] loss=0.4432  val_acc=0.9241  macroF1=0.7423  edit=42.51  segF1@50=0.43
[b2a][epoch 33/50] loss=0.4450  val_acc=0.9096  macroF1=0.7586  edit=36.22  segF1@50=0.38
[b2a][epoch 34/50] loss=0.5530  val_acc=0.9116  macroF1=0.6751  edit=34.91  segF1@50=0.35
[b2a][epoch 35/50] loss=0.5084  val_acc=0.9162  macroF1=0.7721  edit=36.09  segF1@50=0.39
[b2a][epoch 36/50] loss=0.4509  val_acc=0.9208  macroF1=0.7645  edit=39.90  segF1@50=0.39
[b2a][epoch 37/50] loss=0.4216  val_acc=0.9327  macroF1=0.7827  edit=41.31  segF1@50=0.42
[b2a][epoch 38/50] loss=0.4046  val_acc=0.9228  macroF1=0.7664  edit=41.24  segF1@50=0.40
[b2a][epoch 39/50] loss=0.3893  val_acc=0.9300  macroF1=0.7829  edit=41.90  segF1@50=0.42
[b2a][epoch 40/50] loss=0.3889  val_acc=0.9109  macroF1=0.7261  edit=37.75  segF1@50=0.35
[b2a][epoch 41/50] loss=0.3931  val_acc=0.8937  macroF1=0.7389  edit=35.57  segF1@50=0.37
[b2a][epoch 42/50] loss=0.3835  val_acc=0.9261  macroF1=0.7477  edit=41.51  segF1@50=0.45
[b2a][epoch 43/50] loss=0.3817  val_acc=0.9261  macroF1=0.7791  edit=37.78  segF1@50=0.40
[b2a][epoch 44/50] loss=0.3578  val_acc=0.9076  macroF1=0.7341  edit=36.24  segF1@50=0.38
[b2a][epoch 45/50] loss=0.3452  val_acc=0.9333  macroF1=0.7856  edit=37.39  segF1@50=0.40
[b2a][epoch 46/50] loss=0.3336  val_acc=0.9188  macroF1=0.7690  edit=40.32  segF1@50=0.41
[b2a][epoch 47/50] loss=0.3206  val_acc=0.9340  macroF1=0.7840  edit=41.01  segF1@50=0.42
[b2a][epoch 48/50] loss=0.3101  val_acc=0.9320  macroF1=0.7826  edit=41.16  segF1@50=0.42
[b2a][epoch 49/50] loss=0.2976  val_acc=0.9333  macroF1=0.7838  edit=41.95  segF1@50=0.43
[b2a][epoch 50/50] loss=0.2909  val_acc=0.9320  macroF1=0.7799  edit=41.53  segF1@50=0.42
[b2a] best @epoch 47: acc=0.9340 macroF1=0.7840
[b2a] evidence written -> /home/ubuntu/slocal2/m2/experiments/transfer/b2a_mask_dim_01_002_b2a_mask_dim_01_seed123
