[b2a] train clips=13  val clips=3  in_dim=2063  tool_source=oracle  classes=9  device=cuda
[b2a] evidence dir: /home/ubuntu/slocal2/m2/experiments/transfer/b2a_oracle_mask_13_001_b2a_oracle_mask_13_seed42
[b2a][epoch 1/50] loss=3.7480  val_acc=0.3624  macroF1=0.0766  edit=2.67  segF1@50=0.17
[b2a][epoch 2/50] loss=2.8714  val_acc=0.3182  macroF1=0.1098  edit=9.10  segF1@50=0.00
[b2a][epoch 3/50] loss=2.6885  val_acc=0.3670  macroF1=0.0768  edit=1.33  segF1@50=0.17
[b2a][epoch 4/50] loss=2.4441  val_acc=0.5314  macroF1=0.1831  edit=19.44  segF1@50=0.02
[b2a][epoch 5/50] loss=2.4280  val_acc=0.5967  macroF1=0.1999  edit=33.20  segF1@50=0.25
[b2a][epoch 6/50] loss=2.0491  val_acc=0.6739  macroF1=0.2294  edit=32.67  segF1@50=0.14
[b2a][epoch 7/50] loss=1.6475  val_acc=0.6449  macroF1=0.2218  edit=41.00  segF1@50=0.20
[b2a][epoch 8/50] loss=1.5370  val_acc=0.6554  macroF1=0.2245  edit=38.33  segF1@50=0.22
[b2a][epoch 9/50] loss=1.4402  val_acc=0.6785  macroF1=0.2294  edit=32.78  segF1@50=0.19
[b2a][epoch 10/50] loss=1.3916  val_acc=0.5861  macroF1=0.2174  edit=37.47  segF1@50=0.11
[b2a][epoch 11/50] loss=1.2972  val_acc=0.7670  macroF1=0.4083  edit=33.71  segF1@50=0.24
[b2a][epoch 12/50] loss=1.1854  val_acc=0.8317  macroF1=0.4738  edit=38.73  segF1@50=0.37
[b2a][epoch 13/50] loss=1.1254  val_acc=0.8139  macroF1=0.4909  edit=37.17  segF1@50=0.35
[b2a][epoch 14/50] loss=1.0204  val_acc=0.8013  macroF1=0.4155  edit=35.84  segF1@50=0.35
[b2a][epoch 15/50] loss=0.9402  val_acc=0.7941  macroF1=0.4334  edit=28.56  segF1@50=0.22
[b2a][epoch 16/50] loss=0.8407  val_acc=0.8251  macroF1=0.4679  edit=40.63  segF1@50=0.35
[b2a][epoch 17/50] loss=0.8030  val_acc=0.8898  macroF1=0.6418  edit=46.89  segF1@50=0.35
[b2a][epoch 18/50] loss=0.7380  val_acc=0.8733  macroF1=0.6200  edit=39.37  segF1@50=0.33
[b2a][epoch 19/50] loss=0.7062  val_acc=0.9254  macroF1=0.7498  edit=53.42  segF1@50=0.50
[b2a][epoch 20/50] loss=0.7067  val_acc=0.9188  macroF1=0.7139  edit=41.62  segF1@50=0.45
[b2a][epoch 21/50] loss=0.6289  val_acc=0.8957  macroF1=0.6534  edit=32.25  segF1@50=0.30
[b2a][epoch 22/50] loss=0.5942  val_acc=0.9215  macroF1=0.7680  edit=48.22  segF1@50=0.47
[b2a][epoch 23/50] loss=0.5769  val_acc=0.9010  macroF1=0.6655  edit=43.33  segF1@50=0.38
[b2a][epoch 24/50] loss=0.5353  val_acc=0.9386  macroF1=0.7845  edit=47.80  segF1@50=0.49
[b2a][epoch 25/50] loss=0.5179  val_acc=0.9294  macroF1=0.7642  edit=43.87  segF1@50=0.50
[b2a][epoch 26/50] loss=0.5165  val_acc=0.8924  macroF1=0.7030  edit=37.00  segF1@50=0.37
[b2a][epoch 27/50] loss=0.6223  val_acc=0.8561  macroF1=0.6117  edit=38.84  segF1@50=0.36
[b2a][epoch 28/50] loss=0.6050  val_acc=0.9261  macroF1=0.7683  edit=47.03  segF1@50=0.47
[b2a][epoch 29/50] loss=0.5512  val_acc=0.9406  macroF1=0.7872  edit=50.11  segF1@50=0.50
[b2a][epoch 30/50] loss=0.4756  val_acc=0.9333  macroF1=0.7844  edit=42.81  segF1@50=0.45
[b2a][epoch 31/50] loss=0.4429  val_acc=0.9327  macroF1=0.7773  edit=47.84  segF1@50=0.49
[b2a][epoch 32/50] loss=0.4148  val_acc=0.9446  macroF1=0.7988  edit=47.33  segF1@50=0.47
[b2a][epoch 33/50] loss=0.4016  val_acc=0.9386  macroF1=0.7906  edit=48.44  segF1@50=0.51
[b2a][epoch 34/50] loss=0.3987  val_acc=0.9439  macroF1=0.7929  edit=49.60  segF1@50=0.51
[b2a][epoch 35/50] loss=0.4060  val_acc=0.9413  macroF1=0.7989  edit=48.03  segF1@50=0.50
[b2a][epoch 36/50] loss=0.3777  val_acc=0.9399  macroF1=0.7908  edit=50.12  segF1@50=0.53
[b2a][epoch 37/50] loss=0.3621  val_acc=0.9472  macroF1=0.8064  edit=49.19  segF1@50=0.50
[b2a][epoch 38/50] loss=0.3463  val_acc=0.9512  macroF1=0.8110  edit=48.02  segF1@50=0.51
[b2a][epoch 39/50] loss=0.3456  val_acc=0.9479  macroF1=0.8103  edit=47.84  segF1@50=0.49
[b2a][epoch 40/50] loss=0.3320  val_acc=0.9531  macroF1=0.8157  edit=50.62  segF1@50=0.53
[b2a][epoch 41/50] loss=0.3269  val_acc=0.9505  macroF1=0.8137  edit=48.44  segF1@50=0.51
[b2a][epoch 42/50] loss=0.3338  val_acc=0.9426  macroF1=0.7866  edit=50.96  segF1@50=0.51
[b2a][epoch 43/50] loss=0.3630  val_acc=0.9452  macroF1=0.8084  edit=43.82  segF1@50=0.49
[b2a][epoch 44/50] loss=0.3264  val_acc=0.9459  macroF1=0.7942  edit=53.07  segF1@50=0.53
[b2a][epoch 45/50] loss=0.3140  val_acc=0.9531  macroF1=0.8153  edit=47.51  segF1@50=0.52
[b2a][epoch 46/50] loss=0.3006  val_acc=0.9505  macroF1=0.8137  edit=54.00  segF1@50=0.53
[b2a][epoch 47/50] loss=0.2912  val_acc=0.9525  macroF1=0.8147  edit=52.65  segF1@50=0.60
[b2a][epoch 48/50] loss=0.2830  val_acc=0.9545  macroF1=0.8214  edit=47.03  segF1@50=0.52
[b2a][epoch 49/50] loss=0.2796  val_acc=0.9538  macroF1=0.8211  edit=55.68  segF1@50=0.58
[b2a][epoch 50/50] loss=0.2779  val_acc=0.9551  macroF1=0.8239  edit=49.97  segF1@50=0.52
[b2a] best @epoch 50: acc=0.9551 macroF1=0.8239
[b2a] evidence written -> /home/ubuntu/slocal2/m2/experiments/transfer/b2a_oracle_mask_13_001_b2a_oracle_mask_13_seed42
