[b2a] train clips=13  val clips=3  in_dim=2063  tool_source=pred  classes=9  device=cuda
[b2a] evidence dir: /home/ubuntu/slocal2/m2/experiments/transfer/b2a_mask_dim_09_003_b2a_mask_dim_09_seed456
[b2a][epoch 1/50] loss=3.4904  val_acc=0.3340  macroF1=0.0715  edit=9.67  segF1@50=0.00
[b2a][epoch 2/50] loss=2.8886  val_acc=0.3650  macroF1=0.0767  edit=2.67  segF1@50=0.17
[b2a][epoch 3/50] loss=2.6953  val_acc=0.3340  macroF1=0.0715  edit=9.67  segF1@50=0.00
[b2a][epoch 4/50] loss=2.6002  val_acc=0.3677  macroF1=0.0768  edit=18.00  segF1@50=0.22
[b2a][epoch 5/50] loss=2.3541  val_acc=0.6792  macroF1=0.2281  edit=28.89  segF1@50=0.17
[b2a][epoch 6/50] loss=2.0457  val_acc=0.4871  macroF1=0.1645  edit=38.33  segF1@50=0.18
[b2a][epoch 7/50] loss=2.1617  val_acc=0.3340  macroF1=0.0715  edit=9.67  segF1@50=0.00
[b2a][epoch 8/50] loss=2.1087  val_acc=0.6614  macroF1=0.2252  edit=37.90  segF1@50=0.21
[b2a][epoch 9/50] loss=1.7633  val_acc=0.6508  macroF1=0.2237  edit=27.00  segF1@50=0.13
[b2a][epoch 10/50] loss=1.5291  val_acc=0.6284  macroF1=0.2166  edit=32.78  segF1@50=0.17
[b2a][epoch 11/50] loss=1.3583  val_acc=0.6284  macroF1=0.2351  edit=37.43  segF1@50=0.15
[b2a][epoch 12/50] loss=1.2488  val_acc=0.6944  macroF1=0.3168  edit=36.18  segF1@50=0.24
[b2a][epoch 13/50] loss=1.1628  val_acc=0.7201  macroF1=0.3486  edit=34.33  segF1@50=0.23
[b2a][epoch 14/50] loss=1.0846  val_acc=0.7960  macroF1=0.4431  edit=29.68  segF1@50=0.24
[b2a][epoch 15/50] loss=1.0050  val_acc=0.7815  macroF1=0.4111  edit=31.41  segF1@50=0.22
[b2a][epoch 16/50] loss=0.9389  val_acc=0.8620  macroF1=0.6289  edit=37.45  segF1@50=0.32
[b2a][epoch 17/50] loss=0.8735  val_acc=0.8541  macroF1=0.5947  edit=29.78  segF1@50=0.29
[b2a][epoch 18/50] loss=0.8046  val_acc=0.8944  macroF1=0.6706  edit=44.05  segF1@50=0.45
[b2a][epoch 19/50] loss=0.7446  val_acc=0.8601  macroF1=0.6394  edit=31.16  segF1@50=0.23
[b2a][epoch 20/50] loss=0.8488  val_acc=0.9102  macroF1=0.6838  edit=50.31  segF1@50=0.51
[b2a][epoch 21/50] loss=0.7372  val_acc=0.8238  macroF1=0.5960  edit=37.54  segF1@50=0.28
[b2a][epoch 22/50] loss=0.7558  val_acc=0.7954  macroF1=0.5206  edit=40.48  segF1@50=0.36
[b2a][epoch 23/50] loss=0.9755  val_acc=0.8290  macroF1=0.5904  edit=37.21  segF1@50=0.30
[b2a][epoch 24/50] loss=0.7436  val_acc=0.8350  macroF1=0.5771  edit=26.66  segF1@50=0.22
[b2a][epoch 25/50] loss=0.6799  val_acc=0.8594  macroF1=0.6949  edit=37.34  segF1@50=0.31
[b2a][epoch 26/50] loss=0.6075  val_acc=0.8746  macroF1=0.6839  edit=39.28  segF1@50=0.34
[b2a][epoch 27/50] loss=0.5577  val_acc=0.8997  macroF1=0.7261  edit=42.62  segF1@50=0.38
[b2a][epoch 28/50] loss=0.5261  val_acc=0.8878  macroF1=0.6981  edit=40.15  segF1@50=0.34
[b2a][epoch 29/50] loss=0.5052  val_acc=0.8884  macroF1=0.7228  edit=42.01  segF1@50=0.40
[b2a][epoch 30/50] loss=0.4922  val_acc=0.9122  macroF1=0.7315  edit=43.87  segF1@50=0.42
[b2a][epoch 31/50] loss=0.4824  val_acc=0.9050  macroF1=0.7549  edit=41.94  segF1@50=0.42
[b2a][epoch 32/50] loss=0.7032  val_acc=0.8772  macroF1=0.6437  edit=34.81  segF1@50=0.29
[b2a][epoch 33/50] loss=0.6317  val_acc=0.8759  macroF1=0.6715  edit=38.29  segF1@50=0.35
[b2a][epoch 34/50] loss=0.5267  val_acc=0.8937  macroF1=0.7222  edit=39.84  segF1@50=0.37
[b2a][epoch 35/50] loss=0.4693  val_acc=0.8779  macroF1=0.7014  edit=40.33  segF1@50=0.35
[b2a][epoch 36/50] loss=0.4485  val_acc=0.9030  macroF1=0.7426  edit=41.94  segF1@50=0.39
[b2a][epoch 37/50] loss=0.4162  val_acc=0.9109  macroF1=0.7532  edit=39.51  segF1@50=0.41
[b2a][epoch 38/50] loss=0.3936  val_acc=0.9175  macroF1=0.7583  edit=41.20  segF1@50=0.41
[b2a][epoch 39/50] loss=0.3803  val_acc=0.9175  macroF1=0.7617  edit=41.70  segF1@50=0.43
[b2a][epoch 40/50] loss=0.3695  val_acc=0.9155  macroF1=0.7575  edit=42.62  segF1@50=0.42
[b2a][epoch 41/50] loss=0.3629  val_acc=0.9254  macroF1=0.7696  edit=43.03  segF1@50=0.42
[b2a][epoch 42/50] loss=0.3511  val_acc=0.9215  macroF1=0.7648  edit=41.11  segF1@50=0.42
[b2a][epoch 43/50] loss=0.3388  val_acc=0.9182  macroF1=0.7639  edit=41.11  segF1@50=0.42
[b2a][epoch 44/50] loss=0.3378  val_acc=0.9129  macroF1=0.7519  edit=39.51  segF1@50=0.41
[b2a][epoch 45/50] loss=0.3303  val_acc=0.9274  macroF1=0.7753  edit=48.59  segF1@50=0.50
[b2a][epoch 46/50] loss=0.3234  val_acc=0.9102  macroF1=0.7434  edit=42.62  segF1@50=0.41
[b2a][epoch 47/50] loss=0.3210  val_acc=0.8878  macroF1=0.7476  edit=30.35  segF1@50=0.31
[b2a][epoch 48/50] loss=0.4142  val_acc=0.9003  macroF1=0.7046  edit=40.61  segF1@50=0.38
[b2a][epoch 49/50] loss=0.6285  val_acc=0.8495  macroF1=0.6666  edit=34.41  segF1@50=0.37
[b2a][epoch 50/50] loss=0.5865  val_acc=0.7333  macroF1=0.5982  edit=38.23  segF1@50=0.31
[b2a] best @epoch 45: acc=0.9274 macroF1=0.7753
[b2a] evidence written -> /home/ubuntu/slocal2/m2/experiments/transfer/b2a_mask_dim_09_003_b2a_mask_dim_09_seed456
