[b2a] train clips=13  val clips=3  in_dim=2063  tool_source=pred  classes=9  device=cuda
[b2a] evidence dir: /home/ubuntu/slocal2/m2/experiments/transfer/b2a_mask_dim_14_002_b2a_mask_dim_14_seed123
[b2a][epoch 1/50] loss=3.5609  val_acc=0.3677  macroF1=0.0768  edit=18.00  segF1@50=0.22
[b2a][epoch 2/50] loss=3.0454  val_acc=0.3677  macroF1=0.0768  edit=18.00  segF1@50=0.22
[b2a][epoch 3/50] loss=2.7412  val_acc=0.3340  macroF1=0.0715  edit=9.67  segF1@50=0.00
[b2a][epoch 4/50] loss=2.5906  val_acc=0.4759  macroF1=0.1469  edit=23.33  segF1@50=0.22
[b2a][epoch 5/50] loss=2.3946  val_acc=0.6455  macroF1=0.2160  edit=37.00  segF1@50=0.24
[b2a][epoch 6/50] loss=1.9991  val_acc=0.6739  macroF1=0.2293  edit=37.00  segF1@50=0.24
[b2a][epoch 7/50] loss=1.9986  val_acc=0.4587  macroF1=0.1513  edit=29.67  segF1@50=0.02
[b2a][epoch 8/50] loss=2.1198  val_acc=0.6475  macroF1=0.2165  edit=34.11  segF1@50=0.26
[b2a][epoch 9/50] loss=1.6556  val_acc=0.6515  macroF1=0.2241  edit=39.67  segF1@50=0.20
[b2a][epoch 10/50] loss=1.4420  val_acc=0.6746  macroF1=0.2300  edit=31.44  segF1@50=0.19
[b2a][epoch 11/50] loss=1.3330  val_acc=0.6634  macroF1=0.2741  edit=27.51  segF1@50=0.18
[b2a][epoch 12/50] loss=1.2429  val_acc=0.7406  macroF1=0.3780  edit=35.84  segF1@50=0.27
[b2a][epoch 13/50] loss=1.1222  val_acc=0.7670  macroF1=0.4022  edit=47.89  segF1@50=0.34
[b2a][epoch 14/50] loss=1.0418  val_acc=0.7749  macroF1=0.3885  edit=33.07  segF1@50=0.24
[b2a][epoch 15/50] loss=0.9896  val_acc=0.7993  macroF1=0.4499  edit=40.60  segF1@50=0.31
[b2a][epoch 16/50] loss=0.9044  val_acc=0.8092  macroF1=0.4665  edit=33.09  segF1@50=0.27
[b2a][epoch 17/50] loss=0.8730  val_acc=0.8502  macroF1=0.5990  edit=24.43  segF1@50=0.22
[b2a][epoch 18/50] loss=0.7886  val_acc=0.8350  macroF1=0.4982  edit=30.93  segF1@50=0.30
[b2a][epoch 19/50] loss=0.7362  val_acc=0.8561  macroF1=0.5873  edit=47.33  segF1@50=0.39
[b2a][epoch 20/50] loss=0.6911  val_acc=0.8997  macroF1=0.6841  edit=36.30  segF1@50=0.33
[b2a][epoch 21/50] loss=0.6500  val_acc=0.8680  macroF1=0.6482  edit=30.23  segF1@50=0.27
[b2a][epoch 22/50] loss=0.7650  val_acc=0.8891  macroF1=0.6523  edit=31.95  segF1@50=0.28
[b2a][epoch 23/50] loss=0.7380  val_acc=0.8647  macroF1=0.6517  edit=35.56  segF1@50=0.31
[b2a][epoch 24/50] loss=0.6532  val_acc=0.9043  macroF1=0.7043  edit=33.33  segF1@50=0.31
[b2a][epoch 25/50] loss=0.5769  val_acc=0.8891  macroF1=0.7158  edit=31.19  segF1@50=0.31
[b2a][epoch 26/50] loss=0.5404  val_acc=0.9135  macroF1=0.7429  edit=36.88  segF1@50=0.33
[b2a][epoch 27/50] loss=0.5025  val_acc=0.9069  macroF1=0.7163  edit=37.36  segF1@50=0.34
[b2a][epoch 28/50] loss=0.4809  val_acc=0.9135  macroF1=0.7483  edit=38.54  segF1@50=0.35
[b2a][epoch 29/50] loss=0.4649  val_acc=0.9182  macroF1=0.7484  edit=39.90  segF1@50=0.38
[b2a][epoch 30/50] loss=0.4492  val_acc=0.9175  macroF1=0.7570  edit=40.68  segF1@50=0.39
[b2a][epoch 31/50] loss=0.4314  val_acc=0.9162  macroF1=0.7507  edit=34.92  segF1@50=0.36
[b2a][epoch 32/50] loss=0.4273  val_acc=0.9221  macroF1=0.7396  edit=43.33  segF1@50=0.40
[b2a][epoch 33/50] loss=0.4514  val_acc=0.9076  macroF1=0.7596  edit=34.75  segF1@50=0.37
[b2a][epoch 34/50] loss=0.5287  val_acc=0.9050  macroF1=0.6734  edit=34.54  segF1@50=0.30
[b2a][epoch 35/50] loss=0.4839  val_acc=0.9155  macroF1=0.7700  edit=39.09  segF1@50=0.38
[b2a][epoch 36/50] loss=0.4418  val_acc=0.9175  macroF1=0.7580  edit=39.23  segF1@50=0.40
[b2a][epoch 37/50] loss=0.4115  val_acc=0.9314  macroF1=0.7834  edit=44.44  segF1@50=0.48
[b2a][epoch 38/50] loss=0.3934  val_acc=0.9175  macroF1=0.7589  edit=40.87  segF1@50=0.40
[b2a][epoch 39/50] loss=0.3789  val_acc=0.9314  macroF1=0.7841  edit=42.51  segF1@50=0.43
[b2a][epoch 40/50] loss=0.3834  val_acc=0.9168  macroF1=0.7424  edit=37.45  segF1@50=0.37
[b2a][epoch 41/50] loss=0.3850  val_acc=0.8878  macroF1=0.7355  edit=34.58  segF1@50=0.36
[b2a][epoch 42/50] loss=0.3826  val_acc=0.9248  macroF1=0.7460  edit=40.16  segF1@50=0.43
[b2a][epoch 43/50] loss=0.3754  val_acc=0.9234  macroF1=0.7769  edit=38.10  segF1@50=0.39
[b2a][epoch 44/50] loss=0.3490  val_acc=0.9109  macroF1=0.7376  edit=29.72  segF1@50=0.33
[b2a][epoch 45/50] loss=0.3363  val_acc=0.9327  macroF1=0.7860  edit=37.89  segF1@50=0.40
[b2a][epoch 46/50] loss=0.3230  val_acc=0.9248  macroF1=0.7781  edit=42.54  segF1@50=0.42
[b2a][epoch 47/50] loss=0.3115  val_acc=0.9366  macroF1=0.7869  edit=43.21  segF1@50=0.47
[b2a][epoch 48/50] loss=0.3007  val_acc=0.9320  macroF1=0.7851  edit=40.32  segF1@50=0.41
[b2a][epoch 49/50] loss=0.2902  val_acc=0.9366  macroF1=0.7869  edit=41.31  segF1@50=0.42
[b2a][epoch 50/50] loss=0.2821  val_acc=0.9327  macroF1=0.7814  edit=40.38  segF1@50=0.41
[b2a] best @epoch 47: acc=0.9366 macroF1=0.7869
[b2a] evidence written -> /home/ubuntu/slocal2/m2/experiments/transfer/b2a_mask_dim_14_002_b2a_mask_dim_14_seed123
