[b2a] train clips=13  val clips=3  in_dim=2063  tool_source=pred  classes=9  device=cuda
[b2a] evidence dir: /home/ubuntu/slocal2/m2/experiments/transfer/b2a_mask_dim_04_003_b2a_mask_dim_04_seed456
[b2a][epoch 1/50] loss=3.4905  val_acc=0.3340  macroF1=0.0715  edit=9.67  segF1@50=0.00
[b2a][epoch 2/50] loss=2.8871  val_acc=0.3650  macroF1=0.0767  edit=2.67  segF1@50=0.17
[b2a][epoch 3/50] loss=2.6940  val_acc=0.3340  macroF1=0.0715  edit=9.67  segF1@50=0.00
[b2a][epoch 4/50] loss=2.5994  val_acc=0.3677  macroF1=0.0768  edit=18.00  segF1@50=0.22
[b2a][epoch 5/50] loss=2.3519  val_acc=0.6799  macroF1=0.2282  edit=20.56  segF1@50=0.08
[b2a][epoch 6/50] loss=2.0334  val_acc=0.4858  macroF1=0.1638  edit=41.00  segF1@50=0.18
[b2a][epoch 7/50] loss=2.1605  val_acc=0.3340  macroF1=0.0715  edit=9.67  segF1@50=0.00
[b2a][epoch 8/50] loss=2.1521  val_acc=0.6739  macroF1=0.2273  edit=23.67  segF1@50=0.17
[b2a][epoch 9/50] loss=1.7299  val_acc=0.6475  macroF1=0.2227  edit=31.33  segF1@50=0.15
[b2a][epoch 10/50] loss=1.5079  val_acc=0.6191  macroF1=0.2139  edit=31.00  segF1@50=0.13
[b2a][epoch 11/50] loss=1.3410  val_acc=0.6554  macroF1=0.2657  edit=36.67  segF1@50=0.23
[b2a][epoch 12/50] loss=1.2043  val_acc=0.7360  macroF1=0.3604  edit=36.59  segF1@50=0.23
[b2a][epoch 13/50] loss=1.0978  val_acc=0.7597  macroF1=0.3959  edit=31.11  segF1@50=0.22
[b2a][epoch 14/50] loss=1.0112  val_acc=0.8053  macroF1=0.4717  edit=34.76  segF1@50=0.34
[b2a][epoch 15/50] loss=0.9409  val_acc=0.8007  macroF1=0.4454  edit=35.32  segF1@50=0.25
[b2a][epoch 16/50] loss=0.9107  val_acc=0.8733  macroF1=0.6418  edit=27.16  segF1@50=0.24
[b2a][epoch 17/50] loss=0.8635  val_acc=0.8805  macroF1=0.6346  edit=39.56  segF1@50=0.38
[b2a][epoch 18/50] loss=0.7804  val_acc=0.8950  macroF1=0.6735  edit=36.45  segF1@50=0.34
[b2a][epoch 19/50] loss=0.7171  val_acc=0.8950  macroF1=0.6686  edit=33.22  segF1@50=0.30
[b2a][epoch 20/50] loss=0.6955  val_acc=0.8964  macroF1=0.6914  edit=39.39  segF1@50=0.30
[b2a][epoch 21/50] loss=0.6973  val_acc=0.9056  macroF1=0.7188  edit=36.67  segF1@50=0.28
[b2a][epoch 22/50] loss=0.6221  val_acc=0.9023  macroF1=0.6650  edit=31.67  segF1@50=0.33
[b2a][epoch 23/50] loss=0.6029  val_acc=0.8891  macroF1=0.7121  edit=32.09  segF1@50=0.27
[b2a][epoch 24/50] loss=0.5729  val_acc=0.8904  macroF1=0.6449  edit=31.11  segF1@50=0.31
[b2a][epoch 25/50] loss=0.5377  val_acc=0.9043  macroF1=0.7180  edit=34.76  segF1@50=0.34
[b2a][epoch 26/50] loss=0.5067  val_acc=0.9155  macroF1=0.7192  edit=39.11  segF1@50=0.40
[b2a][epoch 27/50] loss=0.5134  val_acc=0.8924  macroF1=0.7438  edit=41.59  segF1@50=0.40
[b2a][epoch 28/50] loss=0.4921  val_acc=0.9122  macroF1=0.7046  edit=39.11  segF1@50=0.35
[b2a][epoch 29/50] loss=0.4914  val_acc=0.9175  macroF1=0.7252  edit=43.30  segF1@50=0.43
[b2a][epoch 30/50] loss=0.4524  val_acc=0.9122  macroF1=0.7670  edit=38.47  segF1@50=0.40
[b2a][epoch 31/50] loss=0.4411  val_acc=0.9175  macroF1=0.7374  edit=43.11  segF1@50=0.46
[b2a][epoch 32/50] loss=0.4164  val_acc=0.9221  macroF1=0.7765  edit=42.72  segF1@50=0.41
[b2a][epoch 33/50] loss=0.3967  val_acc=0.9221  macroF1=0.7608  edit=42.51  segF1@50=0.42
[b2a][epoch 34/50] loss=0.3802  val_acc=0.9188  macroF1=0.7455  edit=41.21  segF1@50=0.41
[b2a][epoch 35/50] loss=0.3841  val_acc=0.9096  macroF1=0.7643  edit=40.92  segF1@50=0.41
[b2a][epoch 36/50] loss=0.3695  val_acc=0.9221  macroF1=0.7474  edit=41.31  segF1@50=0.41
[b2a][epoch 37/50] loss=0.3851  val_acc=0.9221  macroF1=0.7822  edit=40.29  segF1@50=0.41
[b2a][epoch 38/50] loss=0.4227  val_acc=0.9274  macroF1=0.7798  edit=37.86  segF1@50=0.39
[b2a][epoch 39/50] loss=0.3610  val_acc=0.9208  macroF1=0.7489  edit=42.43  segF1@50=0.45
[b2a][epoch 40/50] loss=0.3430  val_acc=0.9307  macroF1=0.7810  edit=40.56  segF1@50=0.40
[b2a][epoch 41/50] loss=0.3343  val_acc=0.9320  macroF1=0.7683  edit=50.93  segF1@50=0.57
[b2a][epoch 42/50] loss=0.3245  val_acc=0.9366  macroF1=0.7915  edit=52.21  segF1@50=0.53
[b2a][epoch 43/50] loss=0.3156  val_acc=0.9122  macroF1=0.7469  edit=34.08  segF1@50=0.36
[b2a][epoch 44/50] loss=0.3278  val_acc=0.9327  macroF1=0.7985  edit=42.73  segF1@50=0.45
[b2a][epoch 45/50] loss=0.3155  val_acc=0.9228  macroF1=0.7420  edit=39.87  segF1@50=0.41
[b2a][epoch 46/50] loss=0.3141  val_acc=0.9406  macroF1=0.8014  edit=47.11  segF1@50=0.50
[b2a][epoch 47/50] loss=0.3108  val_acc=0.9050  macroF1=0.7435  edit=28.87  segF1@50=0.32
[b2a][epoch 48/50] loss=0.3262  val_acc=0.9182  macroF1=0.7997  edit=42.22  segF1@50=0.44
[b2a][epoch 49/50] loss=0.3953  val_acc=0.9221  macroF1=0.7464  edit=38.38  segF1@50=0.39
[b2a][epoch 50/50] loss=0.4183  val_acc=0.8706  macroF1=0.7339  edit=37.48  segF1@50=0.37
[b2a] best @epoch 46: acc=0.9406 macroF1=0.8014
[b2a] evidence written -> /home/ubuntu/slocal2/m2/experiments/transfer/b2a_mask_dim_04_003_b2a_mask_dim_04_seed456
