[b2a] train clips=13  val clips=3  in_dim=2063  tool_source=pred  classes=9  device=cuda
[b2a] evidence dir: /home/ubuntu/slocal2/m2/experiments/transfer/b2a_mask_dim_05_003_b2a_mask_dim_05_seed456
[b2a][epoch 1/50] loss=3.4928  val_acc=0.3340  macroF1=0.0715  edit=9.67  segF1@50=0.00
[b2a][epoch 2/50] loss=2.8878  val_acc=0.3650  macroF1=0.0767  edit=2.67  segF1@50=0.17
[b2a][epoch 3/50] loss=2.6932  val_acc=0.3340  macroF1=0.0715  edit=9.67  segF1@50=0.00
[b2a][epoch 4/50] loss=2.5954  val_acc=0.3677  macroF1=0.0768  edit=18.00  segF1@50=0.22
[b2a][epoch 5/50] loss=2.3414  val_acc=0.6779  macroF1=0.2280  edit=35.67  segF1@50=0.17
[b2a][epoch 6/50] loss=2.0186  val_acc=0.4884  macroF1=0.1650  edit=38.33  segF1@50=0.18
[b2a][epoch 7/50] loss=2.0790  val_acc=0.3340  macroF1=0.0715  edit=9.67  segF1@50=0.00
[b2a][epoch 8/50] loss=1.9901  val_acc=0.6218  macroF1=0.2151  edit=29.67  segF1@50=0.12
[b2a][epoch 9/50] loss=1.7273  val_acc=0.6442  macroF1=0.2221  edit=35.44  segF1@50=0.16
[b2a][epoch 10/50] loss=1.4640  val_acc=0.6363  macroF1=0.2190  edit=41.00  segF1@50=0.20
[b2a][epoch 11/50] loss=1.2991  val_acc=0.6647  macroF1=0.2587  edit=38.73  segF1@50=0.26
[b2a][epoch 12/50] loss=1.1897  val_acc=0.7353  macroF1=0.3596  edit=35.33  segF1@50=0.23
[b2a][epoch 13/50] loss=1.0899  val_acc=0.7525  macroF1=0.3951  edit=29.56  segF1@50=0.21
[b2a][epoch 14/50] loss=1.0161  val_acc=0.8106  macroF1=0.4704  edit=27.36  segF1@50=0.25
[b2a][epoch 15/50] loss=0.9342  val_acc=0.7802  macroF1=0.4189  edit=36.14  segF1@50=0.31
[b2a][epoch 16/50] loss=0.8737  val_acc=0.8647  macroF1=0.6322  edit=30.35  segF1@50=0.26
[b2a][epoch 17/50] loss=0.8135  val_acc=0.8792  macroF1=0.6356  edit=33.02  segF1@50=0.33
[b2a][epoch 18/50] loss=0.7544  val_acc=0.8970  macroF1=0.6729  edit=39.11  segF1@50=0.37
[b2a][epoch 19/50] loss=0.6951  val_acc=0.8766  macroF1=0.6789  edit=29.08  segF1@50=0.23
[b2a][epoch 20/50] loss=0.8231  val_acc=0.9155  macroF1=0.6883  edit=68.89  segF1@50=0.69
[b2a][epoch 21/50] loss=0.6935  val_acc=0.8700  macroF1=0.6509  edit=40.67  segF1@50=0.34
[b2a][epoch 22/50] loss=0.6509  val_acc=0.8211  macroF1=0.5794  edit=32.13  segF1@50=0.26
[b2a][epoch 23/50] loss=0.6864  val_acc=0.8944  macroF1=0.6696  edit=35.87  segF1@50=0.30
[b2a][epoch 24/50] loss=0.6285  val_acc=0.8746  macroF1=0.6509  edit=30.29  segF1@50=0.27
[b2a][epoch 25/50] loss=0.6022  val_acc=0.9168  macroF1=0.7543  edit=39.28  segF1@50=0.40
[b2a][epoch 26/50] loss=0.5321  val_acc=0.9076  macroF1=0.7215  edit=37.39  segF1@50=0.33
[b2a][epoch 27/50] loss=0.4914  val_acc=0.9096  macroF1=0.7078  edit=35.87  segF1@50=0.33
[b2a][epoch 28/50] loss=0.5099  val_acc=0.9195  macroF1=0.7635  edit=40.56  segF1@50=0.43
[b2a][epoch 29/50] loss=0.5211  val_acc=0.9248  macroF1=0.7635  edit=41.68  segF1@50=0.40
[b2a][epoch 30/50] loss=0.4620  val_acc=0.9149  macroF1=0.7099  edit=42.44  segF1@50=0.44
[b2a][epoch 31/50] loss=0.4658  val_acc=0.9076  macroF1=0.7617  edit=35.88  segF1@50=0.38
[b2a][epoch 32/50] loss=0.4864  val_acc=0.8944  macroF1=0.7250  edit=30.92  segF1@50=0.30
[b2a][epoch 33/50] loss=0.4593  val_acc=0.9314  macroF1=0.7880  edit=49.43  segF1@50=0.53
[b2a][epoch 34/50] loss=0.4227  val_acc=0.9182  macroF1=0.7339  edit=40.61  segF1@50=0.42
[b2a][epoch 35/50] loss=0.4029  val_acc=0.9228  macroF1=0.7802  edit=40.87  segF1@50=0.43
[b2a][epoch 36/50] loss=0.3835  val_acc=0.9215  macroF1=0.7446  edit=40.61  segF1@50=0.42
[b2a][epoch 37/50] loss=0.3745  val_acc=0.9327  macroF1=0.7899  edit=38.40  segF1@50=0.39
[b2a][epoch 38/50] loss=0.3613  val_acc=0.9294  macroF1=0.7656  edit=42.59  segF1@50=0.42
[b2a][epoch 39/50] loss=0.3495  val_acc=0.9300  macroF1=0.7822  edit=42.31  segF1@50=0.42
[b2a][epoch 40/50] loss=0.3392  val_acc=0.9155  macroF1=0.7657  edit=38.58  segF1@50=0.40
[b2a][epoch 41/50] loss=0.3359  val_acc=0.9327  macroF1=0.7714  edit=52.07  segF1@50=0.53
[b2a][epoch 42/50] loss=0.3264  val_acc=0.9307  macroF1=0.7782  edit=40.01  segF1@50=0.41
[b2a][epoch 43/50] loss=0.3122  val_acc=0.9221  macroF1=0.7712  edit=37.04  segF1@50=0.38
[b2a][epoch 44/50] loss=0.3113  val_acc=0.9380  macroF1=0.7949  edit=44.67  segF1@50=0.47
[b2a][epoch 45/50] loss=0.3100  val_acc=0.9122  macroF1=0.7264  edit=38.43  segF1@50=0.37
[b2a][epoch 46/50] loss=0.3127  val_acc=0.9426  macroF1=0.8021  edit=47.44  segF1@50=0.52
[b2a][epoch 47/50] loss=0.3255  val_acc=0.9201  macroF1=0.7717  edit=43.75  segF1@50=0.48
[b2a][epoch 48/50] loss=0.5204  val_acc=0.8904  macroF1=0.6581  edit=31.47  segF1@50=0.29
[b2a][epoch 49/50] loss=0.6250  val_acc=0.9168  macroF1=0.6965  edit=35.84  segF1@50=0.38
[b2a][epoch 50/50] loss=0.4745  val_acc=0.9089  macroF1=0.7461  edit=29.04  segF1@50=0.31
[b2a] best @epoch 46: acc=0.9426 macroF1=0.8021
[b2a] evidence written -> /home/ubuntu/slocal2/m2/experiments/transfer/b2a_mask_dim_05_003_b2a_mask_dim_05_seed456
