[b2a] train clips=13  val clips=3  in_dim=2063  tool_source=pred  classes=9  device=cuda
[b2a] evidence dir: /home/ubuntu/slocal2/m2/experiments/transfer/b2a_mask_dim_00_001_b2a_mask_dim_00_seed42
[b2a][epoch 1/50] loss=3.7497  val_acc=0.3624  macroF1=0.0766  edit=2.67  segF1@50=0.17
[b2a][epoch 2/50] loss=2.8756  val_acc=0.3142  macroF1=0.1084  edit=9.44  segF1@50=0.01
[b2a][epoch 3/50] loss=2.6970  val_acc=0.3670  macroF1=0.0768  edit=1.33  segF1@50=0.17
[b2a][epoch 4/50] loss=2.4672  val_acc=0.5815  macroF1=0.2019  edit=18.86  segF1@50=0.02
[b2a][epoch 5/50] loss=2.4701  val_acc=0.5188  macroF1=0.1717  edit=33.16  segF1@50=0.22
[b2a][epoch 6/50] loss=2.0977  val_acc=0.6733  macroF1=0.2287  edit=32.67  segF1@50=0.14
[b2a][epoch 7/50] loss=1.6708  val_acc=0.6205  macroF1=0.2142  edit=39.67  segF1@50=0.19
[b2a][epoch 8/50] loss=1.5603  val_acc=0.6112  macroF1=0.2114  edit=38.33  segF1@50=0.19
[b2a][epoch 9/50] loss=1.4594  val_acc=0.6713  macroF1=0.2288  edit=41.00  segF1@50=0.21
[b2a][epoch 10/50] loss=1.4398  val_acc=0.6469  macroF1=0.2698  edit=48.15  segF1@50=0.21
[b2a][epoch 11/50] loss=1.2843  val_acc=0.6746  macroF1=0.2866  edit=38.23  segF1@50=0.24
[b2a][epoch 12/50] loss=1.2106  val_acc=0.7215  macroF1=0.3530  edit=35.88  segF1@50=0.28
[b2a][epoch 13/50] loss=1.1319  val_acc=0.7116  macroF1=0.3910  edit=28.14  segF1@50=0.14
[b2a][epoch 14/50] loss=1.0912  val_acc=0.7683  macroF1=0.4148  edit=24.80  segF1@50=0.16
[b2a][epoch 15/50] loss=1.0408  val_acc=0.8000  macroF1=0.4534  edit=27.41  segF1@50=0.25
[b2a][epoch 16/50] loss=0.9545  val_acc=0.8020  macroF1=0.4878  edit=23.23  segF1@50=0.16
[b2a][epoch 17/50] loss=0.8595  val_acc=0.8944  macroF1=0.6596  edit=41.43  segF1@50=0.36
[b2a][epoch 18/50] loss=0.7878  val_acc=0.9089  macroF1=0.6774  edit=43.52  segF1@50=0.45
[b2a][epoch 19/50] loss=0.7766  val_acc=0.8515  macroF1=0.6626  edit=24.42  segF1@50=0.19
[b2a][epoch 20/50] loss=0.8216  val_acc=0.8653  macroF1=0.6260  edit=37.70  segF1@50=0.33
[b2a][epoch 21/50] loss=0.7274  val_acc=0.8752  macroF1=0.6427  edit=38.44  segF1@50=0.35
[b2a][epoch 22/50] loss=0.6427  val_acc=0.8937  macroF1=0.6647  edit=38.40  segF1@50=0.34
[b2a][epoch 23/50] loss=0.5969  val_acc=0.8911  macroF1=0.6635  edit=34.36  segF1@50=0.31
[b2a][epoch 24/50] loss=0.5511  val_acc=0.9003  macroF1=0.6695  edit=30.79  segF1@50=0.29
[b2a][epoch 25/50] loss=0.5387  val_acc=0.8911  macroF1=0.6954  edit=33.25  segF1@50=0.28
[b2a][epoch 26/50] loss=0.5753  val_acc=0.8957  macroF1=0.6572  edit=29.18  segF1@50=0.27
[b2a][epoch 27/50] loss=0.5911  val_acc=0.8713  macroF1=0.6310  edit=38.44  segF1@50=0.35
[b2a][epoch 28/50] loss=0.5197  val_acc=0.9030  macroF1=0.7111  edit=36.84  segF1@50=0.29
[b2a][epoch 29/50] loss=0.4946  val_acc=0.8977  macroF1=0.6556  edit=35.85  segF1@50=0.40
[b2a][epoch 30/50] loss=0.4605  val_acc=0.9116  macroF1=0.7428  edit=32.36  segF1@50=0.32
[b2a][epoch 31/50] loss=0.4894  val_acc=0.9017  macroF1=0.6659  edit=32.89  segF1@50=0.37
[b2a][epoch 32/50] loss=0.4705  val_acc=0.8812  macroF1=0.6835  edit=33.00  segF1@50=0.29
[b2a][epoch 33/50] loss=0.4255  val_acc=0.8977  macroF1=0.6713  edit=33.85  segF1@50=0.31
[b2a][epoch 34/50] loss=0.4045  val_acc=0.9175  macroF1=0.7523  edit=36.84  segF1@50=0.35
[b2a][epoch 35/50] loss=0.3997  val_acc=0.9188  macroF1=0.7199  edit=39.56  segF1@50=0.35
[b2a][epoch 36/50] loss=0.3846  val_acc=0.9208  macroF1=0.7603  edit=38.34  segF1@50=0.36
[b2a][epoch 37/50] loss=0.3945  val_acc=0.9149  macroF1=0.7056  edit=37.48  segF1@50=0.33
[b2a][epoch 38/50] loss=0.3786  val_acc=0.8858  macroF1=0.6912  edit=40.13  segF1@50=0.35
[b2a][epoch 39/50] loss=0.3655  val_acc=0.9182  macroF1=0.7363  edit=38.82  segF1@50=0.38
[b2a][epoch 40/50] loss=0.3466  val_acc=0.9221  macroF1=0.7570  edit=40.32  segF1@50=0.42
[b2a][epoch 41/50] loss=0.3322  val_acc=0.9175  macroF1=0.7356  edit=36.24  segF1@50=0.36
[b2a][epoch 42/50] loss=0.3654  val_acc=0.9175  macroF1=0.7453  edit=41.32  segF1@50=0.40
[b2a][epoch 43/50] loss=0.3319  val_acc=0.9228  macroF1=0.7313  edit=44.67  segF1@50=0.45
[b2a][epoch 44/50] loss=0.3134  val_acc=0.9188  macroF1=0.7572  edit=35.37  segF1@50=0.35
[b2a][epoch 45/50] loss=0.3123  val_acc=0.9195  macroF1=0.7349  edit=33.91  segF1@50=0.35
[b2a][epoch 46/50] loss=0.3047  val_acc=0.9248  macroF1=0.7556  edit=43.56  segF1@50=0.41
[b2a][epoch 47/50] loss=0.2948  val_acc=0.9287  macroF1=0.7652  edit=34.57  segF1@50=0.36
[b2a][epoch 48/50] loss=0.2905  val_acc=0.9142  macroF1=0.7255  edit=38.11  segF1@50=0.39
[b2a][epoch 49/50] loss=0.2959  val_acc=0.8997  macroF1=0.7447  edit=33.84  segF1@50=0.34
[b2a][epoch 50/50] loss=0.3269  val_acc=0.9129  macroF1=0.6740  edit=34.00  segF1@50=0.36
[b2a] best @epoch 47: acc=0.9287 macroF1=0.7652
[b2a] evidence written -> /home/ubuntu/slocal2/m2/experiments/transfer/b2a_mask_dim_00_001_b2a_mask_dim_00_seed42
