[b2a] train clips=13  val clips=3  in_dim=2063  tool_source=pred  classes=9  device=cuda
[b2a] evidence dir: /home/ubuntu/slocal2/m2/experiments/transfer/b2a_mask_dim_06_003_b2a_mask_dim_06_seed456
[b2a][epoch 1/50] loss=3.4928  val_acc=0.3340  macroF1=0.0715  edit=9.67  segF1@50=0.00
[b2a][epoch 2/50] loss=2.8919  val_acc=0.3650  macroF1=0.0767  edit=2.67  segF1@50=0.17
[b2a][epoch 3/50] loss=2.7080  val_acc=0.3340  macroF1=0.0715  edit=9.67  segF1@50=0.00
[b2a][epoch 4/50] loss=2.6338  val_acc=0.3677  macroF1=0.0768  edit=18.00  segF1@50=0.22
[b2a][epoch 5/50] loss=2.4106  val_acc=0.6614  macroF1=0.2216  edit=23.44  segF1@50=0.13
[b2a][epoch 6/50] loss=2.1297  val_acc=0.3855  macroF1=0.1094  edit=23.64  segF1@50=0.00
[b2a][epoch 7/50] loss=2.3389  val_acc=0.3340  macroF1=0.0715  edit=9.67  segF1@50=0.00
[b2a][epoch 8/50] loss=2.1491  val_acc=0.6706  macroF1=0.2281  edit=27.85  segF1@50=0.25
[b2a][epoch 9/50] loss=1.7417  val_acc=0.4792  macroF1=0.1609  edit=26.03  segF1@50=0.02
[b2a][epoch 10/50] loss=1.6693  val_acc=0.6554  macroF1=0.2231  edit=31.33  segF1@50=0.14
[b2a][epoch 11/50] loss=1.4786  val_acc=0.7188  macroF1=0.3010  edit=37.51  segF1@50=0.31
[b2a][epoch 12/50] loss=1.2746  val_acc=0.6812  macroF1=0.3214  edit=34.17  segF1@50=0.22
[b2a][epoch 13/50] loss=1.1600  val_acc=0.7314  macroF1=0.3905  edit=33.19  segF1@50=0.24
[b2a][epoch 14/50] loss=1.0760  val_acc=0.7901  macroF1=0.4438  edit=33.78  segF1@50=0.26
[b2a][epoch 15/50] loss=1.0097  val_acc=0.7525  macroF1=0.4255  edit=32.63  segF1@50=0.25
[b2a][epoch 16/50] loss=0.9310  val_acc=0.8502  macroF1=0.6435  edit=28.89  segF1@50=0.28
[b2a][epoch 17/50] loss=0.8524  val_acc=0.8548  macroF1=0.6378  edit=35.11  segF1@50=0.29
[b2a][epoch 18/50] loss=0.8216  val_acc=0.8502  macroF1=0.6450  edit=24.11  segF1@50=0.19
[b2a][epoch 19/50] loss=0.8196  val_acc=0.8997  macroF1=0.6750  edit=37.36  segF1@50=0.29
[b2a][epoch 20/50] loss=0.7392  val_acc=0.8865  macroF1=0.6644  edit=33.97  segF1@50=0.40
[b2a][epoch 21/50] loss=0.6996  val_acc=0.8997  macroF1=0.6838  edit=35.33  segF1@50=0.31
[b2a][epoch 22/50] loss=0.6756  val_acc=0.8667  macroF1=0.6457  edit=23.97  segF1@50=0.17
[b2a][epoch 23/50] loss=0.6328  val_acc=0.8660  macroF1=0.7142  edit=40.32  segF1@50=0.35
[b2a][epoch 24/50] loss=0.5845  val_acc=0.8785  macroF1=0.6525  edit=31.50  segF1@50=0.28
[b2a][epoch 25/50] loss=0.5483  val_acc=0.8924  macroF1=0.7129  edit=36.67  segF1@50=0.34
[b2a][epoch 26/50] loss=0.5228  val_acc=0.8957  macroF1=0.6935  edit=33.78  segF1@50=0.37
[b2a][epoch 27/50] loss=0.5321  val_acc=0.8845  macroF1=0.7365  edit=40.18  segF1@50=0.38
[b2a][epoch 28/50] loss=0.5041  val_acc=0.8924  macroF1=0.6941  edit=38.00  segF1@50=0.34
[b2a][epoch 29/50] loss=0.4961  val_acc=0.9017  macroF1=0.7188  edit=37.60  segF1@50=0.35
[b2a][epoch 30/50] loss=0.4738  val_acc=0.9096  macroF1=0.7619  edit=37.44  segF1@50=0.40
[b2a][epoch 31/50] loss=0.4877  val_acc=0.9056  macroF1=0.7341  edit=36.24  segF1@50=0.38
[b2a][epoch 32/50] loss=0.4658  val_acc=0.8983  macroF1=0.7133  edit=36.39  segF1@50=0.33
[b2a][epoch 33/50] loss=0.4478  val_acc=0.9089  macroF1=0.7673  edit=40.32  segF1@50=0.40
[b2a][epoch 34/50] loss=0.4284  val_acc=0.8983  macroF1=0.7265  edit=33.23  segF1@50=0.32
[b2a][epoch 35/50] loss=0.4031  val_acc=0.9135  macroF1=0.7746  edit=40.60  segF1@50=0.41
[b2a][epoch 36/50] loss=0.3840  val_acc=0.9155  macroF1=0.7513  edit=40.01  segF1@50=0.41
[b2a][epoch 37/50] loss=0.3745  val_acc=0.9135  macroF1=0.7764  edit=36.85  segF1@50=0.38
[b2a][epoch 38/50] loss=0.3608  val_acc=0.9129  macroF1=0.7495  edit=37.43  segF1@50=0.41
[b2a][epoch 39/50] loss=0.3486  val_acc=0.9274  macroF1=0.7851  edit=44.94  segF1@50=0.45
[b2a][epoch 40/50] loss=0.3428  val_acc=0.9116  macroF1=0.7655  edit=36.91  segF1@50=0.38
[b2a][epoch 41/50] loss=0.3341  val_acc=0.9294  macroF1=0.7843  edit=44.73  segF1@50=0.48
[b2a][epoch 42/50] loss=0.3252  val_acc=0.9201  macroF1=0.7671  edit=40.84  segF1@50=0.40
[b2a][epoch 43/50] loss=0.3164  val_acc=0.9129  macroF1=0.7807  edit=34.25  segF1@50=0.37
[b2a][epoch 44/50] loss=0.3064  val_acc=0.9208  macroF1=0.7734  edit=39.90  segF1@50=0.40
[b2a][epoch 45/50] loss=0.2990  val_acc=0.9215  macroF1=0.7712  edit=40.84  segF1@50=0.40
[b2a][epoch 46/50] loss=0.2945  val_acc=0.9116  macroF1=0.7439  edit=39.14  segF1@50=0.40
[b2a][epoch 47/50] loss=0.2983  val_acc=0.9221  macroF1=0.7862  edit=31.31  segF1@50=0.36
[b2a][epoch 48/50] loss=0.3895  val_acc=0.8409  macroF1=0.6161  edit=18.65  segF1@50=0.22
[b2a][epoch 49/50] loss=0.7722  val_acc=0.8112  macroF1=0.6552  edit=63.74  segF1@50=0.53
[b2a][epoch 50/50] loss=0.7046  val_acc=0.8502  macroF1=0.6253  edit=44.67  segF1@50=0.49
[b2a] best @epoch 41: acc=0.9294 macroF1=0.7843
[b2a] evidence written -> /home/ubuntu/slocal2/m2/experiments/transfer/b2a_mask_dim_06_003_b2a_mask_dim_06_seed456
