[b2a] train clips=13  val clips=3  in_dim=2063  tool_source=oracle  classes=9  device=cuda
[b2a] evidence dir: /home/ubuntu/slocal2/m2/experiments/transfer/b2a_oracle_mask_02_003_b2a_oracle_mask_02_seed456
[b2a][epoch 1/50] loss=3.4888  val_acc=0.3340  macroF1=0.0715  edit=9.67  segF1@50=0.00
[b2a][epoch 2/50] loss=2.8845  val_acc=0.3650  macroF1=0.0767  edit=2.67  segF1@50=0.17
[b2a][epoch 3/50] loss=2.6870  val_acc=0.3340  macroF1=0.0715  edit=9.67  segF1@50=0.00
[b2a][epoch 4/50] loss=2.5832  val_acc=0.3677  macroF1=0.0768  edit=18.00  segF1@50=0.22
[b2a][epoch 5/50] loss=2.3210  val_acc=0.6805  macroF1=0.2286  edit=27.33  segF1@50=0.11
[b2a][epoch 6/50] loss=1.9793  val_acc=0.5017  macroF1=0.1709  edit=38.79  segF1@50=0.18
[b2a][epoch 7/50] loss=1.9597  val_acc=0.4185  macroF1=0.1298  edit=31.00  segF1@50=0.00
[b2a][epoch 8/50] loss=1.9372  val_acc=0.5419  macroF1=0.1877  edit=31.00  segF1@50=0.11
[b2a][epoch 9/50] loss=1.6736  val_acc=0.6528  macroF1=0.2251  edit=37.00  segF1@50=0.22
[b2a][epoch 10/50] loss=1.3801  val_acc=0.6581  macroF1=0.2254  edit=30.00  segF1@50=0.15
[b2a][epoch 11/50] loss=1.2445  val_acc=0.7248  macroF1=0.3346  edit=34.82  segF1@50=0.24
[b2a][epoch 12/50] loss=1.1356  val_acc=0.7551  macroF1=0.3699  edit=30.43  segF1@50=0.20
[b2a][epoch 13/50] loss=1.0554  val_acc=0.7624  macroF1=0.4064  edit=36.56  segF1@50=0.27
[b2a][epoch 14/50] loss=0.9814  val_acc=0.8363  macroF1=0.4873  edit=34.36  segF1@50=0.31
[b2a][epoch 15/50] loss=0.8859  val_acc=0.8106  macroF1=0.4534  edit=26.70  segF1@50=0.20
[b2a][epoch 16/50] loss=0.8239  val_acc=0.8898  macroF1=0.6461  edit=34.56  segF1@50=0.32
[b2a][epoch 17/50] loss=0.7604  val_acc=0.9109  macroF1=0.6786  edit=41.90  segF1@50=0.37
[b2a][epoch 18/50] loss=0.7014  val_acc=0.9182  macroF1=0.6907  edit=44.44  segF1@50=0.40
[b2a][epoch 19/50] loss=0.6490  val_acc=0.9241  macroF1=0.7437  edit=41.01  segF1@50=0.38
[b2a][epoch 20/50] loss=0.6090  val_acc=0.9327  macroF1=0.7661  edit=47.59  segF1@50=0.49
[b2a][epoch 21/50] loss=0.5799  val_acc=0.9333  macroF1=0.7735  edit=45.14  segF1@50=0.43
[b2a][epoch 22/50] loss=0.7177  val_acc=0.8541  macroF1=0.6330  edit=29.65  segF1@50=0.36
[b2a][epoch 23/50] loss=0.7452  val_acc=0.9386  macroF1=0.7855  edit=49.37  segF1@50=0.47
[b2a][epoch 24/50] loss=0.6498  val_acc=0.8825  macroF1=0.7065  edit=32.04  segF1@50=0.29
[b2a][epoch 25/50] loss=0.6052  val_acc=0.9366  macroF1=0.7445  edit=54.63  segF1@50=0.56
[b2a][epoch 26/50] loss=0.5549  val_acc=0.9215  macroF1=0.7667  edit=38.47  segF1@50=0.39
[b2a][epoch 27/50] loss=0.5052  val_acc=0.9492  macroF1=0.7986  edit=51.98  segF1@50=0.52
[b2a][epoch 28/50] loss=0.4718  val_acc=0.9373  macroF1=0.7944  edit=45.17  segF1@50=0.49
[b2a][epoch 29/50] loss=0.4433  val_acc=0.9426  macroF1=0.7932  edit=47.52  segF1@50=0.48
[b2a][epoch 30/50] loss=0.4300  val_acc=0.9505  macroF1=0.8106  edit=51.50  segF1@50=0.53
[b2a][epoch 31/50] loss=0.4177  val_acc=0.9459  macroF1=0.8041  edit=48.01  segF1@50=0.50
[b2a][epoch 32/50] loss=0.4098  val_acc=0.9399  macroF1=0.7784  edit=46.56  segF1@50=0.50
[b2a][epoch 33/50] loss=0.4054  val_acc=0.9485  macroF1=0.8088  edit=50.40  segF1@50=0.51
[b2a][epoch 34/50] loss=0.4013  val_acc=0.9459  macroF1=0.8004  edit=47.84  segF1@50=0.50
[b2a][epoch 35/50] loss=0.3888  val_acc=0.9281  macroF1=0.7949  edit=41.54  segF1@50=0.46
[b2a][epoch 36/50] loss=0.3739  val_acc=0.9538  macroF1=0.8153  edit=45.00  segF1@50=0.49
[b2a][epoch 37/50] loss=0.3668  val_acc=0.9525  macroF1=0.8189  edit=48.18  segF1@50=0.52
[b2a][epoch 38/50] loss=0.3517  val_acc=0.9512  macroF1=0.8114  edit=50.56  segF1@50=0.62
[b2a][epoch 39/50] loss=0.3492  val_acc=0.9406  macroF1=0.8053  edit=50.43  segF1@50=0.56
[b2a][epoch 40/50] loss=0.3392  val_acc=0.9340  macroF1=0.7878  edit=44.15  segF1@50=0.46
[b2a][epoch 41/50] loss=0.3384  val_acc=0.9485  macroF1=0.8138  edit=57.78  segF1@50=0.66
[b2a][epoch 42/50] loss=0.3844  val_acc=0.9201  macroF1=0.7790  edit=47.10  segF1@50=0.51
[b2a][epoch 43/50] loss=0.3665  val_acc=0.9564  macroF1=0.8236  edit=52.84  segF1@50=0.56
[b2a][epoch 44/50] loss=0.4135  val_acc=0.9459  macroF1=0.8085  edit=53.25  segF1@50=0.58
[b2a][epoch 45/50] loss=0.3691  val_acc=0.9274  macroF1=0.7959  edit=45.03  segF1@50=0.45
[b2a][epoch 46/50] loss=0.3552  val_acc=0.9498  macroF1=0.8103  edit=62.67  segF1@50=0.64
[b2a][epoch 47/50] loss=0.3727  val_acc=0.9604  macroF1=0.8281  edit=47.47  segF1@50=0.53
[b2a][epoch 48/50] loss=0.4360  val_acc=0.8964  macroF1=0.6675  edit=34.29  segF1@50=0.33
[b2a][epoch 49/50] loss=0.4471  val_acc=0.9459  macroF1=0.8101  edit=45.98  segF1@50=0.49
[b2a][epoch 50/50] loss=0.3428  val_acc=0.9525  macroF1=0.8161  edit=46.15  segF1@50=0.50
[b2a] best @epoch 47: acc=0.9604 macroF1=0.8281
[b2a] evidence written -> /home/ubuntu/slocal2/m2/experiments/transfer/b2a_oracle_mask_02_003_b2a_oracle_mask_02_seed456
