[b2a] train clips=13  val clips=3  in_dim=2063  tool_source=oracle  classes=9  device=cuda
[b2a] evidence dir: /home/ubuntu/slocal2/m2/experiments/transfer/b2a_oracle_mask_10_003_b2a_oracle_mask_10_seed456
[b2a][epoch 1/50] loss=3.4881  val_acc=0.3340  macroF1=0.0715  edit=9.67  segF1@50=0.00
[b2a][epoch 2/50] loss=2.8858  val_acc=0.3650  macroF1=0.0767  edit=2.67  segF1@50=0.17
[b2a][epoch 3/50] loss=2.6896  val_acc=0.3340  macroF1=0.0715  edit=9.67  segF1@50=0.00
[b2a][epoch 4/50] loss=2.5927  val_acc=0.3677  macroF1=0.0768  edit=18.00  segF1@50=0.22
[b2a][epoch 5/50] loss=2.3429  val_acc=0.6779  macroF1=0.2277  edit=26.00  segF1@50=0.11
[b2a][epoch 6/50] loss=2.0241  val_acc=0.4851  macroF1=0.1636  edit=41.00  segF1@50=0.18
[b2a][epoch 7/50] loss=2.1447  val_acc=0.3340  macroF1=0.0715  edit=9.67  segF1@50=0.00
[b2a][epoch 8/50] loss=2.1044  val_acc=0.6680  macroF1=0.2270  edit=33.79  segF1@50=0.22
[b2a][epoch 9/50] loss=1.7365  val_acc=0.6508  macroF1=0.2239  edit=31.33  segF1@50=0.15
[b2a][epoch 10/50] loss=1.5050  val_acc=0.6284  macroF1=0.2168  edit=41.00  segF1@50=0.20
[b2a][epoch 11/50] loss=1.3313  val_acc=0.6706  macroF1=0.2870  edit=37.54  segF1@50=0.25
[b2a][epoch 12/50] loss=1.2017  val_acc=0.7512  macroF1=0.3741  edit=33.51  segF1@50=0.27
[b2a][epoch 13/50] loss=1.0981  val_acc=0.7868  macroF1=0.4283  edit=26.69  segF1@50=0.27
[b2a][epoch 14/50] loss=1.0218  val_acc=0.8158  macroF1=0.4714  edit=28.33  segF1@50=0.30
[b2a][epoch 15/50] loss=0.9404  val_acc=0.8158  macroF1=0.4750  edit=37.47  segF1@50=0.31
[b2a][epoch 16/50] loss=0.8808  val_acc=0.8924  macroF1=0.6646  edit=40.48  segF1@50=0.38
[b2a][epoch 17/50] loss=0.8171  val_acc=0.8970  macroF1=0.6742  edit=43.26  segF1@50=0.39
[b2a][epoch 18/50] loss=0.7616  val_acc=0.9050  macroF1=0.6819  edit=45.11  segF1@50=0.41
[b2a][epoch 19/50] loss=0.7100  val_acc=0.9043  macroF1=0.6939  edit=38.11  segF1@50=0.35
[b2a][epoch 20/50] loss=0.7310  val_acc=0.9030  macroF1=0.7153  edit=34.72  segF1@50=0.32
[b2a][epoch 21/50] loss=0.6684  val_acc=0.9102  macroF1=0.7306  edit=45.00  segF1@50=0.42
[b2a][epoch 22/50] loss=0.5863  val_acc=0.9089  macroF1=0.7031  edit=35.06  segF1@50=0.31
[b2a][epoch 23/50] loss=0.5539  val_acc=0.9201  macroF1=0.7731  edit=44.29  segF1@50=0.42
[b2a][epoch 24/50] loss=0.5327  val_acc=0.9228  macroF1=0.7217  edit=50.44  segF1@50=0.53
[b2a][epoch 25/50] loss=0.5081  val_acc=0.9307  macroF1=0.7891  edit=44.44  segF1@50=0.46
[b2a][epoch 26/50] loss=0.4842  val_acc=0.9320  macroF1=0.7718  edit=55.78  segF1@50=0.57
[b2a][epoch 27/50] loss=0.4907  val_acc=0.9254  macroF1=0.7817  edit=50.62  segF1@50=0.50
[b2a][epoch 28/50] loss=0.5864  val_acc=0.9149  macroF1=0.7072  edit=45.41  segF1@50=0.41
[b2a][epoch 29/50] loss=0.5428  val_acc=0.9327  macroF1=0.7769  edit=46.01  segF1@50=0.47
[b2a][epoch 30/50] loss=0.4656  val_acc=0.9413  macroF1=0.8006  edit=52.23  segF1@50=0.54
[b2a][epoch 31/50] loss=0.4334  val_acc=0.9386  macroF1=0.8046  edit=46.19  segF1@50=0.47
[b2a][epoch 32/50] loss=0.4172  val_acc=0.9386  macroF1=0.7921  edit=47.47  segF1@50=0.51
[b2a][epoch 33/50] loss=0.3988  val_acc=0.9505  macroF1=0.8199  edit=57.38  segF1@50=0.62
[b2a][epoch 34/50] loss=0.3918  val_acc=0.9518  macroF1=0.8176  edit=58.40  segF1@50=0.67
[b2a][epoch 35/50] loss=0.3817  val_acc=0.9538  macroF1=0.8195  edit=67.28  segF1@50=0.75
[b2a][epoch 36/50] loss=0.3829  val_acc=0.9281  macroF1=0.7730  edit=40.98  segF1@50=0.42
[b2a][epoch 37/50] loss=0.4099  val_acc=0.9472  macroF1=0.8198  edit=45.68  segF1@50=0.47
[b2a][epoch 38/50] loss=0.3728  val_acc=0.9611  macroF1=0.8250  edit=59.49  segF1@50=0.70
[b2a][epoch 39/50] loss=0.3819  val_acc=0.9294  macroF1=0.8006  edit=41.36  segF1@50=0.42
[b2a][epoch 40/50] loss=0.3494  val_acc=0.9512  macroF1=0.8212  edit=52.47  segF1@50=0.57
[b2a][epoch 41/50] loss=0.3340  val_acc=0.9545  macroF1=0.8215  edit=61.33  segF1@50=0.66
[b2a][epoch 42/50] loss=0.3271  val_acc=0.9525  macroF1=0.8231  edit=53.00  segF1@50=0.59
[b2a][epoch 43/50] loss=0.3103  val_acc=0.9518  macroF1=0.8188  edit=46.46  segF1@50=0.49
[b2a][epoch 44/50] loss=0.3098  val_acc=0.9611  macroF1=0.8284  edit=58.74  segF1@50=0.64
[b2a][epoch 45/50] loss=0.3103  val_acc=0.9366  macroF1=0.7799  edit=52.86  segF1@50=0.55
[b2a][epoch 46/50] loss=0.3123  val_acc=0.9531  macroF1=0.8236  edit=62.67  segF1@50=0.72
[b2a][epoch 47/50] loss=0.3430  val_acc=0.8389  macroF1=0.7677  edit=26.46  segF1@50=0.27
[b2a][epoch 48/50] loss=1.8083  val_acc=0.4878  macroF1=0.3743  edit=19.80  segF1@50=0.10
[b2a][epoch 49/50] loss=1.5202  val_acc=0.9182  macroF1=0.7672  edit=53.54  segF1@50=0.55
[b2a][epoch 50/50] loss=0.8351  val_acc=0.9419  macroF1=0.8143  edit=33.18  segF1@50=0.40
[b2a] best @epoch 38: acc=0.9611 macroF1=0.8250
[b2a] evidence written -> /home/ubuntu/slocal2/m2/experiments/transfer/b2a_oracle_mask_10_003_b2a_oracle_mask_10_seed456
