[b2a] train clips=13  val clips=3  in_dim=2063  tool_source=pred  classes=9  device=cuda
[b2a] evidence dir: /home/ubuntu/slocal2/m2/experiments/transfer/b2a_mask_dim_02_002_b2a_mask_dim_02_seed123
[b2a][epoch 1/50] loss=3.5636  val_acc=0.3677  macroF1=0.0768  edit=18.00  segF1@50=0.22
[b2a][epoch 2/50] loss=3.0429  val_acc=0.3677  macroF1=0.0768  edit=18.00  segF1@50=0.22
[b2a][epoch 3/50] loss=2.7418  val_acc=0.3340  macroF1=0.0715  edit=9.67  segF1@50=0.00
[b2a][epoch 4/50] loss=2.5892  val_acc=0.4759  macroF1=0.1469  edit=23.33  segF1@50=0.22
[b2a][epoch 5/50] loss=2.3903  val_acc=0.6469  macroF1=0.2164  edit=38.33  segF1@50=0.24
[b2a][epoch 6/50] loss=1.9880  val_acc=0.6739  macroF1=0.2293  edit=37.00  segF1@50=0.24
[b2a][epoch 7/50] loss=1.9837  val_acc=0.4416  macroF1=0.1425  edit=11.00  segF1@50=0.02
[b2a][epoch 8/50] loss=2.2228  val_acc=0.6198  macroF1=0.2063  edit=33.42  segF1@50=0.22
[b2a][epoch 9/50] loss=1.6708  val_acc=0.6416  macroF1=0.2216  edit=32.67  segF1@50=0.14
[b2a][epoch 10/50] loss=1.4309  val_acc=0.6733  macroF1=0.2295  edit=28.78  segF1@50=0.15
[b2a][epoch 11/50] loss=1.3296  val_acc=0.6508  macroF1=0.2528  edit=34.00  segF1@50=0.15
[b2a][epoch 12/50] loss=1.2257  val_acc=0.7347  macroF1=0.3700  edit=37.11  segF1@50=0.27
[b2a][epoch 13/50] loss=1.1246  val_acc=0.7690  macroF1=0.4042  edit=50.33  segF1@50=0.37
[b2a][epoch 14/50] loss=1.0445  val_acc=0.7716  macroF1=0.3878  edit=40.44  segF1@50=0.29
[b2a][epoch 15/50] loss=1.0023  val_acc=0.7795  macroF1=0.4123  edit=38.36  segF1@50=0.26
[b2a][epoch 16/50] loss=0.9180  val_acc=0.7987  macroF1=0.4462  edit=28.68  segF1@50=0.23
[b2a][epoch 17/50] loss=0.8953  val_acc=0.8469  macroF1=0.5892  edit=28.83  segF1@50=0.23
[b2a][epoch 18/50] loss=0.7881  val_acc=0.8198  macroF1=0.4743  edit=33.36  segF1@50=0.30
[b2a][epoch 19/50] loss=0.7497  val_acc=0.8304  macroF1=0.5079  edit=29.08  segF1@50=0.30
[b2a][epoch 20/50] loss=0.8923  val_acc=0.8607  macroF1=0.6039  edit=27.47  segF1@50=0.29
[b2a][epoch 21/50] loss=0.8885  val_acc=0.8119  macroF1=0.5664  edit=34.52  segF1@50=0.32
[b2a][epoch 22/50] loss=0.7596  val_acc=0.8502  macroF1=0.5856  edit=25.13  segF1@50=0.22
[b2a][epoch 23/50] loss=0.6824  val_acc=0.8924  macroF1=0.7052  edit=40.08  segF1@50=0.41
[b2a][epoch 24/50] loss=0.6377  val_acc=0.9003  macroF1=0.7049  edit=29.71  segF1@50=0.27
[b2a][epoch 25/50] loss=0.6012  val_acc=0.9109  macroF1=0.7374  edit=36.53  segF1@50=0.35
[b2a][epoch 26/50] loss=0.5598  val_acc=0.9050  macroF1=0.6843  edit=35.19  segF1@50=0.37
[b2a][epoch 27/50] loss=0.5310  val_acc=0.8898  macroF1=0.6828  edit=34.82  segF1@50=0.30
[b2a][epoch 28/50] loss=0.5056  val_acc=0.9109  macroF1=0.7420  edit=35.68  segF1@50=0.32
[b2a][epoch 29/50] loss=0.4854  val_acc=0.9122  macroF1=0.7253  edit=38.91  segF1@50=0.36
[b2a][epoch 30/50] loss=0.4654  val_acc=0.9135  macroF1=0.7447  edit=41.16  segF1@50=0.34
[b2a][epoch 31/50] loss=0.4468  val_acc=0.9175  macroF1=0.7557  edit=36.49  segF1@50=0.39
[b2a][epoch 32/50] loss=0.4414  val_acc=0.9241  macroF1=0.7414  edit=42.51  segF1@50=0.41
[b2a][epoch 33/50] loss=0.4492  val_acc=0.9069  macroF1=0.7587  edit=35.71  segF1@50=0.39
[b2a][epoch 34/50] loss=0.5306  val_acc=0.9069  macroF1=0.6702  edit=34.54  segF1@50=0.35
[b2a][epoch 35/50] loss=0.5064  val_acc=0.9043  macroF1=0.7581  edit=33.88  segF1@50=0.36
[b2a][epoch 36/50] loss=0.4539  val_acc=0.9122  macroF1=0.7448  edit=40.87  segF1@50=0.37
[b2a][epoch 37/50] loss=0.4339  val_acc=0.9353  macroF1=0.7856  edit=43.25  segF1@50=0.46
[b2a][epoch 38/50] loss=0.4108  val_acc=0.9228  macroF1=0.7647  edit=40.56  segF1@50=0.40
[b2a][epoch 39/50] loss=0.3858  val_acc=0.9274  macroF1=0.7786  edit=39.90  segF1@50=0.41
[b2a][epoch 40/50] loss=0.3871  val_acc=0.9096  macroF1=0.7308  edit=35.87  segF1@50=0.34
[b2a][epoch 41/50] loss=0.3822  val_acc=0.8977  macroF1=0.7452  edit=37.94  segF1@50=0.38
[b2a][epoch 42/50] loss=0.3714  val_acc=0.9267  macroF1=0.7561  edit=41.31  segF1@50=0.43
[b2a][epoch 43/50] loss=0.3745  val_acc=0.9234  macroF1=0.7723  edit=38.47  segF1@50=0.40
[b2a][epoch 44/50] loss=0.3515  val_acc=0.9109  macroF1=0.7358  edit=35.28  segF1@50=0.37
[b2a][epoch 45/50] loss=0.3423  val_acc=0.9320  macroF1=0.7835  edit=37.35  segF1@50=0.39
[b2a][epoch 46/50] loss=0.3312  val_acc=0.9215  macroF1=0.7747  edit=40.57  segF1@50=0.41
[b2a][epoch 47/50] loss=0.3167  val_acc=0.9340  macroF1=0.7830  edit=40.83  segF1@50=0.41
[b2a][epoch 48/50] loss=0.3072  val_acc=0.9261  macroF1=0.7793  edit=38.10  segF1@50=0.40
[b2a][epoch 49/50] loss=0.2949  val_acc=0.9340  macroF1=0.7832  edit=40.32  segF1@50=0.42
[b2a][epoch 50/50] loss=0.2868  val_acc=0.9320  macroF1=0.7791  edit=38.46  segF1@50=0.41
[b2a] best @epoch 37: acc=0.9353 macroF1=0.7856
[b2a] evidence written -> /home/ubuntu/slocal2/m2/experiments/transfer/b2a_mask_dim_02_002_b2a_mask_dim_02_seed123
