[b2a] train clips=13  val clips=3  in_dim=2063  tool_source=pred  classes=9  device=cuda
[b2a] evidence dir: /home/ubuntu/slocal2/m2/experiments/transfer/b2a_mask_dim_12_003_b2a_mask_dim_12_seed456
[b2a][epoch 1/50] loss=3.4914  val_acc=0.3340  macroF1=0.0715  edit=9.67  segF1@50=0.00
[b2a][epoch 2/50] loss=2.8890  val_acc=0.3650  macroF1=0.0767  edit=2.67  segF1@50=0.17
[b2a][epoch 3/50] loss=2.6982  val_acc=0.3340  macroF1=0.0715  edit=9.67  segF1@50=0.00
[b2a][epoch 4/50] loss=2.6093  val_acc=0.3677  macroF1=0.0768  edit=18.00  segF1@50=0.22
[b2a][epoch 5/50] loss=2.3698  val_acc=0.6660  macroF1=0.2233  edit=35.67  segF1@50=0.17
[b2a][epoch 6/50] loss=2.0623  val_acc=0.4726  macroF1=0.1578  edit=24.05  segF1@50=0.06
[b2a][epoch 7/50] loss=2.2783  val_acc=0.3340  macroF1=0.0715  edit=9.67  segF1@50=0.00
[b2a][epoch 8/50] loss=2.3851  val_acc=0.5215  macroF1=0.1763  edit=32.41  segF1@50=0.22
[b2a][epoch 9/50] loss=1.8244  val_acc=0.5010  macroF1=0.1709  edit=29.10  segF1@50=0.11
[b2a][epoch 10/50] loss=1.7403  val_acc=0.6640  macroF1=0.2275  edit=37.00  segF1@50=0.22
[b2a][epoch 11/50] loss=1.4435  val_acc=0.6686  macroF1=0.2422  edit=47.44  segF1@50=0.22
[b2a][epoch 12/50] loss=1.2675  val_acc=0.7003  macroF1=0.3199  edit=35.04  segF1@50=0.21
[b2a][epoch 13/50] loss=1.1685  val_acc=0.7498  macroF1=0.3775  edit=31.04  segF1@50=0.26
[b2a][epoch 14/50] loss=1.0731  val_acc=0.7868  macroF1=0.4341  edit=31.87  segF1@50=0.26
[b2a][epoch 15/50] loss=0.9881  val_acc=0.7848  macroF1=0.4460  edit=32.79  segF1@50=0.27
[b2a][epoch 16/50] loss=0.9174  val_acc=0.8297  macroF1=0.4820  edit=31.69  segF1@50=0.30
[b2a][epoch 17/50] loss=0.8465  val_acc=0.8475  macroF1=0.5893  edit=32.67  segF1@50=0.29
[b2a][epoch 18/50] loss=0.7868  val_acc=0.8845  macroF1=0.6507  edit=29.56  segF1@50=0.29
[b2a][epoch 19/50] loss=0.7544  val_acc=0.9023  macroF1=0.6776  edit=37.97  segF1@50=0.31
[b2a][epoch 20/50] loss=0.7117  val_acc=0.8924  macroF1=0.6640  edit=31.06  segF1@50=0.29
[b2a][epoch 21/50] loss=0.6923  val_acc=0.8271  macroF1=0.6676  edit=38.44  segF1@50=0.31
[b2a][epoch 22/50] loss=0.7955  val_acc=0.8911  macroF1=0.6461  edit=22.46  segF1@50=0.27
[b2a][epoch 23/50] loss=0.7594  val_acc=0.8726  macroF1=0.6755  edit=41.43  segF1@50=0.34
[b2a][epoch 24/50] loss=0.6853  val_acc=0.9030  macroF1=0.6731  edit=29.57  segF1@50=0.29
[b2a][epoch 25/50] loss=0.6108  val_acc=0.9116  macroF1=0.6844  edit=38.52  segF1@50=0.43
[b2a][epoch 26/50] loss=0.5709  val_acc=0.9003  macroF1=0.7183  edit=33.53  segF1@50=0.30
[b2a][epoch 27/50] loss=0.5257  val_acc=0.9089  macroF1=0.6946  edit=35.84  segF1@50=0.34
[b2a][epoch 28/50] loss=0.5356  val_acc=0.9188  macroF1=0.7536  edit=42.91  segF1@50=0.45
[b2a][epoch 29/50] loss=0.4963  val_acc=0.9215  macroF1=0.7311  edit=41.19  segF1@50=0.40
[b2a][epoch 30/50] loss=0.4643  val_acc=0.9050  macroF1=0.7103  edit=32.99  segF1@50=0.31
[b2a][epoch 31/50] loss=0.4530  val_acc=0.9221  macroF1=0.7597  edit=39.35  segF1@50=0.43
[b2a][epoch 32/50] loss=0.4415  val_acc=0.9208  macroF1=0.7567  edit=42.54  segF1@50=0.43
[b2a][epoch 33/50] loss=0.4142  val_acc=0.9188  macroF1=0.7475  edit=40.01  segF1@50=0.41
[b2a][epoch 34/50] loss=0.3966  val_acc=0.9208  macroF1=0.7556  edit=40.01  segF1@50=0.41
[b2a][epoch 35/50] loss=0.3819  val_acc=0.9254  macroF1=0.7608  edit=41.57  segF1@50=0.43
[b2a][epoch 36/50] loss=0.3764  val_acc=0.9261  macroF1=0.7606  edit=40.93  segF1@50=0.43
[b2a][epoch 37/50] loss=0.3627  val_acc=0.9307  macroF1=0.7808  edit=40.38  segF1@50=0.41
[b2a][epoch 38/50] loss=0.3520  val_acc=0.9320  macroF1=0.7655  edit=44.78  segF1@50=0.49
[b2a][epoch 39/50] loss=0.3436  val_acc=0.9333  macroF1=0.7828  edit=43.87  segF1@50=0.42
[b2a][epoch 40/50] loss=0.3382  val_acc=0.9195  macroF1=0.7321  edit=37.94  segF1@50=0.41
[b2a][epoch 41/50] loss=0.3360  val_acc=0.9366  macroF1=0.7899  edit=46.52  segF1@50=0.49
[b2a][epoch 42/50] loss=0.3377  val_acc=0.9254  macroF1=0.7570  edit=41.21  segF1@50=0.42
[b2a][epoch 43/50] loss=0.3263  val_acc=0.9221  macroF1=0.7752  edit=39.21  segF1@50=0.39
[b2a][epoch 44/50] loss=0.3218  val_acc=0.9327  macroF1=0.7830  edit=42.17  segF1@50=0.43
[b2a][epoch 45/50] loss=0.3118  val_acc=0.9267  macroF1=0.7642  edit=43.56  segF1@50=0.41
[b2a][epoch 46/50] loss=0.3234  val_acc=0.9063  macroF1=0.6993  edit=37.11  segF1@50=0.33
[b2a][epoch 47/50] loss=0.4219  val_acc=0.9076  macroF1=0.7580  edit=27.81  segF1@50=0.31
[b2a][epoch 48/50] loss=0.4578  val_acc=0.8957  macroF1=0.6805  edit=30.06  segF1@50=0.26
[b2a][epoch 49/50] loss=0.5580  val_acc=0.8587  macroF1=0.6706  edit=34.97  segF1@50=0.35
[b2a][epoch 50/50] loss=0.4832  val_acc=0.9241  macroF1=0.7551  edit=35.90  segF1@50=0.39
[b2a] best @epoch 41: acc=0.9366 macroF1=0.7899
[b2a] evidence written -> /home/ubuntu/slocal2/m2/experiments/transfer/b2a_mask_dim_12_003_b2a_mask_dim_12_seed456
