[b2a] train clips=13  val clips=3  in_dim=2063  tool_source=oracle  classes=9  device=cuda
[b2a] evidence dir: /home/ubuntu/slocal2/m2/experiments/transfer/b2a_oracle_mask_04_003_b2a_oracle_mask_04_seed456
[b2a][epoch 1/50] loss=3.4887  val_acc=0.3340  macroF1=0.0715  edit=9.67  segF1@50=0.00
[b2a][epoch 2/50] loss=2.8843  val_acc=0.3650  macroF1=0.0767  edit=2.67  segF1@50=0.17
[b2a][epoch 3/50] loss=2.6868  val_acc=0.3340  macroF1=0.0715  edit=9.67  segF1@50=0.00
[b2a][epoch 4/50] loss=2.5846  val_acc=0.3677  macroF1=0.0768  edit=18.00  segF1@50=0.22
[b2a][epoch 5/50] loss=2.3266  val_acc=0.6805  macroF1=0.2286  edit=24.56  segF1@50=0.11
[b2a][epoch 6/50] loss=1.9954  val_acc=0.4970  macroF1=0.1688  edit=38.58  segF1@50=0.18
[b2a][epoch 7/50] loss=2.0325  val_acc=0.3340  macroF1=0.0715  edit=9.67  segF1@50=0.00
[b2a][epoch 8/50] loss=1.9802  val_acc=0.5888  macroF1=0.2045  edit=26.76  segF1@50=0.11
[b2a][epoch 9/50] loss=1.7246  val_acc=0.6581  macroF1=0.2266  edit=34.11  segF1@50=0.18
[b2a][epoch 10/50] loss=1.4215  val_acc=0.6363  macroF1=0.2195  edit=39.67  segF1@50=0.19
[b2a][epoch 11/50] loss=1.2830  val_acc=0.6785  macroF1=0.2691  edit=33.06  segF1@50=0.24
[b2a][epoch 12/50] loss=1.1740  val_acc=0.7498  macroF1=0.3686  edit=36.10  segF1@50=0.26
[b2a][epoch 13/50] loss=1.0655  val_acc=0.7637  macroF1=0.4056  edit=38.22  segF1@50=0.25
[b2a][epoch 14/50] loss=0.9868  val_acc=0.8376  macroF1=0.4867  edit=29.74  segF1@50=0.29
[b2a][epoch 15/50] loss=0.9133  val_acc=0.8046  macroF1=0.4657  edit=36.37  segF1@50=0.28
[b2a][epoch 16/50] loss=0.8504  val_acc=0.8964  macroF1=0.6526  edit=32.40  segF1@50=0.30
[b2a][epoch 17/50] loss=0.7832  val_acc=0.9142  macroF1=0.6807  edit=43.26  segF1@50=0.40
[b2a][epoch 18/50] loss=0.7284  val_acc=0.9116  macroF1=0.6883  edit=42.33  segF1@50=0.39
[b2a][epoch 19/50] loss=0.6686  val_acc=0.9168  macroF1=0.7120  edit=37.78  segF1@50=0.34
[b2a][epoch 20/50] loss=0.6492  val_acc=0.9221  macroF1=0.7419  edit=41.99  segF1@50=0.41
[b2a][epoch 21/50] loss=0.6567  val_acc=0.8779  macroF1=0.7283  edit=41.22  segF1@50=0.40
[b2a][epoch 22/50] loss=0.7626  val_acc=0.9036  macroF1=0.6617  edit=25.64  segF1@50=0.30
[b2a][epoch 23/50] loss=0.7134  val_acc=0.9182  macroF1=0.7431  edit=39.11  segF1@50=0.39
[b2a][epoch 24/50] loss=0.6388  val_acc=0.9234  macroF1=0.7295  edit=40.48  segF1@50=0.37
[b2a][epoch 25/50] loss=0.5683  val_acc=0.9327  macroF1=0.7329  edit=55.24  segF1@50=0.57
[b2a][epoch 26/50] loss=0.5294  val_acc=0.9261  macroF1=0.7749  edit=41.38  segF1@50=0.39
[b2a][epoch 27/50] loss=0.4911  val_acc=0.9386  macroF1=0.7663  edit=49.15  segF1@50=0.48
[b2a][epoch 28/50] loss=0.4683  val_acc=0.9439  macroF1=0.8017  edit=50.12  segF1@50=0.51
[b2a][epoch 29/50] loss=0.4547  val_acc=0.9479  macroF1=0.7997  edit=51.33  segF1@50=0.57
[b2a][epoch 30/50] loss=0.4473  val_acc=0.9393  macroF1=0.7970  edit=42.51  segF1@50=0.47
[b2a][epoch 31/50] loss=0.4456  val_acc=0.9413  macroF1=0.7852  edit=46.91  segF1@50=0.48
[b2a][epoch 32/50] loss=0.4884  val_acc=0.9485  macroF1=0.8084  edit=48.44  segF1@50=0.48
[b2a][epoch 33/50] loss=0.4432  val_acc=0.9426  macroF1=0.7962  edit=55.52  segF1@50=0.56
[b2a][epoch 34/50] loss=0.4018  val_acc=0.9432  macroF1=0.8054  edit=44.76  segF1@50=0.47
[b2a][epoch 35/50] loss=0.3815  val_acc=0.9545  macroF1=0.8199  edit=50.11  segF1@50=0.53
[b2a][epoch 36/50] loss=0.3713  val_acc=0.9531  macroF1=0.8174  edit=47.84  segF1@50=0.52
[b2a][epoch 37/50] loss=0.3531  val_acc=0.9545  macroF1=0.8211  edit=52.89  segF1@50=0.55
[b2a][epoch 38/50] loss=0.3444  val_acc=0.9551  macroF1=0.8220  edit=52.84  segF1@50=0.56
[b2a][epoch 39/50] loss=0.3336  val_acc=0.9538  macroF1=0.8216  edit=50.22  segF1@50=0.55
[b2a][epoch 40/50] loss=0.3266  val_acc=0.9531  macroF1=0.8189  edit=49.19  segF1@50=0.50
[b2a][epoch 41/50] loss=0.3224  val_acc=0.9531  macroF1=0.8171  edit=56.92  segF1@50=0.63
[b2a][epoch 42/50] loss=0.3188  val_acc=0.9485  macroF1=0.8114  edit=44.18  segF1@50=0.48
[b2a][epoch 43/50] loss=0.3123  val_acc=0.9545  macroF1=0.8237  edit=52.69  segF1@50=0.55
[b2a][epoch 44/50] loss=0.3115  val_acc=0.9531  macroF1=0.8156  edit=48.03  segF1@50=0.51
[b2a][epoch 45/50] loss=0.3196  val_acc=0.9347  macroF1=0.7955  edit=47.75  segF1@50=0.51
[b2a][epoch 46/50] loss=0.5091  val_acc=0.9538  macroF1=0.8210  edit=60.00  segF1@50=0.68
[b2a][epoch 47/50] loss=0.4676  val_acc=0.8713  macroF1=0.7389  edit=21.36  segF1@50=0.25
[b2a][epoch 48/50] loss=1.8526  val_acc=0.4871  macroF1=0.5495  edit=8.96  segF1@50=0.10
[b2a][epoch 49/50] loss=2.4521  val_acc=0.4957  macroF1=0.4683  edit=58.89  segF1@50=0.30
[b2a][epoch 50/50] loss=1.3454  val_acc=0.9102  macroF1=0.7392  edit=41.79  segF1@50=0.45
[b2a] best @epoch 38: acc=0.9551 macroF1=0.8220
[b2a] evidence written -> /home/ubuntu/slocal2/m2/experiments/transfer/b2a_oracle_mask_04_003_b2a_oracle_mask_04_seed456
