[b2a] train clips=13  val clips=3  in_dim=2063  tool_source=oracle  classes=9  device=cuda
[b2a] evidence dir: /home/ubuntu/slocal2/m2/experiments/transfer/b2a_oracle_mask_11_003_b2a_oracle_mask_11_seed456
[b2a][epoch 1/50] loss=3.4888  val_acc=0.3340  macroF1=0.0715  edit=9.67  segF1@50=0.00
[b2a][epoch 2/50] loss=2.8846  val_acc=0.3650  macroF1=0.0767  edit=2.67  segF1@50=0.17
[b2a][epoch 3/50] loss=2.6871  val_acc=0.3340  macroF1=0.0715  edit=9.67  segF1@50=0.00
[b2a][epoch 4/50] loss=2.5844  val_acc=0.3677  macroF1=0.0768  edit=18.00  segF1@50=0.22
[b2a][epoch 5/50] loss=2.3267  val_acc=0.6792  macroF1=0.2282  edit=28.67  segF1@50=0.11
[b2a][epoch 6/50] loss=1.9995  val_acc=0.4944  macroF1=0.1677  edit=38.58  segF1@50=0.18
[b2a][epoch 7/50] loss=2.0765  val_acc=0.3340  macroF1=0.0715  edit=9.67  segF1@50=0.00
[b2a][epoch 8/50] loss=2.0353  val_acc=0.6396  macroF1=0.2211  edit=39.67  segF1@50=0.19
[b2a][epoch 9/50] loss=1.7432  val_acc=0.6594  macroF1=0.2267  edit=32.67  segF1@50=0.16
[b2a][epoch 10/50] loss=1.4637  val_acc=0.6462  macroF1=0.2226  edit=41.00  segF1@50=0.20
[b2a][epoch 11/50] loss=1.2892  val_acc=0.6766  macroF1=0.2839  edit=35.44  segF1@50=0.23
[b2a][epoch 12/50] loss=1.1858  val_acc=0.7531  macroF1=0.3725  edit=35.57  segF1@50=0.25
[b2a][epoch 13/50] loss=1.0821  val_acc=0.7743  macroF1=0.4091  edit=36.14  segF1@50=0.30
[b2a][epoch 14/50] loss=1.0001  val_acc=0.8297  macroF1=0.4821  edit=24.26  segF1@50=0.23
[b2a][epoch 15/50] loss=0.9136  val_acc=0.8007  macroF1=0.4487  edit=32.37  segF1@50=0.24
[b2a][epoch 16/50] loss=0.8547  val_acc=0.8323  macroF1=0.4839  edit=30.67  segF1@50=0.27
[b2a][epoch 17/50] loss=0.7905  val_acc=0.8772  macroF1=0.6053  edit=38.35  segF1@50=0.30
[b2a][epoch 18/50] loss=0.7306  val_acc=0.8997  macroF1=0.6642  edit=31.41  segF1@50=0.29
[b2a][epoch 19/50] loss=0.6746  val_acc=0.9162  macroF1=0.7308  edit=40.66  segF1@50=0.39
[b2a][epoch 20/50] loss=0.6628  val_acc=0.9030  macroF1=0.7405  edit=41.51  segF1@50=0.44
[b2a][epoch 21/50] loss=0.7276  val_acc=0.9135  macroF1=0.7548  edit=44.13  segF1@50=0.39
[b2a][epoch 22/50] loss=0.6888  val_acc=0.9168  macroF1=0.6648  edit=39.19  segF1@50=0.45
[b2a][epoch 23/50] loss=0.6549  val_acc=0.9129  macroF1=0.7418  edit=42.51  segF1@50=0.36
[b2a][epoch 24/50] loss=0.6055  val_acc=0.9241  macroF1=0.7325  edit=38.68  segF1@50=0.38
[b2a][epoch 25/50] loss=0.5502  val_acc=0.9347  macroF1=0.7470  edit=50.00  segF1@50=0.48
[b2a][epoch 26/50] loss=0.5143  val_acc=0.9393  macroF1=0.8008  edit=47.22  segF1@50=0.49
[b2a][epoch 27/50] loss=0.4767  val_acc=0.9386  macroF1=0.7744  edit=47.78  segF1@50=0.46
[b2a][epoch 28/50] loss=0.4591  val_acc=0.9459  macroF1=0.8039  edit=48.41  segF1@50=0.50
[b2a][epoch 29/50] loss=0.4485  val_acc=0.9472  macroF1=0.7979  edit=50.49  segF1@50=0.57
[b2a][epoch 30/50] loss=0.4426  val_acc=0.9406  macroF1=0.8026  edit=43.10  segF1@50=0.46
[b2a][epoch 31/50] loss=0.4372  val_acc=0.9366  macroF1=0.7770  edit=45.06  segF1@50=0.46
[b2a][epoch 32/50] loss=0.4921  val_acc=0.9439  macroF1=0.8015  edit=47.76  segF1@50=0.46
[b2a][epoch 33/50] loss=0.4527  val_acc=0.9406  macroF1=0.7903  edit=55.78  segF1@50=0.58
[b2a][epoch 34/50] loss=0.4079  val_acc=0.9439  macroF1=0.8037  edit=46.91  segF1@50=0.48
[b2a][epoch 35/50] loss=0.3810  val_acc=0.9512  macroF1=0.8174  edit=47.33  segF1@50=0.50
[b2a][epoch 36/50] loss=0.3721  val_acc=0.9551  macroF1=0.8201  edit=49.19  segF1@50=0.52
[b2a][epoch 37/50] loss=0.3531  val_acc=0.9538  macroF1=0.8218  edit=50.11  segF1@50=0.53
[b2a][epoch 38/50] loss=0.3445  val_acc=0.9538  macroF1=0.8197  edit=50.62  segF1@50=0.53
[b2a][epoch 39/50] loss=0.3360  val_acc=0.9545  macroF1=0.8230  edit=51.56  segF1@50=0.56
[b2a][epoch 40/50] loss=0.3353  val_acc=0.9459  macroF1=0.8061  edit=42.91  segF1@50=0.49
[b2a][epoch 41/50] loss=0.3331  val_acc=0.9591  macroF1=0.8294  edit=64.20  segF1@50=0.71
[b2a][epoch 42/50] loss=0.3501  val_acc=0.9413  macroF1=0.8013  edit=41.99  segF1@50=0.45
[b2a][epoch 43/50] loss=0.3397  val_acc=0.9426  macroF1=0.8130  edit=42.62  segF1@50=0.47
[b2a][epoch 44/50] loss=0.3355  val_acc=0.9545  macroF1=0.8197  edit=51.44  segF1@50=0.62
[b2a][epoch 45/50] loss=0.3321  val_acc=0.9228  macroF1=0.7670  edit=40.26  segF1@50=0.44
[b2a][epoch 46/50] loss=0.3345  val_acc=0.9597  macroF1=0.8275  edit=59.77  segF1@50=0.72
[b2a][epoch 47/50] loss=0.3577  val_acc=0.9525  macroF1=0.8208  edit=47.61  segF1@50=0.49
[b2a][epoch 48/50] loss=0.4425  val_acc=0.9063  macroF1=0.6718  edit=31.78  segF1@50=0.34
[b2a][epoch 49/50] loss=0.5159  val_acc=0.9505  macroF1=0.8148  edit=40.48  segF1@50=0.47
[b2a][epoch 50/50] loss=0.5118  val_acc=0.9300  macroF1=0.7922  edit=36.51  segF1@50=0.40
[b2a] best @epoch 46: acc=0.9597 macroF1=0.8275
[b2a] evidence written -> /home/ubuntu/slocal2/m2/experiments/transfer/b2a_oracle_mask_11_003_b2a_oracle_mask_11_seed456
