[b2a] train clips=13  val clips=3  in_dim=2063  tool_source=pred  classes=9  device=cuda
[b2a] evidence dir: /home/ubuntu/slocal2/m2/experiments/transfer/b2a_mask_dim_03_003_b2a_mask_dim_03_seed456
[b2a][epoch 1/50] loss=3.4912  val_acc=0.3340  macroF1=0.0715  edit=9.67  segF1@50=0.00
[b2a][epoch 2/50] loss=2.8878  val_acc=0.3650  macroF1=0.0767  edit=2.67  segF1@50=0.17
[b2a][epoch 3/50] loss=2.6935  val_acc=0.3340  macroF1=0.0715  edit=9.67  segF1@50=0.00
[b2a][epoch 4/50] loss=2.5976  val_acc=0.3677  macroF1=0.0768  edit=18.00  segF1@50=0.22
[b2a][epoch 5/50] loss=2.3490  val_acc=0.6785  macroF1=0.2279  edit=35.67  segF1@50=0.17
[b2a][epoch 6/50] loss=2.0349  val_acc=0.4858  macroF1=0.1639  edit=31.33  segF1@50=0.12
[b2a][epoch 7/50] loss=2.1443  val_acc=0.3340  macroF1=0.0715  edit=9.67  segF1@50=0.00
[b2a][epoch 8/50] loss=2.0927  val_acc=0.6614  macroF1=0.2254  edit=37.90  segF1@50=0.21
[b2a][epoch 9/50] loss=1.7412  val_acc=0.6508  macroF1=0.2238  edit=27.00  segF1@50=0.13
[b2a][epoch 10/50] loss=1.4991  val_acc=0.6211  macroF1=0.2145  edit=31.00  segF1@50=0.12
[b2a][epoch 11/50] loss=1.3274  val_acc=0.6356  macroF1=0.2436  edit=32.56  segF1@50=0.20
[b2a][epoch 12/50] loss=1.2052  val_acc=0.7393  macroF1=0.3639  edit=35.14  segF1@50=0.24
[b2a][epoch 13/50] loss=1.1050  val_acc=0.7578  macroF1=0.3911  edit=29.44  segF1@50=0.22
[b2a][epoch 14/50] loss=1.0226  val_acc=0.8073  macroF1=0.4730  edit=30.42  segF1@50=0.31
[b2a][epoch 15/50] loss=0.9418  val_acc=0.7954  macroF1=0.4440  edit=30.67  segF1@50=0.24
[b2a][epoch 16/50] loss=0.8780  val_acc=0.8693  macroF1=0.6392  edit=29.16  segF1@50=0.26
[b2a][epoch 17/50] loss=0.8163  val_acc=0.8766  macroF1=0.6336  edit=31.48  segF1@50=0.29
[b2a][epoch 18/50] loss=0.7570  val_acc=0.8997  macroF1=0.6736  edit=39.11  segF1@50=0.37
[b2a][epoch 19/50] loss=0.7036  val_acc=0.8937  macroF1=0.6778  edit=37.71  segF1@50=0.28
[b2a][epoch 20/50] loss=0.7349  val_acc=0.9063  macroF1=0.6859  edit=44.96  segF1@50=0.42
[b2a][epoch 21/50] loss=0.6569  val_acc=0.8785  macroF1=0.6610  edit=38.30  segF1@50=0.33
[b2a][epoch 22/50] loss=0.6130  val_acc=0.8449  macroF1=0.6318  edit=35.24  segF1@50=0.31
[b2a][epoch 23/50] loss=0.6182  val_acc=0.8957  macroF1=0.6670  edit=39.46  segF1@50=0.38
[b2a][epoch 24/50] loss=0.5839  val_acc=0.8627  macroF1=0.6636  edit=38.10  segF1@50=0.33
[b2a][epoch 25/50] loss=0.5666  val_acc=0.9076  macroF1=0.7330  edit=35.51  segF1@50=0.33
[b2a][epoch 26/50] loss=0.5144  val_acc=0.9083  macroF1=0.7288  edit=42.00  segF1@50=0.38
[b2a][epoch 27/50] loss=0.5139  val_acc=0.8891  macroF1=0.6550  edit=31.95  segF1@50=0.29
[b2a][epoch 28/50] loss=0.5933  val_acc=0.9208  macroF1=0.7704  edit=42.44  segF1@50=0.41
[b2a][epoch 29/50] loss=0.5527  val_acc=0.9142  macroF1=0.7014  edit=36.24  segF1@50=0.34
[b2a][epoch 30/50] loss=0.4745  val_acc=0.9096  macroF1=0.7493  edit=40.00  segF1@50=0.36
[b2a][epoch 31/50] loss=0.4532  val_acc=0.9142  macroF1=0.7513  edit=31.06  segF1@50=0.35
[b2a][epoch 32/50] loss=0.4469  val_acc=0.9089  macroF1=0.7523  edit=40.92  segF1@50=0.40
[b2a][epoch 33/50] loss=0.4051  val_acc=0.9320  macroF1=0.7826  edit=41.80  segF1@50=0.41
[b2a][epoch 34/50] loss=0.3911  val_acc=0.9195  macroF1=0.7587  edit=38.14  segF1@50=0.39
[b2a][epoch 35/50] loss=0.3848  val_acc=0.9182  macroF1=0.7765  edit=36.33  segF1@50=0.38
[b2a][epoch 36/50] loss=0.3752  val_acc=0.9228  macroF1=0.7399  edit=40.61  segF1@50=0.41
[b2a][epoch 37/50] loss=0.3804  val_acc=0.9274  macroF1=0.7912  edit=40.60  segF1@50=0.41
[b2a][epoch 38/50] loss=0.3804  val_acc=0.9366  macroF1=0.7910  edit=43.11  segF1@50=0.48
[b2a][epoch 39/50] loss=0.3630  val_acc=0.9122  macroF1=0.7288  edit=40.23  segF1@50=0.39
[b2a][epoch 40/50] loss=0.3571  val_acc=0.9314  macroF1=0.7900  edit=38.08  segF1@50=0.39
[b2a][epoch 41/50] loss=0.3401  val_acc=0.9221  macroF1=0.7542  edit=46.44  segF1@50=0.50
[b2a][epoch 42/50] loss=0.3320  val_acc=0.9393  macroF1=0.7896  edit=46.95  segF1@50=0.51
[b2a][epoch 43/50] loss=0.3136  val_acc=0.9281  macroF1=0.7772  edit=36.83  segF1@50=0.38
[b2a][epoch 44/50] loss=0.3088  val_acc=0.9267  macroF1=0.7625  edit=40.56  segF1@50=0.40
[b2a][epoch 45/50] loss=0.3020  val_acc=0.9406  macroF1=0.8016  edit=50.74  segF1@50=0.62
[b2a][epoch 46/50] loss=0.2955  val_acc=0.9267  macroF1=0.7778  edit=38.69  segF1@50=0.39
[b2a][epoch 47/50] loss=0.2937  val_acc=0.9155  macroF1=0.7590  edit=33.16  segF1@50=0.36
[b2a][epoch 48/50] loss=0.3997  val_acc=0.9201  macroF1=0.7816  edit=34.62  segF1@50=0.36
[b2a][epoch 49/50] loss=0.4567  val_acc=0.9162  macroF1=0.7145  edit=37.46  segF1@50=0.39
[b2a][epoch 50/50] loss=0.3981  val_acc=0.9188  macroF1=0.7771  edit=40.13  segF1@50=0.42
[b2a] best @epoch 45: acc=0.9406 macroF1=0.8016
[b2a] evidence written -> /home/ubuntu/slocal2/m2/experiments/transfer/b2a_mask_dim_03_003_b2a_mask_dim_03_seed456
