[b2a] train clips=13  val clips=3  in_dim=2063  tool_source=oracle  classes=9  device=cuda
[b2a] evidence dir: /home/ubuntu/slocal2/m2/experiments/transfer/b2a_oracle_mask_05_003_b2a_oracle_mask_05_seed456
[b2a][epoch 1/50] loss=3.4912  val_acc=0.3340  macroF1=0.0715  edit=9.67  segF1@50=0.00
[b2a][epoch 2/50] loss=2.8850  val_acc=0.3650  macroF1=0.0767  edit=2.67  segF1@50=0.17
[b2a][epoch 3/50] loss=2.6867  val_acc=0.3340  macroF1=0.0715  edit=9.67  segF1@50=0.00
[b2a][epoch 4/50] loss=2.5828  val_acc=0.3677  macroF1=0.0768  edit=18.00  segF1@50=0.22
[b2a][epoch 5/50] loss=2.3209  val_acc=0.6792  macroF1=0.2284  edit=31.67  segF1@50=0.17
[b2a][epoch 6/50] loss=1.9935  val_acc=0.4997  macroF1=0.1699  edit=38.79  segF1@50=0.18
[b2a][epoch 7/50] loss=1.9889  val_acc=0.3789  macroF1=0.1051  edit=31.21  segF1@50=0.00
[b2a][epoch 8/50] loss=1.9332  val_acc=0.5333  macroF1=0.1843  edit=29.29  segF1@50=0.11
[b2a][epoch 9/50] loss=1.6868  val_acc=0.6548  macroF1=0.2257  edit=38.33  segF1@50=0.22
[b2a][epoch 10/50] loss=1.3924  val_acc=0.6554  macroF1=0.2247  edit=26.00  segF1@50=0.15
[b2a][epoch 11/50] loss=1.2559  val_acc=0.7116  macroF1=0.3272  edit=35.25  segF1@50=0.24
[b2a][epoch 12/50] loss=1.1473  val_acc=0.7472  macroF1=0.3654  edit=35.83  segF1@50=0.24
[b2a][epoch 13/50] loss=1.0636  val_acc=0.7690  macroF1=0.4150  edit=37.77  segF1@50=0.26
[b2a][epoch 14/50] loss=0.9855  val_acc=0.8376  macroF1=0.4873  edit=33.03  segF1@50=0.31
[b2a][epoch 15/50] loss=0.8882  val_acc=0.8040  macroF1=0.4457  edit=33.71  segF1@50=0.25
[b2a][epoch 16/50] loss=0.8271  val_acc=0.8884  macroF1=0.6456  edit=33.51  segF1@50=0.30
[b2a][epoch 17/50] loss=0.7636  val_acc=0.9122  macroF1=0.6784  edit=41.18  segF1@50=0.37
[b2a][epoch 18/50] loss=0.7053  val_acc=0.9168  macroF1=0.6902  edit=42.33  segF1@50=0.39
[b2a][epoch 19/50] loss=0.6469  val_acc=0.9228  macroF1=0.7362  edit=42.11  segF1@50=0.40
[b2a][epoch 20/50] loss=0.6054  val_acc=0.9373  macroF1=0.7708  edit=57.78  segF1@50=0.59
[b2a][epoch 21/50] loss=0.5682  val_acc=0.9307  macroF1=0.7610  edit=46.67  segF1@50=0.45
[b2a][epoch 22/50] loss=0.5306  val_acc=0.9452  macroF1=0.7849  edit=59.77  segF1@50=0.66
[b2a][epoch 23/50] loss=0.5494  val_acc=0.9307  macroF1=0.7853  edit=42.47  segF1@50=0.43
[b2a][epoch 24/50] loss=0.6264  val_acc=0.9327  macroF1=0.7061  edit=52.38  segF1@50=0.58
[b2a][epoch 25/50] loss=0.5950  val_acc=0.9254  macroF1=0.7781  edit=46.91  segF1@50=0.44
[b2a][epoch 26/50] loss=0.5656  val_acc=0.9089  macroF1=0.7153  edit=45.43  segF1@50=0.47
[b2a][epoch 27/50] loss=0.5256  val_acc=0.9333  macroF1=0.7886  edit=45.88  segF1@50=0.47
[b2a][epoch 28/50] loss=0.4718  val_acc=0.9479  macroF1=0.8040  edit=46.44  segF1@50=0.49
[b2a][epoch 29/50] loss=0.4442  val_acc=0.9314  macroF1=0.7945  edit=42.54  segF1@50=0.45
[b2a][epoch 30/50] loss=0.4164  val_acc=0.9505  macroF1=0.8106  edit=55.16  segF1@50=0.59
[b2a][epoch 31/50] loss=0.4183  val_acc=0.9465  macroF1=0.8100  edit=45.40  segF1@50=0.46
[b2a][epoch 32/50] loss=0.5308  val_acc=0.9208  macroF1=0.6894  edit=36.67  segF1@50=0.37
[b2a][epoch 33/50] loss=0.5160  val_acc=0.9327  macroF1=0.7945  edit=45.73  segF1@50=0.45
[b2a][epoch 34/50] loss=0.4596  val_acc=0.9380  macroF1=0.7998  edit=44.24  segF1@50=0.48
[b2a][epoch 35/50] loss=0.4053  val_acc=0.9538  macroF1=0.8195  edit=51.71  segF1@50=0.55
[b2a][epoch 36/50] loss=0.3721  val_acc=0.9485  macroF1=0.8141  edit=46.30  segF1@50=0.47
[b2a][epoch 37/50] loss=0.3581  val_acc=0.9571  macroF1=0.8238  edit=57.26  segF1@50=0.59
[b2a][epoch 38/50] loss=0.3438  val_acc=0.9551  macroF1=0.8198  edit=52.89  segF1@50=0.54
[b2a][epoch 39/50] loss=0.3317  val_acc=0.9512  macroF1=0.8188  edit=47.11  segF1@50=0.52
[b2a][epoch 40/50] loss=0.3245  val_acc=0.9551  macroF1=0.8222  edit=50.12  segF1@50=0.52
[b2a][epoch 41/50] loss=0.3177  val_acc=0.9545  macroF1=0.8213  edit=51.30  segF1@50=0.54
[b2a][epoch 42/50] loss=0.3083  val_acc=0.9578  macroF1=0.8258  edit=52.89  segF1@50=0.55
[b2a][epoch 43/50] loss=0.3032  val_acc=0.9591  macroF1=0.8282  edit=54.27  segF1@50=0.56
[b2a][epoch 44/50] loss=0.3032  val_acc=0.9518  macroF1=0.8183  edit=47.85  segF1@50=0.51
[b2a][epoch 45/50] loss=0.3000  val_acc=0.9558  macroF1=0.8257  edit=57.59  segF1@50=0.64
[b2a][epoch 46/50] loss=0.2964  val_acc=0.9472  macroF1=0.8101  edit=43.95  segF1@50=0.46
[b2a][epoch 47/50] loss=0.2929  val_acc=0.9426  macroF1=0.8156  edit=46.79  segF1@50=0.49
[b2a][epoch 48/50] loss=0.3180  val_acc=0.9432  macroF1=0.7921  edit=44.18  segF1@50=0.47
[b2a][epoch 49/50] loss=0.5758  val_acc=0.8172  macroF1=0.7178  edit=28.81  segF1@50=0.32
[b2a][epoch 50/50] loss=0.8095  val_acc=0.8092  macroF1=0.5841  edit=43.06  segF1@50=0.46
[b2a] best @epoch 43: acc=0.9591 macroF1=0.8282
[b2a] evidence written -> /home/ubuntu/slocal2/m2/experiments/transfer/b2a_oracle_mask_05_003_b2a_oracle_mask_05_seed456
