[b2a] train clips=13  val clips=3  in_dim=2063  tool_source=oracle  classes=9  device=cuda
[b2a] evidence dir: /home/ubuntu/slocal2/m2/experiments/transfer/b2a_oracle_mask_08_002_b2a_oracle_mask_08_seed123
[b2a][epoch 1/50] loss=3.5612  val_acc=0.3677  macroF1=0.0768  edit=18.00  segF1@50=0.22
[b2a][epoch 2/50] loss=3.0404  val_acc=0.3677  macroF1=0.0768  edit=18.00  segF1@50=0.22
[b2a][epoch 3/50] loss=2.7367  val_acc=0.3340  macroF1=0.0715  edit=9.67  segF1@50=0.00
[b2a][epoch 4/50] loss=2.5803  val_acc=0.4759  macroF1=0.1469  edit=23.33  segF1@50=0.22
[b2a][epoch 5/50] loss=2.3754  val_acc=0.6515  macroF1=0.2182  edit=35.67  segF1@50=0.24
[b2a][epoch 6/50] loss=1.9599  val_acc=0.6752  macroF1=0.2296  edit=31.67  segF1@50=0.22
[b2a][epoch 7/50] loss=1.9551  val_acc=0.5063  macroF1=0.1730  edit=28.50  segF1@50=0.02
[b2a][epoch 8/50] loss=1.9683  val_acc=0.6746  macroF1=0.2265  edit=37.00  segF1@50=0.22
[b2a][epoch 9/50] loss=1.5994  val_acc=0.6719  macroF1=0.2298  edit=39.67  segF1@50=0.23
[b2a][epoch 10/50] loss=1.4107  val_acc=0.6746  macroF1=0.2305  edit=28.67  segF1@50=0.17
[b2a][epoch 11/50] loss=1.2854  val_acc=0.7340  macroF1=0.3532  edit=30.17  segF1@50=0.18
[b2a][epoch 12/50] loss=1.1819  val_acc=0.7736  macroF1=0.4055  edit=27.51  segF1@50=0.23
[b2a][epoch 13/50] loss=1.0718  val_acc=0.7815  macroF1=0.4091  edit=53.44  segF1@50=0.42
[b2a][epoch 14/50] loss=0.9912  val_acc=0.7974  macroF1=0.4249  edit=57.67  segF1@50=0.34
[b2a][epoch 15/50] loss=0.9386  val_acc=0.8145  macroF1=0.4621  edit=54.00  segF1@50=0.49
[b2a][epoch 16/50] loss=0.8518  val_acc=0.8304  macroF1=0.4819  edit=28.73  segF1@50=0.27
[b2a][epoch 17/50] loss=0.8263  val_acc=0.8759  macroF1=0.6406  edit=45.59  segF1@50=0.41
[b2a][epoch 18/50] loss=0.7385  val_acc=0.8733  macroF1=0.6023  edit=35.79  segF1@50=0.35
[b2a][epoch 19/50] loss=0.6965  val_acc=0.9069  macroF1=0.6942  edit=44.05  segF1@50=0.48
[b2a][epoch 20/50] loss=0.7400  val_acc=0.9201  macroF1=0.6813  edit=45.63  segF1@50=0.46
[b2a][epoch 21/50] loss=0.7170  val_acc=0.8231  macroF1=0.5956  edit=37.81  segF1@50=0.32
[b2a][epoch 22/50] loss=0.7246  val_acc=0.9221  macroF1=0.7189  edit=53.15  segF1@50=0.56
[b2a][epoch 23/50] loss=0.6012  val_acc=0.9162  macroF1=0.7321  edit=41.67  segF1@50=0.37
[b2a][epoch 24/50] loss=0.5544  val_acc=0.9155  macroF1=0.7547  edit=63.25  segF1@50=0.60
[b2a][epoch 25/50] loss=0.5185  val_acc=0.9340  macroF1=0.7772  edit=56.57  segF1@50=0.58
[b2a][epoch 26/50] loss=0.4933  val_acc=0.9314  macroF1=0.7721  edit=53.21  segF1@50=0.50
[b2a][epoch 27/50] loss=0.4765  val_acc=0.9281  macroF1=0.7367  edit=42.84  segF1@50=0.47
[b2a][epoch 28/50] loss=0.4725  val_acc=0.9472  macroF1=0.8080  edit=48.03  segF1@50=0.51
[b2a][epoch 29/50] loss=0.4604  val_acc=0.9281  macroF1=0.7478  edit=49.28  segF1@50=0.56
[b2a][epoch 30/50] loss=0.4296  val_acc=0.9380  macroF1=0.7808  edit=46.99  segF1@50=0.48
[b2a][epoch 31/50] loss=0.4141  val_acc=0.9459  macroF1=0.8110  edit=45.08  segF1@50=0.50
[b2a][epoch 32/50] loss=0.4069  val_acc=0.9472  macroF1=0.7935  edit=60.71  segF1@50=0.65
[b2a][epoch 33/50] loss=0.4062  val_acc=0.9155  macroF1=0.7715  edit=41.75  segF1@50=0.44
[b2a][epoch 34/50] loss=0.5847  val_acc=0.9248  macroF1=0.6826  edit=40.44  segF1@50=0.45
[b2a][epoch 35/50] loss=0.5253  val_acc=0.9498  macroF1=0.8123  edit=45.68  segF1@50=0.49
[b2a][epoch 36/50] loss=0.4642  val_acc=0.9366  macroF1=0.7907  edit=39.14  segF1@50=0.41
[b2a][epoch 37/50] loss=0.4178  val_acc=0.9564  macroF1=0.8204  edit=52.89  segF1@50=0.59
[b2a][epoch 38/50] loss=0.3906  val_acc=0.9459  macroF1=0.8025  edit=52.65  segF1@50=0.55
[b2a][epoch 39/50] loss=0.3779  val_acc=0.9551  macroF1=0.8188  edit=56.44  segF1@50=0.58
[b2a][epoch 40/50] loss=0.3786  val_acc=0.9360  macroF1=0.7802  edit=43.40  segF1@50=0.44
[b2a][epoch 41/50] loss=0.3684  val_acc=0.9340  macroF1=0.7985  edit=44.37  segF1@50=0.47
[b2a][epoch 42/50] loss=0.3536  val_acc=0.9551  macroF1=0.8156  edit=52.84  segF1@50=0.59
[b2a][epoch 43/50] loss=0.3578  val_acc=0.9498  macroF1=0.8175  edit=47.11  segF1@50=0.52
[b2a][epoch 44/50] loss=0.3334  val_acc=0.9399  macroF1=0.7962  edit=45.36  segF1@50=0.46
[b2a][epoch 45/50] loss=0.3232  val_acc=0.9584  macroF1=0.8231  edit=52.84  segF1@50=0.56
[b2a][epoch 46/50] loss=0.3136  val_acc=0.9452  macroF1=0.8144  edit=45.94  segF1@50=0.50
[b2a][epoch 47/50] loss=0.3064  val_acc=0.9591  macroF1=0.8245  edit=58.44  segF1@50=0.65
[b2a][epoch 48/50] loss=0.2939  val_acc=0.9571  macroF1=0.8254  edit=55.11  segF1@50=0.58
[b2a][epoch 49/50] loss=0.2812  val_acc=0.9551  macroF1=0.8213  edit=55.11  segF1@50=0.57
[b2a][epoch 50/50] loss=0.2783  val_acc=0.9578  macroF1=0.8256  edit=55.11  segF1@50=0.58
[b2a] best @epoch 47: acc=0.9591 macroF1=0.8245
[b2a] evidence written -> /home/ubuntu/slocal2/m2/experiments/transfer/b2a_oracle_mask_08_002_b2a_oracle_mask_08_seed123
