[b2a] train clips=13  val clips=3  in_dim=2063  tool_source=pred  classes=9  device=cuda
[b2a] evidence dir: /home/ubuntu/slocal2/m2/experiments/transfer/b2a_mask_dim_08_001_b2a_mask_dim_08_seed42
[b2a][epoch 1/50] loss=3.7501  val_acc=0.3624  macroF1=0.0766  edit=2.67  segF1@50=0.17
[b2a][epoch 2/50] loss=2.8763  val_acc=0.3287  macroF1=0.1129  edit=4.21  segF1@50=0.01
[b2a][epoch 3/50] loss=2.6983  val_acc=0.3670  macroF1=0.0768  edit=1.33  segF1@50=0.17
[b2a][epoch 4/50] loss=2.4685  val_acc=0.5822  macroF1=0.2021  edit=20.10  segF1@50=0.03
[b2a][epoch 5/50] loss=2.4689  val_acc=0.5465  macroF1=0.1810  edit=33.17  segF1@50=0.24
[b2a][epoch 6/50] loss=2.0981  val_acc=0.6739  macroF1=0.2287  edit=31.33  segF1@50=0.14
[b2a][epoch 7/50] loss=1.6673  val_acc=0.6218  macroF1=0.2145  edit=41.00  segF1@50=0.20
[b2a][epoch 8/50] loss=1.5562  val_acc=0.6218  macroF1=0.2148  edit=41.00  segF1@50=0.20
[b2a][epoch 9/50] loss=1.4549  val_acc=0.6706  macroF1=0.2283  edit=41.00  segF1@50=0.21
[b2a][epoch 10/50] loss=1.4305  val_acc=0.6383  macroF1=0.2682  edit=44.22  segF1@50=0.18
[b2a][epoch 11/50] loss=1.2722  val_acc=0.6733  macroF1=0.2877  edit=36.47  segF1@50=0.25
[b2a][epoch 12/50] loss=1.1906  val_acc=0.7479  macroF1=0.4040  edit=36.89  segF1@50=0.24
[b2a][epoch 13/50] loss=1.1063  val_acc=0.7399  macroF1=0.4337  edit=27.73  segF1@50=0.15
[b2a][epoch 14/50] loss=1.0173  val_acc=0.7789  macroF1=0.4067  edit=31.73  segF1@50=0.24
[b2a][epoch 15/50] loss=0.9539  val_acc=0.8343  macroF1=0.5417  edit=30.01  segF1@50=0.29
[b2a][epoch 16/50] loss=0.8619  val_acc=0.8053  macroF1=0.4645  edit=37.56  segF1@50=0.27
[b2a][epoch 17/50] loss=0.8033  val_acc=0.8818  macroF1=0.6401  edit=38.27  segF1@50=0.35
[b2a][epoch 18/50] loss=0.7501  val_acc=0.9030  macroF1=0.6744  edit=42.73  segF1@50=0.37
[b2a][epoch 19/50] loss=0.8209  val_acc=0.7597  macroF1=0.6465  edit=29.41  segF1@50=0.23
[b2a][epoch 20/50] loss=0.8938  val_acc=0.7894  macroF1=0.5621  edit=35.15  segF1@50=0.25
[b2a][epoch 21/50] loss=0.7727  val_acc=0.8970  macroF1=0.6752  edit=34.43  segF1@50=0.27
[b2a][epoch 22/50] loss=0.6464  val_acc=0.8805  macroF1=0.6422  edit=32.37  segF1@50=0.31
[b2a][epoch 23/50] loss=0.6291  val_acc=0.9122  macroF1=0.6905  edit=37.09  segF1@50=0.40
[b2a][epoch 24/50] loss=0.5545  val_acc=0.8990  macroF1=0.6841  edit=40.59  segF1@50=0.36
[b2a][epoch 25/50] loss=0.5470  val_acc=0.9050  macroF1=0.6950  edit=40.89  segF1@50=0.38
[b2a][epoch 26/50] loss=0.5695  val_acc=0.8733  macroF1=0.6362  edit=28.04  segF1@50=0.27
[b2a][epoch 27/50] loss=0.5784  val_acc=0.8957  macroF1=0.6897  edit=41.80  segF1@50=0.35
[b2a][epoch 28/50] loss=0.4901  val_acc=0.8977  macroF1=0.6774  edit=34.44  segF1@50=0.33
[b2a][epoch 29/50] loss=0.4629  val_acc=0.9168  macroF1=0.7415  edit=35.19  segF1@50=0.35
[b2a][epoch 30/50] loss=0.4288  val_acc=0.9050  macroF1=0.7174  edit=34.60  segF1@50=0.35
[b2a][epoch 31/50] loss=0.4210  val_acc=0.9274  macroF1=0.7567  edit=42.91  segF1@50=0.42
[b2a][epoch 32/50] loss=0.4063  val_acc=0.9281  macroF1=0.7602  edit=39.16  segF1@50=0.39
[b2a][epoch 33/50] loss=0.3892  val_acc=0.9327  macroF1=0.7798  edit=40.40  segF1@50=0.44
[b2a][epoch 34/50] loss=0.4008  val_acc=0.9248  macroF1=0.7332  edit=42.78  segF1@50=0.45
[b2a][epoch 35/50] loss=0.4367  val_acc=0.8917  macroF1=0.7292  edit=33.41  segF1@50=0.34
[b2a][epoch 36/50] loss=0.3836  val_acc=0.9056  macroF1=0.7311  edit=39.53  segF1@50=0.38
[b2a][epoch 37/50] loss=0.3757  val_acc=0.9314  macroF1=0.7860  edit=41.70  segF1@50=0.44
[b2a][epoch 38/50] loss=0.3846  val_acc=0.9261  macroF1=0.7366  edit=44.44  segF1@50=0.45
[b2a][epoch 39/50] loss=0.3841  val_acc=0.9056  macroF1=0.7472  edit=34.07  segF1@50=0.37
[b2a][epoch 40/50] loss=0.3572  val_acc=0.9327  macroF1=0.7760  edit=36.07  segF1@50=0.41
[b2a][epoch 41/50] loss=0.3580  val_acc=0.9248  macroF1=0.7767  edit=39.62  segF1@50=0.39
[b2a][epoch 42/50] loss=0.3599  val_acc=0.9096  macroF1=0.6976  edit=34.79  segF1@50=0.31
[b2a][epoch 43/50] loss=0.3582  val_acc=0.9300  macroF1=0.7866  edit=38.15  segF1@50=0.38
[b2a][epoch 44/50] loss=0.3246  val_acc=0.9287  macroF1=0.7708  edit=38.51  segF1@50=0.40
[b2a][epoch 45/50] loss=0.3093  val_acc=0.9261  macroF1=0.7755  edit=37.78  segF1@50=0.39
[b2a][epoch 46/50] loss=0.3005  val_acc=0.9340  macroF1=0.7850  edit=39.22  segF1@50=0.41
[b2a][epoch 47/50] loss=0.2891  val_acc=0.9314  macroF1=0.7744  edit=40.56  segF1@50=0.41
[b2a][epoch 48/50] loss=0.2807  val_acc=0.9320  macroF1=0.7741  edit=43.10  segF1@50=0.42
[b2a][epoch 49/50] loss=0.2794  val_acc=0.9366  macroF1=0.7945  edit=33.79  segF1@50=0.36
[b2a][epoch 50/50] loss=0.2827  val_acc=0.9314  macroF1=0.7754  edit=37.74  segF1@50=0.40
[b2a] best @epoch 49: acc=0.9366 macroF1=0.7945
[b2a] evidence written -> /home/ubuntu/slocal2/m2/experiments/transfer/b2a_mask_dim_08_001_b2a_mask_dim_08_seed42
