[b2a] train clips=13  val clips=3  in_dim=2063  tool_source=pred  classes=9  device=cuda
[b2a] evidence dir: /home/ubuntu/slocal2/m2/experiments/transfer/b2a_mask_dim_11_001_b2a_mask_dim_11_seed42
[b2a][epoch 1/50] loss=3.7495  val_acc=0.3624  macroF1=0.0766  edit=2.67  segF1@50=0.17
[b2a][epoch 2/50] loss=2.8752  val_acc=0.3122  macroF1=0.1077  edit=9.23  segF1@50=0.00
[b2a][epoch 3/50] loss=2.6965  val_acc=0.3670  macroF1=0.0768  edit=1.33  segF1@50=0.17
[b2a][epoch 4/50] loss=2.4654  val_acc=0.5683  macroF1=0.1972  edit=18.86  segF1@50=0.02
[b2a][epoch 5/50] loss=2.4691  val_acc=0.5195  macroF1=0.1731  edit=33.22  segF1@50=0.22
[b2a][epoch 6/50] loss=2.0982  val_acc=0.6739  macroF1=0.2288  edit=31.33  segF1@50=0.14
[b2a][epoch 7/50] loss=1.6711  val_acc=0.6191  macroF1=0.2138  edit=39.67  segF1@50=0.19
[b2a][epoch 8/50] loss=1.5582  val_acc=0.6185  macroF1=0.2138  edit=41.00  segF1@50=0.21
[b2a][epoch 9/50] loss=1.4574  val_acc=0.6700  macroF1=0.2284  edit=41.00  segF1@50=0.21
[b2a][epoch 10/50] loss=1.4293  val_acc=0.6389  macroF1=0.2455  edit=43.67  segF1@50=0.20
[b2a][epoch 11/50] loss=1.2795  val_acc=0.6759  macroF1=0.2852  edit=37.33  segF1@50=0.24
[b2a][epoch 12/50] loss=1.2028  val_acc=0.7234  macroF1=0.3723  edit=35.13  segF1@50=0.22
[b2a][epoch 13/50] loss=1.1223  val_acc=0.7175  macroF1=0.3713  edit=25.36  segF1@50=0.16
[b2a][epoch 14/50] loss=1.0485  val_acc=0.7630  macroF1=0.3941  edit=30.11  segF1@50=0.21
[b2a][epoch 15/50] loss=0.9865  val_acc=0.7848  macroF1=0.4181  edit=34.13  segF1@50=0.26
[b2a][epoch 16/50] loss=0.9092  val_acc=0.7921  macroF1=0.4315  edit=25.65  segF1@50=0.19
[b2a][epoch 17/50] loss=0.8358  val_acc=0.8647  macroF1=0.6023  edit=37.79  segF1@50=0.32
[b2a][epoch 18/50] loss=0.7607  val_acc=0.9096  macroF1=0.6785  edit=47.78  segF1@50=0.49
[b2a][epoch 19/50] loss=0.7635  val_acc=0.7729  macroF1=0.6629  edit=30.92  segF1@50=0.29
[b2a][epoch 20/50] loss=0.8729  val_acc=0.8343  macroF1=0.5671  edit=34.75  segF1@50=0.30
[b2a][epoch 21/50] loss=0.7571  val_acc=0.8805  macroF1=0.6577  edit=30.98  segF1@50=0.24
[b2a][epoch 22/50] loss=0.6470  val_acc=0.8832  macroF1=0.6470  edit=38.17  segF1@50=0.35
[b2a][epoch 23/50] loss=0.6345  val_acc=0.9056  macroF1=0.6858  edit=36.65  segF1@50=0.36
[b2a][epoch 24/50] loss=0.5697  val_acc=0.8898  macroF1=0.6755  edit=31.49  segF1@50=0.31
[b2a][epoch 25/50] loss=0.5927  val_acc=0.8858  macroF1=0.6879  edit=34.89  segF1@50=0.27
[b2a][epoch 26/50] loss=0.7033  val_acc=0.8139  macroF1=0.5432  edit=28.77  segF1@50=0.26
[b2a][epoch 27/50] loss=0.6318  val_acc=0.9102  macroF1=0.6859  edit=36.40  segF1@50=0.35
[b2a][epoch 28/50] loss=0.5332  val_acc=0.9003  macroF1=0.6968  edit=34.26  segF1@50=0.32
[b2a][epoch 29/50] loss=0.4951  val_acc=0.9056  macroF1=0.6920  edit=36.89  segF1@50=0.33
[b2a][epoch 30/50] loss=0.4564  val_acc=0.9142  macroF1=0.7342  edit=33.12  segF1@50=0.34
[b2a][epoch 31/50] loss=0.4405  val_acc=0.9208  macroF1=0.7404  edit=41.24  segF1@50=0.39
[b2a][epoch 32/50] loss=0.4271  val_acc=0.9267  macroF1=0.7584  edit=39.51  segF1@50=0.39
[b2a][epoch 33/50] loss=0.4046  val_acc=0.9234  macroF1=0.7582  edit=39.06  segF1@50=0.40
[b2a][epoch 34/50] loss=0.3924  val_acc=0.9274  macroF1=0.7613  edit=41.24  segF1@50=0.41
[b2a][epoch 35/50] loss=0.3779  val_acc=0.9281  macroF1=0.7674  edit=40.84  segF1@50=0.41
[b2a][epoch 36/50] loss=0.3677  val_acc=0.9215  macroF1=0.7570  edit=39.51  segF1@50=0.41
[b2a][epoch 37/50] loss=0.3585  val_acc=0.9300  macroF1=0.7712  edit=41.80  segF1@50=0.44
[b2a][epoch 38/50] loss=0.3494  val_acc=0.9267  macroF1=0.7713  edit=39.26  segF1@50=0.41
[b2a][epoch 39/50] loss=0.3430  val_acc=0.9261  macroF1=0.7591  edit=38.93  segF1@50=0.42
[b2a][epoch 40/50] loss=0.3343  val_acc=0.9287  macroF1=0.7692  edit=43.28  segF1@50=0.42
[b2a][epoch 41/50] loss=0.3504  val_acc=0.9208  macroF1=0.7444  edit=39.42  segF1@50=0.40
[b2a][epoch 42/50] loss=0.3904  val_acc=0.9043  macroF1=0.7596  edit=33.17  segF1@50=0.35
[b2a][epoch 43/50] loss=0.3574  val_acc=0.9142  macroF1=0.7081  edit=33.21  segF1@50=0.31
[b2a][epoch 44/50] loss=0.3528  val_acc=0.9307  macroF1=0.7830  edit=30.09  segF1@50=0.33
[b2a][epoch 45/50] loss=0.3507  val_acc=0.9155  macroF1=0.7630  edit=38.15  segF1@50=0.41
[b2a][epoch 46/50] loss=0.3259  val_acc=0.9254  macroF1=0.7605  edit=41.94  segF1@50=0.42
[b2a][epoch 47/50] loss=0.3115  val_acc=0.9221  macroF1=0.7729  edit=34.47  segF1@50=0.38
[b2a][epoch 48/50] loss=0.3596  val_acc=0.9254  macroF1=0.7405  edit=47.56  segF1@50=0.53
[b2a][epoch 49/50] loss=0.3556  val_acc=0.9261  macroF1=0.7795  edit=39.73  segF1@50=0.39
[b2a][epoch 50/50] loss=0.3202  val_acc=0.9300  macroF1=0.7717  edit=41.39  segF1@50=0.41
[b2a] best @epoch 44: acc=0.9307 macroF1=0.7830
[b2a] evidence written -> /home/ubuntu/slocal2/m2/experiments/transfer/b2a_mask_dim_11_001_b2a_mask_dim_11_seed42
