[b2a] train clips=13  val clips=3  in_dim=2063  tool_source=oracle  classes=9  device=cuda
[b2a] evidence dir: /home/ubuntu/slocal2/m2/experiments/transfer/b2a_oracle_mask_10_001_b2a_oracle_mask_10_seed42
[b2a][epoch 1/50] loss=3.7473  val_acc=0.3624  macroF1=0.0766  edit=2.67  segF1@50=0.17
[b2a][epoch 2/50] loss=2.8722  val_acc=0.3063  macroF1=0.1057  edit=9.37  segF1@50=0.01
[b2a][epoch 3/50] loss=2.6927  val_acc=0.3670  macroF1=0.0768  edit=1.33  segF1@50=0.17
[b2a][epoch 4/50] loss=2.4637  val_acc=0.5670  macroF1=0.1967  edit=20.10  segF1@50=0.02
[b2a][epoch 5/50] loss=2.4732  val_acc=0.4673  macroF1=0.1453  edit=29.28  segF1@50=0.22
[b2a][epoch 6/50] loss=2.1018  val_acc=0.6752  macroF1=0.2301  edit=29.89  segF1@50=0.12
[b2a][epoch 7/50] loss=1.6826  val_acc=0.6079  macroF1=0.2103  edit=38.33  segF1@50=0.19
[b2a][epoch 8/50] loss=1.5764  val_acc=0.5710  macroF1=0.1978  edit=41.00  segF1@50=0.18
[b2a][epoch 9/50] loss=1.4812  val_acc=0.6726  macroF1=0.2295  edit=27.22  segF1@50=0.12
[b2a][epoch 10/50] loss=1.4732  val_acc=0.6568  macroF1=0.2993  edit=50.77  segF1@50=0.21
[b2a][epoch 11/50] loss=1.3407  val_acc=0.6746  macroF1=0.2849  edit=52.00  segF1@50=0.24
[b2a][epoch 12/50] loss=1.2115  val_acc=0.7472  macroF1=0.4551  edit=35.11  segF1@50=0.29
[b2a][epoch 13/50] loss=1.1229  val_acc=0.7399  macroF1=0.4694  edit=23.46  segF1@50=0.15
[b2a][epoch 14/50] loss=1.0774  val_acc=0.7769  macroF1=0.4285  edit=30.70  segF1@50=0.22
[b2a][epoch 15/50] loss=1.0250  val_acc=0.8568  macroF1=0.5701  edit=32.46  segF1@50=0.33
[b2a][epoch 16/50] loss=0.9287  val_acc=0.8013  macroF1=0.4650  edit=33.11  segF1@50=0.23
[b2a][epoch 17/50] loss=0.8595  val_acc=0.9010  macroF1=0.6651  edit=42.33  segF1@50=0.39
[b2a][epoch 18/50] loss=0.7712  val_acc=0.9129  macroF1=0.6827  edit=63.00  segF1@50=0.56
[b2a][epoch 19/50] loss=0.7688  val_acc=0.7604  macroF1=0.6634  edit=29.26  segF1@50=0.26
[b2a][epoch 20/50] loss=0.8494  val_acc=0.8766  macroF1=0.6449  edit=31.17  segF1@50=0.28
[b2a][epoch 21/50] loss=0.7319  val_acc=0.9096  macroF1=0.6805  edit=35.33  segF1@50=0.34
[b2a][epoch 22/50] loss=0.6242  val_acc=0.9076  macroF1=0.7008  edit=41.41  segF1@50=0.38
[b2a][epoch 23/50] loss=0.5810  val_acc=0.9122  macroF1=0.7328  edit=40.13  segF1@50=0.38
[b2a][epoch 24/50] loss=0.5333  val_acc=0.9261  macroF1=0.7435  edit=50.33  segF1@50=0.52
[b2a][epoch 25/50] loss=0.5114  val_acc=0.9314  macroF1=0.7669  edit=41.86  segF1@50=0.42
[b2a][epoch 26/50] loss=0.4903  val_acc=0.9380  macroF1=0.7743  edit=44.44  segF1@50=0.45
[b2a][epoch 27/50] loss=0.4852  val_acc=0.9188  macroF1=0.7447  edit=37.23  segF1@50=0.36
[b2a][epoch 28/50] loss=0.4728  val_acc=0.8997  macroF1=0.7617  edit=37.05  segF1@50=0.36
[b2a][epoch 29/50] loss=0.4725  val_acc=0.9175  macroF1=0.7151  edit=50.55  segF1@50=0.54
[b2a][epoch 30/50] loss=0.4841  val_acc=0.8627  macroF1=0.7311  edit=34.09  segF1@50=0.36
[b2a][epoch 31/50] loss=0.5907  val_acc=0.9248  macroF1=0.6921  edit=52.00  segF1@50=0.58
[b2a][epoch 32/50] loss=0.5330  val_acc=0.9327  macroF1=0.7845  edit=42.54  segF1@50=0.42
[b2a][epoch 33/50] loss=0.4425  val_acc=0.9465  macroF1=0.7984  edit=47.47  segF1@50=0.53
[b2a][epoch 34/50] loss=0.4050  val_acc=0.9459  macroF1=0.7984  edit=47.30  segF1@50=0.49
[b2a][epoch 35/50] loss=0.3834  val_acc=0.9459  macroF1=0.8044  edit=44.76  segF1@50=0.47
[b2a][epoch 36/50] loss=0.3673  val_acc=0.9498  macroF1=0.8088  edit=44.44  segF1@50=0.47
[b2a][epoch 37/50] loss=0.3583  val_acc=0.9413  macroF1=0.7972  edit=42.91  segF1@50=0.45
[b2a][epoch 38/50] loss=0.3682  val_acc=0.9135  macroF1=0.7794  edit=36.51  segF1@50=0.39
[b2a][epoch 39/50] loss=0.3830  val_acc=0.9452  macroF1=0.7957  edit=55.93  segF1@50=0.63
[b2a][epoch 40/50] loss=0.3602  val_acc=0.9485  macroF1=0.8143  edit=43.87  segF1@50=0.49
[b2a][epoch 41/50] loss=0.3615  val_acc=0.9360  macroF1=0.7703  edit=39.02  segF1@50=0.40
[b2a][epoch 42/50] loss=0.4473  val_acc=0.9327  macroF1=0.7939  edit=38.82  segF1@50=0.40
[b2a][epoch 43/50] loss=0.3490  val_acc=0.9380  macroF1=0.7606  edit=46.58  segF1@50=0.44
[b2a][epoch 44/50] loss=0.3462  val_acc=0.9545  macroF1=0.8223  edit=42.86  segF1@50=0.47
[b2a][epoch 45/50] loss=0.3363  val_acc=0.9472  macroF1=0.8121  edit=38.53  segF1@50=0.42
[b2a][epoch 46/50] loss=0.3247  val_acc=0.9512  macroF1=0.8138  edit=61.33  segF1@50=0.70
[b2a][epoch 47/50] loss=0.3085  val_acc=0.9512  macroF1=0.8180  edit=42.17  segF1@50=0.45
[b2a][epoch 48/50] loss=0.3116  val_acc=0.9498  macroF1=0.7953  edit=50.00  segF1@50=0.54
[b2a][epoch 49/50] loss=0.3047  val_acc=0.9419  macroF1=0.8048  edit=53.11  segF1@50=0.60
[b2a][epoch 50/50] loss=0.3461  val_acc=0.9512  macroF1=0.8019  edit=49.44  segF1@50=0.58
[b2a] best @epoch 44: acc=0.9545 macroF1=0.8223
[b2a] evidence written -> /home/ubuntu/slocal2/m2/experiments/transfer/b2a_oracle_mask_10_001_b2a_oracle_mask_10_seed42
