[b2a] train clips=13  val clips=3  in_dim=2063  tool_source=oracle  classes=9  device=cuda
[b2a] evidence dir: /home/ubuntu/slocal2/m2/experiments/transfer/b2a_oracle_mask_01_002_b2a_oracle_mask_01_seed123
[b2a][epoch 1/50] loss=3.5641  val_acc=0.3677  macroF1=0.0768  edit=18.00  segF1@50=0.22
[b2a][epoch 2/50] loss=3.0403  val_acc=0.3677  macroF1=0.0768  edit=18.00  segF1@50=0.22
[b2a][epoch 3/50] loss=2.7377  val_acc=0.3340  macroF1=0.0715  edit=9.67  segF1@50=0.00
[b2a][epoch 4/50] loss=2.5799  val_acc=0.4759  macroF1=0.1469  edit=23.33  segF1@50=0.22
[b2a][epoch 5/50] loss=2.3724  val_acc=0.6495  macroF1=0.2174  edit=34.33  segF1@50=0.24
[b2a][epoch 6/50] loss=1.9573  val_acc=0.6772  macroF1=0.2302  edit=34.33  segF1@50=0.22
[b2a][epoch 7/50] loss=1.9490  val_acc=0.5030  macroF1=0.1717  edit=27.17  segF1@50=0.02
[b2a][epoch 8/50] loss=2.0139  val_acc=0.6706  macroF1=0.2250  edit=38.33  segF1@50=0.22
[b2a][epoch 9/50] loss=1.6064  val_acc=0.6719  macroF1=0.2300  edit=38.33  segF1@50=0.24
[b2a][epoch 10/50] loss=1.4172  val_acc=0.6739  macroF1=0.2302  edit=27.33  segF1@50=0.15
[b2a][epoch 11/50] loss=1.2892  val_acc=0.7076  macroF1=0.3283  edit=25.06  segF1@50=0.16
[b2a][epoch 12/50] loss=1.1889  val_acc=0.7584  macroF1=0.3929  edit=27.84  segF1@50=0.23
[b2a][epoch 13/50] loss=1.0793  val_acc=0.7835  macroF1=0.4087  edit=44.06  segF1@50=0.33
[b2a][epoch 14/50] loss=1.0022  val_acc=0.7954  macroF1=0.4223  edit=57.05  segF1@50=0.34
[b2a][epoch 15/50] loss=0.9507  val_acc=0.8211  macroF1=0.4615  edit=49.62  segF1@50=0.44
[b2a][epoch 16/50] loss=0.8701  val_acc=0.8271  macroF1=0.4772  edit=30.69  segF1@50=0.33
[b2a][epoch 17/50] loss=0.8449  val_acc=0.8515  macroF1=0.5440  edit=47.52  segF1@50=0.38
[b2a][epoch 18/50] loss=0.7524  val_acc=0.8482  macroF1=0.5203  edit=31.46  segF1@50=0.32
[b2a][epoch 19/50] loss=0.7048  val_acc=0.8924  macroF1=0.6610  edit=41.16  segF1@50=0.39
[b2a][epoch 20/50] loss=0.7092  val_acc=0.9142  macroF1=0.6689  edit=45.63  segF1@50=0.53
[b2a][epoch 21/50] loss=0.6728  val_acc=0.8614  macroF1=0.6289  edit=39.92  segF1@50=0.34
[b2a][epoch 22/50] loss=0.7295  val_acc=0.9281  macroF1=0.7523  edit=46.99  segF1@50=0.46
[b2a][epoch 23/50] loss=0.6011  val_acc=0.9195  macroF1=0.7291  edit=39.30  segF1@50=0.38
[b2a][epoch 24/50] loss=0.5722  val_acc=0.9162  macroF1=0.7422  edit=44.33  segF1@50=0.48
[b2a][epoch 25/50] loss=0.5284  val_acc=0.9465  macroF1=0.7985  edit=55.78  segF1@50=0.61
[b2a][epoch 26/50] loss=0.4992  val_acc=0.9340  macroF1=0.7685  edit=47.68  segF1@50=0.46
[b2a][epoch 27/50] loss=0.4891  val_acc=0.9248  macroF1=0.7244  edit=37.27  segF1@50=0.39
[b2a][epoch 28/50] loss=0.4939  val_acc=0.9472  macroF1=0.8086  edit=49.29  segF1@50=0.52
[b2a][epoch 29/50] loss=0.4763  val_acc=0.9281  macroF1=0.7464  edit=44.84  segF1@50=0.46
[b2a][epoch 30/50] loss=0.4436  val_acc=0.9505  macroF1=0.8077  edit=54.44  segF1@50=0.61
[b2a][epoch 31/50] loss=0.4270  val_acc=0.9512  macroF1=0.8109  edit=49.81  segF1@50=0.56
[b2a][epoch 32/50] loss=0.4838  val_acc=0.9492  macroF1=0.8026  edit=58.89  segF1@50=0.64
[b2a][epoch 33/50] loss=0.4729  val_acc=0.9300  macroF1=0.7811  edit=41.45  segF1@50=0.49
[b2a][epoch 34/50] loss=0.4784  val_acc=0.9287  macroF1=0.7550  edit=35.32  segF1@50=0.37
[b2a][epoch 35/50] loss=0.4347  val_acc=0.9366  macroF1=0.7938  edit=42.46  segF1@50=0.44
[b2a][epoch 36/50] loss=0.4072  val_acc=0.9419  macroF1=0.7844  edit=49.19  segF1@50=0.49
[b2a][epoch 37/50] loss=0.3896  val_acc=0.9578  macroF1=0.8221  edit=55.56  segF1@50=0.61
[b2a][epoch 38/50] loss=0.3827  val_acc=0.9439  macroF1=0.7892  edit=51.56  segF1@50=0.53
[b2a][epoch 39/50] loss=0.3758  val_acc=0.9571  macroF1=0.8215  edit=54.22  segF1@50=0.56
[b2a][epoch 40/50] loss=0.3852  val_acc=0.9386  macroF1=0.7746  edit=47.30  segF1@50=0.48
[b2a][epoch 41/50] loss=0.3754  val_acc=0.9248  macroF1=0.7929  edit=38.10  segF1@50=0.42
[b2a][epoch 42/50] loss=0.3553  val_acc=0.9551  macroF1=0.8165  edit=48.69  segF1@50=0.57
[b2a][epoch 43/50] loss=0.3482  val_acc=0.9479  macroF1=0.8167  edit=40.44  segF1@50=0.45
[b2a][epoch 44/50] loss=0.3308  val_acc=0.9393  macroF1=0.8011  edit=46.22  segF1@50=0.47
[b2a][epoch 45/50] loss=0.3223  val_acc=0.9617  macroF1=0.8264  edit=55.36  segF1@50=0.63
[b2a][epoch 46/50] loss=0.3133  val_acc=0.9432  macroF1=0.8136  edit=44.76  segF1@50=0.49
[b2a][epoch 47/50] loss=0.3003  val_acc=0.9571  macroF1=0.8214  edit=52.03  segF1@50=0.55
[b2a][epoch 48/50] loss=0.2916  val_acc=0.9564  macroF1=0.8241  edit=56.50  segF1@50=0.58
[b2a][epoch 49/50] loss=0.2807  val_acc=0.9564  macroF1=0.8230  edit=55.11  segF1@50=0.57
[b2a][epoch 50/50] loss=0.2752  val_acc=0.9584  macroF1=0.8267  edit=51.98  segF1@50=0.55
[b2a] best @epoch 45: acc=0.9617 macroF1=0.8264
[b2a] evidence written -> /home/ubuntu/slocal2/m2/experiments/transfer/b2a_oracle_mask_01_002_b2a_oracle_mask_01_seed123
