[b2a] train clips=13  val clips=3  in_dim=2063  tool_source=pred  classes=9  device=cuda
[b2a] evidence dir: /home/ubuntu/slocal2/m2/experiments/transfer/b2a_mask_dim_07_003_b2a_mask_dim_07_seed456
[b2a][epoch 1/50] loss=3.4908  val_acc=0.3340  macroF1=0.0715  edit=9.67  segF1@50=0.00
[b2a][epoch 2/50] loss=2.8877  val_acc=0.3650  macroF1=0.0767  edit=2.67  segF1@50=0.17
[b2a][epoch 3/50] loss=2.6941  val_acc=0.3340  macroF1=0.0715  edit=9.67  segF1@50=0.00
[b2a][epoch 4/50] loss=2.5987  val_acc=0.3677  macroF1=0.0768  edit=18.00  segF1@50=0.22
[b2a][epoch 5/50] loss=2.3505  val_acc=0.6779  macroF1=0.2275  edit=20.56  segF1@50=0.08
[b2a][epoch 6/50] loss=2.0341  val_acc=0.4805  macroF1=0.1615  edit=29.89  segF1@50=0.10
[b2a][epoch 7/50] loss=2.2097  val_acc=0.3340  macroF1=0.0715  edit=9.67  segF1@50=0.00
[b2a][epoch 8/50] loss=2.2842  val_acc=0.6746  macroF1=0.2276  edit=31.67  segF1@50=0.31
[b2a][epoch 9/50] loss=1.7370  val_acc=0.6139  macroF1=0.2126  edit=29.67  segF1@50=0.12
[b2a][epoch 10/50] loss=1.5734  val_acc=0.6304  macroF1=0.2172  edit=39.67  segF1@50=0.20
[b2a][epoch 11/50] loss=1.3789  val_acc=0.6568  macroF1=0.2492  edit=39.25  segF1@50=0.24
[b2a][epoch 12/50] loss=1.2207  val_acc=0.7083  macroF1=0.3461  edit=36.02  segF1@50=0.21
[b2a][epoch 13/50] loss=1.1177  val_acc=0.7584  macroF1=0.3988  edit=30.29  segF1@50=0.22
[b2a][epoch 14/50] loss=1.0278  val_acc=0.7954  macroF1=0.4558  edit=29.60  segF1@50=0.26
[b2a][epoch 15/50] loss=0.9592  val_acc=0.7908  macroF1=0.4393  edit=42.10  segF1@50=0.32
[b2a][epoch 16/50] loss=0.9696  val_acc=0.8673  macroF1=0.6279  edit=30.13  segF1@50=0.28
[b2a][epoch 17/50] loss=0.9008  val_acc=0.8693  macroF1=0.6147  edit=37.28  segF1@50=0.36
[b2a][epoch 18/50] loss=0.8122  val_acc=0.8779  macroF1=0.6569  edit=40.50  segF1@50=0.39
[b2a][epoch 19/50] loss=0.7408  val_acc=0.8931  macroF1=0.6637  edit=33.22  segF1@50=0.34
[b2a][epoch 20/50] loss=0.6979  val_acc=0.8977  macroF1=0.6847  edit=37.96  segF1@50=0.35
[b2a][epoch 21/50] loss=0.6983  val_acc=0.8878  macroF1=0.7027  edit=32.54  segF1@50=0.25
[b2a][epoch 22/50] loss=0.6766  val_acc=0.8884  macroF1=0.6475  edit=31.64  segF1@50=0.32
[b2a][epoch 23/50] loss=0.6529  val_acc=0.8521  macroF1=0.6714  edit=40.59  segF1@50=0.33
[b2a][epoch 24/50] loss=0.6162  val_acc=0.8805  macroF1=0.6285  edit=32.22  segF1@50=0.30
[b2a][epoch 25/50] loss=0.5745  val_acc=0.9030  macroF1=0.7048  edit=37.21  segF1@50=0.33
[b2a][epoch 26/50] loss=0.5451  val_acc=0.9050  macroF1=0.6917  edit=37.57  segF1@50=0.33
[b2a][epoch 27/50] loss=0.5259  val_acc=0.9162  macroF1=0.7614  edit=42.51  segF1@50=0.40
[b2a][epoch 28/50] loss=0.4926  val_acc=0.9116  macroF1=0.7060  edit=39.11  segF1@50=0.35
[b2a][epoch 29/50] loss=0.4694  val_acc=0.9142  macroF1=0.7537  edit=39.39  segF1@50=0.37
[b2a][epoch 30/50] loss=0.4424  val_acc=0.9267  macroF1=0.7697  edit=43.21  segF1@50=0.46
[b2a][epoch 31/50] loss=0.4567  val_acc=0.9116  macroF1=0.7545  edit=41.51  segF1@50=0.40
[b2a][epoch 32/50] loss=0.5910  val_acc=0.9109  macroF1=0.6744  edit=30.91  segF1@50=0.30
[b2a][epoch 33/50] loss=0.5518  val_acc=0.9201  macroF1=0.7722  edit=40.14  segF1@50=0.41
[b2a][epoch 34/50] loss=0.5275  val_acc=0.9063  macroF1=0.7638  edit=43.66  segF1@50=0.42
[b2a][epoch 35/50] loss=0.4485  val_acc=0.8871  macroF1=0.7358  edit=36.13  segF1@50=0.31
[b2a][epoch 36/50] loss=0.4409  val_acc=0.9056  macroF1=0.7659  edit=35.32  segF1@50=0.37
[b2a][epoch 37/50] loss=0.3977  val_acc=0.9162  macroF1=0.7756  edit=39.47  segF1@50=0.44
[b2a][epoch 38/50] loss=0.3722  val_acc=0.9267  macroF1=0.7815  edit=42.47  segF1@50=0.48
[b2a][epoch 39/50] loss=0.3609  val_acc=0.9182  macroF1=0.7716  edit=36.61  segF1@50=0.40
[b2a][epoch 40/50] loss=0.3486  val_acc=0.9234  macroF1=0.7746  edit=40.56  segF1@50=0.41
[b2a][epoch 41/50] loss=0.3430  val_acc=0.9353  macroF1=0.7840  edit=43.85  segF1@50=0.48
[b2a][epoch 42/50] loss=0.3416  val_acc=0.9208  macroF1=0.7728  edit=43.03  segF1@50=0.41
[b2a][epoch 43/50] loss=0.3307  val_acc=0.9234  macroF1=0.7766  edit=41.80  segF1@50=0.41
[b2a][epoch 44/50] loss=0.3269  val_acc=0.9340  macroF1=0.7912  edit=42.98  segF1@50=0.45
[b2a][epoch 45/50] loss=0.3238  val_acc=0.9201  macroF1=0.7694  edit=41.80  segF1@50=0.41
[b2a][epoch 46/50] loss=0.3211  val_acc=0.9267  macroF1=0.7757  edit=39.25  segF1@50=0.43
[b2a][epoch 47/50] loss=0.3314  val_acc=0.9300  macroF1=0.7850  edit=38.10  segF1@50=0.39
[b2a][epoch 48/50] loss=0.3955  val_acc=0.8825  macroF1=0.6731  edit=38.23  segF1@50=0.30
[b2a][epoch 49/50] loss=0.5064  val_acc=0.8766  macroF1=0.7343  edit=38.10  segF1@50=0.38
[b2a][epoch 50/50] loss=0.4137  val_acc=0.8845  macroF1=0.6797  edit=25.42  segF1@50=0.26
[b2a] best @epoch 41: acc=0.9353 macroF1=0.7840
[b2a] evidence written -> /home/ubuntu/slocal2/m2/experiments/transfer/b2a_mask_dim_07_003_b2a_mask_dim_07_seed456
