[b2a] train clips=13  val clips=3  in_dim=2063  tool_source=oracle  classes=9  device=cuda
[b2a] evidence dir: /home/ubuntu/slocal2/m2/experiments/transfer/b2a_oracle_mask_08_003_b2a_oracle_mask_08_seed456
[b2a][epoch 1/50] loss=3.4896  val_acc=0.3340  macroF1=0.0715  edit=9.67  segF1@50=0.00
[b2a][epoch 2/50] loss=2.8857  val_acc=0.3650  macroF1=0.0767  edit=2.67  segF1@50=0.17
[b2a][epoch 3/50] loss=2.6883  val_acc=0.3340  macroF1=0.0715  edit=9.67  segF1@50=0.00
[b2a][epoch 4/50] loss=2.5875  val_acc=0.3677  macroF1=0.0768  edit=18.00  segF1@50=0.22
[b2a][epoch 5/50] loss=2.3273  val_acc=0.6805  macroF1=0.2287  edit=30.00  segF1@50=0.11
[b2a][epoch 6/50] loss=1.9935  val_acc=0.5010  macroF1=0.1706  edit=38.58  segF1@50=0.18
[b2a][epoch 7/50] loss=1.9729  val_acc=0.4092  macroF1=0.1244  edit=28.33  segF1@50=0.00
[b2a][epoch 8/50] loss=1.9372  val_acc=0.5314  macroF1=0.1835  edit=31.00  segF1@50=0.11
[b2a][epoch 9/50] loss=1.6751  val_acc=0.6541  macroF1=0.2255  edit=37.00  segF1@50=0.22
[b2a][epoch 10/50] loss=1.3828  val_acc=0.6614  macroF1=0.2322  edit=31.33  segF1@50=0.15
[b2a][epoch 11/50] loss=1.2438  val_acc=0.7294  macroF1=0.3398  edit=34.57  segF1@50=0.23
[b2a][epoch 12/50] loss=1.1431  val_acc=0.7472  macroF1=0.3637  edit=27.25  segF1@50=0.20
[b2a][epoch 13/50] loss=1.0715  val_acc=0.7617  macroF1=0.4088  edit=38.04  segF1@50=0.28
[b2a][epoch 14/50] loss=1.0022  val_acc=0.8317  macroF1=0.4853  edit=37.78  segF1@50=0.34
[b2a][epoch 15/50] loss=0.8973  val_acc=0.7921  macroF1=0.4401  edit=30.49  segF1@50=0.24
[b2a][epoch 16/50] loss=0.8259  val_acc=0.8931  macroF1=0.6543  edit=30.94  segF1@50=0.29
[b2a][epoch 17/50] loss=0.7619  val_acc=0.8944  macroF1=0.6640  edit=33.57  segF1@50=0.31
[b2a][epoch 18/50] loss=0.7019  val_acc=0.9102  macroF1=0.6816  edit=38.11  segF1@50=0.35
[b2a][epoch 19/50] loss=0.6611  val_acc=0.9287  macroF1=0.7510  edit=45.74  segF1@50=0.43
[b2a][epoch 20/50] loss=0.6186  val_acc=0.9314  macroF1=0.7603  edit=45.75  segF1@50=0.44
[b2a][epoch 21/50] loss=0.5878  val_acc=0.9314  macroF1=0.7700  edit=45.37  segF1@50=0.45
[b2a][epoch 22/50] loss=0.6995  val_acc=0.9043  macroF1=0.6628  edit=46.67  segF1@50=0.50
[b2a][epoch 23/50] loss=0.7373  val_acc=0.9327  macroF1=0.7550  edit=45.97  segF1@50=0.45
[b2a][epoch 24/50] loss=0.6433  val_acc=0.9030  macroF1=0.7285  edit=41.21  segF1@50=0.37
[b2a][epoch 25/50] loss=0.5896  val_acc=0.9347  macroF1=0.7399  edit=56.67  segF1@50=0.58
[b2a][epoch 26/50] loss=0.5414  val_acc=0.9333  macroF1=0.7802  edit=46.33  segF1@50=0.45
[b2a][epoch 27/50] loss=0.4876  val_acc=0.9498  macroF1=0.7999  edit=52.84  segF1@50=0.53
[b2a][epoch 28/50] loss=0.4603  val_acc=0.9472  macroF1=0.8033  edit=50.12  segF1@50=0.52
[b2a][epoch 29/50] loss=0.4416  val_acc=0.9479  macroF1=0.7984  edit=56.17  segF1@50=0.62
[b2a][epoch 30/50] loss=0.4304  val_acc=0.9452  macroF1=0.8042  edit=48.01  segF1@50=0.50
[b2a][epoch 31/50] loss=0.4122  val_acc=0.9419  macroF1=0.7923  edit=46.11  segF1@50=0.51
[b2a][epoch 32/50] loss=0.4082  val_acc=0.9492  macroF1=0.8107  edit=49.03  segF1@50=0.51
[b2a][epoch 33/50] loss=0.4042  val_acc=0.9498  macroF1=0.8043  edit=49.60  segF1@50=0.52
[b2a][epoch 34/50] loss=0.4025  val_acc=0.9419  macroF1=0.7997  edit=48.13  segF1@50=0.47
[b2a][epoch 35/50] loss=0.4197  val_acc=0.9320  macroF1=0.7365  edit=54.36  segF1@50=0.60
[b2a][epoch 36/50] loss=0.4123  val_acc=0.9485  macroF1=0.8134  edit=47.41  segF1@50=0.51
[b2a][epoch 37/50] loss=0.4206  val_acc=0.9360  macroF1=0.7755  edit=51.52  segF1@50=0.56
[b2a][epoch 38/50] loss=0.4226  val_acc=0.9287  macroF1=0.8061  edit=49.23  segF1@50=0.48
[b2a][epoch 39/50] loss=0.4805  val_acc=0.9571  macroF1=0.8208  edit=50.62  segF1@50=0.54
[b2a][epoch 40/50] loss=0.4539  val_acc=0.9452  macroF1=0.8127  edit=48.67  segF1@50=0.58
[b2a][epoch 41/50] loss=0.4911  val_acc=0.9353  macroF1=0.7858  edit=54.73  segF1@50=0.54
[b2a][epoch 42/50] loss=0.3916  val_acc=0.9597  macroF1=0.8230  edit=48.89  segF1@50=0.51
[b2a][epoch 43/50] loss=0.3791  val_acc=0.9571  macroF1=0.8226  edit=58.44  segF1@50=0.64
[b2a][epoch 44/50] loss=0.3453  val_acc=0.9538  macroF1=0.8195  edit=52.89  segF1@50=0.54
[b2a][epoch 45/50] loss=0.3214  val_acc=0.9492  macroF1=0.8169  edit=43.52  segF1@50=0.45
[b2a][epoch 46/50] loss=0.3129  val_acc=0.9604  macroF1=0.8256  edit=56.44  segF1@50=0.64
[b2a][epoch 47/50] loss=0.3162  val_acc=0.9452  macroF1=0.8140  edit=46.22  segF1@50=0.47
[b2a][epoch 48/50] loss=0.3108  val_acc=0.9432  macroF1=0.8076  edit=44.44  segF1@50=0.47
[b2a][epoch 49/50] loss=0.3320  val_acc=0.9498  macroF1=0.8188  edit=47.33  segF1@50=0.50
[b2a][epoch 50/50] loss=0.2896  val_acc=0.9591  macroF1=0.8256  edit=58.44  segF1@50=0.64
[b2a] best @epoch 46: acc=0.9604 macroF1=0.8256
[b2a] evidence written -> /home/ubuntu/slocal2/m2/experiments/transfer/b2a_oracle_mask_08_003_b2a_oracle_mask_08_seed456
