[b2a] train clips=13  val clips=3  in_dim=2063  tool_source=pred  classes=9  device=cuda
[b2a] evidence dir: /home/ubuntu/slocal2/m2/experiments/transfer/b2a_mask_dim_12_002_b2a_mask_dim_12_seed123
[b2a][epoch 1/50] loss=3.5622  val_acc=0.3677  macroF1=0.0768  edit=18.00  segF1@50=0.22
[b2a][epoch 2/50] loss=3.0447  val_acc=0.3677  macroF1=0.0768  edit=18.00  segF1@50=0.22
[b2a][epoch 3/50] loss=2.7436  val_acc=0.3340  macroF1=0.0715  edit=9.67  segF1@50=0.00
[b2a][epoch 4/50] loss=2.5933  val_acc=0.4759  macroF1=0.1469  edit=23.33  segF1@50=0.22
[b2a][epoch 5/50] loss=2.4006  val_acc=0.6317  macroF1=0.2108  edit=37.00  segF1@50=0.24
[b2a][epoch 6/50] loss=2.0167  val_acc=0.6766  macroF1=0.2299  edit=29.00  segF1@50=0.22
[b2a][epoch 7/50] loss=2.0075  val_acc=0.4449  macroF1=0.1442  edit=23.00  segF1@50=0.02
[b2a][epoch 8/50] loss=2.1327  val_acc=0.6304  macroF1=0.2103  edit=41.00  segF1@50=0.22
[b2a][epoch 9/50] loss=1.6478  val_acc=0.6620  macroF1=0.2272  edit=30.00  segF1@50=0.16
[b2a][epoch 10/50] loss=1.4296  val_acc=0.6739  macroF1=0.2297  edit=23.33  segF1@50=0.13
[b2a][epoch 11/50] loss=1.3236  val_acc=0.6746  macroF1=0.2765  edit=41.00  segF1@50=0.18
[b2a][epoch 12/50] loss=1.2144  val_acc=0.7485  macroF1=0.3805  edit=35.14  segF1@50=0.28
[b2a][epoch 13/50] loss=1.1164  val_acc=0.7782  macroF1=0.4072  edit=47.89  segF1@50=0.34
[b2a][epoch 14/50] loss=1.0396  val_acc=0.7789  macroF1=0.3886  edit=35.19  segF1@50=0.26
[b2a][epoch 15/50] loss=0.9869  val_acc=0.8086  macroF1=0.4512  edit=36.37  segF1@50=0.28
[b2a][epoch 16/50] loss=0.9027  val_acc=0.8158  macroF1=0.4719  edit=40.67  segF1@50=0.34
[b2a][epoch 17/50] loss=0.8738  val_acc=0.8587  macroF1=0.6076  edit=26.67  segF1@50=0.26
[b2a][epoch 18/50] loss=0.7861  val_acc=0.8304  macroF1=0.4875  edit=33.42  segF1@50=0.33
[b2a][epoch 19/50] loss=0.7492  val_acc=0.8653  macroF1=0.6023  edit=37.12  segF1@50=0.36
[b2a][epoch 20/50] loss=0.8696  val_acc=0.8766  macroF1=0.6415  edit=31.95  segF1@50=0.29
[b2a][epoch 21/50] loss=0.8543  val_acc=0.8086  macroF1=0.5630  edit=34.32  segF1@50=0.32
[b2a][epoch 22/50] loss=0.7601  val_acc=0.8561  macroF1=0.5803  edit=22.80  segF1@50=0.22
[b2a][epoch 23/50] loss=0.6911  val_acc=0.8898  macroF1=0.6897  edit=32.19  segF1@50=0.35
[b2a][epoch 24/50] loss=0.6469  val_acc=0.9056  macroF1=0.6963  edit=37.17  segF1@50=0.33
[b2a][epoch 25/50] loss=0.6007  val_acc=0.9122  macroF1=0.7269  edit=36.33  segF1@50=0.34
[b2a][epoch 26/50] loss=0.5534  val_acc=0.9102  macroF1=0.7015  edit=33.02  segF1@50=0.33
[b2a][epoch 27/50] loss=0.5275  val_acc=0.8970  macroF1=0.6777  edit=33.94  segF1@50=0.29
[b2a][epoch 28/50] loss=0.5113  val_acc=0.9142  macroF1=0.7399  edit=37.19  segF1@50=0.33
[b2a][epoch 29/50] loss=0.4999  val_acc=0.9155  macroF1=0.7036  edit=35.87  segF1@50=0.38
[b2a][epoch 30/50] loss=0.4745  val_acc=0.9201  macroF1=0.7556  edit=40.09  segF1@50=0.39
[b2a][epoch 31/50] loss=0.4504  val_acc=0.9195  macroF1=0.7406  edit=39.47  segF1@50=0.37
[b2a][epoch 32/50] loss=0.4294  val_acc=0.9241  macroF1=0.7480  edit=42.00  segF1@50=0.41
[b2a][epoch 33/50] loss=0.4245  val_acc=0.9327  macroF1=0.7829  edit=40.40  segF1@50=0.41
[b2a][epoch 34/50] loss=0.4729  val_acc=0.9182  macroF1=0.6980  edit=37.78  segF1@50=0.39
[b2a][epoch 35/50] loss=0.4527  val_acc=0.9188  macroF1=0.7728  edit=35.13  segF1@50=0.37
[b2a][epoch 36/50] loss=0.4212  val_acc=0.9241  macroF1=0.7500  edit=39.90  segF1@50=0.38
[b2a][epoch 37/50] loss=0.3927  val_acc=0.9360  macroF1=0.7848  edit=43.21  segF1@50=0.47
[b2a][epoch 38/50] loss=0.3845  val_acc=0.9254  macroF1=0.7483  edit=42.00  segF1@50=0.42
[b2a][epoch 39/50] loss=0.3795  val_acc=0.9347  macroF1=0.7904  edit=39.10  segF1@50=0.39
[b2a][epoch 40/50] loss=0.4210  val_acc=0.9142  macroF1=0.6784  edit=35.33  segF1@50=0.36
[b2a][epoch 41/50] loss=0.4657  val_acc=0.8779  macroF1=0.7133  edit=29.44  segF1@50=0.31
[b2a][epoch 42/50] loss=0.4212  val_acc=0.9254  macroF1=0.7531  edit=42.00  segF1@50=0.42
[b2a][epoch 43/50] loss=0.3859  val_acc=0.9320  macroF1=0.7791  edit=39.39  segF1@50=0.42
[b2a][epoch 44/50] loss=0.3598  val_acc=0.9201  macroF1=0.7536  edit=35.32  segF1@50=0.38
[b2a][epoch 45/50] loss=0.3343  val_acc=0.9353  macroF1=0.7798  edit=44.09  segF1@50=0.50
[b2a][epoch 46/50] loss=0.3203  val_acc=0.9300  macroF1=0.7756  edit=38.46  segF1@50=0.40
[b2a][epoch 47/50] loss=0.3126  val_acc=0.9307  macroF1=0.7746  edit=37.81  segF1@50=0.39
[b2a][epoch 48/50] loss=0.3039  val_acc=0.9340  macroF1=0.7794  edit=41.31  segF1@50=0.42
[b2a][epoch 49/50] loss=0.2916  val_acc=0.9307  macroF1=0.7744  edit=38.46  segF1@50=0.40
[b2a][epoch 50/50] loss=0.2881  val_acc=0.9333  macroF1=0.7788  edit=40.80  segF1@50=0.41
[b2a] best @epoch 37: acc=0.9360 macroF1=0.7848
[b2a] evidence written -> /home/ubuntu/slocal2/m2/experiments/transfer/b2a_mask_dim_12_002_b2a_mask_dim_12_seed123
