[b2a] train clips=13  val clips=3  in_dim=2063  tool_source=oracle  classes=9  device=cuda
[b2a] evidence dir: /home/ubuntu/slocal2/m2/experiments/transfer/b2a_oracle_mask_12_002_b2a_oracle_mask_12_seed123
[b2a][epoch 1/50] loss=3.5611  val_acc=0.3677  macroF1=0.0768  edit=18.00  segF1@50=0.22
[b2a][epoch 2/50] loss=3.0395  val_acc=0.3677  macroF1=0.0768  edit=18.00  segF1@50=0.22
[b2a][epoch 3/50] loss=2.7376  val_acc=0.3340  macroF1=0.0715  edit=9.67  segF1@50=0.00
[b2a][epoch 4/50] loss=2.5827  val_acc=0.4759  macroF1=0.1469  edit=23.33  segF1@50=0.22
[b2a][epoch 5/50] loss=2.3816  val_acc=0.6363  macroF1=0.2125  edit=38.33  segF1@50=0.24
[b2a][epoch 6/50] loss=1.9776  val_acc=0.6772  macroF1=0.2301  edit=31.67  segF1@50=0.22
[b2a][epoch 7/50] loss=1.9809  val_acc=0.4416  macroF1=0.1425  edit=30.11  segF1@50=0.02
[b2a][epoch 8/50] loss=2.1980  val_acc=0.6231  macroF1=0.2076  edit=37.00  segF1@50=0.22
[b2a][epoch 9/50] loss=1.6348  val_acc=0.6653  macroF1=0.2289  edit=41.00  segF1@50=0.22
[b2a][epoch 10/50] loss=1.3951  val_acc=0.6766  macroF1=0.2307  edit=23.33  segF1@50=0.13
[b2a][epoch 11/50] loss=1.2956  val_acc=0.6772  macroF1=0.2698  edit=45.11  segF1@50=0.22
[b2a][epoch 12/50] loss=1.1777  val_acc=0.7564  macroF1=0.3865  edit=38.51  segF1@50=0.29
[b2a][epoch 13/50] loss=1.0907  val_acc=0.7947  macroF1=0.4149  edit=49.43  segF1@50=0.39
[b2a][epoch 14/50] loss=1.0150  val_acc=0.7888  macroF1=0.4108  edit=37.76  segF1@50=0.26
[b2a][epoch 15/50] loss=0.9683  val_acc=0.8251  macroF1=0.4632  edit=48.29  segF1@50=0.45
[b2a][epoch 16/50] loss=0.8867  val_acc=0.8297  macroF1=0.4778  edit=41.81  segF1@50=0.40
[b2a][epoch 17/50] loss=0.8684  val_acc=0.8614  macroF1=0.5693  edit=43.02  segF1@50=0.37
[b2a][epoch 18/50] loss=0.7663  val_acc=0.8508  macroF1=0.5145  edit=31.35  segF1@50=0.31
[b2a][epoch 19/50] loss=0.7220  val_acc=0.8528  macroF1=0.5235  edit=47.48  segF1@50=0.45
[b2a][epoch 20/50] loss=0.7815  val_acc=0.8799  macroF1=0.6096  edit=34.14  segF1@50=0.36
[b2a][epoch 21/50] loss=0.7433  val_acc=0.8502  macroF1=0.6249  edit=38.25  segF1@50=0.34
[b2a][epoch 22/50] loss=0.6862  val_acc=0.9267  macroF1=0.6987  edit=52.69  segF1@50=0.57
[b2a][epoch 23/50] loss=0.6070  val_acc=0.9195  macroF1=0.7267  edit=53.33  segF1@50=0.49
[b2a][epoch 24/50] loss=0.5606  val_acc=0.9254  macroF1=0.7452  edit=61.56  segF1@50=0.60
[b2a][epoch 25/50] loss=0.5338  val_acc=0.9353  macroF1=0.7613  edit=57.33  segF1@50=0.60
[b2a][epoch 26/50] loss=0.5053  val_acc=0.9360  macroF1=0.7557  edit=44.25  segF1@50=0.50
[b2a][epoch 27/50] loss=0.4845  val_acc=0.9314  macroF1=0.7439  edit=43.56  segF1@50=0.46
[b2a][epoch 28/50] loss=0.4916  val_acc=0.9426  macroF1=0.7965  edit=47.65  segF1@50=0.49
[b2a][epoch 29/50] loss=0.4895  val_acc=0.9287  macroF1=0.7286  edit=42.22  segF1@50=0.45
[b2a][epoch 30/50] loss=0.4559  val_acc=0.9426  macroF1=0.7808  edit=52.03  segF1@50=0.51
[b2a][epoch 31/50] loss=0.4462  val_acc=0.9492  macroF1=0.8052  edit=43.90  segF1@50=0.50
[b2a][epoch 32/50] loss=0.4920  val_acc=0.9413  macroF1=0.7809  edit=54.76  segF1@50=0.61
[b2a][epoch 33/50] loss=0.4611  val_acc=0.9472  macroF1=0.8081  edit=48.18  segF1@50=0.50
[b2a][epoch 34/50] loss=0.4521  val_acc=0.9248  macroF1=0.7229  edit=28.54  segF1@50=0.30
[b2a][epoch 35/50] loss=0.4417  val_acc=0.9386  macroF1=0.7965  edit=46.04  segF1@50=0.50
[b2a][epoch 36/50] loss=0.4238  val_acc=0.9406  macroF1=0.7822  edit=51.56  segF1@50=0.54
[b2a][epoch 37/50] loss=0.4030  val_acc=0.9558  macroF1=0.8242  edit=55.21  segF1@50=0.58
[b2a][epoch 38/50] loss=0.3883  val_acc=0.9459  macroF1=0.7932  edit=46.59  segF1@50=0.46
[b2a][epoch 39/50] loss=0.3759  val_acc=0.9531  macroF1=0.8180  edit=52.65  segF1@50=0.55
[b2a][epoch 40/50] loss=0.3862  val_acc=0.9426  macroF1=0.7814  edit=48.89  segF1@50=0.51
[b2a][epoch 41/50] loss=0.3727  val_acc=0.9353  macroF1=0.8119  edit=40.20  segF1@50=0.43
[b2a][epoch 42/50] loss=0.3494  val_acc=0.9512  macroF1=0.8119  edit=51.37  segF1@50=0.59
[b2a][epoch 43/50] loss=0.3600  val_acc=0.9564  macroF1=0.8235  edit=60.67  segF1@50=0.60
[b2a][epoch 44/50] loss=0.3427  val_acc=0.9439  macroF1=0.8041  edit=44.19  segF1@50=0.46
[b2a][epoch 45/50] loss=0.3255  val_acc=0.9551  macroF1=0.8204  edit=55.78  segF1@50=0.61
[b2a][epoch 46/50] loss=0.3102  val_acc=0.9512  macroF1=0.8196  edit=43.88  segF1@50=0.49
[b2a][epoch 47/50] loss=0.3015  val_acc=0.9531  macroF1=0.8170  edit=52.65  segF1@50=0.55
[b2a][epoch 48/50] loss=0.2901  val_acc=0.9584  macroF1=0.8263  edit=56.50  segF1@50=0.58
[b2a][epoch 49/50] loss=0.2791  val_acc=0.9531  macroF1=0.8170  edit=52.65  segF1@50=0.55
[b2a][epoch 50/50] loss=0.2791  val_acc=0.9558  macroF1=0.8243  edit=54.07  segF1@50=0.57
[b2a] best @epoch 48: acc=0.9584 macroF1=0.8263
[b2a] evidence written -> /home/ubuntu/slocal2/m2/experiments/transfer/b2a_oracle_mask_12_002_b2a_oracle_mask_12_seed123
