[b2a] train clips=13  val clips=3  in_dim=2063  tool_source=pred  classes=9  device=cuda
[b2a] evidence dir: /home/ubuntu/slocal2/m2/experiments/transfer/b2a_mask_dim_02_001_b2a_mask_dim_02_seed42
[b2a][epoch 1/50] loss=3.7495  val_acc=0.3624  macroF1=0.0766  edit=2.67  segF1@50=0.17
[b2a][epoch 2/50] loss=2.8752  val_acc=0.3017  macroF1=0.1040  edit=9.44  segF1@50=0.01
[b2a][epoch 3/50] loss=2.6968  val_acc=0.3670  macroF1=0.0768  edit=1.33  segF1@50=0.17
[b2a][epoch 4/50] loss=2.4642  val_acc=0.5756  macroF1=0.1998  edit=20.10  segF1@50=0.02
[b2a][epoch 5/50] loss=2.4615  val_acc=0.5531  macroF1=0.1831  edit=33.12  segF1@50=0.24
[b2a][epoch 6/50] loss=2.0926  val_acc=0.6746  macroF1=0.2293  edit=32.67  segF1@50=0.14
[b2a][epoch 7/50] loss=1.6682  val_acc=0.6264  macroF1=0.2160  edit=31.33  segF1@50=0.14
[b2a][epoch 8/50] loss=1.5582  val_acc=0.6211  macroF1=0.2145  edit=41.00  segF1@50=0.20
[b2a][epoch 9/50] loss=1.4593  val_acc=0.6752  macroF1=0.2293  edit=32.67  segF1@50=0.16
[b2a][epoch 10/50] loss=1.4423  val_acc=0.6290  macroF1=0.2405  edit=39.55  segF1@50=0.18
[b2a][epoch 11/50] loss=1.2885  val_acc=0.6779  macroF1=0.2916  edit=50.67  segF1@50=0.23
[b2a][epoch 12/50] loss=1.2029  val_acc=0.7756  macroF1=0.4724  edit=41.59  segF1@50=0.30
[b2a][epoch 13/50] loss=1.1295  val_acc=0.7518  macroF1=0.4538  edit=24.37  segF1@50=0.11
[b2a][epoch 14/50] loss=1.0413  val_acc=0.7802  macroF1=0.4273  edit=28.56  segF1@50=0.21
[b2a][epoch 15/50] loss=0.9761  val_acc=0.7980  macroF1=0.4902  edit=31.74  segF1@50=0.24
[b2a][epoch 16/50] loss=0.8904  val_acc=0.7974  macroF1=0.4734  edit=28.22  segF1@50=0.18
[b2a][epoch 17/50] loss=0.8226  val_acc=0.8759  macroF1=0.6375  edit=29.59  segF1@50=0.28
[b2a][epoch 18/50] loss=0.7341  val_acc=0.9043  macroF1=0.6766  edit=39.33  segF1@50=0.37
[b2a][epoch 19/50] loss=0.7029  val_acc=0.8139  macroF1=0.6767  edit=31.09  segF1@50=0.30
[b2a][epoch 20/50] loss=0.6839  val_acc=0.8931  macroF1=0.6487  edit=31.87  segF1@50=0.30
[b2a][epoch 21/50] loss=0.6172  val_acc=0.9089  macroF1=0.6914  edit=33.70  segF1@50=0.34
[b2a][epoch 22/50] loss=0.6001  val_acc=0.8878  macroF1=0.6939  edit=31.06  segF1@50=0.29
[b2a][epoch 23/50] loss=0.5898  val_acc=0.8541  macroF1=0.6254  edit=31.23  segF1@50=0.25
[b2a][epoch 24/50] loss=0.5272  val_acc=0.9149  macroF1=0.7326  edit=37.57  segF1@50=0.37
[b2a][epoch 25/50] loss=0.5152  val_acc=0.9076  macroF1=0.6978  edit=39.56  segF1@50=0.36
[b2a][epoch 26/50] loss=0.4837  val_acc=0.8990  macroF1=0.7165  edit=34.08  segF1@50=0.32
[b2a][epoch 27/50] loss=0.4492  val_acc=0.9142  macroF1=0.7373  edit=36.57  segF1@50=0.36
[b2a][epoch 28/50] loss=0.4514  val_acc=0.9261  macroF1=0.7673  edit=38.10  segF1@50=0.37
[b2a][epoch 29/50] loss=0.4307  val_acc=0.9102  macroF1=0.7508  edit=31.80  segF1@50=0.33
[b2a][epoch 30/50] loss=0.4263  val_acc=0.8997  macroF1=0.6782  edit=34.57  segF1@50=0.31
[b2a][epoch 31/50] loss=0.5165  val_acc=0.8924  macroF1=0.7096  edit=32.84  segF1@50=0.33
[b2a][epoch 32/50] loss=0.4295  val_acc=0.9208  macroF1=0.7418  edit=39.21  segF1@50=0.36
[b2a][epoch 33/50] loss=0.3894  val_acc=0.9281  macroF1=0.7788  edit=39.37  segF1@50=0.44
[b2a][epoch 34/50] loss=0.3853  val_acc=0.9254  macroF1=0.7467  edit=44.67  segF1@50=0.44
[b2a][epoch 35/50] loss=0.4110  val_acc=0.9155  macroF1=0.7308  edit=38.10  segF1@50=0.39
[b2a][epoch 36/50] loss=0.3650  val_acc=0.9254  macroF1=0.7770  edit=36.01  segF1@50=0.38
[b2a][epoch 37/50] loss=0.3568  val_acc=0.9149  macroF1=0.7296  edit=41.29  segF1@50=0.42
[b2a][epoch 38/50] loss=0.4494  val_acc=0.8178  macroF1=0.5828  edit=42.70  segF1@50=0.35
[b2a][epoch 39/50] loss=0.5153  val_acc=0.8957  macroF1=0.7239  edit=35.10  segF1@50=0.36
[b2a][epoch 40/50] loss=0.3936  val_acc=0.9096  macroF1=0.7460  edit=30.95  segF1@50=0.34
[b2a][epoch 41/50] loss=0.3780  val_acc=0.9294  macroF1=0.7868  edit=39.26  segF1@50=0.41
[b2a][epoch 42/50] loss=0.4226  val_acc=0.9175  macroF1=0.7165  edit=40.38  segF1@50=0.36
[b2a][epoch 43/50] loss=0.4240  val_acc=0.9017  macroF1=0.7462  edit=44.73  segF1@50=0.47
[b2a][epoch 44/50] loss=0.3706  val_acc=0.9333  macroF1=0.7757  edit=34.39  segF1@50=0.40
[b2a][epoch 45/50] loss=0.3450  val_acc=0.8937  macroF1=0.7429  edit=39.94  segF1@50=0.39
[b2a][epoch 46/50] loss=0.3230  val_acc=0.9267  macroF1=0.7631  edit=40.56  segF1@50=0.40
[b2a][epoch 47/50] loss=0.3064  val_acc=0.9333  macroF1=0.7892  edit=34.15  segF1@50=0.37
[b2a][epoch 48/50] loss=0.2958  val_acc=0.9195  macroF1=0.7526  edit=38.69  segF1@50=0.40
[b2a][epoch 49/50] loss=0.2820  val_acc=0.9360  macroF1=0.7917  edit=40.61  segF1@50=0.42
[b2a][epoch 50/50] loss=0.2951  val_acc=0.9168  macroF1=0.7442  edit=36.60  segF1@50=0.38
[b2a] best @epoch 49: acc=0.9360 macroF1=0.7917
[b2a] evidence written -> /home/ubuntu/slocal2/m2/experiments/transfer/b2a_mask_dim_02_001_b2a_mask_dim_02_seed42
