[b2a] train clips=13  val clips=3  in_dim=2063  tool_source=pred  classes=9  device=cuda
[b2a] evidence dir: /home/ubuntu/slocal2/m2/experiments/transfer/b2a_mask_dim_13_003_b2a_mask_dim_13_seed456
[b2a][epoch 1/50] loss=3.4905  val_acc=0.3340  macroF1=0.0715  edit=9.67  segF1@50=0.00
[b2a][epoch 2/50] loss=2.8877  val_acc=0.3650  macroF1=0.0767  edit=2.67  segF1@50=0.17
[b2a][epoch 3/50] loss=2.6948  val_acc=0.3340  macroF1=0.0715  edit=9.67  segF1@50=0.00
[b2a][epoch 4/50] loss=2.6006  val_acc=0.3677  macroF1=0.0768  edit=18.00  segF1@50=0.22
[b2a][epoch 5/50] loss=2.3508  val_acc=0.6785  macroF1=0.2280  edit=35.67  segF1@50=0.17
[b2a][epoch 6/50] loss=2.0303  val_acc=0.4812  macroF1=0.1619  edit=29.89  segF1@50=0.10
[b2a][epoch 7/50] loss=2.1705  val_acc=0.3340  macroF1=0.0715  edit=9.67  segF1@50=0.00
[b2a][epoch 8/50] loss=2.1592  val_acc=0.6766  macroF1=0.2274  edit=24.16  segF1@50=0.21
[b2a][epoch 9/50] loss=1.7260  val_acc=0.6337  macroF1=0.2185  edit=35.44  segF1@50=0.16
[b2a][epoch 10/50] loss=1.5228  val_acc=0.6185  macroF1=0.2136  edit=31.00  segF1@50=0.13
[b2a][epoch 11/50] loss=1.3525  val_acc=0.6389  macroF1=0.2379  edit=42.74  segF1@50=0.26
[b2a][epoch 12/50] loss=1.2156  val_acc=0.7116  macroF1=0.3345  edit=34.69  segF1@50=0.21
[b2a][epoch 13/50] loss=1.1137  val_acc=0.7578  macroF1=0.3952  edit=29.68  segF1@50=0.21
[b2a][epoch 14/50] loss=1.0320  val_acc=0.7888  macroF1=0.4381  edit=29.33  segF1@50=0.25
[b2a][epoch 15/50] loss=0.9592  val_acc=0.7848  macroF1=0.4168  edit=35.19  segF1@50=0.24
[b2a][epoch 16/50] loss=0.9138  val_acc=0.8680  macroF1=0.6300  edit=29.91  segF1@50=0.26
[b2a][epoch 17/50] loss=0.8584  val_acc=0.8667  macroF1=0.6086  edit=31.22  segF1@50=0.28
[b2a][epoch 18/50] loss=0.7898  val_acc=0.8904  macroF1=0.6683  edit=36.15  segF1@50=0.40
[b2a][epoch 19/50] loss=0.7252  val_acc=0.8865  macroF1=0.6670  edit=28.07  segF1@50=0.24
[b2a][epoch 20/50] loss=0.7714  val_acc=0.9096  macroF1=0.6794  edit=49.13  segF1@50=0.49
[b2a][epoch 21/50] loss=0.6805  val_acc=0.8442  macroF1=0.6181  edit=32.13  segF1@50=0.27
[b2a][epoch 22/50] loss=0.7102  val_acc=0.7868  macroF1=0.5137  edit=40.45  segF1@50=0.33
[b2a][epoch 23/50] loss=0.8124  val_acc=0.8878  macroF1=0.6828  edit=39.11  segF1@50=0.33
[b2a][epoch 24/50] loss=0.6652  val_acc=0.8528  macroF1=0.6368  edit=32.89  segF1@50=0.26
[b2a][epoch 25/50] loss=0.6315  val_acc=0.9096  macroF1=0.7573  edit=37.62  segF1@50=0.39
[b2a][epoch 26/50] loss=0.5569  val_acc=0.8871  macroF1=0.6738  edit=32.84  segF1@50=0.29
[b2a][epoch 27/50] loss=0.5175  val_acc=0.9129  macroF1=0.7400  edit=38.17  segF1@50=0.36
[b2a][epoch 28/50] loss=0.4804  val_acc=0.9142  macroF1=0.7424  edit=39.64  segF1@50=0.40
[b2a][epoch 29/50] loss=0.4657  val_acc=0.9201  macroF1=0.7465  edit=40.89  segF1@50=0.41
[b2a][epoch 30/50] loss=0.4483  val_acc=0.9201  macroF1=0.7445  edit=41.21  segF1@50=0.41
[b2a][epoch 31/50] loss=0.4308  val_acc=0.9188  macroF1=0.7685  edit=39.48  segF1@50=0.40
[b2a][epoch 32/50] loss=0.5262  val_acc=0.9043  macroF1=0.6783  edit=32.37  segF1@50=0.31
[b2a][epoch 33/50] loss=0.5051  val_acc=0.9195  macroF1=0.7704  edit=45.52  segF1@50=0.50
[b2a][epoch 34/50] loss=0.4619  val_acc=0.9155  macroF1=0.7612  edit=39.17  segF1@50=0.42
[b2a][epoch 35/50] loss=0.4077  val_acc=0.9168  macroF1=0.7639  edit=39.64  segF1@50=0.42
[b2a][epoch 36/50] loss=0.3880  val_acc=0.9208  macroF1=0.7625  edit=38.58  segF1@50=0.39
[b2a][epoch 37/50] loss=0.3742  val_acc=0.9274  macroF1=0.7830  edit=38.79  segF1@50=0.40
[b2a][epoch 38/50] loss=0.3612  val_acc=0.9347  macroF1=0.7815  edit=42.51  segF1@50=0.44
[b2a][epoch 39/50] loss=0.3469  val_acc=0.9281  macroF1=0.7761  edit=40.56  segF1@50=0.43
[b2a][epoch 40/50] loss=0.3419  val_acc=0.9254  macroF1=0.7778  edit=39.73  segF1@50=0.40
[b2a][epoch 41/50] loss=0.3376  val_acc=0.9261  macroF1=0.7631  edit=46.76  segF1@50=0.51
[b2a][epoch 42/50] loss=0.3309  val_acc=0.9320  macroF1=0.7680  edit=50.00  segF1@50=0.56
[b2a][epoch 43/50] loss=0.3261  val_acc=0.9353  macroF1=0.7996  edit=38.54  segF1@50=0.43
[b2a][epoch 44/50] loss=0.3579  val_acc=0.9373  macroF1=0.7942  edit=42.59  segF1@50=0.44
[b2a][epoch 45/50] loss=0.3442  val_acc=0.9096  macroF1=0.7053  edit=33.70  segF1@50=0.35
[b2a][epoch 46/50] loss=0.3842  val_acc=0.9314  macroF1=0.7878  edit=44.71  segF1@50=0.51
[b2a][epoch 47/50] loss=0.4101  val_acc=0.8931  macroF1=0.7538  edit=29.46  segF1@50=0.25
[b2a][epoch 48/50] loss=0.7924  val_acc=0.9188  macroF1=0.7051  edit=33.89  segF1@50=0.34
[b2a][epoch 49/50] loss=0.6606  val_acc=0.8515  macroF1=0.6768  edit=34.55  segF1@50=0.32
[b2a][epoch 50/50] loss=0.5056  val_acc=0.9307  macroF1=0.7815  edit=38.51  segF1@50=0.42
[b2a] best @epoch 44: acc=0.9373 macroF1=0.7942
[b2a] evidence written -> /home/ubuntu/slocal2/m2/experiments/transfer/b2a_mask_dim_13_003_b2a_mask_dim_13_seed456
