[b2a] train clips=13  val clips=3  in_dim=2063  tool_source=pred  classes=9  device=cuda
[b2a] evidence dir: /home/ubuntu/slocal2/m2/experiments/transfer/b2a_mask_dim_01_003_b2a_mask_dim_01_seed456
[b2a][epoch 1/50] loss=3.4913  val_acc=0.3340  macroF1=0.0715  edit=9.67  segF1@50=0.00
[b2a][epoch 2/50] loss=2.8884  val_acc=0.3650  macroF1=0.0767  edit=2.67  segF1@50=0.17
[b2a][epoch 3/50] loss=2.6951  val_acc=0.3340  macroF1=0.0715  edit=9.67  segF1@50=0.00
[b2a][epoch 4/50] loss=2.5998  val_acc=0.3677  macroF1=0.0768  edit=18.00  segF1@50=0.22
[b2a][epoch 5/50] loss=2.3515  val_acc=0.6792  macroF1=0.2282  edit=28.78  segF1@50=0.13
[b2a][epoch 6/50] loss=2.0380  val_acc=0.4832  macroF1=0.1628  edit=29.89  segF1@50=0.10
[b2a][epoch 7/50] loss=2.2006  val_acc=0.3340  macroF1=0.0715  edit=9.67  segF1@50=0.00
[b2a][epoch 8/50] loss=2.2549  val_acc=0.6759  macroF1=0.2279  edit=28.89  segF1@50=0.29
[b2a][epoch 9/50] loss=1.7311  val_acc=0.6218  macroF1=0.2150  edit=29.10  segF1@50=0.13
[b2a][epoch 10/50] loss=1.5464  val_acc=0.6231  macroF1=0.2148  edit=32.78  segF1@50=0.17
[b2a][epoch 11/50] loss=1.3687  val_acc=0.6561  macroF1=0.2449  edit=37.61  segF1@50=0.25
[b2a][epoch 12/50] loss=1.2173  val_acc=0.7056  macroF1=0.3423  edit=36.67  segF1@50=0.22
[b2a][epoch 13/50] loss=1.1196  val_acc=0.7611  macroF1=0.4003  edit=30.29  segF1@50=0.22
[b2a][epoch 14/50] loss=1.0306  val_acc=0.8040  macroF1=0.4681  edit=30.58  segF1@50=0.29
[b2a][epoch 15/50] loss=0.9526  val_acc=0.7954  macroF1=0.4436  edit=33.83  segF1@50=0.27
[b2a][epoch 16/50] loss=0.9092  val_acc=0.8660  macroF1=0.6269  edit=27.11  segF1@50=0.24
[b2a][epoch 17/50] loss=0.8666  val_acc=0.8739  macroF1=0.6208  edit=38.22  segF1@50=0.37
[b2a][epoch 18/50] loss=0.7848  val_acc=0.8970  macroF1=0.6726  edit=41.40  segF1@50=0.43
[b2a][epoch 19/50] loss=0.7224  val_acc=0.8944  macroF1=0.6716  edit=34.00  segF1@50=0.30
[b2a][epoch 20/50] loss=0.6888  val_acc=0.8785  macroF1=0.6828  edit=35.52  segF1@50=0.29
[b2a][epoch 21/50] loss=0.7124  val_acc=0.8898  macroF1=0.7074  edit=36.38  segF1@50=0.30
[b2a][epoch 22/50] loss=0.6588  val_acc=0.8917  macroF1=0.6472  edit=27.54  segF1@50=0.32
[b2a][epoch 23/50] loss=0.6412  val_acc=0.8878  macroF1=0.7167  edit=45.17  segF1@50=0.37
[b2a][epoch 24/50] loss=0.6066  val_acc=0.8937  macroF1=0.6513  edit=27.84  segF1@50=0.30
[b2a][epoch 25/50] loss=0.5541  val_acc=0.9122  macroF1=0.7127  edit=40.78  segF1@50=0.36
[b2a][epoch 26/50] loss=0.5242  val_acc=0.9122  macroF1=0.7219  edit=39.85  segF1@50=0.40
[b2a][epoch 27/50] loss=0.4944  val_acc=0.9228  macroF1=0.7632  edit=43.52  segF1@50=0.41
[b2a][epoch 28/50] loss=0.4844  val_acc=0.9116  macroF1=0.7020  edit=39.11  segF1@50=0.35
[b2a][epoch 29/50] loss=0.4695  val_acc=0.9089  macroF1=0.7595  edit=38.10  segF1@50=0.40
[b2a][epoch 30/50] loss=0.4436  val_acc=0.9234  macroF1=0.7529  edit=41.31  segF1@50=0.43
[b2a][epoch 31/50] loss=0.4745  val_acc=0.9043  macroF1=0.7509  edit=40.61  segF1@50=0.40
[b2a][epoch 32/50] loss=0.6510  val_acc=0.9149  macroF1=0.6813  edit=38.00  segF1@50=0.41
[b2a][epoch 33/50] loss=0.5738  val_acc=0.9261  macroF1=0.7692  edit=44.32  segF1@50=0.43
[b2a][epoch 34/50] loss=0.4962  val_acc=0.9201  macroF1=0.7577  edit=37.07  segF1@50=0.39
[b2a][epoch 35/50] loss=0.4314  val_acc=0.9036  macroF1=0.7488  edit=37.95  segF1@50=0.37
[b2a][epoch 36/50] loss=0.4087  val_acc=0.9228  macroF1=0.7668  edit=38.70  segF1@50=0.39
[b2a][epoch 37/50] loss=0.3792  val_acc=0.9228  macroF1=0.7756  edit=40.93  segF1@50=0.43
[b2a][epoch 38/50] loss=0.3621  val_acc=0.9300  macroF1=0.7793  edit=42.66  segF1@50=0.48
[b2a][epoch 39/50] loss=0.3460  val_acc=0.9340  macroF1=0.7868  edit=41.92  segF1@50=0.44
[b2a][epoch 40/50] loss=0.3396  val_acc=0.9314  macroF1=0.7848  edit=41.80  segF1@50=0.43
[b2a][epoch 41/50] loss=0.3319  val_acc=0.9353  macroF1=0.7827  edit=43.21  segF1@50=0.49
[b2a][epoch 42/50] loss=0.3232  val_acc=0.9360  macroF1=0.7863  edit=42.68  segF1@50=0.46
[b2a][epoch 43/50] loss=0.3143  val_acc=0.9366  macroF1=0.7922  edit=42.68  segF1@50=0.47
[b2a][epoch 44/50] loss=0.3117  val_acc=0.9314  macroF1=0.7796  edit=39.25  segF1@50=0.41
[b2a][epoch 45/50] loss=0.3055  val_acc=0.9360  macroF1=0.7913  edit=48.15  segF1@50=0.52
[b2a][epoch 46/50] loss=0.2996  val_acc=0.9248  macroF1=0.7662  edit=39.53  segF1@50=0.41
[b2a][epoch 47/50] loss=0.2970  val_acc=0.9076  macroF1=0.7786  edit=37.42  segF1@50=0.36
[b2a][epoch 48/50] loss=0.3491  val_acc=0.9208  macroF1=0.7298  edit=40.67  segF1@50=0.39
[b2a][epoch 49/50] loss=0.6224  val_acc=0.8752  macroF1=0.7173  edit=35.19  segF1@50=0.37
[b2a][epoch 50/50] loss=0.4870  val_acc=0.8508  macroF1=0.6518  edit=41.98  segF1@50=0.42
[b2a] best @epoch 43: acc=0.9366 macroF1=0.7922
[b2a] evidence written -> /home/ubuntu/slocal2/m2/experiments/transfer/b2a_mask_dim_01_003_b2a_mask_dim_01_seed456
