[b2a] train clips=13  val clips=3  in_dim=2063  tool_source=pred  classes=9  device=cuda
[b2a] evidence dir: /home/ubuntu/slocal2/m2/experiments/transfer/b2a_mask_dim_02_003_b2a_mask_dim_02_seed456
[b2a][epoch 1/50] loss=3.4904  val_acc=0.3340  macroF1=0.0715  edit=9.67  segF1@50=0.00
[b2a][epoch 2/50] loss=2.8871  val_acc=0.3650  macroF1=0.0767  edit=2.67  segF1@50=0.17
[b2a][epoch 3/50] loss=2.6932  val_acc=0.3340  macroF1=0.0715  edit=9.67  segF1@50=0.00
[b2a][epoch 4/50] loss=2.5967  val_acc=0.3677  macroF1=0.0768  edit=18.00  segF1@50=0.22
[b2a][epoch 5/50] loss=2.3467  val_acc=0.6792  macroF1=0.2281  edit=26.00  segF1@50=0.11
[b2a][epoch 6/50] loss=2.0193  val_acc=0.4871  macroF1=0.1645  edit=41.00  segF1@50=0.18
[b2a][epoch 7/50] loss=2.1330  val_acc=0.3340  macroF1=0.0715  edit=9.67  segF1@50=0.00
[b2a][epoch 8/50] loss=2.0919  val_acc=0.6634  macroF1=0.2258  edit=37.12  segF1@50=0.21
[b2a][epoch 9/50] loss=1.7374  val_acc=0.6528  macroF1=0.2244  edit=27.33  segF1@50=0.15
[b2a][epoch 10/50] loss=1.5011  val_acc=0.6238  macroF1=0.2152  edit=31.33  segF1@50=0.15
[b2a][epoch 11/50] loss=1.3260  val_acc=0.6383  macroF1=0.2464  edit=31.00  segF1@50=0.19
[b2a][epoch 12/50] loss=1.2094  val_acc=0.7360  macroF1=0.3565  edit=32.47  segF1@50=0.22
[b2a][epoch 13/50] loss=1.1088  val_acc=0.7558  macroF1=0.3883  edit=24.48  segF1@50=0.23
[b2a][epoch 14/50] loss=1.0269  val_acc=0.8079  macroF1=0.4729  edit=31.69  segF1@50=0.30
[b2a][epoch 15/50] loss=0.9451  val_acc=0.7927  macroF1=0.4415  edit=31.69  segF1@50=0.25
[b2a][epoch 16/50] loss=0.8838  val_acc=0.8647  macroF1=0.6327  edit=30.35  segF1@50=0.26
[b2a][epoch 17/50] loss=0.8232  val_acc=0.8680  macroF1=0.6210  edit=29.38  segF1@50=0.26
[b2a][epoch 18/50] loss=0.7622  val_acc=0.8970  macroF1=0.6726  edit=36.89  segF1@50=0.35
[b2a][epoch 19/50] loss=0.7039  val_acc=0.8871  macroF1=0.6823  edit=28.68  segF1@50=0.23
[b2a][epoch 20/50] loss=0.7501  val_acc=0.9076  macroF1=0.6821  edit=36.67  segF1@50=0.35
[b2a][epoch 21/50] loss=0.6649  val_acc=0.8686  macroF1=0.6412  edit=39.33  segF1@50=0.34
[b2a][epoch 22/50] loss=0.6716  val_acc=0.8000  macroF1=0.5431  edit=36.52  segF1@50=0.29
[b2a][epoch 23/50] loss=0.8027  val_acc=0.8825  macroF1=0.6544  edit=34.91  segF1@50=0.32
[b2a][epoch 24/50] loss=0.6632  val_acc=0.8719  macroF1=0.6661  edit=33.19  segF1@50=0.27
[b2a][epoch 25/50] loss=0.6074  val_acc=0.9102  macroF1=0.7541  edit=38.74  segF1@50=0.39
[b2a][epoch 26/50] loss=0.5362  val_acc=0.9043  macroF1=0.7264  edit=34.62  segF1@50=0.34
[b2a][epoch 27/50] loss=0.5082  val_acc=0.9010  macroF1=0.6929  edit=35.56  segF1@50=0.36
[b2a][epoch 28/50] loss=0.5454  val_acc=0.9168  macroF1=0.7572  edit=38.61  segF1@50=0.38
[b2a][epoch 29/50] loss=0.5492  val_acc=0.9162  macroF1=0.7267  edit=40.23  segF1@50=0.37
[b2a][epoch 30/50] loss=0.4736  val_acc=0.9069  macroF1=0.7011  edit=36.61  segF1@50=0.33
[b2a][epoch 31/50] loss=0.4588  val_acc=0.9116  macroF1=0.7562  edit=28.42  segF1@50=0.29
[b2a][epoch 32/50] loss=0.4603  val_acc=0.9010  macroF1=0.7237  edit=36.24  segF1@50=0.35
[b2a][epoch 33/50] loss=0.4267  val_acc=0.9320  macroF1=0.7854  edit=42.00  segF1@50=0.44
[b2a][epoch 34/50] loss=0.4132  val_acc=0.9175  macroF1=0.7368  edit=40.61  segF1@50=0.42
[b2a][epoch 35/50] loss=0.4049  val_acc=0.9215  macroF1=0.7771  edit=38.13  segF1@50=0.40
[b2a][epoch 36/50] loss=0.3882  val_acc=0.9195  macroF1=0.7351  edit=40.89  segF1@50=0.41
[b2a][epoch 37/50] loss=0.3796  val_acc=0.9314  macroF1=0.7924  edit=39.90  segF1@50=0.42
[b2a][epoch 38/50] loss=0.3661  val_acc=0.9274  macroF1=0.7573  edit=42.00  segF1@50=0.43
[b2a][epoch 39/50] loss=0.3497  val_acc=0.9307  macroF1=0.7848  edit=42.68  segF1@50=0.42
[b2a][epoch 40/50] loss=0.3412  val_acc=0.9261  macroF1=0.7761  edit=38.51  segF1@50=0.38
[b2a][epoch 41/50] loss=0.3342  val_acc=0.9300  macroF1=0.7693  edit=49.79  segF1@50=0.52
[b2a][epoch 42/50] loss=0.3240  val_acc=0.9287  macroF1=0.7625  edit=41.57  segF1@50=0.43
[b2a][epoch 43/50] loss=0.3129  val_acc=0.9333  macroF1=0.7959  edit=40.12  segF1@50=0.40
[b2a][epoch 44/50] loss=0.3157  val_acc=0.9228  macroF1=0.7482  edit=40.61  segF1@50=0.41
[b2a][epoch 45/50] loss=0.3133  val_acc=0.9274  macroF1=0.7840  edit=42.43  segF1@50=0.44
[b2a][epoch 46/50] loss=0.3382  val_acc=0.9188  macroF1=0.7676  edit=43.14  segF1@50=0.44
[b2a][epoch 47/50] loss=0.5693  val_acc=0.8950  macroF1=0.6630  edit=33.92  segF1@50=0.40
[b2a][epoch 48/50] loss=0.5960  val_acc=0.9314  macroF1=0.7678  edit=52.07  segF1@50=0.55
[b2a][epoch 49/50] loss=0.5451  val_acc=0.9267  macroF1=0.7738  edit=41.53  segF1@50=0.42
[b2a][epoch 50/50] loss=0.4200  val_acc=0.9307  macroF1=0.7859  edit=38.40  segF1@50=0.40
[b2a] best @epoch 43: acc=0.9333 macroF1=0.7959
[b2a] evidence written -> /home/ubuntu/slocal2/m2/experiments/transfer/b2a_mask_dim_02_003_b2a_mask_dim_02_seed456
