[b2a] train clips=13  val clips=3  in_dim=2063  tool_source=pred  classes=9  device=cuda
[b2a] evidence dir: /home/ubuntu/slocal2/m2/experiments/transfer/b2a_mask_dim_04_002_b2a_mask_dim_04_seed123
[b2a][epoch 1/50] loss=3.5602  val_acc=0.3677  macroF1=0.0768  edit=18.00  segF1@50=0.22
[b2a][epoch 2/50] loss=3.0435  val_acc=0.3677  macroF1=0.0768  edit=18.00  segF1@50=0.22
[b2a][epoch 3/50] loss=2.7408  val_acc=0.3340  macroF1=0.0715  edit=9.67  segF1@50=0.00
[b2a][epoch 4/50] loss=2.5879  val_acc=0.4759  macroF1=0.1469  edit=23.33  segF1@50=0.22
[b2a][epoch 5/50] loss=2.3922  val_acc=0.6469  macroF1=0.2164  edit=37.00  segF1@50=0.24
[b2a][epoch 6/50] loss=1.9912  val_acc=0.6739  macroF1=0.2293  edit=37.00  segF1@50=0.24
[b2a][epoch 7/50] loss=1.9874  val_acc=0.4389  macroF1=0.1411  edit=16.33  segF1@50=0.02
[b2a][epoch 8/50] loss=2.2784  val_acc=0.6112  macroF1=0.2032  edit=28.52  segF1@50=0.24
[b2a][epoch 9/50] loss=1.6825  val_acc=0.6429  macroF1=0.2220  edit=31.33  segF1@50=0.15
[b2a][epoch 10/50] loss=1.4252  val_acc=0.6733  macroF1=0.2295  edit=31.44  segF1@50=0.17
[b2a][epoch 11/50] loss=1.3245  val_acc=0.6607  macroF1=0.2564  edit=45.11  segF1@50=0.20
[b2a][epoch 12/50] loss=1.2067  val_acc=0.7221  macroF1=0.3575  edit=37.21  segF1@50=0.25
[b2a][epoch 13/50] loss=1.1196  val_acc=0.7749  macroF1=0.4061  edit=47.10  segF1@50=0.34
[b2a][epoch 14/50] loss=1.0443  val_acc=0.7650  macroF1=0.3812  edit=37.97  segF1@50=0.25
[b2a][epoch 15/50] loss=0.9969  val_acc=0.8053  macroF1=0.4527  edit=42.00  segF1@50=0.31
[b2a][epoch 16/50] loss=0.9089  val_acc=0.8033  macroF1=0.4570  edit=32.44  segF1@50=0.27
[b2a][epoch 17/50] loss=0.8853  val_acc=0.8205  macroF1=0.4887  edit=32.92  segF1@50=0.30
[b2a][epoch 18/50] loss=0.7872  val_acc=0.8211  macroF1=0.4814  edit=35.44  segF1@50=0.36
[b2a][epoch 19/50] loss=0.7486  val_acc=0.8284  macroF1=0.4965  edit=29.55  segF1@50=0.30
[b2a][epoch 20/50] loss=0.8702  val_acc=0.8561  macroF1=0.5900  edit=30.81  segF1@50=0.28
[b2a][epoch 21/50] loss=0.8545  val_acc=0.8000  macroF1=0.5437  edit=38.73  segF1@50=0.33
[b2a][epoch 22/50] loss=0.7721  val_acc=0.8686  macroF1=0.6260  edit=30.78  segF1@50=0.30
[b2a][epoch 23/50] loss=0.6793  val_acc=0.8911  macroF1=0.7042  edit=42.72  segF1@50=0.43
[b2a][epoch 24/50] loss=0.6357  val_acc=0.9003  macroF1=0.6931  edit=32.67  segF1@50=0.30
[b2a][epoch 25/50] loss=0.5951  val_acc=0.9109  macroF1=0.7323  edit=36.97  segF1@50=0.33
[b2a][epoch 26/50] loss=0.5636  val_acc=0.9010  macroF1=0.6808  edit=30.29  segF1@50=0.33
[b2a][epoch 27/50] loss=0.5304  val_acc=0.9017  macroF1=0.6989  edit=37.21  segF1@50=0.32
[b2a][epoch 28/50] loss=0.4978  val_acc=0.9089  macroF1=0.7301  edit=33.33  segF1@50=0.31
[b2a][epoch 29/50] loss=0.4780  val_acc=0.9109  macroF1=0.7195  edit=38.91  segF1@50=0.36
[b2a][epoch 30/50] loss=0.4607  val_acc=0.9182  macroF1=0.7468  edit=42.78  segF1@50=0.41
[b2a][epoch 31/50] loss=0.4465  val_acc=0.9195  macroF1=0.7598  edit=41.44  segF1@50=0.45
[b2a][epoch 32/50] loss=0.5578  val_acc=0.9096  macroF1=0.7005  edit=48.41  segF1@50=0.55
[b2a][epoch 33/50] loss=0.5679  val_acc=0.9267  macroF1=0.7778  edit=39.24  segF1@50=0.38
[b2a][epoch 34/50] loss=0.5034  val_acc=0.8878  macroF1=0.6872  edit=34.96  segF1@50=0.28
[b2a][epoch 35/50] loss=0.4955  val_acc=0.9327  macroF1=0.7912  edit=41.99  segF1@50=0.43
[b2a][epoch 36/50] loss=0.4555  val_acc=0.8990  macroF1=0.6944  edit=31.45  segF1@50=0.29
[b2a][epoch 37/50] loss=0.4387  val_acc=0.9347  macroF1=0.7847  edit=42.17  segF1@50=0.44
[b2a][epoch 38/50] loss=0.4035  val_acc=0.9102  macroF1=0.7380  edit=37.09  segF1@50=0.35
[b2a][epoch 39/50] loss=0.3833  val_acc=0.9347  macroF1=0.7840  edit=45.78  segF1@50=0.45
[b2a][epoch 40/50] loss=0.3840  val_acc=0.9096  macroF1=0.7162  edit=31.86  segF1@50=0.29
[b2a][epoch 41/50] loss=0.3972  val_acc=0.9195  macroF1=0.7731  edit=40.96  segF1@50=0.42
[b2a][epoch 42/50] loss=0.3783  val_acc=0.9267  macroF1=0.7382  edit=46.28  segF1@50=0.48
[b2a][epoch 43/50] loss=0.3614  val_acc=0.9294  macroF1=0.7852  edit=40.68  segF1@50=0.42
[b2a][epoch 44/50] loss=0.3427  val_acc=0.9188  macroF1=0.7469  edit=36.46  segF1@50=0.38
[b2a][epoch 45/50] loss=0.3354  val_acc=0.9327  macroF1=0.7863  edit=40.33  segF1@50=0.42
[b2a][epoch 46/50] loss=0.3263  val_acc=0.9248  macroF1=0.7751  edit=41.70  segF1@50=0.41
[b2a][epoch 47/50] loss=0.3157  val_acc=0.9366  macroF1=0.7866  edit=43.40  segF1@50=0.48
[b2a][epoch 48/50] loss=0.3056  val_acc=0.9327  macroF1=0.7841  edit=42.06  segF1@50=0.42
[b2a][epoch 49/50] loss=0.2976  val_acc=0.9347  macroF1=0.7842  edit=41.86  segF1@50=0.43
[b2a][epoch 50/50] loss=0.2911  val_acc=0.9281  macroF1=0.7815  edit=40.68  segF1@50=0.42
[b2a] best @epoch 47: acc=0.9366 macroF1=0.7866
[b2a] evidence written -> /home/ubuntu/slocal2/m2/experiments/transfer/b2a_mask_dim_04_002_b2a_mask_dim_04_seed123
