[b2a] train clips=13  val clips=3  in_dim=2063  tool_source=pred  classes=9  device=cuda
[b2a] evidence dir: /home/ubuntu/slocal2/m2/experiments/transfer/b2a_mask_dim_09_002_b2a_mask_dim_09_seed123
[b2a][epoch 1/50] loss=3.5631  val_acc=0.3677  macroF1=0.0768  edit=18.00  segF1@50=0.22
[b2a][epoch 2/50] loss=3.0459  val_acc=0.3677  macroF1=0.0768  edit=18.00  segF1@50=0.22
[b2a][epoch 3/50] loss=2.7446  val_acc=0.3340  macroF1=0.0715  edit=9.67  segF1@50=0.00
[b2a][epoch 4/50] loss=2.5950  val_acc=0.4759  macroF1=0.1469  edit=20.67  segF1@50=0.22
[b2a][epoch 5/50] loss=2.4001  val_acc=0.6488  macroF1=0.2172  edit=34.33  segF1@50=0.24
[b2a][epoch 6/50] loss=2.0040  val_acc=0.6726  macroF1=0.2289  edit=37.00  segF1@50=0.24
[b2a][epoch 7/50] loss=2.0314  val_acc=0.4660  macroF1=0.1549  edit=26.33  segF1@50=0.02
[b2a][epoch 8/50] loss=2.1443  val_acc=0.6449  macroF1=0.2155  edit=33.19  segF1@50=0.26
[b2a][epoch 9/50] loss=1.6810  val_acc=0.6508  macroF1=0.2239  edit=38.33  segF1@50=0.20
[b2a][epoch 10/50] loss=1.4609  val_acc=0.6739  macroF1=0.2299  edit=27.33  segF1@50=0.17
[b2a][epoch 11/50] loss=1.3649  val_acc=0.6568  macroF1=0.2591  edit=50.67  segF1@50=0.20
[b2a][epoch 12/50] loss=1.2755  val_acc=0.6739  macroF1=0.2856  edit=33.67  segF1@50=0.25
[b2a][epoch 13/50] loss=1.1654  val_acc=0.7835  macroF1=0.4375  edit=30.22  segF1@50=0.25
[b2a][epoch 14/50] loss=1.0873  val_acc=0.7630  macroF1=0.3840  edit=35.85  segF1@50=0.24
[b2a][epoch 15/50] loss=1.0434  val_acc=0.7399  macroF1=0.3727  edit=38.00  segF1@50=0.26
[b2a][epoch 16/50] loss=0.9556  val_acc=0.7842  macroF1=0.4107  edit=42.00  segF1@50=0.30
[b2a][epoch 17/50] loss=0.9274  val_acc=0.8139  macroF1=0.5302  edit=28.63  segF1@50=0.22
[b2a][epoch 18/50] loss=0.8419  val_acc=0.8145  macroF1=0.4587  edit=31.98  segF1@50=0.30
[b2a][epoch 19/50] loss=0.8266  val_acc=0.8092  macroF1=0.4921  edit=25.90  segF1@50=0.17
[b2a][epoch 20/50] loss=0.9881  val_acc=0.7756  macroF1=0.4212  edit=32.29  segF1@50=0.26
[b2a][epoch 21/50] loss=0.9800  val_acc=0.8297  macroF1=0.5870  edit=30.39  segF1@50=0.30
[b2a][epoch 22/50] loss=0.8182  val_acc=0.8251  macroF1=0.5360  edit=24.73  segF1@50=0.21
[b2a][epoch 23/50] loss=0.7583  val_acc=0.8812  macroF1=0.6638  edit=31.75  segF1@50=0.30
[b2a][epoch 24/50] loss=0.6786  val_acc=0.8686  macroF1=0.6587  edit=35.95  segF1@50=0.29
[b2a][epoch 25/50] loss=0.6418  val_acc=0.8957  macroF1=0.7118  edit=37.65  segF1@50=0.32
[b2a][epoch 26/50] loss=0.5966  val_acc=0.8957  macroF1=0.6758  edit=36.17  segF1@50=0.38
[b2a][epoch 27/50] loss=0.5650  val_acc=0.8700  macroF1=0.6539  edit=41.18  segF1@50=0.32
[b2a][epoch 28/50] loss=0.5559  val_acc=0.8818  macroF1=0.6981  edit=29.69  segF1@50=0.27
[b2a][epoch 29/50] loss=0.5434  val_acc=0.8944  macroF1=0.6786  edit=30.03  segF1@50=0.31
[b2a][epoch 30/50] loss=0.5430  val_acc=0.9129  macroF1=0.7377  edit=44.13  segF1@50=0.39
[b2a][epoch 31/50] loss=0.5082  val_acc=0.9043  macroF1=0.6951  edit=39.84  segF1@50=0.36
[b2a][epoch 32/50] loss=0.4753  val_acc=0.8759  macroF1=0.6852  edit=36.98  segF1@50=0.34
[b2a][epoch 33/50] loss=0.4557  val_acc=0.9208  macroF1=0.7653  edit=43.03  segF1@50=0.43
[b2a][epoch 34/50] loss=0.4418  val_acc=0.8997  macroF1=0.7026  edit=36.23  segF1@50=0.32
[b2a][epoch 35/50] loss=0.4302  val_acc=0.9254  macroF1=0.7810  edit=41.98  segF1@50=0.43
[b2a][epoch 36/50] loss=0.4169  val_acc=0.8851  macroF1=0.6795  edit=34.81  segF1@50=0.33
[b2a][epoch 37/50] loss=0.4189  val_acc=0.9234  macroF1=0.7773  edit=41.52  segF1@50=0.40
[b2a][epoch 38/50] loss=0.4226  val_acc=0.9096  macroF1=0.6866  edit=39.84  segF1@50=0.41
[b2a][epoch 39/50] loss=0.4291  val_acc=0.9267  macroF1=0.7794  edit=39.80  segF1@50=0.39
[b2a][epoch 40/50] loss=0.4499  val_acc=0.8924  macroF1=0.6502  edit=35.78  segF1@50=0.32
[b2a][epoch 41/50] loss=0.4594  val_acc=0.8686  macroF1=0.7184  edit=25.46  segF1@50=0.27
[b2a][epoch 42/50] loss=0.4131  val_acc=0.9221  macroF1=0.7501  edit=43.56  segF1@50=0.43
[b2a][epoch 43/50] loss=0.4565  val_acc=0.9162  macroF1=0.7513  edit=41.94  segF1@50=0.41
[b2a][epoch 44/50] loss=0.4397  val_acc=0.9135  macroF1=0.7623  edit=32.79  segF1@50=0.35
[b2a][epoch 45/50] loss=0.3963  val_acc=0.8792  macroF1=0.7448  edit=26.79  segF1@50=0.23
[b2a][epoch 46/50] loss=0.4022  val_acc=0.9109  macroF1=0.7398  edit=45.33  segF1@50=0.47
[b2a][epoch 47/50] loss=0.4309  val_acc=0.9248  macroF1=0.7622  edit=29.76  segF1@50=0.29
[b2a][epoch 48/50] loss=0.4258  val_acc=0.8759  macroF1=0.6963  edit=47.25  segF1@50=0.49
[b2a][epoch 49/50] loss=0.3988  val_acc=0.8686  macroF1=0.7123  edit=30.49  segF1@50=0.29
[b2a][epoch 50/50] loss=0.3861  val_acc=0.9175  macroF1=0.7513  edit=45.92  segF1@50=0.47
[b2a] best @epoch 39: acc=0.9267 macroF1=0.7794
[b2a] evidence written -> /home/ubuntu/slocal2/m2/experiments/transfer/b2a_mask_dim_09_002_b2a_mask_dim_09_seed123
