[b2a] train clips=13  val clips=3  in_dim=2063  tool_source=pred  classes=9  device=cuda
[b2a] evidence dir: /home/ubuntu/slocal2/m2/experiments/transfer/b2a_mask_dim_14_003_b2a_mask_dim_14_seed456
[b2a][epoch 1/50] loss=3.4929  val_acc=0.3340  macroF1=0.0715  edit=9.67  segF1@50=0.00
[b2a][epoch 2/50] loss=2.8884  val_acc=0.3650  macroF1=0.0767  edit=2.67  segF1@50=0.17
[b2a][epoch 3/50] loss=2.6955  val_acc=0.3340  macroF1=0.0715  edit=9.67  segF1@50=0.00
[b2a][epoch 4/50] loss=2.6022  val_acc=0.3677  macroF1=0.0768  edit=18.00  segF1@50=0.22
[b2a][epoch 5/50] loss=2.3541  val_acc=0.6799  macroF1=0.2282  edit=34.33  segF1@50=0.17
[b2a][epoch 6/50] loss=2.0448  val_acc=0.4812  macroF1=0.1618  edit=28.56  segF1@50=0.10
[b2a][epoch 7/50] loss=2.1990  val_acc=0.3340  macroF1=0.0715  edit=9.67  segF1@50=0.00
[b2a][epoch 8/50] loss=2.2274  val_acc=0.6759  macroF1=0.2278  edit=27.50  segF1@50=0.28
[b2a][epoch 9/50] loss=1.7272  val_acc=0.6198  macroF1=0.2144  edit=31.00  segF1@50=0.14
[b2a][epoch 10/50] loss=1.5426  val_acc=0.6231  macroF1=0.2148  edit=32.78  segF1@50=0.17
[b2a][epoch 11/50] loss=1.3670  val_acc=0.6535  macroF1=0.2455  edit=39.04  segF1@50=0.24
[b2a][epoch 12/50] loss=1.2165  val_acc=0.7076  macroF1=0.3378  edit=33.63  segF1@50=0.21
[b2a][epoch 13/50] loss=1.1174  val_acc=0.7597  macroF1=0.3987  edit=29.29  segF1@50=0.22
[b2a][epoch 14/50] loss=1.0334  val_acc=0.7947  macroF1=0.4520  edit=30.93  segF1@50=0.26
[b2a][epoch 15/50] loss=0.9627  val_acc=0.7894  macroF1=0.4363  edit=36.09  segF1@50=0.29
[b2a][epoch 16/50] loss=0.9186  val_acc=0.8541  macroF1=0.6052  edit=26.76  segF1@50=0.22
[b2a][epoch 17/50] loss=0.8498  val_acc=0.8627  macroF1=0.6051  edit=30.16  segF1@50=0.28
[b2a][epoch 18/50] loss=0.7752  val_acc=0.8884  macroF1=0.6687  edit=37.48  segF1@50=0.40
[b2a][epoch 19/50] loss=0.7115  val_acc=0.8970  macroF1=0.6716  edit=37.19  segF1@50=0.31
[b2a][epoch 20/50] loss=0.6823  val_acc=0.8917  macroF1=0.6886  edit=38.46  segF1@50=0.32
[b2a][epoch 21/50] loss=0.6996  val_acc=0.8832  macroF1=0.7056  edit=33.61  segF1@50=0.29
[b2a][epoch 22/50] loss=0.6694  val_acc=0.8851  macroF1=0.6441  edit=22.51  segF1@50=0.28
[b2a][epoch 23/50] loss=0.6406  val_acc=0.9010  macroF1=0.7308  edit=35.00  segF1@50=0.33
[b2a][epoch 24/50] loss=0.5983  val_acc=0.9010  macroF1=0.6761  edit=35.56  segF1@50=0.31
[b2a][epoch 25/50] loss=0.5504  val_acc=0.9069  macroF1=0.7077  edit=40.13  segF1@50=0.37
[b2a][epoch 26/50] loss=0.5207  val_acc=0.9149  macroF1=0.7293  edit=38.52  segF1@50=0.38
[b2a][epoch 27/50] loss=0.4843  val_acc=0.9215  macroF1=0.7503  edit=44.44  segF1@50=0.44
[b2a][epoch 28/50] loss=0.4758  val_acc=0.9155  macroF1=0.7262  edit=40.44  segF1@50=0.38
[b2a][epoch 29/50] loss=0.4636  val_acc=0.9076  macroF1=0.7589  edit=37.12  segF1@50=0.40
[b2a][epoch 30/50] loss=0.4380  val_acc=0.9267  macroF1=0.7598  edit=42.59  segF1@50=0.43
[b2a][epoch 31/50] loss=0.4546  val_acc=0.9155  macroF1=0.7638  edit=43.56  segF1@50=0.41
[b2a][epoch 32/50] loss=0.6632  val_acc=0.9135  macroF1=0.6780  edit=37.39  segF1@50=0.43
[b2a][epoch 33/50] loss=0.5875  val_acc=0.9215  macroF1=0.7476  edit=47.44  segF1@50=0.47
[b2a][epoch 34/50] loss=0.5220  val_acc=0.9175  macroF1=0.7604  edit=35.33  segF1@50=0.37
[b2a][epoch 35/50] loss=0.4695  val_acc=0.8865  macroF1=0.7417  edit=36.39  segF1@50=0.30
[b2a][epoch 36/50] loss=0.5263  val_acc=0.8772  macroF1=0.7485  edit=44.07  segF1@50=0.39
[b2a][epoch 37/50] loss=0.4538  val_acc=0.9076  macroF1=0.7644  edit=47.29  segF1@50=0.48
[b2a][epoch 38/50] loss=0.4033  val_acc=0.9281  macroF1=0.7750  edit=44.14  segF1@50=0.48
[b2a][epoch 39/50] loss=0.3781  val_acc=0.9089  macroF1=0.7651  edit=31.34  segF1@50=0.34
[b2a][epoch 40/50] loss=0.3634  val_acc=0.9314  macroF1=0.7790  edit=42.00  segF1@50=0.43
[b2a][epoch 41/50] loss=0.3473  val_acc=0.9261  macroF1=0.7814  edit=40.01  segF1@50=0.42
[b2a][epoch 42/50] loss=0.3325  val_acc=0.9287  macroF1=0.7769  edit=42.47  segF1@50=0.46
[b2a][epoch 43/50] loss=0.3249  val_acc=0.9314  macroF1=0.7892  edit=42.98  segF1@50=0.42
[b2a][epoch 44/50] loss=0.3205  val_acc=0.9221  macroF1=0.7727  edit=39.17  segF1@50=0.41
[b2a][epoch 45/50] loss=0.3129  val_acc=0.9353  macroF1=0.7894  edit=44.67  segF1@50=0.43
[b2a][epoch 46/50] loss=0.3052  val_acc=0.9195  macroF1=0.7709  edit=38.10  segF1@50=0.39
[b2a][epoch 47/50] loss=0.2970  val_acc=0.9366  macroF1=0.7870  edit=43.81  segF1@50=0.45
[b2a][epoch 48/50] loss=0.2937  val_acc=0.9274  macroF1=0.7813  edit=40.68  segF1@50=0.42
[b2a][epoch 49/50] loss=0.3420  val_acc=0.8713  macroF1=0.6944  edit=40.25  segF1@50=0.40
[b2a][epoch 50/50] loss=0.3718  val_acc=0.9175  macroF1=0.7376  edit=45.11  segF1@50=0.50
[b2a] best @epoch 47: acc=0.9366 macroF1=0.7870
[b2a] evidence written -> /home/ubuntu/slocal2/m2/experiments/transfer/b2a_mask_dim_14_003_b2a_mask_dim_14_seed456
