[b2a] train clips=13  val clips=3  in_dim=2063  tool_source=oracle  classes=9  device=cuda
[b2a] evidence dir: /home/ubuntu/slocal2/m2/experiments/transfer/b2a_oracle_mask_10_002_b2a_oracle_mask_10_seed123
[b2a][epoch 1/50] loss=3.5610  val_acc=0.3677  macroF1=0.0768  edit=18.00  segF1@50=0.22
[b2a][epoch 2/50] loss=3.0406  val_acc=0.3677  macroF1=0.0768  edit=18.00  segF1@50=0.22
[b2a][epoch 3/50] loss=2.7362  val_acc=0.3340  macroF1=0.0715  edit=9.67  segF1@50=0.00
[b2a][epoch 4/50] loss=2.5782  val_acc=0.4759  macroF1=0.1469  edit=20.67  segF1@50=0.22
[b2a][epoch 5/50] loss=2.3794  val_acc=0.6455  macroF1=0.2160  edit=38.33  segF1@50=0.22
[b2a][epoch 6/50] loss=1.9737  val_acc=0.6752  macroF1=0.2296  edit=31.67  segF1@50=0.22
[b2a][epoch 7/50] loss=1.9698  val_acc=0.4409  macroF1=0.1421  edit=13.67  segF1@50=0.02
[b2a][epoch 8/50] loss=2.2693  val_acc=0.6119  macroF1=0.2034  edit=31.85  segF1@50=0.25
[b2a][epoch 9/50] loss=1.6866  val_acc=0.6403  macroF1=0.2214  edit=32.67  segF1@50=0.14
[b2a][epoch 10/50] loss=1.4266  val_acc=0.6752  macroF1=0.2301  edit=34.33  segF1@50=0.24
[b2a][epoch 11/50] loss=1.3245  val_acc=0.6634  macroF1=0.2572  edit=45.11  segF1@50=0.21
[b2a][epoch 12/50] loss=1.2110  val_acc=0.7353  macroF1=0.3701  edit=39.13  segF1@50=0.27
[b2a][epoch 13/50] loss=1.1199  val_acc=0.7795  macroF1=0.4090  edit=53.33  segF1@50=0.38
[b2a][epoch 14/50] loss=1.0437  val_acc=0.7776  macroF1=0.4019  edit=50.67  segF1@50=0.29
[b2a][epoch 15/50] loss=0.9987  val_acc=0.8139  macroF1=0.4604  edit=43.09  segF1@50=0.35
[b2a][epoch 16/50] loss=0.9123  val_acc=0.8158  macroF1=0.4683  edit=24.77  segF1@50=0.28
[b2a][epoch 17/50] loss=0.8906  val_acc=0.8251  macroF1=0.4912  edit=39.44  segF1@50=0.35
[b2a][epoch 18/50] loss=0.7891  val_acc=0.8521  macroF1=0.5534  edit=29.27  segF1@50=0.27
[b2a][epoch 19/50] loss=0.7505  val_acc=0.8389  macroF1=0.5217  edit=57.05  segF1@50=0.47
[b2a][epoch 20/50] loss=0.8428  val_acc=0.8799  macroF1=0.6238  edit=39.11  segF1@50=0.42
[b2a][epoch 21/50] loss=0.8327  val_acc=0.7795  macroF1=0.4915  edit=38.00  segF1@50=0.33
[b2a][epoch 22/50] loss=0.7636  val_acc=0.9030  macroF1=0.6603  edit=36.69  segF1@50=0.38
[b2a][epoch 23/50] loss=0.6637  val_acc=0.9056  macroF1=0.7401  edit=47.67  segF1@50=0.41
[b2a][epoch 24/50] loss=0.6093  val_acc=0.9208  macroF1=0.7406  edit=50.56  segF1@50=0.53
[b2a][epoch 25/50] loss=0.5730  val_acc=0.9267  macroF1=0.7577  edit=58.67  segF1@50=0.57
[b2a][epoch 26/50] loss=0.5389  val_acc=0.9129  macroF1=0.7415  edit=51.33  segF1@50=0.55
[b2a][epoch 27/50] loss=0.5255  val_acc=0.9201  macroF1=0.7305  edit=46.33  segF1@50=0.45
[b2a][epoch 28/50] loss=0.5387  val_acc=0.9294  macroF1=0.7624  edit=51.67  segF1@50=0.55
[b2a][epoch 29/50] loss=0.5231  val_acc=0.9089  macroF1=0.7343  edit=54.67  segF1@50=0.51
[b2a][epoch 30/50] loss=0.4766  val_acc=0.9215  macroF1=0.7752  edit=43.66  segF1@50=0.41
[b2a][epoch 31/50] loss=0.4473  val_acc=0.9419  macroF1=0.8033  edit=48.95  segF1@50=0.50
[b2a][epoch 32/50] loss=0.4382  val_acc=0.9347  macroF1=0.7729  edit=52.22  segF1@50=0.52
[b2a][epoch 33/50] loss=0.4360  val_acc=0.9360  macroF1=0.7968  edit=41.49  segF1@50=0.40
[b2a][epoch 34/50] loss=0.4819  val_acc=0.9228  macroF1=0.7096  edit=43.11  segF1@50=0.44
[b2a][epoch 35/50] loss=0.4789  val_acc=0.9314  macroF1=0.7965  edit=45.04  segF1@50=0.43
[b2a][epoch 36/50] loss=0.4354  val_acc=0.9300  macroF1=0.7616  edit=43.78  segF1@50=0.40
[b2a][epoch 37/50] loss=0.4223  val_acc=0.9432  macroF1=0.8085  edit=48.25  segF1@50=0.54
[b2a][epoch 38/50] loss=0.4225  val_acc=0.9373  macroF1=0.7811  edit=45.92  segF1@50=0.45
[b2a][epoch 39/50] loss=0.4007  val_acc=0.9518  macroF1=0.8219  edit=45.08  segF1@50=0.49
[b2a][epoch 40/50] loss=0.4176  val_acc=0.9254  macroF1=0.7245  edit=37.78  segF1@50=0.36
[b2a][epoch 41/50] loss=0.4229  val_acc=0.8713  macroF1=0.7068  edit=42.78  segF1@50=0.42
[b2a][epoch 42/50] loss=0.4329  val_acc=0.9465  macroF1=0.8068  edit=48.32  segF1@50=0.58
[b2a][epoch 43/50] loss=0.4119  val_acc=0.9373  macroF1=0.7997  edit=41.11  segF1@50=0.45
[b2a][epoch 44/50] loss=0.3762  val_acc=0.9366  macroF1=0.7919  edit=42.71  segF1@50=0.43
[b2a][epoch 45/50] loss=0.3493  val_acc=0.9531  macroF1=0.8175  edit=47.30  segF1@50=0.51
[b2a][epoch 46/50] loss=0.3325  val_acc=0.9505  macroF1=0.8200  edit=44.76  segF1@50=0.47
[b2a][epoch 47/50] loss=0.3225  val_acc=0.9571  macroF1=0.8209  edit=48.03  segF1@50=0.51
[b2a][epoch 48/50] loss=0.3097  val_acc=0.9545  macroF1=0.8204  edit=47.09  segF1@50=0.48
[b2a][epoch 49/50] loss=0.3017  val_acc=0.9578  macroF1=0.8229  edit=50.79  segF1@50=0.51
[b2a][epoch 50/50] loss=0.2947  val_acc=0.9551  macroF1=0.8185  edit=48.89  segF1@50=0.49
[b2a] best @epoch 49: acc=0.9578 macroF1=0.8229
[b2a] evidence written -> /home/ubuntu/slocal2/m2/experiments/transfer/b2a_oracle_mask_10_002_b2a_oracle_mask_10_seed123
