[b2a] train clips=13  val clips=3  in_dim=2063  tool_source=oracle  classes=9  device=cuda
[b2a] evidence dir: /home/ubuntu/slocal2/m2/experiments/transfer/b2a_oracle_mask_07_003_b2a_oracle_mask_07_seed456
[b2a][epoch 1/50] loss=3.4895  val_acc=0.3340  macroF1=0.0715  edit=9.67  segF1@50=0.00
[b2a][epoch 2/50] loss=2.8854  val_acc=0.3650  macroF1=0.0767  edit=2.67  segF1@50=0.17
[b2a][epoch 3/50] loss=2.6877  val_acc=0.3340  macroF1=0.0715  edit=9.67  segF1@50=0.00
[b2a][epoch 4/50] loss=2.5855  val_acc=0.3677  macroF1=0.0768  edit=18.00  segF1@50=0.22
[b2a][epoch 5/50] loss=2.3249  val_acc=0.6805  macroF1=0.2286  edit=27.33  segF1@50=0.11
[b2a][epoch 6/50] loss=1.9825  val_acc=0.4825  macroF1=0.1624  edit=41.00  segF1@50=0.18
[b2a][epoch 7/50] loss=2.1043  val_acc=0.3340  macroF1=0.0715  edit=9.67  segF1@50=0.00
[b2a][epoch 8/50] loss=2.1102  val_acc=0.6680  macroF1=0.2262  edit=32.38  segF1@50=0.22
[b2a][epoch 9/50] loss=1.7191  val_acc=0.6528  macroF1=0.2247  edit=30.00  segF1@50=0.17
[b2a][epoch 10/50] loss=1.4785  val_acc=0.6356  macroF1=0.2194  edit=29.10  segF1@50=0.12
[b2a][epoch 11/50] loss=1.3042  val_acc=0.6482  macroF1=0.2582  edit=35.05  segF1@50=0.23
[b2a][epoch 12/50] loss=1.1852  val_acc=0.7584  macroF1=0.3787  edit=36.71  segF1@50=0.30
[b2a][epoch 13/50] loss=1.0721  val_acc=0.7842  macroF1=0.4255  edit=39.68  segF1@50=0.29
[b2a][epoch 14/50] loss=0.9851  val_acc=0.8218  macroF1=0.4811  edit=25.26  segF1@50=0.23
[b2a][epoch 15/50] loss=0.9111  val_acc=0.8211  macroF1=0.4770  edit=40.20  segF1@50=0.36
[b2a][epoch 16/50] loss=0.8652  val_acc=0.8917  macroF1=0.6514  edit=38.81  segF1@50=0.37
[b2a][epoch 17/50] loss=0.8137  val_acc=0.9056  macroF1=0.6689  edit=36.29  segF1@50=0.34
[b2a][epoch 18/50] loss=0.7484  val_acc=0.9096  macroF1=0.6825  edit=41.00  segF1@50=0.39
[b2a][epoch 19/50] loss=0.6823  val_acc=0.9109  macroF1=0.6941  edit=43.30  segF1@50=0.38
[b2a][epoch 20/50] loss=0.6797  val_acc=0.9162  macroF1=0.7361  edit=40.33  segF1@50=0.39
[b2a][epoch 21/50] loss=0.6565  val_acc=0.9201  macroF1=0.7541  edit=45.91  segF1@50=0.41
[b2a][epoch 22/50] loss=0.6225  val_acc=0.9201  macroF1=0.6850  edit=43.78  segF1@50=0.44
[b2a][epoch 23/50] loss=0.5902  val_acc=0.9261  macroF1=0.7708  edit=49.21  segF1@50=0.45
[b2a][epoch 24/50] loss=0.5577  val_acc=0.9043  macroF1=0.6752  edit=40.89  segF1@50=0.42
[b2a][epoch 25/50] loss=0.5243  val_acc=0.9320  macroF1=0.7676  edit=47.22  segF1@50=0.47
[b2a][epoch 26/50] loss=0.5000  val_acc=0.9347  macroF1=0.7616  edit=46.83  segF1@50=0.50
[b2a][epoch 27/50] loss=0.4815  val_acc=0.9386  macroF1=0.7937  edit=48.93  segF1@50=0.49
[b2a][epoch 28/50] loss=0.4716  val_acc=0.9261  macroF1=0.7315  edit=43.44  segF1@50=0.44
[b2a][epoch 29/50] loss=0.4627  val_acc=0.9327  macroF1=0.8024  edit=43.33  segF1@50=0.46
[b2a][epoch 30/50] loss=0.4540  val_acc=0.9432  macroF1=0.8018  edit=55.93  segF1@50=0.64
[b2a][epoch 31/50] loss=0.5185  val_acc=0.9215  macroF1=0.7820  edit=40.32  segF1@50=0.43
[b2a][epoch 32/50] loss=0.5957  val_acc=0.9234  macroF1=0.7031  edit=39.30  segF1@50=0.38
[b2a][epoch 33/50] loss=0.5121  val_acc=0.9413  macroF1=0.8022  edit=51.78  segF1@50=0.57
[b2a][epoch 34/50] loss=0.4611  val_acc=0.9485  macroF1=0.8148  edit=53.35  segF1@50=0.60
[b2a][epoch 35/50] loss=0.4733  val_acc=0.9459  macroF1=0.8086  edit=50.63  segF1@50=0.56
[b2a][epoch 36/50] loss=0.4273  val_acc=0.9399  macroF1=0.8096  edit=40.13  segF1@50=0.42
[b2a][epoch 37/50] loss=0.4054  val_acc=0.9531  macroF1=0.8205  edit=47.78  segF1@50=0.50
[b2a][epoch 38/50] loss=0.3645  val_acc=0.9518  macroF1=0.8193  edit=52.03  segF1@50=0.55
[b2a][epoch 39/50] loss=0.3515  val_acc=0.9492  macroF1=0.8193  edit=45.17  segF1@50=0.50
[b2a][epoch 40/50] loss=0.3389  val_acc=0.9525  macroF1=0.8197  edit=49.03  segF1@50=0.53
[b2a][epoch 41/50] loss=0.3293  val_acc=0.9531  macroF1=0.8216  edit=50.12  segF1@50=0.53
[b2a][epoch 42/50] loss=0.3213  val_acc=0.9571  macroF1=0.8230  edit=55.11  segF1@50=0.60
[b2a][epoch 43/50] loss=0.3144  val_acc=0.9545  macroF1=0.8207  edit=53.93  segF1@50=0.56
[b2a][epoch 44/50] loss=0.3157  val_acc=0.9492  macroF1=0.8124  edit=49.19  segF1@50=0.50
[b2a][epoch 45/50] loss=0.3104  val_acc=0.9426  macroF1=0.8032  edit=46.46  segF1@50=0.51
[b2a][epoch 46/50] loss=0.3265  val_acc=0.9551  macroF1=0.8233  edit=51.30  segF1@50=0.54
[b2a][epoch 47/50] loss=0.3848  val_acc=0.9413  macroF1=0.7838  edit=49.38  segF1@50=0.50
[b2a][epoch 48/50] loss=0.3205  val_acc=0.9538  macroF1=0.8212  edit=50.25  segF1@50=0.59
[b2a][epoch 49/50] loss=0.2985  val_acc=0.9578  macroF1=0.8239  edit=56.35  segF1@50=0.63
[b2a][epoch 50/50] loss=0.2851  val_acc=0.9551  macroF1=0.8238  edit=52.89  segF1@50=0.55
[b2a] best @epoch 49: acc=0.9578 macroF1=0.8239
[b2a] evidence written -> /home/ubuntu/slocal2/m2/experiments/transfer/b2a_oracle_mask_07_003_b2a_oracle_mask_07_seed456
