[b2a] train clips=13  val clips=3  in_dim=2063  tool_source=pred  classes=9  device=cuda
[b2a] evidence dir: /home/ubuntu/slocal2/m2/experiments/transfer/b2a_mask_dim_10_003_b2a_mask_dim_10_seed456
[b2a][epoch 1/50] loss=3.4896  val_acc=0.3340  macroF1=0.0715  edit=9.67  segF1@50=0.00
[b2a][epoch 2/50] loss=2.8882  val_acc=0.3650  macroF1=0.0767  edit=2.67  segF1@50=0.17
[b2a][epoch 3/50] loss=2.6958  val_acc=0.3340  macroF1=0.0715  edit=9.67  segF1@50=0.00
[b2a][epoch 4/50] loss=2.6026  val_acc=0.3677  macroF1=0.0768  edit=18.00  segF1@50=0.22
[b2a][epoch 5/50] loss=2.3619  val_acc=0.6653  macroF1=0.2230  edit=25.89  segF1@50=0.08
[b2a][epoch 6/50] loss=2.0526  val_acc=0.4845  macroF1=0.1633  edit=31.33  segF1@50=0.12
[b2a][epoch 7/50] loss=2.2369  val_acc=0.3340  macroF1=0.0715  edit=9.67  segF1@50=0.00
[b2a][epoch 8/50] loss=2.3163  val_acc=0.6079  macroF1=0.2048  edit=34.25  segF1@50=0.25
[b2a][epoch 9/50] loss=1.7633  val_acc=0.5617  macroF1=0.1947  edit=29.29  segF1@50=0.11
[b2a][epoch 10/50] loss=1.6482  val_acc=0.6528  macroF1=0.2240  edit=35.67  segF1@50=0.21
[b2a][epoch 11/50] loss=1.4187  val_acc=0.6739  macroF1=0.2617  edit=33.79  segF1@50=0.26
[b2a][epoch 12/50] loss=1.2588  val_acc=0.6977  macroF1=0.3384  edit=34.72  segF1@50=0.22
[b2a][epoch 13/50] loss=1.1612  val_acc=0.7512  macroF1=0.3870  edit=23.82  segF1@50=0.19
[b2a][epoch 14/50] loss=1.0813  val_acc=0.7947  macroF1=0.4620  edit=28.15  segF1@50=0.21
[b2a][epoch 15/50] loss=0.9959  val_acc=0.7802  macroF1=0.4259  edit=30.41  segF1@50=0.24
[b2a][epoch 16/50] loss=0.9399  val_acc=0.8620  macroF1=0.6199  edit=29.02  segF1@50=0.28
[b2a][epoch 17/50] loss=0.8723  val_acc=0.8574  macroF1=0.6090  edit=33.78  segF1@50=0.29
[b2a][epoch 18/50] loss=0.8036  val_acc=0.8865  macroF1=0.6691  edit=38.33  segF1@50=0.45
[b2a][epoch 19/50] loss=0.7523  val_acc=0.8924  macroF1=0.6703  edit=40.44  segF1@50=0.36
[b2a][epoch 20/50] loss=0.7278  val_acc=0.8455  macroF1=0.6590  edit=28.09  segF1@50=0.24
[b2a][epoch 21/50] loss=0.7539  val_acc=0.8772  macroF1=0.6886  edit=34.36  segF1@50=0.27
[b2a][epoch 22/50] loss=0.6641  val_acc=0.8845  macroF1=0.6529  edit=28.13  segF1@50=0.28
[b2a][epoch 23/50] loss=0.6434  val_acc=0.8931  macroF1=0.7302  edit=36.90  segF1@50=0.32
[b2a][epoch 24/50] loss=0.6039  val_acc=0.8792  macroF1=0.6486  edit=33.78  segF1@50=0.30
[b2a][epoch 25/50] loss=0.5599  val_acc=0.9050  macroF1=0.7095  edit=39.51  segF1@50=0.34
[b2a][epoch 26/50] loss=0.5373  val_acc=0.9076  macroF1=0.6963  edit=39.85  segF1@50=0.38
[b2a][epoch 27/50] loss=0.5377  val_acc=0.8858  macroF1=0.7393  edit=43.69  segF1@50=0.45
[b2a][epoch 28/50] loss=0.5156  val_acc=0.9089  macroF1=0.6936  edit=42.74  segF1@50=0.40
[b2a][epoch 29/50] loss=0.5023  val_acc=0.9116  macroF1=0.7586  edit=42.86  segF1@50=0.45
[b2a][epoch 30/50] loss=0.4652  val_acc=0.9162  macroF1=0.7682  edit=41.59  segF1@50=0.42
[b2a][epoch 31/50] loss=0.4837  val_acc=0.9135  macroF1=0.7318  edit=41.79  segF1@50=0.47
[b2a][epoch 32/50] loss=0.4600  val_acc=0.9076  macroF1=0.7053  edit=36.67  segF1@50=0.34
[b2a][epoch 33/50] loss=0.4251  val_acc=0.9307  macroF1=0.7932  edit=51.33  segF1@50=0.55
[b2a][epoch 34/50] loss=0.4096  val_acc=0.9201  macroF1=0.7614  edit=42.51  segF1@50=0.45
[b2a][epoch 35/50] loss=0.3934  val_acc=0.9241  macroF1=0.7813  edit=48.10  segF1@50=0.50
[b2a][epoch 36/50] loss=0.3916  val_acc=0.9162  macroF1=0.7475  edit=37.21  segF1@50=0.39
[b2a][epoch 37/50] loss=0.3908  val_acc=0.9300  macroF1=0.7938  edit=44.70  segF1@50=0.44
[b2a][epoch 38/50] loss=0.3750  val_acc=0.9254  macroF1=0.7866  edit=39.90  segF1@50=0.41
[b2a][epoch 39/50] loss=0.4094  val_acc=0.9149  macroF1=0.7432  edit=45.25  segF1@50=0.47
[b2a][epoch 40/50] loss=0.3707  val_acc=0.9030  macroF1=0.7640  edit=40.00  segF1@50=0.38
[b2a][epoch 41/50] loss=0.3535  val_acc=0.9373  macroF1=0.7893  edit=50.93  segF1@50=0.57
[b2a][epoch 42/50] loss=0.3818  val_acc=0.9162  macroF1=0.7735  edit=46.44  segF1@50=0.49
[b2a][epoch 43/50] loss=0.3516  val_acc=0.9142  macroF1=0.7609  edit=38.69  segF1@50=0.38
[b2a][epoch 44/50] loss=0.3282  val_acc=0.9274  macroF1=0.7756  edit=47.51  segF1@50=0.49
[b2a][epoch 45/50] loss=0.3105  val_acc=0.9254  macroF1=0.7809  edit=40.84  segF1@50=0.39
[b2a][epoch 46/50] loss=0.2963  val_acc=0.9340  macroF1=0.7924  edit=45.08  segF1@50=0.48
[b2a][epoch 47/50] loss=0.2860  val_acc=0.9281  macroF1=0.7880  edit=41.80  segF1@50=0.40
[b2a][epoch 48/50] loss=0.3113  val_acc=0.9195  macroF1=0.7354  edit=43.78  segF1@50=0.49
[b2a][epoch 49/50] loss=0.4616  val_acc=0.8673  macroF1=0.6832  edit=39.28  segF1@50=0.34
[b2a][epoch 50/50] loss=0.4338  val_acc=0.9234  macroF1=0.7927  edit=34.95  segF1@50=0.34
[b2a] best @epoch 41: acc=0.9373 macroF1=0.7893
[b2a] evidence written -> /home/ubuntu/slocal2/m2/experiments/transfer/b2a_mask_dim_10_003_b2a_mask_dim_10_seed456
