[b2a] train clips=13  val clips=3  in_dim=2063  tool_source=pred  classes=9  device=cuda
[b2a] evidence dir: /home/ubuntu/slocal2/m2/experiments/transfer/b2a_mask_dim_10_002_b2a_mask_dim_10_seed123
[b2a][epoch 1/50] loss=3.5624  val_acc=0.3677  macroF1=0.0768  edit=18.00  segF1@50=0.22
[b2a][epoch 2/50] loss=3.0448  val_acc=0.3677  macroF1=0.0768  edit=18.00  segF1@50=0.22
[b2a][epoch 3/50] loss=2.7425  val_acc=0.3340  macroF1=0.0715  edit=9.67  segF1@50=0.00
[b2a][epoch 4/50] loss=2.5920  val_acc=0.4759  macroF1=0.1469  edit=23.33  segF1@50=0.22
[b2a][epoch 5/50] loss=2.4027  val_acc=0.6310  macroF1=0.2106  edit=34.33  segF1@50=0.22
[b2a][epoch 6/50] loss=2.0242  val_acc=0.6759  macroF1=0.2298  edit=35.67  segF1@50=0.22
[b2a][epoch 7/50] loss=2.0194  val_acc=0.4403  macroF1=0.1418  edit=16.33  segF1@50=0.02
[b2a][epoch 8/50] loss=2.2254  val_acc=0.6165  macroF1=0.2051  edit=38.33  segF1@50=0.22
[b2a][epoch 9/50] loss=1.6869  val_acc=0.6482  macroF1=0.2233  edit=32.67  segF1@50=0.14
[b2a][epoch 10/50] loss=1.4465  val_acc=0.6726  macroF1=0.2295  edit=27.33  segF1@50=0.17
[b2a][epoch 11/50] loss=1.3479  val_acc=0.6640  macroF1=0.2561  edit=31.44  segF1@50=0.15
[b2a][epoch 12/50] loss=1.2363  val_acc=0.6917  macroF1=0.3187  edit=26.70  segF1@50=0.21
[b2a][epoch 13/50] loss=1.1563  val_acc=0.7789  macroF1=0.4069  edit=49.33  segF1@50=0.39
[b2a][epoch 14/50] loss=1.0771  val_acc=0.7538  macroF1=0.3824  edit=24.21  segF1@50=0.17
[b2a][epoch 15/50] loss=1.0277  val_acc=0.8000  macroF1=0.4518  edit=39.26  segF1@50=0.31
[b2a][epoch 16/50] loss=0.9383  val_acc=0.8053  macroF1=0.4699  edit=35.44  segF1@50=0.34
[b2a][epoch 17/50] loss=0.9097  val_acc=0.8323  macroF1=0.5600  edit=26.04  segF1@50=0.20
[b2a][epoch 18/50] loss=0.8172  val_acc=0.8284  macroF1=0.4989  edit=30.68  segF1@50=0.27
[b2a][epoch 19/50] loss=0.7682  val_acc=0.8581  macroF1=0.6007  edit=32.78  segF1@50=0.31
[b2a][epoch 20/50] loss=0.8412  val_acc=0.8792  macroF1=0.6434  edit=33.70  segF1@50=0.29
[b2a][epoch 21/50] loss=0.8193  val_acc=0.7881  macroF1=0.5506  edit=31.30  segF1@50=0.26
[b2a][epoch 22/50] loss=0.7740  val_acc=0.8931  macroF1=0.6549  edit=33.33  segF1@50=0.36
[b2a][epoch 23/50] loss=0.6792  val_acc=0.8845  macroF1=0.7033  edit=33.87  segF1@50=0.29
[b2a][epoch 24/50] loss=0.6220  val_acc=0.8970  macroF1=0.6913  edit=29.94  segF1@50=0.26
[b2a][epoch 25/50] loss=0.5910  val_acc=0.9096  macroF1=0.7288  edit=37.46  segF1@50=0.38
[b2a][epoch 26/50] loss=0.5561  val_acc=0.8957  macroF1=0.6923  edit=32.86  segF1@50=0.37
[b2a][epoch 27/50] loss=0.5447  val_acc=0.9116  macroF1=0.7171  edit=44.89  segF1@50=0.45
[b2a][epoch 28/50] loss=0.5654  val_acc=0.9129  macroF1=0.7098  edit=46.73  segF1@50=0.46
[b2a][epoch 29/50] loss=0.5377  val_acc=0.8865  macroF1=0.6975  edit=40.37  segF1@50=0.35
[b2a][epoch 30/50] loss=0.5070  val_acc=0.8970  macroF1=0.7422  edit=34.09  segF1@50=0.33
[b2a][epoch 31/50] loss=0.4696  val_acc=0.9201  macroF1=0.7704  edit=40.16  segF1@50=0.40
[b2a][epoch 32/50] loss=0.4469  val_acc=0.9102  macroF1=0.7187  edit=38.76  segF1@50=0.36
[b2a][epoch 33/50] loss=0.4384  val_acc=0.9129  macroF1=0.7680  edit=38.47  segF1@50=0.38
[b2a][epoch 34/50] loss=0.5237  val_acc=0.9076  macroF1=0.6822  edit=35.06  segF1@50=0.34
[b2a][epoch 35/50] loss=0.5064  val_acc=0.9023  macroF1=0.7617  edit=37.39  segF1@50=0.36
[b2a][epoch 36/50] loss=0.4605  val_acc=0.9050  macroF1=0.7460  edit=31.56  segF1@50=0.30
[b2a][epoch 37/50] loss=0.4421  val_acc=0.9234  macroF1=0.7792  edit=38.89  segF1@50=0.40
[b2a][epoch 38/50] loss=0.4217  val_acc=0.9135  macroF1=0.7452  edit=39.87  segF1@50=0.34
[b2a][epoch 39/50] loss=0.3992  val_acc=0.9281  macroF1=0.7878  edit=43.83  segF1@50=0.39
[b2a][epoch 40/50] loss=0.4302  val_acc=0.9023  macroF1=0.6811  edit=32.61  segF1@50=0.30
[b2a][epoch 41/50] loss=0.4959  val_acc=0.8416  macroF1=0.6495  edit=51.11  segF1@50=0.46
[b2a][epoch 42/50] loss=0.5323  val_acc=0.9050  macroF1=0.7284  edit=36.54  segF1@50=0.39
[b2a][epoch 43/50] loss=0.4781  val_acc=0.8858  macroF1=0.7117  edit=39.51  segF1@50=0.35
[b2a][epoch 44/50] loss=0.4050  val_acc=0.9083  macroF1=0.7568  edit=39.16  segF1@50=0.40
[b2a][epoch 45/50] loss=0.3611  val_acc=0.9208  macroF1=0.7693  edit=39.16  segF1@50=0.40
[b2a][epoch 46/50] loss=0.3428  val_acc=0.9254  macroF1=0.7801  edit=49.11  segF1@50=0.52
[b2a][epoch 47/50] loss=0.3325  val_acc=0.9241  macroF1=0.7782  edit=41.75  segF1@50=0.41
[b2a][epoch 48/50] loss=0.3208  val_acc=0.9221  macroF1=0.7760  edit=41.21  segF1@50=0.42
[b2a][epoch 49/50] loss=0.3108  val_acc=0.9261  macroF1=0.7760  edit=42.48  segF1@50=0.41
[b2a][epoch 50/50] loss=0.3037  val_acc=0.9241  macroF1=0.7720  edit=41.51  segF1@50=0.40
[b2a] best @epoch 39: acc=0.9281 macroF1=0.7878
[b2a] evidence written -> /home/ubuntu/slocal2/m2/experiments/transfer/b2a_mask_dim_10_002_b2a_mask_dim_10_seed123
