[b2a] train clips=13  val clips=3  in_dim=2063  tool_source=pred  classes=9  device=cuda
[b2a] evidence dir: /home/ubuntu/slocal2/m2/experiments/transfer/b2a_mask_dim_10_001_b2a_mask_dim_10_seed42
[b2a][epoch 1/50] loss=3.7494  val_acc=0.3624  macroF1=0.0766  edit=2.67  segF1@50=0.17
[b2a][epoch 2/50] loss=2.8770  val_acc=0.2746  macroF1=0.0932  edit=10.05  segF1@50=0.01
[b2a][epoch 3/50] loss=2.7023  val_acc=0.3670  macroF1=0.0768  edit=1.33  segF1@50=0.17
[b2a][epoch 4/50] loss=2.4811  val_acc=0.5960  macroF1=0.2067  edit=22.44  segF1@50=0.04
[b2a][epoch 5/50] loss=2.4961  val_acc=0.4317  macroF1=0.1246  edit=30.84  segF1@50=0.22
[b2a][epoch 6/50] loss=2.1311  val_acc=0.6739  macroF1=0.2294  edit=31.33  segF1@50=0.14
[b2a][epoch 7/50] loss=1.7130  val_acc=0.6013  macroF1=0.2081  edit=41.00  segF1@50=0.20
[b2a][epoch 8/50] loss=1.5852  val_acc=0.5545  macroF1=0.1917  edit=32.67  segF1@50=0.13
[b2a][epoch 9/50] loss=1.4905  val_acc=0.6515  macroF1=0.2239  edit=35.67  segF1@50=0.21
[b2a][epoch 10/50] loss=1.4560  val_acc=0.6686  macroF1=0.2691  edit=32.83  segF1@50=0.14
[b2a][epoch 11/50] loss=1.3721  val_acc=0.6766  macroF1=0.2830  edit=50.67  segF1@50=0.23
[b2a][epoch 12/50] loss=1.2420  val_acc=0.6904  macroF1=0.3426  edit=32.78  segF1@50=0.19
[b2a][epoch 13/50] loss=1.1594  val_acc=0.7373  macroF1=0.4468  edit=29.29  segF1@50=0.13
[b2a][epoch 14/50] loss=1.0996  val_acc=0.7386  macroF1=0.3818  edit=28.14  segF1@50=0.19
[b2a][epoch 15/50] loss=1.0427  val_acc=0.8317  macroF1=0.5478  edit=35.56  segF1@50=0.33
[b2a][epoch 16/50] loss=0.9413  val_acc=0.7947  macroF1=0.4480  edit=28.86  segF1@50=0.24
[b2a][epoch 17/50] loss=0.8707  val_acc=0.8700  macroF1=0.6267  edit=32.67  segF1@50=0.27
[b2a][epoch 18/50] loss=0.7902  val_acc=0.9043  macroF1=0.6785  edit=44.44  segF1@50=0.43
[b2a][epoch 19/50] loss=0.7809  val_acc=0.7485  macroF1=0.6290  edit=34.83  segF1@50=0.27
[b2a][epoch 20/50] loss=0.8905  val_acc=0.8383  macroF1=0.6063  edit=28.84  segF1@50=0.26
[b2a][epoch 21/50] loss=0.7881  val_acc=0.8950  macroF1=0.6639  edit=32.48  segF1@50=0.30
[b2a][epoch 22/50] loss=0.6649  val_acc=0.8838  macroF1=0.6553  edit=37.48  segF1@50=0.33
[b2a][epoch 23/50] loss=0.6438  val_acc=0.9017  macroF1=0.6972  edit=41.17  segF1@50=0.36
[b2a][epoch 24/50] loss=0.5730  val_acc=0.8858  macroF1=0.6601  edit=31.44  segF1@50=0.29
[b2a][epoch 25/50] loss=0.5691  val_acc=0.8878  macroF1=0.6871  edit=40.10  segF1@50=0.34
[b2a][epoch 26/50] loss=0.6012  val_acc=0.8838  macroF1=0.6404  edit=32.24  segF1@50=0.31
[b2a][epoch 27/50] loss=0.6269  val_acc=0.9003  macroF1=0.7173  edit=38.18  segF1@50=0.33
[b2a][epoch 28/50] loss=0.5211  val_acc=0.9069  macroF1=0.6905  edit=35.71  segF1@50=0.34
[b2a][epoch 29/50] loss=0.4874  val_acc=0.9109  macroF1=0.7166  edit=39.87  segF1@50=0.36
[b2a][epoch 30/50] loss=0.4481  val_acc=0.9109  macroF1=0.7348  edit=35.77  segF1@50=0.36
[b2a][epoch 31/50] loss=0.4363  val_acc=0.9215  macroF1=0.7380  edit=42.91  segF1@50=0.40
[b2a][epoch 32/50] loss=0.4227  val_acc=0.9195  macroF1=0.7518  edit=42.54  segF1@50=0.39
[b2a][epoch 33/50] loss=0.4026  val_acc=0.9234  macroF1=0.7581  edit=41.11  segF1@50=0.40
[b2a][epoch 34/50] loss=0.3913  val_acc=0.9281  macroF1=0.7605  edit=42.22  segF1@50=0.43
[b2a][epoch 35/50] loss=0.3873  val_acc=0.9188  macroF1=0.7631  edit=41.70  segF1@50=0.43
[b2a][epoch 36/50] loss=0.3670  val_acc=0.9221  macroF1=0.7701  edit=35.73  segF1@50=0.37
[b2a][epoch 37/50] loss=0.3598  val_acc=0.9294  macroF1=0.7816  edit=41.75  segF1@50=0.41
[b2a][epoch 38/50] loss=0.3549  val_acc=0.9307  macroF1=0.7632  edit=44.33  segF1@50=0.45
[b2a][epoch 39/50] loss=0.3736  val_acc=0.9043  macroF1=0.7379  edit=37.95  segF1@50=0.38
[b2a][epoch 40/50] loss=0.3667  val_acc=0.9089  macroF1=0.7379  edit=36.06  segF1@50=0.33
[b2a][epoch 41/50] loss=0.4775  val_acc=0.8719  macroF1=0.7235  edit=33.14  segF1@50=0.33
[b2a][epoch 42/50] loss=0.4382  val_acc=0.8799  macroF1=0.6608  edit=34.44  segF1@50=0.28
[b2a][epoch 43/50] loss=0.3928  val_acc=0.8983  macroF1=0.7671  edit=32.35  segF1@50=0.32
[b2a][epoch 44/50] loss=0.4124  val_acc=0.8944  macroF1=0.7707  edit=29.55  segF1@50=0.25
[b2a][epoch 45/50] loss=0.5116  val_acc=0.6231  macroF1=0.6309  edit=21.14  segF1@50=0.18
[b2a][epoch 46/50] loss=0.9136  val_acc=0.8422  macroF1=0.6349  edit=32.85  segF1@50=0.34
[b2a][epoch 47/50] loss=0.7707  val_acc=0.8931  macroF1=0.7512  edit=41.31  segF1@50=0.41
[b2a][epoch 48/50] loss=0.5892  val_acc=0.9281  macroF1=0.7793  edit=42.06  segF1@50=0.40
[b2a][epoch 49/50] loss=0.4322  val_acc=0.9043  macroF1=0.7634  edit=38.31  segF1@50=0.37
[b2a][epoch 50/50] loss=0.3931  val_acc=0.9201  macroF1=0.7813  edit=38.15  segF1@50=0.38
[b2a] best @epoch 38: acc=0.9307 macroF1=0.7632
[b2a] evidence written -> /home/ubuntu/slocal2/m2/experiments/transfer/b2a_mask_dim_10_001_b2a_mask_dim_10_seed42
