[b2a] train clips=13  val clips=3  in_dim=2063  tool_source=oracle  classes=9  device=cuda
[b2a] evidence dir: /home/ubuntu/slocal2/m2/experiments/transfer/b2a_oracle_mask_05_002_b2a_oracle_mask_05_seed123
[b2a][epoch 1/50] loss=3.5600  val_acc=0.3677  macroF1=0.0768  edit=18.00  segF1@50=0.22
[b2a][epoch 2/50] loss=3.0382  val_acc=0.3677  macroF1=0.0768  edit=18.00  segF1@50=0.22
[b2a][epoch 3/50] loss=2.7335  val_acc=0.3340  macroF1=0.0715  edit=9.67  segF1@50=0.00
[b2a][epoch 4/50] loss=2.5734  val_acc=0.4759  macroF1=0.1469  edit=20.67  segF1@50=0.22
[b2a][epoch 5/50] loss=2.3623  val_acc=0.6554  macroF1=0.2197  edit=35.67  segF1@50=0.22
[b2a][epoch 6/50] loss=1.9343  val_acc=0.6752  macroF1=0.2297  edit=34.33  segF1@50=0.24
[b2a][epoch 7/50] loss=1.9466  val_acc=0.5030  macroF1=0.1717  edit=27.17  segF1@50=0.02
[b2a][epoch 8/50] loss=2.0283  val_acc=0.6680  macroF1=0.2240  edit=39.67  segF1@50=0.22
[b2a][epoch 9/50] loss=1.6040  val_acc=0.6706  macroF1=0.2297  edit=41.00  segF1@50=0.23
[b2a][epoch 10/50] loss=1.4054  val_acc=0.6752  macroF1=0.2307  edit=27.33  segF1@50=0.17
[b2a][epoch 11/50] loss=1.2769  val_acc=0.7102  macroF1=0.3344  edit=28.02  segF1@50=0.19
[b2a][epoch 12/50] loss=1.1767  val_acc=0.7769  macroF1=0.4062  edit=27.62  segF1@50=0.22
[b2a][epoch 13/50] loss=1.0665  val_acc=0.7848  macroF1=0.4105  edit=54.78  segF1@50=0.41
[b2a][epoch 14/50] loss=0.9863  val_acc=0.7974  macroF1=0.4247  edit=59.00  segF1@50=0.35
[b2a][epoch 15/50] loss=0.9431  val_acc=0.8211  macroF1=0.4628  edit=46.44  segF1@50=0.41
[b2a][epoch 16/50] loss=0.8595  val_acc=0.8271  macroF1=0.4751  edit=41.22  segF1@50=0.36
[b2a][epoch 17/50] loss=0.8326  val_acc=0.8594  macroF1=0.5747  edit=40.00  segF1@50=0.34
[b2a][epoch 18/50] loss=0.7334  val_acc=0.8667  macroF1=0.5852  edit=32.59  segF1@50=0.33
[b2a][epoch 19/50] loss=0.6940  val_acc=0.9030  macroF1=0.6861  edit=47.78  segF1@50=0.44
[b2a][epoch 20/50] loss=0.7540  val_acc=0.9201  macroF1=0.6823  edit=43.56  segF1@50=0.43
[b2a][epoch 21/50] loss=0.7419  val_acc=0.8218  macroF1=0.5904  edit=40.10  segF1@50=0.35
[b2a][epoch 22/50] loss=0.7174  val_acc=0.9228  macroF1=0.6985  edit=46.83  segF1@50=0.52
[b2a][epoch 23/50] loss=0.6098  val_acc=0.9168  macroF1=0.7368  edit=38.00  segF1@50=0.37
[b2a][epoch 24/50] loss=0.5539  val_acc=0.9188  macroF1=0.7531  edit=61.51  segF1@50=0.60
[b2a][epoch 25/50] loss=0.5192  val_acc=0.9353  macroF1=0.7732  edit=54.21  segF1@50=0.49
[b2a][epoch 26/50] loss=0.4928  val_acc=0.9360  macroF1=0.7781  edit=56.11  segF1@50=0.58
[b2a][epoch 27/50] loss=0.4793  val_acc=0.9287  macroF1=0.7343  edit=38.11  segF1@50=0.41
[b2a][epoch 28/50] loss=0.4806  val_acc=0.9498  macroF1=0.8123  edit=51.44  segF1@50=0.55
[b2a][epoch 29/50] loss=0.4670  val_acc=0.9320  macroF1=0.7469  edit=51.59  segF1@50=0.56
[b2a][epoch 30/50] loss=0.4277  val_acc=0.9459  macroF1=0.7998  edit=52.22  segF1@50=0.51
[b2a][epoch 31/50] loss=0.4116  val_acc=0.9512  macroF1=0.8145  edit=50.25  segF1@50=0.57
[b2a][epoch 32/50] loss=0.4039  val_acc=0.9512  macroF1=0.8041  edit=59.14  segF1@50=0.64
[b2a][epoch 33/50] loss=0.4165  val_acc=0.9116  macroF1=0.7680  edit=38.86  segF1@50=0.40
[b2a][epoch 34/50] loss=0.5692  val_acc=0.9261  macroF1=0.6816  edit=40.89  segF1@50=0.45
[b2a][epoch 35/50] loss=0.5339  val_acc=0.9498  macroF1=0.8135  edit=44.94  segF1@50=0.49
[b2a][epoch 36/50] loss=0.4584  val_acc=0.9307  macroF1=0.7834  edit=38.06  segF1@50=0.40
[b2a][epoch 37/50] loss=0.4293  val_acc=0.9564  macroF1=0.8197  edit=50.62  segF1@50=0.58
[b2a][epoch 38/50] loss=0.3919  val_acc=0.9498  macroF1=0.8127  edit=51.56  segF1@50=0.56
[b2a][epoch 39/50] loss=0.3726  val_acc=0.9564  macroF1=0.8196  edit=54.22  segF1@50=0.56
[b2a][epoch 40/50] loss=0.3705  val_acc=0.9360  macroF1=0.7844  edit=44.25  segF1@50=0.44
[b2a][epoch 41/50] loss=0.3672  val_acc=0.9366  macroF1=0.8013  edit=45.94  segF1@50=0.49
[b2a][epoch 42/50] loss=0.3579  val_acc=0.9558  macroF1=0.8184  edit=51.11  segF1@50=0.59
[b2a][epoch 43/50] loss=0.3617  val_acc=0.9479  macroF1=0.8139  edit=46.00  segF1@50=0.50
[b2a][epoch 44/50] loss=0.3370  val_acc=0.9485  macroF1=0.8083  edit=47.84  segF1@50=0.49
[b2a][epoch 45/50] loss=0.3266  val_acc=0.9584  macroF1=0.8231  edit=58.44  segF1@50=0.65
[b2a][epoch 46/50] loss=0.3152  val_acc=0.9492  macroF1=0.8189  edit=46.22  segF1@50=0.50
[b2a][epoch 47/50] loss=0.3050  val_acc=0.9604  macroF1=0.8253  edit=59.78  segF1@50=0.65
[b2a][epoch 48/50] loss=0.2942  val_acc=0.9538  macroF1=0.8213  edit=51.50  segF1@50=0.53
[b2a][epoch 49/50] loss=0.2818  val_acc=0.9571  macroF1=0.8209  edit=55.11  segF1@50=0.57
[b2a][epoch 50/50] loss=0.2770  val_acc=0.9571  macroF1=0.8251  edit=54.07  segF1@50=0.57
[b2a] best @epoch 47: acc=0.9604 macroF1=0.8253
[b2a] evidence written -> /home/ubuntu/slocal2/m2/experiments/transfer/b2a_oracle_mask_05_002_b2a_oracle_mask_05_seed123
