[b2a] train clips=13  val clips=3  in_dim=2063  tool_source=pred  classes=9  device=cuda
[b2a] evidence dir: /home/ubuntu/slocal2/m2/experiments/transfer/b2a_mask_dim_12_001_b2a_mask_dim_12_seed42
[b2a][epoch 1/50] loss=3.7512  val_acc=0.3624  macroF1=0.0766  edit=2.67  segF1@50=0.17
[b2a][epoch 2/50] loss=2.8778  val_acc=0.3300  macroF1=0.1134  edit=4.12  segF1@50=0.01
[b2a][epoch 3/50] loss=2.7014  val_acc=0.3670  macroF1=0.0768  edit=1.33  segF1@50=0.17
[b2a][epoch 4/50] loss=2.4764  val_acc=0.6086  macroF1=0.2108  edit=22.62  segF1@50=0.04
[b2a][epoch 5/50] loss=2.4877  val_acc=0.4983  macroF1=0.1604  edit=30.49  segF1@50=0.22
[b2a][epoch 6/50] loss=2.1172  val_acc=0.6766  macroF1=0.2299  edit=28.56  segF1@50=0.10
[b2a][epoch 7/50] loss=1.6871  val_acc=0.6244  macroF1=0.2156  edit=41.00  segF1@50=0.20
[b2a][epoch 8/50] loss=1.5518  val_acc=0.6185  macroF1=0.2138  edit=41.00  segF1@50=0.20
[b2a][epoch 9/50] loss=1.4499  val_acc=0.6673  macroF1=0.2283  edit=39.67  segF1@50=0.22
[b2a][epoch 10/50] loss=1.4142  val_acc=0.6733  macroF1=0.3063  edit=41.00  segF1@50=0.21
[b2a][epoch 11/50] loss=1.2686  val_acc=0.7096  macroF1=0.3372  edit=37.17  segF1@50=0.26
[b2a][epoch 12/50] loss=1.1881  val_acc=0.7208  macroF1=0.3804  edit=37.11  segF1@50=0.25
[b2a][epoch 13/50] loss=1.0926  val_acc=0.7234  macroF1=0.3844  edit=30.28  segF1@50=0.15
[b2a][epoch 14/50] loss=1.0528  val_acc=0.7690  macroF1=0.4004  edit=28.89  segF1@50=0.19
[b2a][epoch 15/50] loss=1.0124  val_acc=0.8185  macroF1=0.5195  edit=32.59  segF1@50=0.31
[b2a][epoch 16/50] loss=0.9299  val_acc=0.8119  macroF1=0.4727  edit=27.02  segF1@50=0.18
[b2a][epoch 17/50] loss=0.8326  val_acc=0.8997  macroF1=0.6494  edit=45.11  segF1@50=0.46
[b2a][epoch 18/50] loss=0.7538  val_acc=0.9175  macroF1=0.6831  edit=57.76  segF1@50=0.58
[b2a][epoch 19/50] loss=0.7669  val_acc=0.8000  macroF1=0.6512  edit=30.09  segF1@50=0.24
[b2a][epoch 20/50] loss=0.8755  val_acc=0.8297  macroF1=0.5859  edit=34.62  segF1@50=0.28
[b2a][epoch 21/50] loss=0.7664  val_acc=0.8898  macroF1=0.6606  edit=29.63  segF1@50=0.26
[b2a][epoch 22/50] loss=0.6489  val_acc=0.8944  macroF1=0.6535  edit=33.94  segF1@50=0.34
[b2a][epoch 23/50] loss=0.6361  val_acc=0.9102  macroF1=0.6873  edit=30.84  segF1@50=0.35
[b2a][epoch 24/50] loss=0.5614  val_acc=0.8851  macroF1=0.6637  edit=38.12  segF1@50=0.35
[b2a][epoch 25/50] loss=0.5580  val_acc=0.9036  macroF1=0.6931  edit=42.17  segF1@50=0.38
[b2a][epoch 26/50] loss=0.5425  val_acc=0.8832  macroF1=0.6367  edit=29.37  segF1@50=0.28
[b2a][epoch 27/50] loss=0.5142  val_acc=0.9182  macroF1=0.7311  edit=36.61  segF1@50=0.35
[b2a][epoch 28/50] loss=0.4856  val_acc=0.9017  macroF1=0.6761  edit=36.92  segF1@50=0.39
[b2a][epoch 29/50] loss=0.4593  val_acc=0.9129  macroF1=0.7325  edit=34.36  segF1@50=0.34
[b2a][epoch 30/50] loss=0.4294  val_acc=0.9155  macroF1=0.7402  edit=32.75  segF1@50=0.35
[b2a][epoch 31/50] loss=0.4185  val_acc=0.9228  macroF1=0.7361  edit=43.33  segF1@50=0.40
[b2a][epoch 32/50] loss=0.4086  val_acc=0.9254  macroF1=0.7635  edit=40.57  segF1@50=0.41
[b2a][epoch 33/50] loss=0.3900  val_acc=0.9182  macroF1=0.7367  edit=37.04  segF1@50=0.38
[b2a][epoch 34/50] loss=0.3848  val_acc=0.9274  macroF1=0.7757  edit=41.99  segF1@50=0.43
[b2a][epoch 35/50] loss=0.4001  val_acc=0.9274  macroF1=0.7458  edit=36.01  segF1@50=0.37
[b2a][epoch 36/50] loss=0.3857  val_acc=0.9267  macroF1=0.7770  edit=41.96  segF1@50=0.41
[b2a][epoch 37/50] loss=0.4006  val_acc=0.9129  macroF1=0.7206  edit=38.81  segF1@50=0.38
[b2a][epoch 38/50] loss=0.3875  val_acc=0.8865  macroF1=0.7295  edit=31.83  segF1@50=0.33
[b2a][epoch 39/50] loss=0.3744  val_acc=0.9234  macroF1=0.7574  edit=38.19  segF1@50=0.42
[b2a][epoch 40/50] loss=0.3418  val_acc=0.9274  macroF1=0.7645  edit=43.87  segF1@50=0.40
[b2a][epoch 41/50] loss=0.3371  val_acc=0.9182  macroF1=0.7476  edit=35.09  segF1@50=0.36
[b2a][epoch 42/50] loss=0.3839  val_acc=0.9050  macroF1=0.7498  edit=35.02  segF1@50=0.37
[b2a][epoch 43/50] loss=0.3527  val_acc=0.9353  macroF1=0.7780  edit=41.62  segF1@50=0.44
[b2a][epoch 44/50] loss=0.3102  val_acc=0.9248  macroF1=0.7674  edit=43.03  segF1@50=0.41
[b2a][epoch 45/50] loss=0.2994  val_acc=0.9366  macroF1=0.7902  edit=43.25  segF1@50=0.45
[b2a][epoch 46/50] loss=0.2908  val_acc=0.9287  macroF1=0.7696  edit=40.61  segF1@50=0.40
[b2a][epoch 47/50] loss=0.2836  val_acc=0.9380  macroF1=0.7926  edit=39.47  segF1@50=0.42
[b2a][epoch 48/50] loss=0.2894  val_acc=0.9261  macroF1=0.7544  edit=36.60  segF1@50=0.39
[b2a][epoch 49/50] loss=0.3039  val_acc=0.8983  macroF1=0.7536  edit=31.03  segF1@50=0.31
[b2a][epoch 50/50] loss=0.3682  val_acc=0.8898  macroF1=0.6370  edit=36.49  segF1@50=0.46
[b2a] best @epoch 47: acc=0.9380 macroF1=0.7926
[b2a] evidence written -> /home/ubuntu/slocal2/m2/experiments/transfer/b2a_mask_dim_12_001_b2a_mask_dim_12_seed42
