[b2a] train clips=13  val clips=3  in_dim=2063  tool_source=pred  classes=9  device=cuda
[b2a] evidence dir: /home/ubuntu/slocal2/m2/experiments/transfer/b2a_det2phase_toolpresence_001_b2a_det2phase_toolpresence_seed789
[b2a][epoch 1/50] loss=3.5097  val_acc=0.3558  macroF1=0.0958  edit=2.67  segF1@50=0.00
[b2a][epoch 2/50] loss=2.9849  val_acc=0.3340  macroF1=0.0715  edit=9.67  segF1@50=0.00
[b2a][epoch 3/50] loss=2.8961  val_acc=0.3518  macroF1=0.0748  edit=8.22  segF1@50=0.00
[b2a][epoch 4/50] loss=2.6395  val_acc=0.4475  macroF1=0.1434  edit=2.67  segF1@50=0.00
[b2a][epoch 5/50] loss=2.4468  val_acc=0.3505  macroF1=0.0918  edit=21.67  segF1@50=0.00
[b2a][epoch 6/50] loss=2.1919  val_acc=0.6488  macroF1=0.2227  edit=31.44  segF1@50=0.13
[b2a][epoch 7/50] loss=1.8112  val_acc=0.6370  macroF1=0.2185  edit=31.44  segF1@50=0.17
[b2a][epoch 8/50] loss=1.5269  val_acc=0.6020  macroF1=0.2079  edit=31.00  segF1@50=0.13
[b2a][epoch 9/50] loss=1.3407  val_acc=0.7637  macroF1=0.3386  edit=35.11  segF1@50=0.23
[b2a][epoch 10/50] loss=1.2383  val_acc=0.7525  macroF1=0.3350  edit=38.73  segF1@50=0.27
[b2a][epoch 11/50] loss=1.1642  val_acc=0.7769  macroF1=0.3470  edit=52.11  segF1@50=0.30
[b2a][epoch 12/50] loss=1.0254  val_acc=0.7815  macroF1=0.4123  edit=29.79  segF1@50=0.22
[b2a][epoch 13/50] loss=0.9406  val_acc=0.8310  macroF1=0.4689  edit=42.73  segF1@50=0.41
[b2a][epoch 14/50] loss=0.8794  val_acc=0.8277  macroF1=0.4693  edit=42.67  segF1@50=0.34
[b2a][epoch 15/50] loss=0.7920  val_acc=0.8323  macroF1=0.5937  edit=29.48  segF1@50=0.23
[b2a][epoch 16/50] loss=0.7291  val_acc=0.9069  macroF1=0.6804  edit=44.59  segF1@50=0.46
[b2a][epoch 17/50] loss=0.6737  val_acc=0.8931  macroF1=0.6671  edit=34.52  segF1@50=0.34
[b2a][epoch 18/50] loss=0.6281  val_acc=0.8733  macroF1=0.6320  edit=38.35  segF1@50=0.35
[b2a][epoch 19/50] loss=0.6194  val_acc=0.8983  macroF1=0.6895  edit=46.76  segF1@50=0.44
[b2a][epoch 20/50] loss=0.6710  val_acc=0.8706  macroF1=0.6436  edit=36.71  segF1@50=0.37
[b2a][epoch 21/50] loss=0.7322  val_acc=0.8673  macroF1=0.6390  edit=35.28  segF1@50=0.31
[b2a][epoch 22/50] loss=0.7444  val_acc=0.8818  macroF1=0.7040  edit=31.88  segF1@50=0.32
[b2a][epoch 23/50] loss=0.6168  val_acc=0.8977  macroF1=0.7254  edit=40.57  segF1@50=0.36
[b2a][epoch 24/50] loss=0.5700  val_acc=0.8944  macroF1=0.7133  edit=37.89  segF1@50=0.34
[b2a][epoch 25/50] loss=0.5225  val_acc=0.9155  macroF1=0.7274  edit=41.21  segF1@50=0.39
[b2a][epoch 26/50] loss=0.4800  val_acc=0.8805  macroF1=0.7170  edit=35.83  segF1@50=0.35
[b2a][epoch 27/50] loss=0.4674  val_acc=0.9201  macroF1=0.7494  edit=39.48  segF1@50=0.37
[b2a][epoch 28/50] loss=0.4615  val_acc=0.9281  macroF1=0.7724  edit=43.59  segF1@50=0.43
[b2a][epoch 29/50] loss=0.4377  val_acc=0.9201  macroF1=0.7241  edit=37.21  segF1@50=0.41
[b2a][epoch 30/50] loss=0.4410  val_acc=0.8667  macroF1=0.7082  edit=34.60  segF1@50=0.33
[b2a][epoch 31/50] loss=0.4092  val_acc=0.9248  macroF1=0.7591  edit=43.24  segF1@50=0.41
[b2a][epoch 32/50] loss=0.3964  val_acc=0.9188  macroF1=0.7617  edit=45.07  segF1@50=0.45
[b2a][epoch 33/50] loss=0.3871  val_acc=0.9102  macroF1=0.7095  edit=41.21  segF1@50=0.37
[b2a][epoch 34/50] loss=0.4036  val_acc=0.9373  macroF1=0.7914  edit=51.33  segF1@50=0.57
[b2a][epoch 35/50] loss=0.3996  val_acc=0.9241  macroF1=0.7630  edit=42.54  segF1@50=0.45
[b2a][epoch 36/50] loss=0.3671  val_acc=0.8739  macroF1=0.7118  edit=42.40  segF1@50=0.36
[b2a][epoch 37/50] loss=0.3552  val_acc=0.9347  macroF1=0.7770  edit=49.41  segF1@50=0.56
[b2a][epoch 38/50] loss=0.3307  val_acc=0.9267  macroF1=0.7761  edit=39.72  segF1@50=0.44
[b2a][epoch 39/50] loss=0.3346  val_acc=0.9320  macroF1=0.7797  edit=38.89  segF1@50=0.44
[b2a][epoch 40/50] loss=0.3421  val_acc=0.9353  macroF1=0.7888  edit=43.87  segF1@50=0.45
[b2a][epoch 41/50] loss=0.3679  val_acc=0.9215  macroF1=0.7209  edit=35.10  segF1@50=0.36
[b2a][epoch 42/50] loss=0.3493  val_acc=0.9333  macroF1=0.7889  edit=43.14  segF1@50=0.38
[b2a][epoch 43/50] loss=0.3339  val_acc=0.9248  macroF1=0.7613  edit=38.14  segF1@50=0.40
[b2a][epoch 44/50] loss=0.3098  val_acc=0.9327  macroF1=0.7818  edit=44.67  segF1@50=0.47
[b2a][epoch 45/50] loss=0.2905  val_acc=0.9353  macroF1=0.7872  edit=40.20  segF1@50=0.41
[b2a][epoch 46/50] loss=0.2848  val_acc=0.9340  macroF1=0.7767  edit=43.11  segF1@50=0.44
[b2a][epoch 47/50] loss=0.2928  val_acc=0.9248  macroF1=0.7515  edit=42.91  segF1@50=0.42
[b2a][epoch 48/50] loss=0.3053  val_acc=0.9366  macroF1=0.7949  edit=35.60  segF1@50=0.38
[b2a][epoch 49/50] loss=0.3356  val_acc=0.9254  macroF1=0.7655  edit=34.05  segF1@50=0.38
[b2a][epoch 50/50] loss=0.3432  val_acc=0.8680  macroF1=0.7405  edit=41.09  segF1@50=0.39
[b2a] best @epoch 34: acc=0.9373 macroF1=0.7914
[b2a] evidence written -> /home/ubuntu/slocal2/m2/experiments/transfer/b2a_det2phase_toolpresence_001_b2a_det2phase_toolpresence_seed789
