[b2a] train clips=13  val clips=3  in_dim=2063  tool_source=oracle  classes=9  device=cuda
[b2a] evidence dir: /home/ubuntu/slocal2/m2/experiments/transfer/b2a_det2phase_oracletool_001_b2a_det2phase_oracletool_seed789
[b2a][epoch 1/50] loss=3.5094  val_acc=0.3558  macroF1=0.0958  edit=2.67  segF1@50=0.00
[b2a][epoch 2/50] loss=2.9821  val_acc=0.3340  macroF1=0.0715  edit=9.67  segF1@50=0.00
[b2a][epoch 3/50] loss=2.8914  val_acc=0.3512  macroF1=0.0747  edit=6.83  segF1@50=0.00
[b2a][epoch 4/50] loss=2.6307  val_acc=0.4469  macroF1=0.1431  edit=5.33  segF1@50=0.00
[b2a][epoch 5/50] loss=2.4297  val_acc=0.3479  macroF1=0.0897  edit=23.00  segF1@50=0.00
[b2a][epoch 6/50] loss=2.1619  val_acc=0.6482  macroF1=0.2223  edit=15.76  segF1@50=0.07
[b2a][epoch 7/50] loss=1.7645  val_acc=0.6396  macroF1=0.2197  edit=32.78  segF1@50=0.17
[b2a][epoch 8/50] loss=1.5102  val_acc=0.6442  macroF1=0.2215  edit=31.00  segF1@50=0.13
[b2a][epoch 9/50] loss=1.3277  val_acc=0.7815  macroF1=0.3487  edit=44.00  segF1@50=0.33
[b2a][epoch 10/50] loss=1.2603  val_acc=0.7617  macroF1=0.3404  edit=48.28  segF1@50=0.29
[b2a][epoch 11/50] loss=1.3239  val_acc=0.7842  macroF1=0.3502  edit=49.33  segF1@50=0.38
[b2a][epoch 12/50] loss=1.1548  val_acc=0.6535  macroF1=0.2787  edit=21.23  segF1@50=0.14
[b2a][epoch 13/50] loss=1.1161  val_acc=0.8356  macroF1=0.4715  edit=36.86  segF1@50=0.40
[b2a][epoch 14/50] loss=1.0403  val_acc=0.7828  macroF1=0.4478  edit=34.00  segF1@50=0.23
[b2a][epoch 15/50] loss=0.8731  val_acc=0.8805  macroF1=0.6492  edit=41.78  segF1@50=0.39
[b2a][epoch 16/50] loss=0.7874  val_acc=0.8561  macroF1=0.6668  edit=30.73  segF1@50=0.27
[b2a][epoch 17/50] loss=0.8425  val_acc=0.9003  macroF1=0.6526  edit=57.50  segF1@50=0.58
[b2a][epoch 18/50] loss=0.7737  val_acc=0.8528  macroF1=0.6594  edit=40.83  segF1@50=0.35
[b2a][epoch 19/50] loss=0.6759  val_acc=0.9261  macroF1=0.7331  edit=46.22  segF1@50=0.53
[b2a][epoch 20/50] loss=0.6269  val_acc=0.9102  macroF1=0.7168  edit=42.93  segF1@50=0.39
[b2a][epoch 21/50] loss=0.6080  val_acc=0.9162  macroF1=0.7335  edit=40.44  segF1@50=0.39
[b2a][epoch 22/50] loss=0.5814  val_acc=0.9056  macroF1=0.7128  edit=38.41  segF1@50=0.37
[b2a][epoch 23/50] loss=0.5725  val_acc=0.9347  macroF1=0.7727  edit=42.22  segF1@50=0.49
[b2a][epoch 24/50] loss=0.5476  val_acc=0.9116  macroF1=0.7222  edit=40.25  segF1@50=0.38
[b2a][epoch 25/50] loss=0.5371  val_acc=0.9366  macroF1=0.7893  edit=43.59  segF1@50=0.44
[b2a][epoch 26/50] loss=0.4945  val_acc=0.9182  macroF1=0.7389  edit=43.18  segF1@50=0.47
[b2a][epoch 27/50] loss=0.4801  val_acc=0.9432  macroF1=0.7934  edit=48.28  segF1@50=0.49
[b2a][epoch 28/50] loss=0.4546  val_acc=0.9432  macroF1=0.7918  edit=49.03  segF1@50=0.54
[b2a][epoch 29/50] loss=0.4295  val_acc=0.9333  macroF1=0.7735  edit=41.68  segF1@50=0.41
[b2a][epoch 30/50] loss=0.4551  val_acc=0.8997  macroF1=0.6920  edit=39.78  segF1@50=0.35
[b2a][epoch 31/50] loss=0.4574  val_acc=0.9452  macroF1=0.7946  edit=50.11  segF1@50=0.55
[b2a][epoch 32/50] loss=0.4417  val_acc=0.9347  macroF1=0.7557  edit=43.62  segF1@50=0.43
[b2a][epoch 33/50] loss=0.4181  val_acc=0.9195  macroF1=0.7769  edit=42.81  segF1@50=0.46
[b2a][epoch 34/50] loss=0.4027  val_acc=0.9472  macroF1=0.8010  edit=46.91  segF1@50=0.49
[b2a][epoch 35/50] loss=0.3761  val_acc=0.9366  macroF1=0.7900  edit=45.36  segF1@50=0.49
[b2a][epoch 36/50] loss=0.3614  val_acc=0.9459  macroF1=0.8044  edit=47.03  segF1@50=0.54
[b2a][epoch 37/50] loss=0.3476  val_acc=0.9479  macroF1=0.8052  edit=51.30  segF1@50=0.57
[b2a][epoch 38/50] loss=0.3386  val_acc=0.9465  macroF1=0.8054  edit=44.88  segF1@50=0.53
[b2a][epoch 39/50] loss=0.3285  val_acc=0.9498  macroF1=0.8084  edit=51.30  segF1@50=0.57
[b2a][epoch 40/50] loss=0.3304  val_acc=0.9452  macroF1=0.7985  edit=51.44  segF1@50=0.57
[b2a][epoch 41/50] loss=0.3547  val_acc=0.9360  macroF1=0.7658  edit=46.68  segF1@50=0.50
[b2a][epoch 42/50] loss=0.3743  val_acc=0.9518  macroF1=0.8152  edit=48.28  segF1@50=0.51
[b2a][epoch 43/50] loss=0.3398  val_acc=0.9406  macroF1=0.7847  edit=51.85  segF1@50=0.57
[b2a][epoch 44/50] loss=0.3169  val_acc=0.9564  macroF1=0.8255  edit=50.11  segF1@50=0.53
[b2a][epoch 45/50] loss=0.2992  val_acc=0.9432  macroF1=0.7963  edit=52.89  segF1@50=0.59
[b2a][epoch 46/50] loss=0.2969  val_acc=0.9617  macroF1=0.8301  edit=58.64  segF1@50=0.59
[b2a][epoch 47/50] loss=0.3095  val_acc=0.9446  macroF1=0.7902  edit=43.77  segF1@50=0.45
[b2a][epoch 48/50] loss=0.3340  val_acc=0.9518  macroF1=0.8146  edit=46.62  segF1@50=0.54
[b2a][epoch 49/50] loss=0.3350  val_acc=0.9538  macroF1=0.8123  edit=49.03  segF1@50=0.56
[b2a][epoch 50/50] loss=0.3182  val_acc=0.9472  macroF1=0.8201  edit=46.04  segF1@50=0.49
[b2a] best @epoch 46: acc=0.9617 macroF1=0.8301
[b2a] evidence written -> /home/ubuntu/slocal2/m2/experiments/transfer/b2a_det2phase_oracletool_001_b2a_det2phase_oracletool_seed789
