[t1a] train clips=13  val clips=3  in_dim=5888  region_only=False  classes=9  device=cuda
[t1a] evidence dir: /home/ubuntu/slocal2/m2/experiments/transfer/t1a_shuffle_004_t1a_shuffle_seed789
[t1a][epoch 1/50] loss=3.5523  val_acc=0.3650  macroF1=0.0767  edit=2.67  segF1@50=0.17
[t1a][epoch 2/50] loss=3.0370  val_acc=0.3340  macroF1=0.0715  edit=9.67  segF1@50=0.00
[t1a][epoch 3/50] loss=2.9625  val_acc=0.3492  macroF1=0.0917  edit=18.08  segF1@50=0.00
[t1a][epoch 4/50] loss=2.7958  val_acc=0.4323  macroF1=0.1368  edit=14.67  segF1@50=0.00
[t1a][epoch 5/50] loss=2.6876  val_acc=0.4376  macroF1=0.1391  edit=2.67  segF1@50=0.00
[t1a][epoch 6/50] loss=2.5767  val_acc=0.6422  macroF1=0.2204  edit=24.33  segF1@50=0.00
[t1a][epoch 7/50] loss=2.4690  val_acc=0.6416  macroF1=0.2199  edit=24.33  segF1@50=0.00
[t1a][epoch 8/50] loss=2.3085  val_acc=0.3729  macroF1=0.0883  edit=14.74  segF1@50=0.17
[t1a][epoch 9/50] loss=2.2866  val_acc=0.4145  macroF1=0.1141  edit=16.36  segF1@50=0.17
[t1a][epoch 10/50] loss=2.1125  val_acc=0.5254  macroF1=0.1693  edit=9.17  segF1@50=0.17
[t1a][epoch 11/50] loss=2.3180  val_acc=0.3762  macroF1=0.0845  edit=20.85  segF1@50=0.22
[t1a][epoch 12/50] loss=2.0837  val_acc=0.6581  macroF1=0.2542  edit=29.00  segF1@50=0.02
[t1a][epoch 13/50] loss=2.0354  val_acc=0.4343  macroF1=0.1655  edit=17.94  segF1@50=0.18
[t1a][epoch 14/50] loss=2.4297  val_acc=0.6594  macroF1=0.2224  edit=28.50  segF1@50=0.08
[t1a][epoch 15/50] loss=1.8004  val_acc=0.6627  macroF1=0.2514  edit=24.65  segF1@50=0.18
[t1a][epoch 16/50] loss=1.4916  val_acc=0.5386  macroF1=0.2167  edit=25.61  segF1@50=0.02
[t1a][epoch 17/50] loss=1.4880  val_acc=0.6825  macroF1=0.2841  edit=40.67  segF1@50=0.14
[t1a][epoch 18/50] loss=1.4290  val_acc=0.7267  macroF1=0.3337  edit=29.24  segF1@50=0.14
[t1a][epoch 19/50] loss=1.4904  val_acc=0.7650  macroF1=0.4050  edit=22.35  segF1@50=0.05
[t1a][epoch 20/50] loss=1.5797  val_acc=0.6607  macroF1=0.3255  edit=12.09  segF1@50=0.08
[t1a][epoch 21/50] loss=1.2652  val_acc=0.7505  macroF1=0.4084  edit=28.02  segF1@50=0.19
[t1a][epoch 22/50] loss=1.3081  val_acc=0.7875  macroF1=0.4900  edit=36.18  segF1@50=0.29
[t1a][epoch 23/50] loss=1.1635  val_acc=0.8191  macroF1=0.5415  edit=39.13  segF1@50=0.32
[t1a][epoch 24/50] loss=1.0766  val_acc=0.7413  macroF1=0.3908  edit=21.86  segF1@50=0.07
[t1a][epoch 25/50] loss=1.0164  val_acc=0.6977  macroF1=0.3640  edit=20.54  segF1@50=0.05
[t1a][epoch 26/50] loss=0.9672  val_acc=0.6568  macroF1=0.4507  edit=25.90  segF1@50=0.22
[t1a][epoch 27/50] loss=0.9986  val_acc=0.7327  macroF1=0.5439  edit=24.17  segF1@50=0.21
[t1a][epoch 28/50] loss=0.9236  val_acc=0.7868  macroF1=0.5329  edit=30.00  segF1@50=0.23
[t1a][epoch 29/50] loss=0.9069  val_acc=0.8686  macroF1=0.6287  edit=31.78  segF1@50=0.32
[t1a][epoch 30/50] loss=0.8912  val_acc=0.7941  macroF1=0.4720  edit=18.58  segF1@50=0.16
[t1a][epoch 31/50] loss=0.9147  val_acc=0.8521  macroF1=0.6124  edit=40.46  segF1@50=0.40
[t1a][epoch 32/50] loss=0.8229  val_acc=0.7611  macroF1=0.5531  edit=22.00  segF1@50=0.19
[t1a][epoch 33/50] loss=0.7661  val_acc=0.7855  macroF1=0.5710  edit=20.85  segF1@50=0.16
[t1a][epoch 34/50] loss=0.6958  val_acc=0.6799  macroF1=0.5380  edit=15.41  segF1@50=0.06
[t1a][epoch 35/50] loss=0.7164  val_acc=0.6858  macroF1=0.5565  edit=15.96  segF1@50=0.08
[t1a][epoch 36/50] loss=0.6619  val_acc=0.7281  macroF1=0.5635  edit=17.60  segF1@50=0.10
[t1a][epoch 37/50] loss=0.6310  val_acc=0.8238  macroF1=0.6060  edit=29.00  segF1@50=0.25
[t1a][epoch 38/50] loss=0.6107  val_acc=0.8323  macroF1=0.6066  edit=18.27  segF1@50=0.12
[t1a][epoch 39/50] loss=0.6032  val_acc=0.8066  macroF1=0.5892  edit=13.13  segF1@50=0.07
[t1a][epoch 40/50] loss=0.6181  val_acc=0.7723  macroF1=0.5744  edit=13.53  segF1@50=0.06
[t1a][epoch 41/50] loss=0.5840  val_acc=0.7954  macroF1=0.5961  edit=21.52  segF1@50=0.12
[t1a][epoch 42/50] loss=0.5313  val_acc=0.7762  macroF1=0.5694  edit=16.75  segF1@50=0.06
[t1a][epoch 43/50] loss=0.5058  val_acc=0.7492  macroF1=0.5775  edit=17.17  segF1@50=0.09
[t1a][epoch 44/50] loss=0.5014  val_acc=0.7657  macroF1=0.5832  edit=20.88  segF1@50=0.20
[t1a][epoch 45/50] loss=0.4759  val_acc=0.8218  macroF1=0.6406  edit=30.88  segF1@50=0.24
[t1a][epoch 46/50] loss=0.4560  val_acc=0.8449  macroF1=0.6430  edit=39.63  segF1@50=0.36
[t1a][epoch 47/50] loss=0.4624  val_acc=0.8627  macroF1=0.6412  edit=40.61  segF1@50=0.40
[t1a][epoch 48/50] loss=0.4453  val_acc=0.8561  macroF1=0.6720  edit=35.70  segF1@50=0.35
[t1a][epoch 49/50] loss=0.4308  val_acc=0.8191  macroF1=0.6535  edit=20.42  segF1@50=0.11
[t1a][epoch 50/50] loss=0.4156  val_acc=0.8376  macroF1=0.6624  edit=28.06  segF1@50=0.21
[t1a] best @epoch 29: acc=0.8686 macroF1=0.6287
[t1a] evidence written -> /home/ubuntu/slocal2/m2/experiments/transfer/t1a_shuffle_004_t1a_shuffle_seed789
