[t1a] train clips=13  val clips=3  in_dim=5888  region_only=False  classes=9  device=cuda
[t1a] evidence dir: /home/ubuntu/slocal2/m2/experiments/transfer/t1a_regiontoken_005_t1a_regiontoken_seed1000
[t1a][epoch 1/50] loss=2.9151  val_acc=0.6587  macroF1=0.2212  edit=20.97  segF1@50=0.18
[t1a][epoch 2/50] loss=1.7372  val_acc=0.6812  macroF1=0.2287  edit=24.62  segF1@50=0.21
[t1a][epoch 3/50] loss=1.2789  val_acc=0.6785  macroF1=0.2285  edit=36.78  segF1@50=0.26
[t1a][epoch 4/50] loss=1.0245  val_acc=0.7868  macroF1=0.3685  edit=35.54  segF1@50=0.36
[t1a][epoch 5/50] loss=0.8658  val_acc=0.7894  macroF1=0.3877  edit=30.93  segF1@50=0.27
[t1a][epoch 6/50] loss=0.7633  val_acc=0.8706  macroF1=0.6007  edit=32.87  segF1@50=0.31
[t1a][epoch 7/50] loss=0.6865  val_acc=0.9221  macroF1=0.7401  edit=40.74  segF1@50=0.41
[t1a][epoch 8/50] loss=0.6477  val_acc=0.9254  macroF1=0.7389  edit=40.03  segF1@50=0.39
[t1a][epoch 9/50] loss=0.5839  val_acc=0.9274  macroF1=0.7585  edit=39.81  segF1@50=0.43
[t1a][epoch 10/50] loss=0.5583  val_acc=0.9353  macroF1=0.7776  edit=36.30  segF1@50=0.40
[t1a][epoch 11/50] loss=0.5192  val_acc=0.9195  macroF1=0.7310  edit=40.77  segF1@50=0.38
[t1a][epoch 12/50] loss=0.5483  val_acc=0.9446  macroF1=0.7939  edit=35.33  segF1@50=0.42
[t1a][epoch 13/50] loss=0.4752  val_acc=0.9294  macroF1=0.7627  edit=45.49  segF1@50=0.45
[t1a][epoch 14/50] loss=0.4880  val_acc=0.9452  macroF1=0.7962  edit=38.03  segF1@50=0.44
[t1a][epoch 15/50] loss=0.4237  val_acc=0.9347  macroF1=0.7679  edit=39.40  segF1@50=0.43
[t1a][epoch 16/50] loss=0.4010  val_acc=0.9439  macroF1=0.7965  edit=36.81  segF1@50=0.43
[t1a][epoch 17/50] loss=0.4066  val_acc=0.9327  macroF1=0.7643  edit=41.37  segF1@50=0.44
[t1a][epoch 18/50] loss=0.4403  val_acc=0.9492  macroF1=0.8065  edit=34.72  segF1@50=0.42
[t1a][epoch 19/50] loss=0.3907  val_acc=0.9393  macroF1=0.7870  edit=38.03  segF1@50=0.43
[t1a][epoch 20/50] loss=0.3519  val_acc=0.9439  macroF1=0.7931  edit=39.29  segF1@50=0.46
[t1a][epoch 21/50] loss=0.3350  val_acc=0.9406  macroF1=0.7911  edit=37.90  segF1@50=0.43
[t1a][epoch 22/50] loss=0.3229  val_acc=0.9426  macroF1=0.7885  edit=40.28  segF1@50=0.43
[t1a][epoch 23/50] loss=0.3132  val_acc=0.9419  macroF1=0.7951  edit=35.29  segF1@50=0.40
[t1a][epoch 24/50] loss=0.3017  val_acc=0.9432  macroF1=0.7909  edit=38.36  segF1@50=0.44
[t1a][epoch 25/50] loss=0.2913  val_acc=0.9413  macroF1=0.7873  edit=35.88  segF1@50=0.42
[t1a][epoch 26/50] loss=0.2861  val_acc=0.9432  macroF1=0.7922  edit=37.16  segF1@50=0.43
[t1a][epoch 27/50] loss=0.2724  val_acc=0.9419  macroF1=0.7887  edit=36.72  segF1@50=0.43
[t1a][epoch 28/50] loss=0.2651  val_acc=0.9419  macroF1=0.7958  edit=33.80  segF1@50=0.40
[t1a][epoch 29/50] loss=0.2656  val_acc=0.9393  macroF1=0.7800  edit=39.10  segF1@50=0.44
[t1a][epoch 30/50] loss=0.3161  val_acc=0.9439  macroF1=0.8016  edit=35.29  segF1@50=0.40
[t1a][epoch 31/50] loss=0.2796  val_acc=0.9340  macroF1=0.7681  edit=32.57  segF1@50=0.38
[t1a][epoch 32/50] loss=0.2607  val_acc=0.9426  macroF1=0.7912  edit=37.46  segF1@50=0.44
[t1a][epoch 33/50] loss=0.2599  val_acc=0.9393  macroF1=0.7803  edit=38.84  segF1@50=0.45
[t1a][epoch 34/50] loss=0.3368  val_acc=0.9432  macroF1=0.8004  edit=34.40  segF1@50=0.39
[t1a][epoch 35/50] loss=0.2909  val_acc=0.9399  macroF1=0.7976  edit=34.18  segF1@50=0.40
[t1a][epoch 36/50] loss=0.2632  val_acc=0.9439  macroF1=0.7923  edit=36.11  segF1@50=0.42
[t1a][epoch 37/50] loss=0.2439  val_acc=0.9439  macroF1=0.7998  edit=29.23  segF1@50=0.36
[t1a][epoch 38/50] loss=0.2381  val_acc=0.9406  macroF1=0.7847  edit=36.72  segF1@50=0.43
[t1a][epoch 39/50] loss=0.2641  val_acc=0.9413  macroF1=0.8048  edit=39.10  segF1@50=0.42
[t1a][epoch 40/50] loss=0.2488  val_acc=0.9353  macroF1=0.7721  edit=36.51  segF1@50=0.42
[t1a][epoch 41/50] loss=0.2380  val_acc=0.9419  macroF1=0.7919  edit=29.58  segF1@50=0.36
[t1a][epoch 42/50] loss=0.2181  val_acc=0.9413  macroF1=0.7876  edit=35.29  segF1@50=0.41
[t1a][epoch 43/50] loss=0.2077  val_acc=0.9406  macroF1=0.7932  edit=33.01  segF1@50=0.39
[t1a][epoch 44/50] loss=0.2022  val_acc=0.9419  macroF1=0.7934  edit=30.84  segF1@50=0.38
[t1a][epoch 45/50] loss=0.1983  val_acc=0.9406  macroF1=0.7925  edit=33.67  segF1@50=0.40
[t1a][epoch 46/50] loss=0.1898  val_acc=0.9399  macroF1=0.7880  edit=34.36  segF1@50=0.40
[t1a][epoch 47/50] loss=0.1865  val_acc=0.9413  macroF1=0.7913  edit=34.78  segF1@50=0.41
[t1a][epoch 48/50] loss=0.1832  val_acc=0.9386  macroF1=0.7888  edit=32.69  segF1@50=0.38
[t1a][epoch 49/50] loss=0.1814  val_acc=0.9413  macroF1=0.7916  edit=34.53  segF1@50=0.41
[t1a][epoch 50/50] loss=0.1774  val_acc=0.9393  macroF1=0.7879  edit=29.91  segF1@50=0.36
[t1a] best @epoch 18: acc=0.9492 macroF1=0.8065
[t1a] evidence written -> /home/ubuntu/slocal2/m2/experiments/transfer/t1a_regiontoken_005_t1a_regiontoken_seed1000
