[t1a] train clips=13  val clips=3  in_dim=3840  region_only=True  classes=9  device=cuda
[t1a] evidence dir: /home/ubuntu/slocal2/m2/experiments/transfer/t1a_region_only_005_t1a_region_only_seed1000
[t1a][epoch 1/50] loss=3.0030  val_acc=0.5828  macroF1=0.2013  edit=31.97  segF1@50=0.27
[t1a][epoch 2/50] loss=1.7152  val_acc=0.6779  macroF1=0.2278  edit=33.02  segF1@50=0.26
[t1a][epoch 3/50] loss=1.2198  val_acc=0.6805  macroF1=0.2287  edit=37.00  segF1@50=0.35
[t1a][epoch 4/50] loss=1.0200  val_acc=0.7822  macroF1=0.3817  edit=30.95  segF1@50=0.24
[t1a][epoch 5/50] loss=0.8752  val_acc=0.7822  macroF1=0.3923  edit=35.63  segF1@50=0.27
[t1a][epoch 6/50] loss=0.8051  val_acc=0.8614  macroF1=0.5901  edit=37.54  segF1@50=0.38
[t1a][epoch 7/50] loss=0.7175  val_acc=0.8660  macroF1=0.6035  edit=38.57  segF1@50=0.41
[t1a][epoch 8/50] loss=0.6778  val_acc=0.9188  macroF1=0.7260  edit=39.25  segF1@50=0.40
[t1a][epoch 9/50] loss=0.5779  val_acc=0.9294  macroF1=0.7700  edit=41.98  segF1@50=0.45
[t1a][epoch 10/50] loss=0.5323  val_acc=0.9307  macroF1=0.7698  edit=39.05  segF1@50=0.43
[t1a][epoch 11/50] loss=0.5020  val_acc=0.9267  macroF1=0.7450  edit=38.74  segF1@50=0.39
[t1a][epoch 12/50] loss=0.5151  val_acc=0.9393  macroF1=0.7919  edit=38.05  segF1@50=0.44
[t1a][epoch 13/50] loss=0.4510  val_acc=0.9274  macroF1=0.7586  edit=42.17  segF1@50=0.40
[t1a][epoch 14/50] loss=0.4659  val_acc=0.9413  macroF1=0.7910  edit=38.10  segF1@50=0.40
[t1a][epoch 15/50] loss=0.4220  val_acc=0.9340  macroF1=0.7773  edit=42.48  segF1@50=0.45
[t1a][epoch 16/50] loss=0.3958  val_acc=0.9347  macroF1=0.7733  edit=34.74  segF1@50=0.36
[t1a][epoch 17/50] loss=0.4113  val_acc=0.9360  macroF1=0.7808  edit=37.62  segF1@50=0.40
[t1a][epoch 18/50] loss=0.3864  val_acc=0.9399  macroF1=0.7831  edit=39.29  segF1@50=0.45
[t1a][epoch 19/50] loss=0.3640  val_acc=0.9432  macroF1=0.8001  edit=38.49  segF1@50=0.45
[t1a][epoch 20/50] loss=0.3553  val_acc=0.9360  macroF1=0.7698  edit=40.14  segF1@50=0.41
[t1a][epoch 21/50] loss=0.3865  val_acc=0.9386  macroF1=0.7983  edit=37.62  segF1@50=0.41
[t1a][epoch 22/50] loss=0.3559  val_acc=0.9419  macroF1=0.7965  edit=36.72  segF1@50=0.39
[t1a][epoch 23/50] loss=0.3333  val_acc=0.9426  macroF1=0.8013  edit=35.69  segF1@50=0.40
[t1a][epoch 24/50] loss=0.3112  val_acc=0.9426  macroF1=0.7959  edit=39.77  segF1@50=0.45
[t1a][epoch 25/50] loss=0.3027  val_acc=0.9432  macroF1=0.7967  edit=34.53  segF1@50=0.40
[t1a][epoch 26/50] loss=0.2914  val_acc=0.9419  macroF1=0.7936  edit=34.95  segF1@50=0.38
[t1a][epoch 27/50] loss=0.2822  val_acc=0.9419  macroF1=0.7982  edit=34.78  segF1@50=0.40
[t1a][epoch 28/50] loss=0.2770  val_acc=0.9360  macroF1=0.7820  edit=35.61  segF1@50=0.38
[t1a][epoch 29/50] loss=0.2945  val_acc=0.9432  macroF1=0.8078  edit=36.33  segF1@50=0.38
[t1a][epoch 30/50] loss=0.3105  val_acc=0.9347  macroF1=0.7797  edit=33.60  segF1@50=0.36
[t1a][epoch 31/50] loss=0.3119  val_acc=0.9452  macroF1=0.8100  edit=38.29  segF1@50=0.41
[t1a][epoch 32/50] loss=0.2804  val_acc=0.9459  macroF1=0.7993  edit=36.30  segF1@50=0.40
[t1a][epoch 33/50] loss=0.2677  val_acc=0.9432  macroF1=0.8025  edit=34.78  segF1@50=0.42
[t1a][epoch 34/50] loss=0.2533  val_acc=0.9439  macroF1=0.7963  edit=34.40  segF1@50=0.40
[t1a][epoch 35/50] loss=0.2497  val_acc=0.9426  macroF1=0.8035  edit=35.62  segF1@50=0.40
[t1a][epoch 36/50] loss=0.2364  val_acc=0.9406  macroF1=0.7964  edit=31.67  segF1@50=0.37
[t1a][epoch 37/50] loss=0.2320  val_acc=0.9426  macroF1=0.8024  edit=34.84  segF1@50=0.41
[t1a][epoch 38/50] loss=0.2267  val_acc=0.9459  macroF1=0.8021  edit=33.67  segF1@50=0.40
[t1a][epoch 39/50] loss=0.2219  val_acc=0.9380  macroF1=0.7994  edit=34.40  segF1@50=0.40
[t1a][epoch 40/50] loss=0.2143  val_acc=0.9439  macroF1=0.7988  edit=34.40  segF1@50=0.40
[t1a][epoch 41/50] loss=0.2107  val_acc=0.9439  macroF1=0.8008  edit=33.01  segF1@50=0.40
[t1a][epoch 42/50] loss=0.2052  val_acc=0.9432  macroF1=0.8002  edit=33.01  segF1@50=0.39
[t1a][epoch 43/50] loss=0.1999  val_acc=0.9413  macroF1=0.7970  edit=31.62  segF1@50=0.37
[t1a][epoch 44/50] loss=0.1970  val_acc=0.9399  macroF1=0.7952  edit=30.71  segF1@50=0.36
[t1a][epoch 45/50] loss=0.1932  val_acc=0.9439  macroF1=0.7999  edit=34.07  segF1@50=0.39
[t1a][epoch 46/50] loss=0.1940  val_acc=0.9426  macroF1=0.7978  edit=32.56  segF1@50=0.38
[t1a][epoch 47/50] loss=0.1953  val_acc=0.9419  macroF1=0.8037  edit=35.56  segF1@50=0.42
[t1a][epoch 48/50] loss=0.2119  val_acc=0.9353  macroF1=0.7763  edit=32.64  segF1@50=0.36
[t1a][epoch 49/50] loss=0.2359  val_acc=0.9413  macroF1=0.8032  edit=33.00  segF1@50=0.38
[t1a][epoch 50/50] loss=0.2315  val_acc=0.9380  macroF1=0.7823  edit=29.38  segF1@50=0.33
[t1a] best @epoch 32: acc=0.9459 macroF1=0.7993
[t1a] evidence written -> /home/ubuntu/slocal2/m2/experiments/transfer/t1a_region_only_005_t1a_region_only_seed1000
