[b2a] train clips=13  val clips=3  in_dim=2063  tool_source=oracle  classes=9  device=cuda
[b2a] evidence dir: /home/ubuntu/slocal2/m2/experiments/transfer/b2a_oracle_mask_09_002_b2a_oracle_mask_09_seed123
[b2a][epoch 1/50] loss=3.5619  val_acc=0.3677  macroF1=0.0768  edit=18.00  segF1@50=0.22
[b2a][epoch 2/50] loss=3.0424  val_acc=0.3677  macroF1=0.0768  edit=18.00  segF1@50=0.22
[b2a][epoch 3/50] loss=2.7386  val_acc=0.3340  macroF1=0.0715  edit=9.67  segF1@50=0.00
[b2a][epoch 4/50] loss=2.5817  val_acc=0.4766  macroF1=0.1472  edit=20.67  segF1@50=0.22
[b2a][epoch 5/50] loss=2.3753  val_acc=0.6528  macroF1=0.2187  edit=37.00  segF1@50=0.24
[b2a][epoch 6/50] loss=1.9582  val_acc=0.6752  macroF1=0.2297  edit=34.33  segF1@50=0.24
[b2a][epoch 7/50] loss=2.0017  val_acc=0.5267  macroF1=0.1812  edit=32.67  segF1@50=0.13
[b2a][epoch 8/50] loss=2.0298  val_acc=0.6660  macroF1=0.2233  edit=37.00  segF1@50=0.22
[b2a][epoch 9/50] loss=1.6338  val_acc=0.6680  macroF1=0.2286  edit=39.67  segF1@50=0.22
[b2a][epoch 10/50] loss=1.4390  val_acc=0.6733  macroF1=0.2301  edit=37.00  segF1@50=0.22
[b2a][epoch 11/50] loss=1.3197  val_acc=0.6772  macroF1=0.2867  edit=35.44  segF1@50=0.25
[b2a][epoch 12/50] loss=1.2265  val_acc=0.6871  macroF1=0.3067  edit=43.78  segF1@50=0.30
[b2a][epoch 13/50] loss=1.1209  val_acc=0.7941  macroF1=0.4353  edit=31.46  segF1@50=0.24
[b2a][epoch 14/50] loss=1.0398  val_acc=0.7776  macroF1=0.3932  edit=32.37  segF1@50=0.23
[b2a][epoch 15/50] loss=0.9999  val_acc=0.7677  macroF1=0.4042  edit=37.70  segF1@50=0.27
[b2a][epoch 16/50] loss=0.9205  val_acc=0.7881  macroF1=0.4260  edit=35.37  segF1@50=0.29
[b2a][epoch 17/50] loss=0.8994  val_acc=0.8502  macroF1=0.5828  edit=27.63  segF1@50=0.22
[b2a][epoch 18/50] loss=0.8693  val_acc=0.8244  macroF1=0.4751  edit=36.44  segF1@50=0.32
[b2a][epoch 19/50] loss=0.8934  val_acc=0.7769  macroF1=0.4353  edit=28.33  segF1@50=0.27
[b2a][epoch 20/50] loss=0.8302  val_acc=0.8185  macroF1=0.5178  edit=25.27  segF1@50=0.21
[b2a][epoch 21/50] loss=0.7456  val_acc=0.8911  macroF1=0.7224  edit=33.87  segF1@50=0.32
[b2a][epoch 22/50] loss=0.6470  val_acc=0.8838  macroF1=0.6609  edit=33.31  segF1@50=0.32
[b2a][epoch 23/50] loss=0.6204  val_acc=0.9050  macroF1=0.7194  edit=34.15  segF1@50=0.35
[b2a][epoch 24/50] loss=0.5727  val_acc=0.9089  macroF1=0.7125  edit=30.89  segF1@50=0.34
[b2a][epoch 25/50] loss=0.5460  val_acc=0.8957  macroF1=0.7078  edit=34.98  segF1@50=0.34
[b2a][epoch 26/50] loss=0.5300  val_acc=0.9234  macroF1=0.7733  edit=37.25  segF1@50=0.40
[b2a][epoch 27/50] loss=0.5390  val_acc=0.8739  macroF1=0.6283  edit=32.95  segF1@50=0.30
[b2a][epoch 28/50] loss=0.5855  val_acc=0.8924  macroF1=0.7453  edit=44.24  segF1@50=0.45
[b2a][epoch 29/50] loss=0.5671  val_acc=0.9043  macroF1=0.6735  edit=34.81  segF1@50=0.35
[b2a][epoch 30/50] loss=0.4996  val_acc=0.9221  macroF1=0.7772  edit=37.04  segF1@50=0.40
[b2a][epoch 31/50] loss=0.4623  val_acc=0.9195  macroF1=0.7665  edit=38.69  segF1@50=0.41
[b2a][epoch 32/50] loss=0.4447  val_acc=0.9135  macroF1=0.7511  edit=41.48  segF1@50=0.40
[b2a][epoch 33/50] loss=0.4382  val_acc=0.9314  macroF1=0.7904  edit=36.05  segF1@50=0.38
[b2a][epoch 34/50] loss=0.4894  val_acc=0.8950  macroF1=0.6605  edit=34.68  segF1@50=0.34
[b2a][epoch 35/50] loss=0.4720  val_acc=0.8950  macroF1=0.7490  edit=39.62  segF1@50=0.43
[b2a][epoch 36/50] loss=0.4283  val_acc=0.9030  macroF1=0.7239  edit=36.67  segF1@50=0.39
[b2a][epoch 37/50] loss=0.4059  val_acc=0.9426  macroF1=0.8055  edit=42.48  segF1@50=0.47
[b2a][epoch 38/50] loss=0.3974  val_acc=0.9254  macroF1=0.7792  edit=41.25  segF1@50=0.44
[b2a][epoch 39/50] loss=0.3901  val_acc=0.9373  macroF1=0.8013  edit=41.96  segF1@50=0.46
[b2a][epoch 40/50] loss=0.4189  val_acc=0.8997  macroF1=0.6894  edit=35.13  segF1@50=0.37
[b2a][epoch 41/50] loss=0.4158  val_acc=0.8812  macroF1=0.7320  edit=47.22  segF1@50=0.48
[b2a][epoch 42/50] loss=0.3907  val_acc=0.9314  macroF1=0.7855  edit=42.81  segF1@50=0.46
[b2a][epoch 43/50] loss=0.3721  val_acc=0.9333  macroF1=0.7956  edit=42.62  segF1@50=0.47
[b2a][epoch 44/50] loss=0.3495  val_acc=0.9083  macroF1=0.7691  edit=36.92  segF1@50=0.41
[b2a][epoch 45/50] loss=0.3301  val_acc=0.9459  macroF1=0.8127  edit=37.91  segF1@50=0.43
[b2a][epoch 46/50] loss=0.3249  val_acc=0.9109  macroF1=0.7767  edit=40.03  segF1@50=0.44
[b2a][epoch 47/50] loss=0.3158  val_acc=0.9353  macroF1=0.8015  edit=41.98  segF1@50=0.47
[b2a][epoch 48/50] loss=0.3037  val_acc=0.9432  macroF1=0.8092  edit=42.72  segF1@50=0.47
[b2a][epoch 49/50] loss=0.2935  val_acc=0.9307  macroF1=0.7972  edit=41.37  segF1@50=0.47
[b2a][epoch 50/50] loss=0.2900  val_acc=0.9366  macroF1=0.8026  edit=40.01  segF1@50=0.44
[b2a] best @epoch 45: acc=0.9459 macroF1=0.8127
[b2a] evidence written -> /home/ubuntu/slocal2/m2/experiments/transfer/b2a_oracle_mask_09_002_b2a_oracle_mask_09_seed123
