[b2a] train clips=13  val clips=3  in_dim=2063  tool_source=oracle  classes=9  device=cuda
[b2a] evidence dir: /home/ubuntu/slocal2/m2/experiments/transfer/b2a_oracle_mask_06_003_b2a_oracle_mask_06_seed456
[b2a][epoch 1/50] loss=3.4916  val_acc=0.3340  macroF1=0.0715  edit=9.67  segF1@50=0.00
[b2a][epoch 2/50] loss=2.8901  val_acc=0.3650  macroF1=0.0767  edit=2.67  segF1@50=0.17
[b2a][epoch 3/50] loss=2.7044  val_acc=0.3340  macroF1=0.0715  edit=9.67  segF1@50=0.00
[b2a][epoch 4/50] loss=2.6271  val_acc=0.3677  macroF1=0.0768  edit=18.00  segF1@50=0.22
[b2a][epoch 5/50] loss=2.3973  val_acc=0.6653  macroF1=0.2231  edit=32.78  segF1@50=0.13
[b2a][epoch 6/50] loss=2.1035  val_acc=0.3762  macroF1=0.1033  edit=22.29  segF1@50=0.00
[b2a][epoch 7/50] loss=2.3454  val_acc=0.3340  macroF1=0.0715  edit=9.67  segF1@50=0.00
[b2a][epoch 8/50] loss=2.2542  val_acc=0.6356  macroF1=0.2184  edit=29.90  segF1@50=0.22
[b2a][epoch 9/50] loss=1.8221  val_acc=0.5050  macroF1=0.1716  edit=27.22  segF1@50=0.12
[b2a][epoch 10/50] loss=1.6651  val_acc=0.6587  macroF1=0.2220  edit=30.00  segF1@50=0.19
[b2a][epoch 11/50] loss=1.4578  val_acc=0.6746  macroF1=0.2604  edit=23.34  segF1@50=0.24
[b2a][epoch 12/50] loss=1.2638  val_acc=0.6825  macroF1=0.3228  edit=33.70  segF1@50=0.22
[b2a][epoch 13/50] loss=1.1519  val_acc=0.7637  macroF1=0.4256  edit=27.43  segF1@50=0.20
[b2a][epoch 14/50] loss=1.0619  val_acc=0.8040  macroF1=0.4655  edit=27.96  segF1@50=0.29
[b2a][epoch 15/50] loss=0.9852  val_acc=0.7604  macroF1=0.4390  edit=31.89  segF1@50=0.23
[b2a][epoch 16/50] loss=0.9086  val_acc=0.8759  macroF1=0.6596  edit=41.27  segF1@50=0.42
[b2a][epoch 17/50] loss=0.8323  val_acc=0.8733  macroF1=0.6540  edit=36.13  segF1@50=0.32
[b2a][epoch 18/50] loss=0.8059  val_acc=0.8673  macroF1=0.6845  edit=32.12  segF1@50=0.28
[b2a][epoch 19/50] loss=0.8320  val_acc=0.9175  macroF1=0.6932  edit=49.57  segF1@50=0.43
[b2a][epoch 20/50] loss=0.7356  val_acc=0.9003  macroF1=0.6859  edit=47.90  segF1@50=0.39
[b2a][epoch 21/50] loss=0.6906  val_acc=0.9056  macroF1=0.7004  edit=42.86  segF1@50=0.36
[b2a][epoch 22/50] loss=0.6442  val_acc=0.8832  macroF1=0.7041  edit=33.89  segF1@50=0.33
[b2a][epoch 23/50] loss=0.5948  val_acc=0.8950  macroF1=0.7397  edit=39.36  segF1@50=0.34
[b2a][epoch 24/50] loss=0.5595  val_acc=0.9076  macroF1=0.7268  edit=40.28  segF1@50=0.37
[b2a][epoch 25/50] loss=0.5327  val_acc=0.9135  macroF1=0.7677  edit=47.03  segF1@50=0.43
[b2a][epoch 26/50] loss=0.5082  val_acc=0.9287  macroF1=0.7614  edit=54.94  segF1@50=0.56
[b2a][epoch 27/50] loss=0.5072  val_acc=0.9089  macroF1=0.7659  edit=38.27  segF1@50=0.41
[b2a][epoch 28/50] loss=0.4878  val_acc=0.9175  macroF1=0.7309  edit=43.06  segF1@50=0.41
[b2a][epoch 29/50] loss=0.4787  val_acc=0.9294  macroF1=0.7866  edit=46.97  segF1@50=0.47
[b2a][epoch 30/50] loss=0.4681  val_acc=0.9327  macroF1=0.8059  edit=45.25  segF1@50=0.46
[b2a][epoch 31/50] loss=0.5191  val_acc=0.9380  macroF1=0.7917  edit=52.03  segF1@50=0.55
[b2a][epoch 32/50] loss=0.4518  val_acc=0.9320  macroF1=0.7977  edit=40.00  segF1@50=0.44
[b2a][epoch 33/50] loss=0.4189  val_acc=0.9459  macroF1=0.8130  edit=50.96  segF1@50=0.51
[b2a][epoch 34/50] loss=0.4017  val_acc=0.9373  macroF1=0.8009  edit=45.75  segF1@50=0.48
[b2a][epoch 35/50] loss=0.3835  val_acc=0.9386  macroF1=0.8111  edit=44.21  segF1@50=0.48
[b2a][epoch 36/50] loss=0.3749  val_acc=0.9446  macroF1=0.8118  edit=48.02  segF1@50=0.50
[b2a][epoch 37/50] loss=0.3728  val_acc=0.9406  macroF1=0.8151  edit=47.30  segF1@50=0.51
[b2a][epoch 38/50] loss=0.3630  val_acc=0.9525  macroF1=0.8148  edit=46.07  segF1@50=0.56
[b2a][epoch 39/50] loss=0.3730  val_acc=0.9399  macroF1=0.8122  edit=45.88  segF1@50=0.48
[b2a][epoch 40/50] loss=0.3537  val_acc=0.9129  macroF1=0.7696  edit=39.52  segF1@50=0.40
[b2a][epoch 41/50] loss=0.3514  val_acc=0.9498  macroF1=0.8135  edit=60.22  segF1@50=0.69
[b2a][epoch 42/50] loss=0.3655  val_acc=0.9452  macroF1=0.8139  edit=51.46  segF1@50=0.59
[b2a][epoch 43/50] loss=0.3363  val_acc=0.9261  macroF1=0.8046  edit=44.44  segF1@50=0.46
[b2a][epoch 44/50] loss=0.3217  val_acc=0.9525  macroF1=0.8248  edit=53.82  segF1@50=0.61
[b2a][epoch 45/50] loss=0.3076  val_acc=0.9399  macroF1=0.8142  edit=42.05  segF1@50=0.46
[b2a][epoch 46/50] loss=0.3016  val_acc=0.9432  macroF1=0.8104  edit=45.75  segF1@50=0.48
[b2a][epoch 47/50] loss=0.3254  val_acc=0.9340  macroF1=0.7929  edit=53.25  segF1@50=0.55
[b2a][epoch 48/50] loss=0.4663  val_acc=0.9182  macroF1=0.6870  edit=38.89  segF1@50=0.37
[b2a][epoch 49/50] loss=0.5369  val_acc=0.8799  macroF1=0.7324  edit=35.28  segF1@50=0.35
[b2a][epoch 50/50] loss=0.4354  val_acc=0.8785  macroF1=0.7521  edit=23.57  segF1@50=0.27
[b2a] best @epoch 38: acc=0.9525 macroF1=0.8148
[b2a] evidence written -> /home/ubuntu/slocal2/m2/experiments/transfer/b2a_oracle_mask_06_003_b2a_oracle_mask_06_seed456
