[b2a] train clips=13  val clips=3  in_dim=2063  tool_source=oracle  classes=9  device=cuda
[b2a] evidence dir: /home/ubuntu/slocal2/m2/experiments/transfer/b2a_oracle_mask_00_003_b2a_oracle_mask_00_seed456
[b2a][epoch 1/50] loss=3.4900  val_acc=0.3340  macroF1=0.0715  edit=9.67  segF1@50=0.00
[b2a][epoch 2/50] loss=2.8863  val_acc=0.3650  macroF1=0.0767  edit=2.67  segF1@50=0.17
[b2a][epoch 3/50] loss=2.6891  val_acc=0.3340  macroF1=0.0715  edit=9.67  segF1@50=0.00
[b2a][epoch 4/50] loss=2.5868  val_acc=0.3677  macroF1=0.0768  edit=18.00  segF1@50=0.22
[b2a][epoch 5/50] loss=2.3276  val_acc=0.6812  macroF1=0.2289  edit=25.89  segF1@50=0.11
[b2a][epoch 6/50] loss=1.9967  val_acc=0.4970  macroF1=0.1688  edit=38.58  segF1@50=0.18
[b2a][epoch 7/50] loss=2.0604  val_acc=0.3340  macroF1=0.0715  edit=9.67  segF1@50=0.00
[b2a][epoch 8/50] loss=2.0010  val_acc=0.6257  macroF1=0.2166  edit=28.33  segF1@50=0.11
[b2a][epoch 9/50] loss=1.7378  val_acc=0.6581  macroF1=0.2266  edit=38.33  segF1@50=0.22
[b2a][epoch 10/50] loss=1.4575  val_acc=0.6462  macroF1=0.2226  edit=41.00  segF1@50=0.20
[b2a][epoch 11/50] loss=1.2918  val_acc=0.6726  macroF1=0.2619  edit=42.67  segF1@50=0.27
[b2a][epoch 12/50] loss=1.1911  val_acc=0.7485  macroF1=0.3691  edit=32.67  segF1@50=0.26
[b2a][epoch 13/50] loss=1.0897  val_acc=0.7855  macroF1=0.4275  edit=35.04  segF1@50=0.28
[b2a][epoch 14/50] loss=1.0115  val_acc=0.8317  macroF1=0.4799  edit=29.38  segF1@50=0.29
[b2a][epoch 15/50] loss=0.9306  val_acc=0.8158  macroF1=0.4674  edit=32.48  segF1@50=0.25
[b2a][epoch 16/50] loss=0.8773  val_acc=0.8950  macroF1=0.6509  edit=40.48  segF1@50=0.36
[b2a][epoch 17/50] loss=0.8137  val_acc=0.9122  macroF1=0.6794  edit=43.21  segF1@50=0.39
[b2a][epoch 18/50] loss=0.7717  val_acc=0.9155  macroF1=0.6827  edit=45.73  segF1@50=0.42
[b2a][epoch 19/50] loss=0.7371  val_acc=0.9162  macroF1=0.6871  edit=40.08  segF1@50=0.36
[b2a][epoch 20/50] loss=0.6855  val_acc=0.9175  macroF1=0.6776  edit=42.22  segF1@50=0.43
[b2a][epoch 21/50] loss=0.6416  val_acc=0.9201  macroF1=0.6997  edit=41.97  segF1@50=0.37
[b2a][epoch 22/50] loss=0.6053  val_acc=0.9109  macroF1=0.6651  edit=31.75  segF1@50=0.39
[b2a][epoch 23/50] loss=0.6093  val_acc=0.9129  macroF1=0.7324  edit=41.17  segF1@50=0.37
[b2a][epoch 24/50] loss=0.5913  val_acc=0.9215  macroF1=0.6999  edit=53.33  segF1@50=0.61
[b2a][epoch 25/50] loss=0.5786  val_acc=0.9109  macroF1=0.7377  edit=41.89  segF1@50=0.37
[b2a][epoch 26/50] loss=0.5561  val_acc=0.9215  macroF1=0.6874  edit=42.22  segF1@50=0.39
[b2a][epoch 27/50] loss=0.5038  val_acc=0.9281  macroF1=0.7537  edit=44.16  segF1@50=0.43
[b2a][epoch 28/50] loss=0.4870  val_acc=0.9300  macroF1=0.7562  edit=44.44  segF1@50=0.41
[b2a][epoch 29/50] loss=0.4801  val_acc=0.9234  macroF1=0.7463  edit=52.86  segF1@50=0.44
[b2a][epoch 30/50] loss=0.4535  val_acc=0.9254  macroF1=0.7268  edit=51.33  segF1@50=0.54
[b2a][epoch 31/50] loss=0.4412  val_acc=0.9393  macroF1=0.7742  edit=50.62  segF1@50=0.50
[b2a][epoch 32/50] loss=0.4920  val_acc=0.9267  macroF1=0.7067  edit=38.52  segF1@50=0.41
[b2a][epoch 33/50] loss=0.4909  val_acc=0.9168  macroF1=0.7637  edit=41.71  segF1@50=0.42
[b2a][epoch 34/50] loss=0.4598  val_acc=0.9003  macroF1=0.7201  edit=38.29  segF1@50=0.36
[b2a][epoch 35/50] loss=0.4062  val_acc=0.9419  macroF1=0.7816  edit=51.30  segF1@50=0.49
[b2a][epoch 36/50] loss=0.3777  val_acc=0.9327  macroF1=0.7638  edit=44.44  segF1@50=0.44
[b2a][epoch 37/50] loss=0.3595  val_acc=0.9386  macroF1=0.7799  edit=47.11  segF1@50=0.48
[b2a][epoch 38/50] loss=0.3492  val_acc=0.9399  macroF1=0.7789  edit=49.97  segF1@50=0.50
[b2a][epoch 39/50] loss=0.3363  val_acc=0.9432  macroF1=0.7867  edit=49.97  segF1@50=0.52
[b2a][epoch 40/50] loss=0.3298  val_acc=0.9432  macroF1=0.7936  edit=47.85  segF1@50=0.50
[b2a][epoch 41/50] loss=0.3269  val_acc=0.9307  macroF1=0.7471  edit=44.44  segF1@50=0.45
[b2a][epoch 42/50] loss=0.3359  val_acc=0.9373  macroF1=0.7541  edit=47.56  segF1@50=0.49
[b2a][epoch 43/50] loss=0.3411  val_acc=0.9366  macroF1=0.7920  edit=45.32  segF1@50=0.42
[b2a][epoch 44/50] loss=0.3227  val_acc=0.9360  macroF1=0.7617  edit=48.89  segF1@50=0.50
[b2a][epoch 45/50] loss=0.3047  val_acc=0.9340  macroF1=0.7721  edit=44.24  segF1@50=0.46
[b2a][epoch 46/50] loss=0.2999  val_acc=0.9472  macroF1=0.7956  edit=51.60  segF1@50=0.53
[b2a][epoch 47/50] loss=0.3126  val_acc=0.9221  macroF1=0.7764  edit=43.30  segF1@50=0.48
[b2a][epoch 48/50] loss=0.5021  val_acc=0.9208  macroF1=0.6860  edit=36.44  segF1@50=0.34
[b2a][epoch 49/50] loss=0.6087  val_acc=0.8693  macroF1=0.6365  edit=37.21  segF1@50=0.37
[b2a][epoch 50/50] loss=0.4855  val_acc=0.9314  macroF1=0.7620  edit=38.89  segF1@50=0.45
[b2a] best @epoch 46: acc=0.9472 macroF1=0.7956
[b2a] evidence written -> /home/ubuntu/slocal2/m2/experiments/transfer/b2a_oracle_mask_00_003_b2a_oracle_mask_00_seed456
