[b2a] train clips=13  val clips=3  in_dim=2063  tool_source=oracle  classes=9  device=cuda
[b2a] evidence dir: /home/ubuntu/slocal2/m2/experiments/transfer/b2a_oracle_mask_09_003_b2a_oracle_mask_09_seed456
[b2a][epoch 1/50] loss=3.4888  val_acc=0.3340  macroF1=0.0715  edit=9.67  segF1@50=0.00
[b2a][epoch 2/50] loss=2.8862  val_acc=0.3650  macroF1=0.0767  edit=2.67  segF1@50=0.17
[b2a][epoch 3/50] loss=2.6891  val_acc=0.3340  macroF1=0.0715  edit=9.67  segF1@50=0.00
[b2a][epoch 4/50] loss=2.5885  val_acc=0.3677  macroF1=0.0768  edit=18.00  segF1@50=0.22
[b2a][epoch 5/50] loss=2.3318  val_acc=0.6805  macroF1=0.2285  edit=30.00  segF1@50=0.11
[b2a][epoch 6/50] loss=2.0052  val_acc=0.4970  macroF1=0.1689  edit=38.58  segF1@50=0.18
[b2a][epoch 7/50] loss=2.0671  val_acc=0.3340  macroF1=0.0715  edit=9.67  segF1@50=0.00
[b2a][epoch 8/50] loss=2.0068  val_acc=0.6145  macroF1=0.2129  edit=29.67  segF1@50=0.12
[b2a][epoch 9/50] loss=1.7549  val_acc=0.6535  macroF1=0.2251  edit=38.33  segF1@50=0.22
[b2a][epoch 10/50] loss=1.4730  val_acc=0.6422  macroF1=0.2213  edit=39.67  segF1@50=0.19
[b2a][epoch 11/50] loss=1.3159  val_acc=0.6587  macroF1=0.2376  edit=41.00  segF1@50=0.27
[b2a][epoch 12/50] loss=1.2102  val_acc=0.7023  macroF1=0.3239  edit=34.84  segF1@50=0.25
[b2a][epoch 13/50] loss=1.1304  val_acc=0.7056  macroF1=0.3377  edit=30.22  segF1@50=0.26
[b2a][epoch 14/50] loss=1.0557  val_acc=0.8139  macroF1=0.4568  edit=34.42  segF1@50=0.32
[b2a][epoch 15/50] loss=0.9739  val_acc=0.7762  macroF1=0.4116  edit=34.76  segF1@50=0.29
[b2a][epoch 16/50] loss=0.9061  val_acc=0.8713  macroF1=0.6292  edit=32.35  segF1@50=0.29
[b2a][epoch 17/50] loss=0.8260  val_acc=0.8653  macroF1=0.6109  edit=26.62  segF1@50=0.23
[b2a][epoch 18/50] loss=0.7593  val_acc=0.9010  macroF1=0.6700  edit=41.97  segF1@50=0.36
[b2a][epoch 19/50] loss=0.6898  val_acc=0.8924  macroF1=0.6890  edit=34.74  segF1@50=0.30
[b2a][epoch 20/50] loss=0.7374  val_acc=0.9182  macroF1=0.7402  edit=47.31  segF1@50=0.48
[b2a][epoch 21/50] loss=0.6628  val_acc=0.8719  macroF1=0.6438  edit=43.52  segF1@50=0.36
[b2a][epoch 22/50] loss=0.6238  val_acc=0.8713  macroF1=0.7052  edit=37.76  segF1@50=0.37
[b2a][epoch 23/50] loss=0.6102  val_acc=0.9168  macroF1=0.7317  edit=43.25  segF1@50=0.48
[b2a][epoch 24/50] loss=0.5778  val_acc=0.9122  macroF1=0.7540  edit=38.93  segF1@50=0.38
[b2a][epoch 25/50] loss=0.5437  val_acc=0.9261  macroF1=0.7777  edit=39.27  segF1@50=0.40
[b2a][epoch 26/50] loss=0.5196  val_acc=0.9221  macroF1=0.7410  edit=40.67  segF1@50=0.40
[b2a][epoch 27/50] loss=0.4843  val_acc=0.9036  macroF1=0.7586  edit=40.43  segF1@50=0.42
[b2a][epoch 28/50] loss=0.4661  val_acc=0.9188  macroF1=0.7556  edit=40.88  segF1@50=0.40
[b2a][epoch 29/50] loss=0.5301  val_acc=0.8713  macroF1=0.6774  edit=34.62  segF1@50=0.35
[b2a][epoch 30/50] loss=0.5735  val_acc=0.9373  macroF1=0.7893  edit=51.67  segF1@50=0.54
[b2a][epoch 31/50] loss=0.5306  val_acc=0.8997  macroF1=0.7495  edit=40.43  segF1@50=0.37
[b2a][epoch 32/50] loss=0.4490  val_acc=0.9274  macroF1=0.7830  edit=39.42  segF1@50=0.40
[b2a][epoch 33/50] loss=0.4331  val_acc=0.9406  macroF1=0.7964  edit=54.33  segF1@50=0.59
[b2a][epoch 34/50] loss=0.4071  val_acc=0.9432  macroF1=0.8057  edit=44.33  segF1@50=0.48
[b2a][epoch 35/50] loss=0.3901  val_acc=0.9340  macroF1=0.7784  edit=43.61  segF1@50=0.47
[b2a][epoch 36/50] loss=0.4046  val_acc=0.9432  macroF1=0.8078  edit=45.57  segF1@50=0.49
[b2a][epoch 37/50] loss=0.4005  val_acc=0.9274  macroF1=0.7730  edit=40.25  segF1@50=0.40
[b2a][epoch 38/50] loss=0.4034  val_acc=0.9089  macroF1=0.7723  edit=42.65  segF1@50=0.47
[b2a][epoch 39/50] loss=0.3768  val_acc=0.9373  macroF1=0.7907  edit=48.62  segF1@50=0.56
[b2a][epoch 40/50] loss=0.3620  val_acc=0.9472  macroF1=0.8153  edit=42.86  segF1@50=0.47
[b2a][epoch 41/50] loss=0.3521  val_acc=0.9036  macroF1=0.7613  edit=40.02  segF1@50=0.43
[b2a][epoch 42/50] loss=0.3583  val_acc=0.9413  macroF1=0.8066  edit=40.97  segF1@50=0.45
[b2a][epoch 43/50] loss=0.3308  val_acc=0.9498  macroF1=0.8163  edit=46.00  segF1@50=0.50
[b2a][epoch 44/50] loss=0.3255  val_acc=0.9129  macroF1=0.7787  edit=39.18  segF1@50=0.43
[b2a][epoch 45/50] loss=0.3161  val_acc=0.9373  macroF1=0.8039  edit=42.06  segF1@50=0.45
[b2a][epoch 46/50] loss=0.3044  val_acc=0.9327  macroF1=0.8039  edit=42.21  segF1@50=0.45
[b2a][epoch 47/50] loss=0.2983  val_acc=0.9135  macroF1=0.7762  edit=38.18  segF1@50=0.41
[b2a][epoch 48/50] loss=0.3259  val_acc=0.9472  macroF1=0.8135  edit=46.80  segF1@50=0.49
[b2a][epoch 49/50] loss=0.4088  val_acc=0.9419  macroF1=0.7956  edit=40.69  segF1@50=0.48
[b2a][epoch 50/50] loss=0.5268  val_acc=0.8640  macroF1=0.7127  edit=46.79  segF1@50=0.51
[b2a] best @epoch 43: acc=0.9498 macroF1=0.8163
[b2a] evidence written -> /home/ubuntu/slocal2/m2/experiments/transfer/b2a_oracle_mask_09_003_b2a_oracle_mask_09_seed456
