[b2a] train clips=13  val clips=3  in_dim=2063  tool_source=oracle  classes=9  device=cuda
[b2a] evidence dir: /home/ubuntu/slocal2/m2/experiments/transfer/b2a_oracle_mask_top3_joint_003_b2a_oracle_mask_top3_joint_seed456
[b2a][epoch 1/50] loss=3.4924  val_acc=0.3340  macroF1=0.0715  edit=9.67  segF1@50=0.00
[b2a][epoch 2/50] loss=2.8933  val_acc=0.3650  macroF1=0.0767  edit=2.67  segF1@50=0.17
[b2a][epoch 3/50] loss=2.7095  val_acc=0.3340  macroF1=0.0715  edit=9.67  segF1@50=0.00
[b2a][epoch 4/50] loss=2.6349  val_acc=0.3677  macroF1=0.0768  edit=18.00  segF1@50=0.22
[b2a][epoch 5/50] loss=2.4100  val_acc=0.6647  macroF1=0.2228  edit=30.11  segF1@50=0.13
[b2a][epoch 6/50] loss=2.1316  val_acc=0.3815  macroF1=0.1068  edit=33.51  segF1@50=0.00
[b2a][epoch 7/50] loss=2.3656  val_acc=0.3340  macroF1=0.0715  edit=9.67  segF1@50=0.00
[b2a][epoch 8/50] loss=2.2572  val_acc=0.6356  macroF1=0.2206  edit=30.63  segF1@50=0.25
[b2a][epoch 9/50] loss=1.8580  val_acc=0.4911  macroF1=0.1661  edit=31.00  segF1@50=0.11
[b2a][epoch 10/50] loss=1.7223  val_acc=0.6594  macroF1=0.2232  edit=27.17  segF1@50=0.16
[b2a][epoch 11/50] loss=1.4769  val_acc=0.6673  macroF1=0.2426  edit=29.29  segF1@50=0.23
[b2a][epoch 12/50] loss=1.3130  val_acc=0.6350  macroF1=0.2582  edit=36.43  segF1@50=0.25
[b2a][epoch 13/50] loss=1.2209  val_acc=0.6983  macroF1=0.3501  edit=35.11  segF1@50=0.23
[b2a][epoch 14/50] loss=1.1272  val_acc=0.7822  macroF1=0.4416  edit=27.43  segF1@50=0.20
[b2a][epoch 15/50] loss=1.0514  val_acc=0.7571  macroF1=0.4337  edit=33.16  segF1@50=0.27
[b2a][epoch 16/50] loss=0.9680  val_acc=0.8673  macroF1=0.6459  edit=39.15  segF1@50=0.34
[b2a][epoch 17/50] loss=0.9034  val_acc=0.8568  macroF1=0.6371  edit=30.92  segF1@50=0.29
[b2a][epoch 18/50] loss=0.8560  val_acc=0.8680  macroF1=0.6501  edit=31.39  segF1@50=0.29
[b2a][epoch 19/50] loss=0.8223  val_acc=0.8693  macroF1=0.6307  edit=36.08  segF1@50=0.28
[b2a][epoch 20/50] loss=0.8099  val_acc=0.8964  macroF1=0.6681  edit=40.78  segF1@50=0.42
[b2a][epoch 21/50] loss=0.8012  val_acc=0.8436  macroF1=0.6601  edit=38.84  segF1@50=0.41
[b2a][epoch 22/50] loss=0.8912  val_acc=0.8726  macroF1=0.6340  edit=24.03  segF1@50=0.17
[b2a][epoch 23/50] loss=0.8178  val_acc=0.7690  macroF1=0.5864  edit=29.30  segF1@50=0.23
[b2a][epoch 24/50] loss=0.7502  val_acc=0.8779  macroF1=0.6286  edit=37.79  segF1@50=0.43
[b2a][epoch 25/50] loss=0.6603  val_acc=0.9010  macroF1=0.6801  edit=36.79  segF1@50=0.34
[b2a][epoch 26/50] loss=0.6461  val_acc=0.8482  macroF1=0.6262  edit=33.94  segF1@50=0.28
[b2a][epoch 27/50] loss=0.5750  val_acc=0.8957  macroF1=0.6799  edit=38.95  segF1@50=0.34
[b2a][epoch 28/50] loss=0.5575  val_acc=0.8706  macroF1=0.6720  edit=34.67  segF1@50=0.29
[b2a][epoch 29/50] loss=0.5338  val_acc=0.8917  macroF1=0.6791  edit=36.67  segF1@50=0.34
[b2a][epoch 30/50] loss=0.5015  val_acc=0.8865  macroF1=0.6705  edit=32.90  segF1@50=0.30
[b2a][epoch 31/50] loss=0.4828  val_acc=0.9036  macroF1=0.7079  edit=36.46  segF1@50=0.35
[b2a][epoch 32/50] loss=0.4704  val_acc=0.8871  macroF1=0.6822  edit=35.98  segF1@50=0.32
[b2a][epoch 33/50] loss=0.4581  val_acc=0.8964  macroF1=0.7321  edit=37.78  segF1@50=0.36
[b2a][epoch 34/50] loss=0.4551  val_acc=0.8957  macroF1=0.6786  edit=34.05  segF1@50=0.32
[b2a][epoch 35/50] loss=0.4438  val_acc=0.8752  macroF1=0.7099  edit=35.79  segF1@50=0.32
[b2a][epoch 36/50] loss=0.4188  val_acc=0.8957  macroF1=0.6970  edit=35.77  segF1@50=0.35
[b2a][epoch 37/50] loss=0.4065  val_acc=0.8983  macroF1=0.7397  edit=38.87  segF1@50=0.39
[b2a][epoch 38/50] loss=0.3931  val_acc=0.9069  macroF1=0.7145  edit=39.42  segF1@50=0.36
[b2a][epoch 39/50] loss=0.3897  val_acc=0.9188  macroF1=0.7671  edit=42.05  segF1@50=0.39
[b2a][epoch 40/50] loss=0.3919  val_acc=0.9030  macroF1=0.7071  edit=38.80  segF1@50=0.37
[b2a][epoch 41/50] loss=0.3795  val_acc=0.8818  macroF1=0.6738  edit=35.00  segF1@50=0.31
[b2a][epoch 42/50] loss=0.4915  val_acc=0.9149  macroF1=0.7599  edit=39.65  segF1@50=0.38
[b2a][epoch 43/50] loss=0.4491  val_acc=0.9043  macroF1=0.6916  edit=34.47  segF1@50=0.30
[b2a][epoch 44/50] loss=0.4038  val_acc=0.8647  macroF1=0.6908  edit=35.22  segF1@50=0.31
[b2a][epoch 45/50] loss=0.3705  val_acc=0.9155  macroF1=0.7380  edit=37.18  segF1@50=0.38
[b2a][epoch 46/50] loss=0.3465  val_acc=0.8865  macroF1=0.7282  edit=40.58  segF1@50=0.41
[b2a][epoch 47/50] loss=0.3347  val_acc=0.8990  macroF1=0.7137  edit=39.58  segF1@50=0.40
[b2a][epoch 48/50] loss=0.3351  val_acc=0.9175  macroF1=0.7655  edit=42.49  segF1@50=0.43
[b2a][epoch 49/50] loss=0.3604  val_acc=0.9102  macroF1=0.7329  edit=46.30  segF1@50=0.49
[b2a][epoch 50/50] loss=0.3288  val_acc=0.9129  macroF1=0.7524  edit=49.51  segF1@50=0.50
[b2a] best @epoch 39: acc=0.9188 macroF1=0.7671
[b2a] evidence written -> /home/ubuntu/slocal2/m2/experiments/transfer/b2a_oracle_mask_top3_joint_003_b2a_oracle_mask_top3_joint_seed456
