[b2a] train clips=13  val clips=3  in_dim=2063  tool_source=oracle  classes=9  device=cuda
[b2a] evidence dir: /home/ubuntu/slocal2/m2/experiments/transfer/b2a_oracle_mask_top3_joint_001_b2a_oracle_mask_top3_joint_seed123
[b2a][epoch 1/50] loss=3.5687  val_acc=0.3677  macroF1=0.0768  edit=18.00  segF1@50=0.22
[b2a][epoch 2/50] loss=3.0553  val_acc=0.3677  macroF1=0.0768  edit=18.00  segF1@50=0.22
[b2a][epoch 3/50] loss=2.7571  val_acc=0.3340  macroF1=0.0715  edit=9.67  segF1@50=0.00
[b2a][epoch 4/50] loss=2.6229  val_acc=0.4772  macroF1=0.1475  edit=15.00  segF1@50=0.11
[b2a][epoch 5/50] loss=2.4527  val_acc=0.6092  macroF1=0.2024  edit=25.43  segF1@50=0.22
[b2a][epoch 6/50] loss=2.0995  val_acc=0.6739  macroF1=0.2292  edit=39.67  segF1@50=0.24
[b2a][epoch 7/50] loss=2.0984  val_acc=0.4574  macroF1=0.1506  edit=32.67  segF1@50=0.02
[b2a][epoch 8/50] loss=2.0721  val_acc=0.6568  macroF1=0.2199  edit=35.56  segF1@50=0.22
[b2a][epoch 9/50] loss=1.7138  val_acc=0.6640  macroF1=0.2273  edit=39.67  segF1@50=0.23
[b2a][epoch 10/50] loss=1.5249  val_acc=0.6700  macroF1=0.2287  edit=32.67  segF1@50=0.16
[b2a][epoch 11/50] loss=1.4035  val_acc=0.6673  macroF1=0.2687  edit=46.67  segF1@50=0.22
[b2a][epoch 12/50] loss=1.2903  val_acc=0.6488  macroF1=0.2748  edit=26.83  segF1@50=0.17
[b2a][epoch 13/50] loss=1.1978  val_acc=0.7868  macroF1=0.4406  edit=30.67  segF1@50=0.24
[b2a][epoch 14/50] loss=1.1223  val_acc=0.7459  macroF1=0.3900  edit=31.13  segF1@50=0.21
[b2a][epoch 15/50] loss=1.0493  val_acc=0.7736  macroF1=0.4290  edit=30.14  segF1@50=0.21
[b2a][epoch 16/50] loss=0.9628  val_acc=0.8007  macroF1=0.4611  edit=30.26  segF1@50=0.26
[b2a][epoch 17/50] loss=0.9243  val_acc=0.7828  macroF1=0.5283  edit=23.17  segF1@50=0.10
[b2a][epoch 18/50] loss=0.8721  val_acc=0.8119  macroF1=0.4709  edit=35.76  segF1@50=0.32
[b2a][epoch 19/50] loss=0.8365  val_acc=0.8746  macroF1=0.6470  edit=35.92  segF1@50=0.38
[b2a][epoch 20/50] loss=0.8459  val_acc=0.8660  macroF1=0.6440  edit=35.87  segF1@50=0.30
[b2a][epoch 21/50] loss=0.9146  val_acc=0.7386  macroF1=0.4505  edit=32.67  segF1@50=0.30
[b2a][epoch 22/50] loss=1.0084  val_acc=0.8290  macroF1=0.5884  edit=32.15  segF1@50=0.30
[b2a][epoch 23/50] loss=0.7961  val_acc=0.8706  macroF1=0.6397  edit=43.33  segF1@50=0.42
[b2a][epoch 24/50] loss=0.7701  val_acc=0.8132  macroF1=0.6222  edit=28.97  segF1@50=0.26
[b2a][epoch 25/50] loss=0.7409  val_acc=0.8766  macroF1=0.6408  edit=32.77  segF1@50=0.32
[b2a][epoch 26/50] loss=0.6295  val_acc=0.8799  macroF1=0.6624  edit=33.33  segF1@50=0.31
[b2a][epoch 27/50] loss=0.5987  val_acc=0.8568  macroF1=0.6310  edit=32.72  segF1@50=0.29
[b2a][epoch 28/50] loss=0.5510  val_acc=0.8594  macroF1=0.6404  edit=32.06  segF1@50=0.31
[b2a][epoch 29/50] loss=0.5378  val_acc=0.8964  macroF1=0.6905  edit=36.88  segF1@50=0.34
[b2a][epoch 30/50] loss=0.5286  val_acc=0.8653  macroF1=0.6384  edit=33.86  segF1@50=0.30
[b2a][epoch 31/50] loss=0.5189  val_acc=0.8528  macroF1=0.6822  edit=35.56  segF1@50=0.34
[b2a][epoch 32/50] loss=0.5189  val_acc=0.8818  macroF1=0.6515  edit=33.11  segF1@50=0.33
[b2a][epoch 33/50] loss=0.4919  val_acc=0.8733  macroF1=0.6544  edit=33.95  segF1@50=0.33
[b2a][epoch 34/50] loss=0.4434  val_acc=0.8937  macroF1=0.7098  edit=35.12  segF1@50=0.30
[b2a][epoch 35/50] loss=0.4383  val_acc=0.9109  macroF1=0.7328  edit=37.06  segF1@50=0.38
[b2a][epoch 36/50] loss=0.4241  val_acc=0.8977  macroF1=0.6926  edit=33.44  segF1@50=0.31
[b2a][epoch 37/50] loss=0.4153  val_acc=0.8990  macroF1=0.7305  edit=37.36  segF1@50=0.35
[b2a][epoch 38/50] loss=0.4093  val_acc=0.8964  macroF1=0.6930  edit=25.40  segF1@50=0.28
[b2a][epoch 39/50] loss=0.4538  val_acc=0.8119  macroF1=0.6837  edit=38.63  segF1@50=0.40
[b2a][epoch 40/50] loss=0.5072  val_acc=0.8700  macroF1=0.6272  edit=38.67  segF1@50=0.42
[b2a][epoch 41/50] loss=0.5757  val_acc=0.8739  macroF1=0.7041  edit=32.62  segF1@50=0.31
[b2a][epoch 42/50] loss=0.4390  val_acc=0.9023  macroF1=0.7155  edit=35.24  segF1@50=0.32
[b2a][epoch 43/50] loss=0.3981  val_acc=0.9135  macroF1=0.7345  edit=36.59  segF1@50=0.36
[b2a][epoch 44/50] loss=0.3661  val_acc=0.8924  macroF1=0.7247  edit=40.00  segF1@50=0.34
[b2a][epoch 45/50] loss=0.3496  val_acc=0.9069  macroF1=0.7281  edit=36.91  segF1@50=0.37
[b2a][epoch 46/50] loss=0.3390  val_acc=0.9175  macroF1=0.7448  edit=37.18  segF1@50=0.36
[b2a][epoch 47/50] loss=0.3327  val_acc=0.8937  macroF1=0.7244  edit=38.98  segF1@50=0.39
[b2a][epoch 48/50] loss=0.3250  val_acc=0.9129  macroF1=0.7461  edit=35.74  segF1@50=0.36
[b2a][epoch 49/50] loss=0.3180  val_acc=0.9056  macroF1=0.7015  edit=32.80  segF1@50=0.33
[b2a][epoch 50/50] loss=0.3310  val_acc=0.8865  macroF1=0.7198  edit=40.37  segF1@50=0.40
[b2a] best @epoch 46: acc=0.9175 macroF1=0.7448
[b2a] evidence written -> /home/ubuntu/slocal2/m2/experiments/transfer/b2a_oracle_mask_top3_joint_001_b2a_oracle_mask_top3_joint_seed123
