[b2a] train clips=13  val clips=3  in_dim=2063  tool_source=oracle  classes=9  device=cuda
[b2a] evidence dir: /home/ubuntu/slocal2/m2/experiments/transfer/b2a_oracle_mask_top3_joint_002_b2a_oracle_mask_top3_joint_seed42
[b2a][epoch 1/50] loss=3.7529  val_acc=0.3624  macroF1=0.0766  edit=2.67  segF1@50=0.17
[b2a][epoch 2/50] loss=2.8828  val_acc=0.2323  macroF1=0.0722  edit=8.97  segF1@50=0.01
[b2a][epoch 3/50] loss=2.7151  val_acc=0.3677  macroF1=0.0768  edit=18.00  segF1@50=0.22
[b2a][epoch 4/50] loss=2.5037  val_acc=0.6238  macroF1=0.2151  edit=24.33  segF1@50=0.03
[b2a][epoch 5/50] loss=2.5316  val_acc=0.3974  macroF1=0.1018  edit=34.12  segF1@50=0.22
[b2a][epoch 6/50] loss=2.1855  val_acc=0.6733  macroF1=0.2283  edit=37.90  segF1@50=0.19
[b2a][epoch 7/50] loss=1.7820  val_acc=0.5545  macroF1=0.1914  edit=30.25  segF1@50=0.12
[b2a][epoch 8/50] loss=1.6206  val_acc=0.5287  macroF1=0.1820  edit=28.79  segF1@50=0.12
[b2a][epoch 9/50] loss=1.7492  val_acc=0.5182  macroF1=0.1782  edit=23.13  segF1@50=0.01
[b2a][epoch 10/50] loss=1.6398  val_acc=0.6733  macroF1=0.2301  edit=38.33  segF1@50=0.22
[b2a][epoch 11/50] loss=1.4480  val_acc=0.6825  macroF1=0.2681  edit=46.34  segF1@50=0.22
[b2a][epoch 12/50] loss=1.3486  val_acc=0.6693  macroF1=0.3490  edit=25.93  segF1@50=0.09
[b2a][epoch 13/50] loss=1.2709  val_acc=0.6792  macroF1=0.2857  edit=28.00  segF1@50=0.21
[b2a][epoch 14/50] loss=1.1639  val_acc=0.7116  macroF1=0.3303  edit=48.44  segF1@50=0.35
[b2a][epoch 15/50] loss=1.0899  val_acc=0.7129  macroF1=0.4161  edit=35.76  segF1@50=0.20
[b2a][epoch 16/50] loss=0.9980  val_acc=0.7762  macroF1=0.5006  edit=28.76  segF1@50=0.19
[b2a][epoch 17/50] loss=0.9306  val_acc=0.8647  macroF1=0.6321  edit=31.76  segF1@50=0.28
[b2a][epoch 18/50] loss=0.8551  val_acc=0.8561  macroF1=0.6227  edit=41.11  segF1@50=0.33
[b2a][epoch 19/50] loss=0.7980  val_acc=0.8871  macroF1=0.6451  edit=45.00  segF1@50=0.42
[b2a][epoch 20/50] loss=0.7472  val_acc=0.8845  macroF1=0.6462  edit=32.78  segF1@50=0.29
[b2a][epoch 21/50] loss=0.6887  val_acc=0.8904  macroF1=0.6447  edit=36.67  segF1@50=0.34
[b2a][epoch 22/50] loss=0.6522  val_acc=0.8033  macroF1=0.6217  edit=26.53  segF1@50=0.19
[b2a][epoch 23/50] loss=0.7108  val_acc=0.7894  macroF1=0.6407  edit=42.29  segF1@50=0.33
[b2a][epoch 24/50] loss=0.6834  val_acc=0.8389  macroF1=0.6092  edit=42.73  segF1@50=0.35
[b2a][epoch 25/50] loss=0.6606  val_acc=0.7795  macroF1=0.5840  edit=17.04  segF1@50=0.17
[b2a][epoch 26/50] loss=0.7181  val_acc=0.8627  macroF1=0.6424  edit=38.27  segF1@50=0.32
[b2a][epoch 27/50] loss=0.6853  val_acc=0.8884  macroF1=0.6440  edit=32.39  segF1@50=0.34
[b2a][epoch 28/50] loss=0.8442  val_acc=0.7399  macroF1=0.4959  edit=28.38  segF1@50=0.18
[b2a][epoch 29/50] loss=0.9524  val_acc=0.7604  macroF1=0.5949  edit=34.87  segF1@50=0.32
[b2a][epoch 30/50] loss=0.8179  val_acc=0.8363  macroF1=0.5956  edit=35.84  segF1@50=0.34
[b2a][epoch 31/50] loss=0.6140  val_acc=0.8403  macroF1=0.6131  edit=24.72  segF1@50=0.25
[b2a][epoch 32/50] loss=0.5469  val_acc=0.8574  macroF1=0.6321  edit=37.29  segF1@50=0.32
[b2a][epoch 33/50] loss=0.4959  val_acc=0.8574  macroF1=0.6905  edit=30.57  segF1@50=0.26
[b2a][epoch 34/50] loss=0.4815  val_acc=0.8739  macroF1=0.6438  edit=32.25  segF1@50=0.29
[b2a][epoch 35/50] loss=0.4873  val_acc=0.8647  macroF1=0.6923  edit=33.98  segF1@50=0.29
[b2a][epoch 36/50] loss=0.4403  val_acc=0.8924  macroF1=0.6789  edit=34.66  segF1@50=0.31
[b2a][epoch 37/50] loss=0.4235  val_acc=0.8620  macroF1=0.6815  edit=39.47  segF1@50=0.33
[b2a][epoch 38/50] loss=0.4100  val_acc=0.8931  macroF1=0.7183  edit=39.70  segF1@50=0.35
[b2a][epoch 39/50] loss=0.4005  val_acc=0.9063  macroF1=0.7183  edit=39.81  segF1@50=0.36
[b2a][epoch 40/50] loss=0.3891  val_acc=0.8983  macroF1=0.7337  edit=39.58  segF1@50=0.38
[b2a][epoch 41/50] loss=0.3816  val_acc=0.8964  macroF1=0.7182  edit=32.34  segF1@50=0.31
[b2a][epoch 42/50] loss=0.3795  val_acc=0.9162  macroF1=0.7588  edit=36.90  segF1@50=0.40
[b2a][epoch 43/50] loss=0.3678  val_acc=0.9056  macroF1=0.7050  edit=39.72  segF1@50=0.37
[b2a][epoch 44/50] loss=0.3590  val_acc=0.9122  macroF1=0.7634  edit=38.86  segF1@50=0.40
[b2a][epoch 45/50] loss=0.3571  val_acc=0.8957  macroF1=0.6865  edit=35.67  segF1@50=0.32
[b2a][epoch 46/50] loss=0.3478  val_acc=0.9030  macroF1=0.7502  edit=41.05  segF1@50=0.42
[b2a][epoch 47/50] loss=0.3359  val_acc=0.9149  macroF1=0.7467  edit=39.53  segF1@50=0.40
[b2a][epoch 48/50] loss=0.3312  val_acc=0.9122  macroF1=0.7575  edit=38.24  segF1@50=0.40
[b2a][epoch 49/50] loss=0.3171  val_acc=0.9221  macroF1=0.7569  edit=37.50  segF1@50=0.40
[b2a][epoch 50/50] loss=0.3142  val_acc=0.9261  macroF1=0.7786  edit=39.40  segF1@50=0.42
[b2a] best @epoch 50: acc=0.9261 macroF1=0.7786
[b2a] evidence written -> /home/ubuntu/slocal2/m2/experiments/transfer/b2a_oracle_mask_top3_joint_002_b2a_oracle_mask_top3_joint_seed42
