=== detector_seed=42  phase_seed=42 ===
[02:01:55] probe S4_frozen_det42_p42 (src=relation_detr_seed42, gpu=0)
   -> /home/ubuntu/slocal/m2/experiments/phase1/s4_phase_baseline_017_frozen_tecno_phase_baseline_seed42
[02:02:18] probe S4_aug_det42_p42 (src=relation_detr_augstrong_seed42, gpu=0)
   -> /home/ubuntu/slocal/m2/experiments/phase1/s4_phase_baseline_018_frozen_tecno_phase_baseline_seed42
[02:02:42] probe B2a_frozen_det42_p42 (src=relation_detr_seed42, gpu=0)
   -> /home/ubuntu/slocal/m2/experiments/transfer/b2a_det2phase_toolpresence_006_b2a_det2phase_toolpresence_seed42
[02:03:05] probe B2a_aug_det42_p42 (src=relation_detr_augstrong_seed42, gpu=0)
   -> /home/ubuntu/slocal/m2/experiments/transfer/b2a_det2phase_toolpresence_007_b2a_det2phase_toolpresence_seed42
[02:03:28] probe T1a_frozen_det42_p42 (src=relation_detr_seed42, gpu=0)
   -> /home/ubuntu/slocal/m2/experiments/transfer/t1a_3seed_det42_p42_frozen_001_t1a_3seed_det42_p42_frozen_seed42
[02:03:52] probe T1a_aug_det42_p42 (src=relation_detr_augstrong_seed42, gpu=0)
   -> /home/ubuntu/slocal/m2/experiments/transfer/t1a_3seed_det42_p42_aug_001_t1a_3seed_det42_p42_aug_seed42
=== detector_seed=42  phase_seed=123 ===
[02:04:16] probe S4_frozen_det42_p123 (src=relation_detr_seed42, gpu=0)
   -> /home/ubuntu/slocal/m2/experiments/phase1/s4_phase_baseline_019_frozen_tecno_phase_baseline_seed123
[02:04:39] probe S4_aug_det42_p123 (src=relation_detr_augstrong_seed42, gpu=0)
   -> /home/ubuntu/slocal/m2/experiments/phase1/s4_phase_baseline_020_frozen_tecno_phase_baseline_seed123
[02:05:01] probe B2a_frozen_det42_p123 (src=relation_detr_seed42, gpu=0)
   -> /home/ubuntu/slocal/m2/experiments/transfer/b2a_det2phase_toolpresence_008_b2a_det2phase_toolpresence_seed123
[02:05:25] probe B2a_aug_det42_p123 (src=relation_detr_augstrong_seed42, gpu=0)
   -> /home/ubuntu/slocal/m2/experiments/transfer/b2a_det2phase_toolpresence_009_b2a_det2phase_toolpresence_seed123
[02:05:48] probe T1a_frozen_det42_p123 (src=relation_detr_seed42, gpu=0)
   -> /home/ubuntu/slocal/m2/experiments/transfer/t1a_3seed_det42_p123_frozen_001_t1a_3seed_det42_p123_frozen_seed123
[02:06:12] probe T1a_aug_det42_p123 (src=relation_detr_augstrong_seed42, gpu=0)
   -> /home/ubuntu/slocal/m2/experiments/transfer/t1a_3seed_det42_p123_aug_001_t1a_3seed_det42_p123_aug_seed123
=== detector_seed=42  phase_seed=456 ===
[02:06:36] probe S4_frozen_det42_p456 (src=relation_detr_seed42, gpu=0)
   -> /home/ubuntu/slocal/m2/experiments/phase1/s4_phase_baseline_021_frozen_tecno_phase_baseline_seed456
[02:06:58] probe S4_aug_det42_p456 (src=relation_detr_augstrong_seed42, gpu=0)
   -> /home/ubuntu/slocal/m2/experiments/phase1/s4_phase_baseline_022_frozen_tecno_phase_baseline_seed456
[02:07:21] probe B2a_frozen_det42_p456 (src=relation_detr_seed42, gpu=0)
   -> /home/ubuntu/slocal/m2/experiments/transfer/b2a_det2phase_toolpresence_010_b2a_det2phase_toolpresence_seed456
[02:07:45] probe B2a_aug_det42_p456 (src=relation_detr_augstrong_seed42, gpu=0)
   -> /home/ubuntu/slocal/m2/experiments/transfer/b2a_det2phase_toolpresence_011_b2a_det2phase_toolpresence_seed456
[02:08:09] probe T1a_frozen_det42_p456 (src=relation_detr_seed42, gpu=0)
   -> /home/ubuntu/slocal/m2/experiments/transfer/t1a_3seed_det42_p456_frozen_001_t1a_3seed_det42_p456_frozen_seed456
[02:08:33] probe T1a_aug_det42_p456 (src=relation_detr_augstrong_seed42, gpu=0)
   -> /home/ubuntu/slocal/m2/experiments/transfer/t1a_3seed_det42_p456_aug_001_t1a_3seed_det42_p456_aug_seed456
[02:08:57] detector_seed=42 probe 完了（phase_seeds: 42 123 456）
