[s4] train clips=13  val clips=3  classes=9  device=cuda
[s4] evidence dir: /home/ubuntu/slocal/m2/experiments/phase1/s4_phase_baseline_014_frozen_tecno_phase_baseline_seed42
[s4][epoch 1/50] loss=3.7139  val_acc=0.4799  macroF1=0.1511  edit=27.93  segF1@50=0.23
[s4][epoch 2/50] loss=2.8594  val_acc=0.4495  macroF1=0.1341  edit=20.67  segF1@50=0.25
[s4][epoch 3/50] loss=2.7066  val_acc=0.3677  macroF1=0.0772  edit=20.22  segF1@50=0.22
[s4][epoch 4/50] loss=2.5104  val_acc=0.5657  macroF1=0.1915  edit=36.43  segF1@50=0.18
[s4][epoch 5/50] loss=2.5480  val_acc=0.3677  macroF1=0.0770  edit=21.03  segF1@50=0.22
[s4][epoch 6/50] loss=2.1801  val_acc=0.6739  macroF1=0.2272  edit=32.67  segF1@50=0.13
[s4][epoch 7/50] loss=1.8194  val_acc=0.6284  macroF1=0.2156  edit=31.33  segF1@50=0.14
[s4][epoch 8/50] loss=1.5807  val_acc=0.6330  macroF1=0.2159  edit=31.33  segF1@50=0.14
[s4][epoch 9/50] loss=1.4984  val_acc=0.6198  macroF1=0.2136  edit=32.67  segF1@50=0.14
[s4][epoch 10/50] loss=1.4003  val_acc=0.6713  macroF1=0.2646  edit=27.44  segF1@50=0.16
[s4][epoch 11/50] loss=1.3442  val_acc=0.6541  macroF1=0.2773  edit=38.73  segF1@50=0.24
[s4][epoch 12/50] loss=1.2357  val_acc=0.6950  macroF1=0.3456  edit=27.97  segF1@50=0.16
[s4][epoch 13/50] loss=1.2046  val_acc=0.6950  macroF1=0.3653  edit=17.49  segF1@50=0.07
[s4][epoch 14/50] loss=1.0800  val_acc=0.7439  macroF1=0.3811  edit=28.50  segF1@50=0.23
[s4][epoch 15/50] loss=1.0473  val_acc=0.8502  macroF1=0.5536  edit=38.00  segF1@50=0.43
[s4][epoch 16/50] loss=0.9940  val_acc=0.8403  macroF1=0.5618  edit=28.22  segF1@50=0.24
[s4][epoch 17/50] loss=0.9184  val_acc=0.8858  macroF1=0.6485  edit=34.52  segF1@50=0.35
[s4][epoch 18/50] loss=0.8668  val_acc=0.8832  macroF1=0.6533  edit=36.63  segF1@50=0.32
[s4][epoch 19/50] loss=1.0318  val_acc=0.8172  macroF1=0.6642  edit=27.01  segF1@50=0.24
[s4][epoch 20/50] loss=1.1975  val_acc=0.7789  macroF1=0.6060  edit=20.46  segF1@50=0.14
[s4][epoch 21/50] loss=0.9146  val_acc=0.8686  macroF1=0.6268  edit=34.00  segF1@50=0.29
[s4][epoch 22/50] loss=0.7714  val_acc=0.8508  macroF1=0.6732  edit=29.68  segF1@50=0.13
[s4][epoch 23/50] loss=0.7191  val_acc=0.8759  macroF1=0.6486  edit=27.88  segF1@50=0.22
[s4][epoch 24/50] loss=0.6775  val_acc=0.8746  macroF1=0.6760  edit=32.17  segF1@50=0.26
[s4][epoch 25/50] loss=0.6337  val_acc=0.8766  macroF1=0.6992  edit=43.33  segF1@50=0.34
[s4][epoch 26/50] loss=0.6408  val_acc=0.8891  macroF1=0.6685  edit=24.89  segF1@50=0.25
[s4][epoch 27/50] loss=0.6728  val_acc=0.8805  macroF1=0.6822  edit=32.96  segF1@50=0.26
[s4][epoch 28/50] loss=0.6378  val_acc=0.8924  macroF1=0.7031  edit=35.85  segF1@50=0.32
[s4][epoch 29/50] loss=0.5674  val_acc=0.8884  macroF1=0.6864  edit=38.11  segF1@50=0.33
[s4][epoch 30/50] loss=0.5500  val_acc=0.8937  macroF1=0.7216  edit=32.56  segF1@50=0.30
[s4][epoch 31/50] loss=0.5154  val_acc=0.8983  macroF1=0.7119  edit=37.97  segF1@50=0.34
[s4][epoch 32/50] loss=0.4931  val_acc=0.8931  macroF1=0.7214  edit=32.56  segF1@50=0.30
[s4][epoch 33/50] loss=0.4706  val_acc=0.8950  macroF1=0.7250  edit=36.52  segF1@50=0.34
[s4][epoch 34/50] loss=0.4548  val_acc=0.9003  macroF1=0.7228  edit=41.97  segF1@50=0.35
[s4][epoch 35/50] loss=0.4473  val_acc=0.8997  macroF1=0.7191  edit=37.67  segF1@50=0.30
[s4][epoch 36/50] loss=0.4339  val_acc=0.8983  macroF1=0.7419  edit=38.07  segF1@50=0.34
[s4][epoch 37/50] loss=0.4250  val_acc=0.8990  macroF1=0.7058  edit=40.89  segF1@50=0.35
[s4][epoch 38/50] loss=0.4344  val_acc=0.8832  macroF1=0.7236  edit=37.06  segF1@50=0.31
[s4][epoch 39/50] loss=0.4353  val_acc=0.9043  macroF1=0.7219  edit=43.56  segF1@50=0.36
[s4][epoch 40/50] loss=0.4237  val_acc=0.8990  macroF1=0.7310  edit=34.39  segF1@50=0.29
[s4][epoch 41/50] loss=0.4280  val_acc=0.9010  macroF1=0.7297  edit=34.28  segF1@50=0.32
[s4][epoch 42/50] loss=0.3983  val_acc=0.8977  macroF1=0.7191  edit=34.67  segF1@50=0.29
[s4][epoch 43/50] loss=0.3809  val_acc=0.9036  macroF1=0.7445  edit=40.74  segF1@50=0.40
[s4][epoch 44/50] loss=0.3646  val_acc=0.9043  macroF1=0.7443  edit=38.10  segF1@50=0.34
[s4][epoch 45/50] loss=0.3565  val_acc=0.9076  macroF1=0.7557  edit=41.74  segF1@50=0.40
[s4][epoch 46/50] loss=0.3459  val_acc=0.9069  macroF1=0.7305  edit=39.84  segF1@50=0.34
[s4][epoch 47/50] loss=0.3383  val_acc=0.9050  macroF1=0.7559  edit=41.03  segF1@50=0.37
[s4][epoch 48/50] loss=0.3312  val_acc=0.9069  macroF1=0.7488  edit=43.30  segF1@50=0.43
[s4][epoch 49/50] loss=0.3233  val_acc=0.9135  macroF1=0.7630  edit=43.89  segF1@50=0.44
[s4][epoch 50/50] loss=0.3226  val_acc=0.9116  macroF1=0.7411  edit=36.74  segF1@50=0.35
[s4] best @epoch 49: acc=0.9135 macroF1=0.7630
[s4] evidence written -> /home/ubuntu/slocal/m2/experiments/phase1/s4_phase_baseline_014_frozen_tecno_phase_baseline_seed42
