=== detector_seed=456  phase_seed=42 ===
[18:26:24] probe S4_frozen_det456_p42 (src=relation_detr_seed456, gpu=0)
   -> /home/ubuntu/slocal/m2/experiments/phase1/s4_phase_baseline_029_frozen_tecno_phase_baseline_seed42
[18:26:47] probe S4_aug_det456_p42 (src=relation_detr_augstrong_seed456, gpu=0)
   -> /home/ubuntu/slocal/m2/experiments/phase1/s4_phase_baseline_030_frozen_tecno_phase_baseline_seed42
[18:27:10] probe B2a_frozen_det456_p42 (src=relation_detr_seed456, gpu=0)
   -> /home/ubuntu/slocal/m2/experiments/transfer/b2a_det2phase_toolpresence_018_b2a_det2phase_toolpresence_seed42
[18:27:32] probe B2a_aug_det456_p42 (src=relation_detr_augstrong_seed456, gpu=0)
   -> /home/ubuntu/slocal/m2/experiments/transfer/b2a_det2phase_toolpresence_019_b2a_det2phase_toolpresence_seed42
[18:27:54] probe T1a_frozen_det456_p42 (src=relation_detr_seed456, gpu=0)
   -> /home/ubuntu/slocal/m2/experiments/transfer/t1a_3seed_det456_p42_frozen_001_t1a_3seed_det456_p42_frozen_seed42
[18:28:17] probe T1a_aug_det456_p42 (src=relation_detr_augstrong_seed456, gpu=0)
   -> /home/ubuntu/slocal/m2/experiments/transfer/t1a_3seed_det456_p42_aug_001_t1a_3seed_det456_p42_aug_seed42
=== detector_seed=456  phase_seed=123 ===
[18:28:39] probe S4_frozen_det456_p123 (src=relation_detr_seed456, gpu=0)
   -> /home/ubuntu/slocal/m2/experiments/phase1/s4_phase_baseline_031_frozen_tecno_phase_baseline_seed123
[18:29:04] probe S4_aug_det456_p123 (src=relation_detr_augstrong_seed456, gpu=0)
   -> /home/ubuntu/slocal/m2/experiments/phase1/s4_phase_baseline_032_frozen_tecno_phase_baseline_seed123
[18:29:25] probe B2a_frozen_det456_p123 (src=relation_detr_seed456, gpu=0)
   -> /home/ubuntu/slocal/m2/experiments/transfer/b2a_det2phase_toolpresence_020_b2a_det2phase_toolpresence_seed123
[18:29:48] probe B2a_aug_det456_p123 (src=relation_detr_augstrong_seed456, gpu=0)
   -> /home/ubuntu/slocal/m2/experiments/transfer/b2a_det2phase_toolpresence_021_b2a_det2phase_toolpresence_seed123
[18:30:10] probe T1a_frozen_det456_p123 (src=relation_detr_seed456, gpu=0)
   -> /home/ubuntu/slocal/m2/experiments/transfer/t1a_3seed_det456_p123_frozen_001_t1a_3seed_det456_p123_frozen_seed123
[18:30:32] probe T1a_aug_det456_p123 (src=relation_detr_augstrong_seed456, gpu=0)
   -> /home/ubuntu/slocal/m2/experiments/transfer/t1a_3seed_det456_p123_aug_001_t1a_3seed_det456_p123_aug_seed123
=== detector_seed=456  phase_seed=456 ===
[18:30:55] probe S4_frozen_det456_p456 (src=relation_detr_seed456, gpu=0)
   -> /home/ubuntu/slocal/m2/experiments/phase1/s4_phase_baseline_033_frozen_tecno_phase_baseline_seed456
[18:31:17] probe S4_aug_det456_p456 (src=relation_detr_augstrong_seed456, gpu=0)
   -> /home/ubuntu/slocal/m2/experiments/phase1/s4_phase_baseline_034_frozen_tecno_phase_baseline_seed456
[18:31:41] probe B2a_frozen_det456_p456 (src=relation_detr_seed456, gpu=0)
   -> /home/ubuntu/slocal/m2/experiments/transfer/b2a_det2phase_toolpresence_022_b2a_det2phase_toolpresence_seed456
[18:32:04] probe B2a_aug_det456_p456 (src=relation_detr_augstrong_seed456, gpu=0)
   -> /home/ubuntu/slocal/m2/experiments/transfer/b2a_det2phase_toolpresence_023_b2a_det2phase_toolpresence_seed456
[18:32:26] probe T1a_frozen_det456_p456 (src=relation_detr_seed456, gpu=0)
   -> /home/ubuntu/slocal/m2/experiments/transfer/t1a_3seed_det456_p456_frozen_001_t1a_3seed_det456_p456_frozen_seed456
[18:32:50] probe T1a_aug_det456_p456 (src=relation_detr_augstrong_seed456, gpu=0)
   -> /home/ubuntu/slocal/m2/experiments/transfer/t1a_3seed_det456_p456_aug_001_t1a_3seed_det456_p456_aug_seed456
[18:33:14] detector_seed=456 probe 完了（phase_seeds: 42 123 456）
