[s4] train clips=13  val clips=3  classes=9  device=cuda
[s4] evidence dir: /home/ubuntu/slocal/m2/experiments/phase1/s4_phase_baseline_013_frozen_tecno_phase_baseline_seed42
[s4][epoch 1/50] loss=3.7097  val_acc=0.5056  macroF1=0.1616  edit=33.70  segF1@50=0.24
[s4][epoch 2/50] loss=2.8804  val_acc=0.4495  macroF1=0.1341  edit=20.67  segF1@50=0.25
[s4][epoch 3/50] loss=2.7392  val_acc=0.3677  macroF1=0.0768  edit=18.00  segF1@50=0.22
[s4][epoch 4/50] loss=2.5442  val_acc=0.6317  macroF1=0.2137  edit=38.79  segF1@50=0.20
[s4][epoch 5/50] loss=2.6280  val_acc=0.3677  macroF1=0.0768  edit=18.00  segF1@50=0.22
[s4][epoch 6/50] loss=2.2709  val_acc=0.6746  macroF1=0.2271  edit=38.33  segF1@50=0.18
[s4][epoch 7/50] loss=1.9336  val_acc=0.5307  macroF1=0.1823  edit=38.58  segF1@50=0.18
[s4][epoch 8/50] loss=1.6875  val_acc=0.4614  macroF1=0.1523  edit=26.33  segF1@50=0.01
[s4][epoch 9/50] loss=1.6002  val_acc=0.5545  macroF1=0.1912  edit=38.58  segF1@50=0.18
[s4][epoch 10/50] loss=1.5376  val_acc=0.6726  macroF1=0.2272  edit=38.00  segF1@50=0.25
[s4][epoch 11/50] loss=1.5270  val_acc=0.5993  macroF1=0.2082  edit=47.31  segF1@50=0.18
[s4][epoch 12/50] loss=1.3548  val_acc=0.5815  macroF1=0.2370  edit=27.90  segF1@50=0.11
[s4][epoch 13/50] loss=1.3048  val_acc=0.7155  macroF1=0.3845  edit=24.67  segF1@50=0.09
[s4][epoch 14/50] loss=1.2331  val_acc=0.6983  macroF1=0.3596  edit=33.25  segF1@50=0.22
[s4][epoch 15/50] loss=1.1897  val_acc=0.7221  macroF1=0.3358  edit=21.03  segF1@50=0.22
[s4][epoch 16/50] loss=1.1786  val_acc=0.6726  macroF1=0.3173  edit=25.13  segF1@50=0.17
[s4][epoch 17/50] loss=1.0613  val_acc=0.7888  macroF1=0.4783  edit=24.17  segF1@50=0.21
[s4][epoch 18/50] loss=0.9404  val_acc=0.8066  macroF1=0.5315  edit=31.87  segF1@50=0.24
[s4][epoch 19/50] loss=0.8988  val_acc=0.7954  macroF1=0.6037  edit=21.85  segF1@50=0.13
[s4][epoch 20/50] loss=0.8782  val_acc=0.7782  macroF1=0.5381  edit=26.48  segF1@50=0.20
[s4][epoch 21/50] loss=0.8007  val_acc=0.8574  macroF1=0.6239  edit=30.92  segF1@50=0.27
[s4][epoch 22/50] loss=0.7306  val_acc=0.8554  macroF1=0.6269  edit=32.63  segF1@50=0.26
[s4][epoch 23/50] loss=0.6851  val_acc=0.8587  macroF1=0.6287  edit=30.46  segF1@50=0.28
[s4][epoch 24/50] loss=0.6364  val_acc=0.8581  macroF1=0.6430  edit=37.21  segF1@50=0.28
[s4][epoch 25/50] loss=0.6045  val_acc=0.8594  macroF1=0.6362  edit=33.57  segF1@50=0.30
[s4][epoch 26/50] loss=0.5729  val_acc=0.8865  macroF1=0.6454  edit=35.84  segF1@50=0.31
[s4][epoch 27/50] loss=0.5815  val_acc=0.8792  macroF1=0.6417  edit=37.78  segF1@50=0.33
[s4][epoch 28/50] loss=0.5614  val_acc=0.8119  macroF1=0.6187  edit=27.36  segF1@50=0.23
[s4][epoch 29/50] loss=0.5402  val_acc=0.8904  macroF1=0.6545  edit=32.59  segF1@50=0.35
[s4][epoch 30/50] loss=0.5145  val_acc=0.8442  macroF1=0.6259  edit=40.18  segF1@50=0.31
[s4][epoch 31/50] loss=0.4869  val_acc=0.8838  macroF1=0.6518  edit=36.24  segF1@50=0.30
[s4][epoch 32/50] loss=0.5213  val_acc=0.8964  macroF1=0.7015  edit=37.94  segF1@50=0.34
[s4][epoch 33/50] loss=0.4948  val_acc=0.8482  macroF1=0.6847  edit=36.45  segF1@50=0.34
[s4][epoch 34/50] loss=0.5079  val_acc=0.8871  macroF1=0.6612  edit=32.95  segF1@50=0.26
[s4][epoch 35/50] loss=0.4823  val_acc=0.8871  macroF1=0.6664  edit=37.17  segF1@50=0.31
[s4][epoch 36/50] loss=0.4395  val_acc=0.8726  macroF1=0.7118  edit=43.46  segF1@50=0.34
[s4][epoch 37/50] loss=0.4442  val_acc=0.8403  macroF1=0.6175  edit=27.73  segF1@50=0.21
[s4][epoch 38/50] loss=0.5379  val_acc=0.8350  macroF1=0.6171  edit=36.00  segF1@50=0.31
[s4][epoch 39/50] loss=0.5498  val_acc=0.8251  macroF1=0.6389  edit=39.70  segF1@50=0.29
[s4][epoch 40/50] loss=0.5061  val_acc=0.8614  macroF1=0.6756  edit=25.10  segF1@50=0.21
[s4][epoch 41/50] loss=0.5405  val_acc=0.8845  macroF1=0.6900  edit=43.57  segF1@50=0.40
[s4][epoch 42/50] loss=0.5864  val_acc=0.8620  macroF1=0.6363  edit=33.58  segF1@50=0.25
[s4][epoch 43/50] loss=0.5199  val_acc=0.8040  macroF1=0.5806  edit=34.06  segF1@50=0.32
[s4][epoch 44/50] loss=0.6202  val_acc=0.8739  macroF1=0.6423  edit=31.32  segF1@50=0.17
[s4][epoch 45/50] loss=0.6357  val_acc=0.8191  macroF1=0.6363  edit=35.08  segF1@50=0.24
[s4][epoch 46/50] loss=0.5518  val_acc=0.8488  macroF1=0.6334  edit=33.21  segF1@50=0.29
[s4][epoch 47/50] loss=0.4216  val_acc=0.8878  macroF1=0.6865  edit=32.83  segF1@50=0.29
[s4][epoch 48/50] loss=0.3954  val_acc=0.8680  macroF1=0.6720  edit=44.37  segF1@50=0.37
[s4][epoch 49/50] loss=0.3618  val_acc=0.8898  macroF1=0.6963  edit=37.89  segF1@50=0.35
[s4][epoch 50/50] loss=0.3509  val_acc=0.8825  macroF1=0.6998  edit=42.67  segF1@50=0.37
[s4] best @epoch 32: acc=0.8964 macroF1=0.7015
[s4] evidence written -> /home/ubuntu/slocal/m2/experiments/phase1/s4_phase_baseline_013_frozen_tecno_phase_baseline_seed42
