=== detector_seed=123  phase_seed=42 ===
[10:16:56] probe S4_frozen_det123_p42 (src=relation_detr_seed123, gpu=0)
   -> /home/ubuntu/slocal/m2/experiments/phase1/s4_phase_baseline_023_frozen_tecno_phase_baseline_seed42
[10:17:20] probe S4_aug_det123_p42 (src=relation_detr_augstrong_seed123, gpu=0)
   -> /home/ubuntu/slocal/m2/experiments/phase1/s4_phase_baseline_024_frozen_tecno_phase_baseline_seed42
[10:17:42] probe B2a_frozen_det123_p42 (src=relation_detr_seed123, gpu=0)
   -> /home/ubuntu/slocal/m2/experiments/transfer/b2a_det2phase_toolpresence_012_b2a_det2phase_toolpresence_seed42
[10:18:05] probe B2a_aug_det123_p42 (src=relation_detr_augstrong_seed123, gpu=0)
   -> /home/ubuntu/slocal/m2/experiments/transfer/b2a_det2phase_toolpresence_013_b2a_det2phase_toolpresence_seed42
[10:18:28] probe T1a_frozen_det123_p42 (src=relation_detr_seed123, gpu=0)
   -> /home/ubuntu/slocal/m2/experiments/transfer/t1a_3seed_det123_p42_frozen_001_t1a_3seed_det123_p42_frozen_seed42
[10:18:52] probe T1a_aug_det123_p42 (src=relation_detr_augstrong_seed123, gpu=0)
   -> /home/ubuntu/slocal/m2/experiments/transfer/t1a_3seed_det123_p42_aug_001_t1a_3seed_det123_p42_aug_seed42
=== detector_seed=123  phase_seed=123 ===
[10:19:16] probe S4_frozen_det123_p123 (src=relation_detr_seed123, gpu=0)
   -> /home/ubuntu/slocal/m2/experiments/phase1/s4_phase_baseline_025_frozen_tecno_phase_baseline_seed123
[10:19:38] probe S4_aug_det123_p123 (src=relation_detr_augstrong_seed123, gpu=0)
   -> /home/ubuntu/slocal/m2/experiments/phase1/s4_phase_baseline_026_frozen_tecno_phase_baseline_seed123
[10:20:01] probe B2a_frozen_det123_p123 (src=relation_detr_seed123, gpu=0)
   -> /home/ubuntu/slocal/m2/experiments/transfer/b2a_det2phase_toolpresence_014_b2a_det2phase_toolpresence_seed123
[10:20:24] probe B2a_aug_det123_p123 (src=relation_detr_augstrong_seed123, gpu=0)
   -> /home/ubuntu/slocal/m2/experiments/transfer/b2a_det2phase_toolpresence_015_b2a_det2phase_toolpresence_seed123
[10:20:48] probe T1a_frozen_det123_p123 (src=relation_detr_seed123, gpu=0)
   -> /home/ubuntu/slocal/m2/experiments/transfer/t1a_3seed_det123_p123_frozen_001_t1a_3seed_det123_p123_frozen_seed123
[10:21:12] probe T1a_aug_det123_p123 (src=relation_detr_augstrong_seed123, gpu=0)
   -> /home/ubuntu/slocal/m2/experiments/transfer/t1a_3seed_det123_p123_aug_001_t1a_3seed_det123_p123_aug_seed123
=== detector_seed=123  phase_seed=456 ===
[10:21:36] probe S4_frozen_det123_p456 (src=relation_detr_seed123, gpu=0)
   -> /home/ubuntu/slocal/m2/experiments/phase1/s4_phase_baseline_027_frozen_tecno_phase_baseline_seed456
[10:22:00] probe S4_aug_det123_p456 (src=relation_detr_augstrong_seed123, gpu=0)
   -> /home/ubuntu/slocal/m2/experiments/phase1/s4_phase_baseline_028_frozen_tecno_phase_baseline_seed456
[10:22:23] probe B2a_frozen_det123_p456 (src=relation_detr_seed123, gpu=0)
   -> /home/ubuntu/slocal/m2/experiments/transfer/b2a_det2phase_toolpresence_016_b2a_det2phase_toolpresence_seed456
[10:22:45] probe B2a_aug_det123_p456 (src=relation_detr_augstrong_seed123, gpu=0)
   -> /home/ubuntu/slocal/m2/experiments/transfer/b2a_det2phase_toolpresence_017_b2a_det2phase_toolpresence_seed456
[10:23:08] probe T1a_frozen_det123_p456 (src=relation_detr_seed123, gpu=0)
   -> /home/ubuntu/slocal/m2/experiments/transfer/t1a_3seed_det123_p456_frozen_001_t1a_3seed_det123_p456_frozen_seed456
[10:23:34] probe T1a_aug_det123_p456 (src=relation_detr_augstrong_seed123, gpu=0)
   -> /home/ubuntu/slocal/m2/experiments/transfer/t1a_3seed_det123_p456_aug_001_t1a_3seed_det123_p456_aug_seed456
[10:23:58] detector_seed=123 probe 完了（phase_seeds: 42 123 456）
