[t1a] train clips=13  val clips=3  in_dim=5888  region_only=False  classes=9  device=cuda
[t1a] evidence dir: /home/ubuntu/slocal/m2/experiments/transfer/t1a_probe_frozen_001_t1a_probe_frozen_seed42
[t1a][epoch 1/50] loss=2.9027  val_acc=0.6535  macroF1=0.2280  edit=28.44  segF1@50=0.26
[t1a][epoch 2/50] loss=1.6678  val_acc=0.6792  macroF1=0.2294  edit=25.42  segF1@50=0.19
[t1a][epoch 3/50] loss=1.2504  val_acc=0.6746  macroF1=0.2270  edit=29.67  segF1@50=0.22
[t1a][epoch 4/50] loss=1.0610  val_acc=0.6904  macroF1=0.2600  edit=32.78  segF1@50=0.26
[t1a][epoch 5/50] loss=0.9070  val_acc=0.8469  macroF1=0.5568  edit=34.33  segF1@50=0.32
[t1a][epoch 6/50] loss=0.7733  val_acc=0.9274  macroF1=0.7515  edit=43.95  segF1@50=0.49
[t1a][epoch 7/50] loss=0.6511  val_acc=0.9294  macroF1=0.7591  edit=43.95  segF1@50=0.49
[t1a][epoch 8/50] loss=0.5716  val_acc=0.9281  macroF1=0.7564  edit=51.74  segF1@50=0.54
[t1a][epoch 9/50] loss=0.5986  val_acc=0.9333  macroF1=0.7678  edit=40.51  segF1@50=0.42
[t1a][epoch 10/50] loss=0.6108  val_acc=0.9294  macroF1=0.7682  edit=50.09  segF1@50=0.52
[t1a][epoch 11/50] loss=0.5038  val_acc=0.9353  macroF1=0.7810  edit=42.76  segF1@50=0.43
[t1a][epoch 12/50] loss=0.4562  val_acc=0.9419  macroF1=0.7814  edit=43.23  segF1@50=0.49
[t1a][epoch 13/50] loss=0.4302  val_acc=0.9366  macroF1=0.7857  edit=49.18  segF1@50=0.53
[t1a][epoch 14/50] loss=0.4121  val_acc=0.9380  macroF1=0.7793  edit=34.74  segF1@50=0.37
[t1a][epoch 15/50] loss=0.4003  val_acc=0.9419  macroF1=0.8030  edit=42.86  segF1@50=0.48
[t1a][epoch 16/50] loss=0.4016  val_acc=0.9333  macroF1=0.7763  edit=41.74  segF1@50=0.43
[t1a][epoch 17/50] loss=0.4185  val_acc=0.9452  macroF1=0.8063  edit=34.05  segF1@50=0.42
[t1a][epoch 18/50] loss=0.3695  val_acc=0.9452  macroF1=0.7963  edit=34.31  segF1@50=0.42
[t1a][epoch 19/50] loss=0.3489  val_acc=0.9479  macroF1=0.8030  edit=37.63  segF1@50=0.45
[t1a][epoch 20/50] loss=0.3456  val_acc=0.9419  macroF1=0.7879  edit=33.92  segF1@50=0.38
[t1a][epoch 21/50] loss=0.3341  val_acc=0.9399  macroF1=0.7979  edit=37.90  segF1@50=0.42
[t1a][epoch 22/50] loss=0.3098  val_acc=0.9426  macroF1=0.7888  edit=33.73  segF1@50=0.41
[t1a][epoch 23/50] loss=0.3355  val_acc=0.9366  macroF1=0.8005  edit=37.17  segF1@50=0.39
[t1a][epoch 24/50] loss=0.3460  val_acc=0.9406  macroF1=0.7905  edit=36.11  segF1@50=0.39
[t1a][epoch 25/50] loss=0.3234  val_acc=0.9479  macroF1=0.8030  edit=35.57  segF1@50=0.43
[t1a][epoch 26/50] loss=0.3684  val_acc=0.9287  macroF1=0.7564  edit=39.11  segF1@50=0.38
[t1a][epoch 27/50] loss=0.4114  val_acc=0.9366  macroF1=0.7811  edit=31.98  segF1@50=0.37
[t1a][epoch 28/50] loss=0.3421  val_acc=0.9366  macroF1=0.7960  edit=29.95  segF1@50=0.35
[t1a][epoch 29/50] loss=0.2991  val_acc=0.9393  macroF1=0.7942  edit=35.69  segF1@50=0.38
[t1a][epoch 30/50] loss=0.2729  val_acc=0.9446  macroF1=0.8030  edit=29.91  segF1@50=0.36
[t1a][epoch 31/50] loss=0.2659  val_acc=0.9452  macroF1=0.8005  edit=38.36  segF1@50=0.44
[t1a][epoch 32/50] loss=0.2512  val_acc=0.9472  macroF1=0.8047  edit=29.95  segF1@50=0.37
[t1a][epoch 33/50] loss=0.2388  val_acc=0.9432  macroF1=0.7991  edit=33.51  segF1@50=0.39
[t1a][epoch 34/50] loss=0.2323  val_acc=0.9432  macroF1=0.7994  edit=34.12  segF1@50=0.40
[t1a][epoch 35/50] loss=0.2279  val_acc=0.9432  macroF1=0.7971  edit=28.62  segF1@50=0.36
[t1a][epoch 36/50] loss=0.2230  val_acc=0.9446  macroF1=0.7999  edit=34.78  segF1@50=0.42
[t1a][epoch 37/50] loss=0.2241  val_acc=0.9439  macroF1=0.7955  edit=32.12  segF1@50=0.39
[t1a][epoch 38/50] loss=0.2262  val_acc=0.9472  macroF1=0.8082  edit=32.22  segF1@50=0.40
[t1a][epoch 39/50] loss=0.2206  val_acc=0.9406  macroF1=0.7949  edit=34.44  segF1@50=0.40
[t1a][epoch 40/50] loss=0.2402  val_acc=0.9459  macroF1=0.8044  edit=35.51  segF1@50=0.42
[t1a][epoch 41/50] loss=0.2374  val_acc=0.9439  macroF1=0.7967  edit=30.53  segF1@50=0.36
[t1a][epoch 42/50] loss=0.2220  val_acc=0.9380  macroF1=0.7978  edit=33.01  segF1@50=0.39
[t1a][epoch 43/50] loss=0.2068  val_acc=0.9419  macroF1=0.7959  edit=31.79  segF1@50=0.38
[t1a][epoch 44/50] loss=0.2040  val_acc=0.9432  macroF1=0.8011  edit=29.84  segF1@50=0.35
[t1a][epoch 45/50] loss=0.2002  val_acc=0.9459  macroF1=0.8003  edit=28.75  segF1@50=0.35
[t1a][epoch 46/50] loss=0.1993  val_acc=0.9347  macroF1=0.7934  edit=34.44  segF1@50=0.39
[t1a][epoch 47/50] loss=0.1968  val_acc=0.9479  macroF1=0.8083  edit=33.63  segF1@50=0.39
[t1a][epoch 48/50] loss=0.1907  val_acc=0.9399  macroF1=0.7885  edit=30.16  segF1@50=0.36
[t1a][epoch 49/50] loss=0.1841  val_acc=0.9406  macroF1=0.8066  edit=37.72  segF1@50=0.42
[t1a][epoch 50/50] loss=0.1814  val_acc=0.9406  macroF1=0.7887  edit=29.56  segF1@50=0.33
[t1a] best @epoch 19: acc=0.9479 macroF1=0.8030
[t1a] evidence written -> /home/ubuntu/slocal/m2/experiments/transfer/t1a_probe_frozen_001_t1a_probe_frozen_seed42
