[b2a] train clips=13  val clips=3  in_dim=2063  tool_source=pred  classes=9  device=cuda
[b2a] evidence dir: /home/ubuntu/slocal/m2/experiments/transfer/b2a_det2phase_toolpresence_003_b2a_det2phase_toolpresence_seed42
[b2a][epoch 1/50] loss=3.7534  val_acc=0.3624  macroF1=0.0766  edit=2.67  segF1@50=0.17
[b2a][epoch 2/50] loss=2.8654  val_acc=0.2337  macroF1=0.0758  edit=4.82  segF1@50=0.01
[b2a][epoch 3/50] loss=2.6731  val_acc=0.3670  macroF1=0.0769  edit=1.33  segF1@50=0.17
[b2a][epoch 4/50] loss=2.4464  val_acc=0.5617  macroF1=0.1948  edit=17.03  segF1@50=0.02
[b2a][epoch 5/50] loss=2.4144  val_acc=0.5241  macroF1=0.1688  edit=30.54  segF1@50=0.22
[b2a][epoch 6/50] loss=2.0324  val_acc=0.6772  macroF1=0.2286  edit=41.00  segF1@50=0.22
[b2a][epoch 7/50] loss=1.6101  val_acc=0.6449  macroF1=0.2214  edit=32.67  segF1@50=0.14
[b2a][epoch 8/50] loss=1.4634  val_acc=0.6554  macroF1=0.2216  edit=20.52  segF1@50=0.20
[b2a][epoch 9/50] loss=1.3530  val_acc=0.6825  macroF1=0.2660  edit=25.11  segF1@50=0.16
[b2a][epoch 10/50] loss=1.2993  val_acc=0.6541  macroF1=0.3231  edit=48.89  segF1@50=0.22
[b2a][epoch 11/50] loss=1.2576  val_acc=0.7710  macroF1=0.4705  edit=39.80  segF1@50=0.25
[b2a][epoch 12/50] loss=1.1402  val_acc=0.8838  macroF1=0.6299  edit=37.67  segF1@50=0.39
[b2a][epoch 13/50] loss=1.0659  val_acc=0.8568  macroF1=0.6038  edit=34.56  segF1@50=0.35
[b2a][epoch 14/50] loss=0.9919  val_acc=0.8112  macroF1=0.4672  edit=36.29  segF1@50=0.32
[b2a][epoch 15/50] loss=0.8855  val_acc=0.8957  macroF1=0.6753  edit=70.00  segF1@50=0.61
[b2a][epoch 16/50] loss=0.8083  val_acc=0.9023  macroF1=0.6746  edit=44.53  segF1@50=0.45
[b2a][epoch 17/50] loss=0.7669  val_acc=0.8977  macroF1=0.7000  edit=36.67  segF1@50=0.32
[b2a][epoch 18/50] loss=0.6883  val_acc=0.8990  macroF1=0.6903  edit=40.78  segF1@50=0.35
[b2a][epoch 19/50] loss=0.6866  val_acc=0.9122  macroF1=0.7431  edit=45.08  segF1@50=0.36
[b2a][epoch 20/50] loss=0.6660  val_acc=0.8990  macroF1=0.7046  edit=30.00  segF1@50=0.24
[b2a][epoch 21/50] loss=0.6349  val_acc=0.8792  macroF1=0.6657  edit=37.57  segF1@50=0.32
[b2a][epoch 22/50] loss=0.6084  val_acc=0.8825  macroF1=0.7285  edit=35.41  segF1@50=0.35
[b2a][epoch 23/50] loss=0.6017  val_acc=0.8581  macroF1=0.7046  edit=29.14  segF1@50=0.26
[b2a][epoch 24/50] loss=0.6858  val_acc=0.8917  macroF1=0.6674  edit=40.63  segF1@50=0.37
[b2a][epoch 25/50] loss=0.5539  val_acc=0.9056  macroF1=0.7270  edit=38.86  segF1@50=0.34
[b2a][epoch 26/50] loss=0.5089  val_acc=0.9175  macroF1=0.7226  edit=41.97  segF1@50=0.40
[b2a][epoch 27/50] loss=0.4922  val_acc=0.9076  macroF1=0.7507  edit=35.64  segF1@50=0.35
[b2a][epoch 28/50] loss=0.4611  val_acc=0.9195  macroF1=0.7628  edit=36.48  segF1@50=0.37
[b2a][epoch 29/50] loss=0.4377  val_acc=0.9221  macroF1=0.7557  edit=46.37  segF1@50=0.42
[b2a][epoch 30/50] loss=0.4177  val_acc=0.9287  macroF1=0.7829  edit=32.63  segF1@50=0.34
[b2a][epoch 31/50] loss=0.4115  val_acc=0.9241  macroF1=0.7490  edit=47.56  segF1@50=0.40
[b2a][epoch 32/50] loss=0.4333  val_acc=0.9102  macroF1=0.7445  edit=36.33  segF1@50=0.35
[b2a][epoch 33/50] loss=0.4081  val_acc=0.9228  macroF1=0.7564  edit=45.08  segF1@50=0.41
[b2a][epoch 34/50] loss=0.3842  val_acc=0.9307  macroF1=0.7866  edit=43.95  segF1@50=0.44
[b2a][epoch 35/50] loss=0.3697  val_acc=0.9307  macroF1=0.7784  edit=46.83  segF1@50=0.46
[b2a][epoch 36/50] loss=0.3552  val_acc=0.9340  macroF1=0.7957  edit=41.37  segF1@50=0.43
[b2a][epoch 37/50] loss=0.3626  val_acc=0.9215  macroF1=0.7467  edit=42.36  segF1@50=0.39
[b2a][epoch 38/50] loss=0.3853  val_acc=0.8700  macroF1=0.6963  edit=28.33  segF1@50=0.28
[b2a][epoch 39/50] loss=0.4122  val_acc=0.9208  macroF1=0.7504  edit=41.47  segF1@50=0.40
[b2a][epoch 40/50] loss=0.3694  val_acc=0.9228  macroF1=0.7704  edit=37.67  segF1@50=0.43
[b2a][epoch 41/50] loss=0.3437  val_acc=0.9314  macroF1=0.7890  edit=43.18  segF1@50=0.44
[b2a][epoch 42/50] loss=0.3280  val_acc=0.9320  macroF1=0.7852  edit=42.94  segF1@50=0.44
[b2a][epoch 43/50] loss=0.3195  val_acc=0.9360  macroF1=0.7966  edit=42.97  segF1@50=0.44
[b2a][epoch 44/50] loss=0.3058  val_acc=0.9333  macroF1=0.7847  edit=33.03  segF1@50=0.38
[b2a][epoch 45/50] loss=0.3068  val_acc=0.9333  macroF1=0.7947  edit=40.74  segF1@50=0.43
[b2a][epoch 46/50] loss=0.2963  val_acc=0.9320  macroF1=0.7725  edit=42.17  segF1@50=0.41
[b2a][epoch 47/50] loss=0.3013  val_acc=0.9254  macroF1=0.7855  edit=33.55  segF1@50=0.43
[b2a][epoch 48/50] loss=0.3248  val_acc=0.9188  macroF1=0.7416  edit=31.70  segF1@50=0.38
[b2a][epoch 49/50] loss=0.3281  val_acc=0.9036  macroF1=0.7600  edit=34.48  segF1@50=0.35
[b2a][epoch 50/50] loss=0.3296  val_acc=0.9208  macroF1=0.7138  edit=44.63  segF1@50=0.39
[b2a] best @epoch 43: acc=0.9360 macroF1=0.7966
[b2a] evidence written -> /home/ubuntu/slocal/m2/experiments/transfer/b2a_det2phase_toolpresence_003_b2a_det2phase_toolpresence_seed42
