================ §18.4 L2-2 T1a-Shuffle 3-seed ================
 DESC=t1a_shuffle epochs=50 region_shuffle=True
 比較: T1a base 3-seed (mean acc 0.9483) との 1 点 ablation
 分母: S4 base 0.8986±0.0034 (T1a base Δ=+0.0497 既存)
===============================================================
[wave 1] seed42(GPU0) + seed123(GPU1) 並列起動 ...
[wave 1] 完了
[wave 2] seed456(GPU0) 単独 ...
[wave 2] 完了
================ 完了・サマリ ================
-- seed42 --
[t1a][epoch 50/50] loss=0.4323  val_acc=0.8158  macroF1=0.6092  edit=27.42  segF1@50=0.22
[t1a] best @epoch 31: acc=0.8601 macroF1=0.6316
[t1a] evidence written -> /home/ubuntu/slocal2/m2/experiments/transfer/t1a_shuffle_001_t1a_shuffle_seed42
-- seed123 --
[t1a][epoch 50/50] loss=0.4817  val_acc=0.8277  macroF1=0.6588  edit=28.33  segF1@50=0.22
[t1a] best @epoch 48: acc=0.8627 macroF1=0.6328
[t1a] evidence written -> /home/ubuntu/slocal2/m2/experiments/transfer/t1a_shuffle_002_t1a_shuffle_seed123
-- seed456 --
[t1a][epoch 50/50] loss=0.4229  val_acc=0.8007  macroF1=0.6338  edit=22.17  segF1@50=0.12
[t1a] best @epoch 41: acc=0.8587 macroF1=0.6431
[t1a] evidence written -> /home/ubuntu/slocal2/m2/experiments/transfer/t1a_shuffle_003_t1a_shuffle_seed456
次: T1a base 3-seed と paired-σ で Δ_acc/macroF1 の消失を判定。
