[dim 0+1, seed 42] ...
  (skip dim 0 — Top3 既実施)
[dim 0+1, seed 123] ...
  (skip dim 0 — Top3 既実施)
[dim 0+1, seed 456] ...
  (skip dim 0 — Top3 既実施)
[dim 2+3, seed 42] ...
[dim 2+3, seed 123] ...
[dim 2+3, seed 456] ...
[dim 4+5, seed 42] ...
[dim 4+5, seed 123] ...
[dim 4+5, seed 456] ...
[dim 6+7, seed 42] ...
  (skip dim 6 — Top3 既実施)
[dim 6+7, seed 123] ...
  (skip dim 6 — Top3 既実施)
[dim 6+7, seed 456] ...
  (skip dim 6 — Top3 既実施)
[dim 8+9, seed 42] ...
  (skip dim 9 — Top3 既実施)
[dim 8+9, seed 123] ...
  (skip dim 9 — Top3 既実施)
[dim 8+9, seed 456] ...
  (skip dim 9 — Top3 既実施)
[dim 10+11, seed 42] ...
[dim 10+11, seed 123] ...
[dim 10+11, seed 456] ...
[dim 12+13, seed 42] ...
[dim 12+13, seed 123] ...
[dim 12+13, seed 456] ...
[dim 14+15, seed 42] ...
[dim 14+15, seed 123] ...
[dim 14+15, seed 456] ...
================ L2-4 oracle 完走 ================
-- b2a_oracle_mask_01 --
[b2a] evidence written -> /home/ubuntu/slocal2/m2/experiments/transfer/b2a_oracle_mask_01_001_b2a_oracle_mask_01_seed42
[b2a] evidence written -> /home/ubuntu/slocal2/m2/experiments/transfer/b2a_oracle_mask_01_002_b2a_oracle_mask_01_seed123
[b2a] evidence written -> /home/ubuntu/slocal2/m2/experiments/transfer/b2a_oracle_mask_01_003_b2a_oracle_mask_01_seed456
-- b2a_oracle_mask_02 --
[b2a] evidence written -> /home/ubuntu/slocal2/m2/experiments/transfer/b2a_oracle_mask_02_001_b2a_oracle_mask_02_seed42
[b2a] evidence written -> /home/ubuntu/slocal2/m2/experiments/transfer/b2a_oracle_mask_02_002_b2a_oracle_mask_02_seed123
[b2a] evidence written -> /home/ubuntu/slocal2/m2/experiments/transfer/b2a_oracle_mask_02_003_b2a_oracle_mask_02_seed456
-- b2a_oracle_mask_03 --
[b2a] evidence written -> /home/ubuntu/slocal2/m2/experiments/transfer/b2a_oracle_mask_03_001_b2a_oracle_mask_03_seed42
[b2a] evidence written -> /home/ubuntu/slocal2/m2/experiments/transfer/b2a_oracle_mask_03_002_b2a_oracle_mask_03_seed123
[b2a] evidence written -> /home/ubuntu/slocal2/m2/experiments/transfer/b2a_oracle_mask_03_003_b2a_oracle_mask_03_seed456
-- b2a_oracle_mask_04 --
[b2a] evidence written -> /home/ubuntu/slocal2/m2/experiments/transfer/b2a_oracle_mask_04_001_b2a_oracle_mask_04_seed42
[b2a] evidence written -> /home/ubuntu/slocal2/m2/experiments/transfer/b2a_oracle_mask_04_002_b2a_oracle_mask_04_seed123
[b2a] evidence written -> /home/ubuntu/slocal2/m2/experiments/transfer/b2a_oracle_mask_04_003_b2a_oracle_mask_04_seed456
-- b2a_oracle_mask_05 --
[b2a] evidence written -> /home/ubuntu/slocal2/m2/experiments/transfer/b2a_oracle_mask_05_001_b2a_oracle_mask_05_seed42
[b2a] evidence written -> /home/ubuntu/slocal2/m2/experiments/transfer/b2a_oracle_mask_05_002_b2a_oracle_mask_05_seed123
[b2a] evidence written -> /home/ubuntu/slocal2/m2/experiments/transfer/b2a_oracle_mask_05_003_b2a_oracle_mask_05_seed456
-- b2a_oracle_mask_07 --
[b2a] evidence written -> /home/ubuntu/slocal2/m2/experiments/transfer/b2a_oracle_mask_07_001_b2a_oracle_mask_07_seed42
[b2a] evidence written -> /home/ubuntu/slocal2/m2/experiments/transfer/b2a_oracle_mask_07_002_b2a_oracle_mask_07_seed123
[b2a] evidence written -> /home/ubuntu/slocal2/m2/experiments/transfer/b2a_oracle_mask_07_003_b2a_oracle_mask_07_seed456
-- b2a_oracle_mask_08 --
[b2a] evidence written -> /home/ubuntu/slocal2/m2/experiments/transfer/b2a_oracle_mask_08_001_b2a_oracle_mask_08_seed42
[b2a] evidence written -> /home/ubuntu/slocal2/m2/experiments/transfer/b2a_oracle_mask_08_002_b2a_oracle_mask_08_seed123
[b2a] evidence written -> /home/ubuntu/slocal2/m2/experiments/transfer/b2a_oracle_mask_08_003_b2a_oracle_mask_08_seed456
-- b2a_oracle_mask_10 --
[b2a] evidence written -> /home/ubuntu/slocal2/m2/experiments/transfer/b2a_oracle_mask_10_001_b2a_oracle_mask_10_seed42
[b2a] evidence written -> /home/ubuntu/slocal2/m2/experiments/transfer/b2a_oracle_mask_10_002_b2a_oracle_mask_10_seed123
[b2a] evidence written -> /home/ubuntu/slocal2/m2/experiments/transfer/b2a_oracle_mask_10_003_b2a_oracle_mask_10_seed456
-- b2a_oracle_mask_11 --
[b2a] evidence written -> /home/ubuntu/slocal2/m2/experiments/transfer/b2a_oracle_mask_11_001_b2a_oracle_mask_11_seed42
[b2a] evidence written -> /home/ubuntu/slocal2/m2/experiments/transfer/b2a_oracle_mask_11_002_b2a_oracle_mask_11_seed123
[b2a] evidence written -> /home/ubuntu/slocal2/m2/experiments/transfer/b2a_oracle_mask_11_003_b2a_oracle_mask_11_seed456
-- b2a_oracle_mask_12 --
[b2a] evidence written -> /home/ubuntu/slocal2/m2/experiments/transfer/b2a_oracle_mask_12_001_b2a_oracle_mask_12_seed42
[b2a] evidence written -> /home/ubuntu/slocal2/m2/experiments/transfer/b2a_oracle_mask_12_002_b2a_oracle_mask_12_seed123
[b2a] evidence written -> /home/ubuntu/slocal2/m2/experiments/transfer/b2a_oracle_mask_12_003_b2a_oracle_mask_12_seed456
-- b2a_oracle_mask_13 --
[b2a] evidence written -> /home/ubuntu/slocal2/m2/experiments/transfer/b2a_oracle_mask_13_001_b2a_oracle_mask_13_seed42
[b2a] evidence written -> /home/ubuntu/slocal2/m2/experiments/transfer/b2a_oracle_mask_13_002_b2a_oracle_mask_13_seed123
[b2a] evidence written -> /home/ubuntu/slocal2/m2/experiments/transfer/b2a_oracle_mask_13_003_b2a_oracle_mask_13_seed456
-- b2a_oracle_mask_14 --
[b2a] evidence written -> /home/ubuntu/slocal2/m2/experiments/transfer/b2a_oracle_mask_14_001_b2a_oracle_mask_14_seed42
[b2a] evidence written -> /home/ubuntu/slocal2/m2/experiments/transfer/b2a_oracle_mask_14_002_b2a_oracle_mask_14_seed123
[b2a] evidence written -> /home/ubuntu/slocal2/m2/experiments/transfer/b2a_oracle_mask_14_003_b2a_oracle_mask_14_seed456
