[noise=0.05, seed=42] GPU=1 ...
scripts/run_b2a_ro_oracle_noise_sweep.sh: line 20: bc: command not found
[noise=0.05, seed=123] GPU=1 ...
scripts/run_b2a_ro_oracle_noise_sweep.sh: line 20: bc: command not found
[noise=0.05, seed=456] GPU=1 ...
scripts/run_b2a_ro_oracle_noise_sweep.sh: line 20: bc: command not found
[noise=0.10, seed=42] GPU=1 ...
scripts/run_b2a_ro_oracle_noise_sweep.sh: line 20: bc: command not found
[noise=0.10, seed=123] GPU=1 ...
scripts/run_b2a_ro_oracle_noise_sweep.sh: line 20: bc: command not found
[noise=0.10, seed=456] GPU=1 ...
scripts/run_b2a_ro_oracle_noise_sweep.sh: line 20: bc: command not found
[noise=0.20, seed=42] GPU=1 ...
scripts/run_b2a_ro_oracle_noise_sweep.sh: line 20: bc: command not found
[noise=0.20, seed=123] GPU=1 ...
scripts/run_b2a_ro_oracle_noise_sweep.sh: line 20: bc: command not found
[noise=0.20, seed=456] GPU=1 ...
scripts/run_b2a_ro_oracle_noise_sweep.sh: line 20: bc: command not found
[noise=0.30, seed=42] GPU=1 ...
scripts/run_b2a_ro_oracle_noise_sweep.sh: line 20: bc: command not found
[noise=0.30, seed=123] GPU=1 ...
scripts/run_b2a_ro_oracle_noise_sweep.sh: line 20: bc: command not found
[noise=0.30, seed=456] GPU=1 ...
scripts/run_b2a_ro_oracle_noise_sweep.sh: line 20: bc: command not found
================ 完了 ================
scripts/run_b2a_ro_oracle_noise_sweep.sh: line 36: bc: command not found
-- noise=0.05 seed42 --
[b2a] evidence written -> /home/ubuntu/slocal2/m2/experiments/transfer/b2a_ro_oracle_noise000_010_b2a_ro_oracle_noise000_seed42
-- noise=0.05 seed123 --
[b2a] evidence written -> /home/ubuntu/slocal2/m2/experiments/transfer/b2a_ro_oracle_noise000_011_b2a_ro_oracle_noise000_seed123
-- noise=0.05 seed456 --
[b2a] evidence written -> /home/ubuntu/slocal2/m2/experiments/transfer/b2a_ro_oracle_noise000_012_b2a_ro_oracle_noise000_seed456
scripts/run_b2a_ro_oracle_noise_sweep.sh: line 36: bc: command not found
-- noise=0.10 seed42 --
[b2a] evidence written -> /home/ubuntu/slocal2/m2/experiments/transfer/b2a_ro_oracle_noise000_010_b2a_ro_oracle_noise000_seed42
-- noise=0.10 seed123 --
[b2a] evidence written -> /home/ubuntu/slocal2/m2/experiments/transfer/b2a_ro_oracle_noise000_011_b2a_ro_oracle_noise000_seed123
-- noise=0.10 seed456 --
[b2a] evidence written -> /home/ubuntu/slocal2/m2/experiments/transfer/b2a_ro_oracle_noise000_012_b2a_ro_oracle_noise000_seed456
scripts/run_b2a_ro_oracle_noise_sweep.sh: line 36: bc: command not found
-- noise=0.20 seed42 --
[b2a] evidence written -> /home/ubuntu/slocal2/m2/experiments/transfer/b2a_ro_oracle_noise000_010_b2a_ro_oracle_noise000_seed42
-- noise=0.20 seed123 --
[b2a] evidence written -> /home/ubuntu/slocal2/m2/experiments/transfer/b2a_ro_oracle_noise000_011_b2a_ro_oracle_noise000_seed123
-- noise=0.20 seed456 --
[b2a] evidence written -> /home/ubuntu/slocal2/m2/experiments/transfer/b2a_ro_oracle_noise000_012_b2a_ro_oracle_noise000_seed456
scripts/run_b2a_ro_oracle_noise_sweep.sh: line 36: bc: command not found
-- noise=0.30 seed42 --
[b2a] evidence written -> /home/ubuntu/slocal2/m2/experiments/transfer/b2a_ro_oracle_noise000_010_b2a_ro_oracle_noise000_seed42
-- noise=0.30 seed123 --
[b2a] evidence written -> /home/ubuntu/slocal2/m2/experiments/transfer/b2a_ro_oracle_noise000_011_b2a_ro_oracle_noise000_seed123
-- noise=0.30 seed456 --
[b2a] evidence written -> /home/ubuntu/slocal2/m2/experiments/transfer/b2a_ro_oracle_noise000_012_b2a_ro_oracle_noise000_seed456
