[s4] train clips=13  val clips=3  classes=9  device=cuda
[s4] evidence dir: /home/ubuntu/slocal/m2/experiments/phase1/s4_phase_baseline_022_frozen_tecno_phase_baseline_seed456
[s4][epoch 1/50] loss=3.6743  val_acc=0.3650  macroF1=0.0767  edit=2.67  segF1@50=0.17
[s4][epoch 2/50] loss=2.8896  val_acc=0.3340  macroF1=0.0715  edit=9.67  segF1@50=0.00
[s4][epoch 3/50] loss=2.6813  val_acc=0.4376  macroF1=0.1391  edit=2.67  segF1@50=0.00
[s4][epoch 4/50] loss=2.5987  val_acc=0.4099  macroF1=0.1251  edit=20.76  segF1@50=0.00
[s4][epoch 5/50] loss=2.3421  val_acc=0.6323  macroF1=0.2178  edit=35.44  segF1@50=0.04
[s4][epoch 6/50] loss=2.1136  val_acc=0.4528  macroF1=0.1483  edit=23.00  segF1@50=0.00
[s4][epoch 7/50] loss=2.3492  val_acc=0.3485  macroF1=0.0832  edit=21.67  segF1@50=0.00
[s4][epoch 8/50] loss=1.9565  val_acc=0.6172  macroF1=0.2058  edit=32.73  segF1@50=0.25
[s4][epoch 9/50] loss=1.6997  val_acc=0.4950  macroF1=0.1684  edit=25.37  segF1@50=0.02
[s4][epoch 10/50] loss=1.6811  val_acc=0.6317  macroF1=0.2205  edit=36.78  segF1@50=0.16
[s4][epoch 11/50] loss=1.4752  val_acc=0.6944  macroF1=0.2956  edit=34.84  segF1@50=0.21
[s4][epoch 12/50] loss=1.2894  val_acc=0.7617  macroF1=0.4360  edit=37.33  segF1@50=0.21
[s4][epoch 13/50] loss=1.1915  val_acc=0.7076  macroF1=0.3421  edit=28.49  segF1@50=0.19
[s4][epoch 14/50] loss=1.1405  val_acc=0.7637  macroF1=0.4017  edit=46.56  segF1@50=0.34
[s4][epoch 15/50] loss=1.0487  val_acc=0.7624  macroF1=0.4000  edit=29.95  segF1@50=0.26
[s4][epoch 16/50] loss=0.9850  val_acc=0.7947  macroF1=0.4495  edit=26.24  segF1@50=0.22
[s4][epoch 17/50] loss=0.9396  val_acc=0.8198  macroF1=0.4739  edit=25.13  segF1@50=0.25
[s4][epoch 18/50] loss=0.8828  val_acc=0.7901  macroF1=0.4534  edit=24.23  segF1@50=0.18
[s4][epoch 19/50] loss=0.8306  val_acc=0.7901  macroF1=0.4695  edit=23.69  segF1@50=0.21
[s4][epoch 20/50] loss=0.8470  val_acc=0.8119  macroF1=0.4828  edit=21.37  segF1@50=0.25
[s4][epoch 21/50] loss=0.7747  val_acc=0.8172  macroF1=0.5675  edit=31.96  segF1@50=0.29
[s4][epoch 22/50] loss=0.7309  val_acc=0.8330  macroF1=0.6063  edit=30.84  segF1@50=0.22
[s4][epoch 23/50] loss=0.7025  val_acc=0.8726  macroF1=0.6429  edit=41.84  segF1@50=0.39
[s4][epoch 24/50] loss=0.6562  val_acc=0.8891  macroF1=0.6699  edit=35.44  segF1@50=0.34
[s4][epoch 25/50] loss=0.6264  val_acc=0.8535  macroF1=0.6748  edit=25.22  segF1@50=0.14
[s4][epoch 26/50] loss=0.6349  val_acc=0.9017  macroF1=0.6869  edit=40.67  segF1@50=0.39
[s4][epoch 27/50] loss=0.6578  val_acc=0.8931  macroF1=0.7101  edit=36.44  segF1@50=0.39
[s4][epoch 28/50] loss=0.7838  val_acc=0.8805  macroF1=0.6791  edit=35.74  segF1@50=0.29
[s4][epoch 29/50] loss=0.7368  val_acc=0.8627  macroF1=0.6353  edit=28.22  segF1@50=0.25
[s4][epoch 30/50] loss=0.6278  val_acc=0.8964  macroF1=0.6961  edit=48.07  segF1@50=0.46
[s4][epoch 31/50] loss=0.5730  val_acc=0.8871  macroF1=0.7106  edit=39.46  segF1@50=0.33
[s4][epoch 32/50] loss=0.5235  val_acc=0.8970  macroF1=0.7142  edit=37.19  segF1@50=0.34
[s4][epoch 33/50] loss=0.5059  val_acc=0.8970  macroF1=0.6904  edit=34.94  segF1@50=0.36
[s4][epoch 34/50] loss=0.4944  val_acc=0.9043  macroF1=0.7269  edit=50.19  segF1@50=0.51
[s4][epoch 35/50] loss=0.4856  val_acc=0.9010  macroF1=0.7133  edit=46.73  segF1@50=0.45
[s4][epoch 36/50] loss=0.4800  val_acc=0.8719  macroF1=0.6993  edit=32.89  segF1@50=0.31
[s4][epoch 37/50] loss=0.4564  val_acc=0.9036  macroF1=0.7234  edit=43.44  segF1@50=0.39
[s4][epoch 38/50] loss=0.4450  val_acc=0.8990  macroF1=0.7287  edit=38.68  segF1@50=0.38
[s4][epoch 39/50] loss=0.4389  val_acc=0.8858  macroF1=0.7191  edit=40.15  segF1@50=0.30
[s4][epoch 40/50] loss=0.4179  val_acc=0.8865  macroF1=0.7143  edit=38.91  segF1@50=0.30
[s4][epoch 41/50] loss=0.4033  val_acc=0.9076  macroF1=0.7453  edit=34.39  segF1@50=0.34
[s4][epoch 42/50] loss=0.4177  val_acc=0.8950  macroF1=0.7385  edit=45.28  segF1@50=0.47
[s4][epoch 43/50] loss=0.3916  val_acc=0.8970  macroF1=0.7135  edit=39.85  segF1@50=0.31
[s4][epoch 44/50] loss=0.3773  val_acc=0.9089  macroF1=0.7503  edit=35.91  segF1@50=0.37
[s4][epoch 45/50] loss=0.3739  val_acc=0.8977  macroF1=0.7331  edit=41.19  segF1@50=0.36
[s4][epoch 46/50] loss=0.3627  val_acc=0.9030  macroF1=0.7339  edit=40.98  segF1@50=0.37
[s4][epoch 47/50] loss=0.3714  val_acc=0.9030  macroF1=0.7480  edit=27.37  segF1@50=0.27
[s4][epoch 48/50] loss=0.3694  val_acc=0.8983  macroF1=0.7339  edit=42.00  segF1@50=0.39
[s4][epoch 49/50] loss=0.3817  val_acc=0.8541  macroF1=0.6871  edit=37.94  segF1@50=0.34
[s4][epoch 50/50] loss=0.3989  val_acc=0.9010  macroF1=0.7314  edit=27.65  segF1@50=0.29
[s4] best @epoch 44: acc=0.9089 macroF1=0.7503
[s4] evidence written -> /home/ubuntu/slocal/m2/experiments/phase1/s4_phase_baseline_022_frozen_tecno_phase_baseline_seed456
