[s4] train clips=13  val clips=3  classes=9  device=cuda
[s4] evidence dir: /home/ubuntu/slocal/m2/experiments/phase1/s4_phase_baseline_032_frozen_tecno_phase_baseline_seed123
[s4][epoch 1/50] loss=3.5389  val_acc=0.3340  macroF1=0.0715  edit=9.67  segF1@50=0.00
[s4][epoch 2/50] loss=3.0398  val_acc=0.3677  macroF1=0.0768  edit=18.00  segF1@50=0.22
[s4][epoch 3/50] loss=2.7426  val_acc=0.3340  macroF1=0.0715  edit=9.67  segF1@50=0.00
[s4][epoch 4/50] loss=2.5776  val_acc=0.4733  macroF1=0.1467  edit=12.33  segF1@50=0.11
[s4][epoch 5/50] loss=2.4072  val_acc=0.4647  macroF1=0.1415  edit=28.67  segF1@50=0.24
[s4][epoch 6/50] loss=2.1255  val_acc=0.6726  macroF1=0.2262  edit=39.67  segF1@50=0.22
[s4][epoch 7/50] loss=2.0416  val_acc=0.5248  macroF1=0.1801  edit=28.56  segF1@50=0.10
[s4][epoch 8/50] loss=2.0837  val_acc=0.6706  macroF1=0.2267  edit=36.43  segF1@50=0.23
[s4][epoch 9/50] loss=1.6938  val_acc=0.6713  macroF1=0.2288  edit=41.00  segF1@50=0.27
[s4][epoch 10/50] loss=1.5819  val_acc=0.6475  macroF1=0.2227  edit=28.67  segF1@50=0.15
[s4][epoch 11/50] loss=1.4359  val_acc=0.6660  macroF1=0.2561  edit=37.00  segF1@50=0.15
[s4][epoch 12/50] loss=1.3437  val_acc=0.6436  macroF1=0.2421  edit=46.46  segF1@50=0.19
[s4][epoch 13/50] loss=1.2718  val_acc=0.7749  macroF1=0.4259  edit=34.13  segF1@50=0.24
[s4][epoch 14/50] loss=1.1642  val_acc=0.7201  macroF1=0.3436  edit=22.92  segF1@50=0.20
[s4][epoch 15/50] loss=1.1153  val_acc=0.7650  macroF1=0.4174  edit=27.01  segF1@50=0.22
[s4][epoch 16/50] loss=1.0073  val_acc=0.7696  macroF1=0.3979  edit=41.62  segF1@50=0.38
[s4][epoch 17/50] loss=0.9397  val_acc=0.7828  macroF1=0.4549  edit=28.20  segF1@50=0.18
[s4][epoch 18/50] loss=0.8895  val_acc=0.8073  macroF1=0.4701  edit=24.00  segF1@50=0.21
[s4][epoch 19/50] loss=0.8503  val_acc=0.8812  macroF1=0.6614  edit=44.07  segF1@50=0.41
[s4][epoch 20/50] loss=0.7869  val_acc=0.8865  macroF1=0.6622  edit=26.67  segF1@50=0.36
[s4][epoch 21/50] loss=0.7297  val_acc=0.8667  macroF1=0.6453  edit=26.79  segF1@50=0.29
[s4][epoch 22/50] loss=0.7265  val_acc=0.8726  macroF1=0.6548  edit=33.43  segF1@50=0.40
[s4][epoch 23/50] loss=0.7001  val_acc=0.8752  macroF1=0.6643  edit=43.33  segF1@50=0.40
[s4][epoch 24/50] loss=0.6562  val_acc=0.8759  macroF1=0.6839  edit=29.10  segF1@50=0.28
[s4][epoch 25/50] loss=0.6061  val_acc=0.8970  macroF1=0.6926  edit=40.46  segF1@50=0.39
[s4][epoch 26/50] loss=0.5927  val_acc=0.8898  macroF1=0.7164  edit=37.78  segF1@50=0.33
[s4][epoch 27/50] loss=0.5845  val_acc=0.8772  macroF1=0.6581  edit=39.04  segF1@50=0.37
[s4][epoch 28/50] loss=0.5778  val_acc=0.8640  macroF1=0.6646  edit=38.94  segF1@50=0.36
[s4][epoch 29/50] loss=0.5642  val_acc=0.8977  macroF1=0.7034  edit=41.11  segF1@50=0.42
[s4][epoch 30/50] loss=0.5639  val_acc=0.9030  macroF1=0.7217  edit=43.78  segF1@50=0.44
[s4][epoch 31/50] loss=0.5388  val_acc=0.8832  macroF1=0.7117  edit=46.73  segF1@50=0.43
[s4][epoch 32/50] loss=0.5575  val_acc=0.8937  macroF1=0.7053  edit=44.06  segF1@50=0.44
[s4][epoch 33/50] loss=0.5525  val_acc=0.9129  macroF1=0.7445  edit=44.02  segF1@50=0.45
[s4][epoch 34/50] loss=0.5131  val_acc=0.8851  macroF1=0.6979  edit=34.91  segF1@50=0.30
[s4][epoch 35/50] loss=0.4774  val_acc=0.8950  macroF1=0.7135  edit=45.11  segF1@50=0.46
[s4][epoch 36/50] loss=0.5296  val_acc=0.9069  macroF1=0.6850  edit=44.07  segF1@50=0.41
[s4][epoch 37/50] loss=0.6043  val_acc=0.8937  macroF1=0.7187  edit=46.17  segF1@50=0.50
[s4][epoch 38/50] loss=0.7705  val_acc=0.8620  macroF1=0.7076  edit=21.35  segF1@50=0.21
[s4][epoch 39/50] loss=0.9049  val_acc=0.7749  macroF1=0.6001  edit=21.76  segF1@50=0.16
[s4][epoch 40/50] loss=0.8840  val_acc=0.8904  macroF1=0.6523  edit=36.10  segF1@50=0.40
[s4][epoch 41/50] loss=0.7945  val_acc=0.8785  macroF1=0.6589  edit=40.83  segF1@50=0.39
[s4][epoch 42/50] loss=0.5820  val_acc=0.8812  macroF1=0.7085  edit=39.17  segF1@50=0.35
[s4][epoch 43/50] loss=0.4619  val_acc=0.8983  macroF1=0.7257  edit=44.10  segF1@50=0.42
[s4][epoch 44/50] loss=0.4388  val_acc=0.8845  macroF1=0.7108  edit=39.56  segF1@50=0.31
[s4][epoch 45/50] loss=0.4125  val_acc=0.8865  macroF1=0.7239  edit=39.56  segF1@50=0.35
[s4][epoch 46/50] loss=0.3936  val_acc=0.9003  macroF1=0.7389  edit=46.60  segF1@50=0.47
[s4][epoch 47/50] loss=0.3759  val_acc=0.8911  macroF1=0.7320  edit=40.89  segF1@50=0.35
[s4][epoch 48/50] loss=0.3665  val_acc=0.8983  macroF1=0.7413  edit=40.89  segF1@50=0.39
[s4][epoch 49/50] loss=0.3596  val_acc=0.8931  macroF1=0.7370  edit=41.21  segF1@50=0.37
[s4][epoch 50/50] loss=0.3479  val_acc=0.8990  macroF1=0.7424  edit=39.87  segF1@50=0.39
[s4] best @epoch 33: acc=0.9129 macroF1=0.7445
[s4] evidence written -> /home/ubuntu/slocal/m2/experiments/phase1/s4_phase_baseline_032_frozen_tecno_phase_baseline_seed123
