[s4] train clips=13  val clips=3  classes=9  device=cuda
[s4] evidence dir: /home/ubuntu/slocal/m2/experiments/phase1/s4_phase_baseline_018_frozen_tecno_phase_baseline_seed42
[s4][epoch 1/50] loss=3.7139  val_acc=0.4799  macroF1=0.1511  edit=27.93  segF1@50=0.23
[s4][epoch 2/50] loss=2.8594  val_acc=0.4495  macroF1=0.1341  edit=20.67  segF1@50=0.25
[s4][epoch 3/50] loss=2.7067  val_acc=0.3677  macroF1=0.0772  edit=20.22  segF1@50=0.22
[s4][epoch 4/50] loss=2.5105  val_acc=0.5677  macroF1=0.1921  edit=37.90  segF1@50=0.18
[s4][epoch 5/50] loss=2.5480  val_acc=0.3677  macroF1=0.0771  edit=19.96  segF1@50=0.22
[s4][epoch 6/50] loss=2.1804  val_acc=0.6746  macroF1=0.2274  edit=32.67  segF1@50=0.13
[s4][epoch 7/50] loss=1.8208  val_acc=0.6277  macroF1=0.2154  edit=31.33  segF1@50=0.14
[s4][epoch 8/50] loss=1.5793  val_acc=0.6284  macroF1=0.2144  edit=32.67  segF1@50=0.14
[s4][epoch 9/50] loss=1.5031  val_acc=0.6185  macroF1=0.2132  edit=31.33  segF1@50=0.14
[s4][epoch 10/50] loss=1.4028  val_acc=0.6719  macroF1=0.2626  edit=34.73  segF1@50=0.18
[s4][epoch 11/50] loss=1.3443  val_acc=0.6680  macroF1=0.2977  edit=39.88  segF1@50=0.23
[s4][epoch 12/50] loss=1.2380  val_acc=0.6812  macroF1=0.3395  edit=22.88  segF1@50=0.15
[s4][epoch 13/50] loss=1.2045  val_acc=0.7036  macroF1=0.3724  edit=20.79  segF1@50=0.08
[s4][epoch 14/50] loss=1.0935  val_acc=0.7347  macroF1=0.3719  edit=26.16  segF1@50=0.19
[s4][epoch 15/50] loss=1.0589  val_acc=0.8284  macroF1=0.5419  edit=39.13  segF1@50=0.35
[s4][epoch 16/50] loss=1.0125  val_acc=0.8535  macroF1=0.5845  edit=32.56  segF1@50=0.26
[s4][epoch 17/50] loss=0.9042  val_acc=0.8825  macroF1=0.6487  edit=35.89  segF1@50=0.29
[s4][epoch 18/50] loss=0.8356  val_acc=0.8713  macroF1=0.6444  edit=28.67  segF1@50=0.30
[s4][epoch 19/50] loss=1.0073  val_acc=0.8033  macroF1=0.6564  edit=22.43  segF1@50=0.14
[s4][epoch 20/50] loss=1.1629  val_acc=0.8521  macroF1=0.6442  edit=27.65  segF1@50=0.16
[s4][epoch 21/50] loss=0.9293  val_acc=0.8244  macroF1=0.6043  edit=39.63  segF1@50=0.32
[s4][epoch 22/50] loss=0.8257  val_acc=0.8363  macroF1=0.6616  edit=36.92  segF1@50=0.28
[s4][epoch 23/50] loss=0.7311  val_acc=0.8535  macroF1=0.6516  edit=29.70  segF1@50=0.30
[s4][epoch 24/50] loss=0.6624  val_acc=0.8713  macroF1=0.6728  edit=34.06  segF1@50=0.27
[s4][epoch 25/50] loss=0.6316  val_acc=0.8706  macroF1=0.6709  edit=36.33  segF1@50=0.29
[s4][epoch 26/50] loss=0.6123  val_acc=0.8759  macroF1=0.6583  edit=29.46  segF1@50=0.28
[s4][epoch 27/50] loss=0.6375  val_acc=0.8607  macroF1=0.6610  edit=31.11  segF1@50=0.24
[s4][epoch 28/50] loss=0.6162  val_acc=0.8805  macroF1=0.7154  edit=36.13  segF1@50=0.31
[s4][epoch 29/50] loss=0.5693  val_acc=0.8917  macroF1=0.6780  edit=35.85  segF1@50=0.33
[s4][epoch 30/50] loss=0.5782  val_acc=0.8884  macroF1=0.7321  edit=36.45  segF1@50=0.25
[s4][epoch 31/50] loss=0.5231  val_acc=0.8904  macroF1=0.6854  edit=32.44  segF1@50=0.33
[s4][epoch 32/50] loss=0.5125  val_acc=0.8865  macroF1=0.7201  edit=32.07  segF1@50=0.25
[s4][epoch 33/50] loss=0.4767  val_acc=0.8970  macroF1=0.6991  edit=35.85  segF1@50=0.32
[s4][epoch 34/50] loss=0.4557  val_acc=0.9003  macroF1=0.7341  edit=44.63  segF1@50=0.39
[s4][epoch 35/50] loss=0.4458  val_acc=0.9003  macroF1=0.7232  edit=43.30  segF1@50=0.36
[s4][epoch 36/50] loss=0.4324  val_acc=0.8997  macroF1=0.7434  edit=41.98  segF1@50=0.38
[s4][epoch 37/50] loss=0.4209  val_acc=0.8970  macroF1=0.7038  edit=39.30  segF1@50=0.34
[s4][epoch 38/50] loss=0.4303  val_acc=0.8904  macroF1=0.7298  edit=36.56  segF1@50=0.30
[s4][epoch 39/50] loss=0.4287  val_acc=0.9142  macroF1=0.7310  edit=46.22  segF1@50=0.42
[s4][epoch 40/50] loss=0.4028  val_acc=0.9023  macroF1=0.7348  edit=34.95  segF1@50=0.30
[s4][epoch 41/50] loss=0.3932  val_acc=0.8957  macroF1=0.7326  edit=36.13  segF1@50=0.32
[s4][epoch 42/50] loss=0.3798  val_acc=0.9063  macroF1=0.7345  edit=40.40  segF1@50=0.38
[s4][epoch 43/50] loss=0.3797  val_acc=0.9096  macroF1=0.7325  edit=44.63  segF1@50=0.41
[s4][epoch 44/50] loss=0.3864  val_acc=0.9043  macroF1=0.7553  edit=43.52  segF1@50=0.40
[s4][epoch 45/50] loss=0.3678  val_acc=0.8891  macroF1=0.7153  edit=34.79  segF1@50=0.27
[s4][epoch 46/50] loss=0.3620  val_acc=0.9109  macroF1=0.7433  edit=40.51  segF1@50=0.38
[s4][epoch 47/50] loss=0.3431  val_acc=0.9076  macroF1=0.7570  edit=40.56  segF1@50=0.40
[s4][epoch 48/50] loss=0.3732  val_acc=0.9109  macroF1=0.7318  edit=41.97  segF1@50=0.39
[s4][epoch 49/50] loss=0.3506  val_acc=0.9102  macroF1=0.7569  edit=44.44  segF1@50=0.42
[s4][epoch 50/50] loss=0.3392  val_acc=0.9116  macroF1=0.7209  edit=46.22  segF1@50=0.42
[s4] best @epoch 39: acc=0.9142 macroF1=0.7310
[s4] evidence written -> /home/ubuntu/slocal/m2/experiments/phase1/s4_phase_baseline_018_frozen_tecno_phase_baseline_seed42
