[s4] train clips=13  val clips=3  classes=9  device=cuda
[s4] evidence dir: /home/ubuntu/slocal/m2/experiments/phase1/s4_phase_baseline_028_frozen_tecno_phase_baseline_seed456
[s4][epoch 1/50] loss=3.6787  val_acc=0.3650  macroF1=0.0767  edit=2.67  segF1@50=0.17
[s4][epoch 2/50] loss=2.8900  val_acc=0.3340  macroF1=0.0715  edit=9.67  segF1@50=0.00
[s4][epoch 3/50] loss=2.6751  val_acc=0.4376  macroF1=0.1391  edit=2.67  segF1@50=0.00
[s4][epoch 4/50] loss=2.5890  val_acc=0.4370  macroF1=0.1385  edit=12.00  segF1@50=0.00
[s4][epoch 5/50] loss=2.3232  val_acc=0.6271  macroF1=0.2160  edit=21.10  segF1@50=0.00
[s4][epoch 6/50] loss=2.0879  val_acc=0.4581  macroF1=0.1510  edit=31.44  segF1@50=0.02
[s4][epoch 7/50] loss=2.3388  val_acc=0.3340  macroF1=0.0715  edit=9.67  segF1@50=0.00
[s4][epoch 8/50] loss=2.2056  val_acc=0.5617  macroF1=0.1877  edit=31.17  segF1@50=0.24
[s4][epoch 9/50] loss=1.8698  val_acc=0.4957  macroF1=0.1687  edit=22.90  segF1@50=0.02
[s4][epoch 10/50] loss=1.7532  val_acc=0.6627  macroF1=0.2266  edit=24.56  segF1@50=0.12
[s4][epoch 11/50] loss=1.4720  val_acc=0.6601  macroF1=0.2416  edit=45.78  segF1@50=0.17
[s4][epoch 12/50] loss=1.3155  val_acc=0.6469  macroF1=0.2766  edit=31.68  segF1@50=0.17
[s4][epoch 13/50] loss=1.2087  val_acc=0.6851  macroF1=0.3164  edit=34.79  segF1@50=0.21
[s4][epoch 14/50] loss=1.1739  val_acc=0.7657  macroF1=0.4009  edit=43.51  segF1@50=0.30
[s4][epoch 15/50] loss=1.1228  val_acc=0.7558  macroF1=0.3850  edit=31.03  segF1@50=0.25
[s4][epoch 16/50] loss=1.0177  val_acc=0.7888  macroF1=0.4524  edit=33.71  segF1@50=0.23
[s4][epoch 17/50] loss=0.9336  val_acc=0.7954  macroF1=0.4551  edit=29.13  segF1@50=0.21
[s4][epoch 18/50] loss=0.8951  val_acc=0.7848  macroF1=0.4475  edit=26.36  segF1@50=0.20
[s4][epoch 19/50] loss=0.8951  val_acc=0.7201  macroF1=0.4423  edit=21.93  segF1@50=0.16
[s4][epoch 20/50] loss=1.0622  val_acc=0.8363  macroF1=0.4821  edit=21.13  segF1@50=0.33
[s4][epoch 21/50] loss=0.8575  val_acc=0.8145  macroF1=0.5746  edit=28.99  segF1@50=0.20
[s4][epoch 22/50] loss=0.7992  val_acc=0.7769  macroF1=0.6187  edit=23.25  segF1@50=0.14
[s4][epoch 23/50] loss=0.7537  val_acc=0.7980  macroF1=0.4751  edit=28.03  segF1@50=0.18
[s4][epoch 24/50] loss=0.7408  val_acc=0.8614  macroF1=0.6520  edit=34.26  segF1@50=0.26
[s4][epoch 25/50] loss=0.6661  val_acc=0.8647  macroF1=0.6792  edit=28.19  segF1@50=0.23
[s4][epoch 26/50] loss=0.6369  val_acc=0.8950  macroF1=0.6715  edit=33.97  segF1@50=0.31
[s4][epoch 27/50] loss=0.6489  val_acc=0.8865  macroF1=0.6919  edit=32.72  segF1@50=0.29
[s4][epoch 28/50] loss=0.6058  val_acc=0.8752  macroF1=0.6785  edit=28.76  segF1@50=0.26
[s4][epoch 29/50] loss=0.5996  val_acc=0.8799  macroF1=0.6505  edit=33.56  segF1@50=0.28
[s4][epoch 30/50] loss=0.5698  val_acc=0.8660  macroF1=0.6895  edit=33.36  segF1@50=0.28
[s4][epoch 31/50] loss=0.5601  val_acc=0.8845  macroF1=0.6977  edit=29.10  segF1@50=0.28
[s4][epoch 32/50] loss=0.5330  val_acc=0.8865  macroF1=0.6528  edit=36.67  segF1@50=0.33
[s4][epoch 33/50] loss=0.5321  val_acc=0.8535  macroF1=0.7035  edit=27.58  segF1@50=0.17
[s4][epoch 34/50] loss=0.5149  val_acc=0.8818  macroF1=0.6993  edit=29.49  segF1@50=0.24
[s4][epoch 35/50] loss=0.4770  val_acc=0.8785  macroF1=0.6957  edit=31.17  segF1@50=0.28
[s4][epoch 36/50] loss=0.4920  val_acc=0.8792  macroF1=0.6803  edit=39.50  segF1@50=0.37
[s4][epoch 37/50] loss=0.4523  val_acc=0.8812  macroF1=0.6994  edit=33.57  segF1@50=0.32
[s4][epoch 38/50] loss=0.4328  val_acc=0.8838  macroF1=0.6861  edit=32.89  segF1@50=0.29
[s4][epoch 39/50] loss=0.4269  val_acc=0.8871  macroF1=0.7165  edit=36.44  segF1@50=0.33
[s4][epoch 40/50] loss=0.4219  val_acc=0.8805  macroF1=0.7002  edit=42.28  segF1@50=0.45
[s4][epoch 41/50] loss=0.4253  val_acc=0.8832  macroF1=0.6597  edit=39.78  segF1@50=0.31
[s4][epoch 42/50] loss=0.4823  val_acc=0.8548  macroF1=0.6572  edit=33.46  segF1@50=0.27
[s4][epoch 43/50] loss=0.5054  val_acc=0.8330  macroF1=0.6514  edit=38.39  segF1@50=0.31
[s4][epoch 44/50] loss=0.4427  val_acc=0.8884  macroF1=0.7167  edit=36.41  segF1@50=0.34
[s4][epoch 45/50] loss=0.4269  val_acc=0.8442  macroF1=0.6582  edit=40.18  segF1@50=0.31
[s4][epoch 46/50] loss=0.4026  val_acc=0.8898  macroF1=0.7273  edit=30.64  segF1@50=0.31
[s4][epoch 47/50] loss=0.3865  val_acc=0.8944  macroF1=0.7184  edit=46.51  segF1@50=0.47
[s4][epoch 48/50] loss=0.3930  val_acc=0.8799  macroF1=0.7088  edit=33.70  segF1@50=0.26
[s4][epoch 49/50] loss=0.4457  val_acc=0.8838  macroF1=0.7178  edit=29.93  segF1@50=0.21
[s4][epoch 50/50] loss=0.3945  val_acc=0.8706  macroF1=0.7226  edit=31.54  segF1@50=0.21
[s4] best @epoch 26: acc=0.8950 macroF1=0.6715
[s4] evidence written -> /home/ubuntu/slocal/m2/experiments/phase1/s4_phase_baseline_028_frozen_tecno_phase_baseline_seed456
