[s4] train clips=13  val clips=3  classes=9  device=cuda
[s4] evidence dir: /home/ubuntu/slocal/m2/experiments/phase1/s4_phase_baseline_034_frozen_tecno_phase_baseline_seed456
[s4][epoch 1/50] loss=3.6777  val_acc=0.3650  macroF1=0.0768  edit=2.67  segF1@50=0.17
[s4][epoch 2/50] loss=2.8921  val_acc=0.3340  macroF1=0.0715  edit=9.67  segF1@50=0.00
[s4][epoch 3/50] loss=2.6837  val_acc=0.4376  macroF1=0.1391  edit=2.67  segF1@50=0.00
[s4][epoch 4/50] loss=2.6044  val_acc=0.4158  macroF1=0.1292  edit=27.11  segF1@50=0.00
[s4][epoch 5/50] loss=2.3440  val_acc=0.6376  macroF1=0.2193  edit=21.67  segF1@50=0.02
[s4][epoch 6/50] loss=2.1517  val_acc=0.4647  macroF1=0.1542  edit=24.33  segF1@50=0.01
[s4][epoch 7/50] loss=2.3670  val_acc=0.3663  macroF1=0.0964  edit=16.18  segF1@50=0.00
[s4][epoch 8/50] loss=1.9613  val_acc=0.6092  macroF1=0.2035  edit=32.91  segF1@50=0.28
[s4][epoch 9/50] loss=1.7847  val_acc=0.4647  macroF1=0.1542  edit=35.44  segF1@50=0.02
[s4][epoch 10/50] loss=1.8390  val_acc=0.6693  macroF1=0.2292  edit=28.33  segF1@50=0.15
[s4][epoch 11/50] loss=1.5057  val_acc=0.6858  macroF1=0.2649  edit=30.95  segF1@50=0.20
[s4][epoch 12/50] loss=1.3161  val_acc=0.7017  macroF1=0.3231  edit=28.60  segF1@50=0.17
[s4][epoch 13/50] loss=1.1983  val_acc=0.7366  macroF1=0.3665  edit=31.71  segF1@50=0.20
[s4][epoch 14/50] loss=1.1368  val_acc=0.7769  macroF1=0.4058  edit=31.03  segF1@50=0.28
[s4][epoch 15/50] loss=1.0879  val_acc=0.7802  macroF1=0.4030  edit=25.06  segF1@50=0.21
[s4][epoch 16/50] loss=1.0221  val_acc=0.8185  macroF1=0.4715  edit=25.62  segF1@50=0.19
[s4][epoch 17/50] loss=0.9465  val_acc=0.8099  macroF1=0.4682  edit=25.88  segF1@50=0.24
[s4][epoch 18/50] loss=0.8843  val_acc=0.7921  macroF1=0.4629  edit=25.53  segF1@50=0.22
[s4][epoch 19/50] loss=0.8330  val_acc=0.7769  macroF1=0.4602  edit=21.30  segF1@50=0.21
[s4][epoch 20/50] loss=0.8835  val_acc=0.8337  macroF1=0.5054  edit=21.80  segF1@50=0.30
[s4][epoch 21/50] loss=0.7897  val_acc=0.8231  macroF1=0.5593  edit=30.26  segF1@50=0.24
[s4][epoch 22/50] loss=0.7342  val_acc=0.8343  macroF1=0.6387  edit=32.03  segF1@50=0.26
[s4][epoch 23/50] loss=0.6881  val_acc=0.8779  macroF1=0.6638  edit=17.78  segF1@50=0.33
[s4][epoch 24/50] loss=0.6513  val_acc=0.8904  macroF1=0.6746  edit=20.74  segF1@50=0.36
[s4][epoch 25/50] loss=0.6192  val_acc=0.8792  macroF1=0.7041  edit=29.38  segF1@50=0.24
[s4][epoch 26/50] loss=0.6064  val_acc=0.9096  macroF1=0.7129  edit=27.41  segF1@50=0.38
[s4][epoch 27/50] loss=0.6186  val_acc=0.8871  macroF1=0.7048  edit=26.78  segF1@50=0.37
[s4][epoch 28/50] loss=0.5967  val_acc=0.8838  macroF1=0.6808  edit=41.11  segF1@50=0.39
[s4][epoch 29/50] loss=0.5819  val_acc=0.8884  macroF1=0.6722  edit=42.44  segF1@50=0.37
[s4][epoch 30/50] loss=0.5328  val_acc=0.8865  macroF1=0.7266  edit=34.69  segF1@50=0.28
[s4][epoch 31/50] loss=0.5522  val_acc=0.8825  macroF1=0.7178  edit=32.56  segF1@50=0.29
[s4][epoch 32/50] loss=0.6433  val_acc=0.8950  macroF1=0.6726  edit=43.67  segF1@50=0.42
[s4][epoch 33/50] loss=0.6995  val_acc=0.8172  macroF1=0.6624  edit=27.63  segF1@50=0.24
[s4][epoch 34/50] loss=0.6622  val_acc=0.8284  macroF1=0.6450  edit=34.79  segF1@50=0.31
[s4][epoch 35/50] loss=0.7373  val_acc=0.8449  macroF1=0.5968  edit=22.17  segF1@50=0.23
[s4][epoch 36/50] loss=0.5851  val_acc=0.8521  macroF1=0.6674  edit=45.25  segF1@50=0.42
[s4][epoch 37/50] loss=0.5068  val_acc=0.8812  macroF1=0.7017  edit=39.50  segF1@50=0.37
[s4][epoch 38/50] loss=0.4717  val_acc=0.8917  macroF1=0.7174  edit=43.41  segF1@50=0.43
[s4][epoch 39/50] loss=0.4384  val_acc=0.8799  macroF1=0.7145  edit=33.89  segF1@50=0.30
[s4][epoch 40/50] loss=0.4275  val_acc=0.8970  macroF1=0.7220  edit=44.59  segF1@50=0.44
[s4][epoch 41/50] loss=0.4089  val_acc=0.8964  macroF1=0.7202  edit=45.68  segF1@50=0.49
[s4][epoch 42/50] loss=0.4019  val_acc=0.8937  macroF1=0.7246  edit=44.83  segF1@50=0.43
[s4][epoch 43/50] loss=0.3819  val_acc=0.8878  macroF1=0.7256  edit=38.63  segF1@50=0.34
[s4][epoch 44/50] loss=0.3763  val_acc=0.8970  macroF1=0.7371  edit=47.78  segF1@50=0.49
[s4][epoch 45/50] loss=0.3721  val_acc=0.8924  macroF1=0.7230  edit=45.11  segF1@50=0.40
[s4][epoch 46/50] loss=0.3613  val_acc=0.8970  macroF1=0.7357  edit=36.18  segF1@50=0.34
[s4][epoch 47/50] loss=0.3599  val_acc=0.8997  macroF1=0.7475  edit=29.88  segF1@50=0.31
[s4][epoch 48/50] loss=0.3730  val_acc=0.8845  macroF1=0.7021  edit=36.37  segF1@50=0.27
[s4][epoch 49/50] loss=0.4156  val_acc=0.8508  macroF1=0.6663  edit=44.10  segF1@50=0.39
[s4][epoch 50/50] loss=0.4292  val_acc=0.8911  macroF1=0.7112  edit=30.06  segF1@50=0.30
[s4] best @epoch 26: acc=0.9096 macroF1=0.7129
[s4] evidence written -> /home/ubuntu/slocal/m2/experiments/phase1/s4_phase_baseline_034_frozen_tecno_phase_baseline_seed456
