[s4] train clips=13  val clips=3  classes=9  device=cuda
[s4] evidence dir: /home/ubuntu/slocal/m2/experiments/phase1/s4_phase_baseline_024_frozen_tecno_phase_baseline_seed42
[s4][epoch 1/50] loss=3.7077  val_acc=0.4706  macroF1=0.1446  edit=25.43  segF1@50=0.25
[s4][epoch 2/50] loss=2.8594  val_acc=0.4495  macroF1=0.1341  edit=20.67  segF1@50=0.25
[s4][epoch 3/50] loss=2.7016  val_acc=0.3677  macroF1=0.0769  edit=24.67  segF1@50=0.22
[s4][epoch 4/50] loss=2.4945  val_acc=0.4997  macroF1=0.1662  edit=33.16  segF1@50=0.17
[s4][epoch 5/50] loss=2.5701  val_acc=0.3677  macroF1=0.0768  edit=18.00  segF1@50=0.22
[s4][epoch 6/50] loss=2.1855  val_acc=0.6647  macroF1=0.2249  edit=38.33  segF1@50=0.17
[s4][epoch 7/50] loss=1.8128  val_acc=0.6238  macroF1=0.2145  edit=38.58  segF1@50=0.19
[s4][epoch 8/50] loss=1.5678  val_acc=0.6257  macroF1=0.2148  edit=39.67  segF1@50=0.19
[s4][epoch 9/50] loss=1.5064  val_acc=0.5914  macroF1=0.2044  edit=36.43  segF1@50=0.19
[s4][epoch 10/50] loss=1.4115  val_acc=0.6719  macroF1=0.2543  edit=35.98  segF1@50=0.17
[s4][epoch 11/50] loss=1.3570  val_acc=0.6884  macroF1=0.3119  edit=35.57  segF1@50=0.23
[s4][epoch 12/50] loss=1.2717  val_acc=0.5828  macroF1=0.2537  edit=19.55  segF1@50=0.13
[s4][epoch 13/50] loss=1.2216  val_acc=0.6541  macroF1=0.3209  edit=17.94  segF1@50=0.06
[s4][epoch 14/50] loss=1.1873  val_acc=0.7036  macroF1=0.3300  edit=17.62  segF1@50=0.06
[s4][epoch 15/50] loss=1.1438  val_acc=0.8211  macroF1=0.4656  edit=35.75  segF1@50=0.30
[s4][epoch 16/50] loss=1.0476  val_acc=0.7888  macroF1=0.4462  edit=28.35  segF1@50=0.21
[s4][epoch 17/50] loss=0.9427  val_acc=0.8455  macroF1=0.5687  edit=28.22  segF1@50=0.23
[s4][epoch 18/50] loss=0.8688  val_acc=0.8422  macroF1=0.5923  edit=26.86  segF1@50=0.23
[s4][epoch 19/50] loss=0.9003  val_acc=0.8871  macroF1=0.6703  edit=35.71  segF1@50=0.27
[s4][epoch 20/50] loss=0.8472  val_acc=0.8686  macroF1=0.6421  edit=24.22  segF1@50=0.27
[s4][epoch 21/50] loss=0.7601  val_acc=0.8653  macroF1=0.6531  edit=39.78  segF1@50=0.33
[s4][epoch 22/50] loss=0.6953  val_acc=0.8462  macroF1=0.6782  edit=28.97  segF1@50=0.23
[s4][epoch 23/50] loss=0.6586  val_acc=0.8759  macroF1=0.6661  edit=30.67  segF1@50=0.26
[s4][epoch 24/50] loss=0.6132  val_acc=0.8898  macroF1=0.7104  edit=34.11  segF1@50=0.31
[s4][epoch 25/50] loss=0.6202  val_acc=0.8871  macroF1=0.7137  edit=24.16  segF1@50=0.17
[s4][epoch 26/50] loss=0.6651  val_acc=0.8845  macroF1=0.6631  edit=35.28  segF1@50=0.29
[s4][epoch 27/50] loss=0.8137  val_acc=0.8178  macroF1=0.6002  edit=36.18  segF1@50=0.31
[s4][epoch 28/50] loss=0.7397  val_acc=0.8007  macroF1=0.5994  edit=23.17  segF1@50=0.12
[s4][epoch 29/50] loss=0.6421  val_acc=0.8370  macroF1=0.6375  edit=37.05  segF1@50=0.34
[s4][epoch 30/50] loss=0.6248  val_acc=0.8620  macroF1=0.6809  edit=30.93  segF1@50=0.26
[s4][epoch 31/50] loss=0.5491  val_acc=0.8917  macroF1=0.6814  edit=42.30  segF1@50=0.43
[s4][epoch 32/50] loss=0.5685  val_acc=0.8818  macroF1=0.6959  edit=28.93  segF1@50=0.24
[s4][epoch 33/50] loss=0.5042  val_acc=0.8858  macroF1=0.7155  edit=38.69  segF1@50=0.33
[s4][epoch 34/50] loss=0.4925  val_acc=0.9003  macroF1=0.7191  edit=36.24  segF1@50=0.31
[s4][epoch 35/50] loss=0.4667  val_acc=0.8706  macroF1=0.6962  edit=39.25  segF1@50=0.34
[s4][epoch 36/50] loss=0.4503  val_acc=0.8871  macroF1=0.7219  edit=36.30  segF1@50=0.33
[s4][epoch 37/50] loss=0.4322  val_acc=0.8990  macroF1=0.7302  edit=36.13  segF1@50=0.34
[s4][epoch 38/50] loss=0.4173  val_acc=0.9003  macroF1=0.7387  edit=35.79  segF1@50=0.34
[s4][epoch 39/50] loss=0.4055  val_acc=0.9109  macroF1=0.7321  edit=39.22  segF1@50=0.37
[s4][epoch 40/50] loss=0.4010  val_acc=0.8990  macroF1=0.7419  edit=36.23  segF1@50=0.29
[s4][epoch 41/50] loss=0.4037  val_acc=0.9043  macroF1=0.7191  edit=35.30  segF1@50=0.31
[s4][epoch 42/50] loss=0.4188  val_acc=0.8931  macroF1=0.7375  edit=40.15  segF1@50=0.36
[s4][epoch 43/50] loss=0.3898  val_acc=0.8997  macroF1=0.7160  edit=33.56  segF1@50=0.29
[s4][epoch 44/50] loss=0.3741  val_acc=0.9069  macroF1=0.7532  edit=36.11  segF1@50=0.32
[s4][epoch 45/50] loss=0.3643  val_acc=0.9043  macroF1=0.7385  edit=41.17  segF1@50=0.36
[s4][epoch 46/50] loss=0.3532  val_acc=0.9188  macroF1=0.7643  edit=44.14  segF1@50=0.43
[s4][epoch 47/50] loss=0.3506  val_acc=0.9076  macroF1=0.7472  edit=32.54  segF1@50=0.32
[s4][epoch 48/50] loss=0.3596  val_acc=0.9182  macroF1=0.7422  edit=36.27  segF1@50=0.32
[s4][epoch 49/50] loss=0.3380  val_acc=0.9162  macroF1=0.7562  edit=37.58  segF1@50=0.34
[s4][epoch 50/50] loss=0.3366  val_acc=0.9149  macroF1=0.7530  edit=37.42  segF1@50=0.36
[s4] best @epoch 46: acc=0.9188 macroF1=0.7643
[s4] evidence written -> /home/ubuntu/slocal/m2/experiments/phase1/s4_phase_baseline_024_frozen_tecno_phase_baseline_seed42
