[s4] train clips=13  val clips=3  classes=9  device=cuda
[s4] evidence dir: /home/ubuntu/slocal/m2/experiments/phase1/s4_phase_baseline_020_frozen_tecno_phase_baseline_seed123
[s4][epoch 1/50] loss=3.5485  val_acc=0.3340  macroF1=0.0715  edit=9.67  segF1@50=0.00
[s4][epoch 2/50] loss=3.0425  val_acc=0.3677  macroF1=0.0768  edit=18.00  segF1@50=0.22
[s4][epoch 3/50] loss=2.7498  val_acc=0.3340  macroF1=0.0715  edit=9.67  segF1@50=0.00
[s4][epoch 4/50] loss=2.5916  val_acc=0.4726  macroF1=0.1466  edit=9.56  segF1@50=0.08
[s4][epoch 5/50] loss=2.4148  val_acc=0.4746  macroF1=0.1463  edit=31.33  segF1@50=0.26
[s4][epoch 6/50] loss=2.1260  val_acc=0.6766  macroF1=0.2289  edit=38.33  segF1@50=0.22
[s4][epoch 7/50] loss=1.9952  val_acc=0.5135  macroF1=0.1759  edit=28.67  segF1@50=0.13
[s4][epoch 8/50] loss=2.0025  val_acc=0.6601  macroF1=0.2242  edit=41.00  segF1@50=0.25
[s4][epoch 9/50] loss=1.6787  val_acc=0.6706  macroF1=0.2277  edit=41.00  segF1@50=0.24
[s4][epoch 10/50] loss=1.6582  val_acc=0.6535  macroF1=0.2241  edit=24.67  segF1@50=0.15
[s4][epoch 11/50] loss=1.5228  val_acc=0.6574  macroF1=0.2328  edit=38.44  segF1@50=0.17
[s4][epoch 12/50] loss=1.4141  val_acc=0.6330  macroF1=0.2441  edit=39.67  segF1@50=0.19
[s4][epoch 13/50] loss=1.3117  val_acc=0.6937  macroF1=0.3378  edit=38.84  segF1@50=0.24
[s4][epoch 14/50] loss=1.1865  val_acc=0.7300  macroF1=0.3540  edit=28.68  segF1@50=0.16
[s4][epoch 15/50] loss=1.1219  val_acc=0.7446  macroF1=0.3894  edit=34.00  segF1@50=0.24
[s4][epoch 16/50] loss=1.0211  val_acc=0.7551  macroF1=0.3897  edit=26.06  segF1@50=0.23
[s4][epoch 17/50] loss=0.9571  val_acc=0.8370  macroF1=0.5920  edit=33.21  segF1@50=0.33
[s4][epoch 18/50] loss=0.8806  val_acc=0.8106  macroF1=0.4952  edit=35.11  segF1@50=0.26
[s4][epoch 19/50] loss=0.8349  val_acc=0.8640  macroF1=0.6338  edit=31.11  segF1@50=0.30
[s4][epoch 20/50] loss=0.8000  val_acc=0.8667  macroF1=0.6612  edit=37.86  segF1@50=0.31
[s4][epoch 21/50] loss=0.7573  val_acc=0.8680  macroF1=0.6557  edit=33.78  segF1@50=0.32
[s4][epoch 22/50] loss=0.7385  val_acc=0.8904  macroF1=0.6648  edit=30.67  segF1@50=0.36
[s4][epoch 23/50] loss=0.7489  val_acc=0.8917  macroF1=0.6544  edit=19.39  segF1@50=0.32
[s4][epoch 24/50] loss=0.7320  val_acc=0.8726  macroF1=0.6541  edit=40.10  segF1@50=0.38
[s4][epoch 25/50] loss=0.7388  val_acc=0.8746  macroF1=0.7048  edit=41.04  segF1@50=0.31
[s4][epoch 26/50] loss=0.6689  val_acc=0.8752  macroF1=0.6572  edit=28.61  segF1@50=0.28
[s4][epoch 27/50] loss=0.6074  val_acc=0.8561  macroF1=0.6675  edit=35.28  segF1@50=0.28
[s4][epoch 28/50] loss=0.5726  val_acc=0.8917  macroF1=0.7043  edit=43.33  segF1@50=0.40
[s4][epoch 29/50] loss=0.5312  val_acc=0.8917  macroF1=0.7135  edit=43.67  segF1@50=0.42
[s4][epoch 30/50] loss=0.5161  val_acc=0.8904  macroF1=0.7049  edit=37.78  segF1@50=0.31
[s4][epoch 31/50] loss=0.5008  val_acc=0.8812  macroF1=0.7115  edit=29.53  segF1@50=0.22
[s4][epoch 32/50] loss=0.4857  val_acc=0.8904  macroF1=0.7085  edit=26.68  segF1@50=0.20
[s4][epoch 33/50] loss=0.4782  val_acc=0.8950  macroF1=0.7315  edit=47.56  segF1@50=0.46
[s4][epoch 34/50] loss=0.4760  val_acc=0.8898  macroF1=0.7038  edit=34.91  segF1@50=0.30
[s4][epoch 35/50] loss=0.4523  val_acc=0.9023  macroF1=0.7392  edit=46.79  segF1@50=0.44
[s4][epoch 36/50] loss=0.4456  val_acc=0.8950  macroF1=0.7100  edit=43.33  segF1@50=0.40
[s4][epoch 37/50] loss=0.4200  val_acc=0.9010  macroF1=0.7427  edit=38.02  segF1@50=0.30
[s4][epoch 38/50] loss=0.4124  val_acc=0.9023  macroF1=0.7166  edit=41.14  segF1@50=0.34
[s4][epoch 39/50] loss=0.4242  val_acc=0.8752  macroF1=0.7260  edit=33.43  segF1@50=0.28
[s4][epoch 40/50] loss=0.4610  val_acc=0.8634  macroF1=0.6719  edit=28.89  segF1@50=0.23
[s4][epoch 41/50] loss=0.4962  val_acc=0.8389  macroF1=0.6212  edit=22.83  segF1@50=0.17
[s4][epoch 42/50] loss=0.4434  val_acc=0.8917  macroF1=0.6954  edit=32.76  segF1@50=0.26
[s4][epoch 43/50] loss=0.4040  val_acc=0.9076  macroF1=0.7160  edit=43.78  segF1@50=0.43
[s4][epoch 44/50] loss=0.4253  val_acc=0.9116  macroF1=0.7244  edit=47.67  segF1@50=0.44
[s4][epoch 45/50] loss=0.3870  val_acc=0.8726  macroF1=0.7176  edit=30.84  segF1@50=0.30
[s4][epoch 46/50] loss=0.4042  val_acc=0.9036  macroF1=0.6984  edit=41.39  segF1@50=0.42
[s4][epoch 47/50] loss=0.3785  val_acc=0.9135  macroF1=0.7491  edit=49.39  segF1@50=0.48
[s4][epoch 48/50] loss=0.3592  val_acc=0.9129  macroF1=0.7263  edit=46.22  segF1@50=0.45
[s4][epoch 49/50] loss=0.3927  val_acc=0.8937  macroF1=0.7262  edit=39.56  segF1@50=0.34
[s4][epoch 50/50] loss=0.4068  val_acc=0.9089  macroF1=0.7395  edit=35.76  segF1@50=0.33
[s4] best @epoch 47: acc=0.9135 macroF1=0.7491
[s4] evidence written -> /home/ubuntu/slocal/m2/experiments/phase1/s4_phase_baseline_020_frozen_tecno_phase_baseline_seed123
