[s4] train clips=13  val clips=3  classes=9  device=cuda
[s4] evidence dir: /home/ubuntu/slocal/m2/experiments/phase1/s4_phase_baseline_030_frozen_tecno_phase_baseline_seed42
[s4][epoch 1/50] loss=3.7042  val_acc=0.4673  macroF1=0.1432  edit=26.00  segF1@50=0.24
[s4][epoch 2/50] loss=2.8634  val_acc=0.4495  macroF1=0.1341  edit=20.67  segF1@50=0.25
[s4][epoch 3/50] loss=2.7047  val_acc=0.3677  macroF1=0.0768  edit=18.00  segF1@50=0.22
[s4][epoch 4/50] loss=2.4978  val_acc=0.5465  macroF1=0.1845  edit=25.32  segF1@50=0.09
[s4][epoch 5/50] loss=2.5497  val_acc=0.3677  macroF1=0.0768  edit=18.00  segF1@50=0.22
[s4][epoch 6/50] loss=2.1701  val_acc=0.6746  macroF1=0.2276  edit=39.67  segF1@50=0.18
[s4][epoch 7/50] loss=1.8376  val_acc=0.6409  macroF1=0.2201  edit=41.00  segF1@50=0.20
[s4][epoch 8/50] loss=1.5737  val_acc=0.6515  macroF1=0.2221  edit=39.67  segF1@50=0.19
[s4][epoch 9/50] loss=1.4719  val_acc=0.6587  macroF1=0.2234  edit=27.33  segF1@50=0.15
[s4][epoch 10/50] loss=1.4103  val_acc=0.6007  macroF1=0.2450  edit=42.18  segF1@50=0.18
[s4][epoch 11/50] loss=1.3744  val_acc=0.6337  macroF1=0.2701  edit=31.41  segF1@50=0.21
[s4][epoch 12/50] loss=1.2679  val_acc=0.6700  macroF1=0.3014  edit=35.44  segF1@50=0.23
[s4][epoch 13/50] loss=1.2168  val_acc=0.7162  macroF1=0.3690  edit=24.61  segF1@50=0.16
[s4][epoch 14/50] loss=1.1061  val_acc=0.7960  macroF1=0.4550  edit=31.11  segF1@50=0.29
[s4][epoch 15/50] loss=1.0607  val_acc=0.8059  macroF1=0.4679  edit=37.79  segF1@50=0.36
[s4][epoch 16/50] loss=0.9651  val_acc=0.7927  macroF1=0.4500  edit=30.67  segF1@50=0.24
[s4][epoch 17/50] loss=0.8987  val_acc=0.8416  macroF1=0.6018  edit=38.73  segF1@50=0.35
[s4][epoch 18/50] loss=0.8376  val_acc=0.8469  macroF1=0.6156  edit=36.06  segF1@50=0.35
[s4][epoch 19/50] loss=0.8085  val_acc=0.8779  macroF1=0.6802  edit=36.75  segF1@50=0.28
[s4][epoch 20/50] loss=0.7856  val_acc=0.8693  macroF1=0.6409  edit=27.60  segF1@50=0.22
[s4][epoch 21/50] loss=0.7203  val_acc=0.8759  macroF1=0.6671  edit=35.33  segF1@50=0.30
[s4][epoch 22/50] loss=0.6705  val_acc=0.8482  macroF1=0.6621  edit=40.48  segF1@50=0.30
[s4][epoch 23/50] loss=0.6584  val_acc=0.8719  macroF1=0.6623  edit=35.03  segF1@50=0.28
[s4][epoch 24/50] loss=0.6047  val_acc=0.8904  macroF1=0.7142  edit=37.47  segF1@50=0.32
[s4][epoch 25/50] loss=0.6006  val_acc=0.8970  macroF1=0.6807  edit=39.56  segF1@50=0.40
[s4][epoch 26/50] loss=0.6217  val_acc=0.8950  macroF1=0.6680  edit=40.10  segF1@50=0.40
[s4][epoch 27/50] loss=0.8472  val_acc=0.8178  macroF1=0.5898  edit=36.78  segF1@50=0.33
[s4][epoch 28/50] loss=0.8065  val_acc=0.8059  macroF1=0.6018  edit=29.50  segF1@50=0.25
[s4][epoch 29/50] loss=0.6716  val_acc=0.8700  macroF1=0.6598  edit=38.00  segF1@50=0.39
[s4][epoch 30/50] loss=0.6705  val_acc=0.8000  macroF1=0.6347  edit=24.77  segF1@50=0.24
[s4][epoch 31/50] loss=0.6546  val_acc=0.8825  macroF1=0.6768  edit=44.59  segF1@50=0.42
[s4][epoch 32/50] loss=0.5948  val_acc=0.8924  macroF1=0.6854  edit=30.73  segF1@50=0.29
[s4][epoch 33/50] loss=0.5209  val_acc=0.8964  macroF1=0.7234  edit=46.47  segF1@50=0.46
[s4][epoch 34/50] loss=0.4943  val_acc=0.8977  macroF1=0.7027  edit=35.56  segF1@50=0.28
[s4][epoch 35/50] loss=0.4647  val_acc=0.8884  macroF1=0.7129  edit=35.80  segF1@50=0.30
[s4][epoch 36/50] loss=0.4486  val_acc=0.9017  macroF1=0.7381  edit=34.70  segF1@50=0.32
[s4][epoch 37/50] loss=0.4324  val_acc=0.8964  macroF1=0.7182  edit=37.50  segF1@50=0.30
[s4][epoch 38/50] loss=0.4256  val_acc=0.9063  macroF1=0.7465  edit=38.54  segF1@50=0.37
[s4][epoch 39/50] loss=0.4174  val_acc=0.9109  macroF1=0.7162  edit=45.79  segF1@50=0.43
[s4][epoch 40/50] loss=0.4059  val_acc=0.9017  macroF1=0.7414  edit=39.28  segF1@50=0.38
[s4][epoch 41/50] loss=0.4005  val_acc=0.9030  macroF1=0.7151  edit=38.91  segF1@50=0.30
[s4][epoch 42/50] loss=0.3920  val_acc=0.9069  macroF1=0.7518  edit=41.94  segF1@50=0.37
[s4][epoch 43/50] loss=0.3815  val_acc=0.9076  macroF1=0.7040  edit=38.00  segF1@50=0.31
[s4][epoch 44/50] loss=0.3720  val_acc=0.9076  macroF1=0.7605  edit=36.13  segF1@50=0.35
[s4][epoch 45/50] loss=0.3640  val_acc=0.9017  macroF1=0.7277  edit=34.52  segF1@50=0.29
[s4][epoch 46/50] loss=0.3552  val_acc=0.9122  macroF1=0.7396  edit=45.79  segF1@50=0.48
[s4][epoch 47/50] loss=0.3514  val_acc=0.9129  macroF1=0.7527  edit=41.17  segF1@50=0.39
[s4][epoch 48/50] loss=0.3575  val_acc=0.8851  macroF1=0.7423  edit=28.62  segF1@50=0.23
[s4][epoch 49/50] loss=0.3988  val_acc=0.8944  macroF1=0.7446  edit=31.62  segF1@50=0.31
[s4][epoch 50/50] loss=0.3516  val_acc=0.9096  macroF1=0.7397  edit=44.95  segF1@50=0.45
[s4] best @epoch 47: acc=0.9129 macroF1=0.7527
[s4] evidence written -> /home/ubuntu/slocal/m2/experiments/phase1/s4_phase_baseline_030_frozen_tecno_phase_baseline_seed42
