[s4] train clips=13  val clips=3  classes=9  device=cuda
[s4] evidence dir: /home/ubuntu/slocal/m2/experiments/phase1/s4_phase_baseline_026_frozen_tecno_phase_baseline_seed123
[s4][epoch 1/50] loss=3.5430  val_acc=0.3340  macroF1=0.0715  edit=9.67  segF1@50=0.00
[s4][epoch 2/50] loss=3.0390  val_acc=0.3677  macroF1=0.0768  edit=18.00  segF1@50=0.22
[s4][epoch 3/50] loss=2.7415  val_acc=0.3340  macroF1=0.0715  edit=9.67  segF1@50=0.00
[s4][epoch 4/50] loss=2.5720  val_acc=0.4759  macroF1=0.1473  edit=20.67  segF1@50=0.17
[s4][epoch 5/50] loss=2.4049  val_acc=0.4693  macroF1=0.1437  edit=32.67  segF1@50=0.24
[s4][epoch 6/50] loss=2.1149  val_acc=0.6739  macroF1=0.2286  edit=38.33  segF1@50=0.22
[s4][epoch 7/50] loss=1.9870  val_acc=0.5089  macroF1=0.1739  edit=25.89  segF1@50=0.02
[s4][epoch 8/50] loss=2.0496  val_acc=0.6614  macroF1=0.2253  edit=35.67  segF1@50=0.22
[s4][epoch 9/50] loss=1.7154  val_acc=0.6726  macroF1=0.2286  edit=34.33  segF1@50=0.22
[s4][epoch 10/50] loss=1.6496  val_acc=0.6350  macroF1=0.2188  edit=32.67  segF1@50=0.14
[s4][epoch 11/50] loss=1.4789  val_acc=0.6376  macroF1=0.2197  edit=40.38  segF1@50=0.19
[s4][epoch 12/50] loss=1.3674  val_acc=0.6383  macroF1=0.2469  edit=45.11  segF1@50=0.20
[s4][epoch 13/50] loss=1.2882  val_acc=0.7485  macroF1=0.3853  edit=59.00  segF1@50=0.41
[s4][epoch 14/50] loss=1.1825  val_acc=0.7036  macroF1=0.3260  edit=39.13  segF1@50=0.23
[s4][epoch 15/50] loss=1.1305  val_acc=0.7729  macroF1=0.4162  edit=29.67  segF1@50=0.21
[s4][epoch 16/50] loss=1.0327  val_acc=0.7584  macroF1=0.3907  edit=33.06  segF1@50=0.28
[s4][epoch 17/50] loss=0.9810  val_acc=0.7941  macroF1=0.4743  edit=28.85  segF1@50=0.22
[s4][epoch 18/50] loss=0.9031  val_acc=0.7848  macroF1=0.4264  edit=22.86  segF1@50=0.22
[s4][epoch 19/50] loss=0.8518  val_acc=0.8502  macroF1=0.6023  edit=27.22  segF1@50=0.26
[s4][epoch 20/50] loss=0.8184  val_acc=0.8145  macroF1=0.4817  edit=20.89  segF1@50=0.30
[s4][epoch 21/50] loss=0.7865  val_acc=0.8660  macroF1=0.6428  edit=33.62  segF1@50=0.33
[s4][epoch 22/50] loss=0.7284  val_acc=0.8746  macroF1=0.6222  edit=46.19  segF1@50=0.44
[s4][epoch 23/50] loss=0.7750  val_acc=0.8667  macroF1=0.6352  edit=37.33  segF1@50=0.39
[s4][epoch 24/50] loss=0.7940  val_acc=0.8231  macroF1=0.5972  edit=29.97  segF1@50=0.27
[s4][epoch 25/50] loss=0.7388  val_acc=0.8634  macroF1=0.6761  edit=31.35  segF1@50=0.24
[s4][epoch 26/50] loss=0.6777  val_acc=0.8634  macroF1=0.6899  edit=27.70  segF1@50=0.24
[s4][epoch 27/50] loss=0.6250  val_acc=0.8653  macroF1=0.6384  edit=32.18  segF1@50=0.30
[s4][epoch 28/50] loss=0.5749  val_acc=0.8825  macroF1=0.7021  edit=30.59  segF1@50=0.25
[s4][epoch 29/50] loss=0.5397  val_acc=0.8772  macroF1=0.6657  edit=33.46  segF1@50=0.27
[s4][epoch 30/50] loss=0.5196  val_acc=0.8825  macroF1=0.6930  edit=31.76  segF1@50=0.26
[s4][epoch 31/50] loss=0.5002  val_acc=0.8891  macroF1=0.7089  edit=34.89  segF1@50=0.30
[s4][epoch 32/50] loss=0.4879  val_acc=0.8891  macroF1=0.7041  edit=33.89  segF1@50=0.30
[s4][epoch 33/50] loss=0.4797  val_acc=0.8990  macroF1=0.7131  edit=45.79  segF1@50=0.45
[s4][epoch 34/50] loss=0.4932  val_acc=0.9003  macroF1=0.6991  edit=39.33  segF1@50=0.41
[s4][epoch 35/50] loss=0.4768  val_acc=0.9003  macroF1=0.7086  edit=44.87  segF1@50=0.46
[s4][epoch 36/50] loss=0.4924  val_acc=0.8871  macroF1=0.6830  edit=40.46  segF1@50=0.41
[s4][epoch 37/50] loss=0.5923  val_acc=0.8904  macroF1=0.6989  edit=44.71  segF1@50=0.41
[s4][epoch 38/50] loss=0.7288  val_acc=0.8356  macroF1=0.5794  edit=35.93  segF1@50=0.33
[s4][epoch 39/50] loss=0.7870  val_acc=0.9102  macroF1=0.7370  edit=37.83  segF1@50=0.34
[s4][epoch 40/50] loss=0.7311  val_acc=0.8475  macroF1=0.5842  edit=31.00  segF1@50=0.24
[s4][epoch 41/50] loss=0.6351  val_acc=0.8317  macroF1=0.6170  edit=35.00  segF1@50=0.25
[s4][epoch 42/50] loss=0.5804  val_acc=0.8772  macroF1=0.6772  edit=30.22  segF1@50=0.25
[s4][epoch 43/50] loss=0.5048  val_acc=0.8726  macroF1=0.6854  edit=31.44  segF1@50=0.27
[s4][epoch 44/50] loss=0.4483  val_acc=0.8832  macroF1=0.7143  edit=38.43  segF1@50=0.30
[s4][epoch 45/50] loss=0.4226  val_acc=0.8944  macroF1=0.7215  edit=33.99  segF1@50=0.28
[s4][epoch 46/50] loss=0.4008  val_acc=0.8812  macroF1=0.7096  edit=40.61  segF1@50=0.32
[s4][epoch 47/50] loss=0.3821  val_acc=0.8983  macroF1=0.7223  edit=34.28  segF1@50=0.30
[s4][epoch 48/50] loss=0.3699  val_acc=0.8865  macroF1=0.7082  edit=36.71  segF1@50=0.29
[s4][epoch 49/50] loss=0.3638  val_acc=0.8977  macroF1=0.7299  edit=36.11  segF1@50=0.32
[s4][epoch 50/50] loss=0.3525  val_acc=0.8977  macroF1=0.7257  edit=35.96  segF1@50=0.32
[s4] best @epoch 39: acc=0.9102 macroF1=0.7370
[s4] evidence written -> /home/ubuntu/slocal/m2/experiments/phase1/s4_phase_baseline_026_frozen_tecno_phase_baseline_seed123
