[s4] train clips=13  val clips=3  classes=9  device=cuda
[s4] evidence dir: /home/ubuntu/slocal/m2/experiments/phase1/s4_phase_baseline_025_frozen_tecno_phase_baseline_seed123
[s4][epoch 1/50] loss=3.5580  val_acc=0.3340  macroF1=0.0715  edit=9.67  segF1@50=0.00
[s4][epoch 2/50] loss=3.0508  val_acc=0.3677  macroF1=0.0768  edit=18.00  segF1@50=0.22
[s4][epoch 3/50] loss=2.7658  val_acc=0.3340  macroF1=0.0715  edit=9.67  segF1@50=0.00
[s4][epoch 4/50] loss=2.6142  val_acc=0.4587  macroF1=0.1431  edit=20.67  segF1@50=0.17
[s4][epoch 5/50] loss=2.4624  val_acc=0.4693  macroF1=0.1437  edit=30.00  segF1@50=0.24
[s4][epoch 6/50] loss=2.2117  val_acc=0.6627  macroF1=0.2228  edit=35.67  segF1@50=0.22
[s4][epoch 7/50] loss=2.0483  val_acc=0.4752  macroF1=0.1593  edit=25.08  segF1@50=0.02
[s4][epoch 8/50] loss=1.9214  val_acc=0.6033  macroF1=0.2078  edit=41.00  segF1@50=0.20
[s4][epoch 9/50] loss=1.6659  val_acc=0.6317  macroF1=0.2108  edit=39.67  segF1@50=0.22
[s4][epoch 10/50] loss=1.8862  val_acc=0.6429  macroF1=0.2203  edit=32.67  segF1@50=0.14
[s4][epoch 11/50] loss=1.6785  val_acc=0.5175  macroF1=0.1774  edit=30.46  segF1@50=0.12
[s4][epoch 12/50] loss=1.4648  val_acc=0.6350  macroF1=0.2687  edit=48.00  segF1@50=0.21
[s4][epoch 13/50] loss=1.3829  val_acc=0.6106  macroF1=0.2835  edit=21.23  segF1@50=0.14
[s4][epoch 14/50] loss=1.2736  val_acc=0.6746  macroF1=0.3273  edit=32.37  segF1@50=0.22
[s4][epoch 15/50] loss=1.2193  val_acc=0.6700  macroF1=0.3539  edit=19.97  segF1@50=0.14
[s4][epoch 16/50] loss=1.1096  val_acc=0.7188  macroF1=0.3789  edit=25.04  segF1@50=0.17
[s4][epoch 17/50] loss=1.0446  val_acc=0.7149  macroF1=0.4446  edit=26.34  segF1@50=0.17
[s4][epoch 18/50] loss=0.9659  val_acc=0.7479  macroF1=0.3957  edit=30.67  segF1@50=0.24
[s4][epoch 19/50] loss=0.9088  val_acc=0.7663  macroF1=0.4438  edit=33.67  segF1@50=0.24
[s4][epoch 20/50] loss=0.8521  val_acc=0.7703  macroF1=0.4240  edit=32.32  segF1@50=0.23
[s4][epoch 21/50] loss=0.8016  val_acc=0.7525  macroF1=0.4326  edit=34.13  segF1@50=0.21
[s4][epoch 22/50] loss=0.9025  val_acc=0.7584  macroF1=0.5058  edit=31.70  segF1@50=0.22
[s4][epoch 23/50] loss=0.7779  val_acc=0.7314  macroF1=0.4082  edit=30.17  segF1@50=0.21
[s4][epoch 24/50] loss=0.7042  val_acc=0.7842  macroF1=0.5356  edit=24.71  segF1@50=0.16
[s4][epoch 25/50] loss=0.7269  val_acc=0.8429  macroF1=0.6331  edit=40.71  segF1@50=0.36
[s4][epoch 26/50] loss=0.7825  val_acc=0.8119  macroF1=0.5256  edit=30.14  segF1@50=0.11
[s4][epoch 27/50] loss=0.6558  val_acc=0.7954  macroF1=0.5765  edit=33.95  segF1@50=0.27
[s4][epoch 28/50] loss=0.6177  val_acc=0.8317  macroF1=0.6285  edit=28.94  segF1@50=0.22
[s4][epoch 29/50] loss=0.5615  val_acc=0.8304  macroF1=0.6343  edit=31.28  segF1@50=0.28
[s4][epoch 30/50] loss=0.5679  val_acc=0.8462  macroF1=0.6629  edit=29.26  segF1@50=0.24
[s4][epoch 31/50] loss=0.5404  val_acc=0.8191  macroF1=0.6263  edit=23.09  segF1@50=0.18
[s4][epoch 32/50] loss=0.6418  val_acc=0.8257  macroF1=0.6547  edit=21.46  segF1@50=0.13
[s4][epoch 33/50] loss=0.6390  val_acc=0.8673  macroF1=0.6578  edit=38.65  segF1@50=0.38
[s4][epoch 34/50] loss=0.5919  val_acc=0.8317  macroF1=0.6607  edit=32.98  segF1@50=0.25
[s4][epoch 35/50] loss=0.5090  val_acc=0.8792  macroF1=0.6585  edit=40.27  segF1@50=0.37
[s4][epoch 36/50] loss=0.5278  val_acc=0.8719  macroF1=0.6805  edit=29.21  segF1@50=0.22
[s4][epoch 37/50] loss=0.4836  val_acc=0.8779  macroF1=0.6984  edit=36.14  segF1@50=0.30
[s4][epoch 38/50] loss=0.4530  val_acc=0.8383  macroF1=0.6601  edit=25.47  segF1@50=0.20
[s4][epoch 39/50] loss=0.4494  val_acc=0.8488  macroF1=0.6725  edit=34.29  segF1@50=0.29
[s4][epoch 40/50] loss=0.4274  val_acc=0.8891  macroF1=0.7050  edit=36.37  segF1@50=0.33
[s4][epoch 41/50] loss=0.4118  val_acc=0.8601  macroF1=0.6907  edit=35.68  segF1@50=0.29
[s4][epoch 42/50] loss=0.4036  val_acc=0.8997  macroF1=0.7044  edit=40.83  segF1@50=0.42
[s4][epoch 43/50] loss=0.3966  val_acc=0.8851  macroF1=0.7130  edit=36.84  segF1@50=0.30
[s4][epoch 44/50] loss=0.3811  val_acc=0.8528  macroF1=0.6749  edit=32.14  segF1@50=0.26
[s4][epoch 45/50] loss=0.3765  val_acc=0.8851  macroF1=0.7255  edit=35.46  segF1@50=0.29
[s4][epoch 46/50] loss=0.3632  val_acc=0.8653  macroF1=0.6722  edit=34.21  segF1@50=0.29
[s4][epoch 47/50] loss=0.3555  val_acc=0.8838  macroF1=0.7219  edit=36.56  segF1@50=0.32
[s4][epoch 48/50] loss=0.3420  val_acc=0.8779  macroF1=0.6910  edit=35.62  segF1@50=0.30
[s4][epoch 49/50] loss=0.3393  val_acc=0.8680  macroF1=0.7037  edit=33.59  segF1@50=0.27
[s4][epoch 50/50] loss=0.3411  val_acc=0.8792  macroF1=0.7201  edit=36.13  segF1@50=0.32
[s4] best @epoch 42: acc=0.8997 macroF1=0.7044
[s4] evidence written -> /home/ubuntu/slocal/m2/experiments/phase1/s4_phase_baseline_025_frozen_tecno_phase_baseline_seed123
