[s4] train clips=13  val clips=3  classes=9  device=cuda
[s4] evidence dir: /home/ubuntu/slocal/m2/experiments/phase1/s4_phase_baseline_031_frozen_tecno_phase_baseline_seed123
[s4][epoch 1/50] loss=3.5586  val_acc=0.3340  macroF1=0.0715  edit=9.67  segF1@50=0.00
[s4][epoch 2/50] loss=3.0351  val_acc=0.3677  macroF1=0.0768  edit=18.00  segF1@50=0.22
[s4][epoch 3/50] loss=2.7523  val_acc=0.3340  macroF1=0.0715  edit=9.67  segF1@50=0.00
[s4][epoch 4/50] loss=2.5945  val_acc=0.4719  macroF1=0.1464  edit=8.17  segF1@50=0.07
[s4][epoch 5/50] loss=2.4401  val_acc=0.4653  macroF1=0.1418  edit=26.00  segF1@50=0.24
[s4][epoch 6/50] loss=2.1652  val_acc=0.6647  macroF1=0.2233  edit=37.90  segF1@50=0.22
[s4][epoch 7/50] loss=2.0304  val_acc=0.4825  macroF1=0.1626  edit=25.08  segF1@50=0.02
[s4][epoch 8/50] loss=1.9823  val_acc=0.6581  macroF1=0.2243  edit=41.00  segF1@50=0.25
[s4][epoch 9/50] loss=1.7561  val_acc=0.6620  macroF1=0.2225  edit=37.00  segF1@50=0.22
[s4][epoch 10/50] loss=1.7151  val_acc=0.5525  macroF1=0.1910  edit=24.09  segF1@50=0.11
[s4][epoch 11/50] loss=1.5366  val_acc=0.6066  macroF1=0.2094  edit=36.43  segF1@50=0.18
[s4][epoch 12/50] loss=1.4139  val_acc=0.5875  macroF1=0.2375  edit=40.00  segF1@50=0.10
[s4][epoch 13/50] loss=1.3428  val_acc=0.6178  macroF1=0.2754  edit=23.92  segF1@50=0.14
[s4][epoch 14/50] loss=1.2366  val_acc=0.6350  macroF1=0.2811  edit=28.10  segF1@50=0.16
[s4][epoch 15/50] loss=1.1823  val_acc=0.6528  macroF1=0.3055  edit=26.94  segF1@50=0.18
[s4][epoch 16/50] loss=1.0793  val_acc=0.7043  macroF1=0.3691  edit=19.33  segF1@50=0.15
[s4][epoch 17/50] loss=1.0237  val_acc=0.7069  macroF1=0.4614  edit=20.36  segF1@50=0.15
[s4][epoch 18/50] loss=0.9462  val_acc=0.7426  macroF1=0.3941  edit=25.70  segF1@50=0.18
[s4][epoch 19/50] loss=0.8823  val_acc=0.7809  macroF1=0.4791  edit=27.28  segF1@50=0.17
[s4][epoch 20/50] loss=0.8419  val_acc=0.8112  macroF1=0.5674  edit=31.43  segF1@50=0.23
[s4][epoch 21/50] loss=0.7881  val_acc=0.7650  macroF1=0.5229  edit=33.89  segF1@50=0.25
[s4][epoch 22/50] loss=0.8134  val_acc=0.8205  macroF1=0.5791  edit=30.11  segF1@50=0.23
[s4][epoch 23/50] loss=0.7425  val_acc=0.8271  macroF1=0.6093  edit=33.94  segF1@50=0.28
[s4][epoch 24/50] loss=0.7595  val_acc=0.7611  macroF1=0.5532  edit=26.64  segF1@50=0.23
[s4][epoch 25/50] loss=0.7674  val_acc=0.8053  macroF1=0.5542  edit=35.04  segF1@50=0.24
[s4][epoch 26/50] loss=0.7022  val_acc=0.8224  macroF1=0.6433  edit=26.28  segF1@50=0.21
[s4][epoch 27/50] loss=0.6298  val_acc=0.8205  macroF1=0.6467  edit=30.48  segF1@50=0.25
[s4][epoch 28/50] loss=0.5986  val_acc=0.8337  macroF1=0.6340  edit=41.11  segF1@50=0.39
[s4][epoch 29/50] loss=0.5894  val_acc=0.8475  macroF1=0.6410  edit=33.51  segF1@50=0.27
[s4][epoch 30/50] loss=0.5787  val_acc=0.8363  macroF1=0.6663  edit=31.02  segF1@50=0.22
[s4][epoch 31/50] loss=0.5269  val_acc=0.8284  macroF1=0.6733  edit=27.79  segF1@50=0.22
[s4][epoch 32/50] loss=0.5780  val_acc=0.8528  macroF1=0.6883  edit=27.51  segF1@50=0.21
[s4][epoch 33/50] loss=0.5726  val_acc=0.8627  macroF1=0.6820  edit=44.53  segF1@50=0.45
[s4][epoch 34/50] loss=0.5596  val_acc=0.8132  macroF1=0.6456  edit=40.84  segF1@50=0.31
[s4][epoch 35/50] loss=0.4925  val_acc=0.8686  macroF1=0.6814  edit=43.92  segF1@50=0.46
[s4][epoch 36/50] loss=0.4869  val_acc=0.8653  macroF1=0.6859  edit=36.15  segF1@50=0.30
[s4][epoch 37/50] loss=0.4436  val_acc=0.8627  macroF1=0.6978  edit=39.30  segF1@50=0.33
[s4][epoch 38/50] loss=0.4381  val_acc=0.8502  macroF1=0.6907  edit=28.01  segF1@50=0.25
[s4][epoch 39/50] loss=0.4432  val_acc=0.8554  macroF1=0.6917  edit=40.72  segF1@50=0.32
[s4][epoch 40/50] loss=0.4802  val_acc=0.8614  macroF1=0.6333  edit=35.47  segF1@50=0.26
[s4][epoch 41/50] loss=0.5233  val_acc=0.8211  macroF1=0.6571  edit=36.99  segF1@50=0.28
[s4][epoch 42/50] loss=0.4492  val_acc=0.8700  macroF1=0.6875  edit=36.14  segF1@50=0.28
[s4][epoch 43/50] loss=0.3997  val_acc=0.8614  macroF1=0.6920  edit=38.70  segF1@50=0.30
[s4][epoch 44/50] loss=0.3797  val_acc=0.8488  macroF1=0.6827  edit=36.25  segF1@50=0.30
[s4][epoch 45/50] loss=0.3673  val_acc=0.8667  macroF1=0.7061  edit=38.44  segF1@50=0.31
[s4][epoch 46/50] loss=0.3521  val_acc=0.8686  macroF1=0.7006  edit=34.86  segF1@50=0.28
[s4][epoch 47/50] loss=0.3446  val_acc=0.8653  macroF1=0.7131  edit=37.00  segF1@50=0.31
[s4][epoch 48/50] loss=0.3314  val_acc=0.8667  macroF1=0.7022  edit=39.62  segF1@50=0.32
[s4][epoch 49/50] loss=0.3268  val_acc=0.8667  macroF1=0.7178  edit=35.87  segF1@50=0.32
[s4][epoch 50/50] loss=0.3156  val_acc=0.8667  macroF1=0.7129  edit=40.10  segF1@50=0.34
[s4] best @epoch 42: acc=0.8700 macroF1=0.6875
[s4] evidence written -> /home/ubuntu/slocal/m2/experiments/phase1/s4_phase_baseline_031_frozen_tecno_phase_baseline_seed123
