[s4] train clips=13  val clips=3  classes=9  device=cuda
[s4] evidence dir: /home/ubuntu/slocal/m2/experiments/phase1/s4_phase_baseline_021_frozen_tecno_phase_baseline_seed456
[s4][epoch 1/50] loss=3.6838  val_acc=0.3650  macroF1=0.0767  edit=2.67  segF1@50=0.17
[s4][epoch 2/50] loss=2.9049  val_acc=0.3340  macroF1=0.0715  edit=9.67  segF1@50=0.00
[s4][epoch 3/50] loss=2.7199  val_acc=0.4376  macroF1=0.1391  edit=2.67  segF1@50=0.00
[s4][epoch 4/50] loss=2.6567  val_acc=0.3604  macroF1=0.0986  edit=5.33  segF1@50=0.00
[s4][epoch 5/50] loss=2.4232  val_acc=0.6356  macroF1=0.2187  edit=23.00  segF1@50=0.02
[s4][epoch 6/50] loss=2.2089  val_acc=0.3446  macroF1=0.0801  edit=24.33  segF1@50=0.00
[s4][epoch 7/50] loss=2.3780  val_acc=0.3366  macroF1=0.0737  edit=19.00  segF1@50=0.00
[s4][epoch 8/50] loss=2.0275  val_acc=0.6244  macroF1=0.2093  edit=34.12  segF1@50=0.26
[s4][epoch 9/50] loss=1.7813  val_acc=0.4383  macroF1=0.1407  edit=20.33  segF1@50=0.02
[s4][epoch 10/50] loss=1.9470  val_acc=0.6053  macroF1=0.2098  edit=24.70  segF1@50=0.02
[s4][epoch 11/50] loss=1.7201  val_acc=0.6772  macroF1=0.2375  edit=48.43  segF1@50=0.09
[s4][epoch 12/50] loss=1.4793  val_acc=0.6469  macroF1=0.2399  edit=45.77  segF1@50=0.12
[s4][epoch 13/50] loss=1.3515  val_acc=0.6244  macroF1=0.2515  edit=49.33  segF1@50=0.14
[s4][epoch 14/50] loss=1.2690  val_acc=0.7419  macroF1=0.3796  edit=25.12  segF1@50=0.13
[s4][epoch 15/50] loss=1.1989  val_acc=0.6878  macroF1=0.3550  edit=29.57  segF1@50=0.19
[s4][epoch 16/50] loss=1.1244  val_acc=0.7875  macroF1=0.4446  edit=42.67  segF1@50=0.37
[s4][epoch 17/50] loss=1.0553  val_acc=0.7564  macroF1=0.3954  edit=27.47  segF1@50=0.22
[s4][epoch 18/50] loss=1.0373  val_acc=0.7056  macroF1=0.3766  edit=19.30  segF1@50=0.10
[s4][epoch 19/50] loss=0.9785  val_acc=0.7762  macroF1=0.4981  edit=23.02  segF1@50=0.16
[s4][epoch 20/50] loss=1.0605  val_acc=0.8119  macroF1=0.4640  edit=32.00  segF1@50=0.26
[s4][epoch 21/50] loss=0.9734  val_acc=0.7696  macroF1=0.3706  edit=28.03  segF1@50=0.18
[s4][epoch 22/50] loss=0.8886  val_acc=0.7360  macroF1=0.4469  edit=21.27  segF1@50=0.09
[s4][epoch 23/50] loss=0.8192  val_acc=0.8284  macroF1=0.5567  edit=30.96  segF1@50=0.20
[s4][epoch 24/50] loss=0.7634  val_acc=0.8053  macroF1=0.5889  edit=19.29  segF1@50=0.12
[s4][epoch 25/50] loss=0.7073  val_acc=0.8442  macroF1=0.6279  edit=30.70  segF1@50=0.26
[s4][epoch 26/50] loss=0.6878  val_acc=0.8832  macroF1=0.6428  edit=21.84  segF1@50=0.34
[s4][epoch 27/50] loss=0.6735  val_acc=0.8475  macroF1=0.6522  edit=32.23  segF1@50=0.23
[s4][epoch 28/50] loss=0.6228  val_acc=0.8620  macroF1=0.6281  edit=29.56  segF1@50=0.26
[s4][epoch 29/50] loss=0.6126  val_acc=0.8673  macroF1=0.6225  edit=35.35  segF1@50=0.34
[s4][epoch 30/50] loss=0.6111  val_acc=0.8799  macroF1=0.6839  edit=36.75  segF1@50=0.30
[s4][epoch 31/50] loss=0.7510  val_acc=0.8132  macroF1=0.5740  edit=36.67  segF1@50=0.29
[s4][epoch 32/50] loss=0.6421  val_acc=0.8462  macroF1=0.5925  edit=30.71  segF1@50=0.23
[s4][epoch 33/50] loss=0.5925  val_acc=0.8521  macroF1=0.6727  edit=34.11  segF1@50=0.29
[s4][epoch 34/50] loss=0.5461  val_acc=0.8561  macroF1=0.6270  edit=33.94  segF1@50=0.31
[s4][epoch 35/50] loss=0.4998  val_acc=0.8634  macroF1=0.6429  edit=33.49  segF1@50=0.26
[s4][epoch 36/50] loss=0.4772  val_acc=0.8587  macroF1=0.6343  edit=33.37  segF1@50=0.27
[s4][epoch 37/50] loss=0.4560  val_acc=0.8713  macroF1=0.6506  edit=35.05  segF1@50=0.31
[s4][epoch 38/50] loss=0.4438  val_acc=0.8719  macroF1=0.6844  edit=37.06  segF1@50=0.29
[s4][epoch 39/50] loss=0.4318  val_acc=0.8805  macroF1=0.6819  edit=34.46  segF1@50=0.30
[s4][epoch 40/50] loss=0.4229  val_acc=0.8746  macroF1=0.6504  edit=35.56  segF1@50=0.30
[s4][epoch 41/50] loss=0.4114  val_acc=0.8878  macroF1=0.6896  edit=38.62  segF1@50=0.33
[s4][epoch 42/50] loss=0.5003  val_acc=0.8917  macroF1=0.6919  edit=44.00  segF1@50=0.41
[s4][epoch 43/50] loss=0.5437  val_acc=0.8957  macroF1=0.6663  edit=36.61  segF1@50=0.32
[s4][epoch 44/50] loss=0.4783  val_acc=0.8825  macroF1=0.6510  edit=42.76  segF1@50=0.41
[s4][epoch 45/50] loss=0.4291  val_acc=0.8785  macroF1=0.6997  edit=34.83  segF1@50=0.27
[s4][epoch 46/50] loss=0.4085  val_acc=0.8759  macroF1=0.6372  edit=37.13  segF1@50=0.32
[s4][epoch 47/50] loss=0.3923  val_acc=0.8924  macroF1=0.6980  edit=45.66  segF1@50=0.43
[s4][epoch 48/50] loss=0.4157  val_acc=0.8488  macroF1=0.6227  edit=33.18  segF1@50=0.26
[s4][epoch 49/50] loss=0.4435  val_acc=0.8403  macroF1=0.6630  edit=38.07  segF1@50=0.34
[s4][epoch 50/50] loss=0.4102  val_acc=0.8818  macroF1=0.6525  edit=33.36  segF1@50=0.30
[s4] best @epoch 43: acc=0.8957 macroF1=0.6663
[s4] evidence written -> /home/ubuntu/slocal/m2/experiments/phase1/s4_phase_baseline_021_frozen_tecno_phase_baseline_seed456
