[s4] train clips=13  val clips=3  classes=9  device=cuda
[s4] evidence dir: /home/ubuntu/slocal/m2/experiments/phase1/s4_phase_baseline_019_frozen_tecno_phase_baseline_seed123
[s4][epoch 1/50] loss=3.5574  val_acc=0.3340  macroF1=0.0715  edit=9.67  segF1@50=0.00
[s4][epoch 2/50] loss=3.0516  val_acc=0.3677  macroF1=0.0768  edit=18.00  segF1@50=0.22
[s4][epoch 3/50] loss=2.7788  val_acc=0.3340  macroF1=0.0715  edit=9.67  segF1@50=0.00
[s4][epoch 4/50] loss=2.6327  val_acc=0.4587  macroF1=0.1431  edit=20.67  segF1@50=0.17
[s4][epoch 5/50] loss=2.4838  val_acc=0.4686  macroF1=0.1434  edit=27.33  segF1@50=0.24
[s4][epoch 6/50] loss=2.2267  val_acc=0.6561  macroF1=0.2199  edit=39.67  segF1@50=0.22
[s4][epoch 7/50] loss=2.1090  val_acc=0.5023  macroF1=0.1714  edit=27.67  segF1@50=0.01
[s4][epoch 8/50] loss=1.9310  val_acc=0.6561  macroF1=0.2240  edit=34.11  segF1@50=0.17
[s4][epoch 9/50] loss=1.6967  val_acc=0.6092  macroF1=0.2024  edit=30.67  segF1@50=0.22
[s4][epoch 10/50] loss=1.8406  val_acc=0.6370  macroF1=0.2189  edit=39.67  segF1@50=0.19
[s4][epoch 11/50] loss=1.6244  val_acc=0.6059  macroF1=0.2119  edit=38.33  segF1@50=0.12
[s4][epoch 12/50] loss=1.4707  val_acc=0.6317  macroF1=0.2519  edit=41.76  segF1@50=0.16
[s4][epoch 13/50] loss=1.3918  val_acc=0.6370  macroF1=0.2758  edit=25.72  segF1@50=0.14
[s4][epoch 14/50] loss=1.2806  val_acc=0.6858  macroF1=0.3021  edit=32.67  segF1@50=0.22
[s4][epoch 15/50] loss=1.2511  val_acc=0.6825  macroF1=0.3209  edit=34.54  segF1@50=0.21
[s4][epoch 16/50] loss=1.1426  val_acc=0.6884  macroF1=0.3542  edit=23.25  segF1@50=0.13
[s4][epoch 17/50] loss=1.0903  val_acc=0.7677  macroF1=0.4866  edit=30.07  segF1@50=0.19
[s4][epoch 18/50] loss=0.9898  val_acc=0.7584  macroF1=0.3976  edit=26.34  segF1@50=0.16
[s4][epoch 19/50] loss=0.9174  val_acc=0.7597  macroF1=0.3995  edit=32.56  segF1@50=0.19
[s4][epoch 20/50] loss=0.8683  val_acc=0.8152  macroF1=0.5086  edit=31.43  segF1@50=0.22
[s4][epoch 21/50] loss=0.8108  val_acc=0.7993  macroF1=0.5194  edit=27.11  segF1@50=0.24
[s4][epoch 22/50] loss=0.8008  val_acc=0.8218  macroF1=0.5489  edit=29.04  segF1@50=0.23
[s4][epoch 23/50] loss=0.7462  val_acc=0.8053  macroF1=0.5460  edit=28.70  segF1@50=0.24
[s4][epoch 24/50] loss=0.7199  val_acc=0.7914  macroF1=0.5515  edit=39.77  segF1@50=0.29
[s4][epoch 25/50] loss=0.7559  val_acc=0.8092  macroF1=0.5517  edit=38.76  segF1@50=0.40
[s4][epoch 26/50] loss=0.7092  val_acc=0.8000  macroF1=0.5593  edit=29.97  segF1@50=0.23
[s4][epoch 27/50] loss=0.6362  val_acc=0.8429  macroF1=0.6023  edit=34.00  segF1@50=0.32
[s4][epoch 28/50] loss=0.7293  val_acc=0.8455  macroF1=0.5953  edit=37.43  segF1@50=0.35
[s4][epoch 29/50] loss=0.6709  val_acc=0.8812  macroF1=0.6454  edit=45.39  segF1@50=0.40
[s4][epoch 30/50] loss=0.6557  val_acc=0.8106  macroF1=0.6266  edit=23.25  segF1@50=0.12
[s4][epoch 31/50] loss=0.5939  val_acc=0.8594  macroF1=0.6886  edit=28.36  segF1@50=0.22
[s4][epoch 32/50] loss=0.5973  val_acc=0.8818  macroF1=0.6550  edit=36.80  segF1@50=0.31
[s4][epoch 33/50] loss=0.5532  val_acc=0.8488  macroF1=0.6735  edit=33.80  segF1@50=0.29
[s4][epoch 34/50] loss=0.5775  val_acc=0.8587  macroF1=0.6263  edit=34.62  segF1@50=0.29
[s4][epoch 35/50] loss=0.5036  val_acc=0.8719  macroF1=0.6870  edit=32.51  segF1@50=0.31
[s4][epoch 36/50] loss=0.4831  val_acc=0.8739  macroF1=0.6617  edit=34.68  segF1@50=0.29
[s4][epoch 37/50] loss=0.4482  val_acc=0.8858  macroF1=0.6883  edit=39.11  segF1@50=0.34
[s4][epoch 38/50] loss=0.4328  val_acc=0.8904  macroF1=0.6785  edit=37.78  segF1@50=0.34
[s4][epoch 39/50] loss=0.4263  val_acc=0.8620  macroF1=0.6936  edit=37.54  segF1@50=0.31
[s4][epoch 40/50] loss=0.4764  val_acc=0.8805  macroF1=0.6318  edit=37.46  segF1@50=0.34
[s4][epoch 41/50] loss=0.5389  val_acc=0.8376  macroF1=0.6396  edit=35.55  segF1@50=0.32
[s4][epoch 42/50] loss=0.4546  val_acc=0.8871  macroF1=0.6563  edit=37.17  segF1@50=0.32
[s4][epoch 43/50] loss=0.4078  val_acc=0.8845  macroF1=0.6969  edit=37.04  segF1@50=0.31
[s4][epoch 44/50] loss=0.3933  val_acc=0.8812  macroF1=0.6831  edit=38.54  segF1@50=0.31
[s4][epoch 45/50] loss=0.3802  val_acc=0.8865  macroF1=0.6878  edit=37.11  segF1@50=0.31
[s4][epoch 46/50] loss=0.3654  val_acc=0.8647  macroF1=0.6701  edit=38.29  segF1@50=0.29
[s4][epoch 47/50] loss=0.3541  val_acc=0.8911  macroF1=0.6947  edit=38.44  segF1@50=0.32
[s4][epoch 48/50] loss=0.3474  val_acc=0.8898  macroF1=0.6966  edit=38.54  segF1@50=0.34
[s4][epoch 49/50] loss=0.3390  val_acc=0.8719  macroF1=0.6866  edit=37.00  segF1@50=0.30
[s4][epoch 50/50] loss=0.3337  val_acc=0.8878  macroF1=0.6965  edit=39.03  segF1@50=0.37
[s4] best @epoch 47: acc=0.8911 macroF1=0.6947
[s4] evidence written -> /home/ubuntu/slocal/m2/experiments/phase1/s4_phase_baseline_019_frozen_tecno_phase_baseline_seed123
