[s4] train clips=13  val clips=3  classes=9  device=cuda
[s4] evidence dir: /home/ubuntu/slocal/m2/experiments/phase1/s4_phase_baseline_017_frozen_tecno_phase_baseline_seed42
[s4][epoch 1/50] loss=3.7097  val_acc=0.5056  macroF1=0.1616  edit=33.70  segF1@50=0.24
[s4][epoch 2/50] loss=2.8804  val_acc=0.4495  macroF1=0.1341  edit=20.67  segF1@50=0.25
[s4][epoch 3/50] loss=2.7392  val_acc=0.3677  macroF1=0.0768  edit=18.00  segF1@50=0.22
[s4][epoch 4/50] loss=2.5442  val_acc=0.6290  macroF1=0.2128  edit=36.43  segF1@50=0.20
[s4][epoch 5/50] loss=2.6283  val_acc=0.3677  macroF1=0.0768  edit=18.00  segF1@50=0.22
[s4][epoch 6/50] loss=2.2716  val_acc=0.6746  macroF1=0.2271  edit=38.33  segF1@50=0.18
[s4][epoch 7/50] loss=1.9334  val_acc=0.5314  macroF1=0.1826  edit=38.79  segF1@50=0.18
[s4][epoch 8/50] loss=1.6857  val_acc=0.4653  macroF1=0.1542  edit=26.71  segF1@50=0.02
[s4][epoch 9/50] loss=1.6117  val_acc=0.5399  macroF1=0.1858  edit=39.67  segF1@50=0.18
[s4][epoch 10/50] loss=1.5420  val_acc=0.6739  macroF1=0.2280  edit=44.67  segF1@50=0.24
[s4][epoch 11/50] loss=1.5225  val_acc=0.6026  macroF1=0.2141  edit=43.90  segF1@50=0.18
[s4][epoch 12/50] loss=1.3574  val_acc=0.5795  macroF1=0.2408  edit=27.61  segF1@50=0.12
[s4][epoch 13/50] loss=1.3116  val_acc=0.7122  macroF1=0.3801  edit=23.61  segF1@50=0.06
[s4][epoch 14/50] loss=1.2525  val_acc=0.6924  macroF1=0.3567  edit=24.72  segF1@50=0.17
[s4][epoch 15/50] loss=1.2180  val_acc=0.7168  macroF1=0.3247  edit=21.00  segF1@50=0.23
[s4][epoch 16/50] loss=1.2331  val_acc=0.6634  macroF1=0.3058  edit=24.61  segF1@50=0.16
[s4][epoch 17/50] loss=1.0806  val_acc=0.7729  macroF1=0.4258  edit=27.43  segF1@50=0.22
[s4][epoch 18/50] loss=0.9611  val_acc=0.8079  macroF1=0.5598  edit=35.85  segF1@50=0.29
[s4][epoch 19/50] loss=0.9048  val_acc=0.7828  macroF1=0.5708  edit=24.28  segF1@50=0.14
[s4][epoch 20/50] loss=0.8679  val_acc=0.8040  macroF1=0.5765  edit=31.62  segF1@50=0.25
[s4][epoch 21/50] loss=0.7992  val_acc=0.8449  macroF1=0.6066  edit=31.76  segF1@50=0.28
[s4][epoch 22/50] loss=0.7397  val_acc=0.8482  macroF1=0.6238  edit=30.00  segF1@50=0.24
[s4][epoch 23/50] loss=0.7060  val_acc=0.8627  macroF1=0.6427  edit=27.10  segF1@50=0.23
[s4][epoch 24/50] loss=0.6865  val_acc=0.8640  macroF1=0.6406  edit=32.78  segF1@50=0.27
[s4][epoch 25/50] loss=0.6539  val_acc=0.8475  macroF1=0.6181  edit=34.22  segF1@50=0.29
[s4][epoch 26/50] loss=0.6081  val_acc=0.8746  macroF1=0.6395  edit=33.70  segF1@50=0.28
[s4][epoch 27/50] loss=0.5903  val_acc=0.8640  macroF1=0.6348  edit=28.22  segF1@50=0.28
[s4][epoch 28/50] loss=0.5785  val_acc=0.8706  macroF1=0.6768  edit=30.42  segF1@50=0.25
[s4][epoch 29/50] loss=0.5436  val_acc=0.8818  macroF1=0.6408  edit=38.73  segF1@50=0.40
[s4][epoch 30/50] loss=0.5509  val_acc=0.8581  macroF1=0.6866  edit=34.41  segF1@50=0.29
[s4][epoch 31/50] loss=0.5531  val_acc=0.8970  macroF1=0.6572  edit=38.76  segF1@50=0.39
[s4][epoch 32/50] loss=0.5685  val_acc=0.8660  macroF1=0.6605  edit=33.89  segF1@50=0.27
[s4][epoch 33/50] loss=0.5011  val_acc=0.8911  macroF1=0.6920  edit=36.02  segF1@50=0.30
[s4][epoch 34/50] loss=0.4631  val_acc=0.8865  macroF1=0.6811  edit=40.85  segF1@50=0.35
[s4][epoch 35/50] loss=0.4471  val_acc=0.8871  macroF1=0.6984  edit=37.04  segF1@50=0.32
[s4][epoch 36/50] loss=0.4254  val_acc=0.8693  macroF1=0.6756  edit=36.13  segF1@50=0.26
[s4][epoch 37/50] loss=0.4216  val_acc=0.8904  macroF1=0.7218  edit=38.43  segF1@50=0.34
[s4][epoch 38/50] loss=0.4174  val_acc=0.8970  macroF1=0.6897  edit=41.85  segF1@50=0.41
[s4][epoch 39/50] loss=0.4089  val_acc=0.8772  macroF1=0.6858  edit=36.95  segF1@50=0.34
[s4][epoch 40/50] loss=0.4028  val_acc=0.8594  macroF1=0.6819  edit=34.57  segF1@50=0.32
[s4][epoch 41/50] loss=0.4044  val_acc=0.8865  macroF1=0.6720  edit=39.87  segF1@50=0.33
[s4][epoch 42/50] loss=0.4240  val_acc=0.8607  macroF1=0.6847  edit=35.67  segF1@50=0.32
[s4][epoch 43/50] loss=0.3782  val_acc=0.8607  macroF1=0.7003  edit=29.52  segF1@50=0.25
[s4][epoch 44/50] loss=0.3990  val_acc=0.8152  macroF1=0.6474  edit=23.60  segF1@50=0.10
[s4][epoch 45/50] loss=0.4314  val_acc=0.8673  macroF1=0.7307  edit=31.51  segF1@50=0.29
[s4][epoch 46/50] loss=0.4739  val_acc=0.8944  macroF1=0.6723  edit=43.30  segF1@50=0.36
[s4][epoch 47/50] loss=0.4052  val_acc=0.8713  macroF1=0.6729  edit=43.33  segF1@50=0.42
[s4][epoch 48/50] loss=0.3856  val_acc=0.8601  macroF1=0.6434  edit=38.29  segF1@50=0.32
[s4][epoch 49/50] loss=0.3688  val_acc=0.8607  macroF1=0.7011  edit=26.97  segF1@50=0.18
[s4][epoch 50/50] loss=0.4033  val_acc=0.8574  macroF1=0.6945  edit=33.03  segF1@50=0.29
[s4] best @epoch 31: acc=0.8970 macroF1=0.6572
[s4] evidence written -> /home/ubuntu/slocal/m2/experiments/phase1/s4_phase_baseline_017_frozen_tecno_phase_baseline_seed42
