[s4] train clips=13  val clips=3  classes=9  device=cuda
[s4] evidence dir: /home/ubuntu/slocal/m2/experiments/phase1/s4_phase_baseline_029_frozen_tecno_phase_baseline_seed42
[s4][epoch 1/50] loss=3.7193  val_acc=0.4713  macroF1=0.1450  edit=32.67  segF1@50=0.24
[s4][epoch 2/50] loss=2.8795  val_acc=0.4495  macroF1=0.1341  edit=20.67  segF1@50=0.25
[s4][epoch 3/50] loss=2.7371  val_acc=0.3677  macroF1=0.0768  edit=18.00  segF1@50=0.22
[s4][epoch 4/50] loss=2.5427  val_acc=0.6218  macroF1=0.2103  edit=33.89  segF1@50=0.19
[s4][epoch 5/50] loss=2.6160  val_acc=0.3677  macroF1=0.0768  edit=18.00  segF1@50=0.22
[s4][epoch 6/50] loss=2.2419  val_acc=0.6627  macroF1=0.2238  edit=35.67  segF1@50=0.21
[s4][epoch 7/50] loss=1.9043  val_acc=0.4851  macroF1=0.1635  edit=38.58  segF1@50=0.18
[s4][epoch 8/50] loss=1.6672  val_acc=0.4548  macroF1=0.1490  edit=23.52  segF1@50=0.00
[s4][epoch 9/50] loss=1.5465  val_acc=0.5360  macroF1=0.1840  edit=34.76  segF1@50=0.18
[s4][epoch 10/50] loss=1.4758  val_acc=0.6317  macroF1=0.2316  edit=44.79  segF1@50=0.19
[s4][epoch 11/50] loss=1.4471  val_acc=0.6172  macroF1=0.2439  edit=36.11  segF1@50=0.12
[s4][epoch 12/50] loss=1.3003  val_acc=0.5716  macroF1=0.2691  edit=43.78  segF1@50=0.17
[s4][epoch 13/50] loss=1.2259  val_acc=0.6416  macroF1=0.3386  edit=22.15  segF1@50=0.14
[s4][epoch 14/50] loss=1.1519  val_acc=0.6601  macroF1=0.3512  edit=22.21  segF1@50=0.14
[s4][epoch 15/50] loss=1.0960  val_acc=0.7762  macroF1=0.4177  edit=30.22  segF1@50=0.21
[s4][epoch 16/50] loss=1.0262  val_acc=0.7215  macroF1=0.3809  edit=23.00  segF1@50=0.14
[s4][epoch 17/50] loss=0.9316  val_acc=0.7663  macroF1=0.5107  edit=23.51  segF1@50=0.16
[s4][epoch 18/50] loss=0.8900  val_acc=0.8099  macroF1=0.5809  edit=28.84  segF1@50=0.22
[s4][epoch 19/50] loss=0.9712  val_acc=0.7650  macroF1=0.6402  edit=25.33  segF1@50=0.11
[s4][epoch 20/50] loss=1.0836  val_acc=0.5116  macroF1=0.3302  edit=16.86  segF1@50=0.05
[s4][epoch 21/50] loss=0.9856  val_acc=0.8502  macroF1=0.6314  edit=35.41  segF1@50=0.28
[s4][epoch 22/50] loss=0.8344  val_acc=0.8997  macroF1=0.6684  edit=31.50  segF1@50=0.35
[s4][epoch 23/50] loss=0.8059  val_acc=0.8370  macroF1=0.6387  edit=33.67  segF1@50=0.25
[s4][epoch 24/50] loss=0.6752  val_acc=0.8429  macroF1=0.6555  edit=31.62  segF1@50=0.26
[s4][epoch 25/50] loss=0.6478  val_acc=0.8686  macroF1=0.6507  edit=34.22  segF1@50=0.29
[s4][epoch 26/50] loss=0.6307  val_acc=0.8469  macroF1=0.6350  edit=30.70  segF1@50=0.25
[s4][epoch 27/50] loss=0.6860  val_acc=0.7934  macroF1=0.5864  edit=41.43  segF1@50=0.34
[s4][epoch 28/50] loss=0.7584  val_acc=0.7650  macroF1=0.5401  edit=46.19  segF1@50=0.35
[s4][epoch 29/50] loss=0.7852  val_acc=0.7498  macroF1=0.5921  edit=41.06  segF1@50=0.36
[s4][epoch 30/50] loss=0.7072  val_acc=0.8086  macroF1=0.6233  edit=35.33  segF1@50=0.29
[s4][epoch 31/50] loss=0.5699  val_acc=0.8647  macroF1=0.6811  edit=38.64  segF1@50=0.32
[s4][epoch 32/50] loss=0.5553  val_acc=0.8277  macroF1=0.6637  edit=27.52  segF1@50=0.24
[s4][epoch 33/50] loss=0.5207  val_acc=0.8502  macroF1=0.6858  edit=38.71  segF1@50=0.31
[s4][epoch 34/50] loss=0.4858  val_acc=0.8634  macroF1=0.6965  edit=34.29  segF1@50=0.29
[s4][epoch 35/50] loss=0.4608  val_acc=0.8389  macroF1=0.6741  edit=33.59  segF1@50=0.28
[s4][epoch 36/50] loss=0.4476  val_acc=0.8502  macroF1=0.6913  edit=33.00  segF1@50=0.27
[s4][epoch 37/50] loss=0.4342  val_acc=0.8581  macroF1=0.6948  edit=35.62  segF1@50=0.30
[s4][epoch 38/50] loss=0.4206  val_acc=0.8686  macroF1=0.7066  edit=35.95  segF1@50=0.30
[s4][epoch 39/50] loss=0.4064  val_acc=0.8620  macroF1=0.7007  edit=33.00  segF1@50=0.27
[s4][epoch 40/50] loss=0.3965  val_acc=0.8719  macroF1=0.7155  edit=37.29  segF1@50=0.31
[s4][epoch 41/50] loss=0.3920  val_acc=0.8706  macroF1=0.7135  edit=38.76  segF1@50=0.30
[s4][epoch 42/50] loss=0.3790  val_acc=0.8667  macroF1=0.7121  edit=33.89  segF1@50=0.30
[s4][epoch 43/50] loss=0.3709  val_acc=0.8693  macroF1=0.7045  edit=35.27  segF1@50=0.28
[s4][epoch 44/50] loss=0.3646  val_acc=0.8574  macroF1=0.7094  edit=34.17  segF1@50=0.30
[s4][epoch 45/50] loss=0.3680  val_acc=0.8759  macroF1=0.7340  edit=33.80  segF1@50=0.28
[s4][epoch 46/50] loss=0.3633  val_acc=0.8851  macroF1=0.6989  edit=37.70  segF1@50=0.29
[s4][epoch 47/50] loss=0.3657  val_acc=0.8607  macroF1=0.7138  edit=40.61  segF1@50=0.33
[s4][epoch 48/50] loss=0.3811  val_acc=0.8389  macroF1=0.6781  edit=29.37  segF1@50=0.27
[s4][epoch 49/50] loss=0.3833  val_acc=0.8752  macroF1=0.7150  edit=42.16  segF1@50=0.42
[s4][epoch 50/50] loss=0.3628  val_acc=0.8726  macroF1=0.6888  edit=34.34  segF1@50=0.29
[s4] best @epoch 22: acc=0.8997 macroF1=0.6684
[s4] evidence written -> /home/ubuntu/slocal/m2/experiments/phase1/s4_phase_baseline_029_frozen_tecno_phase_baseline_seed42
