[s4] train clips=13  val clips=3  classes=9  device=cuda
[s4] evidence dir: /home/ubuntu/slocal/m2/experiments/phase1/s4_phase_baseline_027_frozen_tecno_phase_baseline_seed456
[s4][epoch 1/50] loss=3.6834  val_acc=0.3650  macroF1=0.0767  edit=2.67  segF1@50=0.17
[s4][epoch 2/50] loss=2.9060  val_acc=0.3340  macroF1=0.0715  edit=9.67  segF1@50=0.00
[s4][epoch 3/50] loss=2.7089  val_acc=0.4376  macroF1=0.1391  edit=2.67  segF1@50=0.00
[s4][epoch 4/50] loss=2.6458  val_acc=0.3657  macroF1=0.1020  edit=7.00  segF1@50=0.00
[s4][epoch 5/50] loss=2.4033  val_acc=0.6370  macroF1=0.2191  edit=21.67  segF1@50=0.02
[s4][epoch 6/50] loss=2.2013  val_acc=0.3366  macroF1=0.0737  edit=19.00  segF1@50=0.00
[s4][epoch 7/50] loss=2.3773  val_acc=0.3340  macroF1=0.0715  edit=9.67  segF1@50=0.00
[s4][epoch 8/50] loss=2.0246  val_acc=0.6066  macroF1=0.2016  edit=34.25  segF1@50=0.25
[s4][epoch 9/50] loss=1.8098  val_acc=0.3459  macroF1=0.0811  edit=21.67  segF1@50=0.00
[s4][epoch 10/50] loss=1.9710  val_acc=0.6442  macroF1=0.2222  edit=31.00  segF1@50=0.13
[s4][epoch 11/50] loss=1.6370  val_acc=0.6739  macroF1=0.2404  edit=42.44  segF1@50=0.17
[s4][epoch 12/50] loss=1.4224  val_acc=0.6079  macroF1=0.2275  edit=52.20  segF1@50=0.16
[s4][epoch 13/50] loss=1.3124  val_acc=0.6488  macroF1=0.2520  edit=55.11  segF1@50=0.25
[s4][epoch 14/50] loss=1.2440  val_acc=0.7023  macroF1=0.3799  edit=23.64  segF1@50=0.16
[s4][epoch 15/50] loss=1.1832  val_acc=0.7531  macroF1=0.3945  edit=27.18  segF1@50=0.23
[s4][epoch 16/50] loss=1.1249  val_acc=0.7802  macroF1=0.4354  edit=28.29  segF1@50=0.12
[s4][epoch 17/50] loss=1.0435  val_acc=0.6944  macroF1=0.3666  edit=22.79  segF1@50=0.17
[s4][epoch 18/50] loss=0.9761  val_acc=0.7109  macroF1=0.3880  edit=21.71  segF1@50=0.12
[s4][epoch 19/50] loss=0.9204  val_acc=0.7366  macroF1=0.4400  edit=17.23  segF1@50=0.07
[s4][epoch 20/50] loss=0.9471  val_acc=0.7914  macroF1=0.4547  edit=31.81  segF1@50=0.23
[s4][epoch 21/50] loss=0.8801  val_acc=0.7432  macroF1=0.4192  edit=29.72  segF1@50=0.24
[s4][epoch 22/50] loss=0.8094  val_acc=0.7155  macroF1=0.4555  edit=23.67  segF1@50=0.09
[s4][epoch 23/50] loss=0.7644  val_acc=0.7663  macroF1=0.4848  edit=22.14  segF1@50=0.11
[s4][epoch 24/50] loss=0.7153  val_acc=0.8132  macroF1=0.5779  edit=32.25  segF1@50=0.22
[s4][epoch 25/50] loss=0.6822  val_acc=0.8290  macroF1=0.6543  edit=30.89  segF1@50=0.25
[s4][epoch 26/50] loss=0.7014  val_acc=0.8548  macroF1=0.6598  edit=32.13  segF1@50=0.27
[s4][epoch 27/50] loss=0.6917  val_acc=0.8785  macroF1=0.6681  edit=30.67  segF1@50=0.33
[s4][epoch 28/50] loss=0.6562  val_acc=0.8766  macroF1=0.6586  edit=25.56  segF1@50=0.33
[s4][epoch 29/50] loss=0.6452  val_acc=0.8257  macroF1=0.6628  edit=34.81  segF1@50=0.30
[s4][epoch 30/50] loss=0.5825  val_acc=0.8198  macroF1=0.6509  edit=16.43  segF1@50=0.12
[s4][epoch 31/50] loss=0.5866  val_acc=0.8726  macroF1=0.6542  edit=33.21  segF1@50=0.30
[s4][epoch 32/50] loss=0.5877  val_acc=0.8812  macroF1=0.6468  edit=37.07  segF1@50=0.29
[s4][epoch 33/50] loss=0.6576  val_acc=0.8403  macroF1=0.6724  edit=26.06  segF1@50=0.25
[s4][epoch 34/50] loss=0.5955  val_acc=0.7393  macroF1=0.5610  edit=30.61  segF1@50=0.26
[s4][epoch 35/50] loss=0.5395  val_acc=0.8356  macroF1=0.6444  edit=36.89  segF1@50=0.31
[s4][epoch 36/50] loss=0.5250  val_acc=0.8607  macroF1=0.6667  edit=29.35  segF1@50=0.27
[s4][epoch 37/50] loss=0.4848  val_acc=0.8000  macroF1=0.6179  edit=32.25  segF1@50=0.27
[s4][epoch 38/50] loss=0.4848  val_acc=0.8614  macroF1=0.6106  edit=33.78  segF1@50=0.27
[s4][epoch 39/50] loss=0.4748  val_acc=0.8521  macroF1=0.6908  edit=28.04  segF1@50=0.19
[s4][epoch 40/50] loss=0.4830  val_acc=0.8568  macroF1=0.6857  edit=39.78  segF1@50=0.35
[s4][epoch 41/50] loss=0.4661  val_acc=0.8502  macroF1=0.6151  edit=34.70  segF1@50=0.25
[s4][epoch 42/50] loss=0.4669  val_acc=0.8667  macroF1=0.6736  edit=33.70  segF1@50=0.27
[s4][epoch 43/50] loss=0.4152  val_acc=0.8627  macroF1=0.6852  edit=44.48  segF1@50=0.41
[s4][epoch 44/50] loss=0.3996  val_acc=0.8713  macroF1=0.6883  edit=31.84  segF1@50=0.29
[s4][epoch 45/50] loss=0.3844  val_acc=0.8667  macroF1=0.6919  edit=39.56  segF1@50=0.32
[s4][epoch 46/50] loss=0.3760  val_acc=0.8700  macroF1=0.6936  edit=33.22  segF1@50=0.29
[s4][epoch 47/50] loss=0.3755  val_acc=0.8772  macroF1=0.7219  edit=35.17  segF1@50=0.32
[s4][epoch 48/50] loss=0.3707  val_acc=0.8515  macroF1=0.6780  edit=32.83  segF1@50=0.26
[s4][epoch 49/50] loss=0.3561  val_acc=0.8449  macroF1=0.6694  edit=33.00  segF1@50=0.26
[s4][epoch 50/50] loss=0.3457  val_acc=0.8911  macroF1=0.7205  edit=40.25  segF1@50=0.38
[s4] best @epoch 50: acc=0.8911 macroF1=0.7205
[s4] evidence written -> /home/ubuntu/slocal/m2/experiments/phase1/s4_phase_baseline_027_frozen_tecno_phase_baseline_seed456
