[s4] train clips=13  val clips=3  classes=9  device=cuda
[s4] evidence dir: /home/ubuntu/slocal/m2/experiments/phase1/s4_phase_baseline_033_frozen_tecno_phase_baseline_seed456
[s4][epoch 1/50] loss=3.6786  val_acc=0.3650  macroF1=0.0767  edit=2.67  segF1@50=0.17
[s4][epoch 2/50] loss=2.8975  val_acc=0.3340  macroF1=0.0715  edit=9.67  segF1@50=0.00
[s4][epoch 3/50] loss=2.6956  val_acc=0.4376  macroF1=0.1391  edit=2.67  segF1@50=0.00
[s4][epoch 4/50] loss=2.6229  val_acc=0.4139  macroF1=0.1280  edit=17.44  segF1@50=0.00
[s4][epoch 5/50] loss=2.3703  val_acc=0.6073  macroF1=0.2104  edit=22.62  segF1@50=0.04
[s4][epoch 6/50] loss=2.1438  val_acc=0.3644  macroF1=0.0950  edit=24.33  segF1@50=0.00
[s4][epoch 7/50] loss=2.3600  val_acc=0.3340  macroF1=0.0715  edit=9.67  segF1@50=0.00
[s4][epoch 8/50] loss=2.2760  val_acc=0.5927  macroF1=0.1999  edit=32.52  segF1@50=0.24
[s4][epoch 9/50] loss=1.8912  val_acc=0.4119  macroF1=0.1259  edit=21.67  segF1@50=0.00
[s4][epoch 10/50] loss=1.8522  val_acc=0.6554  macroF1=0.2246  edit=37.00  segF1@50=0.20
[s4][epoch 11/50] loss=1.5437  val_acc=0.6284  macroF1=0.2264  edit=45.11  segF1@50=0.16
[s4][epoch 12/50] loss=1.3923  val_acc=0.5624  macroF1=0.2508  edit=24.13  segF1@50=0.15
[s4][epoch 13/50] loss=1.3200  val_acc=0.6627  macroF1=0.2736  edit=40.38  segF1@50=0.20
[s4][epoch 14/50] loss=1.2851  val_acc=0.6429  macroF1=0.3454  edit=22.61  segF1@50=0.16
[s4][epoch 15/50] loss=1.2031  val_acc=0.7168  macroF1=0.3690  edit=33.29  segF1@50=0.22
[s4][epoch 16/50] loss=1.1286  val_acc=0.7934  macroF1=0.4489  edit=42.89  segF1@50=0.38
[s4][epoch 17/50] loss=1.0351  val_acc=0.6845  macroF1=0.3704  edit=23.52  segF1@50=0.20
[s4][epoch 18/50] loss=1.0023  val_acc=0.6983  macroF1=0.3967  edit=17.01  segF1@50=0.12
[s4][epoch 19/50] loss=0.9281  val_acc=0.7571  macroF1=0.4537  edit=30.36  segF1@50=0.23
[s4][epoch 20/50] loss=0.9288  val_acc=0.7941  macroF1=0.4642  edit=29.31  segF1@50=0.24
[s4][epoch 21/50] loss=0.9025  val_acc=0.8264  macroF1=0.5782  edit=29.06  segF1@50=0.27
[s4][epoch 22/50] loss=0.8201  val_acc=0.7663  macroF1=0.5806  edit=18.91  segF1@50=0.15
[s4][epoch 23/50] loss=0.7616  val_acc=0.8119  macroF1=0.6180  edit=31.67  segF1@50=0.25
[s4][epoch 24/50] loss=0.7197  val_acc=0.8020  macroF1=0.6160  edit=15.88  segF1@50=0.14
[s4][epoch 25/50] loss=0.6796  val_acc=0.7941  macroF1=0.6418  edit=16.84  segF1@50=0.17
[s4][epoch 26/50] loss=0.7336  val_acc=0.8944  macroF1=0.6757  edit=26.16  segF1@50=0.40
[s4][epoch 27/50] loss=0.7325  val_acc=0.8693  macroF1=0.6755  edit=33.21  segF1@50=0.29
[s4][epoch 28/50] loss=0.6292  val_acc=0.8297  macroF1=0.6723  edit=37.48  segF1@50=0.30
[s4][epoch 29/50] loss=0.5873  val_acc=0.8383  macroF1=0.6726  edit=32.09  segF1@50=0.30
[s4][epoch 30/50] loss=0.5570  val_acc=0.8535  macroF1=0.6727  edit=24.80  segF1@50=0.23
[s4][epoch 31/50] loss=0.6252  val_acc=0.8092  macroF1=0.6393  edit=33.13  segF1@50=0.28
[s4][epoch 32/50] loss=0.7272  val_acc=0.8330  macroF1=0.6123  edit=34.44  segF1@50=0.27
[s4][epoch 33/50] loss=0.7053  val_acc=0.8521  macroF1=0.6725  edit=32.74  segF1@50=0.26
[s4][epoch 34/50] loss=0.5971  val_acc=0.8475  macroF1=0.6758  edit=35.72  segF1@50=0.26
[s4][epoch 35/50] loss=0.5298  val_acc=0.8548  macroF1=0.6995  edit=35.24  segF1@50=0.27
[s4][epoch 36/50] loss=0.4856  val_acc=0.8528  macroF1=0.6982  edit=32.83  segF1@50=0.27
[s4][epoch 37/50] loss=0.4623  val_acc=0.8594  macroF1=0.7048  edit=34.92  segF1@50=0.30
[s4][epoch 38/50] loss=0.4501  val_acc=0.8746  macroF1=0.7147  edit=28.64  segF1@50=0.24
[s4][epoch 39/50] loss=0.4379  val_acc=0.8640  macroF1=0.7128  edit=33.46  segF1@50=0.27
[s4][epoch 40/50] loss=0.4263  val_acc=0.8554  macroF1=0.7033  edit=37.13  segF1@50=0.29
[s4][epoch 41/50] loss=0.4085  val_acc=0.8587  macroF1=0.6942  edit=32.53  segF1@50=0.28
[s4][epoch 42/50] loss=0.4108  val_acc=0.8739  macroF1=0.7145  edit=34.99  segF1@50=0.30
[s4][epoch 43/50] loss=0.3956  val_acc=0.8739  macroF1=0.7268  edit=34.62  segF1@50=0.28
[s4][epoch 44/50] loss=0.3803  val_acc=0.8673  macroF1=0.7139  edit=39.28  segF1@50=0.31
[s4][epoch 45/50] loss=0.3740  val_acc=0.8858  macroF1=0.7292  edit=39.37  segF1@50=0.33
[s4][epoch 46/50] loss=0.3627  val_acc=0.8601  macroF1=0.7133  edit=36.80  segF1@50=0.29
[s4][epoch 47/50] loss=0.3666  val_acc=0.8647  macroF1=0.7162  edit=25.04  segF1@50=0.25
[s4][epoch 48/50] loss=0.3806  val_acc=0.8706  macroF1=0.7223  edit=34.83  segF1@50=0.29
[s4][epoch 49/50] loss=0.4376  val_acc=0.8277  macroF1=0.6797  edit=34.60  segF1@50=0.29
[s4][epoch 50/50] loss=0.4727  val_acc=0.8528  macroF1=0.6506  edit=41.02  segF1@50=0.37
[s4] best @epoch 26: acc=0.8944 macroF1=0.6757
[s4] evidence written -> /home/ubuntu/slocal/m2/experiments/phase1/s4_phase_baseline_033_frozen_tecno_phase_baseline_seed456
