[s4] train clips=13  val clips=3  classes=9  device=cuda
[s4] evidence dir: /home/ubuntu/slocal/m2/experiments/phase1/s4_phase_baseline_011_frozen_tecno_phase_baseline_seed123
[s4][epoch 1/50] loss=3.5574  val_acc=0.3340  macroF1=0.0715  edit=9.67  segF1@50=0.00
[s4][epoch 2/50] loss=3.0516  val_acc=0.3677  macroF1=0.0768  edit=18.00  segF1@50=0.22
[s4][epoch 3/50] loss=2.7788  val_acc=0.3340  macroF1=0.0715  edit=9.67  segF1@50=0.00
[s4][epoch 4/50] loss=2.6329  val_acc=0.4587  macroF1=0.1431  edit=20.67  segF1@50=0.17
[s4][epoch 5/50] loss=2.4839  val_acc=0.4693  macroF1=0.1437  edit=23.33  segF1@50=0.24
[s4][epoch 6/50] loss=2.2268  val_acc=0.6568  macroF1=0.2201  edit=39.67  segF1@50=0.22
[s4][epoch 7/50] loss=2.1106  val_acc=0.5050  macroF1=0.1725  edit=28.56  segF1@50=0.10
[s4][epoch 8/50] loss=1.9300  val_acc=0.6568  macroF1=0.2242  edit=32.78  segF1@50=0.17
[s4][epoch 9/50] loss=1.6978  val_acc=0.6092  macroF1=0.2024  edit=32.83  segF1@50=0.22
[s4][epoch 10/50] loss=1.8374  val_acc=0.6350  macroF1=0.2183  edit=41.00  segF1@50=0.20
[s4][epoch 11/50] loss=1.6203  val_acc=0.6046  macroF1=0.2115  edit=38.33  segF1@50=0.12
[s4][epoch 12/50] loss=1.4660  val_acc=0.6350  macroF1=0.2584  edit=43.33  segF1@50=0.17
[s4][epoch 13/50] loss=1.3876  val_acc=0.6455  macroF1=0.2937  edit=38.22  segF1@50=0.21
[s4][epoch 14/50] loss=1.2731  val_acc=0.6891  macroF1=0.3066  edit=22.32  segF1@50=0.19
[s4][epoch 15/50] loss=1.2499  val_acc=0.6693  macroF1=0.3020  edit=35.33  segF1@50=0.22
[s4][epoch 16/50] loss=1.1450  val_acc=0.6898  macroF1=0.3562  edit=23.98  segF1@50=0.12
[s4][epoch 17/50] loss=1.0893  val_acc=0.7558  macroF1=0.4578  edit=32.00  segF1@50=0.18
[s4][epoch 18/50] loss=0.9876  val_acc=0.7591  macroF1=0.3990  edit=26.89  segF1@50=0.18
[s4][epoch 19/50] loss=0.9145  val_acc=0.7637  macroF1=0.4052  edit=35.00  segF1@50=0.24
[s4][epoch 20/50] loss=0.8613  val_acc=0.8152  macroF1=0.5027  edit=30.59  segF1@50=0.20
[s4][epoch 21/50] loss=0.8042  val_acc=0.8046  macroF1=0.5286  edit=26.96  segF1@50=0.26
[s4][epoch 22/50] loss=0.7956  val_acc=0.8257  macroF1=0.5523  edit=29.68  segF1@50=0.26
[s4][epoch 23/50] loss=0.7348  val_acc=0.8139  macroF1=0.5561  edit=30.03  segF1@50=0.24
[s4][epoch 24/50] loss=0.6880  val_acc=0.8343  macroF1=0.6170  edit=28.44  segF1@50=0.24
[s4][epoch 25/50] loss=0.7290  val_acc=0.8317  macroF1=0.5814  edit=38.17  segF1@50=0.38
[s4][epoch 26/50] loss=0.7405  val_acc=0.7934  macroF1=0.5466  edit=33.67  segF1@50=0.26
[s4][epoch 27/50] loss=0.6960  val_acc=0.8092  macroF1=0.5646  edit=36.44  segF1@50=0.31
[s4][epoch 28/50] loss=0.6223  val_acc=0.8429  macroF1=0.6007  edit=30.60  segF1@50=0.27
[s4][epoch 29/50] loss=0.5508  val_acc=0.8587  macroF1=0.6336  edit=36.89  segF1@50=0.30
[s4][epoch 30/50] loss=0.5272  val_acc=0.8521  macroF1=0.6248  edit=33.97  segF1@50=0.26
[s4][epoch 31/50] loss=0.5023  val_acc=0.8515  macroF1=0.6593  edit=35.94  segF1@50=0.26
[s4][epoch 32/50] loss=0.4973  val_acc=0.8792  macroF1=0.6510  edit=36.05  segF1@50=0.32
[s4][epoch 33/50] loss=0.4786  val_acc=0.8858  macroF1=0.6768  edit=44.46  segF1@50=0.42
[s4][epoch 34/50] loss=0.5000  val_acc=0.8851  macroF1=0.6766  edit=35.95  segF1@50=0.29
[s4][epoch 35/50] loss=0.5009  val_acc=0.8502  macroF1=0.6672  edit=38.58  segF1@50=0.38
[s4][epoch 36/50] loss=0.6036  val_acc=0.8805  macroF1=0.6900  edit=35.09  segF1@50=0.27
[s4][epoch 37/50] loss=0.5186  val_acc=0.8891  macroF1=0.6567  edit=44.51  segF1@50=0.43
[s4][epoch 38/50] loss=0.4665  val_acc=0.8719  macroF1=0.6470  edit=40.18  segF1@50=0.37
[s4][epoch 39/50] loss=0.4649  val_acc=0.7954  macroF1=0.5564  edit=40.37  segF1@50=0.29
[s4][epoch 40/50] loss=0.5036  val_acc=0.8224  macroF1=0.6518  edit=38.62  segF1@50=0.30
[s4][epoch 41/50] loss=0.4943  val_acc=0.9056  macroF1=0.6741  edit=40.71  segF1@50=0.38
[s4][epoch 42/50] loss=0.4899  val_acc=0.9083  macroF1=0.7245  edit=39.56  segF1@50=0.33
[s4][epoch 43/50] loss=0.4356  val_acc=0.8370  macroF1=0.6658  edit=24.85  segF1@50=0.20
[s4][epoch 44/50] loss=0.5103  val_acc=0.8264  macroF1=0.6300  edit=30.00  segF1@50=0.23
[s4][epoch 45/50] loss=0.4518  val_acc=0.8858  macroF1=0.6846  edit=42.11  segF1@50=0.41
[s4][epoch 46/50] loss=0.4041  val_acc=0.8290  macroF1=0.6407  edit=40.83  segF1@50=0.31
[s4][epoch 47/50] loss=0.3821  val_acc=0.8911  macroF1=0.6741  edit=42.51  segF1@50=0.37
[s4][epoch 48/50] loss=0.3623  val_acc=0.8898  macroF1=0.6901  edit=38.89  segF1@50=0.31
[s4][epoch 49/50] loss=0.3481  val_acc=0.8759  macroF1=0.6804  edit=36.67  segF1@50=0.31
[s4][epoch 50/50] loss=0.3334  val_acc=0.8904  macroF1=0.6940  edit=39.78  segF1@50=0.35
[s4] best @epoch 42: acc=0.9083 macroF1=0.7245
[s4] evidence written -> /home/ubuntu/slocal/m2/experiments/phase1/s4_phase_baseline_011_frozen_tecno_phase_baseline_seed123
