[s4] train clips=13  val clips=3  classes=9  device=cuda
[s4] evidence dir: /home/ubuntu/slocal/m2/experiments/phase1/s4_phase_baseline_010_frozen_tecno_phase_baseline_seed42
[s4][epoch 1/50] loss=3.7097  val_acc=0.5056  macroF1=0.1616  edit=33.70  segF1@50=0.24
[s4][epoch 2/50] loss=2.8804  val_acc=0.4495  macroF1=0.1341  edit=20.67  segF1@50=0.25
[s4][epoch 3/50] loss=2.7392  val_acc=0.3677  macroF1=0.0768  edit=18.00  segF1@50=0.22
[s4][epoch 4/50] loss=2.5441  val_acc=0.6297  macroF1=0.2130  edit=37.12  segF1@50=0.20
[s4][epoch 5/50] loss=2.6280  val_acc=0.3677  macroF1=0.0768  edit=18.00  segF1@50=0.22
[s4][epoch 6/50] loss=2.2711  val_acc=0.6746  macroF1=0.2271  edit=38.33  segF1@50=0.18
[s4][epoch 7/50] loss=1.9328  val_acc=0.5360  macroF1=0.1843  edit=38.79  segF1@50=0.19
[s4][epoch 8/50] loss=1.6836  val_acc=0.4680  macroF1=0.1555  edit=26.71  segF1@50=0.02
[s4][epoch 9/50] loss=1.6082  val_acc=0.5426  macroF1=0.1868  edit=39.67  segF1@50=0.18
[s4][epoch 10/50] loss=1.5421  val_acc=0.6726  macroF1=0.2275  edit=44.67  segF1@50=0.24
[s4][epoch 11/50] loss=1.5203  val_acc=0.6000  macroF1=0.2108  edit=45.71  segF1@50=0.18
[s4][epoch 12/50] loss=1.3540  val_acc=0.5776  macroF1=0.2355  edit=27.12  segF1@50=0.11
[s4][epoch 13/50] loss=1.3108  val_acc=0.7089  macroF1=0.3749  edit=23.87  segF1@50=0.06
[s4][epoch 14/50] loss=1.2518  val_acc=0.6858  macroF1=0.3489  edit=27.70  segF1@50=0.17
[s4][epoch 15/50] loss=1.2165  val_acc=0.7135  macroF1=0.3201  edit=21.81  segF1@50=0.24
[s4][epoch 16/50] loss=1.2284  val_acc=0.6614  macroF1=0.3063  edit=26.68  segF1@50=0.18
[s4][epoch 17/50] loss=1.0763  val_acc=0.7815  macroF1=0.4751  edit=26.83  segF1@50=0.20
[s4][epoch 18/50] loss=0.9564  val_acc=0.8099  macroF1=0.5585  edit=31.87  segF1@50=0.27
[s4][epoch 19/50] loss=0.8949  val_acc=0.8013  macroF1=0.5814  edit=25.14  segF1@50=0.15
[s4][epoch 20/50] loss=0.8543  val_acc=0.8224  macroF1=0.5903  edit=33.78  segF1@50=0.27
[s4][epoch 21/50] loss=0.7864  val_acc=0.8488  macroF1=0.6104  edit=31.76  segF1@50=0.28
[s4][epoch 22/50] loss=0.7383  val_acc=0.8403  macroF1=0.6212  edit=30.03  segF1@50=0.24
[s4][epoch 23/50] loss=0.7099  val_acc=0.8587  macroF1=0.6416  edit=28.70  segF1@50=0.25
[s4][epoch 24/50] loss=0.6887  val_acc=0.8733  macroF1=0.6428  edit=28.56  segF1@50=0.29
[s4][epoch 25/50] loss=0.6429  val_acc=0.8429  macroF1=0.6155  edit=28.50  segF1@50=0.29
[s4][epoch 26/50] loss=0.5974  val_acc=0.8766  macroF1=0.6478  edit=34.81  segF1@50=0.29
[s4][epoch 27/50] loss=0.5827  val_acc=0.8680  macroF1=0.6330  edit=33.84  segF1@50=0.26
[s4][epoch 28/50] loss=0.5765  val_acc=0.8535  macroF1=0.6460  edit=30.00  segF1@50=0.23
[s4][epoch 29/50] loss=0.5419  val_acc=0.8706  macroF1=0.6349  edit=43.25  segF1@50=0.38
[s4][epoch 30/50] loss=0.5121  val_acc=0.8719  macroF1=0.6847  edit=37.83  segF1@50=0.28
[s4][epoch 31/50] loss=0.4794  val_acc=0.8825  macroF1=0.6635  edit=37.11  segF1@50=0.27
[s4][epoch 32/50] loss=0.4711  val_acc=0.8845  macroF1=0.6575  edit=35.84  segF1@50=0.31
[s4][epoch 33/50] loss=0.4506  val_acc=0.8772  macroF1=0.6713  edit=39.03  segF1@50=0.30
[s4][epoch 34/50] loss=0.4551  val_acc=0.8389  macroF1=0.6195  edit=38.84  segF1@50=0.33
[s4][epoch 35/50] loss=0.4625  val_acc=0.8310  macroF1=0.6361  edit=40.00  segF1@50=0.29
[s4][epoch 36/50] loss=0.4592  val_acc=0.8363  macroF1=0.6506  edit=23.10  segF1@50=0.12
[s4][epoch 37/50] loss=0.5459  val_acc=0.7842  macroF1=0.6698  edit=22.92  segF1@50=0.20
[s4][epoch 38/50] loss=0.5719  val_acc=0.8409  macroF1=0.6272  edit=40.00  segF1@50=0.31
[s4][epoch 39/50] loss=0.5629  val_acc=0.8614  macroF1=0.6573  edit=29.59  segF1@50=0.28
[s4][epoch 40/50] loss=0.5481  val_acc=0.8541  macroF1=0.7018  edit=33.35  segF1@50=0.27
[s4][epoch 41/50] loss=0.4647  val_acc=0.8891  macroF1=0.7300  edit=33.50  segF1@50=0.28
[s4][epoch 42/50] loss=0.4106  val_acc=0.8594  macroF1=0.6347  edit=37.11  segF1@50=0.28
[s4][epoch 43/50] loss=0.4065  val_acc=0.8931  macroF1=0.7081  edit=45.71  segF1@50=0.41
[s4][epoch 44/50] loss=0.3807  val_acc=0.8832  macroF1=0.7005  edit=30.03  segF1@50=0.28
[s4][epoch 45/50] loss=0.3721  val_acc=0.8462  macroF1=0.6642  edit=31.54  segF1@50=0.28
[s4][epoch 46/50] loss=0.3589  val_acc=0.8766  macroF1=0.7005  edit=35.88  segF1@50=0.31
[s4][epoch 47/50] loss=0.3356  val_acc=0.8911  macroF1=0.6890  edit=37.29  segF1@50=0.34
[s4][epoch 48/50] loss=0.3294  val_acc=0.8884  macroF1=0.7201  edit=34.84  segF1@50=0.32
[s4][epoch 49/50] loss=0.3196  val_acc=0.8990  macroF1=0.7360  edit=38.22  segF1@50=0.35
[s4][epoch 50/50] loss=0.3269  val_acc=0.9003  macroF1=0.7015  edit=40.25  segF1@50=0.35
[s4] best @epoch 50: acc=0.9003 macroF1=0.7015
[s4] evidence written -> /home/ubuntu/slocal/m2/experiments/phase1/s4_phase_baseline_010_frozen_tecno_phase_baseline_seed42
