[s4] train clips=13  val clips=3  classes=9  device=cuda
[s4] evidence dir: /home/ubuntu/slocal/m2/experiments/phase1/s4_phase_baseline_012_frozen_tecno_phase_baseline_seed456
[s4][epoch 1/50] loss=3.6838  val_acc=0.3650  macroF1=0.0767  edit=2.67  segF1@50=0.17
[s4][epoch 2/50] loss=2.9050  val_acc=0.3340  macroF1=0.0715  edit=9.67  segF1@50=0.00
[s4][epoch 3/50] loss=2.7201  val_acc=0.4376  macroF1=0.1391  edit=2.67  segF1@50=0.00
[s4][epoch 4/50] loss=2.6569  val_acc=0.3604  macroF1=0.0986  edit=5.33  segF1@50=0.00
[s4][epoch 5/50] loss=2.4230  val_acc=0.6356  macroF1=0.2187  edit=23.00  segF1@50=0.02
[s4][epoch 6/50] loss=2.2107  val_acc=0.3446  macroF1=0.0801  edit=24.33  segF1@50=0.00
[s4][epoch 7/50] loss=2.3820  val_acc=0.3380  macroF1=0.0748  edit=21.67  segF1@50=0.00
[s4][epoch 8/50] loss=2.0223  val_acc=0.6172  macroF1=0.2068  edit=34.63  segF1@50=0.27
[s4][epoch 9/50] loss=1.7875  val_acc=0.4376  macroF1=0.1404  edit=19.00  segF1@50=0.02
[s4][epoch 10/50] loss=1.9659  val_acc=0.6211  macroF1=0.2150  edit=29.67  segF1@50=0.03
[s4][epoch 11/50] loss=1.7246  val_acc=0.6792  macroF1=0.2406  edit=40.10  segF1@50=0.09
[s4][epoch 12/50] loss=1.4791  val_acc=0.6455  macroF1=0.2351  edit=47.89  segF1@50=0.11
[s4][epoch 13/50] loss=1.3498  val_acc=0.6330  macroF1=0.2579  edit=48.89  segF1@50=0.14
[s4][epoch 14/50] loss=1.2667  val_acc=0.7274  macroF1=0.3906  edit=24.97  segF1@50=0.14
[s4][epoch 15/50] loss=1.2003  val_acc=0.7109  macroF1=0.3729  edit=26.02  segF1@50=0.17
[s4][epoch 16/50] loss=1.1248  val_acc=0.7934  macroF1=0.4481  edit=44.00  segF1@50=0.39
[s4][epoch 17/50] loss=1.0551  val_acc=0.7597  macroF1=0.3971  edit=27.47  segF1@50=0.22
[s4][epoch 18/50] loss=1.0410  val_acc=0.7036  macroF1=0.3777  edit=21.16  segF1@50=0.11
[s4][epoch 19/50] loss=0.9750  val_acc=0.7723  macroF1=0.5029  edit=24.45  segF1@50=0.18
[s4][epoch 20/50] loss=1.0719  val_acc=0.8317  macroF1=0.4780  edit=33.11  segF1@50=0.29
[s4][epoch 21/50] loss=0.9672  val_acc=0.7650  macroF1=0.3723  edit=25.18  segF1@50=0.18
[s4][epoch 22/50] loss=0.8781  val_acc=0.7228  macroF1=0.4509  edit=18.91  segF1@50=0.08
[s4][epoch 23/50] loss=0.8298  val_acc=0.8455  macroF1=0.5820  edit=30.42  segF1@50=0.24
[s4][epoch 24/50] loss=0.7694  val_acc=0.7828  macroF1=0.5816  edit=19.61  segF1@50=0.16
[s4][epoch 25/50] loss=0.7193  val_acc=0.8290  macroF1=0.6167  edit=27.52  segF1@50=0.22
[s4][epoch 26/50] loss=0.6929  val_acc=0.8785  macroF1=0.6348  edit=25.25  segF1@50=0.34
[s4][epoch 27/50] loss=0.6734  val_acc=0.8482  macroF1=0.6513  edit=34.21  segF1@50=0.28
[s4][epoch 28/50] loss=0.6258  val_acc=0.8653  macroF1=0.6304  edit=30.06  segF1@50=0.27
[s4][epoch 29/50] loss=0.5952  val_acc=0.8541  macroF1=0.6329  edit=29.50  segF1@50=0.26
[s4][epoch 30/50] loss=0.5961  val_acc=0.8561  macroF1=0.6729  edit=34.60  segF1@50=0.28
[s4][epoch 31/50] loss=0.7194  val_acc=0.8680  macroF1=0.6078  edit=34.79  segF1@50=0.34
[s4][epoch 32/50] loss=0.6159  val_acc=0.8449  macroF1=0.6424  edit=32.74  segF1@50=0.26
[s4][epoch 33/50] loss=0.5549  val_acc=0.8634  macroF1=0.6101  edit=30.97  segF1@50=0.26
[s4][epoch 34/50] loss=0.5688  val_acc=0.8772  macroF1=0.6647  edit=32.38  segF1@50=0.28
[s4][epoch 35/50] loss=0.5766  val_acc=0.8805  macroF1=0.6427  edit=35.22  segF1@50=0.33
[s4][epoch 36/50] loss=0.5086  val_acc=0.8469  macroF1=0.6368  edit=41.42  segF1@50=0.39
[s4][epoch 37/50] loss=0.4753  val_acc=0.8700  macroF1=0.6380  edit=29.78  segF1@50=0.27
[s4][epoch 38/50] loss=0.4559  val_acc=0.8686  macroF1=0.6801  edit=36.36  segF1@50=0.30
[s4][epoch 39/50] loss=0.4381  val_acc=0.8627  macroF1=0.6420  edit=37.11  segF1@50=0.32
[s4][epoch 40/50] loss=0.4267  val_acc=0.8667  macroF1=0.6660  edit=35.45  segF1@50=0.30
[s4][epoch 41/50] loss=0.4089  val_acc=0.8865  macroF1=0.6635  edit=43.04  segF1@50=0.41
[s4][epoch 42/50] loss=0.4041  val_acc=0.8805  macroF1=0.6727  edit=37.11  segF1@50=0.31
[s4][epoch 43/50] loss=0.3931  val_acc=0.8812  macroF1=0.6798  edit=39.17  segF1@50=0.30
[s4][epoch 44/50] loss=0.3803  val_acc=0.8838  macroF1=0.6842  edit=40.61  segF1@50=0.33
[s4][epoch 45/50] loss=0.3800  val_acc=0.8851  macroF1=0.6646  edit=38.44  segF1@50=0.33
[s4][epoch 46/50] loss=0.3654  val_acc=0.8746  macroF1=0.6816  edit=38.62  segF1@50=0.32
[s4][epoch 47/50] loss=0.3788  val_acc=0.8818  macroF1=0.7040  edit=32.07  segF1@50=0.29
[s4][epoch 48/50] loss=0.4442  val_acc=0.8772  macroF1=0.6263  edit=32.46  segF1@50=0.32
[s4][epoch 49/50] loss=0.4412  val_acc=0.8508  macroF1=0.6346  edit=47.50  segF1@50=0.43
[s4][epoch 50/50] loss=0.3875  val_acc=0.8495  macroF1=0.6421  edit=35.56  segF1@50=0.29
[s4] best @epoch 41: acc=0.8865 macroF1=0.6635
[s4] evidence written -> /home/ubuntu/slocal/m2/experiments/phase1/s4_phase_baseline_012_frozen_tecno_phase_baseline_seed456
