Using Python 3.11.4 environment at: .venv-relation-detr
Resolved 72 packages in 836ms
Downloading tensorboard-data-server (6.3MiB)
Downloading scipy (33.7MiB)
Downloading grpcio (6.5MiB)
Downloading setuptools (1.2MiB)
Downloading numpy (17.4MiB)
Downloading opencv-python-headless (57.6MiB)
Downloading hf-xet (4.3MiB)
Downloading tensorboard (5.3MiB)
   Building iopath==0.1.10
   Building fvcore==0.1.5.post20221221
   Building antlr4-python3-runtime==4.9.3
   Building stringzilla==4.6.2
 Downloaded hf-xet
 Downloaded tensorboard-data-server
 Downloaded setuptools
 Downloaded grpcio
 Downloaded tensorboard
      Built iopath==0.1.10
      Built fvcore==0.1.5.post20221221
      Built antlr4-python3-runtime==4.9.3
 Downloaded opencv-python-headless
 Downloaded numpy
 Downloaded scipy
      Built stringzilla==4.6.2
Prepared 43 packages in 2m 32s
Uninstalled 1 package in 53ms
warning: Failed to hardlink files; falling back to full copy. This may lead to degraded performance.
         If the cache and target directories are on different filesystems, hardlinking may not be supported.
         If this is intentional, set `export UV_LINK_MODE=copy` or use `--link-mode=copy` to suppress this warning.
Installed 55 packages in 365ms
 + absl-py==2.4.0
 + accelerate==1.14.0
 + albucore==0.0.24
 + albumentations==2.0.8
 + annotated-doc==0.0.4
 + annotated-types==0.7.0
 + antlr4-python3-runtime==4.9.3
 + anyio==4.13.0
 + astunparse==1.6.3
 + click==8.4.1
 + fvcore==0.1.5.post20221221
 + grpcio==1.81.1
 + h11==0.16.0
 + hf-xet==1.5.1
 + httpcore==1.0.9
 + httpx==0.28.1
 + huggingface-hub==1.19.0
 + iopath==0.1.10
 + markdown==3.10.2
 + markdown-it-py==4.2.0
 + mdurl==0.1.2
 + ninja==1.13.0
 - numpy==2.4.4
 + numpy==1.26.4
 + omegaconf==2.3.1
 + opencv-python-headless==4.13.0.92
 + packaging==26.2
 + platformdirs==4.10.0
 + portalocker==3.2.0
 + protobuf==7.35.1
 + psutil==7.2.2
 + pycocotools==2.0.11
 + pydantic==2.13.4
 + pydantic-core==2.46.4
 + pygments==2.20.0
 + pyyaml==6.0.3
 + rich==15.0.0
 + safetensors==0.8.0
 + scipy==1.17.1
 + setuptools==79.0.1
 + shellingham==1.5.4
 + simsimd==6.5.16
 + six==1.17.0
 + stringzilla==4.6.2
 + tabulate==0.10.0
 + tensorboard==2.20.0
 + tensorboard-data-server==0.7.2
 + termcolor==3.3.0
 + terminaltables==3.1.10
 + tqdm==4.68.2
 + typer==0.25.1
 + typing-inspection==0.4.2
 + werkzeug==3.1.8
 + wheel==0.47.0
 + yacs==0.1.8
 + yapf==0.43.0
=== STEP3 OK ===
verify: torch 2.1.2+cu118 numpy 1.26.4 cuda_ok
