[t1a] train clips=13  val clips=3  in_dim=5903  region_only=False  classes=9  device=cuda
[t1a] evidence dir: /home/ubuntu/slocal2/m2/experiments/transfer/t1a_shuffle_oracle_002_t1a_shuffle_oracle_seed123
[t1a][epoch 1/50] loss=3.5779  val_acc=0.3340  macroF1=0.0715  edit=9.67  segF1@50=0.00
[t1a][epoch 2/50] loss=3.0607  val_acc=0.3677  macroF1=0.0768  edit=18.00  segF1@50=0.22
[t1a][epoch 3/50] loss=2.8257  val_acc=0.3340  macroF1=0.0715  edit=9.67  segF1@50=0.00
[t1a][epoch 4/50] loss=2.7064  val_acc=0.4403  macroF1=0.1403  edit=2.67  segF1@50=0.00
[t1a][epoch 5/50] loss=2.6677  val_acc=0.3413  macroF1=0.0775  edit=16.33  segF1@50=0.00
[t1a][epoch 6/50] loss=2.5204  val_acc=0.4383  macroF1=0.1322  edit=21.37  segF1@50=0.09
[t1a][epoch 7/50] loss=2.3817  val_acc=0.6620  macroF1=0.2260  edit=29.44  segF1@50=0.17
[t1a][epoch 8/50] loss=2.0981  val_acc=0.5624  macroF1=0.1933  edit=14.71  segF1@50=0.10
[t1a][epoch 9/50] loss=1.8915  val_acc=0.4818  macroF1=0.1566  edit=27.96  segF1@50=0.25
[t1a][epoch 10/50] loss=1.9096  val_acc=0.6825  macroF1=0.2294  edit=24.56  segF1@50=0.19
[t1a][epoch 11/50] loss=1.5982  val_acc=0.7261  macroF1=0.3544  edit=14.31  segF1@50=0.14
[t1a][epoch 12/50] loss=1.3251  val_acc=0.7921  macroF1=0.4125  edit=29.19  segF1@50=0.23
[t1a][epoch 13/50] loss=1.2904  val_acc=0.7017  macroF1=0.3751  edit=24.42  segF1@50=0.19
[t1a][epoch 14/50] loss=1.3056  val_acc=0.7465  macroF1=0.3787  edit=20.96  segF1@50=0.15
[t1a][epoch 15/50] loss=1.0981  val_acc=0.8000  macroF1=0.4564  edit=36.34  segF1@50=0.25
[t1a][epoch 16/50] loss=1.0384  val_acc=0.8165  macroF1=0.4728  edit=14.67  segF1@50=0.29
[t1a][epoch 17/50] loss=1.1383  val_acc=0.8152  macroF1=0.4930  edit=18.22  segF1@50=0.27
[t1a][epoch 18/50] loss=0.9707  val_acc=0.8277  macroF1=0.5592  edit=34.30  segF1@50=0.31
[t1a][epoch 19/50] loss=1.0847  val_acc=0.8574  macroF1=0.6377  edit=25.20  segF1@50=0.16
[t1a][epoch 20/50] loss=0.9552  val_acc=0.8257  macroF1=0.5327  edit=29.02  segF1@50=0.24
[t1a][epoch 21/50] loss=0.8496  val_acc=0.8277  macroF1=0.6216  edit=21.58  segF1@50=0.19
[t1a][epoch 22/50] loss=0.7642  val_acc=0.8482  macroF1=0.6055  edit=26.77  segF1@50=0.21
[t1a][epoch 23/50] loss=0.6861  val_acc=0.8574  macroF1=0.6422  edit=40.00  segF1@50=0.32
[t1a][epoch 24/50] loss=0.6674  val_acc=0.8614  macroF1=0.6429  edit=28.92  segF1@50=0.24
[t1a][epoch 25/50] loss=0.6687  val_acc=0.8858  macroF1=0.6505  edit=35.96  segF1@50=0.34
[t1a][epoch 26/50] loss=0.6232  val_acc=0.9003  macroF1=0.6990  edit=27.72  segF1@50=0.27
[t1a][epoch 27/50] loss=0.6139  val_acc=0.9030  macroF1=0.6688  edit=40.78  segF1@50=0.38
[t1a][epoch 28/50] loss=0.5528  val_acc=0.9069  macroF1=0.7001  edit=31.57  segF1@50=0.33
[t1a][epoch 29/50] loss=0.5138  val_acc=0.9010  macroF1=0.7379  edit=32.42  segF1@50=0.33
[t1a][epoch 30/50] loss=0.5501  val_acc=0.9102  macroF1=0.6799  edit=38.34  segF1@50=0.38
[t1a][epoch 31/50] loss=0.5332  val_acc=0.9056  macroF1=0.7379  edit=37.32  segF1@50=0.33
[t1a][epoch 32/50] loss=0.5173  val_acc=0.9056  macroF1=0.7176  edit=28.94  segF1@50=0.28
[t1a][epoch 33/50] loss=0.4603  val_acc=0.9083  macroF1=0.7429  edit=38.82  segF1@50=0.37
[t1a][epoch 34/50] loss=0.4661  val_acc=0.9017  macroF1=0.7140  edit=28.45  segF1@50=0.33
[t1a][epoch 35/50] loss=0.4407  val_acc=0.9274  macroF1=0.7764  edit=36.46  segF1@50=0.40
[t1a][epoch 36/50] loss=0.4545  val_acc=0.8739  macroF1=0.7048  edit=28.27  segF1@50=0.29
[t1a][epoch 37/50] loss=0.4805  val_acc=0.9116  macroF1=0.7166  edit=41.26  segF1@50=0.39
[t1a][epoch 38/50] loss=0.5544  val_acc=0.8970  macroF1=0.6417  edit=31.21  segF1@50=0.41
[t1a][epoch 39/50] loss=0.5367  val_acc=0.8581  macroF1=0.7078  edit=24.33  segF1@50=0.29
[t1a][epoch 40/50] loss=0.4818  val_acc=0.8812  macroF1=0.6650  edit=24.51  segF1@50=0.26
[t1a][epoch 41/50] loss=0.5214  val_acc=0.8799  macroF1=0.7116  edit=38.79  segF1@50=0.37
[t1a][epoch 42/50] loss=0.4156  val_acc=0.9182  macroF1=0.7252  edit=41.67  segF1@50=0.44
[t1a][epoch 43/50] loss=0.4101  val_acc=0.9162  macroF1=0.7558  edit=36.54  segF1@50=0.40
[t1a][epoch 44/50] loss=0.4200  val_acc=0.8244  macroF1=0.7030  edit=22.24  segF1@50=0.25
[t1a][epoch 45/50] loss=0.3862  val_acc=0.8541  macroF1=0.7425  edit=20.04  segF1@50=0.25
[t1a][epoch 46/50] loss=0.3911  val_acc=0.9261  macroF1=0.7821  edit=40.28  segF1@50=0.42
[t1a][epoch 47/50] loss=0.3653  val_acc=0.9010  macroF1=0.6995  edit=32.09  segF1@50=0.33
[t1a][epoch 48/50] loss=0.3571  val_acc=0.9254  macroF1=0.7788  edit=38.15  segF1@50=0.40
[t1a][epoch 49/50] loss=0.3178  val_acc=0.9281  macroF1=0.7685  edit=36.56  segF1@50=0.35
[t1a][epoch 50/50] loss=0.2965  val_acc=0.9294  macroF1=0.7777  edit=42.73  segF1@50=0.48
[t1a] best @epoch 50: acc=0.9294 macroF1=0.7777
[t1a] evidence written -> /home/ubuntu/slocal2/m2/experiments/transfer/t1a_shuffle_oracle_002_t1a_shuffle_oracle_seed123
