[t1a] train clips=13  val clips=3  in_dim=5903  region_only=False  classes=9  device=cuda
[t1a] evidence dir: /home/ubuntu/slocal2/m2/experiments/transfer/t1a_shuffle_oracle_001_t1a_shuffle_oracle_seed42
[t1a][epoch 1/50] loss=4.0089  val_acc=0.3670  macroF1=0.0768  edit=2.67  segF1@50=0.17
[t1a][epoch 2/50] loss=3.0786  val_acc=0.4449  macroF1=0.1398  edit=20.67  segF1@50=0.00
[t1a][epoch 3/50] loss=2.8413  val_acc=0.3677  macroF1=0.0768  edit=18.00  segF1@50=0.22
[t1a][epoch 4/50] loss=2.7031  val_acc=0.4475  macroF1=0.1403  edit=12.76  segF1@50=0.00
[t1a][epoch 5/50] loss=2.7907  val_acc=0.4442  macroF1=0.1417  edit=16.44  segF1@50=0.00
[t1a][epoch 6/50] loss=2.6020  val_acc=0.4337  macroF1=0.1252  edit=26.36  segF1@50=0.19
[t1a][epoch 7/50] loss=2.4514  val_acc=0.4759  macroF1=0.1470  edit=27.33  segF1@50=0.17
[t1a][epoch 8/50] loss=2.3907  val_acc=0.5142  macroF1=0.1644  edit=28.41  segF1@50=0.17
[t1a][epoch 9/50] loss=2.1844  val_acc=0.6845  macroF1=0.2298  edit=31.44  segF1@50=0.13
[t1a][epoch 10/50] loss=2.0893  val_acc=0.6304  macroF1=0.2123  edit=25.71  segF1@50=0.28
[t1a][epoch 11/50] loss=1.5996  val_acc=0.6911  macroF1=0.2542  edit=42.00  segF1@50=0.22
[t1a][epoch 12/50] loss=1.7662  val_acc=0.6845  macroF1=0.2874  edit=37.48  segF1@50=0.14
[t1a][epoch 13/50] loss=1.3414  val_acc=0.6891  macroF1=0.3105  edit=32.67  segF1@50=0.26
[t1a][epoch 14/50] loss=1.3400  val_acc=0.8139  macroF1=0.4484  edit=21.37  segF1@50=0.21
[t1a][epoch 15/50] loss=1.4773  val_acc=0.7578  macroF1=0.4319  edit=20.67  segF1@50=0.27
[t1a][epoch 16/50] loss=1.1607  val_acc=0.7406  macroF1=0.3639  edit=23.55  segF1@50=0.16
[t1a][epoch 17/50] loss=1.1163  val_acc=0.7241  macroF1=0.4296  edit=13.76  segF1@50=0.06
[t1a][epoch 18/50] loss=0.9967  val_acc=0.7980  macroF1=0.4808  edit=24.60  segF1@50=0.23
[t1a][epoch 19/50] loss=0.8890  val_acc=0.8040  macroF1=0.5269  edit=22.98  segF1@50=0.20
[t1a][epoch 20/50] loss=0.8260  val_acc=0.8818  macroF1=0.6592  edit=33.78  segF1@50=0.33
[t1a][epoch 21/50] loss=0.9072  val_acc=0.8152  macroF1=0.6047  edit=16.80  segF1@50=0.13
[t1a][epoch 22/50] loss=0.8360  val_acc=0.8667  macroF1=0.6864  edit=30.29  segF1@50=0.27
[t1a][epoch 23/50] loss=0.7967  val_acc=0.9036  macroF1=0.7348  edit=32.64  segF1@50=0.29
[t1a][epoch 24/50] loss=0.7061  val_acc=0.8931  macroF1=0.6948  edit=23.22  segF1@50=0.28
[t1a][epoch 25/50] loss=0.6675  val_acc=0.9003  macroF1=0.6856  edit=40.02  segF1@50=0.37
[t1a][epoch 26/50] loss=0.7039  val_acc=0.9109  macroF1=0.7029  edit=41.81  segF1@50=0.42
[t1a][epoch 27/50] loss=0.6738  val_acc=0.8713  macroF1=0.6485  edit=30.65  segF1@50=0.25
[t1a][epoch 28/50] loss=0.6072  val_acc=0.8924  macroF1=0.7355  edit=29.68  segF1@50=0.29
[t1a][epoch 29/50] loss=0.6358  val_acc=0.8719  macroF1=0.6685  edit=31.39  segF1@50=0.32
[t1a][epoch 30/50] loss=0.6022  val_acc=0.8515  macroF1=0.6796  edit=21.44  segF1@50=0.26
[t1a][epoch 31/50] loss=0.6533  val_acc=0.8832  macroF1=0.7029  edit=25.00  segF1@50=0.25
[t1a][epoch 32/50] loss=0.5926  val_acc=0.9003  macroF1=0.7195  edit=27.76  segF1@50=0.31
[t1a][epoch 33/50] loss=0.5144  val_acc=0.9096  macroF1=0.7549  edit=27.81  segF1@50=0.29
[t1a][epoch 34/50] loss=0.5021  val_acc=0.8898  macroF1=0.7381  edit=32.63  segF1@50=0.33
[t1a][epoch 35/50] loss=0.5109  val_acc=0.9036  macroF1=0.7644  edit=28.60  segF1@50=0.28
[t1a][epoch 36/50] loss=0.4760  val_acc=0.8898  macroF1=0.7361  edit=26.54  segF1@50=0.28
[t1a][epoch 37/50] loss=0.4624  val_acc=0.9254  macroF1=0.7718  edit=35.29  segF1@50=0.35
[t1a][epoch 38/50] loss=0.4086  val_acc=0.9327  macroF1=0.7782  edit=35.87  segF1@50=0.37
[t1a][epoch 39/50] loss=0.3961  val_acc=0.9241  macroF1=0.7577  edit=28.54  segF1@50=0.35
[t1a][epoch 40/50] loss=0.3820  val_acc=0.9314  macroF1=0.7763  edit=31.42  segF1@50=0.39
[t1a][epoch 41/50] loss=0.3819  val_acc=0.9261  macroF1=0.7659  edit=36.96  segF1@50=0.39
[t1a][epoch 42/50] loss=0.3758  val_acc=0.9102  macroF1=0.7389  edit=31.59  segF1@50=0.32
[t1a][epoch 43/50] loss=0.3730  val_acc=0.9261  macroF1=0.7784  edit=38.57  segF1@50=0.41
[t1a][epoch 44/50] loss=0.3564  val_acc=0.9023  macroF1=0.7315  edit=40.40  segF1@50=0.38
[t1a][epoch 45/50] loss=0.3753  val_acc=0.9221  macroF1=0.7885  edit=30.53  segF1@50=0.35
[t1a][epoch 46/50] loss=0.3660  val_acc=0.9287  macroF1=0.7707  edit=38.22  segF1@50=0.41
[t1a][epoch 47/50] loss=0.3322  val_acc=0.9459  macroF1=0.8083  edit=43.77  segF1@50=0.45
[t1a][epoch 48/50] loss=0.3307  val_acc=0.8858  macroF1=0.7441  edit=25.75  segF1@50=0.27
[t1a][epoch 49/50] loss=0.4624  val_acc=0.9241  macroF1=0.7760  edit=28.42  segF1@50=0.45
[t1a][epoch 50/50] loss=0.9560  val_acc=0.7142  macroF1=0.5098  edit=22.39  segF1@50=0.23
[t1a] best @epoch 47: acc=0.9459 macroF1=0.8083
[t1a] evidence written -> /home/ubuntu/slocal2/m2/experiments/transfer/t1a_shuffle_oracle_001_t1a_shuffle_oracle_seed42
