[t1a] train clips=13  val clips=3  in_dim=5903  region_only=False  classes=9  device=cuda
[t1a] evidence dir: /home/ubuntu/slocal2/m2/experiments/transfer/t1a_shuffle_oracle_003_t1a_shuffle_oracle_seed456
[t1a][epoch 1/50] loss=3.5632  val_acc=0.3677  macroF1=0.0768  edit=18.00  segF1@50=0.22
[t1a][epoch 2/50] loss=2.9359  val_acc=0.3340  macroF1=0.0715  edit=9.67  segF1@50=0.00
[t1a][epoch 3/50] loss=2.7605  val_acc=0.4403  macroF1=0.1403  edit=2.67  segF1@50=0.00
[t1a][epoch 4/50] loss=2.6925  val_acc=0.3677  macroF1=0.0768  edit=18.00  segF1@50=0.22
[t1a][epoch 5/50] loss=2.5559  val_acc=0.6409  macroF1=0.2202  edit=19.00  segF1@50=0.00
[t1a][epoch 6/50] loss=2.3926  val_acc=0.6112  macroF1=0.2118  edit=19.16  segF1@50=0.01
[t1a][epoch 7/50] loss=2.5251  val_acc=0.3347  macroF1=0.0721  edit=12.33  segF1@50=0.00
[t1a][epoch 8/50] loss=2.3030  val_acc=0.6805  macroF1=0.2303  edit=24.56  segF1@50=0.08
[t1a][epoch 9/50] loss=2.1287  val_acc=0.4000  macroF1=0.1175  edit=11.25  segF1@50=0.00
[t1a][epoch 10/50] loss=2.0801  val_acc=0.6469  macroF1=0.2682  edit=26.79  segF1@50=0.19
[t1a][epoch 11/50] loss=1.7374  val_acc=0.6244  macroF1=0.2354  edit=20.03  segF1@50=0.10
[t1a][epoch 12/50] loss=1.6775  val_acc=0.6950  macroF1=0.3023  edit=35.12  segF1@50=0.27
[t1a][epoch 13/50] loss=1.4527  val_acc=0.6964  macroF1=0.2783  edit=19.77  segF1@50=0.15
[t1a][epoch 14/50] loss=1.3146  val_acc=0.6812  macroF1=0.3509  edit=20.89  segF1@50=0.17
[t1a][epoch 15/50] loss=1.2557  val_acc=0.7380  macroF1=0.3689  edit=22.30  segF1@50=0.16
[t1a][epoch 16/50] loss=1.0911  val_acc=0.7551  macroF1=0.3741  edit=20.75  segF1@50=0.17
[t1a][epoch 17/50] loss=1.0545  val_acc=0.8079  macroF1=0.4471  edit=22.34  segF1@50=0.21
[t1a][epoch 18/50] loss=1.0338  val_acc=0.7776  macroF1=0.4431  edit=27.95  segF1@50=0.19
[t1a][epoch 19/50] loss=0.9161  val_acc=0.8178  macroF1=0.5031  edit=34.78  segF1@50=0.34
[t1a][epoch 20/50] loss=0.8585  val_acc=0.8389  macroF1=0.5780  edit=31.13  segF1@50=0.28
[t1a][epoch 21/50] loss=0.7696  val_acc=0.8238  macroF1=0.6336  edit=25.26  segF1@50=0.22
[t1a][epoch 22/50] loss=0.7342  val_acc=0.7855  macroF1=0.5741  edit=15.10  segF1@50=0.07
[t1a][epoch 23/50] loss=0.7374  val_acc=0.8040  macroF1=0.6377  edit=17.69  segF1@50=0.11
[t1a][epoch 24/50] loss=0.7326  val_acc=0.8799  macroF1=0.6584  edit=23.97  segF1@50=0.23
[t1a][epoch 25/50] loss=0.6749  val_acc=0.9023  macroF1=0.7247  edit=37.12  segF1@50=0.36
[t1a][epoch 26/50] loss=0.6140  val_acc=0.8904  macroF1=0.6647  edit=31.25  segF1@50=0.30
[t1a][epoch 27/50] loss=0.5539  val_acc=0.8977  macroF1=0.7217  edit=36.85  segF1@50=0.37
[t1a][epoch 28/50] loss=0.5199  val_acc=0.9076  macroF1=0.7250  edit=36.47  segF1@50=0.38
[t1a][epoch 29/50] loss=0.5499  val_acc=0.8330  macroF1=0.5535  edit=24.54  segF1@50=0.16
[t1a][epoch 30/50] loss=0.5908  val_acc=0.8944  macroF1=0.7360  edit=28.82  segF1@50=0.24
[t1a][epoch 31/50] loss=0.5263  val_acc=0.9096  macroF1=0.7585  edit=28.34  segF1@50=0.29
[t1a][epoch 32/50] loss=0.6182  val_acc=0.9023  macroF1=0.6576  edit=27.17  segF1@50=0.31
[t1a][epoch 33/50] loss=0.5266  val_acc=0.8904  macroF1=0.7244  edit=30.69  segF1@50=0.31
[t1a][epoch 34/50] loss=0.5464  val_acc=0.8653  macroF1=0.7200  edit=20.98  segF1@50=0.17
[t1a][epoch 35/50] loss=0.4713  val_acc=0.8825  macroF1=0.6922  edit=30.72  segF1@50=0.26
[t1a][epoch 36/50] loss=0.4619  val_acc=0.9287  macroF1=0.7738  edit=40.70  segF1@50=0.42
[t1a][epoch 37/50] loss=0.4131  val_acc=0.9122  macroF1=0.7538  edit=30.74  segF1@50=0.35
[t1a][epoch 38/50] loss=0.3968  val_acc=0.9116  macroF1=0.7661  edit=31.89  segF1@50=0.34
[t1a][epoch 39/50] loss=0.3859  val_acc=0.9069  macroF1=0.7666  edit=27.49  segF1@50=0.26
[t1a][epoch 40/50] loss=0.3855  val_acc=0.9347  macroF1=0.7901  edit=41.71  segF1@50=0.46
[t1a][epoch 41/50] loss=0.3727  val_acc=0.9221  macroF1=0.7533  edit=38.10  segF1@50=0.39
[t1a][epoch 42/50] loss=0.4257  val_acc=0.9083  macroF1=0.6883  edit=49.00  segF1@50=0.51
[t1a][epoch 43/50] loss=0.3996  val_acc=0.9116  macroF1=0.7569  edit=31.62  segF1@50=0.40
[t1a][epoch 44/50] loss=0.3686  val_acc=0.9023  macroF1=0.7589  edit=28.28  segF1@50=0.34
[t1a][epoch 45/50] loss=0.3574  val_acc=0.9314  macroF1=0.7857  edit=37.86  segF1@50=0.44
[t1a][epoch 46/50] loss=0.3338  val_acc=0.9300  macroF1=0.7820  edit=43.07  segF1@50=0.49
[t1a][epoch 47/50] loss=0.3238  val_acc=0.9155  macroF1=0.7687  edit=28.55  segF1@50=0.34
[t1a][epoch 48/50] loss=0.3286  val_acc=0.9201  macroF1=0.7492  edit=38.36  segF1@50=0.38
[t1a][epoch 49/50] loss=0.4169  val_acc=0.9089  macroF1=0.6953  edit=39.51  segF1@50=0.40
[t1a][epoch 50/50] loss=0.5183  val_acc=0.8673  macroF1=0.6931  edit=19.26  segF1@50=0.17
[t1a] best @epoch 40: acc=0.9347 macroF1=0.7901
[t1a] evidence written -> /home/ubuntu/slocal2/m2/experiments/transfer/t1a_shuffle_oracle_003_t1a_shuffle_oracle_seed456
