[taux] train clips=13  val clips=3  in_dim=5888  kernel=tecno  feature=movavg  k=3  target=region  region_only=False  classes=9  device=cuda
[taux] evidence dir: /home/ubuntu/slocal/m2/experiments/transfer/taux_tecno_movavgk3_001_taux_tecno_movavgk3_seed42
[taux][epoch 1/50] loss=2.8994  val_acc=0.6495  macroF1=0.2266  edit=33.71  segF1@50=0.25
[taux][epoch 2/50] loss=1.6073  val_acc=0.6772  macroF1=0.2273  edit=21.73  segF1@50=0.22
[taux][epoch 3/50] loss=1.2066  val_acc=0.6766  macroF1=0.2276  edit=31.44  segF1@50=0.27
[taux][epoch 4/50] loss=1.0434  val_acc=0.6878  macroF1=0.2526  edit=30.11  segF1@50=0.26
[taux][epoch 5/50] loss=0.9033  val_acc=0.8033  macroF1=0.4886  edit=31.78  segF1@50=0.26
[taux][epoch 6/50] loss=0.7867  val_acc=0.9142  macroF1=0.7216  edit=52.83  segF1@50=0.55
[taux][epoch 7/50] loss=0.6795  val_acc=0.9241  macroF1=0.7367  edit=63.42  segF1@50=0.63
[taux][epoch 8/50] loss=0.5954  val_acc=0.9248  macroF1=0.7436  edit=67.36  segF1@50=0.64
[taux][epoch 9/50] loss=0.5721  val_acc=0.9248  macroF1=0.7387  edit=49.60  segF1@50=0.45
[taux][epoch 10/50] loss=0.5938  val_acc=0.9228  macroF1=0.7570  edit=57.47  segF1@50=0.60
[taux][epoch 11/50] loss=0.5217  val_acc=0.9248  macroF1=0.7439  edit=46.18  segF1@50=0.42
[taux][epoch 12/50] loss=0.4718  val_acc=0.9327  macroF1=0.7613  edit=68.10  segF1@50=0.66
[taux][epoch 13/50] loss=0.4475  val_acc=0.9228  macroF1=0.7533  edit=48.66  segF1@50=0.44
[taux][epoch 14/50] loss=0.4356  val_acc=0.9353  macroF1=0.7725  edit=45.14  segF1@50=0.45
[taux][epoch 15/50] loss=0.4111  val_acc=0.9261  macroF1=0.7640  edit=46.58  segF1@50=0.48
[taux][epoch 16/50] loss=0.3897  val_acc=0.9314  macroF1=0.7688  edit=44.77  segF1@50=0.45
[taux][epoch 17/50] loss=0.3808  val_acc=0.9281  macroF1=0.7705  edit=45.63  segF1@50=0.47
[taux][epoch 18/50] loss=0.3677  val_acc=0.9333  macroF1=0.7706  edit=57.78  segF1@50=0.59
[taux][epoch 19/50] loss=0.3762  val_acc=0.9340  macroF1=0.7861  edit=45.90  segF1@50=0.45
[taux][epoch 20/50] loss=0.3908  val_acc=0.9294  macroF1=0.7551  edit=44.44  segF1@50=0.43
[taux][epoch 21/50] loss=0.3561  val_acc=0.9327  macroF1=0.7710  edit=42.54  segF1@50=0.43
[taux][epoch 22/50] loss=0.3368  val_acc=0.9380  macroF1=0.7885  edit=41.75  segF1@50=0.43
[taux][epoch 23/50] loss=0.3346  val_acc=0.9294  macroF1=0.7711  edit=44.44  segF1@50=0.45
[taux][epoch 24/50] loss=0.3377  val_acc=0.9366  macroF1=0.7920  edit=49.18  segF1@50=0.54
[taux][epoch 25/50] loss=0.3228  val_acc=0.9347  macroF1=0.7758  edit=43.18  segF1@50=0.44
[taux][epoch 26/50] loss=0.3134  val_acc=0.9281  macroF1=0.7718  edit=44.32  segF1@50=0.41
[taux][epoch 27/50] loss=0.3160  val_acc=0.9380  macroF1=0.7916  edit=42.05  segF1@50=0.43
[taux][epoch 28/50] loss=0.3000  val_acc=0.9386  macroF1=0.7786  edit=37.81  segF1@50=0.41
[taux][epoch 29/50] loss=0.2969  val_acc=0.9314  macroF1=0.7872  edit=41.62  segF1@50=0.39
[taux][epoch 30/50] loss=0.3443  val_acc=0.9340  macroF1=0.7837  edit=45.14  segF1@50=0.51
[taux][epoch 31/50] loss=0.3006  val_acc=0.9360  macroF1=0.7827  edit=42.66  segF1@50=0.45
[taux][epoch 32/50] loss=0.2782  val_acc=0.9294  macroF1=0.7788  edit=35.72  segF1@50=0.39
[taux][epoch 33/50] loss=0.2567  val_acc=0.9347  macroF1=0.7861  edit=38.34  segF1@50=0.42
[taux][epoch 34/50] loss=0.2433  val_acc=0.9413  macroF1=0.7951  edit=42.86  segF1@50=0.45
[taux][epoch 35/50] loss=0.2358  val_acc=0.9353  macroF1=0.7854  edit=43.55  segF1@50=0.44
[taux][epoch 36/50] loss=0.2312  val_acc=0.9406  macroF1=0.7949  edit=41.85  segF1@50=0.45
[taux][epoch 37/50] loss=0.2255  val_acc=0.9373  macroF1=0.7894  edit=43.10  segF1@50=0.44
[taux][epoch 38/50] loss=0.2227  val_acc=0.9419  macroF1=0.7998  edit=42.51  segF1@50=0.44
[taux][epoch 39/50] loss=0.2216  val_acc=0.9353  macroF1=0.7921  edit=44.77  segF1@50=0.50
[taux][epoch 40/50] loss=0.2328  val_acc=0.9380  macroF1=0.7975  edit=45.63  segF1@50=0.51
[taux][epoch 41/50] loss=0.2508  val_acc=0.9267  macroF1=0.7637  edit=44.33  segF1@50=0.43
[taux][epoch 42/50] loss=0.2526  val_acc=0.9452  macroF1=0.8014  edit=32.68  segF1@50=0.39
[taux][epoch 43/50] loss=0.2302  val_acc=0.9340  macroF1=0.7866  edit=42.96  segF1@50=0.44
[taux][epoch 44/50] loss=0.2235  val_acc=0.9472  macroF1=0.8017  edit=37.39  segF1@50=0.47
[taux][epoch 45/50] loss=0.2190  val_acc=0.9380  macroF1=0.7914  edit=37.35  segF1@50=0.42
[taux][epoch 46/50] loss=0.2074  val_acc=0.9340  macroF1=0.7929  edit=41.07  segF1@50=0.43
[taux][epoch 47/50] loss=0.2011  val_acc=0.9439  macroF1=0.8015  edit=44.07  segF1@50=0.45
[taux][epoch 48/50] loss=0.1890  val_acc=0.9406  macroF1=0.7919  edit=39.62  segF1@50=0.41
[taux][epoch 49/50] loss=0.1828  val_acc=0.9386  macroF1=0.7979  edit=45.37  segF1@50=0.46
[taux][epoch 50/50] loss=0.1805  val_acc=0.9413  macroF1=0.7935  edit=39.57  segF1@50=0.41
[taux] best @epoch 44: acc=0.9472 macroF1=0.8017
[taux] evidence written -> /home/ubuntu/slocal/m2/experiments/transfer/taux_tecno_movavgk3_001_taux_tecno_movavgk3_seed42
