[t1a] train clips=13  val clips=3  in_dim=5888  region_only=False  classes=9  device=cuda
[t1a] evidence dir: /home/ubuntu/slocal2/m2/experiments/transfer/t1a_region_mask_11_002_t1a_region_mask_11_seed123
[t1a][epoch 1/50] loss=2.6512  val_acc=0.6851  macroF1=0.2299  edit=31.33  segF1@50=0.28
[t1a][epoch 2/50] loss=1.5651  val_acc=0.6680  macroF1=0.2269  edit=23.64  segF1@50=0.11
[t1a][epoch 3/50] loss=1.1835  val_acc=0.6832  macroF1=0.2325  edit=35.44  segF1@50=0.29
[t1a][epoch 4/50] loss=0.9888  val_acc=0.8020  macroF1=0.4322  edit=29.57  segF1@50=0.27
[t1a][epoch 5/50] loss=0.8533  val_acc=0.8568  macroF1=0.5472  edit=44.75  segF1@50=0.45
[t1a][epoch 6/50] loss=0.7141  val_acc=0.8634  macroF1=0.5757  edit=52.22  segF1@50=0.50
[t1a][epoch 7/50] loss=0.6374  val_acc=0.8614  macroF1=0.5589  edit=35.48  segF1@50=0.38
[t1a][epoch 8/50] loss=0.5991  val_acc=0.9188  macroF1=0.7266  edit=33.95  segF1@50=0.38
[t1a][epoch 9/50] loss=0.5707  val_acc=0.9281  macroF1=0.7755  edit=39.08  segF1@50=0.41
[t1a][epoch 10/50] loss=0.5471  val_acc=0.9208  macroF1=0.7075  edit=39.05  segF1@50=0.38
[t1a][epoch 11/50] loss=0.6309  val_acc=0.9446  macroF1=0.7876  edit=35.58  segF1@50=0.42
[t1a][epoch 12/50] loss=0.5111  val_acc=0.9393  macroF1=0.7939  edit=39.68  segF1@50=0.46
[t1a][epoch 13/50] loss=0.4514  val_acc=0.9413  macroF1=0.7845  edit=35.59  segF1@50=0.43
[t1a][epoch 14/50] loss=0.4192  val_acc=0.9373  macroF1=0.7953  edit=41.67  segF1@50=0.44
[t1a][epoch 15/50] loss=0.3911  val_acc=0.9432  macroF1=0.7957  edit=33.45  segF1@50=0.40
[t1a][epoch 16/50] loss=0.3885  val_acc=0.9333  macroF1=0.7582  edit=40.40  segF1@50=0.46
[t1a][epoch 17/50] loss=0.4507  val_acc=0.9465  macroF1=0.8095  edit=30.35  segF1@50=0.39
[t1a][epoch 18/50] loss=0.4045  val_acc=0.9446  macroF1=0.7976  edit=39.77  segF1@50=0.47
[t1a][epoch 19/50] loss=0.3679  val_acc=0.9465  macroF1=0.7978  edit=33.94  segF1@50=0.41
[t1a][epoch 20/50] loss=0.3372  val_acc=0.9333  macroF1=0.7849  edit=48.81  segF1@50=0.55
[t1a][epoch 21/50] loss=0.3136  val_acc=0.9432  macroF1=0.7907  edit=33.45  segF1@50=0.40
[t1a][epoch 22/50] loss=0.3073  val_acc=0.9426  macroF1=0.7974  edit=37.78  segF1@50=0.43
[t1a][epoch 23/50] loss=0.2941  val_acc=0.9373  macroF1=0.7872  edit=37.16  segF1@50=0.42
[t1a][epoch 24/50] loss=0.3132  val_acc=0.9465  macroF1=0.8016  edit=37.04  segF1@50=0.44
[t1a][epoch 25/50] loss=0.3035  val_acc=0.9386  macroF1=0.7869  edit=35.51  segF1@50=0.41
[t1a][epoch 26/50] loss=0.2875  val_acc=0.9446  macroF1=0.7965  edit=30.20  segF1@50=0.36
[t1a][epoch 27/50] loss=0.3028  val_acc=0.9386  macroF1=0.7791  edit=37.01  segF1@50=0.42
[t1a][epoch 28/50] loss=0.3333  val_acc=0.9419  macroF1=0.7996  edit=28.75  segF1@50=0.34
[t1a][epoch 29/50] loss=0.2921  val_acc=0.9439  macroF1=0.8010  edit=35.29  segF1@50=0.41
[t1a][epoch 30/50] loss=0.2659  val_acc=0.9426  macroF1=0.7977  edit=29.23  segF1@50=0.35
[t1a][epoch 31/50] loss=0.2548  val_acc=0.9452  macroF1=0.7967  edit=36.30  segF1@50=0.43
[t1a][epoch 32/50] loss=0.2401  val_acc=0.9439  macroF1=0.7989  edit=33.84  segF1@50=0.40
[t1a][epoch 33/50] loss=0.2337  val_acc=0.9399  macroF1=0.7938  edit=33.60  segF1@50=0.40
[t1a][epoch 34/50] loss=0.2259  val_acc=0.9432  macroF1=0.7969  edit=34.53  segF1@50=0.41
[t1a][epoch 35/50] loss=0.2189  val_acc=0.9413  macroF1=0.7967  edit=28.25  segF1@50=0.35
[t1a][epoch 36/50] loss=0.2162  val_acc=0.9413  macroF1=0.7937  edit=29.16  segF1@50=0.36
[t1a][epoch 37/50] loss=0.2111  val_acc=0.9419  macroF1=0.7967  edit=28.56  segF1@50=0.36
[t1a][epoch 38/50] loss=0.2078  val_acc=0.9386  macroF1=0.7942  edit=32.91  segF1@50=0.37
[t1a][epoch 39/50] loss=0.2053  val_acc=0.9439  macroF1=0.8056  edit=34.36  segF1@50=0.39
[t1a][epoch 40/50] loss=0.2168  val_acc=0.9386  macroF1=0.7838  edit=32.58  segF1@50=0.39
[t1a][epoch 41/50] loss=0.2292  val_acc=0.9419  macroF1=0.8005  edit=23.98  segF1@50=0.31
[t1a][epoch 42/50] loss=0.2329  val_acc=0.9333  macroF1=0.7793  edit=29.53  segF1@50=0.35
[t1a][epoch 43/50] loss=0.2422  val_acc=0.9314  macroF1=0.7865  edit=28.25  segF1@50=0.31
[t1a][epoch 44/50] loss=0.2371  val_acc=0.9426  macroF1=0.7920  edit=30.06  segF1@50=0.34
[t1a][epoch 45/50] loss=0.2201  val_acc=0.9399  macroF1=0.7945  edit=28.80  segF1@50=0.32
[t1a][epoch 46/50] loss=0.2061  val_acc=0.9399  macroF1=0.7965  edit=34.42  segF1@50=0.41
[t1a][epoch 47/50] loss=0.1982  val_acc=0.9426  macroF1=0.7961  edit=27.35  segF1@50=0.32
[t1a][epoch 48/50] loss=0.1898  val_acc=0.9386  macroF1=0.7932  edit=33.39  segF1@50=0.37
[t1a][epoch 49/50] loss=0.1809  val_acc=0.9446  macroF1=0.8013  edit=25.94  segF1@50=0.32
[t1a][epoch 50/50] loss=0.1739  val_acc=0.9353  macroF1=0.7840  edit=33.80  segF1@50=0.37
[t1a] best @epoch 17: acc=0.9465 macroF1=0.8095
[t1a] evidence written -> /home/ubuntu/slocal2/m2/experiments/transfer/t1a_region_mask_11_002_t1a_region_mask_11_seed123
