[t1a] train clips=13  val clips=3  in_dim=5903  region_only=False  classes=9  device=cuda
[t1a] evidence dir: /home/ubuntu/slocal2/m2/experiments/transfer/t1a_combined_oracle_noise_p020_002_t1a_combined_oracle_noise_p020_seed123
[t1a][epoch 1/50] loss=2.6041  val_acc=0.6858  macroF1=0.2309  edit=23.98  segF1@50=0.19
[t1a][epoch 2/50] loss=1.5952  val_acc=0.6799  macroF1=0.2326  edit=22.20  segF1@50=0.19
[t1a][epoch 3/50] loss=1.1718  val_acc=0.7604  macroF1=0.3586  edit=29.86  segF1@50=0.22
[t1a][epoch 4/50] loss=0.9630  val_acc=0.7861  macroF1=0.3733  edit=29.48  segF1@50=0.25
[t1a][epoch 5/50] loss=0.8180  val_acc=0.8614  macroF1=0.5870  edit=34.50  segF1@50=0.30
[t1a][epoch 6/50] loss=0.7020  val_acc=0.9089  macroF1=0.7114  edit=41.10  segF1@50=0.39
[t1a][epoch 7/50] loss=0.6245  val_acc=0.9188  macroF1=0.7371  edit=42.17  segF1@50=0.45
[t1a][epoch 8/50] loss=0.5636  val_acc=0.9241  macroF1=0.7400  edit=31.73  segF1@50=0.34
[t1a][epoch 9/50] loss=0.5646  val_acc=0.9307  macroF1=0.7709  edit=32.31  segF1@50=0.37
[t1a][epoch 10/50] loss=0.5273  val_acc=0.9135  macroF1=0.6950  edit=34.79  segF1@50=0.30
[t1a][epoch 11/50] loss=0.6010  val_acc=0.9419  macroF1=0.7898  edit=36.30  segF1@50=0.44
[t1a][epoch 12/50] loss=0.4881  val_acc=0.9360  macroF1=0.7778  edit=31.67  segF1@50=0.37
[t1a][epoch 13/50] loss=0.4403  val_acc=0.9386  macroF1=0.7810  edit=36.37  segF1@50=0.42
[t1a][epoch 14/50] loss=0.4077  val_acc=0.9307  macroF1=0.7712  edit=34.95  segF1@50=0.39
[t1a][epoch 15/50] loss=0.3994  val_acc=0.9452  macroF1=0.7990  edit=34.39  segF1@50=0.42
[t1a][epoch 16/50] loss=0.4091  val_acc=0.9254  macroF1=0.7438  edit=37.72  segF1@50=0.41
[t1a][epoch 17/50] loss=0.4745  val_acc=0.9465  macroF1=0.8043  edit=31.85  segF1@50=0.38
[t1a][epoch 18/50] loss=0.3992  val_acc=0.9426  macroF1=0.7967  edit=38.03  segF1@50=0.42
[t1a][epoch 19/50] loss=0.3636  val_acc=0.9386  macroF1=0.7862  edit=33.06  segF1@50=0.38
[t1a][epoch 20/50] loss=0.3368  val_acc=0.9432  macroF1=0.7965  edit=31.52  segF1@50=0.35
[t1a][epoch 21/50] loss=0.3194  val_acc=0.9386  macroF1=0.7791  edit=34.66  segF1@50=0.40
[t1a][epoch 22/50] loss=0.3271  val_acc=0.9446  macroF1=0.8020  edit=31.94  segF1@50=0.37
[t1a][epoch 23/50] loss=0.3566  val_acc=0.9327  macroF1=0.7573  edit=36.19  segF1@50=0.41
[t1a][epoch 24/50] loss=0.3690  val_acc=0.9465  macroF1=0.8034  edit=33.92  segF1@50=0.41
[t1a][epoch 25/50] loss=0.2985  val_acc=0.9439  macroF1=0.7981  edit=30.91  segF1@50=0.37
[t1a][epoch 26/50] loss=0.2771  val_acc=0.9432  macroF1=0.7956  edit=31.60  segF1@50=0.38
[t1a][epoch 27/50] loss=0.2693  val_acc=0.9406  macroF1=0.7938  edit=30.09  segF1@50=0.36
[t1a][epoch 28/50] loss=0.2620  val_acc=0.9366  macroF1=0.7939  edit=38.01  segF1@50=0.41
[t1a][epoch 29/50] loss=0.2568  val_acc=0.9426  macroF1=0.7937  edit=30.56  segF1@50=0.37
[t1a][epoch 30/50] loss=0.2491  val_acc=0.9446  macroF1=0.7983  edit=30.84  segF1@50=0.38
[t1a][epoch 31/50] loss=0.2401  val_acc=0.9446  macroF1=0.7999  edit=30.46  segF1@50=0.37
[t1a][epoch 32/50] loss=0.2299  val_acc=0.9432  macroF1=0.7980  edit=29.95  segF1@50=0.37
[t1a][epoch 33/50] loss=0.2270  val_acc=0.9439  macroF1=0.7964  edit=31.06  segF1@50=0.38
[t1a][epoch 34/50] loss=0.2206  val_acc=0.9432  macroF1=0.7973  edit=29.95  segF1@50=0.37
[t1a][epoch 35/50] loss=0.2253  val_acc=0.9446  macroF1=0.8097  edit=35.58  segF1@50=0.42
[t1a][epoch 36/50] loss=0.2456  val_acc=0.9347  macroF1=0.7756  edit=30.05  segF1@50=0.36
[t1a][epoch 37/50] loss=0.2582  val_acc=0.9439  macroF1=0.8089  edit=31.77  segF1@50=0.35
[t1a][epoch 38/50] loss=0.2374  val_acc=0.9406  macroF1=0.7900  edit=30.73  segF1@50=0.37
[t1a][epoch 39/50] loss=0.2129  val_acc=0.9419  macroF1=0.7948  edit=28.80  segF1@50=0.36
[t1a][epoch 40/50] loss=0.2038  val_acc=0.9432  macroF1=0.7980  edit=28.12  segF1@50=0.35
[t1a][epoch 41/50] loss=0.2010  val_acc=0.9413  macroF1=0.7954  edit=33.97  segF1@50=0.40
[t1a][epoch 42/50] loss=0.1968  val_acc=0.9373  macroF1=0.7920  edit=29.35  segF1@50=0.31
[t1a][epoch 43/50] loss=0.1983  val_acc=0.9373  macroF1=0.7939  edit=33.67  segF1@50=0.37
[t1a][epoch 44/50] loss=0.1888  val_acc=0.9399  macroF1=0.7900  edit=29.77  segF1@50=0.35
[t1a][epoch 45/50] loss=0.1786  val_acc=0.9406  macroF1=0.7937  edit=27.68  segF1@50=0.34
[t1a][epoch 46/50] loss=0.1784  val_acc=0.9426  macroF1=0.7972  edit=28.89  segF1@50=0.36
[t1a][epoch 47/50] loss=0.1778  val_acc=0.9340  macroF1=0.7941  edit=29.44  segF1@50=0.35
[t1a][epoch 48/50] loss=0.1800  val_acc=0.9386  macroF1=0.7876  edit=33.39  segF1@50=0.39
[t1a][epoch 49/50] loss=0.1750  val_acc=0.9393  macroF1=0.7964  edit=29.53  segF1@50=0.35
[t1a][epoch 50/50] loss=0.1701  val_acc=0.9386  macroF1=0.7886  edit=29.77  segF1@50=0.35
[t1a] best @epoch 17: acc=0.9465 macroF1=0.8043
[t1a] evidence written -> /home/ubuntu/slocal2/m2/experiments/transfer/t1a_combined_oracle_noise_p020_002_t1a_combined_oracle_noise_p020_seed123
