[t1a] train clips=13  val clips=3  in_dim=5888  region_only=False  classes=9  device=cuda
[t1a] evidence dir: /home/ubuntu/slocal/m2/experiments/transfer/t1a_3seed_det456_p42_frozen_001_t1a_3seed_det456_p42_frozen_seed42
[t1a][epoch 1/50] loss=2.8721  val_acc=0.6607  macroF1=0.2301  edit=29.70  segF1@50=0.27
[t1a][epoch 2/50] loss=1.6670  val_acc=0.6733  macroF1=0.2295  edit=23.25  segF1@50=0.21
[t1a][epoch 3/50] loss=1.2731  val_acc=0.6607  macroF1=0.2226  edit=25.26  segF1@50=0.20
[t1a][epoch 4/50] loss=1.0860  val_acc=0.7003  macroF1=0.2830  edit=33.33  segF1@50=0.24
[t1a][epoch 5/50] loss=0.9160  val_acc=0.8429  macroF1=0.5491  edit=31.85  segF1@50=0.30
[t1a][epoch 6/50] loss=0.7724  val_acc=0.9281  macroF1=0.7574  edit=50.53  segF1@50=0.55
[t1a][epoch 7/50] loss=0.6460  val_acc=0.9327  macroF1=0.7730  edit=60.00  segF1@50=0.61
[t1a][epoch 8/50] loss=0.5666  val_acc=0.9366  macroF1=0.7824  edit=67.03  segF1@50=0.66
[t1a][epoch 9/50] loss=0.5931  val_acc=0.9320  macroF1=0.7741  edit=45.36  segF1@50=0.45
[t1a][epoch 10/50] loss=0.6678  val_acc=0.9380  macroF1=0.7833  edit=67.97  segF1@50=0.64
[t1a][epoch 11/50] loss=0.5209  val_acc=0.9393  macroF1=0.7964  edit=44.59  segF1@50=0.45
[t1a][epoch 12/50] loss=0.4732  val_acc=0.9406  macroF1=0.7924  edit=34.37  segF1@50=0.39
[t1a][epoch 13/50] loss=0.4376  val_acc=0.9386  macroF1=0.7921  edit=45.63  segF1@50=0.45
[t1a][epoch 14/50] loss=0.4082  val_acc=0.9426  macroF1=0.7966  edit=36.05  segF1@50=0.39
[t1a][epoch 15/50] loss=0.3951  val_acc=0.9386  macroF1=0.7935  edit=47.30  segF1@50=0.46
[t1a][epoch 16/50] loss=0.3932  val_acc=0.9406  macroF1=0.7873  edit=39.44  segF1@50=0.41
[t1a][epoch 17/50] loss=0.4053  val_acc=0.9498  macroF1=0.8119  edit=37.62  segF1@50=0.41
[t1a][epoch 18/50] loss=0.3745  val_acc=0.9446  macroF1=0.7987  edit=36.62  segF1@50=0.39
[t1a][epoch 19/50] loss=0.3585  val_acc=0.9492  macroF1=0.8096  edit=38.12  segF1@50=0.41
[t1a][epoch 20/50] loss=0.3443  val_acc=0.9439  macroF1=0.7967  edit=36.62  segF1@50=0.40
[t1a][epoch 21/50] loss=0.3331  val_acc=0.9426  macroF1=0.7990  edit=44.44  segF1@50=0.44
[t1a][epoch 22/50] loss=0.3109  val_acc=0.9426  macroF1=0.8000  edit=38.89  segF1@50=0.43
[t1a][epoch 23/50] loss=0.3173  val_acc=0.9472  macroF1=0.8119  edit=43.82  segF1@50=0.50
[t1a][epoch 24/50] loss=0.3303  val_acc=0.9439  macroF1=0.8013  edit=41.38  segF1@50=0.45
[t1a][epoch 25/50] loss=0.3319  val_acc=0.9518  macroF1=0.8104  edit=34.39  segF1@50=0.38
[t1a][epoch 26/50] loss=0.4139  val_acc=0.9327  macroF1=0.7636  edit=30.00  segF1@50=0.32
[t1a][epoch 27/50] loss=0.4664  val_acc=0.9426  macroF1=0.7994  edit=37.04  segF1@50=0.41
[t1a][epoch 28/50] loss=0.3622  val_acc=0.9452  macroF1=0.8048  edit=32.89  segF1@50=0.35
[t1a][epoch 29/50] loss=0.3209  val_acc=0.9419  macroF1=0.7997  edit=34.84  segF1@50=0.36
[t1a][epoch 30/50] loss=0.2805  val_acc=0.9479  macroF1=0.8067  edit=30.83  segF1@50=0.34
[t1a][epoch 31/50] loss=0.2712  val_acc=0.9459  macroF1=0.8025  edit=36.37  segF1@50=0.38
[t1a][epoch 32/50] loss=0.2606  val_acc=0.9472  macroF1=0.8048  edit=31.61  segF1@50=0.35
[t1a][epoch 33/50] loss=0.2451  val_acc=0.9465  macroF1=0.8016  edit=33.42  segF1@50=0.35
[t1a][epoch 34/50] loss=0.2421  val_acc=0.9465  macroF1=0.8080  edit=32.73  segF1@50=0.37
[t1a][epoch 35/50] loss=0.2356  val_acc=0.9446  macroF1=0.7995  edit=35.33  segF1@50=0.38
[t1a][epoch 36/50] loss=0.2331  val_acc=0.9472  macroF1=0.8064  edit=30.83  segF1@50=0.34
[t1a][epoch 37/50] loss=0.2381  val_acc=0.9446  macroF1=0.8006  edit=35.49  segF1@50=0.38
[t1a][epoch 38/50] loss=0.2326  val_acc=0.9465  macroF1=0.8031  edit=30.10  segF1@50=0.34
[t1a][epoch 39/50] loss=0.2200  val_acc=0.9419  macroF1=0.7998  edit=33.12  segF1@50=0.35
[t1a][epoch 40/50] loss=0.2181  val_acc=0.9452  macroF1=0.8040  edit=37.90  segF1@50=0.41
[t1a][epoch 41/50] loss=0.2133  val_acc=0.9452  macroF1=0.8041  edit=31.55  segF1@50=0.36
[t1a][epoch 42/50] loss=0.2071  val_acc=0.9413  macroF1=0.8018  edit=37.04  segF1@50=0.39
[t1a][epoch 43/50] loss=0.2007  val_acc=0.9452  macroF1=0.8038  edit=36.25  segF1@50=0.39
[t1a][epoch 44/50] loss=0.1987  val_acc=0.9465  macroF1=0.8028  edit=30.83  segF1@50=0.34
[t1a][epoch 45/50] loss=0.1972  val_acc=0.9419  macroF1=0.8005  edit=29.97  segF1@50=0.36
[t1a][epoch 46/50] loss=0.1968  val_acc=0.9432  macroF1=0.8014  edit=36.25  segF1@50=0.38
[t1a][epoch 47/50] loss=0.1885  val_acc=0.9432  macroF1=0.7991  edit=34.33  segF1@50=0.38
[t1a][epoch 48/50] loss=0.1881  val_acc=0.9452  macroF1=0.8057  edit=29.04  segF1@50=0.36
[t1a][epoch 49/50] loss=0.1837  val_acc=0.9399  macroF1=0.7992  edit=37.46  segF1@50=0.39
[t1a][epoch 50/50] loss=0.1801  val_acc=0.9439  macroF1=0.8011  edit=30.69  segF1@50=0.36
[t1a] best @epoch 25: acc=0.9518 macroF1=0.8104
[t1a] evidence written -> /home/ubuntu/slocal/m2/experiments/transfer/t1a_3seed_det456_p42_frozen_001_t1a_3seed_det456_p42_frozen_seed42
