[t1a] train clips=13  val clips=3  in_dim=5888  region_only=False  classes=9  device=cuda
[t1a] evidence dir: /home/ubuntu/slocal/m2/experiments/transfer/t1a_base_env_001_t1a_base_env_seed42
[t1a][epoch 1/50] loss=2.9027  val_acc=0.6535  macroF1=0.2280  edit=28.44  segF1@50=0.26
[t1a][epoch 2/50] loss=1.6678  val_acc=0.6792  macroF1=0.2294  edit=25.63  segF1@50=0.18
[t1a][epoch 3/50] loss=1.2504  val_acc=0.6746  macroF1=0.2270  edit=29.67  segF1@50=0.22
[t1a][epoch 4/50] loss=1.0613  val_acc=0.6904  macroF1=0.2600  edit=32.78  segF1@50=0.26
[t1a][epoch 5/50] loss=0.9072  val_acc=0.8462  macroF1=0.5559  edit=34.00  segF1@50=0.32
[t1a][epoch 6/50] loss=0.7737  val_acc=0.9274  macroF1=0.7515  edit=43.95  segF1@50=0.49
[t1a][epoch 7/50] loss=0.6518  val_acc=0.9294  macroF1=0.7591  edit=43.95  segF1@50=0.49
[t1a][epoch 8/50] loss=0.5724  val_acc=0.9274  macroF1=0.7553  edit=48.40  segF1@50=0.51
[t1a][epoch 9/50] loss=0.5994  val_acc=0.9347  macroF1=0.7706  edit=40.51  segF1@50=0.42
[t1a][epoch 10/50] loss=0.6103  val_acc=0.9287  macroF1=0.7679  edit=49.78  segF1@50=0.53
[t1a][epoch 11/50] loss=0.5032  val_acc=0.9353  macroF1=0.7810  edit=42.76  segF1@50=0.43
[t1a][epoch 12/50] loss=0.4563  val_acc=0.9419  macroF1=0.7814  edit=42.86  segF1@50=0.49
[t1a][epoch 13/50] loss=0.4299  val_acc=0.9360  macroF1=0.7854  edit=49.18  segF1@50=0.53
[t1a][epoch 14/50] loss=0.4101  val_acc=0.9393  macroF1=0.7823  edit=34.33  segF1@50=0.37
[t1a][epoch 15/50] loss=0.3972  val_acc=0.9406  macroF1=0.7991  edit=43.78  segF1@50=0.48
[t1a][epoch 16/50] loss=0.4001  val_acc=0.9340  macroF1=0.7769  edit=42.48  segF1@50=0.47
[t1a][epoch 17/50] loss=0.4195  val_acc=0.9452  macroF1=0.8063  edit=34.05  segF1@50=0.42
[t1a][epoch 18/50] loss=0.3710  val_acc=0.9446  macroF1=0.7942  edit=35.13  segF1@50=0.43
[t1a][epoch 19/50] loss=0.3496  val_acc=0.9479  macroF1=0.8030  edit=37.63  segF1@50=0.45
[t1a][epoch 20/50] loss=0.3459  val_acc=0.9419  macroF1=0.7879  edit=33.92  segF1@50=0.38
[t1a][epoch 21/50] loss=0.3337  val_acc=0.9406  macroF1=0.7982  edit=37.04  segF1@50=0.42
[t1a][epoch 22/50] loss=0.3090  val_acc=0.9432  macroF1=0.7910  edit=33.73  segF1@50=0.41
[t1a][epoch 23/50] loss=0.3241  val_acc=0.9386  macroF1=0.8010  edit=38.29  segF1@50=0.40
[t1a][epoch 24/50] loss=0.3387  val_acc=0.9399  macroF1=0.7866  edit=37.62  segF1@50=0.43
[t1a][epoch 25/50] loss=0.3281  val_acc=0.9465  macroF1=0.8014  edit=33.94  segF1@50=0.41
[t1a][epoch 26/50] loss=0.3953  val_acc=0.9300  macroF1=0.7549  edit=37.19  segF1@50=0.38
[t1a][epoch 27/50] loss=0.4647  val_acc=0.9353  macroF1=0.7798  edit=27.84  segF1@50=0.33
[t1a][epoch 28/50] loss=0.3805  val_acc=0.9452  macroF1=0.7995  edit=28.56  segF1@50=0.36
[t1a][epoch 29/50] loss=0.3331  val_acc=0.9360  macroF1=0.7974  edit=37.68  segF1@50=0.41
[t1a][epoch 30/50] loss=0.2848  val_acc=0.9485  macroF1=0.8078  edit=27.96  segF1@50=0.35
[t1a][epoch 31/50] loss=0.2730  val_acc=0.9432  macroF1=0.8023  edit=36.25  segF1@50=0.41
[t1a][epoch 32/50] loss=0.2591  val_acc=0.9472  macroF1=0.8059  edit=32.12  segF1@50=0.39
[t1a][epoch 33/50] loss=0.2460  val_acc=0.9432  macroF1=0.8008  edit=33.84  segF1@50=0.40
[t1a][epoch 34/50] loss=0.2391  val_acc=0.9426  macroF1=0.8005  edit=33.84  segF1@50=0.40
[t1a][epoch 35/50] loss=0.2332  val_acc=0.9439  macroF1=0.7994  edit=35.29  segF1@50=0.41
[t1a][epoch 36/50] loss=0.2338  val_acc=0.9432  macroF1=0.8024  edit=33.67  segF1@50=0.39
[t1a][epoch 37/50] loss=0.2467  val_acc=0.9406  macroF1=0.7861  edit=31.98  segF1@50=0.36
[t1a][epoch 38/50] loss=0.2507  val_acc=0.9472  macroF1=0.8097  edit=31.46  segF1@50=0.38
[t1a][epoch 39/50] loss=0.2280  val_acc=0.9360  macroF1=0.7929  edit=36.18  segF1@50=0.40
[t1a][epoch 40/50] loss=0.2229  val_acc=0.9432  macroF1=0.7991  edit=31.62  segF1@50=0.38
[t1a][epoch 41/50] loss=0.2131  val_acc=0.9465  macroF1=0.8037  edit=30.95  segF1@50=0.37
[t1a][epoch 42/50] loss=0.2082  val_acc=0.9386  macroF1=0.7957  edit=34.19  segF1@50=0.39
[t1a][epoch 43/50] loss=0.2008  val_acc=0.9479  macroF1=0.8059  edit=34.95  segF1@50=0.41
[t1a][epoch 44/50] loss=0.1976  val_acc=0.9439  macroF1=0.7985  edit=28.84  segF1@50=0.35
[t1a][epoch 45/50] loss=0.1931  val_acc=0.9452  macroF1=0.8021  edit=28.84  segF1@50=0.35
[t1a][epoch 46/50] loss=0.1933  val_acc=0.9439  macroF1=0.8063  edit=34.48  segF1@50=0.38
[t1a][epoch 47/50] loss=0.1898  val_acc=0.9419  macroF1=0.7932  edit=31.30  segF1@50=0.35
[t1a][epoch 48/50] loss=0.1926  val_acc=0.9472  macroF1=0.8067  edit=33.04  segF1@50=0.39
[t1a][epoch 49/50] loss=0.1869  val_acc=0.9340  macroF1=0.7885  edit=33.01  segF1@50=0.36
[t1a][epoch 50/50] loss=0.1848  val_acc=0.9479  macroF1=0.8046  edit=36.32  segF1@50=0.41
[t1a] best @epoch 30: acc=0.9485 macroF1=0.8078
[t1a] evidence written -> /home/ubuntu/slocal/m2/experiments/transfer/t1a_base_env_001_t1a_base_env_seed42
