Notion logging skipped: HTTPSConnectionPool(host='api.notion.com', port=443): Read timed out. (read timeout=30)
[t1a] train clips=13  val clips=3  in_dim=5888  region_only=False  classes=9  device=cuda
[t1a] evidence dir: /home/ubuntu/slocal2/m2/experiments/transfer/t1a_region_mask_03_002_t1a_region_mask_03_seed123
[t1a][epoch 1/50] loss=2.6339  val_acc=0.6832  macroF1=0.2300  edit=17.46  segF1@50=0.15
[t1a][epoch 2/50] loss=1.5116  val_acc=0.6719  macroF1=0.2277  edit=28.58  segF1@50=0.13
[t1a][epoch 3/50] loss=1.1423  val_acc=0.6825  macroF1=0.2294  edit=24.16  segF1@50=0.23
[t1a][epoch 4/50] loss=0.9471  val_acc=0.8224  macroF1=0.4859  edit=29.15  segF1@50=0.22
[t1a][epoch 5/50] loss=0.8120  val_acc=0.8891  macroF1=0.6462  edit=39.38  segF1@50=0.33
[t1a][epoch 6/50] loss=0.6782  val_acc=0.8818  macroF1=0.6320  edit=41.26  segF1@50=0.38
[t1a][epoch 7/50] loss=0.6234  val_acc=0.9188  macroF1=0.7251  edit=38.89  segF1@50=0.40
[t1a][epoch 8/50] loss=0.5841  val_acc=0.9294  macroF1=0.7452  edit=39.57  segF1@50=0.43
[t1a][epoch 9/50] loss=0.5199  val_acc=0.9261  macroF1=0.7543  edit=36.83  segF1@50=0.41
[t1a][epoch 10/50] loss=0.4724  val_acc=0.9281  macroF1=0.7520  edit=39.08  segF1@50=0.42
[t1a][epoch 11/50] loss=0.4679  val_acc=0.9360  macroF1=0.7735  edit=37.89  segF1@50=0.42
[t1a][epoch 12/50] loss=0.4245  val_acc=0.9307  macroF1=0.7621  edit=39.08  segF1@50=0.41
[t1a][epoch 13/50] loss=0.4249  val_acc=0.9426  macroF1=0.7948  edit=38.36  segF1@50=0.43
[t1a][epoch 14/50] loss=0.4483  val_acc=0.9248  macroF1=0.7395  edit=38.82  segF1@50=0.42
[t1a][epoch 15/50] loss=0.4934  val_acc=0.9465  macroF1=0.8047  edit=31.11  segF1@50=0.39
[t1a][epoch 16/50] loss=0.4172  val_acc=0.9386  macroF1=0.7938  edit=37.68  segF1@50=0.41
[t1a][epoch 17/50] loss=0.3751  val_acc=0.9446  macroF1=0.7965  edit=33.66  segF1@50=0.40
[t1a][epoch 18/50] loss=0.3556  val_acc=0.9314  macroF1=0.7711  edit=40.70  segF1@50=0.44
[t1a][epoch 19/50] loss=0.3531  val_acc=0.9406  macroF1=0.7946  edit=37.90  segF1@50=0.42
[t1a][epoch 20/50] loss=0.3320  val_acc=0.9399  macroF1=0.7876  edit=37.62  segF1@50=0.43
[t1a][epoch 21/50] loss=0.3173  val_acc=0.9426  macroF1=0.7887  edit=37.68  segF1@50=0.43
[t1a][epoch 22/50] loss=0.3020  val_acc=0.9393  macroF1=0.7928  edit=38.29  segF1@50=0.43
[t1a][epoch 23/50] loss=0.2869  val_acc=0.9439  macroF1=0.7975  edit=39.89  segF1@50=0.45
[t1a][epoch 24/50] loss=0.2783  val_acc=0.9419  macroF1=0.7886  edit=38.29  segF1@50=0.44
[t1a][epoch 25/50] loss=0.2744  val_acc=0.9446  macroF1=0.7997  edit=35.89  segF1@50=0.42
[t1a][epoch 26/50] loss=0.2630  val_acc=0.9426  macroF1=0.7891  edit=37.90  segF1@50=0.44
[t1a][epoch 27/50] loss=0.2773  val_acc=0.9439  macroF1=0.8047  edit=35.35  segF1@50=0.42
[t1a][epoch 28/50] loss=0.2878  val_acc=0.9261  macroF1=0.7684  edit=44.13  segF1@50=0.51
[t1a][epoch 29/50] loss=0.2589  val_acc=0.9432  macroF1=0.7899  edit=37.16  segF1@50=0.43
[t1a][epoch 30/50] loss=0.2439  val_acc=0.9439  macroF1=0.7994  edit=29.91  segF1@50=0.36
[t1a][epoch 31/50] loss=0.2426  val_acc=0.9413  macroF1=0.7886  edit=36.38  segF1@50=0.43
[t1a][epoch 32/50] loss=0.2587  val_acc=0.9479  macroF1=0.8060  edit=34.90  segF1@50=0.41
[t1a][epoch 33/50] loss=0.2581  val_acc=0.9366  macroF1=0.7700  edit=38.29  segF1@50=0.44
[t1a][epoch 34/50] loss=0.2903  val_acc=0.9459  macroF1=0.8033  edit=35.43  segF1@50=0.43
[t1a][epoch 35/50] loss=0.2596  val_acc=0.9347  macroF1=0.7652  edit=34.65  segF1@50=0.40
[t1a][epoch 36/50] loss=0.3265  val_acc=0.9432  macroF1=0.8016  edit=33.33  segF1@50=0.37
[t1a][epoch 37/50] loss=0.2704  val_acc=0.9360  macroF1=0.7761  edit=33.99  segF1@50=0.37
[t1a][epoch 38/50] loss=0.2311  val_acc=0.9386  macroF1=0.7864  edit=36.67  segF1@50=0.40
[t1a][epoch 39/50] loss=0.2189  val_acc=0.9413  macroF1=0.7914  edit=31.67  segF1@50=0.35
[t1a][epoch 40/50] loss=0.2102  val_acc=0.9340  macroF1=0.7794  edit=32.74  segF1@50=0.36
[t1a][epoch 41/50] loss=0.2049  val_acc=0.9353  macroF1=0.7910  edit=31.94  segF1@50=0.37
[t1a][epoch 42/50] loss=0.2072  val_acc=0.9373  macroF1=0.7825  edit=33.99  segF1@50=0.37
[t1a][epoch 43/50] loss=0.2108  val_acc=0.9432  macroF1=0.8065  edit=34.81  segF1@50=0.40
[t1a][epoch 44/50] loss=0.2104  val_acc=0.9360  macroF1=0.7784  edit=33.97  segF1@50=0.35
[t1a][epoch 45/50] loss=0.2077  val_acc=0.9366  macroF1=0.7820  edit=32.92  segF1@50=0.39
[t1a][epoch 46/50] loss=0.1880  val_acc=0.9432  macroF1=0.7992  edit=34.49  segF1@50=0.38
[t1a][epoch 47/50] loss=0.1817  val_acc=0.9380  macroF1=0.7909  edit=32.56  segF1@50=0.37
[t1a][epoch 48/50] loss=0.1769  val_acc=0.9386  macroF1=0.7896  edit=33.97  segF1@50=0.35
[t1a][epoch 49/50] loss=0.1689  val_acc=0.9406  macroF1=0.7928  edit=32.92  segF1@50=0.37
[t1a][epoch 50/50] loss=0.1659  val_acc=0.9366  macroF1=0.7870  edit=33.15  segF1@50=0.36
[t1a] best @epoch 32: acc=0.9479 macroF1=0.8060
[t1a] evidence written -> /home/ubuntu/slocal2/m2/experiments/transfer/t1a_region_mask_03_002_t1a_region_mask_03_seed123
