[t1a] train clips=13  val clips=3  in_dim=5888  region_only=False  classes=9  device=cuda
[t1a] evidence dir: /home/ubuntu/slocal2/m2/experiments/transfer/t1a_region_mask_10_003_t1a_region_mask_10_seed456
[t1a][epoch 1/50] loss=2.8055  val_acc=0.4363  macroF1=0.1303  edit=14.88  segF1@50=0.17
[t1a][epoch 2/50] loss=1.8036  val_acc=0.6680  macroF1=0.2243  edit=25.41  segF1@50=0.17
[t1a][epoch 3/50] loss=1.2798  val_acc=0.6772  macroF1=0.2278  edit=31.00  segF1@50=0.23
[t1a][epoch 4/50] loss=1.0437  val_acc=0.7987  macroF1=0.4920  edit=34.05  segF1@50=0.30
[t1a][epoch 5/50] loss=0.8911  val_acc=0.8350  macroF1=0.5274  edit=36.44  segF1@50=0.33
[t1a][epoch 6/50] loss=0.7888  val_acc=0.8449  macroF1=0.5270  edit=38.89  segF1@50=0.31
[t1a][epoch 7/50] loss=0.7389  val_acc=0.8977  macroF1=0.6866  edit=33.24  segF1@50=0.32
[t1a][epoch 8/50] loss=0.6769  val_acc=0.9010  macroF1=0.6844  edit=38.82  segF1@50=0.33
[t1a][epoch 9/50] loss=0.6449  val_acc=0.9215  macroF1=0.7394  edit=32.41  segF1@50=0.33
[t1a][epoch 10/50] loss=0.5464  val_acc=0.9228  macroF1=0.7467  edit=43.40  segF1@50=0.45
[t1a][epoch 11/50] loss=0.5024  val_acc=0.9274  macroF1=0.7629  edit=44.73  segF1@50=0.44
[t1a][epoch 12/50] loss=0.4796  val_acc=0.9347  macroF1=0.7787  edit=37.70  segF1@50=0.44
[t1a][epoch 13/50] loss=0.5223  val_acc=0.9248  macroF1=0.7500  edit=40.74  segF1@50=0.43
[t1a][epoch 14/50] loss=0.6279  val_acc=0.9281  macroF1=0.7688  edit=34.60  segF1@50=0.37
[t1a][epoch 15/50] loss=0.5218  val_acc=0.9380  macroF1=0.7971  edit=37.57  segF1@50=0.42
[t1a][epoch 16/50] loss=0.4851  val_acc=0.9366  macroF1=0.7994  edit=39.52  segF1@50=0.37
[t1a][epoch 17/50] loss=0.4408  val_acc=0.9366  macroF1=0.7964  edit=38.49  segF1@50=0.42
[t1a][epoch 18/50] loss=0.4089  val_acc=0.9419  macroF1=0.8029  edit=30.34  segF1@50=0.35
[t1a][epoch 19/50] loss=0.3812  val_acc=0.9340  macroF1=0.7855  edit=39.81  segF1@50=0.42
[t1a][epoch 20/50] loss=0.3745  val_acc=0.9366  macroF1=0.7987  edit=38.22  segF1@50=0.39
[t1a][epoch 21/50] loss=0.3668  val_acc=0.9386  macroF1=0.7832  edit=37.50  segF1@50=0.43
[t1a][epoch 22/50] loss=0.3639  val_acc=0.9432  macroF1=0.7968  edit=29.35  segF1@50=0.36
[t1a][epoch 23/50] loss=0.3428  val_acc=0.9320  macroF1=0.7860  edit=44.09  segF1@50=0.48
[t1a][epoch 24/50] loss=0.3319  val_acc=0.9439  macroF1=0.7895  edit=36.07  segF1@50=0.42
[t1a][epoch 25/50] loss=0.3388  val_acc=0.9419  macroF1=0.7961  edit=28.98  segF1@50=0.35
[t1a][epoch 26/50] loss=0.3265  val_acc=0.9307  macroF1=0.7841  edit=42.40  segF1@50=0.48
[t1a][epoch 27/50] loss=0.3057  val_acc=0.9373  macroF1=0.7863  edit=35.29  segF1@50=0.40
[t1a][epoch 28/50] loss=0.2849  val_acc=0.9314  macroF1=0.7863  edit=44.95  segF1@50=0.49
[t1a][epoch 29/50] loss=0.2733  val_acc=0.9366  macroF1=0.7858  edit=30.46  segF1@50=0.36
[t1a][epoch 30/50] loss=0.2745  val_acc=0.9386  macroF1=0.7898  edit=31.76  segF1@50=0.38
[t1a][epoch 31/50] loss=0.2831  val_acc=0.9380  macroF1=0.7863  edit=30.13  segF1@50=0.36
[t1a][epoch 32/50] loss=0.2827  val_acc=0.9353  macroF1=0.7894  edit=34.53  segF1@50=0.35
[t1a][epoch 33/50] loss=0.3093  val_acc=0.9254  macroF1=0.7863  edit=32.81  segF1@50=0.33
[t1a][epoch 34/50] loss=0.3012  val_acc=0.9320  macroF1=0.7806  edit=37.68  segF1@50=0.39
[t1a][epoch 35/50] loss=0.2819  val_acc=0.9446  macroF1=0.8037  edit=31.62  segF1@50=0.36
[t1a][epoch 36/50] loss=0.2693  val_acc=0.9333  macroF1=0.7830  edit=29.16  segF1@50=0.34
[t1a][epoch 37/50] loss=0.2496  val_acc=0.9353  macroF1=0.7885  edit=29.73  segF1@50=0.35
[t1a][epoch 38/50] loss=0.2366  val_acc=0.9366  macroF1=0.7841  edit=29.35  segF1@50=0.34
[t1a][epoch 39/50] loss=0.2284  val_acc=0.9406  macroF1=0.7901  edit=29.23  segF1@50=0.36
[t1a][epoch 40/50] loss=0.2234  val_acc=0.9353  macroF1=0.7858  edit=29.58  segF1@50=0.35
[t1a][epoch 41/50] loss=0.2150  val_acc=0.9307  macroF1=0.7834  edit=37.18  segF1@50=0.38
[t1a][epoch 42/50] loss=0.2152  val_acc=0.9380  macroF1=0.7856  edit=28.04  segF1@50=0.34
[t1a][epoch 43/50] loss=0.2045  val_acc=0.9386  macroF1=0.7869  edit=30.34  segF1@50=0.36
[t1a][epoch 44/50] loss=0.2026  val_acc=0.9366  macroF1=0.7873  edit=28.46  segF1@50=0.34
[t1a][epoch 45/50] loss=0.1985  val_acc=0.9320  macroF1=0.7830  edit=34.84  segF1@50=0.39
[t1a][epoch 46/50] loss=0.1954  val_acc=0.9393  macroF1=0.7859  edit=30.16  segF1@50=0.36
[t1a][epoch 47/50] loss=0.1878  val_acc=0.9380  macroF1=0.7856  edit=28.80  segF1@50=0.35
[t1a][epoch 48/50] loss=0.1885  val_acc=0.9347  macroF1=0.7838  edit=29.16  segF1@50=0.34
[t1a][epoch 49/50] loss=0.1871  val_acc=0.9320  macroF1=0.7830  edit=35.62  segF1@50=0.37
[t1a][epoch 50/50] loss=0.1845  val_acc=0.9320  macroF1=0.7879  edit=35.75  segF1@50=0.37
[t1a] best @epoch 35: acc=0.9446 macroF1=0.8037
[t1a] evidence written -> /home/ubuntu/slocal2/m2/experiments/transfer/t1a_region_mask_10_003_t1a_region_mask_10_seed456
