[t1a] train clips=13  val clips=3  in_dim=5903  region_only=False  classes=9  device=cuda
[t1a] evidence dir: /home/ubuntu/slocal2/m2/experiments/transfer/t1a_combined_region_top3_mask_001_t1a_combined_region_top3_mask_seed123
[t1a][epoch 1/50] loss=2.9430  val_acc=0.6799  macroF1=0.2280  edit=15.24  segF1@50=0.13
[t1a][epoch 2/50] loss=2.0684  val_acc=0.6759  macroF1=0.2317  edit=26.76  segF1@50=0.22
[t1a][epoch 3/50] loss=1.5095  val_acc=0.6766  macroF1=0.2332  edit=35.44  segF1@50=0.29
[t1a][epoch 4/50] loss=1.2579  val_acc=0.6772  macroF1=0.2347  edit=31.84  segF1@50=0.23
[t1a][epoch 5/50] loss=1.0859  val_acc=0.7597  macroF1=0.4373  edit=23.71  segF1@50=0.21
[t1a][epoch 6/50] loss=0.9701  val_acc=0.8515  macroF1=0.5497  edit=32.29  segF1@50=0.34
[t1a][epoch 7/50] loss=0.9165  val_acc=0.8422  macroF1=0.5603  edit=38.56  segF1@50=0.31
[t1a][epoch 8/50] loss=0.8331  val_acc=0.8495  macroF1=0.5424  edit=44.09  segF1@50=0.36
[t1a][epoch 9/50] loss=0.7310  val_acc=0.8634  macroF1=0.5794  edit=38.19  segF1@50=0.33
[t1a][epoch 10/50] loss=0.7007  val_acc=0.8719  macroF1=0.5983  edit=33.84  segF1@50=0.26
[t1a][epoch 11/50] loss=0.6754  val_acc=0.8568  macroF1=0.5806  edit=34.91  segF1@50=0.29
[t1a][epoch 12/50] loss=0.6005  val_acc=0.8594  macroF1=0.5668  edit=34.52  segF1@50=0.32
[t1a][epoch 13/50] loss=0.5643  val_acc=0.8627  macroF1=0.6245  edit=33.41  segF1@50=0.30
[t1a][epoch 14/50] loss=0.5688  val_acc=0.8693  macroF1=0.5756  edit=32.67  segF1@50=0.32
[t1a][epoch 15/50] loss=0.5769  val_acc=0.8607  macroF1=0.6507  edit=32.46  segF1@50=0.31
[t1a][epoch 16/50] loss=0.5360  val_acc=0.8865  macroF1=0.6266  edit=32.95  segF1@50=0.29
[t1a][epoch 17/50] loss=0.4696  val_acc=0.8851  macroF1=0.6685  edit=35.50  segF1@50=0.28
[t1a][epoch 18/50] loss=0.4363  val_acc=0.8937  macroF1=0.6780  edit=35.28  segF1@50=0.30
[t1a][epoch 19/50] loss=0.4182  val_acc=0.8904  macroF1=0.6474  edit=33.67  segF1@50=0.31
[t1a][epoch 20/50] loss=0.4079  val_acc=0.8931  macroF1=0.6884  edit=37.67  segF1@50=0.34
[t1a][epoch 21/50] loss=0.3848  val_acc=0.8983  macroF1=0.6795  edit=38.05  segF1@50=0.30
[t1a][epoch 22/50] loss=0.3638  val_acc=0.9069  macroF1=0.7098  edit=37.48  segF1@50=0.34
[t1a][epoch 23/50] loss=0.3687  val_acc=0.8937  macroF1=0.6773  edit=36.19  segF1@50=0.30
[t1a][epoch 24/50] loss=0.3606  val_acc=0.9017  macroF1=0.6890  edit=32.40  segF1@50=0.28
[t1a][epoch 25/50] loss=0.3627  val_acc=0.9043  macroF1=0.7225  edit=33.80  segF1@50=0.32
[t1a][epoch 26/50] loss=0.3395  val_acc=0.9036  macroF1=0.6936  edit=35.99  segF1@50=0.33
[t1a][epoch 27/50] loss=0.3492  val_acc=0.8878  macroF1=0.6452  edit=33.68  segF1@50=0.28
[t1a][epoch 28/50] loss=0.3978  val_acc=0.9023  macroF1=0.7226  edit=34.35  segF1@50=0.33
[t1a][epoch 29/50] loss=0.3424  val_acc=0.8944  macroF1=0.6693  edit=34.52  segF1@50=0.31
[t1a][epoch 30/50] loss=0.3158  val_acc=0.9096  macroF1=0.7207  edit=36.19  segF1@50=0.34
[t1a][epoch 31/50] loss=0.2961  val_acc=0.9109  macroF1=0.7261  edit=36.72  segF1@50=0.35
[t1a][epoch 32/50] loss=0.2791  val_acc=0.9129  macroF1=0.7393  edit=37.14  segF1@50=0.36
[t1a][epoch 33/50] loss=0.2727  val_acc=0.9116  macroF1=0.7331  edit=34.96  segF1@50=0.37
[t1a][epoch 34/50] loss=0.2841  val_acc=0.9089  macroF1=0.7165  edit=36.99  segF1@50=0.35
[t1a][epoch 35/50] loss=0.3029  val_acc=0.8884  macroF1=0.7256  edit=31.23  segF1@50=0.33
[t1a][epoch 36/50] loss=0.3271  val_acc=0.8898  macroF1=0.6446  edit=31.36  segF1@50=0.28
[t1a][epoch 37/50] loss=0.2804  val_acc=0.9036  macroF1=0.7200  edit=36.56  segF1@50=0.35
[t1a][epoch 38/50] loss=0.2615  val_acc=0.9155  macroF1=0.7328  edit=37.50  segF1@50=0.37
[t1a][epoch 39/50] loss=0.2640  val_acc=0.9102  macroF1=0.7447  edit=30.81  segF1@50=0.32
[t1a][epoch 40/50] loss=0.2957  val_acc=0.8950  macroF1=0.6419  edit=30.44  segF1@50=0.29
[t1a][epoch 41/50] loss=0.3388  val_acc=0.8964  macroF1=0.7104  edit=32.35  segF1@50=0.33
[t1a][epoch 42/50] loss=0.2974  val_acc=0.9129  macroF1=0.7214  edit=33.98  segF1@50=0.33
[t1a][epoch 43/50] loss=0.2949  val_acc=0.9010  macroF1=0.7110  edit=23.40  segF1@50=0.27
[t1a][epoch 44/50] loss=0.2972  val_acc=0.8904  macroF1=0.6836  edit=34.70  segF1@50=0.28
[t1a][epoch 45/50] loss=0.3381  val_acc=0.8990  macroF1=0.7237  edit=22.91  segF1@50=0.24
[t1a][epoch 46/50] loss=0.3914  val_acc=0.9116  macroF1=0.7264  edit=28.54  segF1@50=0.30
[t1a][epoch 47/50] loss=0.5830  val_acc=0.9043  macroF1=0.7038  edit=25.33  segF1@50=0.28
[t1a][epoch 48/50] loss=0.3534  val_acc=0.9135  macroF1=0.7351  edit=29.91  segF1@50=0.34
[t1a][epoch 49/50] loss=0.3189  val_acc=0.9063  macroF1=0.7011  edit=35.87  segF1@50=0.34
[t1a][epoch 50/50] loss=0.3415  val_acc=0.9003  macroF1=0.7114  edit=32.54  segF1@50=0.33
[t1a] best @epoch 38: acc=0.9155 macroF1=0.7328
[t1a] evidence written -> /home/ubuntu/slocal2/m2/experiments/transfer/t1a_combined_region_top3_mask_001_t1a_combined_region_top3_mask_seed123
