[t1a] train clips=13  val clips=3  in_dim=5888  region_only=False  classes=9  device=cuda
[t1a] evidence dir: /home/ubuntu/slocal/m2/experiments/transfer/t1a_3seed_det42_p456_frozen_001_t1a_3seed_det42_p456_frozen_seed456
[t1a][epoch 1/50] loss=2.7636  val_acc=0.6304  macroF1=0.2133  edit=16.57  segF1@50=0.20
[t1a][epoch 2/50] loss=1.7135  val_acc=0.6799  macroF1=0.2293  edit=29.33  segF1@50=0.22
[t1a][epoch 3/50] loss=1.1778  val_acc=0.6799  macroF1=0.2281  edit=31.45  segF1@50=0.28
[t1a][epoch 4/50] loss=0.9707  val_acc=0.8191  macroF1=0.5200  edit=30.24  segF1@50=0.23
[t1a][epoch 5/50] loss=0.8396  val_acc=0.8515  macroF1=0.5500  edit=36.02  segF1@50=0.32
[t1a][epoch 6/50] loss=0.7308  val_acc=0.8607  macroF1=0.5643  edit=42.96  segF1@50=0.39
[t1a][epoch 7/50] loss=0.6563  val_acc=0.8785  macroF1=0.6240  edit=49.60  segF1@50=0.47
[t1a][epoch 8/50] loss=0.7421  val_acc=0.9056  macroF1=0.6633  edit=36.13  segF1@50=0.33
[t1a][epoch 9/50] loss=0.6897  val_acc=0.9294  macroF1=0.7512  edit=35.96  segF1@50=0.38
[t1a][epoch 10/50] loss=0.5710  val_acc=0.9314  macroF1=0.7600  edit=45.45  segF1@50=0.48
[t1a][epoch 11/50] loss=0.5137  val_acc=0.9294  macroF1=0.7588  edit=43.18  segF1@50=0.46
[t1a][epoch 12/50] loss=0.4735  val_acc=0.9353  macroF1=0.7666  edit=44.59  segF1@50=0.48
[t1a][epoch 13/50] loss=0.4525  val_acc=0.9314  macroF1=0.7672  edit=47.78  segF1@50=0.51
[t1a][epoch 14/50] loss=0.4724  val_acc=0.9386  macroF1=0.7927  edit=42.00  segF1@50=0.46
[t1a][epoch 15/50] loss=0.4335  val_acc=0.9439  macroF1=0.7920  edit=43.16  segF1@50=0.49
[t1a][epoch 16/50] loss=0.4148  val_acc=0.9426  macroF1=0.7935  edit=43.59  segF1@50=0.48
[t1a][epoch 17/50] loss=0.3858  val_acc=0.9386  macroF1=0.7903  edit=44.44  segF1@50=0.49
[t1a][epoch 18/50] loss=0.3703  val_acc=0.9399  macroF1=0.7824  edit=39.44  segF1@50=0.45
[t1a][epoch 19/50] loss=0.3474  val_acc=0.9459  macroF1=0.7958  edit=39.44  segF1@50=0.46
[t1a][epoch 20/50] loss=0.3353  val_acc=0.9380  macroF1=0.7848  edit=42.86  segF1@50=0.48
[t1a][epoch 21/50] loss=0.3339  val_acc=0.9432  macroF1=0.8021  edit=37.86  segF1@50=0.44
[t1a][epoch 22/50] loss=0.3502  val_acc=0.9307  macroF1=0.7616  edit=44.07  segF1@50=0.45
[t1a][epoch 23/50] loss=0.3504  val_acc=0.9465  macroF1=0.8016  edit=38.82  segF1@50=0.45
[t1a][epoch 24/50] loss=0.3339  val_acc=0.9406  macroF1=0.7884  edit=40.50  segF1@50=0.45
[t1a][epoch 25/50] loss=0.3141  val_acc=0.9393  macroF1=0.7711  edit=39.07  segF1@50=0.46
[t1a][epoch 26/50] loss=0.2938  val_acc=0.9366  macroF1=0.7932  edit=39.57  segF1@50=0.43
[t1a][epoch 27/50] loss=0.2819  val_acc=0.9419  macroF1=0.7908  edit=38.96  segF1@50=0.46
[t1a][epoch 28/50] loss=0.2675  val_acc=0.9380  macroF1=0.7860  edit=35.96  segF1@50=0.42
[t1a][epoch 29/50] loss=0.2590  val_acc=0.9439  macroF1=0.7941  edit=33.45  segF1@50=0.40
[t1a][epoch 30/50] loss=0.2553  val_acc=0.9439  macroF1=0.7938  edit=38.82  segF1@50=0.45
[t1a][epoch 31/50] loss=0.2465  val_acc=0.9426  macroF1=0.7938  edit=39.57  segF1@50=0.46
[t1a][epoch 32/50] loss=0.2429  val_acc=0.9439  macroF1=0.7948  edit=34.40  segF1@50=0.41
[t1a][epoch 33/50] loss=0.2354  val_acc=0.9419  macroF1=0.7950  edit=37.78  segF1@50=0.44
[t1a][epoch 34/50] loss=0.2271  val_acc=0.9432  macroF1=0.7974  edit=38.10  segF1@50=0.44
[t1a][epoch 35/50] loss=0.2211  val_acc=0.9373  macroF1=0.7917  edit=35.96  segF1@50=0.42
[t1a][epoch 36/50] loss=0.2291  val_acc=0.9432  macroF1=0.8054  edit=32.31  segF1@50=0.38
[t1a][epoch 37/50] loss=0.2888  val_acc=0.9221  macroF1=0.7557  edit=45.45  segF1@50=0.49
[t1a][epoch 38/50] loss=0.3559  val_acc=0.9439  macroF1=0.8011  edit=26.19  segF1@50=0.35
[t1a][epoch 39/50] loss=0.3181  val_acc=0.9333  macroF1=0.7850  edit=22.52  segF1@50=0.27
[t1a][epoch 40/50] loss=0.3765  val_acc=0.9228  macroF1=0.7871  edit=44.80  segF1@50=0.46
[t1a][epoch 41/50] loss=0.2902  val_acc=0.9426  macroF1=0.7895  edit=30.16  segF1@50=0.37
[t1a][epoch 42/50] loss=0.2543  val_acc=0.9333  macroF1=0.7824  edit=35.29  segF1@50=0.40
[t1a][epoch 43/50] loss=0.2255  val_acc=0.9426  macroF1=0.8050  edit=34.78  segF1@50=0.42
[t1a][epoch 44/50] loss=0.2149  val_acc=0.9413  macroF1=0.7913  edit=36.11  segF1@50=0.41
[t1a][epoch 45/50] loss=0.2062  val_acc=0.9380  macroF1=0.8024  edit=33.97  segF1@50=0.39
[t1a][epoch 46/50] loss=0.2052  val_acc=0.9419  macroF1=0.7864  edit=32.91  segF1@50=0.39
[t1a][epoch 47/50] loss=0.1989  val_acc=0.9399  macroF1=0.8000  edit=34.78  segF1@50=0.40
[t1a][epoch 48/50] loss=0.2025  val_acc=0.9373  macroF1=0.7808  edit=29.20  segF1@50=0.33
[t1a][epoch 49/50] loss=0.2082  val_acc=0.9399  macroF1=0.8008  edit=33.67  segF1@50=0.37
[t1a][epoch 50/50] loss=0.1971  val_acc=0.9386  macroF1=0.7797  edit=37.07  segF1@50=0.42
[t1a] best @epoch 23: acc=0.9465 macroF1=0.8016
[t1a] evidence written -> /home/ubuntu/slocal/m2/experiments/transfer/t1a_3seed_det42_p456_frozen_001_t1a_3seed_det42_p456_frozen_seed456
