[t1a] train clips=13  val clips=3  in_dim=5888  region_only=False  classes=9  device=cuda
[t1a] evidence dir: /home/ubuntu/slocal2/m2/experiments/transfer/t1a_region_mask_00_003_t1a_region_mask_00_seed456
[t1a][epoch 1/50] loss=2.8102  val_acc=0.5901  macroF1=0.1986  edit=16.57  segF1@50=0.18
[t1a][epoch 2/50] loss=1.7661  val_acc=0.6785  macroF1=0.2285  edit=25.23  segF1@50=0.18
[t1a][epoch 3/50] loss=1.2400  val_acc=0.6799  macroF1=0.2282  edit=35.04  segF1@50=0.31
[t1a][epoch 4/50] loss=1.0313  val_acc=0.8165  macroF1=0.4927  edit=29.89  segF1@50=0.18
[t1a][epoch 5/50] loss=0.9060  val_acc=0.8462  macroF1=0.5206  edit=30.44  segF1@50=0.26
[t1a][epoch 6/50] loss=0.8206  val_acc=0.8469  macroF1=0.5082  edit=36.11  segF1@50=0.29
[t1a][epoch 7/50] loss=0.7530  val_acc=0.8713  macroF1=0.5720  edit=36.52  segF1@50=0.34
[t1a][epoch 8/50] loss=0.6742  val_acc=0.9116  macroF1=0.6832  edit=39.21  segF1@50=0.36
[t1a][epoch 9/50] loss=0.6994  val_acc=0.9142  macroF1=0.6720  edit=29.06  segF1@50=0.33
[t1a][epoch 10/50] loss=0.6444  val_acc=0.9155  macroF1=0.6776  edit=31.00  segF1@50=0.34
[t1a][epoch 11/50] loss=0.5499  val_acc=0.9116  macroF1=0.6899  edit=38.58  segF1@50=0.38
[t1a][epoch 12/50] loss=0.4991  val_acc=0.9195  macroF1=0.7034  edit=39.44  segF1@50=0.39
[t1a][epoch 13/50] loss=0.5132  val_acc=0.9188  macroF1=0.6813  edit=39.67  segF1@50=0.42
[t1a][epoch 14/50] loss=0.6780  val_acc=0.9168  macroF1=0.7161  edit=39.35  segF1@50=0.38
[t1a][epoch 15/50] loss=0.5404  val_acc=0.9195  macroF1=0.6961  edit=38.52  segF1@50=0.38
[t1a][epoch 16/50] loss=0.5010  val_acc=0.9188  macroF1=0.7424  edit=34.52  segF1@50=0.33
[t1a][epoch 17/50] loss=0.4417  val_acc=0.9208  macroF1=0.7251  edit=40.25  segF1@50=0.38
[t1a][epoch 18/50] loss=0.4085  val_acc=0.9281  macroF1=0.7285  edit=37.09  segF1@50=0.37
[t1a][epoch 19/50] loss=0.3745  val_acc=0.9208  macroF1=0.7316  edit=41.32  segF1@50=0.41
[t1a][epoch 20/50] loss=0.3593  val_acc=0.9274  macroF1=0.7358  edit=47.47  segF1@50=0.48
[t1a][epoch 21/50] loss=0.3433  val_acc=0.9307  macroF1=0.7434  edit=43.53  segF1@50=0.44
[t1a][epoch 22/50] loss=0.3341  val_acc=0.9281  macroF1=0.7417  edit=43.53  segF1@50=0.44
[t1a][epoch 23/50] loss=0.3190  val_acc=0.9281  macroF1=0.7498  edit=41.48  segF1@50=0.39
[t1a][epoch 24/50] loss=0.3090  val_acc=0.9241  macroF1=0.7072  edit=36.17  segF1@50=0.39
[t1a][epoch 25/50] loss=0.3151  val_acc=0.9307  macroF1=0.7611  edit=39.13  segF1@50=0.41
[t1a][epoch 26/50] loss=0.3326  val_acc=0.9195  macroF1=0.6974  edit=36.78  segF1@50=0.38
[t1a][epoch 27/50] loss=0.3190  val_acc=0.9261  macroF1=0.7683  edit=36.44  segF1@50=0.39
[t1a][epoch 28/50] loss=0.2954  val_acc=0.9248  macroF1=0.7144  edit=38.02  segF1@50=0.42
[t1a][epoch 29/50] loss=0.2785  val_acc=0.9393  macroF1=0.7764  edit=34.01  segF1@50=0.38
[t1a][epoch 30/50] loss=0.2842  val_acc=0.9333  macroF1=0.7704  edit=38.36  segF1@50=0.41
[t1a][epoch 31/50] loss=0.3091  val_acc=0.9241  macroF1=0.6949  edit=31.13  segF1@50=0.36
[t1a][epoch 32/50] loss=0.2888  val_acc=0.9175  macroF1=0.7343  edit=37.00  segF1@50=0.36
[t1a][epoch 33/50] loss=0.2757  val_acc=0.9294  macroF1=0.7459  edit=38.79  segF1@50=0.38
[t1a][epoch 34/50] loss=0.2463  val_acc=0.9327  macroF1=0.7563  edit=38.29  segF1@50=0.40
[t1a][epoch 35/50] loss=0.2400  val_acc=0.9320  macroF1=0.7471  edit=38.12  segF1@50=0.42
[t1a][epoch 36/50] loss=0.2472  val_acc=0.9248  macroF1=0.7660  edit=33.88  segF1@50=0.37
[t1a][epoch 37/50] loss=0.2566  val_acc=0.9241  macroF1=0.7007  edit=34.62  segF1@50=0.36
[t1a][epoch 38/50] loss=0.2704  val_acc=0.9320  macroF1=0.7650  edit=36.05  segF1@50=0.39
[t1a][epoch 39/50] loss=0.2491  val_acc=0.9248  macroF1=0.7310  edit=31.92  segF1@50=0.33
[t1a][epoch 40/50] loss=0.2285  val_acc=0.9340  macroF1=0.7810  edit=34.81  segF1@50=0.37
[t1a][epoch 41/50] loss=0.2194  val_acc=0.9274  macroF1=0.7244  edit=40.48  segF1@50=0.42
[t1a][epoch 42/50] loss=0.2119  val_acc=0.9353  macroF1=0.7683  edit=36.05  segF1@50=0.38
[t1a][epoch 43/50] loss=0.2006  val_acc=0.9307  macroF1=0.7527  edit=36.24  segF1@50=0.40
[t1a][epoch 44/50] loss=0.1989  val_acc=0.9386  macroF1=0.7785  edit=36.56  segF1@50=0.40
[t1a][epoch 45/50] loss=0.1955  val_acc=0.9281  macroF1=0.7274  edit=38.24  segF1@50=0.40
[t1a][epoch 46/50] loss=0.1969  val_acc=0.9340  macroF1=0.7790  edit=29.97  segF1@50=0.32
[t1a][epoch 47/50] loss=0.1953  val_acc=0.9294  macroF1=0.7504  edit=36.61  segF1@50=0.39
[t1a][epoch 48/50] loss=0.1882  val_acc=0.9386  macroF1=0.7810  edit=35.62  segF1@50=0.38
[t1a][epoch 49/50] loss=0.1807  val_acc=0.9307  macroF1=0.7541  edit=37.50  segF1@50=0.39
[t1a][epoch 50/50] loss=0.1786  val_acc=0.9373  macroF1=0.7843  edit=33.55  segF1@50=0.36
[t1a] best @epoch 29: acc=0.9393 macroF1=0.7764
[t1a] evidence written -> /home/ubuntu/slocal2/m2/experiments/transfer/t1a_region_mask_00_003_t1a_region_mask_00_seed456
