[t1a-bd] train clips=13  val clips=3  in_dim=5888  classes=9  boundary(w=1.0 pos_w=14.70 dilate=1 tau=0.5)  device=cuda
[t1a-bd] evidence dir: /home/ubuntu/slocal/m2/experiments/transfer/t1a_boundary_001_t1a_boundary_seed42
[t1a-bd][ep 1/50] loss=4.2767 bd=1.2562 || plain acc=0.6515 edit=29.48 segF1@50=0.300 || sticky acc=0.4508 edit=23.56 segF1@50=0.222
[t1a-bd][ep 2/50] loss=2.7549 bd=1.0998 || plain acc=0.6799 edit=28.50 segF1@50=0.201 || sticky acc=0.5274 edit=30.18 segF1@50=0.211
[t1a-bd][ep 3/50] loss=2.1763 bd=0.9441 || plain acc=0.6779 edit=28.09 segF1@50=0.194 || sticky acc=0.5201 edit=32.31 segF1@50=0.201
[t1a-bd][ep 4/50] loss=1.9382 bd=0.8779 || plain acc=0.6957 edit=30.11 segF1@50=0.285 || sticky acc=0.5314 edit=28.78 segF1@50=0.259
[t1a-bd][ep 5/50] loss=1.7259 bd=0.7883 || plain acc=0.7974 edit=34.89 segF1@50=0.320 || sticky acc=0.6343 edit=40.24 segF1@50=0.389
[t1a-bd][ep 6/50] loss=1.5728 bd=0.7387 || plain acc=0.9314 edit=43.23 segF1@50=0.496 || sticky acc=0.9254 edit=45.45 segF1@50=0.508
[t1a-bd][ep 7/50] loss=1.4190 bd=0.7054 || plain acc=0.9287 edit=48.84 segF1@50=0.537 || sticky acc=0.8937 edit=55.48 segF1@50=0.618
[t1a-bd][ep 8/50] loss=1.3294 bd=0.6706 || plain acc=0.9248 edit=51.59 segF1@50=0.519 || sticky acc=0.7571 edit=53.33 segF1@50=0.618
[t1a-bd][ep 9/50] loss=1.3472 bd=0.6283 || plain acc=0.9300 edit=30.89 segF1@50=0.360 || sticky acc=0.6205 edit=47.15 segF1@50=0.509
[t1a-bd][ep 10/50] loss=1.2750 bd=0.6399 || plain acc=0.9300 edit=47.52 segF1@50=0.520 || sticky acc=0.9307 edit=54.00 segF1@50=0.617
[t1a-bd][ep 11/50] loss=1.2398 bd=0.6472 || plain acc=0.9366 edit=40.45 segF1@50=0.425 || sticky acc=0.8409 edit=42.33 segF1@50=0.426
[t1a-bd][ep 12/50] loss=1.0690 bd=0.5527 || plain acc=0.9333 edit=43.49 segF1@50=0.470 || sticky acc=0.7677 edit=52.63 segF1@50=0.543
[t1a-bd][ep 13/50] loss=1.0266 bd=0.5271 || plain acc=0.9360 edit=42.86 segF1@50=0.467 || sticky acc=0.9287 edit=51.75 segF1@50=0.576
[t1a-bd][ep 14/50] loss=0.9691 bd=0.4915 || plain acc=0.9386 edit=37.52 segF1@50=0.389 || sticky acc=0.7993 edit=41.19 segF1@50=0.289
[t1a-bd][ep 15/50] loss=0.9245 bd=0.4540 || plain acc=0.9386 edit=48.10 segF1@50=0.502 || sticky acc=0.7690 edit=55.29 segF1@50=0.586
[t1a-bd][ep 16/50] loss=0.8769 bd=0.4308 || plain acc=0.9340 edit=43.52 segF1@50=0.465 || sticky acc=0.8330 edit=49.72 segF1@50=0.540
[t1a-bd][ep 17/50] loss=0.8415 bd=0.4005 || plain acc=0.9386 edit=45.92 segF1@50=0.504 || sticky acc=0.8752 edit=52.86 segF1@50=0.533
[t1a-bd][ep 18/50] loss=0.8154 bd=0.3935 || plain acc=0.9353 edit=35.44 segF1@50=0.404 || sticky acc=0.7954 edit=44.96 segF1@50=0.319
[t1a-bd][ep 19/50] loss=0.7919 bd=0.3666 || plain acc=0.9439 edit=42.26 segF1@50=0.475 || sticky acc=0.9069 edit=50.43 segF1@50=0.540
[t1a-bd][ep 20/50] loss=0.7740 bd=0.3576 || plain acc=0.9386 edit=37.88 segF1@50=0.428 || sticky acc=0.8983 edit=40.26 segF1@50=0.360
[t1a-bd][ep 21/50] loss=0.7354 bd=0.3397 || plain acc=0.9360 edit=35.56 segF1@50=0.392 || sticky acc=0.8667 edit=43.42 segF1@50=0.279
[t1a-bd][ep 22/50] loss=0.6777 bd=0.2923 || plain acc=0.9327 edit=34.35 segF1@50=0.366 || sticky acc=0.7248 edit=47.47 segF1@50=0.451
[t1a-bd][ep 23/50] loss=0.7079 bd=0.2939 || plain acc=0.9380 edit=34.07 segF1@50=0.371 || sticky acc=0.8363 edit=51.61 segF1@50=0.519
[t1a-bd][ep 24/50] loss=0.7280 bd=0.3311 || plain acc=0.9432 edit=33.45 segF1@50=0.403 || sticky acc=0.8383 edit=41.35 segF1@50=0.456
[t1a-bd][ep 25/50] loss=0.8074 bd=0.4306 || plain acc=0.9373 edit=32.24 segF1@50=0.370 || sticky acc=0.8904 edit=41.90 segF1@50=0.389
[t1a-bd][ep 26/50] loss=0.7020 bd=0.3197 || plain acc=0.9373 edit=33.16 segF1@50=0.349 || sticky acc=0.6983 edit=50.74 segF1@50=0.453
[t1a-bd][ep 27/50] loss=0.6908 bd=0.3345 || plain acc=0.9406 edit=37.78 segF1@50=0.429 || sticky acc=0.8931 edit=46.32 segF1@50=0.503
[t1a-bd][ep 28/50] loss=0.6267 bd=0.2837 || plain acc=0.9386 edit=31.64 segF1@50=0.351 || sticky acc=0.8554 edit=34.80 segF1@50=0.262
[t1a-bd][ep 29/50] loss=0.5633 bd=0.2286 || plain acc=0.9366 edit=45.98 segF1@50=0.510 || sticky acc=0.6964 edit=52.86 segF1@50=0.524
[t1a-bd][ep 30/50] loss=0.5207 bd=0.1895 || plain acc=0.9393 edit=31.64 segF1@50=0.351 || sticky acc=0.8370 edit=35.72 segF1@50=0.287
[t1a-bd][ep 31/50] loss=0.4863 bd=0.1600 || plain acc=0.9360 edit=32.24 segF1@50=0.370 || sticky acc=0.8409 edit=54.44 segF1@50=0.496
[t1a-bd][ep 32/50] loss=0.4742 bd=0.1557 || plain acc=0.9340 edit=34.35 segF1@50=0.391 || sticky acc=0.7578 edit=49.36 segF1@50=0.485
[t1a-bd][ep 33/50] loss=0.4430 bd=0.1227 || plain acc=0.9446 edit=33.59 segF1@50=0.399 || sticky acc=0.7855 edit=54.19 segF1@50=0.574
[t1a-bd][ep 34/50] loss=0.4665 bd=0.1282 || plain acc=0.9300 edit=32.94 segF1@50=0.373 || sticky acc=0.8317 edit=52.07 segF1@50=0.469
[t1a-bd][ep 35/50] loss=0.5547 bd=0.1682 || plain acc=0.9406 edit=30.73 segF1@50=0.368 || sticky acc=0.6990 edit=57.33 segF1@50=0.587
[t1a-bd][ep 36/50] loss=0.5301 bd=0.2045 || plain acc=0.9327 edit=33.33 segF1@50=0.379 || sticky acc=0.8449 edit=51.78 segF1@50=0.553
[t1a-bd][ep 37/50] loss=0.4887 bd=0.1746 || plain acc=0.9386 edit=30.03 segF1@50=0.334 || sticky acc=0.8152 edit=38.14 segF1@50=0.233
[t1a-bd][ep 38/50] loss=0.5011 bd=0.1966 || plain acc=0.9432 edit=31.25 segF1@50=0.369 || sticky acc=0.7875 edit=44.70 segF1@50=0.439
[t1a-bd][ep 39/50] loss=0.4579 bd=0.1669 || plain acc=0.9393 edit=33.17 segF1@50=0.385 || sticky acc=0.8205 edit=53.11 segF1@50=0.492
[t1a-bd][ep 40/50] loss=0.4022 bd=0.1202 || plain acc=0.9380 edit=32.85 segF1@50=0.388 || sticky acc=0.6970 edit=51.52 segF1@50=0.419
[t1a-bd][ep 41/50] loss=0.3802 bd=0.1036 || plain acc=0.9386 edit=30.37 segF1@50=0.332 || sticky acc=0.6832 edit=47.13 segF1@50=0.439
[t1a-bd][ep 42/50] loss=0.3789 bd=0.1054 || plain acc=0.9373 edit=33.78 segF1@50=0.388 || sticky acc=0.6495 edit=48.86 segF1@50=0.433
[t1a-bd][ep 43/50] loss=0.3676 bd=0.0961 || plain acc=0.9399 edit=33.24 segF1@50=0.385 || sticky acc=0.7578 edit=49.57 segF1@50=0.489
[t1a-bd][ep 44/50] loss=0.3525 bd=0.0833 || plain acc=0.9406 edit=31.27 segF1@50=0.370 || sticky acc=0.8053 edit=53.11 segF1@50=0.532
[t1a-bd][ep 45/50] loss=0.3414 bd=0.0788 || plain acc=0.9360 edit=31.31 segF1@50=0.344 || sticky acc=0.6508 edit=48.07 segF1@50=0.443
[t1a-bd][ep 46/50] loss=0.3211 bd=0.0610 || plain acc=0.9353 edit=32.73 segF1@50=0.382 || sticky acc=0.8508 edit=53.97 segF1@50=0.494
[t1a-bd][ep 47/50] loss=0.3293 bd=0.0673 || plain acc=0.9439 edit=36.43 segF1@50=0.392 || sticky acc=0.7162 edit=50.33 segF1@50=0.531
[t1a-bd][ep 48/50] loss=0.3265 bd=0.0600 || plain acc=0.9347 edit=33.24 segF1@50=0.385 || sticky acc=0.6581 edit=55.33 segF1@50=0.502
[t1a-bd][ep 49/50] loss=0.3373 bd=0.0582 || plain acc=0.9393 edit=40.03 segF1@50=0.421 || sticky acc=0.8561 edit=54.33 segF1@50=0.536
[t1a-bd][ep 50/50] loss=0.3420 bd=0.0610 || plain acc=0.9393 edit=30.73 segF1@50=0.345 || sticky acc=0.7307 edit=51.52 segF1@50=0.483
[t1a-bd] best @epoch 33: plain acc=0.9446 edit=33.59 | sticky edit=54.19
[t1a-bd] evidence written -> /home/ubuntu/slocal/m2/experiments/transfer/t1a_boundary_001_t1a_boundary_seed42
