[t1a] train clips=13  val clips=3  in_dim=5888  region_only=False  classes=9  device=cuda
[t1a] evidence dir: /home/ubuntu/slocal2/m2/experiments/transfer/t1a_shuffle_001_t1a_shuffle_seed42
[t1a][epoch 1/50] loss=3.8186  val_acc=0.3677  macroF1=0.0768  edit=18.00  segF1@50=0.22
[t1a][epoch 2/50] loss=3.0074  val_acc=0.3551  macroF1=0.0891  edit=27.67  segF1@50=0.17
[t1a][epoch 3/50] loss=2.8162  val_acc=0.3677  macroF1=0.0768  edit=18.00  segF1@50=0.22
[t1a][epoch 4/50] loss=2.7064  val_acc=0.3677  macroF1=0.0768  edit=18.00  segF1@50=0.22
[t1a][epoch 5/50] loss=2.7392  val_acc=0.4838  macroF1=0.1516  edit=18.88  segF1@50=0.07
[t1a][epoch 6/50] loss=2.6012  val_acc=0.4079  macroF1=0.1096  edit=17.05  segF1@50=0.10
[t1a][epoch 7/50] loss=2.5031  val_acc=0.3743  macroF1=0.0827  edit=28.67  segF1@50=0.22
[t1a][epoch 8/50] loss=2.4157  val_acc=0.5670  macroF1=0.1861  edit=19.32  segF1@50=0.10
[t1a][epoch 9/50] loss=2.2447  val_acc=0.6759  macroF1=0.2275  edit=25.00  segF1@50=0.06
[t1a][epoch 10/50] loss=2.3573  val_acc=0.5261  macroF1=0.2038  edit=30.09  segF1@50=0.24
[t1a][epoch 11/50] loss=2.1121  val_acc=0.6033  macroF1=0.2483  edit=15.73  segF1@50=0.20
[t1a][epoch 12/50] loss=2.5207  val_acc=0.6416  macroF1=0.2625  edit=20.90  segF1@50=0.11
[t1a][epoch 13/50] loss=1.9311  val_acc=0.6739  macroF1=0.2782  edit=25.45  segF1@50=0.15
[t1a][epoch 14/50] loss=1.7936  val_acc=0.6865  macroF1=0.3050  edit=23.23  segF1@50=0.05
[t1a][epoch 15/50] loss=1.8355  val_acc=0.5234  macroF1=0.2246  edit=36.17  segF1@50=0.22
[t1a][epoch 16/50] loss=1.6490  val_acc=0.6568  macroF1=0.2646  edit=25.51  segF1@50=0.14
[t1a][epoch 17/50] loss=1.4605  val_acc=0.4601  macroF1=0.1979  edit=23.12  segF1@50=0.08
[t1a][epoch 18/50] loss=1.4527  val_acc=0.5855  macroF1=0.2634  edit=25.06  segF1@50=0.10
[t1a][epoch 19/50] loss=1.4095  val_acc=0.5782  macroF1=0.3445  edit=17.77  segF1@50=0.05
[t1a][epoch 20/50] loss=1.5064  val_acc=0.5228  macroF1=0.2983  edit=11.55  segF1@50=0.03
[t1a][epoch 21/50] loss=1.3518  val_acc=0.5756  macroF1=0.2874  edit=14.28  segF1@50=0.05
[t1a][epoch 22/50] loss=1.1812  val_acc=0.7650  macroF1=0.3826  edit=24.80  segF1@50=0.16
[t1a][epoch 23/50] loss=1.1473  val_acc=0.7743  macroF1=0.4324  edit=27.06  segF1@50=0.16
[t1a][epoch 24/50] loss=1.0311  val_acc=0.8073  macroF1=0.5030  edit=30.62  segF1@50=0.19
[t1a][epoch 25/50] loss=0.9787  val_acc=0.8112  macroF1=0.5175  edit=35.63  segF1@50=0.29
[t1a][epoch 26/50] loss=1.0048  val_acc=0.8376  macroF1=0.5816  edit=27.13  segF1@50=0.20
[t1a][epoch 27/50] loss=0.9550  val_acc=0.7043  macroF1=0.4618  edit=13.16  segF1@50=0.05
[t1a][epoch 28/50] loss=0.9128  val_acc=0.6304  macroF1=0.3568  edit=15.38  segF1@50=0.04
[t1a][epoch 29/50] loss=0.8803  val_acc=0.8304  macroF1=0.5834  edit=23.17  segF1@50=0.09
[t1a][epoch 30/50] loss=0.7682  val_acc=0.7921  macroF1=0.5629  edit=18.79  segF1@50=0.08
[t1a][epoch 31/50] loss=0.7439  val_acc=0.8601  macroF1=0.6316  edit=21.09  segF1@50=0.25
[t1a][epoch 32/50] loss=0.7438  val_acc=0.8601  macroF1=0.6225  edit=30.03  segF1@50=0.25
[t1a][epoch 33/50] loss=0.6853  val_acc=0.8145  macroF1=0.5888  edit=30.37  segF1@50=0.22
[t1a][epoch 34/50] loss=0.6409  val_acc=0.7010  macroF1=0.5258  edit=23.25  segF1@50=0.18
[t1a][epoch 35/50] loss=0.6307  val_acc=0.6627  macroF1=0.4501  edit=31.41  segF1@50=0.23
[t1a][epoch 36/50] loss=0.6333  val_acc=0.6238  macroF1=0.5124  edit=16.51  segF1@50=0.07
[t1a][epoch 37/50] loss=0.6487  val_acc=0.7195  macroF1=0.5843  edit=16.09  segF1@50=0.08
[t1a][epoch 38/50] loss=0.6307  val_acc=0.8125  macroF1=0.6034  edit=24.21  segF1@50=0.15
[t1a][epoch 39/50] loss=0.6751  val_acc=0.7795  macroF1=0.5502  edit=27.90  segF1@50=0.19
[t1a][epoch 40/50] loss=0.5638  val_acc=0.8112  macroF1=0.6042  edit=28.68  segF1@50=0.22
[t1a][epoch 41/50] loss=0.5161  val_acc=0.8389  macroF1=0.6445  edit=19.77  segF1@50=0.09
[t1a][epoch 42/50] loss=0.4946  val_acc=0.7657  macroF1=0.5888  edit=13.34  segF1@50=0.04
[t1a][epoch 43/50] loss=0.4715  val_acc=0.7426  macroF1=0.6071  edit=14.60  segF1@50=0.08
[t1a][epoch 44/50] loss=0.4879  val_acc=0.7393  macroF1=0.5756  edit=14.47  segF1@50=0.07
[t1a][epoch 45/50] loss=0.4558  val_acc=0.8508  macroF1=0.6609  edit=24.28  segF1@50=0.20
[t1a][epoch 46/50] loss=0.4248  val_acc=0.8442  macroF1=0.6347  edit=30.31  segF1@50=0.23
[t1a][epoch 47/50] loss=0.4065  val_acc=0.8376  macroF1=0.6643  edit=23.69  segF1@50=0.19
[t1a][epoch 48/50] loss=0.3948  val_acc=0.8264  macroF1=0.6656  edit=17.40  segF1@50=0.09
[t1a][epoch 49/50] loss=0.4043  val_acc=0.8191  macroF1=0.6558  edit=23.29  segF1@50=0.22
[t1a][epoch 50/50] loss=0.4323  val_acc=0.8158  macroF1=0.6092  edit=27.42  segF1@50=0.22
[t1a] best @epoch 31: acc=0.8601 macroF1=0.6316
[t1a] evidence written -> /home/ubuntu/slocal2/m2/experiments/transfer/t1a_shuffle_001_t1a_shuffle_seed42
