[t1a] train clips=13  val clips=3  in_dim=5888  region_only=False  classes=9  device=cuda
[t1a] evidence dir: /home/ubuntu/slocal2/m2/experiments/transfer/t1a_region_mask_13_001_t1a_region_mask_13_seed42
[t1a][epoch 1/50] loss=2.9545  val_acc=0.6535  macroF1=0.2279  edit=31.24  segF1@50=0.26
[t1a][epoch 2/50] loss=1.7251  val_acc=0.6792  macroF1=0.2333  edit=34.11  segF1@50=0.26
[t1a][epoch 3/50] loss=1.2919  val_acc=0.6739  macroF1=0.2268  edit=27.12  segF1@50=0.21
[t1a][epoch 4/50] loss=1.1017  val_acc=0.6845  macroF1=0.2394  edit=32.78  segF1@50=0.28
[t1a][epoch 5/50] loss=0.9481  val_acc=0.7848  macroF1=0.4148  edit=35.85  segF1@50=0.31
[t1a][epoch 6/50] loss=0.8151  val_acc=0.8990  macroF1=0.6966  edit=39.15  segF1@50=0.44
[t1a][epoch 7/50] loss=0.6976  val_acc=0.9089  macroF1=0.7220  edit=44.63  segF1@50=0.48
[t1a][epoch 8/50] loss=0.6093  val_acc=0.9281  macroF1=0.7556  edit=59.52  segF1@50=0.60
[t1a][epoch 9/50] loss=0.6471  val_acc=0.9360  macroF1=0.7767  edit=43.59  segF1@50=0.45
[t1a][epoch 10/50] loss=0.6464  val_acc=0.9274  macroF1=0.7636  edit=50.00  segF1@50=0.52
[t1a][epoch 11/50] loss=0.5344  val_acc=0.9347  macroF1=0.7811  edit=41.38  segF1@50=0.42
[t1a][epoch 12/50] loss=0.4783  val_acc=0.9386  macroF1=0.7752  edit=39.32  segF1@50=0.40
[t1a][epoch 13/50] loss=0.4723  val_acc=0.9327  macroF1=0.7818  edit=45.37  segF1@50=0.46
[t1a][epoch 14/50] loss=0.4550  val_acc=0.9347  macroF1=0.7719  edit=33.79  segF1@50=0.38
[t1a][epoch 15/50] loss=0.4299  val_acc=0.9360  macroF1=0.7932  edit=45.14  segF1@50=0.48
[t1a][epoch 16/50] loss=0.3944  val_acc=0.9399  macroF1=0.7942  edit=37.78  segF1@50=0.40
[t1a][epoch 17/50] loss=0.3827  val_acc=0.9399  macroF1=0.7982  edit=38.84  segF1@50=0.41
[t1a][epoch 18/50] loss=0.3699  val_acc=0.9373  macroF1=0.7798  edit=35.83  segF1@50=0.38
[t1a][epoch 19/50] loss=0.3758  val_acc=0.9452  macroF1=0.8059  edit=36.83  segF1@50=0.41
[t1a][epoch 20/50] loss=0.3645  val_acc=0.9399  macroF1=0.7830  edit=35.33  segF1@50=0.39
[t1a][epoch 21/50] loss=0.3337  val_acc=0.9419  macroF1=0.7935  edit=32.85  segF1@50=0.36
[t1a][epoch 22/50] loss=0.3206  val_acc=0.9399  macroF1=0.7860  edit=31.90  segF1@50=0.36
[t1a][epoch 23/50] loss=0.3431  val_acc=0.9366  macroF1=0.8036  edit=38.29  segF1@50=0.40
[t1a][epoch 24/50] loss=0.3584  val_acc=0.9393  macroF1=0.7802  edit=40.99  segF1@50=0.42
[t1a][epoch 25/50] loss=0.3446  val_acc=0.9459  macroF1=0.8003  edit=35.83  segF1@50=0.42
[t1a][epoch 26/50] loss=0.4310  val_acc=0.9215  macroF1=0.7234  edit=38.17  segF1@50=0.38
[t1a][epoch 27/50] loss=0.4802  val_acc=0.9347  macroF1=0.7728  edit=32.12  segF1@50=0.37
[t1a][epoch 28/50] loss=0.4112  val_acc=0.9360  macroF1=0.7999  edit=29.98  segF1@50=0.34
[t1a][epoch 29/50] loss=0.3453  val_acc=0.9406  macroF1=0.7968  edit=29.91  segF1@50=0.33
[t1a][epoch 30/50] loss=0.2930  val_acc=0.9432  macroF1=0.8010  edit=31.60  segF1@50=0.35
[t1a][epoch 31/50] loss=0.2831  val_acc=0.9446  macroF1=0.8022  edit=36.30  segF1@50=0.39
[t1a][epoch 32/50] loss=0.2709  val_acc=0.9465  macroF1=0.8035  edit=33.17  segF1@50=0.37
[t1a][epoch 33/50] loss=0.2573  val_acc=0.9452  macroF1=0.7991  edit=31.85  segF1@50=0.39
[t1a][epoch 34/50] loss=0.2512  val_acc=0.9452  macroF1=0.8038  edit=37.01  segF1@50=0.40
[t1a][epoch 35/50] loss=0.2445  val_acc=0.9439  macroF1=0.7974  edit=31.25  segF1@50=0.35
[t1a][epoch 36/50] loss=0.2450  val_acc=0.9446  macroF1=0.8025  edit=36.11  segF1@50=0.42
[t1a][epoch 37/50] loss=0.2498  val_acc=0.9426  macroF1=0.7905  edit=32.83  segF1@50=0.37
[t1a][epoch 38/50] loss=0.2460  val_acc=0.9452  macroF1=0.8065  edit=31.67  segF1@50=0.38
[t1a][epoch 39/50] loss=0.2286  val_acc=0.9432  macroF1=0.7977  edit=36.72  segF1@50=0.42
[t1a][epoch 40/50] loss=0.2256  val_acc=0.9452  macroF1=0.8005  edit=34.78  segF1@50=0.42
[t1a][epoch 41/50] loss=0.2200  val_acc=0.9479  macroF1=0.8063  edit=34.17  segF1@50=0.40
[t1a][epoch 42/50] loss=0.2154  val_acc=0.9413  macroF1=0.7979  edit=34.90  segF1@50=0.40
[t1a][epoch 43/50] loss=0.2094  val_acc=0.9459  macroF1=0.8002  edit=35.51  segF1@50=0.42
[t1a][epoch 44/50] loss=0.2063  val_acc=0.9439  macroF1=0.7980  edit=31.25  segF1@50=0.38
[t1a][epoch 45/50] loss=0.2030  val_acc=0.9446  macroF1=0.7959  edit=31.52  segF1@50=0.37
[t1a][epoch 46/50] loss=0.2043  val_acc=0.9406  macroF1=0.7981  edit=33.60  segF1@50=0.36
[t1a][epoch 47/50] loss=0.1971  val_acc=0.9426  macroF1=0.7903  edit=33.04  segF1@50=0.38
[t1a][epoch 48/50] loss=0.1985  val_acc=0.9492  macroF1=0.8087  edit=32.45  segF1@50=0.40
[t1a][epoch 49/50] loss=0.1964  val_acc=0.9366  macroF1=0.7894  edit=35.18  segF1@50=0.40
[t1a][epoch 50/50] loss=0.1990  val_acc=0.9485  macroF1=0.8103  edit=31.44  segF1@50=0.36
[t1a] best @epoch 48: acc=0.9492 macroF1=0.8087
[t1a] evidence written -> /home/ubuntu/slocal2/m2/experiments/transfer/t1a_region_mask_13_001_t1a_region_mask_13_seed42
