[t1a] train clips=13  val clips=3  in_dim=5888  region_only=False  classes=9  device=cuda
[t1a] evidence dir: /home/ubuntu/slocal2/m2/experiments/transfer/t1a_region_mask_02_001_t1a_region_mask_02_seed42
[t1a][epoch 1/50] loss=2.8978  val_acc=0.6561  macroF1=0.2288  edit=29.61  segF1@50=0.28
[t1a][epoch 2/50] loss=1.6219  val_acc=0.6785  macroF1=0.2302  edit=26.54  segF1@50=0.20
[t1a][epoch 3/50] loss=1.2194  val_acc=0.6746  macroF1=0.2269  edit=32.78  segF1@50=0.28
[t1a][epoch 4/50] loss=1.0480  val_acc=0.6931  macroF1=0.2711  edit=32.78  segF1@50=0.29
[t1a][epoch 5/50] loss=0.9040  val_acc=0.8502  macroF1=0.5771  edit=36.24  segF1@50=0.32
[t1a][epoch 6/50] loss=0.7725  val_acc=0.9294  macroF1=0.7578  edit=43.41  segF1@50=0.49
[t1a][epoch 7/50] loss=0.6526  val_acc=0.9300  macroF1=0.7618  edit=43.95  segF1@50=0.48
[t1a][epoch 8/50] loss=0.5758  val_acc=0.9287  macroF1=0.7593  edit=51.59  segF1@50=0.56
[t1a][epoch 9/50] loss=0.5946  val_acc=0.9320  macroF1=0.7696  edit=39.75  segF1@50=0.42
[t1a][epoch 10/50] loss=0.6016  val_acc=0.9274  macroF1=0.7642  edit=44.44  segF1@50=0.48
[t1a][epoch 11/50] loss=0.5085  val_acc=0.9347  macroF1=0.7817  edit=43.58  segF1@50=0.43
[t1a][epoch 12/50] loss=0.4577  val_acc=0.9393  macroF1=0.7739  edit=39.68  segF1@50=0.46
[t1a][epoch 13/50] loss=0.4356  val_acc=0.9353  macroF1=0.7831  edit=47.68  segF1@50=0.52
[t1a][epoch 14/50] loss=0.4126  val_acc=0.9380  macroF1=0.7797  edit=36.92  segF1@50=0.39
[t1a][epoch 15/50] loss=0.3994  val_acc=0.9406  macroF1=0.8008  edit=44.16  segF1@50=0.48
[t1a][epoch 16/50] loss=0.3929  val_acc=0.9340  macroF1=0.7743  edit=39.40  segF1@50=0.40
[t1a][epoch 17/50] loss=0.4122  val_acc=0.9419  macroF1=0.8055  edit=39.03  segF1@50=0.41
[t1a][epoch 18/50] loss=0.3652  val_acc=0.9432  macroF1=0.7918  edit=35.13  segF1@50=0.42
[t1a][epoch 19/50] loss=0.3441  val_acc=0.9465  macroF1=0.8007  edit=37.63  segF1@50=0.44
[t1a][epoch 20/50] loss=0.3352  val_acc=0.9413  macroF1=0.7837  edit=35.00  segF1@50=0.41
[t1a][epoch 21/50] loss=0.3235  val_acc=0.9426  macroF1=0.7974  edit=36.25  segF1@50=0.42
[t1a][epoch 22/50] loss=0.3058  val_acc=0.9413  macroF1=0.7877  edit=31.90  segF1@50=0.39
[t1a][epoch 23/50] loss=0.3196  val_acc=0.9366  macroF1=0.7986  edit=36.56  segF1@50=0.39
[t1a][epoch 24/50] loss=0.3426  val_acc=0.9393  macroF1=0.7851  edit=37.01  segF1@50=0.40
[t1a][epoch 25/50] loss=0.3221  val_acc=0.9472  macroF1=0.8011  edit=31.21  segF1@50=0.39
[t1a][epoch 26/50] loss=0.3682  val_acc=0.9234  macroF1=0.7337  edit=37.78  segF1@50=0.37
[t1a][epoch 27/50] loss=0.4438  val_acc=0.9380  macroF1=0.7826  edit=32.41  segF1@50=0.36
[t1a][epoch 28/50] loss=0.3525  val_acc=0.9373  macroF1=0.7832  edit=36.72  segF1@50=0.41
[t1a][epoch 29/50] loss=0.3017  val_acc=0.9380  macroF1=0.7971  edit=33.60  segF1@50=0.36
[t1a][epoch 30/50] loss=0.2669  val_acc=0.9446  macroF1=0.8007  edit=28.18  segF1@50=0.35
[t1a][epoch 31/50] loss=0.2576  val_acc=0.9419  macroF1=0.7994  edit=33.84  segF1@50=0.40
[t1a][epoch 32/50] loss=0.2483  val_acc=0.9452  macroF1=0.8010  edit=28.18  segF1@50=0.35
[t1a][epoch 33/50] loss=0.2399  val_acc=0.9452  macroF1=0.8019  edit=35.89  segF1@50=0.42
[t1a][epoch 34/50] loss=0.2358  val_acc=0.9439  macroF1=0.7959  edit=34.53  segF1@50=0.41
[t1a][epoch 35/50] loss=0.2337  val_acc=0.9459  macroF1=0.8022  edit=34.44  segF1@50=0.41
[t1a][epoch 36/50] loss=0.2264  val_acc=0.9452  macroF1=0.7978  edit=35.14  segF1@50=0.42
[t1a][epoch 37/50] loss=0.2237  val_acc=0.9472  macroF1=0.8088  edit=35.78  segF1@50=0.43
[t1a][epoch 38/50] loss=0.2208  val_acc=0.9439  macroF1=0.7969  edit=35.14  segF1@50=0.42
[t1a][epoch 39/50] loss=0.2241  val_acc=0.9479  macroF1=0.8043  edit=35.69  segF1@50=0.42
[t1a][epoch 40/50] loss=0.2242  val_acc=0.9439  macroF1=0.7980  edit=31.67  segF1@50=0.38
[t1a][epoch 41/50] loss=0.2159  val_acc=0.9465  macroF1=0.8113  edit=35.18  segF1@50=0.39
[t1a][epoch 42/50] loss=0.2131  val_acc=0.9406  macroF1=0.7883  edit=34.78  segF1@50=0.41
[t1a][epoch 43/50] loss=0.2160  val_acc=0.9472  macroF1=0.8097  edit=35.69  segF1@50=0.43
[t1a][epoch 44/50] loss=0.2116  val_acc=0.9446  macroF1=0.7936  edit=37.01  segF1@50=0.42
[t1a][epoch 45/50] loss=0.2077  val_acc=0.9432  macroF1=0.7942  edit=35.29  segF1@50=0.41
[t1a][epoch 46/50] loss=0.2038  val_acc=0.9446  macroF1=0.8031  edit=37.80  segF1@50=0.41
[t1a][epoch 47/50] loss=0.2024  val_acc=0.9386  macroF1=0.7835  edit=33.23  segF1@50=0.37
[t1a][epoch 48/50] loss=0.1886  val_acc=0.9459  macroF1=0.8030  edit=36.08  segF1@50=0.39
[t1a][epoch 49/50] loss=0.1793  val_acc=0.9472  macroF1=0.7981  edit=30.67  segF1@50=0.37
[t1a][epoch 50/50] loss=0.1766  val_acc=0.9432  macroF1=0.7978  edit=34.53  segF1@50=0.41
[t1a] best @epoch 39: acc=0.9479 macroF1=0.8043
[t1a] evidence written -> /home/ubuntu/slocal2/m2/experiments/transfer/t1a_region_mask_02_001_t1a_region_mask_02_seed42
