[t1a] train clips=13  val clips=3  in_dim=5888  region_only=False  classes=9  device=cuda
[t1a] evidence dir: /home/ubuntu/slocal2/m2/experiments/transfer/t1a_regiontoken_001_t1a_regiontoken_seed42
[t1a][epoch 1/50] loss=2.9027  val_acc=0.6535  macroF1=0.2280  edit=28.44  segF1@50=0.26
[t1a][epoch 2/50] loss=1.6678  val_acc=0.6792  macroF1=0.2294  edit=25.63  segF1@50=0.18
[t1a][epoch 3/50] loss=1.2504  val_acc=0.6746  macroF1=0.2270  edit=29.67  segF1@50=0.22
[t1a][epoch 4/50] loss=1.0614  val_acc=0.6904  macroF1=0.2600  edit=32.78  segF1@50=0.26
[t1a][epoch 5/50] loss=0.9073  val_acc=0.8469  macroF1=0.5568  edit=34.33  segF1@50=0.32
[t1a][epoch 6/50] loss=0.7735  val_acc=0.9267  macroF1=0.7512  edit=45.14  segF1@50=0.50
[t1a][epoch 7/50] loss=0.6512  val_acc=0.9294  macroF1=0.7590  edit=45.14  segF1@50=0.50
[t1a][epoch 8/50] loss=0.5718  val_acc=0.9281  macroF1=0.7564  edit=51.74  segF1@50=0.54
[t1a][epoch 9/50] loss=0.5995  val_acc=0.9347  macroF1=0.7725  edit=41.33  segF1@50=0.42
[t1a][epoch 10/50] loss=0.6090  val_acc=0.9294  macroF1=0.7682  edit=50.09  segF1@50=0.52
[t1a][epoch 11/50] loss=0.5032  val_acc=0.9353  macroF1=0.7810  edit=42.76  segF1@50=0.43
[t1a][epoch 12/50] loss=0.4560  val_acc=0.9413  macroF1=0.7789  edit=43.23  segF1@50=0.49
[t1a][epoch 13/50] loss=0.4304  val_acc=0.9366  macroF1=0.7857  edit=49.18  segF1@50=0.53
[t1a][epoch 14/50] loss=0.4158  val_acc=0.9386  macroF1=0.7787  edit=36.87  segF1@50=0.38
[t1a][epoch 15/50] loss=0.4096  val_acc=0.9406  macroF1=0.8031  edit=42.86  segF1@50=0.48
[t1a][epoch 16/50] loss=0.4016  val_acc=0.9340  macroF1=0.7762  edit=40.03  segF1@50=0.41
[t1a][epoch 17/50] loss=0.4105  val_acc=0.9459  macroF1=0.8079  edit=35.70  segF1@50=0.44
[t1a][epoch 18/50] loss=0.3641  val_acc=0.9446  macroF1=0.7926  edit=37.02  segF1@50=0.44
[t1a][epoch 19/50] loss=0.3537  val_acc=0.9465  macroF1=0.8030  edit=33.60  segF1@50=0.41
[t1a][epoch 20/50] loss=0.3517  val_acc=0.9406  macroF1=0.7851  edit=33.92  segF1@50=0.38
[t1a][epoch 21/50] loss=0.3418  val_acc=0.9426  macroF1=0.8024  edit=37.12  segF1@50=0.43
[t1a][epoch 22/50] loss=0.3190  val_acc=0.9413  macroF1=0.7875  edit=32.34  segF1@50=0.36
[t1a][epoch 23/50] loss=0.3713  val_acc=0.9366  macroF1=0.8013  edit=36.67  segF1@50=0.39
[t1a][epoch 24/50] loss=0.3560  val_acc=0.9452  macroF1=0.8005  edit=37.46  segF1@50=0.44
[t1a][epoch 25/50] loss=0.3172  val_acc=0.9465  macroF1=0.7945  edit=34.61  segF1@50=0.41
[t1a][epoch 26/50] loss=0.3012  val_acc=0.9320  macroF1=0.7831  edit=38.73  segF1@50=0.38
[t1a][epoch 27/50] loss=0.2844  val_acc=0.9432  macroF1=0.7886  edit=34.84  segF1@50=0.42
[t1a][epoch 28/50] loss=0.2717  val_acc=0.9472  macroF1=0.8045  edit=31.80  segF1@50=0.39
[t1a][epoch 29/50] loss=0.2610  val_acc=0.9413  macroF1=0.7899  edit=35.00  segF1@50=0.41
[t1a][epoch 30/50] loss=0.2597  val_acc=0.9472  macroF1=0.8095  edit=31.88  segF1@50=0.39
[t1a][epoch 31/50] loss=0.2594  val_acc=0.9406  macroF1=0.7901  edit=36.38  segF1@50=0.42
[t1a][epoch 32/50] loss=0.2470  val_acc=0.9465  macroF1=0.8038  edit=29.34  segF1@50=0.36
[t1a][epoch 33/50] loss=0.2303  val_acc=0.9426  macroF1=0.7945  edit=32.27  segF1@50=0.39
[t1a][epoch 34/50] loss=0.2243  val_acc=0.9426  macroF1=0.7992  edit=33.51  segF1@50=0.39
[t1a][epoch 35/50] loss=0.2210  val_acc=0.9446  macroF1=0.7977  edit=32.19  segF1@50=0.39
[t1a][epoch 36/50] loss=0.2203  val_acc=0.9465  macroF1=0.8041  edit=34.90  segF1@50=0.41
[t1a][epoch 37/50] loss=0.2305  val_acc=0.9399  macroF1=0.7868  edit=32.00  segF1@50=0.36
[t1a][epoch 38/50] loss=0.2559  val_acc=0.9446  macroF1=0.8088  edit=31.44  segF1@50=0.35
[t1a][epoch 39/50] loss=0.2484  val_acc=0.9320  macroF1=0.7840  edit=36.51  segF1@50=0.37
[t1a][epoch 40/50] loss=0.2345  val_acc=0.9419  macroF1=0.8021  edit=34.49  segF1@50=0.38
[t1a][epoch 41/50] loss=0.2239  val_acc=0.9498  macroF1=0.8081  edit=34.72  segF1@50=0.40
[t1a][epoch 42/50] loss=0.2097  val_acc=0.9347  macroF1=0.7927  edit=33.84  segF1@50=0.39
[t1a][epoch 43/50] loss=0.1997  val_acc=0.9439  macroF1=0.7973  edit=34.56  segF1@50=0.40
[t1a][epoch 44/50] loss=0.1937  val_acc=0.9426  macroF1=0.7976  edit=28.94  segF1@50=0.35
[t1a][epoch 45/50] loss=0.1888  val_acc=0.9472  macroF1=0.8026  edit=29.35  segF1@50=0.36
[t1a][epoch 46/50] loss=0.1882  val_acc=0.9393  macroF1=0.7963  edit=33.67  segF1@50=0.39
[t1a][epoch 47/50] loss=0.1810  val_acc=0.9465  macroF1=0.8032  edit=31.22  segF1@50=0.36
[t1a][epoch 48/50] loss=0.1766  val_acc=0.9419  macroF1=0.7934  edit=30.34  segF1@50=0.37
[t1a][epoch 49/50] loss=0.1751  val_acc=0.9426  macroF1=0.8046  edit=35.71  segF1@50=0.42
[t1a][epoch 50/50] loss=0.1752  val_acc=0.9419  macroF1=0.7902  edit=30.53  segF1@50=0.36
[t1a] best @epoch 41: acc=0.9498 macroF1=0.8081
[t1a] evidence written -> /home/ubuntu/slocal2/m2/experiments/transfer/t1a_regiontoken_001_t1a_regiontoken_seed42
