[t1a] train clips=13  val clips=3  in_dim=5888  region_only=False  classes=9  device=cuda
[t1a] evidence dir: /home/ubuntu/slocal2/m2/experiments/transfer/t1a_shuffle_002_t1a_shuffle_seed123
[t1a][epoch 1/50] loss=3.5881  val_acc=0.4581  macroF1=0.1383  edit=26.14  segF1@50=0.15
[t1a][epoch 2/50] loss=3.0841  val_acc=0.3677  macroF1=0.0768  edit=18.00  segF1@50=0.22
[t1a][epoch 3/50] loss=2.8433  val_acc=0.3340  macroF1=0.0715  edit=9.67  segF1@50=0.00
[t1a][epoch 4/50] loss=2.7575  val_acc=0.4693  macroF1=0.1437  edit=20.04  segF1@50=0.08
[t1a][epoch 5/50] loss=2.7148  val_acc=0.3914  macroF1=0.0977  edit=24.12  segF1@50=0.13
[t1a][epoch 6/50] loss=2.5504  val_acc=0.4561  macroF1=0.1427  edit=13.50  segF1@50=0.00
[t1a][epoch 7/50] loss=2.4755  val_acc=0.6251  macroF1=0.2127  edit=21.33  segF1@50=0.00
[t1a][epoch 8/50] loss=2.3729  val_acc=0.6376  macroF1=0.2189  edit=24.70  segF1@50=0.02
[t1a][epoch 9/50] loss=2.3882  val_acc=0.6541  macroF1=0.2241  edit=23.11  segF1@50=0.02
[t1a][epoch 10/50] loss=2.0118  val_acc=0.5677  macroF1=0.1866  edit=35.05  segF1@50=0.26
[t1a][epoch 11/50] loss=2.5613  val_acc=0.6383  macroF1=0.2379  edit=26.91  segF1@50=0.23
[t1a][epoch 12/50] loss=1.9159  val_acc=0.5927  macroF1=0.2349  edit=20.75  segF1@50=0.12
[t1a][epoch 13/50] loss=1.7949  val_acc=0.7050  macroF1=0.2906  edit=37.43  segF1@50=0.11
[t1a][epoch 14/50] loss=1.5391  val_acc=0.6983  macroF1=0.2922  edit=31.00  segF1@50=0.18
[t1a][epoch 15/50] loss=1.5776  val_acc=0.6970  macroF1=0.2956  edit=27.70  segF1@50=0.18
[t1a][epoch 16/50] loss=1.3710  val_acc=0.5993  macroF1=0.2708  edit=17.81  segF1@50=0.16
[t1a][epoch 17/50] loss=1.2849  val_acc=0.7228  macroF1=0.3780  edit=24.90  segF1@50=0.15
[t1a][epoch 18/50] loss=1.2339  val_acc=0.7690  macroF1=0.3982  edit=36.18  segF1@50=0.28
[t1a][epoch 19/50] loss=1.2293  val_acc=0.5129  macroF1=0.2946  edit=11.07  segF1@50=0.02
[t1a][epoch 20/50] loss=1.1977  val_acc=0.8310  macroF1=0.5699  edit=27.72  segF1@50=0.22
[t1a][epoch 21/50] loss=0.9791  val_acc=0.6818  macroF1=0.3868  edit=16.02  segF1@50=0.04
[t1a][epoch 22/50] loss=0.9254  val_acc=0.7182  macroF1=0.5133  edit=23.38  segF1@50=0.19
[t1a][epoch 23/50] loss=0.8728  val_acc=0.7795  macroF1=0.5819  edit=20.61  segF1@50=0.18
[t1a][epoch 24/50] loss=0.8139  val_acc=0.6977  macroF1=0.5443  edit=17.07  segF1@50=0.05
[t1a][epoch 25/50] loss=0.8006  val_acc=0.8178  macroF1=0.6028  edit=23.19  segF1@50=0.17
[t1a][epoch 26/50] loss=0.7590  val_acc=0.8290  macroF1=0.6096  edit=28.69  segF1@50=0.19
[t1a][epoch 27/50] loss=0.7241  val_acc=0.8271  macroF1=0.6063  edit=21.42  segF1@50=0.18
[t1a][epoch 28/50] loss=0.7470  val_acc=0.8059  macroF1=0.6114  edit=20.14  segF1@50=0.09
[t1a][epoch 29/50] loss=0.6784  val_acc=0.7690  macroF1=0.5888  edit=27.04  segF1@50=0.20
[t1a][epoch 30/50] loss=0.6539  val_acc=0.7657  macroF1=0.4577  edit=34.80  segF1@50=0.24
[t1a][epoch 31/50] loss=0.6390  val_acc=0.8290  macroF1=0.6167  edit=19.17  segF1@50=0.09
[t1a][epoch 32/50] loss=0.5909  val_acc=0.8106  macroF1=0.5795  edit=18.60  segF1@50=0.08
[t1a][epoch 33/50] loss=0.6326  val_acc=0.7452  macroF1=0.5889  edit=12.41  segF1@50=0.06
[t1a][epoch 34/50] loss=0.5681  val_acc=0.8191  macroF1=0.6018  edit=19.56  segF1@50=0.17
[t1a][epoch 35/50] loss=0.5589  val_acc=0.8297  macroF1=0.6091  edit=25.56  segF1@50=0.21
[t1a][epoch 36/50] loss=0.6197  val_acc=0.7670  macroF1=0.5275  edit=28.39  segF1@50=0.22
[t1a][epoch 37/50] loss=0.6217  val_acc=0.8383  macroF1=0.6161  edit=36.05  segF1@50=0.33
[t1a][epoch 38/50] loss=0.5525  val_acc=0.8568  macroF1=0.6270  edit=30.70  segF1@50=0.24
[t1a][epoch 39/50] loss=0.5198  val_acc=0.8429  macroF1=0.6428  edit=31.91  segF1@50=0.25
[t1a][epoch 40/50] loss=0.4969  val_acc=0.8409  macroF1=0.6313  edit=34.01  segF1@50=0.27
[t1a][epoch 41/50] loss=0.5965  val_acc=0.8066  macroF1=0.5819  edit=37.33  segF1@50=0.30
[t1a][epoch 42/50] loss=0.5172  val_acc=0.8290  macroF1=0.5909  edit=34.67  segF1@50=0.30
[t1a][epoch 43/50] loss=0.5818  val_acc=0.8561  macroF1=0.6441  edit=16.25  segF1@50=0.27
[t1a][epoch 44/50] loss=0.9254  val_acc=0.8020  macroF1=0.5513  edit=33.30  segF1@50=0.27
[t1a][epoch 45/50] loss=0.8605  val_acc=0.7677  macroF1=0.5668  edit=33.36  segF1@50=0.27
[t1a][epoch 46/50] loss=0.7238  val_acc=0.8323  macroF1=0.6076  edit=34.84  segF1@50=0.30
[t1a][epoch 47/50] loss=0.7149  val_acc=0.8548  macroF1=0.6265  edit=39.05  segF1@50=0.32
[t1a][epoch 48/50] loss=0.5169  val_acc=0.8627  macroF1=0.6328  edit=25.05  segF1@50=0.20
[t1a][epoch 49/50] loss=0.4600  val_acc=0.8409  macroF1=0.6541  edit=32.94  segF1@50=0.28
[t1a][epoch 50/50] loss=0.4817  val_acc=0.8277  macroF1=0.6588  edit=28.33  segF1@50=0.22
[t1a] best @epoch 48: acc=0.8627 macroF1=0.6328
[t1a] evidence written -> /home/ubuntu/slocal2/m2/experiments/transfer/t1a_shuffle_002_t1a_shuffle_seed123
