[t1a] train clips=13  val clips=3  in_dim=5888  region_only=False  classes=9  device=cuda
[t1a] evidence dir: /home/ubuntu/slocal2/m2/experiments/transfer/t1a_region_mask_00_002_t1a_region_mask_00_seed123
[t1a][epoch 1/50] loss=2.6617  val_acc=0.6851  macroF1=0.2299  edit=28.78  segF1@50=0.27
[t1a][epoch 2/50] loss=1.5677  val_acc=0.6713  macroF1=0.2277  edit=28.79  segF1@50=0.13
[t1a][epoch 3/50] loss=1.1635  val_acc=0.6858  macroF1=0.2393  edit=34.11  segF1@50=0.24
[t1a][epoch 4/50] loss=0.9808  val_acc=0.8218  macroF1=0.4702  edit=27.15  segF1@50=0.22
[t1a][epoch 5/50] loss=0.8488  val_acc=0.8812  macroF1=0.6134  edit=33.38  segF1@50=0.27
[t1a][epoch 6/50] loss=0.7469  val_acc=0.8845  macroF1=0.6112  edit=34.08  segF1@50=0.31
[t1a][epoch 7/50] loss=0.6775  val_acc=0.9109  macroF1=0.6682  edit=35.11  segF1@50=0.37
[t1a][epoch 8/50] loss=0.6915  val_acc=0.9135  macroF1=0.6722  edit=39.56  segF1@50=0.40
[t1a][epoch 9/50] loss=0.7457  val_acc=0.9036  macroF1=0.7173  edit=28.94  segF1@50=0.29
[t1a][epoch 10/50] loss=0.6324  val_acc=0.9175  macroF1=0.6758  edit=34.52  segF1@50=0.39
[t1a][epoch 11/50] loss=0.5571  val_acc=0.9195  macroF1=0.6806  edit=30.51  segF1@50=0.37
[t1a][epoch 12/50] loss=0.4913  val_acc=0.9175  macroF1=0.6834  edit=34.51  segF1@50=0.36
[t1a][epoch 13/50] loss=0.4645  val_acc=0.9228  macroF1=0.7132  edit=38.28  segF1@50=0.38
[t1a][epoch 14/50] loss=0.4428  val_acc=0.9155  macroF1=0.6895  edit=37.17  segF1@50=0.39
[t1a][epoch 15/50] loss=0.4443  val_acc=0.9261  macroF1=0.7519  edit=36.60  segF1@50=0.36
[t1a][epoch 16/50] loss=0.4336  val_acc=0.9116  macroF1=0.6770  edit=34.91  segF1@50=0.35
[t1a][epoch 17/50] loss=0.3944  val_acc=0.9241  macroF1=0.7133  edit=32.73  segF1@50=0.37
[t1a][epoch 18/50] loss=0.3734  val_acc=0.9155  macroF1=0.7142  edit=39.25  segF1@50=0.36
[t1a][epoch 19/50] loss=0.3574  val_acc=0.9267  macroF1=0.7380  edit=39.58  segF1@50=0.40
[t1a][epoch 20/50] loss=0.3400  val_acc=0.9267  macroF1=0.7322  edit=35.88  segF1@50=0.38
[t1a][epoch 21/50] loss=0.3508  val_acc=0.9221  macroF1=0.7016  edit=36.21  segF1@50=0.38
[t1a][epoch 22/50] loss=0.3416  val_acc=0.8785  macroF1=0.7065  edit=36.74  segF1@50=0.33
[t1a][epoch 23/50] loss=0.4577  val_acc=0.9162  macroF1=0.7060  edit=41.24  segF1@50=0.40
[t1a][epoch 24/50] loss=0.4402  val_acc=0.9294  macroF1=0.7495  edit=35.88  segF1@50=0.38
[t1a][epoch 25/50] loss=0.3708  val_acc=0.9182  macroF1=0.7282  edit=33.06  segF1@50=0.31
[t1a][epoch 26/50] loss=0.3229  val_acc=0.9300  macroF1=0.7419  edit=39.35  segF1@50=0.43
[t1a][epoch 27/50] loss=0.3016  val_acc=0.9294  macroF1=0.7605  edit=36.75  segF1@50=0.38
[t1a][epoch 28/50] loss=0.2830  val_acc=0.9294  macroF1=0.7498  edit=39.28  segF1@50=0.39
[t1a][epoch 29/50] loss=0.2747  val_acc=0.9274  macroF1=0.7427  edit=34.66  segF1@50=0.39
[t1a][epoch 30/50] loss=0.2649  val_acc=0.9347  macroF1=0.7655  edit=34.46  segF1@50=0.38
[t1a][epoch 31/50] loss=0.2603  val_acc=0.9380  macroF1=0.7706  edit=39.08  segF1@50=0.43
[t1a][epoch 32/50] loss=0.2486  val_acc=0.9373  macroF1=0.7724  edit=37.18  segF1@50=0.42
[t1a][epoch 33/50] loss=0.2446  val_acc=0.9294  macroF1=0.7709  edit=34.79  segF1@50=0.36
[t1a][epoch 34/50] loss=0.2703  val_acc=0.9294  macroF1=0.7545  edit=34.39  segF1@50=0.37
[t1a][epoch 35/50] loss=0.2667  val_acc=0.9195  macroF1=0.7661  edit=33.14  segF1@50=0.36
[t1a][epoch 36/50] loss=0.2655  val_acc=0.9228  macroF1=0.7142  edit=32.10  segF1@50=0.32
[t1a][epoch 37/50] loss=0.2434  val_acc=0.9353  macroF1=0.7797  edit=34.69  segF1@50=0.37
[t1a][epoch 38/50] loss=0.2369  val_acc=0.9287  macroF1=0.7519  edit=32.76  segF1@50=0.33
[t1a][epoch 39/50] loss=0.2234  val_acc=0.9353  macroF1=0.7789  edit=30.35  segF1@50=0.33
[t1a][epoch 40/50] loss=0.2175  val_acc=0.9327  macroF1=0.7493  edit=34.02  segF1@50=0.39
[t1a][epoch 41/50] loss=0.2102  val_acc=0.9267  macroF1=0.7615  edit=33.21  segF1@50=0.34
[t1a][epoch 42/50] loss=0.2068  val_acc=0.9314  macroF1=0.7566  edit=35.79  segF1@50=0.38
[t1a][epoch 43/50] loss=0.2006  val_acc=0.9373  macroF1=0.7785  edit=35.21  segF1@50=0.39
[t1a][epoch 44/50] loss=0.1935  val_acc=0.9281  macroF1=0.7386  edit=35.62  segF1@50=0.38
[t1a][epoch 45/50] loss=0.1931  val_acc=0.9373  macroF1=0.7803  edit=32.48  segF1@50=0.36
[t1a][epoch 46/50] loss=0.1876  val_acc=0.9327  macroF1=0.7613  edit=34.94  segF1@50=0.39
[t1a][epoch 47/50] loss=0.1828  val_acc=0.9353  macroF1=0.7739  edit=30.49  segF1@50=0.33
[t1a][epoch 48/50] loss=0.1786  val_acc=0.9320  macroF1=0.7632  edit=34.54  segF1@50=0.37
[t1a][epoch 49/50] loss=0.1726  val_acc=0.9347  macroF1=0.7738  edit=31.96  segF1@50=0.34
[t1a][epoch 50/50] loss=0.1713  val_acc=0.9340  macroF1=0.7711  edit=34.87  segF1@50=0.37
[t1a] best @epoch 31: acc=0.9380 macroF1=0.7706
[t1a] evidence written -> /home/ubuntu/slocal2/m2/experiments/transfer/t1a_region_mask_00_002_t1a_region_mask_00_seed123
