[t1a] train clips=13  val clips=3  in_dim=5888  region_only=False  classes=9  device=cuda
[t1a] evidence dir: /home/ubuntu/slocal2/m2/experiments/transfer/t1a_region_mask_12_001_t1a_region_mask_12_seed42
[t1a][epoch 1/50] loss=2.9466  val_acc=0.5762  macroF1=0.2005  edit=31.85  segF1@50=0.22
[t1a][epoch 2/50] loss=1.6840  val_acc=0.6845  macroF1=0.2299  edit=26.09  segF1@50=0.22
[t1a][epoch 3/50] loss=1.2192  val_acc=0.6805  macroF1=0.2285  edit=30.00  segF1@50=0.25
[t1a][epoch 4/50] loss=1.0233  val_acc=0.7129  macroF1=0.3287  edit=35.56  segF1@50=0.24
[t1a][epoch 5/50] loss=0.8778  val_acc=0.8475  macroF1=0.5679  edit=36.39  segF1@50=0.30
[t1a][epoch 6/50] loss=0.7644  val_acc=0.9261  macroF1=0.7473  edit=43.95  segF1@50=0.48
[t1a][epoch 7/50] loss=0.6467  val_acc=0.9287  macroF1=0.7575  edit=47.22  segF1@50=0.51
[t1a][epoch 8/50] loss=0.5792  val_acc=0.9300  macroF1=0.7605  edit=67.52  segF1@50=0.65
[t1a][epoch 9/50] loss=0.6331  val_acc=0.9399  macroF1=0.7843  edit=42.71  segF1@50=0.44
[t1a][epoch 10/50] loss=0.6041  val_acc=0.9287  macroF1=0.7701  edit=50.93  segF1@50=0.52
[t1a][epoch 11/50] loss=0.5039  val_acc=0.9320  macroF1=0.7723  edit=41.41  segF1@50=0.41
[t1a][epoch 12/50] loss=0.4531  val_acc=0.9406  macroF1=0.7766  edit=40.00  segF1@50=0.46
[t1a][epoch 13/50] loss=0.4306  val_acc=0.9353  macroF1=0.7831  edit=49.18  segF1@50=0.50
[t1a][epoch 14/50] loss=0.4164  val_acc=0.9360  macroF1=0.7720  edit=37.25  segF1@50=0.39
[t1a][epoch 15/50] loss=0.4201  val_acc=0.9393  macroF1=0.7979  edit=45.75  segF1@50=0.50
[t1a][epoch 16/50] loss=0.3955  val_acc=0.9380  macroF1=0.7887  edit=38.03  segF1@50=0.43
[t1a][epoch 17/50] loss=0.3927  val_acc=0.9419  macroF1=0.7988  edit=34.84  segF1@50=0.41
[t1a][epoch 18/50] loss=0.3694  val_acc=0.9432  macroF1=0.7878  edit=37.24  segF1@50=0.42
[t1a][epoch 19/50] loss=0.3656  val_acc=0.9485  macroF1=0.8058  edit=35.00  segF1@50=0.43
[t1a][epoch 20/50] loss=0.3632  val_acc=0.9426  macroF1=0.7816  edit=40.15  segF1@50=0.45
[t1a][epoch 21/50] loss=0.3350  val_acc=0.9413  macroF1=0.7913  edit=37.62  segF1@50=0.42
[t1a][epoch 22/50] loss=0.3171  val_acc=0.9439  macroF1=0.7863  edit=37.22  segF1@50=0.44
[t1a][epoch 23/50] loss=0.3361  val_acc=0.9373  macroF1=0.7979  edit=37.04  segF1@50=0.40
[t1a][epoch 24/50] loss=0.3429  val_acc=0.9439  macroF1=0.7940  edit=35.33  segF1@50=0.41
[t1a][epoch 25/50] loss=0.3280  val_acc=0.9479  macroF1=0.8008  edit=31.21  segF1@50=0.39
[t1a][epoch 26/50] loss=0.3965  val_acc=0.9248  macroF1=0.7437  edit=39.11  segF1@50=0.37
[t1a][epoch 27/50] loss=0.4217  val_acc=0.9360  macroF1=0.7656  edit=37.25  segF1@50=0.42
[t1a][epoch 28/50] loss=0.3499  val_acc=0.9347  macroF1=0.7909  edit=35.17  segF1@50=0.40
[t1a][epoch 29/50] loss=0.3099  val_acc=0.9406  macroF1=0.7922  edit=36.83  segF1@50=0.41
[t1a][epoch 30/50] loss=0.2844  val_acc=0.9419  macroF1=0.7997  edit=27.95  segF1@50=0.35
[t1a][epoch 31/50] loss=0.2714  val_acc=0.9446  macroF1=0.7990  edit=35.19  segF1@50=0.41
[t1a][epoch 32/50] loss=0.2567  val_acc=0.9452  macroF1=0.7990  edit=28.10  segF1@50=0.35
[t1a][epoch 33/50] loss=0.2483  val_acc=0.9446  macroF1=0.8000  edit=33.84  segF1@50=0.40
[t1a][epoch 34/50] loss=0.2412  val_acc=0.9452  macroF1=0.7995  edit=34.86  segF1@50=0.41
[t1a][epoch 35/50] loss=0.2335  val_acc=0.9452  macroF1=0.7999  edit=29.23  segF1@50=0.37
[t1a][epoch 36/50] loss=0.2263  val_acc=0.9446  macroF1=0.7979  edit=29.30  segF1@50=0.37
[t1a][epoch 37/50] loss=0.2241  val_acc=0.9459  macroF1=0.8005  edit=32.75  segF1@50=0.40
[t1a][epoch 38/50] loss=0.2199  val_acc=0.9439  macroF1=0.7985  edit=28.62  segF1@50=0.36
[t1a][epoch 39/50] loss=0.2111  val_acc=0.9432  macroF1=0.7996  edit=33.84  segF1@50=0.39
[t1a][epoch 40/50] loss=0.2114  val_acc=0.9452  macroF1=0.8008  edit=32.01  segF1@50=0.39
[t1a][epoch 41/50] loss=0.2117  val_acc=0.9439  macroF1=0.7971  edit=30.34  segF1@50=0.37
[t1a][epoch 42/50] loss=0.2110  val_acc=0.9426  macroF1=0.8004  edit=33.33  segF1@50=0.40
[t1a][epoch 43/50] loss=0.2038  val_acc=0.9432  macroF1=0.7903  edit=30.22  segF1@50=0.37
[t1a][epoch 44/50] loss=0.2155  val_acc=0.9432  macroF1=0.8046  edit=30.31  segF1@50=0.37
[t1a][epoch 45/50] loss=0.2320  val_acc=0.9426  macroF1=0.7927  edit=30.90  segF1@50=0.39
[t1a][epoch 46/50] loss=0.2139  val_acc=0.9340  macroF1=0.7870  edit=32.69  segF1@50=0.38
[t1a][epoch 47/50] loss=0.2750  val_acc=0.9439  macroF1=0.8082  edit=34.02  segF1@50=0.39
[t1a][epoch 48/50] loss=0.2478  val_acc=0.9254  macroF1=0.7822  edit=41.83  segF1@50=0.44
[t1a][epoch 49/50] loss=0.2347  val_acc=0.9432  macroF1=0.7975  edit=37.77  segF1@50=0.40
[t1a][epoch 50/50] loss=0.2068  val_acc=0.9406  macroF1=0.7866  edit=30.14  segF1@50=0.34
[t1a] best @epoch 19: acc=0.9485 macroF1=0.8058
[t1a] evidence written -> /home/ubuntu/slocal2/m2/experiments/transfer/t1a_region_mask_12_001_t1a_region_mask_12_seed42
