[t1a] train clips=13  val clips=3  in_dim=5888  region_only=False  classes=9  device=cuda
[t1a] evidence dir: /home/ubuntu/slocal2/m2/experiments/transfer/t1a_region_mask_top3_001_t1a_region_mask_top3_seed42
[t1a][epoch 1/50] loss=3.2522  val_acc=0.3828  macroF1=0.0901  edit=24.92  segF1@50=0.22
[t1a][epoch 2/50] loss=2.1091  val_acc=0.6799  macroF1=0.2337  edit=35.44  segF1@50=0.29
[t1a][epoch 3/50] loss=1.6342  val_acc=0.6469  macroF1=0.2204  edit=35.44  segF1@50=0.28
[t1a][epoch 4/50] loss=1.4425  val_acc=0.6772  macroF1=0.2331  edit=34.11  segF1@50=0.27
[t1a][epoch 5/50] loss=1.2436  val_acc=0.7333  macroF1=0.3730  edit=33.21  segF1@50=0.25
[t1a][epoch 6/50] loss=1.0888  val_acc=0.8007  macroF1=0.5298  edit=34.38  segF1@50=0.24
[t1a][epoch 7/50] loss=0.9583  val_acc=0.8713  macroF1=0.6357  edit=29.48  segF1@50=0.28
[t1a][epoch 8/50] loss=0.8505  val_acc=0.8964  macroF1=0.6595  edit=40.44  segF1@50=0.34
[t1a][epoch 9/50] loss=0.7504  val_acc=0.8561  macroF1=0.5545  edit=43.49  segF1@50=0.43
[t1a][epoch 10/50] loss=0.7144  val_acc=0.8521  macroF1=0.5731  edit=43.33  segF1@50=0.38
[t1a][epoch 11/50] loss=0.7148  val_acc=0.8205  macroF1=0.5494  edit=25.09  segF1@50=0.22
[t1a][epoch 12/50] loss=0.7547  val_acc=0.8396  macroF1=0.5473  edit=41.14  segF1@50=0.31
[t1a][epoch 13/50] loss=0.6749  val_acc=0.8389  macroF1=0.5876  edit=37.07  segF1@50=0.26
[t1a][epoch 14/50] loss=0.5827  val_acc=0.8667  macroF1=0.6211  edit=35.34  segF1@50=0.31
[t1a][epoch 15/50] loss=0.5408  val_acc=0.8871  macroF1=0.6673  edit=38.61  segF1@50=0.31
[t1a][epoch 16/50] loss=0.5087  val_acc=0.8766  macroF1=0.6088  edit=31.95  segF1@50=0.30
[t1a][epoch 17/50] loss=0.5038  val_acc=0.8733  macroF1=0.6696  edit=36.30  segF1@50=0.34
[t1a][epoch 18/50] loss=0.4467  val_acc=0.8904  macroF1=0.6498  edit=34.26  segF1@50=0.32
[t1a][epoch 19/50] loss=0.4263  val_acc=0.8950  macroF1=0.6800  edit=38.89  segF1@50=0.31
[t1a][epoch 20/50] loss=0.4194  val_acc=0.8970  macroF1=0.7062  edit=30.26  segF1@50=0.31
[t1a][epoch 21/50] loss=0.4140  val_acc=0.8970  macroF1=0.6550  edit=32.61  segF1@50=0.31
[t1a][epoch 22/50] loss=0.3897  val_acc=0.9050  macroF1=0.7231  edit=34.88  segF1@50=0.33
[t1a][epoch 23/50] loss=0.3749  val_acc=0.9063  macroF1=0.7010  edit=34.03  segF1@50=0.29
[t1a][epoch 24/50] loss=0.3533  val_acc=0.9129  macroF1=0.7235  edit=39.36  segF1@50=0.36
[t1a][epoch 25/50] loss=0.3420  val_acc=0.9175  macroF1=0.7359  edit=40.14  segF1@50=0.38
[t1a][epoch 26/50] loss=0.3452  val_acc=0.9043  macroF1=0.6721  edit=35.11  segF1@50=0.35
[t1a][epoch 27/50] loss=0.3522  val_acc=0.9142  macroF1=0.7261  edit=33.83  segF1@50=0.33
[t1a][epoch 28/50] loss=0.3309  val_acc=0.9168  macroF1=0.7384  edit=32.52  segF1@50=0.33
[t1a][epoch 29/50] loss=0.3238  val_acc=0.9102  macroF1=0.7132  edit=41.88  segF1@50=0.36
[t1a][epoch 30/50] loss=0.3628  val_acc=0.8957  macroF1=0.7357  edit=25.61  segF1@50=0.25
[t1a][epoch 31/50] loss=0.3781  val_acc=0.9030  macroF1=0.6658  edit=30.10  segF1@50=0.25
[t1a][epoch 32/50] loss=0.4378  val_acc=0.9056  macroF1=0.6696  edit=35.87  segF1@50=0.29
[t1a][epoch 33/50] loss=0.5438  val_acc=0.7353  macroF1=0.6140  edit=14.00  segF1@50=0.13
[t1a][epoch 34/50] loss=0.8131  val_acc=0.9023  macroF1=0.6977  edit=22.93  segF1@50=0.21
[t1a][epoch 35/50] loss=0.4821  val_acc=0.9168  macroF1=0.7378  edit=35.04  segF1@50=0.33
[t1a][epoch 36/50] loss=0.3730  val_acc=0.9195  macroF1=0.7430  edit=32.33  segF1@50=0.33
[t1a][epoch 37/50] loss=0.3441  val_acc=0.9083  macroF1=0.7310  edit=28.88  segF1@50=0.31
[t1a][epoch 38/50] loss=0.3206  val_acc=0.9116  macroF1=0.7266  edit=31.96  segF1@50=0.28
[t1a][epoch 39/50] loss=0.3099  val_acc=0.9155  macroF1=0.7408  edit=38.30  segF1@50=0.37
[t1a][epoch 40/50] loss=0.2878  val_acc=0.9168  macroF1=0.7437  edit=31.80  segF1@50=0.32
[t1a][epoch 41/50] loss=0.2675  val_acc=0.9175  macroF1=0.7456  edit=32.10  segF1@50=0.33
[t1a][epoch 42/50] loss=0.2600  val_acc=0.9162  macroF1=0.7442  edit=31.64  segF1@50=0.32
[t1a][epoch 43/50] loss=0.2501  val_acc=0.9175  macroF1=0.7422  edit=32.59  segF1@50=0.32
[t1a][epoch 44/50] loss=0.2456  val_acc=0.9162  macroF1=0.7429  edit=29.21  segF1@50=0.29
[t1a][epoch 45/50] loss=0.2406  val_acc=0.9149  macroF1=0.7431  edit=30.11  segF1@50=0.31
[t1a][epoch 46/50] loss=0.2357  val_acc=0.9188  macroF1=0.7470  edit=31.53  segF1@50=0.33
[t1a][epoch 47/50] loss=0.2294  val_acc=0.9142  macroF1=0.7432  edit=30.11  segF1@50=0.31
[t1a][epoch 48/50] loss=0.2244  val_acc=0.9155  macroF1=0.7432  edit=29.42  segF1@50=0.30
[t1a][epoch 49/50] loss=0.2210  val_acc=0.9175  macroF1=0.7443  edit=30.27  segF1@50=0.32
[t1a][epoch 50/50] loss=0.2169  val_acc=0.9142  macroF1=0.7388  edit=31.42  segF1@50=0.31
[t1a] best @epoch 36: acc=0.9195 macroF1=0.7430
[t1a] evidence written -> /home/ubuntu/slocal2/m2/experiments/transfer/t1a_region_mask_top3_001_t1a_region_mask_top3_seed42
