[t1a-bd] train clips=13  val clips=3  in_dim=5888  classes=9  boundary(w=1.0 pos_w=14.70 dilate=1 tau=0.5)  device=cuda
[t1a-bd] evidence dir: /home/ubuntu/slocal/m2/experiments/transfer/t1a_boundary_003_t1a_boundary_seed456
[t1a-bd][ep 1/50] loss=4.0473 bd=1.2456 || plain acc=0.5644 edit=15.21 segF1@50=0.217 || sticky acc=0.4779 edit=11.59 segF1@50=0.020
[t1a-bd][ep 2/50] loss=2.8651 bd=1.0893 || plain acc=0.6812 edit=31.00 segF1@50=0.256 || sticky acc=0.6766 edit=28.33 segF1@50=0.245
[t1a-bd][ep 3/50] loss=2.1823 bd=0.9344 || plain acc=0.6805 edit=31.23 segF1@50=0.244 || sticky acc=0.6799 edit=29.90 segF1@50=0.263
[t1a-bd][ep 4/50] loss=1.9113 bd=0.8667 || plain acc=0.8125 edit=28.55 segF1@50=0.303 || sticky acc=0.7987 edit=33.33 segF1@50=0.384
[t1a-bd][ep 5/50] loss=1.7021 bd=0.7880 || plain acc=0.8515 edit=35.08 segF1@50=0.314 || sticky acc=0.8363 edit=38.46 segF1@50=0.408
[t1a-bd][ep 6/50] loss=1.5302 bd=0.7261 || plain acc=0.8640 edit=37.56 segF1@50=0.374 || sticky acc=0.8475 edit=45.80 segF1@50=0.463
[t1a-bd][ep 7/50] loss=1.4124 bd=0.6792 || plain acc=0.8759 edit=50.88 segF1@50=0.498 || sticky acc=0.8746 edit=59.37 segF1@50=0.606
[t1a-bd][ep 8/50] loss=1.4423 bd=0.6712 || plain acc=0.8937 edit=37.21 segF1@50=0.308 || sticky acc=0.7743 edit=41.39 segF1@50=0.394
[t1a-bd][ep 9/50] loss=1.3377 bd=0.6276 || plain acc=0.9234 edit=36.86 segF1@50=0.393 || sticky acc=0.5221 edit=51.26 segF1@50=0.338
[t1a-bd][ep 10/50] loss=1.2086 bd=0.5899 || plain acc=0.9274 edit=43.97 segF1@50=0.475 || sticky acc=0.9261 edit=48.86 segF1@50=0.561
[t1a-bd][ep 11/50] loss=1.1116 bd=0.5494 || plain acc=0.9320 edit=42.30 segF1@50=0.467 || sticky acc=0.8462 edit=45.88 segF1@50=0.477
[t1a-bd][ep 12/50] loss=1.0691 bd=0.5352 || plain acc=0.9380 edit=32.59 segF1@50=0.388 || sticky acc=0.8139 edit=35.03 segF1@50=0.299
[t1a-bd][ep 13/50] loss=1.0357 bd=0.5172 || plain acc=0.9287 edit=44.44 segF1@50=0.447 || sticky acc=0.7142 edit=46.33 segF1@50=0.524
[t1a-bd][ep 14/50] loss=1.0484 bd=0.5240 || plain acc=0.9360 edit=38.15 segF1@50=0.414 || sticky acc=0.8997 edit=40.00 segF1@50=0.332
[t1a-bd][ep 15/50] loss=0.9796 bd=0.4821 || plain acc=0.9360 edit=38.26 segF1@50=0.406 || sticky acc=0.5822 edit=41.98 segF1@50=0.270
[t1a-bd][ep 16/50] loss=0.9581 bd=0.4720 || plain acc=0.9393 edit=36.52 segF1@50=0.415 || sticky acc=0.8964 edit=47.07 segF1@50=0.333
[t1a-bd][ep 17/50] loss=0.8650 bd=0.4167 || plain acc=0.9399 edit=33.94 segF1@50=0.393 || sticky acc=0.8746 edit=42.90 segF1@50=0.338
[t1a-bd][ep 18/50] loss=0.8287 bd=0.3964 || plain acc=0.9340 edit=39.72 segF1@50=0.435 || sticky acc=0.8878 edit=46.56 segF1@50=0.328
[t1a-bd][ep 19/50] loss=0.8005 bd=0.3870 || plain acc=0.9399 edit=31.52 segF1@50=0.371 || sticky acc=0.8469 edit=41.98 segF1@50=0.253
[t1a-bd][ep 20/50] loss=0.7461 bd=0.3395 || plain acc=0.9347 edit=38.32 segF1@50=0.412 || sticky acc=0.8706 edit=47.09 segF1@50=0.322
[t1a-bd][ep 21/50] loss=0.7135 bd=0.3175 || plain acc=0.9426 edit=32.26 segF1@50=0.381 || sticky acc=0.8059 edit=43.30 segF1@50=0.271
[t1a-bd][ep 22/50] loss=0.6987 bd=0.3082 || plain acc=0.9294 edit=42.17 segF1@50=0.425 || sticky acc=0.6825 edit=54.44 segF1@50=0.496
[t1a-bd][ep 23/50] loss=0.6823 bd=0.2946 || plain acc=0.9459 edit=33.52 segF1@50=0.410 || sticky acc=0.8825 edit=44.59 segF1@50=0.347
[t1a-bd][ep 24/50] loss=0.6511 bd=0.2636 || plain acc=0.9327 edit=42.02 segF1@50=0.440 || sticky acc=0.6970 edit=50.93 segF1@50=0.502
[t1a-bd][ep 25/50] loss=0.6652 bd=0.2918 || plain acc=0.9380 edit=37.86 segF1@50=0.417 || sticky acc=0.8561 edit=44.63 segF1@50=0.352
[t1a-bd][ep 26/50] loss=0.6343 bd=0.2639 || plain acc=0.9366 edit=38.29 segF1@50=0.394 || sticky acc=0.8257 edit=47.15 segF1@50=0.453
[t1a-bd][ep 27/50] loss=0.6578 bd=0.2714 || plain acc=0.9373 edit=33.27 segF1@50=0.336 || sticky acc=0.8713 edit=46.00 segF1@50=0.515
[t1a-bd][ep 28/50] loss=0.6634 bd=0.2684 || plain acc=0.9320 edit=34.77 segF1@50=0.359 || sticky acc=0.6403 edit=46.52 segF1@50=0.269
[t1a-bd][ep 29/50] loss=0.6520 bd=0.2420 || plain acc=0.9479 edit=35.24 segF1@50=0.429 || sticky acc=0.8238 edit=42.52 segF1@50=0.327
[t1a-bd][ep 30/50] loss=0.6199 bd=0.2499 || plain acc=0.9380 edit=32.22 segF1@50=0.375 || sticky acc=0.8851 edit=34.60 segF1@50=0.264
[t1a-bd][ep 31/50] loss=0.6684 bd=0.3096 || plain acc=0.9426 edit=33.52 segF1@50=0.385 || sticky acc=0.6178 edit=39.29 segF1@50=0.276
[t1a-bd][ep 32/50] loss=0.6670 bd=0.3005 || plain acc=0.9399 edit=43.49 segF1@50=0.470 || sticky acc=0.8422 edit=51.33 segF1@50=0.546
[t1a-bd][ep 33/50] loss=0.5589 bd=0.2098 || plain acc=0.9393 edit=35.86 segF1@50=0.400 || sticky acc=0.8231 edit=45.63 segF1@50=0.276
[t1a-bd][ep 34/50] loss=0.5077 bd=0.1759 || plain acc=0.9459 edit=33.17 segF1@50=0.368 || sticky acc=0.8205 edit=52.12 segF1@50=0.459
[t1a-bd][ep 35/50] loss=0.4744 bd=0.1588 || plain acc=0.9393 edit=33.01 segF1@50=0.381 || sticky acc=0.8092 edit=42.86 segF1@50=0.244
[t1a-bd][ep 36/50] loss=0.4545 bd=0.1458 || plain acc=0.9479 edit=32.33 segF1@50=0.406 || sticky acc=0.8244 edit=50.88 segF1@50=0.292
[t1a-bd][ep 37/50] loss=0.4314 bd=0.1229 || plain acc=0.9386 edit=31.67 segF1@50=0.356 || sticky acc=0.6640 edit=47.11 segF1@50=0.269
[t1a-bd][ep 38/50] loss=0.4351 bd=0.0996 || plain acc=0.9459 edit=34.17 segF1@50=0.413 || sticky acc=0.8178 edit=43.30 segF1@50=0.315
[t1a-bd][ep 39/50] loss=0.3972 bd=0.0888 || plain acc=0.9432 edit=37.90 segF1@50=0.441 || sticky acc=0.8376 edit=52.67 segF1@50=0.517
[t1a-bd][ep 40/50] loss=0.3804 bd=0.0771 || plain acc=0.9393 edit=31.85 segF1@50=0.378 || sticky acc=0.6370 edit=46.03 segF1@50=0.259
[t1a-bd][ep 41/50] loss=0.3637 bd=0.0766 || plain acc=0.9399 edit=37.17 segF1@50=0.405 || sticky acc=0.6409 edit=53.46 segF1@50=0.471
[t1a-bd][ep 42/50] loss=0.3628 bd=0.0802 || plain acc=0.9393 edit=32.27 segF1@50=0.380 || sticky acc=0.6290 edit=47.15 segF1@50=0.231
[t1a-bd][ep 43/50] loss=0.3426 bd=0.0749 || plain acc=0.9419 edit=32.71 segF1@50=0.365 || sticky acc=0.7182 edit=49.00 segF1@50=0.407
[t1a-bd][ep 44/50] loss=0.3517 bd=0.0825 || plain acc=0.9399 edit=38.36 segF1@50=0.434 || sticky acc=0.6488 edit=57.33 segF1@50=0.510
[t1a-bd][ep 45/50] loss=0.3438 bd=0.0805 || plain acc=0.9439 edit=34.38 segF1@50=0.415 || sticky acc=0.7340 edit=43.46 segF1@50=0.348
[t1a-bd][ep 46/50] loss=0.3377 bd=0.0741 || plain acc=0.9426 edit=32.27 segF1@50=0.390 || sticky acc=0.8073 edit=55.78 segF1@50=0.565
[t1a-bd][ep 47/50] loss=0.3522 bd=0.0895 || plain acc=0.9419 edit=32.11 segF1@50=0.358 || sticky acc=0.6884 edit=53.11 segF1@50=0.479
[t1a-bd][ep 48/50] loss=0.3428 bd=0.0713 || plain acc=0.9399 edit=36.70 segF1@50=0.409 || sticky acc=0.8277 edit=50.19 segF1@50=0.505
[t1a-bd][ep 49/50] loss=0.3254 bd=0.0577 || plain acc=0.9393 edit=31.25 segF1@50=0.379 || sticky acc=0.6323 edit=48.86 segF1@50=0.433
[t1a-bd][ep 50/50] loss=0.3076 bd=0.0496 || plain acc=0.9432 edit=37.57 segF1@50=0.434 || sticky acc=0.8231 edit=56.67 segF1@50=0.582
[t1a-bd] best @epoch 29: plain acc=0.9479 edit=35.24 | sticky edit=42.52
[t1a-bd] evidence written -> /home/ubuntu/slocal/m2/experiments/transfer/t1a_boundary_003_t1a_boundary_seed456
