[t1a] train clips=13  val clips=3  in_dim=5888  region_only=False  classes=9  device=cuda
[t1a] evidence dir: /home/ubuntu/slocal2/m2/experiments/transfer/t1a_region_mask_top3_003_t1a_region_mask_top3_seed456
[t1a][epoch 1/50] loss=3.0802  val_acc=0.3366  macroF1=0.0749  edit=15.33  segF1@50=0.00
[t1a][epoch 2/50] loss=2.1888  val_acc=0.6482  macroF1=0.2181  edit=19.96  segF1@50=0.16
[t1a][epoch 3/50] loss=1.7342  val_acc=0.6779  macroF1=0.2292  edit=29.33  segF1@50=0.21
[t1a][epoch 4/50] loss=1.3929  val_acc=0.7017  macroF1=0.3090  edit=22.02  segF1@50=0.19
[t1a][epoch 5/50] loss=1.1809  val_acc=0.7485  macroF1=0.3936  edit=27.54  segF1@50=0.23
[t1a][epoch 6/50] loss=1.0935  val_acc=0.7314  macroF1=0.3786  edit=40.66  segF1@50=0.26
[t1a][epoch 7/50] loss=1.0880  val_acc=0.8013  macroF1=0.4722  edit=34.21  segF1@50=0.26
[t1a][epoch 8/50] loss=1.1928  val_acc=0.7452  macroF1=0.4381  edit=45.95  segF1@50=0.28
[t1a][epoch 9/50] loss=1.1225  val_acc=0.8521  macroF1=0.5474  edit=43.02  segF1@50=0.42
[t1a][epoch 10/50] loss=0.9051  val_acc=0.8620  macroF1=0.5718  edit=35.11  segF1@50=0.32
[t1a][epoch 11/50] loss=0.7959  val_acc=0.8614  macroF1=0.5682  edit=41.90  segF1@50=0.42
[t1a][epoch 12/50] loss=0.6996  val_acc=0.8535  macroF1=0.5826  edit=33.02  segF1@50=0.29
[t1a][epoch 13/50] loss=0.6490  val_acc=0.8607  macroF1=0.5694  edit=45.85  segF1@50=0.37
[t1a][epoch 14/50] loss=0.6113  val_acc=0.8620  macroF1=0.6007  edit=37.13  segF1@50=0.33
[t1a][epoch 15/50] loss=0.5796  val_acc=0.8647  macroF1=0.5712  edit=34.95  segF1@50=0.34
[t1a][epoch 16/50] loss=0.5890  val_acc=0.8832  macroF1=0.6682  edit=33.28  segF1@50=0.31
[t1a][epoch 17/50] loss=0.5360  val_acc=0.8700  macroF1=0.5775  edit=39.30  segF1@50=0.39
[t1a][epoch 18/50] loss=0.5110  val_acc=0.8825  macroF1=0.6620  edit=35.41  segF1@50=0.33
[t1a][epoch 19/50] loss=0.4883  val_acc=0.8759  macroF1=0.6041  edit=34.62  segF1@50=0.32
[t1a][epoch 20/50] loss=0.4747  val_acc=0.8825  macroF1=0.6612  edit=36.61  segF1@50=0.33
[t1a][epoch 21/50] loss=0.4390  val_acc=0.8898  macroF1=0.6378  edit=35.28  segF1@50=0.32
[t1a][epoch 22/50] loss=0.4282  val_acc=0.8865  macroF1=0.6748  edit=36.51  segF1@50=0.33
[t1a][epoch 23/50] loss=0.3978  val_acc=0.8937  macroF1=0.6712  edit=35.21  segF1@50=0.30
[t1a][epoch 24/50] loss=0.3859  val_acc=0.8970  macroF1=0.6836  edit=38.29  segF1@50=0.32
[t1a][epoch 25/50] loss=0.3841  val_acc=0.8964  macroF1=0.6892  edit=37.48  segF1@50=0.34
[t1a][epoch 26/50] loss=0.3678  val_acc=0.9043  macroF1=0.6892  edit=36.46  segF1@50=0.31
[t1a][epoch 27/50] loss=0.3510  val_acc=0.9102  macroF1=0.7127  edit=36.60  segF1@50=0.33
[t1a][epoch 28/50] loss=0.3511  val_acc=0.9076  macroF1=0.7214  edit=38.69  segF1@50=0.36
[t1a][epoch 29/50] loss=0.3446  val_acc=0.9023  macroF1=0.6653  edit=34.26  segF1@50=0.32
[t1a][epoch 30/50] loss=0.3358  val_acc=0.8977  macroF1=0.6754  edit=37.70  segF1@50=0.35
[t1a][epoch 31/50] loss=0.3531  val_acc=0.9017  macroF1=0.7125  edit=27.90  segF1@50=0.28
[t1a][epoch 32/50] loss=0.3764  val_acc=0.9063  macroF1=0.6811  edit=36.61  segF1@50=0.30
[t1a][epoch 33/50] loss=0.4143  val_acc=0.8785  macroF1=0.7077  edit=34.68  segF1@50=0.32
[t1a][epoch 34/50] loss=0.4053  val_acc=0.8970  macroF1=0.6644  edit=36.56  segF1@50=0.30
[t1a][epoch 35/50] loss=0.3332  val_acc=0.9089  macroF1=0.7199  edit=33.51  segF1@50=0.28
[t1a][epoch 36/50] loss=0.3065  val_acc=0.9056  macroF1=0.7198  edit=32.25  segF1@50=0.29
[t1a][epoch 37/50] loss=0.2877  val_acc=0.9142  macroF1=0.7293  edit=34.03  segF1@50=0.34
[t1a][epoch 38/50] loss=0.2820  val_acc=0.9069  macroF1=0.7197  edit=33.51  segF1@50=0.31
[t1a][epoch 39/50] loss=0.2782  val_acc=0.9076  macroF1=0.6904  edit=33.75  segF1@50=0.29
[t1a][epoch 40/50] loss=0.2791  val_acc=0.9083  macroF1=0.7271  edit=37.29  segF1@50=0.36
[t1a][epoch 41/50] loss=0.2742  val_acc=0.8990  macroF1=0.6624  edit=28.13  segF1@50=0.27
[t1a][epoch 42/50] loss=0.2760  val_acc=0.9050  macroF1=0.7210  edit=32.94  segF1@50=0.33
[t1a][epoch 43/50] loss=0.2590  val_acc=0.9063  macroF1=0.6856  edit=32.81  segF1@50=0.31
[t1a][epoch 44/50] loss=0.2588  val_acc=0.9083  macroF1=0.7255  edit=33.65  segF1@50=0.33
[t1a][epoch 45/50] loss=0.2516  val_acc=0.9017  macroF1=0.6599  edit=29.25  segF1@50=0.26
[t1a][epoch 46/50] loss=0.2545  val_acc=0.9056  macroF1=0.7327  edit=28.11  segF1@50=0.29
[t1a][epoch 47/50] loss=0.2509  val_acc=0.9175  macroF1=0.7379  edit=32.08  segF1@50=0.33
[t1a][epoch 48/50] loss=0.2393  val_acc=0.9142  macroF1=0.7180  edit=40.53  segF1@50=0.37
[t1a][epoch 49/50] loss=0.2257  val_acc=0.9149  macroF1=0.7341  edit=34.24  segF1@50=0.33
[t1a][epoch 50/50] loss=0.2172  val_acc=0.9182  macroF1=0.7388  edit=34.73  segF1@50=0.36
[t1a] best @epoch 50: acc=0.9182 macroF1=0.7388
[t1a] evidence written -> /home/ubuntu/slocal2/m2/experiments/transfer/t1a_region_mask_top3_003_t1a_region_mask_top3_seed456
