[t1a] train clips=13  val clips=3  in_dim=5888  region_only=False  classes=9  device=cuda
[t1a] evidence dir: /home/ubuntu/slocal2/m2/experiments/transfer/t1a_region_mask_top3_002_t1a_region_mask_top3_seed123
[t1a][epoch 1/50] loss=2.9939  val_acc=0.6647  macroF1=0.2312  edit=35.13  segF1@50=0.34
[t1a][epoch 2/50] loss=2.0049  val_acc=0.6554  macroF1=0.2205  edit=19.76  segF1@50=0.17
[t1a][epoch 3/50] loss=1.4900  val_acc=0.6779  macroF1=0.2302  edit=27.78  segF1@50=0.22
[t1a][epoch 4/50] loss=1.2620  val_acc=0.7234  macroF1=0.3571  edit=30.78  segF1@50=0.19
[t1a][epoch 5/50] loss=1.1183  val_acc=0.7960  macroF1=0.5224  edit=29.82  segF1@50=0.24
[t1a][epoch 6/50] loss=1.0045  val_acc=0.8495  macroF1=0.5884  edit=29.83  segF1@50=0.26
[t1a][epoch 7/50] loss=1.0113  val_acc=0.8627  macroF1=0.6285  edit=35.02  segF1@50=0.26
[t1a][epoch 8/50] loss=0.9564  val_acc=0.8601  macroF1=0.5851  edit=35.71  segF1@50=0.33
[t1a][epoch 9/50] loss=0.8484  val_acc=0.8389  macroF1=0.5719  edit=37.25  segF1@50=0.27
[t1a][epoch 10/50] loss=0.8384  val_acc=0.8528  macroF1=0.5446  edit=40.00  segF1@50=0.37
[t1a][epoch 11/50] loss=0.6788  val_acc=0.8581  macroF1=0.5682  edit=40.63  segF1@50=0.37
[t1a][epoch 12/50] loss=0.6174  val_acc=0.8581  macroF1=0.5496  edit=40.57  segF1@50=0.38
[t1a][epoch 13/50] loss=0.6165  val_acc=0.8561  macroF1=0.6302  edit=35.37  segF1@50=0.29
[t1a][epoch 14/50] loss=0.5786  val_acc=0.8838  macroF1=0.6231  edit=35.78  segF1@50=0.30
[t1a][epoch 15/50] loss=0.5550  val_acc=0.8686  macroF1=0.6568  edit=33.73  segF1@50=0.31
[t1a][epoch 16/50] loss=0.5272  val_acc=0.8792  macroF1=0.6108  edit=32.81  segF1@50=0.29
[t1a][epoch 17/50] loss=0.4877  val_acc=0.8673  macroF1=0.6611  edit=37.33  segF1@50=0.30
[t1a][epoch 18/50] loss=0.4587  val_acc=0.8851  macroF1=0.6223  edit=33.11  segF1@50=0.30
[t1a][epoch 19/50] loss=0.4460  val_acc=0.8891  macroF1=0.6444  edit=35.47  segF1@50=0.31
[t1a][epoch 20/50] loss=0.4324  val_acc=0.8917  macroF1=0.6810  edit=36.69  segF1@50=0.32
[t1a][epoch 21/50] loss=0.3974  val_acc=0.8944  macroF1=0.6717  edit=37.52  segF1@50=0.33
[t1a][epoch 22/50] loss=0.3880  val_acc=0.8924  macroF1=0.6720  edit=40.09  segF1@50=0.34
[t1a][epoch 23/50] loss=0.3996  val_acc=0.8950  macroF1=0.6681  edit=37.29  segF1@50=0.34
[t1a][epoch 24/50] loss=0.3720  val_acc=0.8957  macroF1=0.6652  edit=34.65  segF1@50=0.33
[t1a][epoch 25/50] loss=0.3538  val_acc=0.9050  macroF1=0.7198  edit=34.29  segF1@50=0.33
[t1a][epoch 26/50] loss=0.3432  val_acc=0.9109  macroF1=0.7268  edit=36.55  segF1@50=0.35
[t1a][epoch 27/50] loss=0.3704  val_acc=0.8851  macroF1=0.6383  edit=31.95  segF1@50=0.30
[t1a][epoch 28/50] loss=0.4401  val_acc=0.8911  macroF1=0.7012  edit=35.59  segF1@50=0.33
[t1a][epoch 29/50] loss=0.3816  val_acc=0.8851  macroF1=0.6498  edit=35.42  segF1@50=0.33
[t1a][epoch 30/50] loss=0.3588  val_acc=0.8977  macroF1=0.7065  edit=33.65  segF1@50=0.30
[t1a][epoch 31/50] loss=0.3374  val_acc=0.8977  macroF1=0.7145  edit=34.87  segF1@50=0.34
[t1a][epoch 32/50] loss=0.3065  val_acc=0.9076  macroF1=0.7154  edit=34.77  segF1@50=0.34
[t1a][epoch 33/50] loss=0.3014  val_acc=0.8990  macroF1=0.7160  edit=31.50  segF1@50=0.29
[t1a][epoch 34/50] loss=0.3140  val_acc=0.9003  macroF1=0.6829  edit=36.02  segF1@50=0.35
[t1a][epoch 35/50] loss=0.2983  val_acc=0.8944  macroF1=0.7214  edit=27.93  segF1@50=0.29
[t1a][epoch 36/50] loss=0.2875  val_acc=0.9043  macroF1=0.6971  edit=32.59  segF1@50=0.33
[t1a][epoch 37/50] loss=0.2732  val_acc=0.9043  macroF1=0.7237  edit=33.81  segF1@50=0.32
[t1a][epoch 38/50] loss=0.2646  val_acc=0.9043  macroF1=0.7032  edit=30.17  segF1@50=0.29
[t1a][epoch 39/50] loss=0.2549  val_acc=0.9076  macroF1=0.7282  edit=34.08  segF1@50=0.32
[t1a][epoch 40/50] loss=0.2586  val_acc=0.9030  macroF1=0.6964  edit=35.21  segF1@50=0.35
[t1a][epoch 41/50] loss=0.2485  val_acc=0.9076  macroF1=0.7253  edit=37.82  segF1@50=0.37
[t1a][epoch 42/50] loss=0.2448  val_acc=0.8997  macroF1=0.7004  edit=37.31  segF1@50=0.36
[t1a][epoch 43/50] loss=0.2374  val_acc=0.9076  macroF1=0.7271  edit=35.91  segF1@50=0.35
[t1a][epoch 44/50] loss=0.2335  val_acc=0.8964  macroF1=0.6941  edit=30.40  segF1@50=0.31
[t1a][epoch 45/50] loss=0.2312  val_acc=0.8944  macroF1=0.7085  edit=28.17  segF1@50=0.28
[t1a][epoch 46/50] loss=0.2269  val_acc=0.9003  macroF1=0.7113  edit=37.20  segF1@50=0.35
[t1a][epoch 47/50] loss=0.2435  val_acc=0.8977  macroF1=0.7092  edit=29.23  segF1@50=0.29
[t1a][epoch 48/50] loss=0.2425  val_acc=0.8878  macroF1=0.6734  edit=29.78  segF1@50=0.30
[t1a][epoch 49/50] loss=0.2321  val_acc=0.9043  macroF1=0.7228  edit=34.33  segF1@50=0.32
[t1a][epoch 50/50] loss=0.2196  val_acc=0.9056  macroF1=0.7076  edit=35.12  segF1@50=0.33
[t1a] best @epoch 26: acc=0.9109 macroF1=0.7268
[t1a] evidence written -> /home/ubuntu/slocal2/m2/experiments/transfer/t1a_region_mask_top3_002_t1a_region_mask_top3_seed123
