[t1a] train clips=13  val clips=3  in_dim=5888  region_only=False  classes=9  device=cuda
[t1a] evidence dir: /home/ubuntu/slocal/m2/experiments/transfer/t1a_3seed_det42_p42_frozen_001_t1a_3seed_det42_p42_frozen_seed42
[t1a][epoch 1/50] loss=2.9027  val_acc=0.6535  macroF1=0.2280  edit=28.44  segF1@50=0.26
[t1a][epoch 2/50] loss=1.6678  val_acc=0.6792  macroF1=0.2294  edit=25.63  segF1@50=0.18
[t1a][epoch 3/50] loss=1.2504  val_acc=0.6746  macroF1=0.2270  edit=29.67  segF1@50=0.22
[t1a][epoch 4/50] loss=1.0612  val_acc=0.6904  macroF1=0.2600  edit=32.78  segF1@50=0.26
[t1a][epoch 5/50] loss=0.9073  val_acc=0.8462  macroF1=0.5559  edit=34.00  segF1@50=0.32
[t1a][epoch 6/50] loss=0.7737  val_acc=0.9274  macroF1=0.7515  edit=43.95  segF1@50=0.49
[t1a][epoch 7/50] loss=0.6522  val_acc=0.9294  macroF1=0.7591  edit=43.95  segF1@50=0.49
[t1a][epoch 8/50] loss=0.5726  val_acc=0.9281  macroF1=0.7564  edit=51.74  segF1@50=0.54
[t1a][epoch 9/50] loss=0.6005  val_acc=0.9347  macroF1=0.7725  edit=41.33  segF1@50=0.42
[t1a][epoch 10/50] loss=0.6092  val_acc=0.9287  macroF1=0.7680  edit=50.09  segF1@50=0.52
[t1a][epoch 11/50] loss=0.5030  val_acc=0.9347  macroF1=0.7807  edit=42.76  segF1@50=0.43
[t1a][epoch 12/50] loss=0.4558  val_acc=0.9406  macroF1=0.7800  edit=40.63  segF1@50=0.46
[t1a][epoch 13/50] loss=0.4302  val_acc=0.9366  macroF1=0.7857  edit=49.18  segF1@50=0.53
[t1a][epoch 14/50] loss=0.4133  val_acc=0.9380  macroF1=0.7784  edit=35.43  segF1@50=0.37
[t1a][epoch 15/50] loss=0.4068  val_acc=0.9413  macroF1=0.8033  edit=42.86  segF1@50=0.48
[t1a][epoch 16/50] loss=0.4043  val_acc=0.9340  macroF1=0.7766  edit=41.01  segF1@50=0.42
[t1a][epoch 17/50] loss=0.4140  val_acc=0.9479  macroF1=0.8097  edit=35.24  segF1@50=0.43
[t1a][epoch 18/50] loss=0.3664  val_acc=0.9452  macroF1=0.7948  edit=36.03  segF1@50=0.43
[t1a][epoch 19/50] loss=0.3519  val_acc=0.9465  macroF1=0.8013  edit=33.60  segF1@50=0.41
[t1a][epoch 20/50] loss=0.3500  val_acc=0.9419  macroF1=0.7874  edit=34.38  segF1@50=0.38
[t1a][epoch 21/50] loss=0.3412  val_acc=0.9426  macroF1=0.8024  edit=37.12  segF1@50=0.43
[t1a][epoch 22/50] loss=0.3176  val_acc=0.9406  macroF1=0.7859  edit=31.60  segF1@50=0.38
[t1a][epoch 23/50] loss=0.3625  val_acc=0.9353  macroF1=0.8006  edit=33.33  segF1@50=0.36
[t1a][epoch 24/50] loss=0.3470  val_acc=0.9419  macroF1=0.7957  edit=36.05  segF1@50=0.39
[t1a][epoch 25/50] loss=0.3119  val_acc=0.9439  macroF1=0.7960  edit=32.19  segF1@50=0.39
[t1a][epoch 26/50] loss=0.3072  val_acc=0.9333  macroF1=0.7804  edit=37.18  segF1@50=0.39
[t1a][epoch 27/50] loss=0.2929  val_acc=0.9413  macroF1=0.7862  edit=32.27  segF1@50=0.39
[t1a][epoch 28/50] loss=0.2737  val_acc=0.9446  macroF1=0.7992  edit=32.36  segF1@50=0.40
[t1a][epoch 29/50] loss=0.2610  val_acc=0.9432  macroF1=0.7962  edit=36.83  segF1@50=0.42
[t1a][epoch 30/50] loss=0.2552  val_acc=0.9446  macroF1=0.8022  edit=31.15  segF1@50=0.37
[t1a][epoch 31/50] loss=0.2538  val_acc=0.9439  macroF1=0.7959  edit=36.38  segF1@50=0.43
[t1a][epoch 32/50] loss=0.2417  val_acc=0.9439  macroF1=0.8005  edit=31.67  segF1@50=0.38
[t1a][epoch 33/50] loss=0.2291  val_acc=0.9432  macroF1=0.7966  edit=32.27  segF1@50=0.39
[t1a][epoch 34/50] loss=0.2233  val_acc=0.9419  macroF1=0.7978  edit=29.39  segF1@50=0.36
[t1a][epoch 35/50] loss=0.2196  val_acc=0.9426  macroF1=0.7972  edit=30.46  segF1@50=0.37
[t1a][epoch 36/50] loss=0.2160  val_acc=0.9446  macroF1=0.8022  edit=30.84  segF1@50=0.38
[t1a][epoch 37/50] loss=0.2235  val_acc=0.9380  macroF1=0.7846  edit=29.63  segF1@50=0.34
[t1a][epoch 38/50] loss=0.2714  val_acc=0.9446  macroF1=0.8077  edit=32.83  segF1@50=0.41
[t1a][epoch 39/50] loss=0.2847  val_acc=0.9373  macroF1=0.7839  edit=25.27  segF1@50=0.30
[t1a][epoch 40/50] loss=0.2832  val_acc=0.9465  macroF1=0.8092  edit=38.29  segF1@50=0.45
[t1a][epoch 41/50] loss=0.2470  val_acc=0.9439  macroF1=0.8017  edit=28.12  segF1@50=0.33
[t1a][epoch 42/50] loss=0.2191  val_acc=0.9393  macroF1=0.7969  edit=33.84  segF1@50=0.39
[t1a][epoch 43/50] loss=0.2071  val_acc=0.9439  macroF1=0.7955  edit=33.12  segF1@50=0.40
[t1a][epoch 44/50] loss=0.1994  val_acc=0.9413  macroF1=0.7965  edit=26.73  segF1@50=0.32
[t1a][epoch 45/50] loss=0.1941  val_acc=0.9459  macroF1=0.8044  edit=32.41  segF1@50=0.39
[t1a][epoch 46/50] loss=0.1920  val_acc=0.9439  macroF1=0.8004  edit=34.78  segF1@50=0.41
[t1a][epoch 47/50] loss=0.1819  val_acc=0.9465  macroF1=0.8032  edit=32.91  segF1@50=0.39
[t1a][epoch 48/50] loss=0.1788  val_acc=0.9419  macroF1=0.7969  edit=31.27  segF1@50=0.37
[t1a][epoch 49/50] loss=0.1759  val_acc=0.9419  macroF1=0.7999  edit=33.67  segF1@50=0.37
[t1a][epoch 50/50] loss=0.1725  val_acc=0.9419  macroF1=0.7916  edit=29.26  segF1@50=0.35
[t1a] best @epoch 17: acc=0.9479 macroF1=0.8097
[t1a] evidence written -> /home/ubuntu/slocal/m2/experiments/transfer/t1a_3seed_det42_p42_frozen_001_t1a_3seed_det42_p42_frozen_seed42
