[t1a] train clips=13  val clips=3  in_dim=5888  region_only=False  classes=9  device=cuda
[t1a] evidence dir: /home/ubuntu/slocal2/m2/experiments/transfer/t1a_region_mask_01_001_t1a_region_mask_01_seed42
[t1a][epoch 1/50] loss=2.9429  val_acc=0.5914  macroF1=0.2057  edit=29.44  segF1@50=0.28
[t1a][epoch 2/50] loss=1.6830  val_acc=0.6792  macroF1=0.2280  edit=25.20  segF1@50=0.19
[t1a][epoch 3/50] loss=1.2675  val_acc=0.6772  macroF1=0.2277  edit=35.44  segF1@50=0.26
[t1a][epoch 4/50] loss=1.1022  val_acc=0.6944  macroF1=0.2853  edit=24.81  segF1@50=0.20
[t1a][epoch 5/50] loss=0.9487  val_acc=0.8363  macroF1=0.5477  edit=31.08  segF1@50=0.28
[t1a][epoch 6/50] loss=0.8068  val_acc=0.9254  macroF1=0.7518  edit=40.72  segF1@50=0.45
[t1a][epoch 7/50] loss=0.6789  val_acc=0.9281  macroF1=0.7606  edit=40.18  segF1@50=0.44
[t1a][epoch 8/50] loss=0.5893  val_acc=0.9281  macroF1=0.7582  edit=48.89  segF1@50=0.52
[t1a][epoch 9/50] loss=0.6205  val_acc=0.9307  macroF1=0.7608  edit=41.73  segF1@50=0.42
[t1a][epoch 10/50] loss=0.6769  val_acc=0.9248  macroF1=0.7566  edit=43.25  segF1@50=0.44
[t1a][epoch 11/50] loss=0.5296  val_acc=0.9320  macroF1=0.7861  edit=40.48  segF1@50=0.41
[t1a][epoch 12/50] loss=0.4886  val_acc=0.9413  macroF1=0.7866  edit=36.86  segF1@50=0.38
[t1a][epoch 13/50] loss=0.4981  val_acc=0.9300  macroF1=0.7737  edit=45.88  segF1@50=0.44
[t1a][epoch 14/50] loss=0.4666  val_acc=0.9393  macroF1=0.7885  edit=35.62  segF1@50=0.38
[t1a][epoch 15/50] loss=0.4334  val_acc=0.9320  macroF1=0.7894  edit=41.31  segF1@50=0.39
[t1a][epoch 16/50] loss=0.3993  val_acc=0.9373  macroF1=0.7899  edit=38.22  segF1@50=0.40
[t1a][epoch 17/50] loss=0.3822  val_acc=0.9406  macroF1=0.7996  edit=32.59  segF1@50=0.39
[t1a][epoch 18/50] loss=0.3629  val_acc=0.9399  macroF1=0.7839  edit=36.30  segF1@50=0.41
[t1a][epoch 19/50] loss=0.3744  val_acc=0.9419  macroF1=0.8032  edit=34.19  segF1@50=0.38
[t1a][epoch 20/50] loss=0.4077  val_acc=0.9373  macroF1=0.7756  edit=34.44  segF1@50=0.36
[t1a][epoch 21/50] loss=0.3589  val_acc=0.9366  macroF1=0.7903  edit=33.60  segF1@50=0.36
[t1a][epoch 22/50] loss=0.3414  val_acc=0.9439  macroF1=0.7945  edit=33.80  segF1@50=0.40
[t1a][epoch 23/50] loss=0.3492  val_acc=0.9360  macroF1=0.7991  edit=37.18  segF1@50=0.39
[t1a][epoch 24/50] loss=0.3412  val_acc=0.9439  macroF1=0.7966  edit=36.07  segF1@50=0.42
[t1a][epoch 25/50] loss=0.3351  val_acc=0.9452  macroF1=0.8017  edit=33.45  segF1@50=0.37
[t1a][epoch 26/50] loss=0.3607  val_acc=0.9380  macroF1=0.7820  edit=34.71  segF1@50=0.37
[t1a][epoch 27/50] loss=0.3202  val_acc=0.9347  macroF1=0.7740  edit=32.85  segF1@50=0.34
[t1a][epoch 28/50] loss=0.2914  val_acc=0.9419  macroF1=0.7936  edit=36.83  segF1@50=0.40
[t1a][epoch 29/50] loss=0.2750  val_acc=0.9413  macroF1=0.7982  edit=29.73  segF1@50=0.36
[t1a][epoch 30/50] loss=0.2617  val_acc=0.9432  macroF1=0.7999  edit=29.91  segF1@50=0.34
[t1a][epoch 31/50] loss=0.2586  val_acc=0.9446  macroF1=0.8010  edit=35.14  segF1@50=0.42
[t1a][epoch 32/50] loss=0.2479  val_acc=0.9452  macroF1=0.8019  edit=31.45  segF1@50=0.38
[t1a][epoch 33/50] loss=0.2373  val_acc=0.9426  macroF1=0.7972  edit=31.06  segF1@50=0.38
[t1a][epoch 34/50] loss=0.2330  val_acc=0.9426  macroF1=0.7989  edit=29.36  segF1@50=0.36
[t1a][epoch 35/50] loss=0.2279  val_acc=0.9432  macroF1=0.7992  edit=30.00  segF1@50=0.38
[t1a][epoch 36/50] loss=0.2267  val_acc=0.9439  macroF1=0.8011  edit=30.34  segF1@50=0.38
[t1a][epoch 37/50] loss=0.2424  val_acc=0.9380  macroF1=0.7854  edit=31.58  segF1@50=0.36
[t1a][epoch 38/50] loss=0.2970  val_acc=0.9320  macroF1=0.7863  edit=30.78  segF1@50=0.36
[t1a][epoch 39/50] loss=0.2905  val_acc=0.9340  macroF1=0.7771  edit=29.27  segF1@50=0.31
[t1a][epoch 40/50] loss=0.2772  val_acc=0.9333  macroF1=0.7933  edit=34.57  segF1@50=0.38
[t1a][epoch 41/50] loss=0.2610  val_acc=0.9479  macroF1=0.8089  edit=31.65  segF1@50=0.36
[t1a][epoch 42/50] loss=0.2305  val_acc=0.9353  macroF1=0.7978  edit=33.33  segF1@50=0.36
[t1a][epoch 43/50] loss=0.2141  val_acc=0.9459  macroF1=0.8034  edit=31.67  segF1@50=0.39
[t1a][epoch 44/50] loss=0.2040  val_acc=0.9439  macroF1=0.8007  edit=27.45  segF1@50=0.34
[t1a][epoch 45/50] loss=0.1994  val_acc=0.9439  macroF1=0.8031  edit=27.45  segF1@50=0.34
[t1a][epoch 46/50] loss=0.1961  val_acc=0.9413  macroF1=0.8024  edit=35.75  segF1@50=0.41
[t1a][epoch 47/50] loss=0.1878  val_acc=0.9472  macroF1=0.8040  edit=32.91  segF1@50=0.39
[t1a][epoch 48/50] loss=0.1848  val_acc=0.9459  macroF1=0.8075  edit=30.95  segF1@50=0.38
[t1a][epoch 49/50] loss=0.1807  val_acc=0.9426  macroF1=0.8018  edit=35.19  segF1@50=0.40
[t1a][epoch 50/50] loss=0.1789  val_acc=0.9459  macroF1=0.8037  edit=32.12  segF1@50=0.39
[t1a] best @epoch 41: acc=0.9479 macroF1=0.8089
[t1a] evidence written -> /home/ubuntu/slocal2/m2/experiments/transfer/t1a_region_mask_01_001_t1a_region_mask_01_seed42
