[t1a-bd] train clips=13  val clips=3  in_dim=5888  classes=9  boundary(w=1.0 pos_w=14.70 dilate=1 tau=0.5)  device=cuda
[t1a-bd] evidence dir: /home/ubuntu/slocal/m2/experiments/transfer/t1a_boundary_002_t1a_boundary_seed123
[t1a-bd][ep 1/50] loss=3.9455 bd=1.2754 || plain acc=0.6845 edit=21.44 segF1@50=0.150 || sticky acc=0.5201 edit=28.08 segF1@50=0.276
[t1a-bd][ep 2/50] loss=2.6476 bd=1.0924 || plain acc=0.6647 edit=24.70 segF1@50=0.143 || sticky acc=0.5703 edit=32.89 segF1@50=0.206
[t1a-bd][ep 3/50] loss=2.1753 bd=0.9567 || plain acc=0.6818 edit=28.63 segF1@50=0.207 || sticky acc=0.6805 edit=25.96 segF1@50=0.212
[t1a-bd][ep 4/50] loss=1.8660 bd=0.8467 || plain acc=0.7921 edit=26.67 segF1@50=0.216 || sticky acc=0.6376 edit=32.19 segF1@50=0.300
[t1a-bd][ep 5/50] loss=1.7237 bd=0.8189 || plain acc=0.8785 edit=36.65 segF1@50=0.294 || sticky acc=0.8706 edit=39.20 segF1@50=0.323
[t1a-bd][ep 6/50] loss=1.5122 bd=0.7437 || plain acc=0.8911 edit=31.82 segF1@50=0.357 || sticky acc=0.7228 edit=39.33 segF1@50=0.447
[t1a-bd][ep 7/50] loss=1.3582 bd=0.6800 || plain acc=0.9208 edit=38.18 segF1@50=0.391 || sticky acc=0.9030 edit=48.66 segF1@50=0.489
[t1a-bd][ep 8/50] loss=1.2378 bd=0.6127 || plain acc=0.9241 edit=35.61 segF1@50=0.411 || sticky acc=0.8198 edit=47.47 segF1@50=0.506
[t1a-bd][ep 9/50] loss=1.1980 bd=0.5899 || plain acc=0.9195 edit=36.33 segF1@50=0.379 || sticky acc=0.9010 edit=45.25 segF1@50=0.491
[t1a-bd][ep 10/50] loss=1.1791 bd=0.5820 || plain acc=0.9168 edit=35.90 segF1@50=0.335 || sticky acc=0.8145 edit=28.67 segF1@50=0.307
[t1a-bd][ep 11/50] loss=1.2123 bd=0.5425 || plain acc=0.9333 edit=39.10 segF1@50=0.444 || sticky acc=0.9083 edit=42.90 segF1@50=0.433
[t1a-bd][ep 12/50] loss=1.0705 bd=0.5211 || plain acc=0.9399 edit=31.45 segF1@50=0.375 || sticky acc=0.7294 edit=44.13 segF1@50=0.333
[t1a-bd][ep 13/50] loss=0.9996 bd=0.4870 || plain acc=0.9380 edit=34.63 segF1@50=0.403 || sticky acc=0.9360 edit=39.26 segF1@50=0.437
[t1a-bd][ep 14/50] loss=0.9312 bd=0.4513 || plain acc=0.9406 edit=34.07 segF1@50=0.401 || sticky acc=0.8020 edit=43.52 segF1@50=0.308
[t1a-bd][ep 15/50] loss=0.8881 bd=0.4300 || plain acc=0.9393 edit=32.11 segF1@50=0.374 || sticky acc=0.8759 edit=44.16 segF1@50=0.340
[t1a-bd][ep 16/50] loss=0.8559 bd=0.4229 || plain acc=0.9347 edit=37.72 segF1@50=0.419 || sticky acc=0.9063 edit=50.56 segF1@50=0.562
[t1a-bd][ep 17/50] loss=0.8566 bd=0.4229 || plain acc=0.9393 edit=32.06 segF1@50=0.356 || sticky acc=0.9017 edit=48.03 segF1@50=0.381
[t1a-bd][ep 18/50] loss=0.8321 bd=0.3941 || plain acc=0.9287 edit=38.11 segF1@50=0.399 || sticky acc=0.8244 edit=42.74 segF1@50=0.431
[t1a-bd][ep 19/50] loss=0.8267 bd=0.3655 || plain acc=0.9406 edit=31.67 segF1@50=0.372 || sticky acc=0.7254 edit=39.35 segF1@50=0.243
[t1a-bd][ep 20/50] loss=0.7486 bd=0.3327 || plain acc=0.9373 edit=34.92 segF1@50=0.375 || sticky acc=0.7591 edit=46.74 segF1@50=0.490
[t1a-bd][ep 21/50] loss=0.6908 bd=0.3013 || plain acc=0.9399 edit=33.56 segF1@50=0.393 || sticky acc=0.8759 edit=44.63 segF1@50=0.366
[t1a-bd][ep 22/50] loss=0.6880 bd=0.3070 || plain acc=0.9399 edit=38.22 segF1@50=0.426 || sticky acc=0.7479 edit=47.67 segF1@50=0.515
[t1a-bd][ep 23/50] loss=0.6602 bd=0.2835 || plain acc=0.9413 edit=36.83 segF1@50=0.424 || sticky acc=0.8686 edit=48.33 segF1@50=0.516
[t1a-bd][ep 24/50] loss=0.6371 bd=0.2752 || plain acc=0.9360 edit=36.38 segF1@50=0.421 || sticky acc=0.7215 edit=48.77 segF1@50=0.467
[t1a-bd][ep 25/50] loss=0.6234 bd=0.2264 || plain acc=0.9413 edit=33.06 segF1@50=0.362 || sticky acc=0.8046 edit=44.44 segF1@50=0.289
[t1a-bd][ep 26/50] loss=0.5716 bd=0.2033 || plain acc=0.9380 edit=31.27 segF1@50=0.347 || sticky acc=0.7782 edit=45.80 segF1@50=0.483
[t1a-bd][ep 27/50] loss=0.5365 bd=0.1866 || plain acc=0.9413 edit=33.66 segF1@50=0.398 || sticky acc=0.8271 edit=42.11 segF1@50=0.307
[t1a-bd][ep 28/50] loss=0.5545 bd=0.2061 || plain acc=0.9366 edit=37.78 segF1@50=0.419 || sticky acc=0.8719 edit=50.88 segF1@50=0.487
[t1a-bd][ep 29/50] loss=0.5619 bd=0.2000 || plain acc=0.9366 edit=33.16 segF1@50=0.360 || sticky acc=0.8475 edit=50.15 segF1@50=0.499
[t1a-bd][ep 30/50] loss=0.6819 bd=0.3218 || plain acc=0.9452 edit=33.24 segF1@50=0.396 || sticky acc=0.6449 edit=49.00 segF1@50=0.471
[t1a-bd][ep 31/50] loss=0.5946 bd=0.2384 || plain acc=0.9419 edit=36.83 segF1@50=0.406 || sticky acc=0.9050 edit=45.51 segF1@50=0.505
[t1a-bd][ep 32/50] loss=0.5714 bd=0.2181 || plain acc=0.9426 edit=29.16 segF1@50=0.358 || sticky acc=0.9030 edit=48.06 segF1@50=0.468
[t1a-bd][ep 33/50] loss=0.5198 bd=0.1837 || plain acc=0.9360 edit=36.56 segF1@50=0.392 || sticky acc=0.8911 edit=47.52 segF1@50=0.466
[t1a-bd][ep 34/50] loss=0.4600 bd=0.1338 || plain acc=0.9419 edit=28.75 segF1@50=0.354 || sticky acc=0.8594 edit=45.87 segF1@50=0.522
[t1a-bd][ep 35/50] loss=0.4341 bd=0.1119 || plain acc=0.9320 edit=33.05 segF1@50=0.351 || sticky acc=0.8046 edit=33.86 segF1@50=0.241
[t1a-bd][ep 36/50] loss=0.4760 bd=0.1198 || plain acc=0.9380 edit=27.78 segF1@50=0.305 || sticky acc=0.8759 edit=48.07 segF1@50=0.481
[t1a-bd][ep 37/50] loss=0.4471 bd=0.1159 || plain acc=0.9380 edit=30.49 segF1@50=0.340 || sticky acc=0.7901 edit=39.19 segF1@50=0.262
[t1a-bd][ep 38/50] loss=0.3863 bd=0.0894 || plain acc=0.9393 edit=34.90 segF1@50=0.403 || sticky acc=0.6614 edit=50.44 segF1@50=0.466
[t1a-bd][ep 39/50] loss=0.3706 bd=0.0840 || plain acc=0.9413 edit=32.06 segF1@50=0.380 || sticky acc=0.8211 edit=38.86 segF1@50=0.296
[t1a-bd][ep 40/50] loss=0.3719 bd=0.0878 || plain acc=0.9360 edit=29.77 segF1@50=0.334 || sticky acc=0.7822 edit=49.00 segF1@50=0.299
[t1a-bd][ep 41/50] loss=0.3577 bd=0.0799 || plain acc=0.9393 edit=35.69 segF1@50=0.398 || sticky acc=0.7901 edit=51.45 segF1@50=0.457
[t1a-bd][ep 42/50] loss=0.3426 bd=0.0702 || plain acc=0.9386 edit=30.31 segF1@50=0.365 || sticky acc=0.8211 edit=46.89 segF1@50=0.417
[t1a-bd][ep 43/50] loss=0.3390 bd=0.0687 || plain acc=0.9406 edit=34.81 segF1@50=0.400 || sticky acc=0.8416 edit=46.74 segF1@50=0.449
[t1a-bd][ep 44/50] loss=0.3231 bd=0.0600 || plain acc=0.9380 edit=29.63 segF1@50=0.355 || sticky acc=0.6469 edit=52.81 segF1@50=0.447
[t1a-bd][ep 45/50] loss=0.3357 bd=0.0572 || plain acc=0.9406 edit=30.34 segF1@50=0.369 || sticky acc=0.8271 edit=50.44 segF1@50=0.443
[t1a-bd][ep 46/50] loss=0.3503 bd=0.0605 || plain acc=0.9406 edit=35.18 segF1@50=0.396 || sticky acc=0.6759 edit=47.67 segF1@50=0.504
[t1a-bd][ep 47/50] loss=0.3795 bd=0.0849 || plain acc=0.9333 edit=33.01 segF1@50=0.365 || sticky acc=0.7109 edit=41.84 segF1@50=0.469
[t1a-bd][ep 48/50] loss=0.3522 bd=0.0840 || plain acc=0.9419 edit=31.62 segF1@50=0.364 || sticky acc=0.8277 edit=43.11 segF1@50=0.407
[t1a-bd][ep 49/50] loss=0.3608 bd=0.1035 || plain acc=0.9380 edit=34.39 segF1@50=0.398 || sticky acc=0.7446 edit=47.52 segF1@50=0.464
[t1a-bd][ep 50/50] loss=0.3255 bd=0.0779 || plain acc=0.9373 edit=31.17 segF1@50=0.348 || sticky acc=0.7875 edit=53.15 segF1@50=0.394
[t1a-bd] best @epoch 30: plain acc=0.9452 edit=33.24 | sticky edit=49.00
[t1a-bd] evidence written -> /home/ubuntu/slocal/m2/experiments/transfer/t1a_boundary_002_t1a_boundary_seed123
