[t1a] train clips=13  val clips=3  in_dim=5888  region_only=False  classes=9  device=cuda
[t1a] evidence dir: /home/ubuntu/slocal2/m2/experiments/transfer/t1a_region_mask_14_002_t1a_region_mask_14_seed123
[t1a][epoch 1/50] loss=2.6302  val_acc=0.6845  macroF1=0.2297  edit=23.42  segF1@50=0.21
[t1a][epoch 2/50] loss=1.4962  val_acc=0.6746  macroF1=0.2286  edit=28.58  segF1@50=0.13
[t1a][epoch 3/50] loss=1.1266  val_acc=0.6845  macroF1=0.2360  edit=31.33  segF1@50=0.23
[t1a][epoch 4/50] loss=0.9417  val_acc=0.8152  macroF1=0.4683  edit=27.67  segF1@50=0.24
[t1a][epoch 5/50] loss=0.8122  val_acc=0.8845  macroF1=0.6369  edit=40.37  segF1@50=0.35
[t1a][epoch 6/50] loss=0.6773  val_acc=0.8871  macroF1=0.6497  edit=39.24  segF1@50=0.35
[t1a][epoch 7/50] loss=0.6191  val_acc=0.9175  macroF1=0.7243  edit=37.62  segF1@50=0.39
[t1a][epoch 8/50] loss=0.5880  val_acc=0.9287  macroF1=0.7472  edit=35.08  segF1@50=0.39
[t1a][epoch 9/50] loss=0.5258  val_acc=0.9281  macroF1=0.7635  edit=40.33  segF1@50=0.44
[t1a][epoch 10/50] loss=0.4807  val_acc=0.9281  macroF1=0.7464  edit=40.51  segF1@50=0.44
[t1a][epoch 11/50] loss=0.5048  val_acc=0.9446  macroF1=0.7959  edit=33.24  segF1@50=0.42
[t1a][epoch 12/50] loss=0.4370  val_acc=0.9248  macroF1=0.7537  edit=40.83  segF1@50=0.43
[t1a][epoch 13/50] loss=0.4244  val_acc=0.9393  macroF1=0.7822  edit=40.45  segF1@50=0.47
[t1a][epoch 14/50] loss=0.4082  val_acc=0.9300  macroF1=0.7625  edit=40.83  segF1@50=0.43
[t1a][epoch 15/50] loss=0.4135  val_acc=0.9439  macroF1=0.8008  edit=31.85  segF1@50=0.40
[t1a][epoch 16/50] loss=0.4228  val_acc=0.9254  macroF1=0.7455  edit=40.80  segF1@50=0.44
[t1a][epoch 17/50] loss=0.4955  val_acc=0.9492  macroF1=0.8080  edit=27.45  segF1@50=0.37
[t1a][epoch 18/50] loss=0.4037  val_acc=0.9439  macroF1=0.8028  edit=34.18  segF1@50=0.40
[t1a][epoch 19/50] loss=0.3586  val_acc=0.9446  macroF1=0.7997  edit=36.25  segF1@50=0.42
[t1a][epoch 20/50] loss=0.3319  val_acc=0.9439  macroF1=0.7977  edit=34.90  segF1@50=0.40
[t1a][epoch 21/50] loss=0.3136  val_acc=0.9432  macroF1=0.7952  edit=36.83  segF1@50=0.42
[t1a][epoch 22/50] loss=0.2998  val_acc=0.9452  macroF1=0.7994  edit=37.90  segF1@50=0.44
[t1a][epoch 23/50] loss=0.2857  val_acc=0.9432  macroF1=0.7932  edit=37.62  segF1@50=0.43
[t1a][epoch 24/50] loss=0.2867  val_acc=0.9446  macroF1=0.7983  edit=36.11  segF1@50=0.42
[t1a][epoch 25/50] loss=0.2795  val_acc=0.9419  macroF1=0.7896  edit=33.66  segF1@50=0.40
[t1a][epoch 26/50] loss=0.2865  val_acc=0.9459  macroF1=0.8016  edit=31.85  segF1@50=0.39
[t1a][epoch 27/50] loss=0.3129  val_acc=0.9380  macroF1=0.7768  edit=32.06  segF1@50=0.38
[t1a][epoch 28/50] loss=0.3297  val_acc=0.9419  macroF1=0.7968  edit=30.34  segF1@50=0.38
[t1a][epoch 29/50] loss=0.2782  val_acc=0.9472  macroF1=0.8021  edit=36.11  segF1@50=0.42
[t1a][epoch 30/50] loss=0.2579  val_acc=0.9446  macroF1=0.8011  edit=29.23  segF1@50=0.35
[t1a][epoch 31/50] loss=0.2505  val_acc=0.9459  macroF1=0.8014  edit=34.44  segF1@50=0.41
[t1a][epoch 32/50] loss=0.2389  val_acc=0.9426  macroF1=0.7991  edit=34.80  segF1@50=0.41
[t1a][epoch 33/50] loss=0.2301  val_acc=0.9426  macroF1=0.7964  edit=29.95  segF1@50=0.37
[t1a][epoch 34/50] loss=0.2238  val_acc=0.9439  macroF1=0.7985  edit=32.69  segF1@50=0.39
[t1a][epoch 35/50] loss=0.2164  val_acc=0.9419  macroF1=0.7976  edit=29.73  segF1@50=0.37
[t1a][epoch 36/50] loss=0.2147  val_acc=0.9419  macroF1=0.7943  edit=28.46  segF1@50=0.35
[t1a][epoch 37/50] loss=0.2070  val_acc=0.9426  macroF1=0.7956  edit=28.45  segF1@50=0.36
[t1a][epoch 38/50] loss=0.2028  val_acc=0.9452  macroF1=0.7994  edit=33.84  segF1@50=0.40
[t1a][epoch 39/50] loss=0.1979  val_acc=0.9406  macroF1=0.7943  edit=28.47  segF1@50=0.33
[t1a][epoch 40/50] loss=0.1982  val_acc=0.9399  macroF1=0.7887  edit=29.16  segF1@50=0.36
[t1a][epoch 41/50] loss=0.2078  val_acc=0.9426  macroF1=0.7956  edit=29.97  segF1@50=0.33
[t1a][epoch 42/50] loss=0.2139  val_acc=0.9327  macroF1=0.7786  edit=29.23  segF1@50=0.32
[t1a][epoch 43/50] loss=0.2361  val_acc=0.9353  macroF1=0.7957  edit=36.41  segF1@50=0.39
[t1a][epoch 44/50] loss=0.2178  val_acc=0.9373  macroF1=0.7808  edit=29.77  segF1@50=0.33
[t1a][epoch 45/50] loss=0.2032  val_acc=0.9446  macroF1=0.8009  edit=29.07  segF1@50=0.36
[t1a][epoch 46/50] loss=0.1921  val_acc=0.9406  macroF1=0.7946  edit=34.92  segF1@50=0.41
[t1a][epoch 47/50] loss=0.1856  val_acc=0.9347  macroF1=0.7942  edit=29.72  segF1@50=0.33
[t1a][epoch 48/50] loss=0.1830  val_acc=0.9419  macroF1=0.7962  edit=34.16  segF1@50=0.39
[t1a][epoch 49/50] loss=0.1718  val_acc=0.9373  macroF1=0.7898  edit=27.50  segF1@50=0.32
[t1a][epoch 50/50] loss=0.1666  val_acc=0.9360  macroF1=0.7859  edit=33.46  segF1@50=0.37
[t1a] best @epoch 17: acc=0.9492 macroF1=0.8080
[t1a] evidence written -> /home/ubuntu/slocal2/m2/experiments/transfer/t1a_region_mask_14_002_t1a_region_mask_14_seed123
