[t1a] train clips=13  val clips=3  in_dim=5888  region_only=False  classes=9  device=cuda
[t1a] evidence dir: /home/ubuntu/slocal2/m2/experiments/transfer/t1a_region_mask_05_001_t1a_region_mask_05_seed42
[t1a][epoch 1/50] loss=2.8952  val_acc=0.6706  macroF1=0.2335  edit=30.64  segF1@50=0.31
[t1a][epoch 2/50] loss=1.6382  val_acc=0.6799  macroF1=0.2320  edit=27.86  segF1@50=0.21
[t1a][epoch 3/50] loss=1.2703  val_acc=0.6726  macroF1=0.2264  edit=31.00  segF1@50=0.22
[t1a][epoch 4/50] loss=1.0847  val_acc=0.6884  macroF1=0.2527  edit=32.78  segF1@50=0.26
[t1a][epoch 5/50] loss=0.9305  val_acc=0.8389  macroF1=0.5431  edit=31.52  segF1@50=0.28
[t1a][epoch 6/50] loss=0.7821  val_acc=0.9248  macroF1=0.7500  edit=49.58  segF1@50=0.53
[t1a][epoch 7/50] loss=0.6615  val_acc=0.9287  macroF1=0.7586  edit=41.37  segF1@50=0.46
[t1a][epoch 8/50] loss=0.5762  val_acc=0.9333  macroF1=0.7621  edit=46.38  segF1@50=0.52
[t1a][epoch 9/50] loss=0.5942  val_acc=0.9360  macroF1=0.7728  edit=40.40  segF1@50=0.42
[t1a][epoch 10/50] loss=0.5857  val_acc=0.9333  macroF1=0.7749  edit=48.89  segF1@50=0.53
[t1a][epoch 11/50] loss=0.4948  val_acc=0.9366  macroF1=0.7801  edit=41.59  segF1@50=0.42
[t1a][epoch 12/50] loss=0.4502  val_acc=0.9439  macroF1=0.7849  edit=42.55  segF1@50=0.48
[t1a][epoch 13/50] loss=0.4235  val_acc=0.9360  macroF1=0.7794  edit=42.26  segF1@50=0.48
[t1a][epoch 14/50] loss=0.4079  val_acc=0.9452  macroF1=0.7935  edit=36.70  segF1@50=0.44
[t1a][epoch 15/50] loss=0.3873  val_acc=0.9432  macroF1=0.7912  edit=44.44  segF1@50=0.50
[t1a][epoch 16/50] loss=0.3677  val_acc=0.9399  macroF1=0.7821  edit=37.81  segF1@50=0.44
[t1a][epoch 17/50] loss=0.3858  val_acc=0.9446  macroF1=0.8034  edit=38.05  segF1@50=0.45
[t1a][epoch 18/50] loss=0.3781  val_acc=0.9373  macroF1=0.7776  edit=34.51  segF1@50=0.40
[t1a][epoch 19/50] loss=0.3962  val_acc=0.9505  macroF1=0.8109  edit=38.96  segF1@50=0.47
[t1a][epoch 20/50] loss=0.3544  val_acc=0.9439  macroF1=0.7856  edit=33.29  segF1@50=0.40
[t1a][epoch 21/50] loss=0.3302  val_acc=0.9446  macroF1=0.8002  edit=31.47  segF1@50=0.38
[t1a][epoch 22/50] loss=0.3156  val_acc=0.9413  macroF1=0.7867  edit=32.71  segF1@50=0.39
[t1a][epoch 23/50] loss=0.3480  val_acc=0.9373  macroF1=0.7974  edit=29.61  segF1@50=0.34
[t1a][epoch 24/50] loss=0.3327  val_acc=0.9406  macroF1=0.7837  edit=33.55  segF1@50=0.36
[t1a][epoch 25/50] loss=0.3054  val_acc=0.9432  macroF1=0.7914  edit=32.71  segF1@50=0.38
[t1a][epoch 26/50] loss=0.2944  val_acc=0.9380  macroF1=0.7926  edit=34.05  segF1@50=0.36
[t1a][epoch 27/50] loss=0.2807  val_acc=0.9406  macroF1=0.7784  edit=36.90  segF1@50=0.42
[t1a][epoch 28/50] loss=0.2998  val_acc=0.9492  macroF1=0.8119  edit=33.79  segF1@50=0.41
[t1a][epoch 29/50] loss=0.2824  val_acc=0.9373  macroF1=0.7803  edit=38.83  segF1@50=0.42
[t1a][epoch 30/50] loss=0.2761  val_acc=0.9479  macroF1=0.8050  edit=28.44  segF1@50=0.36
[t1a][epoch 31/50] loss=0.2553  val_acc=0.9472  macroF1=0.8030  edit=31.85  segF1@50=0.39
[t1a][epoch 32/50] loss=0.2443  val_acc=0.9432  macroF1=0.7953  edit=32.71  segF1@50=0.39
[t1a][epoch 33/50] loss=0.2374  val_acc=0.9439  macroF1=0.8011  edit=30.46  segF1@50=0.37
[t1a][epoch 34/50] loss=0.2319  val_acc=0.9465  macroF1=0.7996  edit=30.35  segF1@50=0.38
[t1a][epoch 35/50] loss=0.2229  val_acc=0.9465  macroF1=0.8008  edit=31.85  segF1@50=0.39
[t1a][epoch 36/50] loss=0.2154  val_acc=0.9472  macroF1=0.7996  edit=29.95  segF1@50=0.37
[t1a][epoch 37/50] loss=0.2139  val_acc=0.9452  macroF1=0.7991  edit=29.75  segF1@50=0.37
[t1a][epoch 38/50] loss=0.2101  val_acc=0.9452  macroF1=0.7991  edit=29.75  segF1@50=0.37
[t1a][epoch 39/50] loss=0.2019  val_acc=0.9439  macroF1=0.7960  edit=30.00  segF1@50=0.37
[t1a][epoch 40/50] loss=0.2025  val_acc=0.9465  macroF1=0.8038  edit=29.75  segF1@50=0.36
[t1a][epoch 41/50] loss=0.2024  val_acc=0.9419  macroF1=0.7910  edit=30.31  segF1@50=0.37
[t1a][epoch 42/50] loss=0.2082  val_acc=0.9452  macroF1=0.8063  edit=32.80  segF1@50=0.39
[t1a][epoch 43/50] loss=0.2077  val_acc=0.9406  macroF1=0.7861  edit=30.51  segF1@50=0.37
[t1a][epoch 44/50] loss=0.2338  val_acc=0.9413  macroF1=0.8010  edit=32.20  segF1@50=0.37
[t1a][epoch 45/50] loss=0.2573  val_acc=0.9366  macroF1=0.7802  edit=25.75  segF1@50=0.31
[t1a][epoch 46/50] loss=0.2615  val_acc=0.9426  macroF1=0.7825  edit=33.54  segF1@50=0.39
[t1a][epoch 47/50] loss=0.3362  val_acc=0.9373  macroF1=0.7911  edit=24.30  segF1@50=0.30
[t1a][epoch 48/50] loss=0.3361  val_acc=0.9050  macroF1=0.7552  edit=37.16  segF1@50=0.39
[t1a][epoch 49/50] loss=0.3174  val_acc=0.9366  macroF1=0.7976  edit=25.98  segF1@50=0.32
[t1a][epoch 50/50] loss=0.2565  val_acc=0.9419  macroF1=0.7912  edit=27.45  segF1@50=0.31
[t1a] best @epoch 19: acc=0.9505 macroF1=0.8109
[t1a] evidence written -> /home/ubuntu/slocal2/m2/experiments/transfer/t1a_region_mask_05_001_t1a_region_mask_05_seed42
