[t1a] train clips=13  val clips=3  in_dim=5888  region_only=False  classes=9  device=cuda
[t1a] evidence dir: /home/ubuntu/slocal/m2/experiments/transfer/t1a_3seed_det456_p42_aug_001_t1a_3seed_det456_p42_aug_seed42
[t1a][epoch 1/50] loss=2.8761  val_acc=0.6634  macroF1=0.2310  edit=28.51  segF1@50=0.27
[t1a][epoch 2/50] loss=1.6901  val_acc=0.6634  macroF1=0.2242  edit=21.80  segF1@50=0.18
[t1a][epoch 3/50] loss=1.2715  val_acc=0.6548  macroF1=0.2210  edit=27.68  segF1@50=0.22
[t1a][epoch 4/50] loss=1.0646  val_acc=0.7102  macroF1=0.3309  edit=37.28  segF1@50=0.26
[t1a][epoch 5/50] loss=0.9009  val_acc=0.8508  macroF1=0.5846  edit=38.65  segF1@50=0.35
[t1a][epoch 6/50] loss=0.7631  val_acc=0.9248  macroF1=0.7636  edit=59.35  segF1@50=0.60
[t1a][epoch 7/50] loss=0.6431  val_acc=0.9267  macroF1=0.7691  edit=45.22  segF1@50=0.50
[t1a][epoch 8/50] loss=0.5634  val_acc=0.9353  macroF1=0.7786  edit=64.81  segF1@50=0.63
[t1a][epoch 9/50] loss=0.5750  val_acc=0.9300  macroF1=0.7764  edit=42.42  segF1@50=0.50
[t1a][epoch 10/50] loss=0.6716  val_acc=0.9380  macroF1=0.7881  edit=49.72  segF1@50=0.52
[t1a][epoch 11/50] loss=0.5208  val_acc=0.9413  macroF1=0.7997  edit=50.30  segF1@50=0.53
[t1a][epoch 12/50] loss=0.4773  val_acc=0.9406  macroF1=0.7974  edit=46.37  segF1@50=0.53
[t1a][epoch 13/50] loss=0.4455  val_acc=0.9406  macroF1=0.7965  edit=40.33  segF1@50=0.45
[t1a][epoch 14/50] loss=0.4183  val_acc=0.9393  macroF1=0.7973  edit=43.06  segF1@50=0.49
[t1a][epoch 15/50] loss=0.4094  val_acc=0.9465  macroF1=0.8082  edit=38.52  segF1@50=0.46
[t1a][epoch 16/50] loss=0.3946  val_acc=0.9439  macroF1=0.8016  edit=43.66  segF1@50=0.48
[t1a][epoch 17/50] loss=0.3839  val_acc=0.9459  macroF1=0.8095  edit=35.72  segF1@50=0.44
[t1a][epoch 18/50] loss=0.3657  val_acc=0.9373  macroF1=0.7975  edit=42.71  segF1@50=0.49
[t1a][epoch 19/50] loss=0.3560  val_acc=0.9465  macroF1=0.8084  edit=39.38  segF1@50=0.47
[t1a][epoch 20/50] loss=0.3406  val_acc=0.9426  macroF1=0.8016  edit=46.37  segF1@50=0.53
[t1a][epoch 21/50] loss=0.3269  val_acc=0.9465  macroF1=0.8052  edit=41.37  segF1@50=0.47
[t1a][epoch 22/50] loss=0.3094  val_acc=0.9399  macroF1=0.8003  edit=41.99  segF1@50=0.49
[t1a][epoch 23/50] loss=0.3105  val_acc=0.9512  macroF1=0.8152  edit=39.38  segF1@50=0.47
[t1a][epoch 24/50] loss=0.3190  val_acc=0.9373  macroF1=0.7977  edit=43.03  segF1@50=0.49
[t1a][epoch 25/50] loss=0.3236  val_acc=0.9465  macroF1=0.8052  edit=39.38  segF1@50=0.48
[t1a][epoch 26/50] loss=0.3750  val_acc=0.9340  macroF1=0.7754  edit=40.28  segF1@50=0.46
[t1a][epoch 27/50] loss=0.4250  val_acc=0.9393  macroF1=0.7935  edit=38.38  segF1@50=0.45
[t1a][epoch 28/50] loss=0.3402  val_acc=0.9446  macroF1=0.8015  edit=36.61  segF1@50=0.44
[t1a][epoch 29/50] loss=0.3098  val_acc=0.9432  macroF1=0.8029  edit=41.99  segF1@50=0.48
[t1a][epoch 30/50] loss=0.2758  val_acc=0.9452  macroF1=0.8053  edit=35.51  segF1@50=0.45
[t1a][epoch 31/50] loss=0.2675  val_acc=0.9419  macroF1=0.7987  edit=36.30  segF1@50=0.42
[t1a][epoch 32/50] loss=0.3078  val_acc=0.9439  macroF1=0.8078  edit=37.96  segF1@50=0.47
[t1a][epoch 33/50] loss=0.2740  val_acc=0.9426  macroF1=0.7946  edit=36.99  segF1@50=0.44
[t1a][epoch 34/50] loss=0.2580  val_acc=0.9446  macroF1=0.8068  edit=36.05  segF1@50=0.44
[t1a][epoch 35/50] loss=0.2434  val_acc=0.9439  macroF1=0.8001  edit=36.30  segF1@50=0.43
[t1a][epoch 36/50] loss=0.2411  val_acc=0.9452  macroF1=0.8058  edit=38.10  segF1@50=0.46
[t1a][epoch 37/50] loss=0.2372  val_acc=0.9419  macroF1=0.8010  edit=38.82  segF1@50=0.45
[t1a][epoch 38/50] loss=0.2242  val_acc=0.9452  macroF1=0.8058  edit=38.10  segF1@50=0.46
[t1a][epoch 39/50] loss=0.2132  val_acc=0.9459  macroF1=0.8077  edit=37.16  segF1@50=0.46
[t1a][epoch 40/50] loss=0.2094  val_acc=0.9432  macroF1=0.8028  edit=37.16  segF1@50=0.44
[t1a][epoch 41/50] loss=0.2056  val_acc=0.9432  macroF1=0.8051  edit=36.05  segF1@50=0.45
[t1a][epoch 42/50] loss=0.2036  val_acc=0.9439  macroF1=0.8047  edit=38.10  segF1@50=0.45
[t1a][epoch 43/50] loss=0.1972  val_acc=0.9439  macroF1=0.8063  edit=36.30  segF1@50=0.43
[t1a][epoch 44/50] loss=0.1950  val_acc=0.9432  macroF1=0.8051  edit=37.16  segF1@50=0.46
[t1a][epoch 45/50] loss=0.1930  val_acc=0.9426  macroF1=0.8042  edit=35.17  segF1@50=0.45
[t1a][epoch 46/50] loss=0.1915  val_acc=0.9432  macroF1=0.8060  edit=36.30  segF1@50=0.43
[t1a][epoch 47/50] loss=0.1848  val_acc=0.9432  macroF1=0.8044  edit=36.99  segF1@50=0.44
[t1a][epoch 48/50] loss=0.1831  val_acc=0.9432  macroF1=0.8066  edit=35.78  segF1@50=0.46
[t1a][epoch 49/50] loss=0.1817  val_acc=0.9413  macroF1=0.8047  edit=34.12  segF1@50=0.43
[t1a][epoch 50/50] loss=0.1758  val_acc=0.9419  macroF1=0.8039  edit=37.16  segF1@50=0.44
[t1a] best @epoch 23: acc=0.9512 macroF1=0.8152
[t1a] evidence written -> /home/ubuntu/slocal/m2/experiments/transfer/t1a_3seed_det456_p42_aug_001_t1a_3seed_det456_p42_aug_seed42
