/home/ubuntu/slocal2/m2/.venv-relation-detr/lib/python3.11/site-packages/albumentations/core/validation.py:114: UserWarning: ShiftScaleRotate is a special case of Affine transform. Please use Affine transform instead.
  original_init(self, **validated_kwargs)
/home/ubuntu/slocal2/m2/third_party/Relation-DETR/transforms/presets.py:109: UserWarning: Argument(s) 'value' are not valid for transform ShiftScaleRotate
  A.ShiftScaleRotate(
/home/ubuntu/slocal2/m2/third_party/Relation-DETR/transforms/presets.py:140: UserWarning: Argument(s) 'quality_lower, quality_upper' are not valid for transform ImageCompression
  A.ImageCompression(quality_lower=85, quality_upper=95, p=0.2),
/home/ubuntu/slocal2/m2/third_party/Relation-DETR/transforms/presets.py:177: UserWarning: Argument(s) 'value' are not valid for transform ShiftScaleRotate
  A.ShiftScaleRotate(
/home/ubuntu/slocal2/m2/third_party/Relation-DETR/transforms/presets.py:208: UserWarning: Argument(s) 'quality_lower, quality_upper' are not valid for transform ImageCompression
  A.ImageCompression(quality_lower=85, quality_upper=95, p=0.2),
Using /home/ubuntu/.cache/torch_extensions/py311_cu118 as PyTorch extensions root...
/home/ubuntu/slocal2/m2/third_party/Relation-DETR/models/bricks/ms_deform_attn.py:24: UserWarning: Failed to load MultiScaleDeformableAttention C++ extension: Ninja is required to load C++ extensions
  warnings.warn(f"Failed to load MultiScaleDeformableAttention C++ extension: {e}")
/home/ubuntu/slocal2/m2/.venv-relation-detr/lib/python3.11/site-packages/torch/overrides.py:110: UserWarning: 'has_cuda' is deprecated, please use 'torch.backends.cuda.is_built()'
  torch.has_cuda,
/home/ubuntu/slocal2/m2/.venv-relation-detr/lib/python3.11/site-packages/torch/overrides.py:111: UserWarning: 'has_cudnn' is deprecated, please use 'torch.backends.cudnn.is_available()'
  torch.has_cudnn,
/home/ubuntu/slocal2/m2/.venv-relation-detr/lib/python3.11/site-packages/torch/overrides.py:117: UserWarning: 'has_mps' is deprecated, please use 'torch.backends.mps.is_built()'
  torch.has_mps,
/home/ubuntu/slocal2/m2/.venv-relation-detr/lib/python3.11/site-packages/torch/overrides.py:118: UserWarning: 'has_mkldnn' is deprecated, please use 'torch.backends.mkldnn.is_available()'
  torch.has_mkldnn,
The model and loaded state dict do not match exactly
Missing keys: phase_film.mlp.0.weight, phase_film.mlp.0.bias, phase_film.mlp.2.weight, phase_film.mlp.2.bias

loading annotations into memory...
Done (t=0.36s)
creating index...
index created!
Using [0, 0.5, 0.6299605249474365, 0.7937005259840997, 1.0, 1.259921049894873, 1.5874010519681991, 2.0, inf] as bins for aspect ratio quantization
Count of instances per bin: [9618]
loading annotations into memory...
Done (t=0.03s)
creating index...
index created!
[t1b] warm-start from /home/ubuntu/slocal2/m2/third_party/Relation-DETR/checkpoints/incoming/seed42/best_ap.pth
[t1b] seed=42 trainable=film zero_ctx=True det_steps/ep=4809 film_params=266880 total_trainable=266880 miss_ctx(tr/va)=0/0 work=/tmp/t1b_film_zeroctx_seed42
Accumulating evaluation results...
DONE (t=4.79s).
[t1b] warm-start init mAP=0.7303 (S0-frozen 水準なら warm-start+FiLM恒等 OK)
[t1b][ep0 0/4809] L=16.675 1.2it/s eta_ep=69m
[t1b][ep0 200/4809] L=12.486 1.6it/s eta_ep=47m
[t1b][ep0 400/4809] L=8.188 1.6it/s eta_ep=45m
[t1b][ep0 600/4809] L=9.022 1.7it/s eta_ep=42m
[t1b][ep0 800/4809] L=9.467 1.7it/s eta_ep=40m
[t1b][ep0 1000/4809] L=21.337 1.7it/s eta_ep=38m
[t1b][ep0 1200/4809] L=16.621 1.7it/s eta_ep=36m
[t1b][ep0 1400/4809] L=14.629 1.7it/s eta_ep=34m
[t1b][ep0 1600/4809] L=10.847 1.7it/s eta_ep=32m
[t1b][ep0 1800/4809] L=30.386 1.7it/s eta_ep=30m
[t1b][ep0 2000/4809] L=11.743 1.7it/s eta_ep=28m
[t1b][ep0 2200/4809] L=20.988 1.7it/s eta_ep=26m
[t1b][ep0 2400/4809] L=19.724 1.7it/s eta_ep=24m
[t1b][ep0 2600/4809] L=15.260 1.7it/s eta_ep=22m
[t1b][ep0 2800/4809] L=11.838 1.7it/s eta_ep=20m
[t1b][ep0 3000/4809] L=14.360 1.7it/s eta_ep=18m
[t1b][ep0 3200/4809] L=11.962 1.7it/s eta_ep=16m
[t1b][ep0 3400/4809] L=18.596 1.7it/s eta_ep=14m
[t1b][ep0 3600/4809] L=16.796 1.7it/s eta_ep=12m
[t1b][ep0 3800/4809] L=7.351 1.7it/s eta_ep=10m
[t1b][ep0 4000/4809] L=25.486 1.7it/s eta_ep=8m
[t1b][ep0 4200/4809] L=13.120 1.7it/s eta_ep=6m
[t1b][ep0 4400/4809] L=17.339 1.7it/s eta_ep=4m
[t1b][ep0 4600/4809] L=17.017 1.7it/s eta_ep=2m
[t1b][ep0 4800/4809] L=14.589 1.7it/s eta_ep=0m
Accumulating evaluation results...
DONE (t=4.64s).
[t1b][ep0] val mAP=0.7331
[t1b][ep1 0/4809] L=16.037 1.6it/s eta_ep=49m
[t1b][ep1 200/4809] L=16.910 1.7it/s eta_ep=46m
[t1b][ep1 400/4809] L=11.084 1.7it/s eta_ep=44m
[t1b][ep1 600/4809] L=15.335 1.7it/s eta_ep=42m
[t1b][ep1 800/4809] L=13.337 1.7it/s eta_ep=40m
[t1b][ep1 1000/4809] L=15.167 1.7it/s eta_ep=38m
[t1b][ep1 1200/4809] L=14.329 1.7it/s eta_ep=36m
[t1b][ep1 1400/4809] L=11.810 1.7it/s eta_ep=34m
[t1b][ep1 1600/4809] L=18.427 1.7it/s eta_ep=32m
[t1b][ep1 1800/4809] L=21.276 1.7it/s eta_ep=30m
[t1b][ep1 2000/4809] L=14.178 1.7it/s eta_ep=28m
[t1b][ep1 2200/4809] L=21.768 1.7it/s eta_ep=26m
[t1b][ep1 2400/4809] L=18.265 1.7it/s eta_ep=24m
[t1b][ep1 2600/4809] L=12.638 1.7it/s eta_ep=22m
[t1b][ep1 2800/4809] L=7.078 1.7it/s eta_ep=20m
[t1b][ep1 3000/4809] L=8.517 1.7it/s eta_ep=18m
[t1b][ep1 3200/4809] L=7.410 1.7it/s eta_ep=16m
[t1b][ep1 3400/4809] L=12.707 1.7it/s eta_ep=14m
[t1b][ep1 3600/4809] L=16.500 1.7it/s eta_ep=12m
[t1b][ep1 3800/4809] L=17.644 1.7it/s eta_ep=10m
[t1b][ep1 4000/4809] L=17.863 1.7it/s eta_ep=8m
[t1b][ep1 4200/4809] L=16.534 1.7it/s eta_ep=6m
[t1b][ep1 4400/4809] L=12.486 1.7it/s eta_ep=4m
[t1b][ep1 4600/4809] L=4.935 1.7it/s eta_ep=2m
[t1b][ep1 4800/4809] L=4.857 1.7it/s eta_ep=0m
Accumulating evaluation results...
DONE (t=4.40s).
[t1b][ep1] val mAP=0.7319
[t1b][ep2 0/4809] L=16.681 1.4it/s eta_ep=57m
[t1b][ep2 200/4809] L=8.370 1.7it/s eta_ep=46m
[t1b][ep2 400/4809] L=25.840 1.7it/s eta_ep=44m
[t1b][ep2 600/4809] L=17.609 1.7it/s eta_ep=42m
[t1b][ep2 800/4809] L=18.929 1.7it/s eta_ep=40m
[t1b][ep2 1000/4809] L=22.120 1.7it/s eta_ep=38m
[t1b][ep2 1200/4809] L=11.627 1.7it/s eta_ep=36m
[t1b][ep2 1400/4809] L=20.299 1.7it/s eta_ep=34m
[t1b][ep2 1600/4809] L=20.477 1.7it/s eta_ep=32m
[t1b][ep2 1800/4809] L=13.194 1.7it/s eta_ep=30m
[t1b][ep2 2000/4809] L=14.229 1.7it/s eta_ep=28m
[t1b][ep2 2200/4809] L=11.194 1.7it/s eta_ep=26m
[t1b][ep2 2400/4809] L=17.593 1.7it/s eta_ep=24m
[t1b][ep2 2600/4809] L=17.633 1.7it/s eta_ep=22m
[t1b][ep2 2800/4809] L=11.839 1.7it/s eta_ep=20m
[t1b][ep2 3000/4809] L=4.343 1.7it/s eta_ep=18m
[t1b][ep2 3200/4809] L=24.689 1.7it/s eta_ep=16m
[t1b][ep2 3400/4809] L=14.289 1.7it/s eta_ep=14m
[t1b][ep2 3600/4809] L=23.791 1.7it/s eta_ep=12m
[t1b][ep2 3800/4809] L=13.506 1.7it/s eta_ep=10m
[t1b][ep2 4000/4809] L=14.508 1.7it/s eta_ep=8m
[t1b][ep2 4200/4809] L=17.193 1.7it/s eta_ep=6m
[t1b][ep2 4400/4809] L=18.783 1.7it/s eta_ep=4m
[t1b][ep2 4600/4809] L=21.546 1.7it/s eta_ep=2m
[t1b][ep2 4800/4809] L=9.298 1.7it/s eta_ep=0m
Accumulating evaluation results...
DONE (t=4.34s).
[t1b][ep2] val mAP=0.7337
[t1b][ep3 0/4809] L=15.427 1.5it/s eta_ep=54m
[t1b][ep3 200/4809] L=10.629 1.7it/s eta_ep=45m
[t1b][ep3 400/4809] L=14.100 1.7it/s eta_ep=44m
[t1b][ep3 600/4809] L=15.213 1.7it/s eta_ep=42m
[t1b][ep3 800/4809] L=10.929 1.7it/s eta_ep=40m
[t1b][ep3 1000/4809] L=12.779 1.7it/s eta_ep=38m
[t1b][ep3 1200/4809] L=23.240 1.7it/s eta_ep=36m
[t1b][ep3 1400/4809] L=6.871 1.7it/s eta_ep=34m
[t1b][ep3 1600/4809] L=10.991 1.7it/s eta_ep=32m
[t1b][ep3 1800/4809] L=15.118 1.7it/s eta_ep=30m
[t1b][ep3 2000/4809] L=10.044 1.7it/s eta_ep=28m
[t1b][ep3 2200/4809] L=17.897 1.7it/s eta_ep=26m
[t1b][ep3 2400/4809] L=17.651 1.7it/s eta_ep=24m
[t1b][ep3 2600/4809] L=11.842 1.7it/s eta_ep=22m
[t1b][ep3 2800/4809] L=12.006 1.7it/s eta_ep=20m
[t1b][ep3 3000/4809] L=16.119 1.7it/s eta_ep=18m
[t1b][ep3 3200/4809] L=18.483 1.7it/s eta_ep=16m
[t1b][ep3 3400/4809] L=17.049 1.7it/s eta_ep=14m
[t1b][ep3 3600/4809] L=11.617 1.7it/s eta_ep=12m
[t1b][ep3 3800/4809] L=13.686 1.7it/s eta_ep=10m
[t1b][ep3 4000/4809] L=15.020 1.7it/s eta_ep=8m
[t1b][ep3 4200/4809] L=13.287 1.7it/s eta_ep=6m
[t1b][ep3 4400/4809] L=14.439 1.7it/s eta_ep=4m
[t1b][ep3 4600/4809] L=22.441 1.7it/s eta_ep=2m
[t1b][ep3 4800/4809] L=7.706 1.7it/s eta_ep=0m
Accumulating evaluation results...
DONE (t=4.42s).
[t1b][ep3] val mAP=0.7312
[t1b][ep4 0/4809] L=13.308 1.5it/s eta_ep=54m
[t1b][ep4 200/4809] L=10.736 1.6it/s eta_ep=47m
[t1b][ep4 400/4809] L=9.487 1.6it/s eta_ep=45m
[t1b][ep4 600/4809] L=12.923 1.6it/s eta_ep=43m
[t1b][ep4 800/4809] L=10.681 1.6it/s eta_ep=41m
[t1b][ep4 1000/4809] L=18.545 1.6it/s eta_ep=39m
[t1b][ep4 1200/4809] L=18.092 1.6it/s eta_ep=37m
[t1b][ep4 1400/4809] L=16.834 1.6it/s eta_ep=35m
[t1b][ep4 1600/4809] L=11.392 1.6it/s eta_ep=32m
[t1b][ep4 1800/4809] L=15.788 1.6it/s eta_ep=30m
[t1b][ep4 2000/4809] L=15.919 1.6it/s eta_ep=29m
[t1b][ep4 2200/4809] L=37.146 1.6it/s eta_ep=27m
[t1b][ep4 2400/4809] L=16.516 1.6it/s eta_ep=25m
[t1b][ep4 2600/4809] L=17.981 1.6it/s eta_ep=22m
[t1b][ep4 2800/4809] L=9.788 1.6it/s eta_ep=20m
[t1b][ep4 3000/4809] L=11.914 1.6it/s eta_ep=18m
[t1b][ep4 3200/4809] L=14.612 1.6it/s eta_ep=16m
[t1b][ep4 3400/4809] L=11.296 1.6it/s eta_ep=14m
[t1b][ep4 3600/4809] L=8.800 1.6it/s eta_ep=12m
[t1b][ep4 3800/4809] L=13.584 1.6it/s eta_ep=10m
[t1b][ep4 4000/4809] L=14.921 1.6it/s eta_ep=8m
[t1b][ep4 4200/4809] L=17.534 1.6it/s eta_ep=6m
[t1b][ep4 4400/4809] L=16.551 1.6it/s eta_ep=4m
[t1b][ep4 4600/4809] L=12.189 1.6it/s eta_ep=2m
[t1b][ep4 4800/4809] L=18.383 1.6it/s eta_ep=0m
Accumulating evaluation results...
DONE (t=4.39s).
[t1b][ep4] val mAP=0.7299
[t1b][ep5 0/4809] L=17.666 1.5it/s eta_ep=55m
[t1b][ep5 200/4809] L=17.335 1.6it/s eta_ep=47m
[t1b][ep5 400/4809] L=14.687 1.6it/s eta_ep=45m
[t1b][ep5 600/4809] L=16.445 1.6it/s eta_ep=44m
[t1b][ep5 800/4809] L=14.863 1.6it/s eta_ep=41m
[t1b][ep5 1000/4809] L=20.092 1.6it/s eta_ep=39m
[t1b][ep5 1200/4809] L=11.888 1.6it/s eta_ep=37m
[t1b][ep5 1400/4809] L=10.958 1.6it/s eta_ep=35m
[t1b][ep5 1600/4809] L=17.893 1.6it/s eta_ep=33m
[t1b][ep5 1800/4809] L=10.196 1.6it/s eta_ep=31m
[t1b][ep5 2000/4809] L=18.401 1.6it/s eta_ep=29m
[t1b][ep5 2200/4809] L=22.271 1.6it/s eta_ep=27m
[t1b][ep5 2400/4809] L=16.626 1.6it/s eta_ep=25m
[t1b][ep5 2600/4809] L=12.800 1.6it/s eta_ep=23m
[t1b][ep5 2800/4809] L=16.912 1.6it/s eta_ep=21m
[t1b][ep5 3000/4809] L=12.150 1.6it/s eta_ep=19m
[t1b][ep5 3200/4809] L=21.759 1.6it/s eta_ep=17m
[t1b][ep5 3400/4809] L=8.991 1.6it/s eta_ep=15m
[t1b][ep5 3600/4809] L=14.104 1.6it/s eta_ep=12m
[t1b][ep5 3800/4809] L=8.304 1.6it/s eta_ep=10m
[t1b][ep5 4000/4809] L=14.377 1.6it/s eta_ep=8m
[t1b][ep5 4200/4809] L=16.544 1.6it/s eta_ep=6m
[t1b][ep5 4400/4809] L=22.974 1.6it/s eta_ep=4m
[t1b][ep5 4600/4809] L=27.333 1.6it/s eta_ep=2m
[t1b][ep5 4800/4809] L=17.045 1.6it/s eta_ep=0m
Accumulating evaluation results...
DONE (t=4.26s).
[t1b][ep5] val mAP=0.7315
[t1b] DONE best@ep2 mAP=0.7337 (init 0.7303) -> /tmp/t1b_film_zeroctx_seed42
