/home/ubuntu/slocal2/m2/.venv-relation-detr/lib/python3.11/site-packages/albumentations/core/validation.py:114: UserWarning: ShiftScaleRotate is a special case of Affine transform. Please use Affine transform instead.
  original_init(self, **validated_kwargs)
/home/ubuntu/slocal2/m2/third_party/Relation-DETR/transforms/presets.py:109: UserWarning: Argument(s) 'value' are not valid for transform ShiftScaleRotate
  A.ShiftScaleRotate(
/home/ubuntu/slocal2/m2/third_party/Relation-DETR/transforms/presets.py:140: UserWarning: Argument(s) 'quality_lower, quality_upper' are not valid for transform ImageCompression
  A.ImageCompression(quality_lower=85, quality_upper=95, p=0.2),
/home/ubuntu/slocal2/m2/third_party/Relation-DETR/transforms/presets.py:177: UserWarning: Argument(s) 'value' are not valid for transform ShiftScaleRotate
  A.ShiftScaleRotate(
/home/ubuntu/slocal2/m2/third_party/Relation-DETR/transforms/presets.py:208: UserWarning: Argument(s) 'quality_lower, quality_upper' are not valid for transform ImageCompression
  A.ImageCompression(quality_lower=85, quality_upper=95, p=0.2),
Using /home/ubuntu/.cache/torch_extensions/py311_cu118 as PyTorch extensions root...
Loading extension module MultiScaleDeformableAttention...
/home/ubuntu/slocal2/m2/.venv-relation-detr/lib/python3.11/site-packages/torch/overrides.py:110: UserWarning: 'has_cuda' is deprecated, please use 'torch.backends.cuda.is_built()'
  torch.has_cuda,
/home/ubuntu/slocal2/m2/.venv-relation-detr/lib/python3.11/site-packages/torch/overrides.py:111: UserWarning: 'has_cudnn' is deprecated, please use 'torch.backends.cudnn.is_available()'
  torch.has_cudnn,
/home/ubuntu/slocal2/m2/.venv-relation-detr/lib/python3.11/site-packages/torch/overrides.py:117: UserWarning: 'has_mps' is deprecated, please use 'torch.backends.mps.is_built()'
  torch.has_mps,
/home/ubuntu/slocal2/m2/.venv-relation-detr/lib/python3.11/site-packages/torch/overrides.py:118: UserWarning: 'has_mkldnn' is deprecated, please use 'torch.backends.mkldnn.is_available()'
  torch.has_mkldnn,
The model and loaded state dict do not match exactly
Missing keys: phase_film.mlp.0.weight, phase_film.mlp.0.bias, phase_film.mlp.2.weight, phase_film.mlp.2.bias

loading annotations into memory...
Done (t=0.40s)
creating index...
index created!
Using [0, 0.5, 0.6299605249474365, 0.7937005259840997, 1.0, 1.259921049894873, 1.5874010519681991, 2.0, inf] as bins for aspect ratio quantization
Count of instances per bin: [9618]
loading annotations into memory...
Done (t=0.02s)
creating index...
index created!
[t1b] warm-start from /home/ubuntu/slocal2/m2/third_party/Relation-DETR/checkpoints/incoming/seed456/best_ap.pth
[t1b] seed=456 trainable=all zero_ctx=True det_steps/ep=4809 film_params=266880 total_trainable=25505568 miss_ctx(tr/va)=0/0 work=/tmp/t1b_zeroctx_seed456
Accumulating evaluation results...
DONE (t=5.54s).
[t1b] warm-start init mAP=0.7217 (S0-frozen 水準なら warm-start+FiLM恒等 OK)
[t1b][ep0 0/4809] L=13.576 0.9it/s eta_ep=87m
[t1b][ep0 200/4809] L=12.779 1.0it/s eta_ep=78m
[t1b][ep0 400/4809] L=12.586 1.0it/s eta_ep=74m
[t1b][ep0 600/4809] L=17.737 1.0it/s eta_ep=71m
[t1b][ep0 800/4809] L=18.575 1.0it/s eta_ep=67m
[t1b][ep0 1000/4809] L=12.326 1.0it/s eta_ep=64m
[t1b][ep0 1200/4809] L=13.997 1.0it/s eta_ep=60m
[t1b][ep0 1400/4809] L=18.041 1.0it/s eta_ep=57m
[t1b][ep0 1600/4809] L=16.424 1.0it/s eta_ep=53m
[t1b][ep0 1800/4809] L=8.445 1.0it/s eta_ep=50m
[t1b][ep0 2000/4809] L=16.285 1.0it/s eta_ep=46m
[t1b][ep0 2200/4809] L=16.968 1.0it/s eta_ep=43m
[t1b][ep0 2400/4809] L=14.586 1.0it/s eta_ep=40m
[t1b][ep0 2600/4809] L=24.604 1.0it/s eta_ep=36m
[t1b][ep0 2800/4809] L=21.018 1.0it/s eta_ep=33m
[t1b][ep0 3000/4809] L=20.051 1.0it/s eta_ep=30m
[t1b][ep0 3200/4809] L=32.121 1.0it/s eta_ep=26m
[t1b][ep0 3400/4809] L=15.066 1.0it/s eta_ep=23m
[t1b][ep0 3600/4809] L=17.824 1.0it/s eta_ep=20m
[t1b][ep0 3800/4809] L=13.806 1.0it/s eta_ep=16m
[t1b][ep0 4000/4809] L=19.044 1.0it/s eta_ep=13m
[t1b][ep0 4200/4809] L=11.605 1.0it/s eta_ep=10m
[t1b][ep0 4400/4809] L=20.118 1.0it/s eta_ep=7m
[t1b][ep0 4600/4809] L=14.916 1.0it/s eta_ep=3m
[t1b][ep0 4800/4809] L=19.393 1.0it/s eta_ep=0m
Accumulating evaluation results...
DONE (t=4.50s).
[t1b][ep0] val mAP=0.6801
[t1b][ep1 0/4809] L=19.574 1.0it/s eta_ep=81m
[t1b][ep1 200/4809] L=15.851 1.0it/s eta_ep=74m
[t1b][ep1 400/4809] L=11.652 1.0it/s eta_ep=71m
[t1b][ep1 600/4809] L=23.682 1.0it/s eta_ep=68m
[t1b][ep1 800/4809] L=7.772 1.0it/s eta_ep=65m
[t1b][ep1 1000/4809] L=9.982 1.0it/s eta_ep=61m
[t1b][ep1 1200/4809] L=14.578 1.0it/s eta_ep=58m
[t1b][ep1 1400/4809] L=20.884 1.0it/s eta_ep=55m
[t1b][ep1 1600/4809] L=11.373 1.0it/s eta_ep=52m
[t1b][ep1 1800/4809] L=15.379 1.0it/s eta_ep=48m
[t1b][ep1 2000/4809] L=7.927 1.0it/s eta_ep=45m
[t1b][ep1 2200/4809] L=13.991 1.0it/s eta_ep=42m
[t1b][ep1 2400/4809] L=21.235 1.0it/s eta_ep=39m
[t1b][ep1 2600/4809] L=11.848 1.0it/s eta_ep=36m
[t1b][ep1 2800/4809] L=17.885 1.0it/s eta_ep=32m
[t1b][ep1 3000/4809] L=16.901 1.0it/s eta_ep=29m
[t1b][ep1 3200/4809] L=18.336 1.0it/s eta_ep=26m
[t1b][ep1 3400/4809] L=9.133 1.0it/s eta_ep=23m
[t1b][ep1 3600/4809] L=16.436 1.0it/s eta_ep=19m
[t1b][ep1 3800/4809] L=22.249 1.0it/s eta_ep=16m
[t1b][ep1 4000/4809] L=14.072 1.0it/s eta_ep=13m
[t1b][ep1 4200/4809] L=19.386 1.0it/s eta_ep=10m
[t1b][ep1 4400/4809] L=16.635 1.0it/s eta_ep=7m
[t1b][ep1 4600/4809] L=14.325 1.0it/s eta_ep=3m
[t1b][ep1 4800/4809] L=6.599 1.0it/s eta_ep=0m
Accumulating evaluation results...
DONE (t=4.73s).
[t1b][ep1] val mAP=0.7154
[t1b][ep2 0/4809] L=14.609 1.7it/s eta_ep=48m
[t1b][ep2 200/4809] L=11.380 1.1it/s eta_ep=73m
[t1b][ep2 400/4809] L=14.722 1.1it/s eta_ep=70m
[t1b][ep2 600/4809] L=15.630 1.1it/s eta_ep=67m
[t1b][ep2 800/4809] L=10.884 1.0it/s eta_ep=64m
[t1b][ep2 1000/4809] L=19.732 1.0it/s eta_ep=61m
[t1b][ep2 1200/4809] L=7.915 1.0it/s eta_ep=58m
[t1b][ep2 1400/4809] L=13.614 1.0it/s eta_ep=54m
[t1b][ep2 1600/4809] L=22.563 1.0it/s eta_ep=51m
[t1b][ep2 1800/4809] L=16.910 1.0it/s eta_ep=48m
[t1b][ep2 2000/4809] L=20.812 1.0it/s eta_ep=45m
[t1b][ep2 2200/4809] L=17.672 1.0it/s eta_ep=42m
[t1b][ep2 2400/4809] L=7.506 1.0it/s eta_ep=39m
[t1b][ep2 2600/4809] L=15.572 1.0it/s eta_ep=35m
[t1b][ep2 2800/4809] L=19.263 1.0it/s eta_ep=32m
[t1b][ep2 3000/4809] L=13.986 1.0it/s eta_ep=29m
[t1b][ep2 3200/4809] L=11.573 1.0it/s eta_ep=26m
[t1b][ep2 3400/4809] L=15.511 1.0it/s eta_ep=23m
[t1b][ep2 3600/4809] L=18.470 1.0it/s eta_ep=19m
[t1b][ep2 3800/4809] L=11.454 1.0it/s eta_ep=16m
[t1b][ep2 4000/4809] L=15.776 1.0it/s eta_ep=13m
[t1b][ep2 4200/4809] L=10.516 1.0it/s eta_ep=10m
[t1b][ep2 4400/4809] L=12.327 1.0it/s eta_ep=7m
[t1b][ep2 4600/4809] L=7.108 1.0it/s eta_ep=3m
[t1b][ep2 4800/4809] L=11.398 1.0it/s eta_ep=0m
Accumulating evaluation results...
DONE (t=4.73s).
[t1b][ep2] val mAP=0.7095
[t1b] DONE best@ep-1 mAP=0.7217 (init 0.7217) -> /tmp/t1b_zeroctx_seed456
