/home/ubuntu/slocal2/m2/.venv-relation-detr/lib/python3.11/site-packages/albumentations/core/validation.py:114: UserWarning: ShiftScaleRotate is a special case of Affine transform. Please use Affine transform instead.
  original_init(self, **validated_kwargs)
/home/ubuntu/slocal2/m2/third_party/Relation-DETR/transforms/presets.py:109: UserWarning: Argument(s) 'value' are not valid for transform ShiftScaleRotate
  A.ShiftScaleRotate(
/home/ubuntu/slocal2/m2/third_party/Relation-DETR/transforms/presets.py:140: UserWarning: Argument(s) 'quality_lower, quality_upper' are not valid for transform ImageCompression
  A.ImageCompression(quality_lower=85, quality_upper=95, p=0.2),
/home/ubuntu/slocal2/m2/third_party/Relation-DETR/transforms/presets.py:177: UserWarning: Argument(s) 'value' are not valid for transform ShiftScaleRotate
  A.ShiftScaleRotate(
/home/ubuntu/slocal2/m2/third_party/Relation-DETR/transforms/presets.py:208: UserWarning: Argument(s) 'quality_lower, quality_upper' are not valid for transform ImageCompression
  A.ImageCompression(quality_lower=85, quality_upper=95, p=0.2),
Using /home/ubuntu/.cache/torch_extensions/py311_cu118 as PyTorch extensions root...
Detected CUDA files, patching ldflags
Emitting ninja build file /home/ubuntu/.cache/torch_extensions/py311_cu118/MultiScaleDeformableAttention/build.ninja...
Building extension module MultiScaleDeformableAttention...
Allowing ninja to set a default number of workers... (overridable by setting the environment variable MAX_JOBS=N)
loading annotations into memory...
Done (t=0.41s)
creating index...
index created!
Using [0, 0.5, 0.6299605249474365, 0.7937005259840997, 1.0, 1.259921049894873, 1.5874010519681991, 2.0, inf] as bins for aspect ratio quantization
Count of instances per bin: [9618]
loading annotations into memory...
Done (t=0.03s)
creating index...
index created!
ninja: no work to do.
Loading extension module MultiScaleDeformableAttention...
/home/ubuntu/slocal2/m2/.venv-relation-detr/lib/python3.11/site-packages/torch/overrides.py:110: UserWarning: 'has_cuda' is deprecated, please use 'torch.backends.cuda.is_built()'
  torch.has_cuda,
/home/ubuntu/slocal2/m2/.venv-relation-detr/lib/python3.11/site-packages/torch/overrides.py:111: UserWarning: 'has_cudnn' is deprecated, please use 'torch.backends.cudnn.is_available()'
  torch.has_cudnn,
/home/ubuntu/slocal2/m2/.venv-relation-detr/lib/python3.11/site-packages/torch/overrides.py:117: UserWarning: 'has_mps' is deprecated, please use 'torch.backends.mps.is_built()'
  torch.has_mps,
/home/ubuntu/slocal2/m2/.venv-relation-detr/lib/python3.11/site-packages/torch/overrides.py:118: UserWarning: 'has_mkldnn' is deprecated, please use 'torch.backends.mkldnn.is_available()'
  torch.has_mkldnn,
The model and loaded state dict do not match exactly
Missing keys: phase_film.mlp.0.weight, phase_film.mlp.0.bias, phase_film.mlp.2.weight, phase_film.mlp.2.bias

[t1b] warm-start from /home/ubuntu/slocal2/m2/third_party/Relation-DETR/checkpoints/incoming/seed123/best_ap.pth
[t1b] seed=123 trainable=all zero_ctx=False det_steps/ep=4809 film_params=266880 total_trainable=25505568 miss_ctx(tr/va)=0/0 work=/tmp/t1b_seed123
Accumulating evaluation results...
DONE (t=5.76s).
[t1b] warm-start init mAP=0.7292 (S0-frozen 水準なら warm-start+FiLM恒等 OK)
[t1b][ep0 0/4809] L=23.611 0.7it/s eta_ep=120m
[t1b][ep0 200/4809] L=24.287 1.0it/s eta_ep=79m
[t1b][ep0 400/4809] L=19.103 1.0it/s eta_ep=75m
[t1b][ep0 600/4809] L=16.650 1.0it/s eta_ep=72m
[t1b][ep0 800/4809] L=12.519 0.9it/s eta_ep=76m
[t1b][ep0 1000/4809] L=14.228 0.8it/s eta_ep=77m
[t1b][ep0 1200/4809] L=10.630 0.8it/s eta_ep=75m
[t1b][ep0 1400/4809] L=22.170 0.8it/s eta_ep=70m
[t1b][ep0 1600/4809] L=9.969 0.8it/s eta_ep=64m
[t1b][ep0 1800/4809] L=21.448 0.8it/s eta_ep=59m
[t1b][ep0 2000/4809] L=22.941 0.9it/s eta_ep=55m
[t1b][ep0 2200/4809] L=21.935 0.9it/s eta_ep=50m
[t1b][ep0 2400/4809] L=15.042 0.9it/s eta_ep=46m
[t1b][ep0 2600/4809] L=11.600 0.9it/s eta_ep=42m
[t1b][ep0 2800/4809] L=19.091 0.9it/s eta_ep=37m
[t1b][ep0 3000/4809] L=15.664 0.9it/s eta_ep=33m
[t1b][ep0 3200/4809] L=23.099 0.9it/s eta_ep=29m
[t1b][ep0 3400/4809] L=15.733 0.9it/s eta_ep=26m
[t1b][ep0 3600/4809] L=16.762 0.9it/s eta_ep=22m
[t1b][ep0 3800/4809] L=13.160 0.9it/s eta_ep=18m
[t1b][ep0 4000/4809] L=21.082 0.9it/s eta_ep=14m
[t1b][ep0 4200/4809] L=25.394 0.9it/s eta_ep=11m
[t1b][ep0 4400/4809] L=21.480 0.9it/s eta_ep=7m
[t1b][ep0 4600/4809] L=16.467 0.9it/s eta_ep=4m
[t1b][ep0 4800/4809] L=23.554 0.9it/s eta_ep=0m
Accumulating evaluation results...
DONE (t=4.38s).
[t1b][ep0] val mAP=0.6950
[t1b][ep1 0/4809] L=11.640 1.3it/s eta_ep=60m
[t1b][ep1 200/4809] L=16.753 1.1it/s eta_ep=72m
[t1b][ep1 400/4809] L=19.544 1.0it/s eta_ep=70m
[t1b][ep1 600/4809] L=18.263 1.0it/s eta_ep=67m
[t1b][ep1 800/4809] L=12.329 1.0it/s eta_ep=64m
[t1b][ep1 1000/4809] L=18.555 1.0it/s eta_ep=61m
[t1b][ep1 1200/4809] L=15.658 1.0it/s eta_ep=58m
[t1b][ep1 1400/4809] L=26.079 1.0it/s eta_ep=55m
[t1b][ep1 1600/4809] L=12.756 1.0it/s eta_ep=52m
[t1b][ep1 1800/4809] L=15.768 1.0it/s eta_ep=48m
[t1b][ep1 2000/4809] L=10.989 1.0it/s eta_ep=45m
[t1b][ep1 2200/4809] L=14.922 1.0it/s eta_ep=42m
[t1b][ep1 2400/4809] L=10.451 1.0it/s eta_ep=39m
[t1b][ep1 2600/4809] L=10.119 1.0it/s eta_ep=36m
[t1b][ep1 2800/4809] L=21.558 1.0it/s eta_ep=32m
[t1b][ep1 3000/4809] L=12.460 1.0it/s eta_ep=29m
[t1b][ep1 3200/4809] L=13.754 1.0it/s eta_ep=26m
[t1b][ep1 3400/4809] L=24.751 1.0it/s eta_ep=23m
[t1b][ep1 3600/4809] L=12.717 1.0it/s eta_ep=19m
[t1b][ep1 3800/4809] L=18.054 1.0it/s eta_ep=16m
[t1b][ep1 4000/4809] L=15.738 1.0it/s eta_ep=13m
[t1b][ep1 4200/4809] L=17.783 1.0it/s eta_ep=10m
[t1b][ep1 4400/4809] L=14.962 1.0it/s eta_ep=7m
[t1b][ep1 4600/4809] L=15.399 1.0it/s eta_ep=3m
[t1b][ep1 4800/4809] L=13.700 1.0it/s eta_ep=0m
Accumulating evaluation results...
DONE (t=4.75s).
[t1b][ep1] val mAP=0.7249
[t1b][ep2 0/4809] L=10.855 1.5it/s eta_ep=54m
[t1b][ep2 200/4809] L=23.401 1.1it/s eta_ep=72m
[t1b][ep2 400/4809] L=20.466 1.0it/s eta_ep=70m
[t1b][ep2 600/4809] L=21.704 1.0it/s eta_ep=67m
[t1b][ep2 800/4809] L=10.764 1.0it/s eta_ep=64m
[t1b][ep2 1000/4809] L=13.124 1.0it/s eta_ep=61m
[t1b][ep2 1200/4809] L=12.718 1.0it/s eta_ep=58m
[t1b][ep2 1400/4809] L=20.814 1.0it/s eta_ep=55m
[t1b][ep2 1600/4809] L=22.064 1.0it/s eta_ep=51m
[t1b][ep2 1800/4809] L=15.599 1.0it/s eta_ep=48m
[t1b][ep2 2000/4809] L=17.791 1.0it/s eta_ep=45m
[t1b][ep2 2200/4809] L=12.443 1.0it/s eta_ep=42m
[t1b][ep2 2400/4809] L=18.266 1.0it/s eta_ep=39m
[t1b][ep2 2600/4809] L=27.334 1.0it/s eta_ep=35m
[t1b][ep2 2800/4809] L=15.700 1.0it/s eta_ep=32m
[t1b][ep2 3000/4809] L=15.580 1.0it/s eta_ep=29m
[t1b][ep2 3200/4809] L=17.550 1.0it/s eta_ep=26m
[t1b][ep2 3400/4809] L=15.165 1.0it/s eta_ep=23m
[t1b][ep2 3600/4809] L=11.741 1.0it/s eta_ep=19m
[t1b][ep2 3800/4809] L=7.947 1.0it/s eta_ep=16m
[t1b][ep2 4000/4809] L=10.636 1.0it/s eta_ep=13m
[t1b][ep2 4200/4809] L=8.642 1.0it/s eta_ep=10m
[t1b][ep2 4400/4809] L=18.207 1.0it/s eta_ep=7m
[t1b][ep2 4600/4809] L=18.874 1.0it/s eta_ep=3m
[t1b][ep2 4800/4809] L=14.148 1.0it/s eta_ep=0m
Accumulating evaluation results...
DONE (t=4.35s).
[t1b][ep2] val mAP=0.7246
[t1b] DONE best@ep-1 mAP=0.7292 (init 0.7292) -> /tmp/t1b_seed123
