/home/ubuntu/slocal2/m2/.venv-relation-detr/lib/python3.11/site-packages/albumentations/core/validation.py:114: UserWarning: ShiftScaleRotate is a special case of Affine transform. Please use Affine transform instead.
  original_init(self, **validated_kwargs)
/home/ubuntu/slocal2/m2/third_party/Relation-DETR/transforms/presets.py:109: UserWarning: Argument(s) 'value' are not valid for transform ShiftScaleRotate
  A.ShiftScaleRotate(
/home/ubuntu/slocal2/m2/third_party/Relation-DETR/transforms/presets.py:140: UserWarning: Argument(s) 'quality_lower, quality_upper' are not valid for transform ImageCompression
  A.ImageCompression(quality_lower=85, quality_upper=95, p=0.2),
/home/ubuntu/slocal2/m2/third_party/Relation-DETR/transforms/presets.py:177: UserWarning: Argument(s) 'value' are not valid for transform ShiftScaleRotate
  A.ShiftScaleRotate(
/home/ubuntu/slocal2/m2/third_party/Relation-DETR/transforms/presets.py:208: UserWarning: Argument(s) 'quality_lower, quality_upper' are not valid for transform ImageCompression
  A.ImageCompression(quality_lower=85, quality_upper=95, p=0.2),
Using /home/ubuntu/.cache/torch_extensions/py311_cu118 as PyTorch extensions root...
Loading extension module MultiScaleDeformableAttention...
/home/ubuntu/slocal2/m2/.venv-relation-detr/lib/python3.11/site-packages/torch/overrides.py:110: UserWarning: 'has_cuda' is deprecated, please use 'torch.backends.cuda.is_built()'
  torch.has_cuda,
/home/ubuntu/slocal2/m2/.venv-relation-detr/lib/python3.11/site-packages/torch/overrides.py:111: UserWarning: 'has_cudnn' is deprecated, please use 'torch.backends.cudnn.is_available()'
  torch.has_cudnn,
/home/ubuntu/slocal2/m2/.venv-relation-detr/lib/python3.11/site-packages/torch/overrides.py:117: UserWarning: 'has_mps' is deprecated, please use 'torch.backends.mps.is_built()'
  torch.has_mps,
/home/ubuntu/slocal2/m2/.venv-relation-detr/lib/python3.11/site-packages/torch/overrides.py:118: UserWarning: 'has_mkldnn' is deprecated, please use 'torch.backends.mkldnn.is_available()'
  torch.has_mkldnn,
The model and loaded state dict do not match exactly
Missing keys: transformer.decoder.layers.0.phase_norm.weight, transformer.decoder.layers.0.phase_norm.bias, transformer.decoder.layers.0.phase_attn.in_proj_weight, transformer.decoder.layers.0.phase_attn.in_proj_bias, transformer.decoder.layers.0.phase_attn.out_proj.weight, transformer.decoder.layers.0.phase_attn.out_proj.bias, transformer.decoder.layers.1.phase_norm.weight, transformer.decoder.layers.1.phase_norm.bias, transformer.decoder.layers.1.phase_attn.in_proj_weight, transformer.decoder.layers.1.phase_attn.in_proj_bias, transformer.decoder.layers.1.phase_attn.out_proj.weight, transformer.decoder.layers.1.phase_attn.out_proj.bias, transformer.decoder.layers.2.phase_norm.weight, transformer.decoder.layers.2.phase_norm.bias, transformer.decoder.layers.2.phase_attn.in_proj_weight, transformer.decoder.layers.2.phase_attn.in_proj_bias, transformer.decoder.layers.2.phase_attn.out_proj.weight, transformer.decoder.layers.2.phase_attn.out_proj.bias, transformer.decoder.layers.3.phase_norm.weight, transformer.decoder.layers.3.phase_norm.bias, transformer.decoder.layers.3.phase_attn.in_proj_weight, transformer.decoder.layers.3.phase_attn.in_proj_bias, transformer.decoder.layers.3.phase_attn.out_proj.weight, transformer.decoder.layers.3.phase_attn.out_proj.bias, transformer.decoder.layers.4.phase_norm.weight, transformer.decoder.layers.4.phase_norm.bias, transformer.decoder.layers.4.phase_attn.in_proj_weight, transformer.decoder.layers.4.phase_attn.in_proj_bias, transformer.decoder.layers.4.phase_attn.out_proj.weight, transformer.decoder.layers.4.phase_attn.out_proj.bias, transformer.decoder.layers.5.phase_norm.weight, transformer.decoder.layers.5.phase_norm.bias, transformer.decoder.layers.5.phase_attn.in_proj_weight, transformer.decoder.layers.5.phase_attn.in_proj_bias, transformer.decoder.layers.5.phase_attn.out_proj.weight, transformer.decoder.layers.5.phase_attn.out_proj.bias, phase_embed.weight, phase_embed.bias

loading annotations into memory...
Done (t=0.30s)
creating index...
index created!
Using [0, 0.5, 0.6299605249474366, 0.7937005259840997, 1.0, 1.2599210498948732, 1.5874010519681994, 2.0, inf] as bins for aspect ratio quantization
Count of instances per bin: [9618]
loading annotations into memory...
Done (t=0.02s)
creating index...
index created!
[t1b] warm-start from /home/ubuntu/slocal2/m2/third_party/Relation-DETR/checkpoints/incoming/seed42/best_ap.pth
[t1b] seed=42 inject=ca trainable=film zero_ctx=False det_steps/ep=4809 phase_params=1584640 total_trainable=1584640 miss_ctx(tr/va)=0/0 work=/tmp/t1b_ca_seed42
Accumulating evaluation results...
DONE (t=3.02s).
[t1b] warm-start init mAP=0.7303 (S0-frozen 水準なら warm-start+恒等 OK)
[t1b][ep0 0/4809] L=9.340 1.7it/s eta_ep=46m
[t1b][ep0 200/4809] L=14.803 2.8it/s eta_ep=28m
[t1b][ep0 400/4809] L=18.866 2.8it/s eta_ep=26m
[t1b][ep0 600/4809] L=17.963 2.8it/s eta_ep=25m
[t1b][ep0 800/4809] L=13.600 2.9it/s eta_ep=23m
[t1b][ep0 1000/4809] L=14.078 2.9it/s eta_ep=22m
[t1b][ep0 1200/4809] L=15.090 2.9it/s eta_ep=21m
[t1b][ep0 1400/4809] L=21.897 2.9it/s eta_ep=20m
[t1b][ep0 1600/4809] L=12.549 2.9it/s eta_ep=19m
[t1b][ep0 1800/4809] L=15.826 2.9it/s eta_ep=17m
[t1b][ep0 2000/4809] L=20.245 2.9it/s eta_ep=16m
[t1b][ep0 2200/4809] L=15.078 2.9it/s eta_ep=15m
[t1b][ep0 2400/4809] L=26.299 2.9it/s eta_ep=14m
[t1b][ep0 2600/4809] L=8.756 2.9it/s eta_ep=13m
[t1b][ep0 2800/4809] L=6.891 2.9it/s eta_ep=12m
[t1b][ep0 3000/4809] L=8.585 2.9it/s eta_ep=10m
[t1b][ep0 3200/4809] L=16.488 2.9it/s eta_ep=9m
[t1b][ep0 3400/4809] L=8.785 2.9it/s eta_ep=8m
[t1b][ep0 3600/4809] L=10.443 2.9it/s eta_ep=7m
[t1b][ep0 3800/4809] L=14.224 2.9it/s eta_ep=6m
[t1b][ep0 4000/4809] L=6.006 2.9it/s eta_ep=5m
[t1b][ep0 4200/4809] L=19.382 2.9it/s eta_ep=4m
[t1b][ep0 4400/4809] L=15.228 2.9it/s eta_ep=2m
[t1b][ep0 4600/4809] L=10.304 2.9it/s eta_ep=1m
[t1b][ep0 4800/4809] L=25.424 2.9it/s eta_ep=0m
Accumulating evaluation results...
DONE (t=2.92s).
[t1b][ep0] val mAP=0.7327
[t1b][ep1 0/4809] L=12.456 2.5it/s eta_ep=33m
[t1b][ep1 200/4809] L=9.936 2.9it/s eta_ep=27m
[t1b][ep1 400/4809] L=11.600 2.9it/s eta_ep=26m
[t1b][ep1 600/4809] L=14.625 2.9it/s eta_ep=24m
[t1b][ep1 800/4809] L=13.433 2.9it/s eta_ep=23m
[t1b][ep1 1000/4809] L=10.518 2.9it/s eta_ep=22m
[t1b][ep1 1200/4809] L=14.238 2.9it/s eta_ep=21m
[t1b][ep1 1400/4809] L=17.214 2.9it/s eta_ep=20m
[t1b][ep1 1600/4809] L=17.118 2.9it/s eta_ep=19m
[t1b][ep1 1800/4809] L=12.541 2.9it/s eta_ep=18m
[t1b][ep1 2000/4809] L=20.983 2.9it/s eta_ep=16m
[t1b][ep1 2200/4809] L=19.740 2.9it/s eta_ep=15m
[t1b][ep1 2400/4809] L=17.604 2.9it/s eta_ep=14m
[t1b][ep1 2600/4809] L=10.716 2.9it/s eta_ep=13m
[t1b][ep1 2800/4809] L=24.561 2.9it/s eta_ep=12m
[t1b][ep1 3000/4809] L=13.817 2.9it/s eta_ep=11m
[t1b][ep1 3200/4809] L=37.900 2.9it/s eta_ep=9m
[t1b][ep1 3400/4809] L=9.723 2.9it/s eta_ep=8m
[t1b][ep1 3600/4809] L=19.117 2.9it/s eta_ep=7m
[t1b][ep1 3800/4809] L=19.447 2.9it/s eta_ep=6m
[t1b][ep1 4000/4809] L=18.769 2.9it/s eta_ep=5m
[t1b][ep1 4200/4809] L=14.527 2.9it/s eta_ep=4m
[t1b][ep1 4400/4809] L=13.456 2.9it/s eta_ep=2m
[t1b][ep1 4600/4809] L=12.876 2.9it/s eta_ep=1m
[t1b][ep1 4800/4809] L=18.717 2.9it/s eta_ep=0m
Accumulating evaluation results...
DONE (t=2.81s).
[t1b][ep1] val mAP=0.7313
[t1b][ep2 0/4809] L=8.816 2.7it/s eta_ep=30m
[t1b][ep2 200/4809] L=13.513 2.8it/s eta_ep=27m
[t1b][ep2 400/4809] L=13.142 2.8it/s eta_ep=26m
[t1b][ep2 600/4809] L=19.901 2.8it/s eta_ep=25m
[t1b][ep2 800/4809] L=20.335 2.8it/s eta_ep=23m
[t1b][ep2 1000/4809] L=11.213 2.8it/s eta_ep=22m
[t1b][ep2 1200/4809] L=13.916 2.8it/s eta_ep=21m
[t1b][ep2 1400/4809] L=13.110 2.8it/s eta_ep=20m
[t1b][ep2 1600/4809] L=12.566 2.8it/s eta_ep=19m
[t1b][ep2 1800/4809] L=14.807 2.8it/s eta_ep=18m
[t1b][ep2 2000/4809] L=8.603 2.8it/s eta_ep=16m
[t1b][ep2 2200/4809] L=15.522 2.8it/s eta_ep=15m
[t1b][ep2 2400/4809] L=23.022 2.8it/s eta_ep=14m
[t1b][ep2 2600/4809] L=11.822 2.9it/s eta_ep=13m
[t1b][ep2 2800/4809] L=14.142 2.9it/s eta_ep=12m
[t1b][ep2 3000/4809] L=18.224 2.9it/s eta_ep=11m
[t1b][ep2 3200/4809] L=14.045 2.8it/s eta_ep=9m
[t1b][ep2 3400/4809] L=18.897 2.8it/s eta_ep=8m
[t1b][ep2 3600/4809] L=17.250 2.8it/s eta_ep=7m
[t1b][ep2 3800/4809] L=17.956 2.8it/s eta_ep=6m
[t1b][ep2 4000/4809] L=24.371 2.8it/s eta_ep=5m
[t1b][ep2 4200/4809] L=15.439 2.8it/s eta_ep=4m
[t1b][ep2 4400/4809] L=12.392 2.8it/s eta_ep=2m
[t1b][ep2 4600/4809] L=24.098 2.8it/s eta_ep=1m
[t1b][ep2 4800/4809] L=20.081 2.8it/s eta_ep=0m
Accumulating evaluation results...
DONE (t=2.77s).
[t1b][ep2] val mAP=0.7306
[t1b][ep3 0/4809] L=12.631 2.5it/s eta_ep=33m
[t1b][ep3 200/4809] L=15.252 2.8it/s eta_ep=27m
[t1b][ep3 400/4809] L=16.319 2.8it/s eta_ep=26m
[t1b][ep3 600/4809] L=13.397 2.8it/s eta_ep=25m
[t1b][ep3 800/4809] L=22.582 2.8it/s eta_ep=24m
[t1b][ep3 1000/4809] L=12.900 2.8it/s eta_ep=22m
[t1b][ep3 1200/4809] L=14.082 2.8it/s eta_ep=21m
[t1b][ep3 1400/4809] L=14.641 2.8it/s eta_ep=20m
[t1b][ep3 1600/4809] L=13.629 2.8it/s eta_ep=19m
[t1b][ep3 1800/4809] L=11.970 2.8it/s eta_ep=18m
[t1b][ep3 2000/4809] L=13.220 2.8it/s eta_ep=17m
[t1b][ep3 2200/4809] L=18.348 2.8it/s eta_ep=15m
[t1b][ep3 2400/4809] L=7.953 2.8it/s eta_ep=14m
[t1b][ep3 2600/4809] L=12.658 2.8it/s eta_ep=13m
[t1b][ep3 2800/4809] L=11.229 2.8it/s eta_ep=12m
[t1b][ep3 3000/4809] L=7.692 2.8it/s eta_ep=11m
[t1b][ep3 3200/4809] L=17.639 2.8it/s eta_ep=9m
[t1b][ep3 3400/4809] L=6.861 2.8it/s eta_ep=8m
[t1b][ep3 3600/4809] L=8.267 2.8it/s eta_ep=7m
[t1b][ep3 3800/4809] L=23.791 2.8it/s eta_ep=6m
[t1b][ep3 4000/4809] L=14.943 2.8it/s eta_ep=5m
[t1b][ep3 4200/4809] L=16.387 2.8it/s eta_ep=4m
[t1b][ep3 4400/4809] L=13.883 2.8it/s eta_ep=2m
[t1b][ep3 4600/4809] L=24.418 2.8it/s eta_ep=1m
[t1b][ep3 4800/4809] L=18.964 2.8it/s eta_ep=0m
Accumulating evaluation results...
DONE (t=2.86s).
[t1b][ep3] val mAP=0.7316
[t1b][ep4 0/4809] L=11.602 2.5it/s eta_ep=32m
[t1b][ep4 200/4809] L=9.255 2.8it/s eta_ep=27m
[t1b][ep4 400/4809] L=24.162 2.8it/s eta_ep=26m
[t1b][ep4 600/4809] L=22.513 2.8it/s eta_ep=25m
[t1b][ep4 800/4809] L=11.548 2.8it/s eta_ep=24m
[t1b][ep4 1000/4809] L=15.807 2.8it/s eta_ep=23m
[t1b][ep4 1200/4809] L=12.434 2.8it/s eta_ep=21m
[t1b][ep4 1400/4809] L=10.218 2.8it/s eta_ep=20m
[t1b][ep4 1600/4809] L=18.273 2.8it/s eta_ep=19m
[t1b][ep4 1800/4809] L=21.492 2.8it/s eta_ep=18m
[t1b][ep4 2000/4809] L=13.046 2.8it/s eta_ep=17m
[t1b][ep4 2200/4809] L=15.937 2.8it/s eta_ep=15m
[t1b][ep4 2400/4809] L=14.860 2.8it/s eta_ep=14m
[t1b][ep4 2600/4809] L=16.428 2.8it/s eta_ep=13m
[t1b][ep4 2800/4809] L=14.504 2.8it/s eta_ep=12m
[t1b][ep4 3000/4809] L=16.482 2.8it/s eta_ep=11m
[t1b][ep4 3200/4809] L=11.238 2.8it/s eta_ep=10m
[t1b][ep4 3400/4809] L=12.374 2.8it/s eta_ep=8m
[t1b][ep4 3600/4809] L=12.243 2.8it/s eta_ep=7m
[t1b][ep4 3800/4809] L=10.259 2.8it/s eta_ep=6m
[t1b][ep4 4000/4809] L=8.757 2.8it/s eta_ep=5m
[t1b][ep4 4200/4809] L=13.559 2.8it/s eta_ep=4m
[t1b][ep4 4400/4809] L=10.839 2.8it/s eta_ep=2m
[t1b][ep4 4600/4809] L=20.840 2.8it/s eta_ep=1m
[t1b][ep4 4800/4809] L=14.806 2.8it/s eta_ep=0m
Accumulating evaluation results...
DONE (t=2.81s).
[t1b][ep4] val mAP=0.7306
[t1b][ep5 0/4809] L=13.190 2.3it/s eta_ep=35m
[t1b][ep5 200/4809] L=12.431 2.8it/s eta_ep=28m
[t1b][ep5 400/4809] L=11.320 2.8it/s eta_ep=26m
[t1b][ep5 600/4809] L=18.103 2.8it/s eta_ep=25m
[t1b][ep5 800/4809] L=18.129 2.8it/s eta_ep=24m
[t1b][ep5 1000/4809] L=18.753 2.8it/s eta_ep=23m
[t1b][ep5 1200/4809] L=15.280 2.8it/s eta_ep=22m
[t1b][ep5 1400/4809] L=12.506 2.8it/s eta_ep=20m
[t1b][ep5 1600/4809] L=20.137 2.8it/s eta_ep=19m
[t1b][ep5 1800/4809] L=21.582 2.8it/s eta_ep=18m
[t1b][ep5 2000/4809] L=20.502 2.8it/s eta_ep=17m
[t1b][ep5 2200/4809] L=14.397 2.8it/s eta_ep=16m
[t1b][ep5 2400/4809] L=20.067 2.8it/s eta_ep=14m
[t1b][ep5 2600/4809] L=23.879 2.8it/s eta_ep=13m
[t1b][ep5 2800/4809] L=20.592 2.8it/s eta_ep=12m
[t1b][ep5 3000/4809] L=19.149 2.8it/s eta_ep=11m
[t1b][ep5 3200/4809] L=10.856 2.8it/s eta_ep=10m
[t1b][ep5 3400/4809] L=9.950 2.8it/s eta_ep=8m
[t1b][ep5 3600/4809] L=23.036 2.8it/s eta_ep=7m
[t1b][ep5 3800/4809] L=9.128 2.8it/s eta_ep=6m
[t1b][ep5 4000/4809] L=15.700 2.8it/s eta_ep=5m
[t1b][ep5 4200/4809] L=13.100 2.8it/s eta_ep=4m
[t1b][ep5 4400/4809] L=9.145 2.8it/s eta_ep=2m
[t1b][ep5 4600/4809] L=10.329 2.8it/s eta_ep=1m
[t1b][ep5 4800/4809] L=18.360 2.8it/s eta_ep=0m
Accumulating evaluation results...
DONE (t=2.69s).
[t1b][ep5] val mAP=0.7312
[t1b] DONE best@ep0 mAP=0.7327 (init 0.7303) -> /tmp/t1b_ca_seed42
