/home/ubuntu/slocal2/m2/.venv-relation-detr/lib/python3.11/site-packages/albumentations/core/validation.py:114: UserWarning: ShiftScaleRotate is a special case of Affine transform. Please use Affine transform instead.
  original_init(self, **validated_kwargs)
/home/ubuntu/slocal2/m2/third_party/Relation-DETR/transforms/presets.py:109: UserWarning: Argument(s) 'value' are not valid for transform ShiftScaleRotate
  A.ShiftScaleRotate(
/home/ubuntu/slocal2/m2/third_party/Relation-DETR/transforms/presets.py:140: UserWarning: Argument(s) 'quality_lower, quality_upper' are not valid for transform ImageCompression
  A.ImageCompression(quality_lower=85, quality_upper=95, p=0.2),
/home/ubuntu/slocal2/m2/third_party/Relation-DETR/transforms/presets.py:177: UserWarning: Argument(s) 'value' are not valid for transform ShiftScaleRotate
  A.ShiftScaleRotate(
/home/ubuntu/slocal2/m2/third_party/Relation-DETR/transforms/presets.py:208: UserWarning: Argument(s) 'quality_lower, quality_upper' are not valid for transform ImageCompression
  A.ImageCompression(quality_lower=85, quality_upper=95, p=0.2),
Using /home/ubuntu/.cache/torch_extensions/py311_cu118 as PyTorch extensions root...
Detected CUDA files, patching ldflags
Emitting ninja build file /home/ubuntu/.cache/torch_extensions/py311_cu118/MultiScaleDeformableAttention/build.ninja...
Building extension module MultiScaleDeformableAttention...
Allowing ninja to set a default number of workers... (overridable by setting the environment variable MAX_JOBS=N)
loading annotations into memory...
Done (t=0.32s)
creating index...
index created!
Using [0, 0.5, 0.6299605249474366, 0.7937005259840997, 1.0, 1.2599210498948732, 1.5874010519681994, 2.0, inf] as bins for aspect ratio quantization
Count of instances per bin: [9618]
loading annotations into memory...
Done (t=0.02s)
creating index...
index created!
ninja: no work to do.
Loading extension module MultiScaleDeformableAttention...
/home/ubuntu/slocal2/m2/.venv-relation-detr/lib/python3.11/site-packages/torch/overrides.py:110: UserWarning: 'has_cuda' is deprecated, please use 'torch.backends.cuda.is_built()'
  torch.has_cuda,
/home/ubuntu/slocal2/m2/.venv-relation-detr/lib/python3.11/site-packages/torch/overrides.py:111: UserWarning: 'has_cudnn' is deprecated, please use 'torch.backends.cudnn.is_available()'
  torch.has_cudnn,
/home/ubuntu/slocal2/m2/.venv-relation-detr/lib/python3.11/site-packages/torch/overrides.py:117: UserWarning: 'has_mps' is deprecated, please use 'torch.backends.mps.is_built()'
  torch.has_mps,
/home/ubuntu/slocal2/m2/.venv-relation-detr/lib/python3.11/site-packages/torch/overrides.py:118: UserWarning: 'has_mkldnn' is deprecated, please use 'torch.backends.mkldnn.is_available()'
  torch.has_mkldnn,
The model and loaded state dict do not match exactly
Missing keys: phase_film.mlp.0.weight, phase_film.mlp.0.bias, phase_film.mlp.2.weight, phase_film.mlp.2.bias

[t1b] warm-start from /home/ubuntu/slocal2/m2/third_party/Relation-DETR/checkpoints/incoming/seed42/best_ap.pth
[t1b] seed=42 trainable=all zero_ctx=True det_steps/ep=4809 film_params=266880 total_trainable=25505568 miss_ctx(tr/va)=0/0 work=/tmp/t1b_zeroctx_seed42
Accumulating evaluation results...
DONE (t=3.16s).
[t1b] warm-start init mAP=0.7303 (S0-frozen 水準なら warm-start+FiLM恒等 OK)
[t1b][ep0 0/4809] L=16.675 1.3it/s eta_ep=62m
[t1b][ep0 200/4809] L=14.562 1.8it/s eta_ep=42m
[t1b][ep0 400/4809] L=11.036 1.8it/s eta_ep=40m
[t1b][ep0 600/4809] L=14.904 1.9it/s eta_ep=38m
[t1b][ep0 800/4809] L=12.207 1.9it/s eta_ep=36m
[t1b][ep0 1000/4809] L=24.673 1.9it/s eta_ep=34m
[t1b][ep0 1200/4809] L=16.943 1.9it/s eta_ep=32m
[t1b][ep0 1400/4809] L=16.577 1.9it/s eta_ep=30m
[t1b][ep0 1600/4809] L=11.839 1.9it/s eta_ep=28m
[t1b][ep0 1800/4809] L=32.639 1.9it/s eta_ep=27m
[t1b][ep0 2000/4809] L=12.626 1.9it/s eta_ep=25m
[t1b][ep0 2200/4809] L=20.796 1.9it/s eta_ep=23m
[t1b][ep0 2400/4809] L=20.563 1.9it/s eta_ep=21m
[t1b][ep0 2600/4809] L=17.052 1.9it/s eta_ep=20m
[t1b][ep0 2800/4809] L=13.752 1.9it/s eta_ep=18m
[t1b][ep0 3000/4809] L=16.419 1.9it/s eta_ep=16m
[t1b][ep0 3200/4809] L=13.805 1.9it/s eta_ep=14m
[t1b][ep0 3400/4809] L=21.474 1.9it/s eta_ep=12m
[t1b][ep0 3600/4809] L=23.799 1.9it/s eta_ep=11m
[t1b][ep0 3800/4809] L=9.113 1.9it/s eta_ep=9m
[t1b][ep0 4000/4809] L=29.790 1.9it/s eta_ep=7m
[t1b][ep0 4200/4809] L=18.004 1.9it/s eta_ep=5m
[t1b][ep0 4400/4809] L=18.347 1.9it/s eta_ep=4m
[t1b][ep0 4600/4809] L=19.219 1.9it/s eta_ep=2m
[t1b][ep0 4800/4809] L=16.324 1.9it/s eta_ep=0m
Accumulating evaluation results...
DONE (t=3.10s).
[t1b][ep0] val mAP=0.7031
[t1b][ep1 0/4809] L=19.865 1.8it/s eta_ep=45m
[t1b][ep1 200/4809] L=19.590 1.9it/s eta_ep=41m
[t1b][ep1 400/4809] L=12.412 1.9it/s eta_ep=39m
[t1b][ep1 600/4809] L=18.871 1.9it/s eta_ep=37m
[t1b][ep1 800/4809] L=16.050 1.9it/s eta_ep=35m
[t1b][ep1 1000/4809] L=16.990 1.9it/s eta_ep=34m
[t1b][ep1 1200/4809] L=16.194 1.9it/s eta_ep=32m
[t1b][ep1 1400/4809] L=13.758 1.9it/s eta_ep=30m
[t1b][ep1 1600/4809] L=23.474 1.9it/s eta_ep=28m
[t1b][ep1 1800/4809] L=22.537 1.9it/s eta_ep=27m
[t1b][ep1 2000/4809] L=14.840 1.9it/s eta_ep=25m
[t1b][ep1 2200/4809] L=24.260 1.9it/s eta_ep=23m
[t1b][ep1 2400/4809] L=23.696 1.9it/s eta_ep=21m
[t1b][ep1 2600/4809] L=15.728 1.9it/s eta_ep=19m
[t1b][ep1 2800/4809] L=10.777 1.9it/s eta_ep=18m
[t1b][ep1 3000/4809] L=15.872 1.9it/s eta_ep=16m
[t1b][ep1 3200/4809] L=9.991 1.9it/s eta_ep=14m
[t1b][ep1 3400/4809] L=22.728 1.9it/s eta_ep=12m
[t1b][ep1 3600/4809] L=16.721 1.9it/s eta_ep=11m
[t1b][ep1 3800/4809] L=18.441 1.9it/s eta_ep=9m
[t1b][ep1 4000/4809] L=19.489 1.9it/s eta_ep=7m
[t1b][ep1 4200/4809] L=18.557 1.9it/s eta_ep=5m
[t1b][ep1 4400/4809] L=16.543 1.9it/s eta_ep=4m
[t1b][ep1 4600/4809] L=9.672 1.9it/s eta_ep=2m
[t1b][ep1 4800/4809] L=7.977 1.9it/s eta_ep=0m
Accumulating evaluation results...
DONE (t=2.72s).
[t1b][ep1] val mAP=0.6719
[t1b][ep2 0/4809] L=19.156 1.6it/s eta_ep=51m
[t1b][ep2 200/4809] L=11.991 1.9it/s eta_ep=41m
[t1b][ep2 400/4809] L=27.735 1.9it/s eta_ep=39m
[t1b][ep2 600/4809] L=18.324 1.9it/s eta_ep=37m
[t1b][ep2 800/4809] L=18.342 1.9it/s eta_ep=36m
[t1b][ep2 1000/4809] L=21.340 1.9it/s eta_ep=34m
[t1b][ep2 1200/4809] L=13.175 1.9it/s eta_ep=32m
[t1b][ep2 1400/4809] L=21.885 1.9it/s eta_ep=30m
[t1b][ep2 1600/4809] L=21.650 1.9it/s eta_ep=28m
[t1b][ep2 1800/4809] L=14.180 1.9it/s eta_ep=27m
[t1b][ep2 2000/4809] L=19.440 1.9it/s eta_ep=25m
[t1b][ep2 2200/4809] L=14.431 1.9it/s eta_ep=23m
[t1b][ep2 2400/4809] L=19.923 1.9it/s eta_ep=21m
[t1b][ep2 2600/4809] L=17.494 1.9it/s eta_ep=20m
[t1b][ep2 2800/4809] L=14.028 1.9it/s eta_ep=18m
[t1b][ep2 3000/4809] L=7.038 1.9it/s eta_ep=16m
[t1b][ep2 3200/4809] L=25.201 1.9it/s eta_ep=14m
[t1b][ep2 3400/4809] L=17.125 1.9it/s eta_ep=12m
[t1b][ep2 3600/4809] L=21.550 1.9it/s eta_ep=11m
[t1b][ep2 3800/4809] L=15.444 1.9it/s eta_ep=9m
[t1b][ep2 4000/4809] L=16.378 1.9it/s eta_ep=7m
[t1b][ep2 4200/4809] L=21.519 1.9it/s eta_ep=5m
[t1b][ep2 4400/4809] L=19.095 1.9it/s eta_ep=4m
[t1b][ep2 4600/4809] L=23.444 1.9it/s eta_ep=2m
[t1b][ep2 4800/4809] L=13.799 1.9it/s eta_ep=0m
Accumulating evaluation results...
DONE (t=3.04s).
[t1b][ep2] val mAP=0.7089
[t1b][ep3 0/4809] L=17.215 1.7it/s eta_ep=47m
[t1b][ep3 200/4809] L=13.228 1.9it/s eta_ep=40m
[t1b][ep3 400/4809] L=14.132 1.9it/s eta_ep=39m
[t1b][ep3 600/4809] L=18.080 1.9it/s eta_ep=37m
[t1b][ep3 800/4809] L=17.268 1.9it/s eta_ep=35m
[t1b][ep3 1000/4809] L=15.665 1.9it/s eta_ep=34m
[t1b][ep3 1200/4809] L=23.997 1.9it/s eta_ep=32m
[t1b][ep3 1400/4809] L=8.346 1.9it/s eta_ep=30m
[t1b][ep3 1600/4809] L=15.146 1.9it/s eta_ep=29m
[t1b][ep3 1800/4809] L=21.671 1.9it/s eta_ep=27m
[t1b][ep3 2000/4809] L=14.536 1.9it/s eta_ep=25m
[t1b][ep3 2200/4809] L=17.689 1.9it/s eta_ep=23m
[t1b][ep3 2400/4809] L=19.984 1.9it/s eta_ep=21m
[t1b][ep3 2600/4809] L=12.972 1.9it/s eta_ep=20m
[t1b][ep3 2800/4809] L=16.754 1.9it/s eta_ep=18m
[t1b][ep3 3000/4809] L=18.720 1.9it/s eta_ep=16m
[t1b][ep3 3200/4809] L=24.024 1.9it/s eta_ep=14m
[t1b][ep3 3400/4809] L=19.964 1.9it/s eta_ep=13m
[t1b][ep3 3600/4809] L=16.159 1.9it/s eta_ep=11m
[t1b][ep3 3800/4809] L=15.302 1.9it/s eta_ep=9m
[t1b][ep3 4000/4809] L=18.098 1.9it/s eta_ep=7m
[t1b][ep3 4200/4809] L=13.098 1.9it/s eta_ep=5m
[t1b][ep3 4400/4809] L=16.202 1.9it/s eta_ep=4m
[t1b][ep3 4600/4809] L=19.385 1.9it/s eta_ep=2m
[t1b][ep3 4800/4809] L=7.776 1.9it/s eta_ep=0m
Accumulating evaluation results...
DONE (t=2.85s).
[t1b][ep3] val mAP=0.6935
[t1b][ep4 0/4809] L=14.038 1.6it/s eta_ep=49m
[t1b][ep4 200/4809] L=10.720 1.8it/s eta_ep=42m
[t1b][ep4 400/4809] L=13.101 1.9it/s eta_ep=40m
[t1b][ep4 600/4809] L=12.259 1.9it/s eta_ep=38m
[t1b][ep4 800/4809] L=10.819 1.9it/s eta_ep=36m
[t1b][ep4 1000/4809] L=16.865 1.9it/s eta_ep=34m
[t1b][ep4 1200/4809] L=19.604 1.9it/s eta_ep=32m
[t1b][ep4 1400/4809] L=16.875 1.9it/s eta_ep=31m
[t1b][ep4 1600/4809] L=9.989 1.9it/s eta_ep=29m
[t1b][ep4 1800/4809] L=15.137 1.9it/s eta_ep=27m
[t1b][ep4 2000/4809] L=15.768 1.9it/s eta_ep=25m
[t1b][ep4 2200/4809] L=37.648 1.9it/s eta_ep=23m
[t1b][ep4 2400/4809] L=14.196 1.9it/s eta_ep=22m
[t1b][ep4 2600/4809] L=18.497 1.9it/s eta_ep=20m
[t1b][ep4 2800/4809] L=9.606 1.9it/s eta_ep=18m
[t1b][ep4 3000/4809] L=11.736 1.9it/s eta_ep=16m
[t1b][ep4 3200/4809] L=17.072 1.9it/s eta_ep=14m
[t1b][ep4 3400/4809] L=10.867 1.8it/s eta_ep=13m
[t1b][ep4 3600/4809] L=9.053 1.9it/s eta_ep=11m
[t1b][ep4 3800/4809] L=12.572 1.9it/s eta_ep=9m
[t1b][ep4 4000/4809] L=15.194 1.8it/s eta_ep=7m
[t1b][ep4 4200/4809] L=17.634 1.8it/s eta_ep=5m
[t1b][ep4 4400/4809] L=17.686 1.8it/s eta_ep=4m
[t1b][ep4 4600/4809] L=13.010 1.8it/s eta_ep=2m
[t1b][ep4 4800/4809] L=18.406 1.8it/s eta_ep=0m
Accumulating evaluation results...
DONE (t=2.81s).
[t1b][ep4] val mAP=0.7171
[t1b][ep5 0/4809] L=16.618 1.6it/s eta_ep=49m
[t1b][ep5 200/4809] L=17.851 1.8it/s eta_ep=42m
[t1b][ep5 400/4809] L=15.810 1.8it/s eta_ep=40m
[t1b][ep5 600/4809] L=18.272 1.8it/s eta_ep=38m
[t1b][ep5 800/4809] L=13.423 1.8it/s eta_ep=36m
[t1b][ep5 1000/4809] L=16.641 1.8it/s eta_ep=34m
[t1b][ep5 1200/4809] L=11.976 1.8it/s eta_ep=33m
[t1b][ep5 1400/4809] L=10.999 1.8it/s eta_ep=31m
[t1b][ep5 1600/4809] L=15.085 1.8it/s eta_ep=29m
[t1b][ep5 1800/4809] L=9.897 1.8it/s eta_ep=27m
[t1b][ep5 2000/4809] L=16.434 1.8it/s eta_ep=25m
[t1b][ep5 2200/4809] L=23.353 1.8it/s eta_ep=24m
[t1b][ep5 2400/4809] L=17.517 1.8it/s eta_ep=22m
[t1b][ep5 2600/4809] L=12.464 1.8it/s eta_ep=20m
[t1b][ep5 2800/4809] L=17.549 1.8it/s eta_ep=18m
[t1b][ep5 3000/4809] L=10.593 1.8it/s eta_ep=16m
[t1b][ep5 3200/4809] L=20.857 1.8it/s eta_ep=15m
[t1b][ep5 3400/4809] L=8.755 1.8it/s eta_ep=13m
[t1b][ep5 3600/4809] L=14.719 1.8it/s eta_ep=11m
[t1b][ep5 3800/4809] L=7.818 1.8it/s eta_ep=9m
[t1b][ep5 4000/4809] L=13.007 1.8it/s eta_ep=7m
[t1b][ep5 4200/4809] L=17.013 1.8it/s eta_ep=5m
[t1b][ep5 4400/4809] L=22.048 1.8it/s eta_ep=4m
[t1b][ep5 4600/4809] L=29.647 1.8it/s eta_ep=2m
[t1b][ep5 4800/4809] L=16.168 1.8it/s eta_ep=0m
Accumulating evaluation results...
DONE (t=2.86s).
[t1b][ep5] val mAP=0.7203
[t1b] DONE best@ep-1 mAP=0.7303 (init 0.7303) -> /tmp/t1b_zeroctx_seed42
