/home/ubuntu/slocal2/m2/.venv-relation-detr/lib/python3.11/site-packages/albumentations/core/validation.py:114: UserWarning: ShiftScaleRotate is a special case of Affine transform. Please use Affine transform instead.
  original_init(self, **validated_kwargs)
/home/ubuntu/slocal2/m2/third_party/Relation-DETR/transforms/presets.py:109: UserWarning: Argument(s) 'value' are not valid for transform ShiftScaleRotate
  A.ShiftScaleRotate(
/home/ubuntu/slocal2/m2/third_party/Relation-DETR/transforms/presets.py:140: UserWarning: Argument(s) 'quality_lower, quality_upper' are not valid for transform ImageCompression
  A.ImageCompression(quality_lower=85, quality_upper=95, p=0.2),
/home/ubuntu/slocal2/m2/third_party/Relation-DETR/transforms/presets.py:177: UserWarning: Argument(s) 'value' are not valid for transform ShiftScaleRotate
  A.ShiftScaleRotate(
/home/ubuntu/slocal2/m2/third_party/Relation-DETR/transforms/presets.py:208: UserWarning: Argument(s) 'quality_lower, quality_upper' are not valid for transform ImageCompression
  A.ImageCompression(quality_lower=85, quality_upper=95, p=0.2),
Using /home/ubuntu/.cache/torch_extensions/py311_cu118 as PyTorch extensions root...
Loading extension module MultiScaleDeformableAttention...
/home/ubuntu/slocal2/m2/.venv-relation-detr/lib/python3.11/site-packages/torch/overrides.py:110: UserWarning: 'has_cuda' is deprecated, please use 'torch.backends.cuda.is_built()'
  torch.has_cuda,
/home/ubuntu/slocal2/m2/.venv-relation-detr/lib/python3.11/site-packages/torch/overrides.py:111: UserWarning: 'has_cudnn' is deprecated, please use 'torch.backends.cudnn.is_available()'
  torch.has_cudnn,
/home/ubuntu/slocal2/m2/.venv-relation-detr/lib/python3.11/site-packages/torch/overrides.py:117: UserWarning: 'has_mps' is deprecated, please use 'torch.backends.mps.is_built()'
  torch.has_mps,
/home/ubuntu/slocal2/m2/.venv-relation-detr/lib/python3.11/site-packages/torch/overrides.py:118: UserWarning: 'has_mkldnn' is deprecated, please use 'torch.backends.mkldnn.is_available()'
  torch.has_mkldnn,
The model and loaded state dict do not match exactly
Missing keys: phase_film.mlp.0.weight, phase_film.mlp.0.bias, phase_film.mlp.2.weight, phase_film.mlp.2.bias

loading annotations into memory...
Done (t=0.39s)
creating index...
index created!
Using [0, 0.5, 0.6299605249474365, 0.7937005259840997, 1.0, 1.259921049894873, 1.5874010519681991, 2.0, inf] as bins for aspect ratio quantization
Count of instances per bin: [9618]
loading annotations into memory...
Done (t=0.03s)
creating index...
index created!
[t1b] warm-start from /home/ubuntu/slocal2/m2/third_party/Relation-DETR/checkpoints/incoming/seed123/best_ap.pth
[t1b] seed=123 trainable=all zero_ctx=True det_steps/ep=4809 film_params=266880 total_trainable=25505568 miss_ctx(tr/va)=0/0 work=/tmp/t1b_zeroctx_seed123
Accumulating evaluation results...
DONE (t=6.04s).
[t1b] warm-start init mAP=0.7292 (S0-frozen 水準なら warm-start+FiLM恒等 OK)
[t1b][ep0 0/4809] L=23.611 0.7it/s eta_ep=110m
[t1b][ep0 200/4809] L=22.698 1.0it/s eta_ep=79m
[t1b][ep0 400/4809] L=20.029 1.0it/s eta_ep=75m
[t1b][ep0 600/4809] L=16.508 1.0it/s eta_ep=72m
[t1b][ep0 800/4809] L=12.923 0.9it/s eta_ep=76m
[t1b][ep0 1000/4809] L=17.008 0.8it/s eta_ep=77m
[t1b][ep0 1200/4809] L=10.676 0.8it/s eta_ep=75m
[t1b][ep0 1400/4809] L=22.564 0.8it/s eta_ep=70m
[t1b][ep0 1600/4809] L=10.006 0.8it/s eta_ep=64m
[t1b][ep0 1800/4809] L=18.678 0.8it/s eta_ep=59m
[t1b][ep0 2000/4809] L=23.229 0.8it/s eta_ep=55m
[t1b][ep0 2200/4809] L=21.151 0.9it/s eta_ep=51m
[t1b][ep0 2400/4809] L=17.096 0.9it/s eta_ep=46m
[t1b][ep0 2600/4809] L=12.509 0.9it/s eta_ep=42m
[t1b][ep0 2800/4809] L=19.345 0.9it/s eta_ep=38m
[t1b][ep0 3000/4809] L=16.937 0.9it/s eta_ep=33m
[t1b][ep0 3200/4809] L=23.212 0.9it/s eta_ep=30m
[t1b][ep0 3400/4809] L=13.972 0.9it/s eta_ep=26m
[t1b][ep0 3600/4809] L=17.717 0.9it/s eta_ep=22m
[t1b][ep0 3800/4809] L=12.802 0.9it/s eta_ep=18m
[t1b][ep0 4000/4809] L=21.142 0.9it/s eta_ep=15m
[t1b][ep0 4200/4809] L=23.739 0.9it/s eta_ep=11m
[t1b][ep0 4400/4809] L=21.101 0.9it/s eta_ep=7m
[t1b][ep0 4600/4809] L=16.342 0.9it/s eta_ep=4m
[t1b][ep0 4800/4809] L=22.275 0.9it/s eta_ep=0m
Accumulating evaluation results...
DONE (t=4.51s).
[t1b][ep0] val mAP=0.6838
[t1b][ep1 0/4809] L=11.427 0.9it/s eta_ep=89m
[t1b][ep1 200/4809] L=16.656 1.0it/s eta_ep=74m
[t1b][ep1 400/4809] L=18.385 1.0it/s eta_ep=71m
[t1b][ep1 600/4809] L=20.208 1.0it/s eta_ep=68m
[t1b][ep1 800/4809] L=11.955 1.0it/s eta_ep=65m
[t1b][ep1 1000/4809] L=20.480 1.0it/s eta_ep=62m
[t1b][ep1 1200/4809] L=15.024 1.0it/s eta_ep=58m
[t1b][ep1 1400/4809] L=24.815 1.0it/s eta_ep=55m
[t1b][ep1 1600/4809] L=12.672 1.0it/s eta_ep=52m
[t1b][ep1 1800/4809] L=14.734 1.0it/s eta_ep=49m
[t1b][ep1 2000/4809] L=9.567 1.0it/s eta_ep=46m
[t1b][ep1 2200/4809] L=14.792 1.0it/s eta_ep=42m
[t1b][ep1 2400/4809] L=11.091 1.0it/s eta_ep=39m
[t1b][ep1 2600/4809] L=9.959 1.0it/s eta_ep=36m
[t1b][ep1 2800/4809] L=20.160 1.0it/s eta_ep=33m
[t1b][ep1 3000/4809] L=12.742 1.0it/s eta_ep=29m
[t1b][ep1 3200/4809] L=14.631 1.0it/s eta_ep=26m
[t1b][ep1 3400/4809] L=23.958 1.0it/s eta_ep=23m
[t1b][ep1 3600/4809] L=11.930 1.0it/s eta_ep=20m
[t1b][ep1 3800/4809] L=18.394 1.0it/s eta_ep=16m
[t1b][ep1 4000/4809] L=13.931 1.0it/s eta_ep=13m
[t1b][ep1 4200/4809] L=17.602 1.0it/s eta_ep=10m
[t1b][ep1 4400/4809] L=15.593 1.0it/s eta_ep=7m
[t1b][ep1 4600/4809] L=15.623 1.0it/s eta_ep=3m
[t1b][ep1 4800/4809] L=13.179 1.0it/s eta_ep=0m
Accumulating evaluation results...
DONE (t=4.93s).
[t1b][ep1] val mAP=0.7167
[t1b][ep2 0/4809] L=10.036 1.0it/s eta_ep=82m
[t1b][ep2 200/4809] L=23.834 1.0it/s eta_ep=74m
[t1b][ep2 400/4809] L=20.454 1.0it/s eta_ep=71m
[t1b][ep2 600/4809] L=21.600 1.0it/s eta_ep=68m
[t1b][ep2 800/4809] L=9.916 1.0it/s eta_ep=64m
[t1b][ep2 1000/4809] L=14.046 1.0it/s eta_ep=61m
[t1b][ep2 1200/4809] L=13.115 1.0it/s eta_ep=58m
[t1b][ep2 1400/4809] L=20.039 1.0it/s eta_ep=55m
[t1b][ep2 1600/4809] L=22.839 1.0it/s eta_ep=51m
[t1b][ep2 1800/4809] L=15.821 1.0it/s eta_ep=48m
[t1b][ep2 2000/4809] L=18.143 1.0it/s eta_ep=45m
[t1b][ep2 2200/4809] L=12.466 1.0it/s eta_ep=42m
[t1b][ep2 2400/4809] L=18.571 1.0it/s eta_ep=39m
[t1b][ep2 2600/4809] L=26.597 1.0it/s eta_ep=35m
[t1b][ep2 2800/4809] L=16.131 1.0it/s eta_ep=32m
[t1b][ep2 3000/4809] L=15.744 1.0it/s eta_ep=29m
[t1b][ep2 3200/4809] L=15.869 1.0it/s eta_ep=26m
[t1b][ep2 3400/4809] L=16.500 1.0it/s eta_ep=23m
[t1b][ep2 3600/4809] L=11.319 1.0it/s eta_ep=19m
[t1b][ep2 3800/4809] L=8.212 1.0it/s eta_ep=16m
[t1b][ep2 4000/4809] L=10.747 1.0it/s eta_ep=13m
[t1b][ep2 4200/4809] L=9.026 1.0it/s eta_ep=10m
[t1b][ep2 4400/4809] L=22.978 1.0it/s eta_ep=7m
[t1b][ep2 4600/4809] L=19.981 1.0it/s eta_ep=3m
[t1b][ep2 4800/4809] L=14.193 1.0it/s eta_ep=0m
Accumulating evaluation results...
DONE (t=4.36s).
[t1b][ep2] val mAP=0.7178
[t1b] DONE best@ep-1 mAP=0.7292 (init 0.7292) -> /tmp/t1b_zeroctx_seed123
