/home/ubuntu/slocal2/m2/.venv-relation-detr/lib/python3.11/site-packages/albumentations/core/validation.py:114: UserWarning: ShiftScaleRotate is a special case of Affine transform. Please use Affine transform instead.
  original_init(self, **validated_kwargs)
/home/ubuntu/slocal2/m2/third_party/Relation-DETR/transforms/presets.py:109: UserWarning: Argument(s) 'value' are not valid for transform ShiftScaleRotate
  A.ShiftScaleRotate(
/home/ubuntu/slocal2/m2/third_party/Relation-DETR/transforms/presets.py:140: UserWarning: Argument(s) 'quality_lower, quality_upper' are not valid for transform ImageCompression
  A.ImageCompression(quality_lower=85, quality_upper=95, p=0.2),
/home/ubuntu/slocal2/m2/third_party/Relation-DETR/transforms/presets.py:177: UserWarning: Argument(s) 'value' are not valid for transform ShiftScaleRotate
  A.ShiftScaleRotate(
/home/ubuntu/slocal2/m2/third_party/Relation-DETR/transforms/presets.py:208: UserWarning: Argument(s) 'quality_lower, quality_upper' are not valid for transform ImageCompression
  A.ImageCompression(quality_lower=85, quality_upper=95, p=0.2),
Using /home/ubuntu/.cache/torch_extensions/py311_cu118 as PyTorch extensions root...
/home/ubuntu/slocal2/m2/third_party/Relation-DETR/models/bricks/ms_deform_attn.py:24: UserWarning: Failed to load MultiScaleDeformableAttention C++ extension: Ninja is required to load C++ extensions
  warnings.warn(f"Failed to load MultiScaleDeformableAttention C++ extension: {e}")
/home/ubuntu/slocal2/m2/.venv-relation-detr/lib/python3.11/site-packages/torch/overrides.py:110: UserWarning: 'has_cuda' is deprecated, please use 'torch.backends.cuda.is_built()'
  torch.has_cuda,
/home/ubuntu/slocal2/m2/.venv-relation-detr/lib/python3.11/site-packages/torch/overrides.py:111: UserWarning: 'has_cudnn' is deprecated, please use 'torch.backends.cudnn.is_available()'
  torch.has_cudnn,
/home/ubuntu/slocal2/m2/.venv-relation-detr/lib/python3.11/site-packages/torch/overrides.py:117: UserWarning: 'has_mps' is deprecated, please use 'torch.backends.mps.is_built()'
  torch.has_mps,
/home/ubuntu/slocal2/m2/.venv-relation-detr/lib/python3.11/site-packages/torch/overrides.py:118: UserWarning: 'has_mkldnn' is deprecated, please use 'torch.backends.mkldnn.is_available()'
  torch.has_mkldnn,
The model and loaded state dict do not match exactly
Missing keys: phase_film.mlp.0.weight, phase_film.mlp.0.bias, phase_film.mlp.2.weight, phase_film.mlp.2.bias

loading annotations into memory...
Done (t=0.42s)
creating index...
index created!
Using [0, 0.5, 0.6299605249474365, 0.7937005259840997, 1.0, 1.259921049894873, 1.5874010519681991, 2.0, inf] as bins for aspect ratio quantization
Count of instances per bin: [9618]
loading annotations into memory...
Done (t=0.02s)
creating index...
index created!
[t1b] warm-start from /home/ubuntu/slocal2/m2/third_party/Relation-DETR/checkpoints/incoming/seed123/best_ap.pth
[t1b] seed=123 trainable=film zero_ctx=False det_steps/ep=4809 film_params=266880 total_trainable=266880 miss_ctx(tr/va)=0/0 work=/tmp/t1b_film_seed123
Accumulating evaluation results...
DONE (t=5.22s).
[t1b] warm-start init mAP=0.7292 (S0-frozen 水準なら warm-start+FiLM恒等 OK)
[t1b][ep0 0/4809] L=23.611 0.8it/s eta_ep=104m
[t1b][ep0 200/4809] L=18.843 0.9it/s eta_ep=81m
[t1b][ep0 400/4809] L=17.788 1.0it/s eta_ep=76m
[t1b][ep0 600/4809] L=14.874 1.0it/s eta_ep=72m
[t1b][ep0 800/4809] L=9.999 1.0it/s eta_ep=68m
[t1b][ep0 1000/4809] L=12.083 1.0it/s eta_ep=64m
[t1b][ep0 1200/4809] L=9.155 1.0it/s eta_ep=61m
[t1b][ep0 1400/4809] L=19.290 1.0it/s eta_ep=58m
[t1b][ep0 1600/4809] L=8.024 1.0it/s eta_ep=54m
[t1b][ep0 1800/4809] L=16.624 1.0it/s eta_ep=51m
[t1b][ep0 2000/4809] L=22.014 1.0it/s eta_ep=47m
[t1b][ep0 2200/4809] L=19.927 1.0it/s eta_ep=44m
[t1b][ep0 2400/4809] L=16.221 1.0it/s eta_ep=40m
[t1b][ep0 2600/4809] L=9.610 1.0it/s eta_ep=37m
[t1b][ep0 2800/4809] L=16.592 1.0it/s eta_ep=34m
[t1b][ep0 3000/4809] L=13.644 1.0it/s eta_ep=30m
[t1b][ep0 3200/4809] L=21.302 1.0it/s eta_ep=27m
[t1b][ep0 3400/4809] L=14.087 1.0it/s eta_ep=24m
[t1b][ep0 3600/4809] L=16.657 1.0it/s eta_ep=20m
[t1b][ep0 3800/4809] L=8.482 1.0it/s eta_ep=17m
[t1b][ep0 4000/4809] L=20.445 1.0it/s eta_ep=14m
[t1b][ep0 4200/4809] L=22.336 1.0it/s eta_ep=10m
[t1b][ep0 4400/4809] L=19.025 1.0it/s eta_ep=7m
[t1b][ep0 4600/4809] L=12.408 1.0it/s eta_ep=4m
[t1b][ep0 4800/4809] L=21.741 1.0it/s eta_ep=0m
Accumulating evaluation results...
DONE (t=4.74s).
[t1b][ep0] val mAP=0.7299
[t1b][ep1 0/4809] L=11.063 0.8it/s eta_ep=96m
[t1b][ep1 200/4809] L=17.061 1.0it/s eta_ep=77m
[t1b][ep1 400/4809] L=14.464 1.0it/s eta_ep=74m
[t1b][ep1 600/4809] L=14.421 1.0it/s eta_ep=71m
[t1b][ep1 800/4809] L=11.160 1.0it/s eta_ep=67m
[t1b][ep1 1000/4809] L=19.770 1.0it/s eta_ep=64m
[t1b][ep1 1200/4809] L=15.538 1.0it/s eta_ep=61m
[t1b][ep1 1400/4809] L=28.179 1.0it/s eta_ep=57m
[t1b][ep1 1600/4809] L=13.194 1.0it/s eta_ep=54m
[t1b][ep1 1800/4809] L=13.539 1.0it/s eta_ep=50m
[t1b][ep1 2000/4809] L=9.866 1.0it/s eta_ep=47m
[t1b][ep1 2200/4809] L=16.243 1.0it/s eta_ep=44m
[t1b][ep1 2400/4809] L=10.819 1.0it/s eta_ep=41m
[t1b][ep1 2600/4809] L=9.624 1.0it/s eta_ep=37m
[t1b][ep1 2800/4809] L=18.931 1.0it/s eta_ep=34m
[t1b][ep1 3000/4809] L=12.127 1.0it/s eta_ep=30m
[t1b][ep1 3200/4809] L=12.359 1.0it/s eta_ep=27m
[t1b][ep1 3400/4809] L=22.349 1.0it/s eta_ep=24m
[t1b][ep1 3600/4809] L=13.828 1.0it/s eta_ep=20m
[t1b][ep1 3800/4809] L=17.281 1.0it/s eta_ep=17m
[t1b][ep1 4000/4809] L=15.461 1.0it/s eta_ep=14m
[t1b][ep1 4200/4809] L=19.082 1.0it/s eta_ep=10m
[t1b][ep1 4400/4809] L=15.605 1.0it/s eta_ep=7m
[t1b][ep1 4600/4809] L=15.934 1.0it/s eta_ep=4m
[t1b][ep1 4800/4809] L=11.454 1.0it/s eta_ep=0m
Accumulating evaluation results...
DONE (t=4.83s).
[t1b][ep1] val mAP=0.7278
[t1b][ep2 0/4809] L=11.177 0.8it/s eta_ep=106m
[t1b][ep2 200/4809] L=23.971 1.0it/s eta_ep=78m
[t1b][ep2 400/4809] L=17.844 1.0it/s eta_ep=74m
[t1b][ep2 600/4809] L=21.805 1.0it/s eta_ep=71m
[t1b][ep2 800/4809] L=9.229 1.0it/s eta_ep=68m
[t1b][ep2 1000/4809] L=12.362 1.0it/s eta_ep=64m
[t1b][ep2 1200/4809] L=13.144 1.0it/s eta_ep=61m
[t1b][ep2 1400/4809] L=19.508 1.0it/s eta_ep=57m
[t1b][ep2 1600/4809] L=23.956 1.0it/s eta_ep=54m
[t1b][ep2 1800/4809] L=15.915 1.0it/s eta_ep=51m
[t1b][ep2 2000/4809] L=17.938 1.0it/s eta_ep=47m
[t1b][ep2 2200/4809] L=12.213 1.0it/s eta_ep=44m
[t1b][ep2 2400/4809] L=18.355 1.0it/s eta_ep=41m
[t1b][ep2 2600/4809] L=22.717 1.0it/s eta_ep=37m
[t1b][ep2 2800/4809] L=15.643 1.0it/s eta_ep=34m
[t1b][ep2 3000/4809] L=16.064 1.0it/s eta_ep=30m
[t1b][ep2 3200/4809] L=13.859 1.0it/s eta_ep=27m
[t1b][ep2 3400/4809] L=13.785 1.0it/s eta_ep=24m
[t1b][ep2 3600/4809] L=14.055 1.0it/s eta_ep=20m
[t1b][ep2 3800/4809] L=8.419 1.0it/s eta_ep=17m
[t1b][ep2 4000/4809] L=10.973 1.0it/s eta_ep=14m
[t1b][ep2 4200/4809] L=6.998 1.0it/s eta_ep=10m
[t1b][ep2 4400/4809] L=17.899 1.0it/s eta_ep=7m
[t1b][ep2 4600/4809] L=17.471 1.0it/s eta_ep=4m
[t1b][ep2 4800/4809] L=12.846 1.0it/s eta_ep=0m
Accumulating evaluation results...
DONE (t=4.65s).
[t1b][ep2] val mAP=0.7297
[t1b][ep3 0/4809] L=22.813 1.0it/s eta_ep=82m
[t1b][ep3 200/4809] L=20.803 1.0it/s eta_ep=77m
[t1b][ep3 400/4809] L=17.864 1.0it/s eta_ep=74m
[t1b][ep3 600/4809] L=17.310 1.0it/s eta_ep=70m
[t1b][ep3 800/4809] L=16.438 1.0it/s eta_ep=67m
[t1b][ep3 1000/4809] L=11.338 1.0it/s eta_ep=64m
[t1b][ep3 1200/4809] L=20.520 1.0it/s eta_ep=60m
[t1b][ep3 1400/4809] L=15.434 1.0it/s eta_ep=57m
[t1b][ep3 1600/4809] L=14.400 1.0it/s eta_ep=54m
[t1b][ep3 1800/4809] L=10.102 1.0it/s eta_ep=50m
[t1b][ep3 2000/4809] L=22.120 1.0it/s eta_ep=47m
[t1b][ep3 2200/4809] L=15.734 1.0it/s eta_ep=44m
[t1b][ep3 2400/4809] L=12.696 1.0it/s eta_ep=40m
[t1b][ep3 2600/4809] L=23.905 1.0it/s eta_ep=37m
[t1b][ep3 2800/4809] L=12.632 1.0it/s eta_ep=34m
[t1b][ep3 3000/4809] L=10.628 1.0it/s eta_ep=30m
[t1b][ep3 3200/4809] L=5.319 1.0it/s eta_ep=27m
[t1b][ep3 3400/4809] L=13.401 1.0it/s eta_ep=24m
[t1b][ep3 3600/4809] L=18.137 1.0it/s eta_ep=20m
[t1b][ep3 3800/4809] L=17.099 1.0it/s eta_ep=17m
[t1b][ep3 4000/4809] L=13.447 1.0it/s eta_ep=14m
[t1b][ep3 4200/4809] L=10.469 1.0it/s eta_ep=10m
[t1b][ep3 4400/4809] L=15.279 1.0it/s eta_ep=7m
[t1b][ep3 4600/4809] L=23.644 1.0it/s eta_ep=4m
[t1b][ep3 4800/4809] L=9.717 1.0it/s eta_ep=0m
Accumulating evaluation results...
DONE (t=5.33s).
[t1b][ep3] val mAP=0.7272
[t1b][ep4 0/4809] L=13.503 0.5it/s eta_ep=148m
[t1b][ep4 200/4809] L=8.749 1.0it/s eta_ep=79m
[t1b][ep4 400/4809] L=11.284 0.9it/s eta_ep=80m
[t1b][ep4 600/4809] L=11.140 0.9it/s eta_ep=76m
[t1b][ep4 800/4809] L=7.390 0.9it/s eta_ep=71m
[t1b][ep4 1000/4809] L=13.928 0.9it/s eta_ep=67m
[t1b][ep4 1200/4809] L=14.157 0.9it/s eta_ep=65m
[t1b][ep4 1400/4809] L=12.476 0.9it/s eta_ep=61m
[t1b][ep4 1600/4809] L=16.034 0.9it/s eta_ep=57m
[t1b][ep4 1800/4809] L=22.513 0.9it/s eta_ep=53m
[t1b][ep4 2000/4809] L=10.188 1.0it/s eta_ep=49m
[t1b][ep4 2200/4809] L=18.540 1.0it/s eta_ep=46m
[t1b][ep4 2400/4809] L=16.446 1.0it/s eta_ep=42m
[t1b][ep4 2600/4809] L=18.094 1.0it/s eta_ep=39m
[t1b][ep4 2800/4809] L=25.576 1.0it/s eta_ep=35m
[t1b][ep4 3000/4809] L=8.861 1.0it/s eta_ep=31m
[t1b][ep4 3200/4809] L=16.687 1.0it/s eta_ep=28m
[t1b][ep4 3400/4809] L=12.355 1.0it/s eta_ep=24m
[t1b][ep4 3600/4809] L=22.869 1.0it/s eta_ep=21m
[t1b][ep4 3800/4809] L=15.367 1.0it/s eta_ep=17m
[t1b][ep4 4000/4809] L=10.417 1.0it/s eta_ep=14m
[t1b][ep4 4200/4809] L=12.162 1.0it/s eta_ep=11m
[t1b][ep4 4400/4809] L=15.099 1.0it/s eta_ep=7m
[t1b][ep4 4600/4809] L=15.586 1.0it/s eta_ep=4m
[t1b][ep4 4800/4809] L=28.876 1.0it/s eta_ep=0m
Accumulating evaluation results...
DONE (t=5.14s).
[t1b][ep4] val mAP=0.7298
[t1b][ep5 0/4809] L=17.044 0.7it/s eta_ep=108m
[t1b][ep5 200/4809] L=12.639 1.0it/s eta_ep=78m
[t1b][ep5 400/4809] L=12.855 1.0it/s eta_ep=75m
[t1b][ep5 600/4809] L=16.307 1.0it/s eta_ep=71m
[t1b][ep5 800/4809] L=11.562 1.1it/s eta_ep=63m
[t1b][ep5 1000/4809] L=18.455 1.1it/s eta_ep=56m
[t1b][ep5 1200/4809] L=25.323 1.2it/s eta_ep=50m
[t1b][ep5 1400/4809] L=15.893 1.3it/s eta_ep=45m
[t1b][ep5 1600/4809] L=17.801 1.3it/s eta_ep=42m
[t1b][ep5 1800/4809] L=14.269 1.3it/s eta_ep=38m
[t1b][ep5 2000/4809] L=10.695 1.3it/s eta_ep=35m
[t1b][ep5 2200/4809] L=18.485 1.4it/s eta_ep=32m
[t1b][ep5 2400/4809] L=15.419 1.4it/s eta_ep=29m
[t1b][ep5 2600/4809] L=17.140 1.4it/s eta_ep=26m
[t1b][ep5 2800/4809] L=9.977 1.4it/s eta_ep=24m
[t1b][ep5 3000/4809] L=13.218 1.4it/s eta_ep=21m
[t1b][ep5 3200/4809] L=13.772 1.4it/s eta_ep=19m
[t1b][ep5 3400/4809] L=5.658 1.4it/s eta_ep=16m
[t1b][ep5 3600/4809] L=13.820 1.5it/s eta_ep=14m
[t1b][ep5 3800/4809] L=7.893 1.5it/s eta_ep=11m
[t1b][ep5 4000/4809] L=13.939 1.5it/s eta_ep=9m
[t1b][ep5 4200/4809] L=18.693 1.5it/s eta_ep=7m
[t1b][ep5 4400/4809] L=14.234 1.5it/s eta_ep=5m
[t1b][ep5 4600/4809] L=17.965 1.5it/s eta_ep=2m
[t1b][ep5 4800/4809] L=12.573 1.5it/s eta_ep=0m
Accumulating evaluation results...
DONE (t=4.21s).
[t1b][ep5] val mAP=0.7314
[t1b] DONE best@ep5 mAP=0.7314 (init 0.7292) -> /tmp/t1b_film_seed123
