[taux] train clips=13  val clips=3  in_dim=5888  kernel=tecno  feature=delta  k=3  target=region  region_only=False  classes=9  device=cuda
[taux] evidence dir: /home/ubuntu/slocal/m2/experiments/transfer/taux_tecno_deltak3_001_taux_tecno_deltak3_seed42
[taux][epoch 1/50] loss=3.6376  val_acc=0.3677  macroF1=0.0768  edit=18.00  segF1@50=0.22
[taux][epoch 2/50] loss=2.8435  val_acc=0.3611  macroF1=0.0941  edit=32.50  segF1@50=0.18
[taux][epoch 3/50] loss=2.6949  val_acc=0.3677  macroF1=0.0768  edit=18.00  segF1@50=0.22
[taux][epoch 4/50] loss=2.4763  val_acc=0.6752  macroF1=0.2269  edit=24.90  segF1@50=0.18
[taux][epoch 5/50] loss=2.3622  val_acc=0.5155  macroF1=0.1715  edit=24.94  segF1@50=0.22
[taux][epoch 6/50] loss=1.9358  val_acc=0.6805  macroF1=0.2308  edit=41.00  segF1@50=0.22
[taux][epoch 7/50] loss=1.6056  val_acc=0.6792  macroF1=0.2306  edit=32.67  segF1@50=0.13
[taux][epoch 8/50] loss=1.4605  val_acc=0.6812  macroF1=0.2314  edit=40.07  segF1@50=0.18
[taux][epoch 9/50] loss=1.3268  val_acc=0.6891  macroF1=0.2505  edit=22.92  segF1@50=0.15
[taux][epoch 10/50] loss=1.3098  val_acc=0.7901  macroF1=0.3931  edit=32.13  segF1@50=0.24
[taux][epoch 11/50] loss=1.1810  val_acc=0.7921  macroF1=0.3922  edit=21.43  segF1@50=0.15
[taux][epoch 12/50] loss=1.0886  val_acc=0.8290  macroF1=0.4601  edit=22.63  segF1@50=0.20
[taux][epoch 13/50] loss=0.9795  val_acc=0.7756  macroF1=0.4007  edit=28.51  segF1@50=0.22
[taux][epoch 14/50] loss=0.9404  val_acc=0.8033  macroF1=0.4266  edit=26.56  segF1@50=0.22
[taux][epoch 15/50] loss=0.8400  val_acc=0.8350  macroF1=0.5041  edit=26.84  segF1@50=0.20
[taux][epoch 16/50] loss=0.7619  val_acc=0.8363  macroF1=0.4817  edit=25.78  segF1@50=0.20
[taux][epoch 17/50] loss=0.7141  val_acc=0.8475  macroF1=0.5878  edit=26.91  segF1@50=0.26
[taux][epoch 18/50] loss=0.6278  val_acc=0.8554  macroF1=0.5734  edit=29.92  segF1@50=0.24
[taux][epoch 19/50] loss=0.5894  val_acc=0.8977  macroF1=0.7051  edit=28.18  segF1@50=0.27
[taux][epoch 20/50] loss=0.5548  val_acc=0.9043  macroF1=0.6890  edit=30.38  segF1@50=0.28
[taux][epoch 21/50] loss=0.5406  val_acc=0.8983  macroF1=0.7022  edit=28.49  segF1@50=0.27
[taux][epoch 22/50] loss=0.5394  val_acc=0.8706  macroF1=0.6858  edit=23.39  segF1@50=0.20
[taux][epoch 23/50] loss=0.5600  val_acc=0.8832  macroF1=0.6448  edit=28.45  segF1@50=0.27
[taux][epoch 24/50] loss=0.5026  val_acc=0.9201  macroF1=0.7658  edit=31.99  segF1@50=0.33
[taux][epoch 25/50] loss=0.4828  val_acc=0.8970  macroF1=0.7133  edit=27.19  segF1@50=0.24
[taux][epoch 26/50] loss=0.4527  val_acc=0.9083  macroF1=0.7405  edit=26.20  segF1@50=0.29
[taux][epoch 27/50] loss=0.4176  val_acc=0.9109  macroF1=0.7357  edit=30.48  segF1@50=0.32
[taux][epoch 28/50] loss=0.4140  val_acc=0.9267  macroF1=0.7717  edit=32.95  segF1@50=0.30
[taux][epoch 29/50] loss=0.4275  val_acc=0.9076  macroF1=0.7475  edit=27.46  segF1@50=0.31
[taux][epoch 30/50] loss=0.4364  val_acc=0.8964  macroF1=0.7002  edit=26.67  segF1@50=0.27
[taux][epoch 31/50] loss=0.4563  val_acc=0.8931  macroF1=0.7359  edit=24.45  segF1@50=0.29
[taux][epoch 32/50] loss=0.5656  val_acc=0.8977  macroF1=0.6926  edit=22.90  segF1@50=0.21
[taux][epoch 33/50] loss=0.5106  val_acc=0.9043  macroF1=0.7464  edit=23.84  segF1@50=0.23
[taux][epoch 34/50] loss=0.4296  val_acc=0.9089  macroF1=0.7602  edit=29.23  segF1@50=0.29
[taux][epoch 35/50] loss=0.3806  val_acc=0.9234  macroF1=0.7596  edit=29.56  segF1@50=0.32
[taux][epoch 36/50] loss=0.3541  val_acc=0.9261  macroF1=0.7690  edit=29.05  segF1@50=0.31
[taux][epoch 37/50] loss=0.3291  val_acc=0.9129  macroF1=0.7474  edit=32.99  segF1@50=0.35
[taux][epoch 38/50] loss=0.3189  val_acc=0.9201  macroF1=0.7569  edit=23.90  segF1@50=0.28
[taux][epoch 39/50] loss=0.3175  val_acc=0.9089  macroF1=0.7477  edit=29.19  segF1@50=0.28
[taux][epoch 40/50] loss=0.3018  val_acc=0.9195  macroF1=0.7576  edit=27.08  segF1@50=0.29
[taux][epoch 41/50] loss=0.2894  val_acc=0.9267  macroF1=0.7699  edit=28.70  segF1@50=0.32
[taux][epoch 42/50] loss=0.2793  val_acc=0.9142  macroF1=0.7567  edit=25.45  segF1@50=0.25
[taux][epoch 43/50] loss=0.2725  val_acc=0.9254  macroF1=0.7624  edit=30.86  segF1@50=0.34
[taux][epoch 44/50] loss=0.2705  val_acc=0.9228  macroF1=0.7614  edit=29.23  segF1@50=0.30
[taux][epoch 45/50] loss=0.2625  val_acc=0.9267  macroF1=0.7696  edit=27.44  segF1@50=0.31
[taux][epoch 46/50] loss=0.2554  val_acc=0.9135  macroF1=0.7480  edit=26.92  segF1@50=0.25
[taux][epoch 47/50] loss=0.2726  val_acc=0.8964  macroF1=0.7312  edit=21.12  segF1@50=0.22
[taux][epoch 48/50] loss=0.3418  val_acc=0.8647  macroF1=0.6762  edit=23.14  segF1@50=0.23
[taux][epoch 49/50] loss=0.3912  val_acc=0.9129  macroF1=0.7684  edit=28.50  segF1@50=0.31
[taux][epoch 50/50] loss=0.3437  val_acc=0.8937  macroF1=0.7189  edit=26.95  segF1@50=0.26
[taux] best @epoch 28: acc=0.9267 macroF1=0.7717
[taux] evidence written -> /home/ubuntu/slocal/m2/experiments/transfer/taux_tecno_deltak3_001_taux_tecno_deltak3_seed42
