[taux] train clips=13  val clips=3  in_dim=5888  kernel=tecno  feature=delta  k=3  target=region  region_only=False  classes=9  device=cuda
[taux] evidence dir: /home/ubuntu/slocal/m2/experiments/transfer/taux_tecno_deltak3_003_taux_tecno_deltak3_seed456
[taux][epoch 1/50] loss=3.4379  val_acc=0.3571  macroF1=0.0763  edit=2.67  segF1@50=0.17
[taux][epoch 2/50] loss=2.8439  val_acc=0.3340  macroF1=0.0715  edit=9.67  segF1@50=0.00
[taux][epoch 3/50] loss=2.6158  val_acc=0.3512  macroF1=0.0909  edit=5.73  segF1@50=0.01
[taux][epoch 4/50] loss=2.4440  val_acc=0.4218  macroF1=0.1187  edit=27.66  segF1@50=0.22
[taux][epoch 5/50] loss=2.0884  val_acc=0.6785  macroF1=0.2306  edit=19.00  segF1@50=0.17
[taux][epoch 6/50] loss=1.7206  val_acc=0.6746  macroF1=0.2295  edit=26.00  segF1@50=0.13
[taux][epoch 7/50] loss=1.6758  val_acc=0.6627  macroF1=0.2276  edit=26.90  segF1@50=0.09
[taux][epoch 8/50] loss=1.6386  val_acc=0.6515  macroF1=0.2247  edit=21.89  segF1@50=0.08
[taux][epoch 9/50] loss=1.4898  val_acc=0.6792  macroF1=0.2321  edit=35.33  segF1@50=0.24
[taux][epoch 10/50] loss=1.3105  val_acc=0.7030  macroF1=0.2954  edit=27.58  segF1@50=0.17
[taux][epoch 11/50] loss=1.2024  val_acc=0.7723  macroF1=0.3938  edit=19.22  segF1@50=0.24
[taux][epoch 12/50] loss=1.0800  val_acc=0.8013  macroF1=0.4185  edit=26.22  segF1@50=0.18
[taux][epoch 13/50] loss=1.0035  val_acc=0.7842  macroF1=0.3995  edit=24.17  segF1@50=0.17
[taux][epoch 14/50] loss=0.9468  val_acc=0.8066  macroF1=0.4316  edit=23.38  segF1@50=0.16
[taux][epoch 15/50] loss=0.8429  val_acc=0.8000  macroF1=0.4242  edit=19.24  segF1@50=0.20
[taux][epoch 16/50] loss=0.7831  val_acc=0.7980  macroF1=0.5017  edit=19.60  segF1@50=0.17
[taux][epoch 17/50] loss=0.8064  val_acc=0.8403  macroF1=0.5457  edit=22.66  segF1@50=0.25
[taux][epoch 18/50] loss=0.7111  val_acc=0.8277  macroF1=0.5325  edit=17.00  segF1@50=0.28
[taux][epoch 19/50] loss=0.6839  val_acc=0.8772  macroF1=0.6677  edit=23.92  segF1@50=0.24
[taux][epoch 20/50] loss=0.6105  val_acc=0.8759  macroF1=0.6567  edit=23.61  segF1@50=0.19
[taux][epoch 21/50] loss=0.5631  val_acc=0.8891  macroF1=0.6954  edit=27.56  segF1@50=0.20
[taux][epoch 22/50] loss=0.6210  val_acc=0.8944  macroF1=0.7209  edit=31.64  segF1@50=0.33
[taux][epoch 23/50] loss=0.5607  val_acc=0.8917  macroF1=0.6964  edit=28.63  segF1@50=0.29
[taux][epoch 24/50] loss=0.5482  val_acc=0.8898  macroF1=0.6915  edit=23.62  segF1@50=0.25
[taux][epoch 25/50] loss=0.5324  val_acc=0.9261  macroF1=0.7656  edit=27.25  segF1@50=0.30
[taux][epoch 26/50] loss=0.4846  val_acc=0.9036  macroF1=0.7124  edit=38.41  segF1@50=0.36
[taux][epoch 27/50] loss=0.4701  val_acc=0.9023  macroF1=0.7394  edit=22.17  segF1@50=0.21
[taux][epoch 28/50] loss=0.4637  val_acc=0.8990  macroF1=0.6865  edit=26.14  segF1@50=0.19
[taux][epoch 29/50] loss=0.4840  val_acc=0.9287  macroF1=0.7836  edit=26.87  segF1@50=0.32
[taux][epoch 30/50] loss=0.4834  val_acc=0.8766  macroF1=0.6904  edit=26.74  segF1@50=0.26
[taux][epoch 31/50] loss=0.4645  val_acc=0.9050  macroF1=0.7586  edit=28.43  segF1@50=0.31
[taux][epoch 32/50] loss=0.4552  val_acc=0.9175  macroF1=0.7444  edit=25.28  segF1@50=0.24
[taux][epoch 33/50] loss=0.4241  val_acc=0.9116  macroF1=0.7617  edit=27.14  segF1@50=0.24
[taux][epoch 34/50] loss=0.4088  val_acc=0.9182  macroF1=0.7422  edit=28.33  segF1@50=0.25
[taux][epoch 35/50] loss=0.3928  val_acc=0.9122  macroF1=0.7441  edit=28.19  segF1@50=0.31
[taux][epoch 36/50] loss=0.3638  val_acc=0.9043  macroF1=0.7243  edit=26.89  segF1@50=0.23
[taux][epoch 37/50] loss=0.3477  val_acc=0.9162  macroF1=0.7497  edit=27.15  segF1@50=0.30
[taux][epoch 38/50] loss=0.3237  val_acc=0.9162  macroF1=0.7540  edit=32.33  segF1@50=0.29
[taux][epoch 39/50] loss=0.3175  val_acc=0.9135  macroF1=0.7503  edit=25.70  segF1@50=0.26
[taux][epoch 40/50] loss=0.3059  val_acc=0.9162  macroF1=0.7531  edit=29.51  segF1@50=0.31
[taux][epoch 41/50] loss=0.2939  val_acc=0.9083  macroF1=0.7431  edit=33.47  segF1@50=0.35
[taux][epoch 42/50] loss=0.2930  val_acc=0.9175  macroF1=0.7578  edit=31.94  segF1@50=0.30
[taux][epoch 43/50] loss=0.2798  val_acc=0.9129  macroF1=0.7401  edit=23.78  segF1@50=0.27
[taux][epoch 44/50] loss=0.2752  val_acc=0.9089  macroF1=0.7415  edit=35.73  segF1@50=0.34
[taux][epoch 45/50] loss=0.2738  val_acc=0.9175  macroF1=0.7594  edit=30.16  segF1@50=0.27
[taux][epoch 46/50] loss=0.2678  val_acc=0.9063  macroF1=0.7320  edit=26.50  segF1@50=0.28
[taux][epoch 47/50] loss=0.2637  val_acc=0.9149  macroF1=0.7574  edit=25.53  segF1@50=0.29
[taux][epoch 48/50] loss=0.2822  val_acc=0.9149  macroF1=0.7417  edit=27.68  segF1@50=0.28
[taux][epoch 49/50] loss=0.3990  val_acc=0.8838  macroF1=0.7230  edit=29.05  segF1@50=0.27
[taux][epoch 50/50] loss=0.4165  val_acc=0.9089  macroF1=0.7597  edit=33.97  segF1@50=0.28
[taux] best @epoch 29: acc=0.9287 macroF1=0.7836
[taux] evidence written -> /home/ubuntu/slocal/m2/experiments/transfer/taux_tecno_deltak3_003_taux_tecno_deltak3_seed456
