[taux] train clips=13  val clips=3  in_dim=5888  kernel=tecno  feature=delta  k=3  target=region  region_only=False  classes=9  device=cuda
[taux] evidence dir: /home/ubuntu/slocal/m2/experiments/transfer/taux_tecno_deltak3_002_taux_tecno_deltak3_seed123
[taux][epoch 1/50] loss=3.5404  val_acc=0.4092  macroF1=0.1106  edit=20.17  segF1@50=0.13
[taux][epoch 2/50] loss=3.0014  val_acc=0.3677  macroF1=0.0768  edit=18.00  segF1@50=0.22
[taux][epoch 3/50] loss=2.7060  val_acc=0.3340  macroF1=0.0715  edit=9.67  segF1@50=0.00
[taux][epoch 4/50] loss=2.5126  val_acc=0.4317  macroF1=0.1248  edit=23.53  segF1@50=0.22
[taux][epoch 5/50] loss=2.3349  val_acc=0.6535  macroF1=0.2204  edit=20.17  segF1@50=0.12
[taux][epoch 6/50] loss=1.9412  val_acc=0.6799  macroF1=0.2306  edit=37.00  segF1@50=0.22
[taux][epoch 7/50] loss=1.7030  val_acc=0.6673  macroF1=0.2287  edit=29.10  segF1@50=0.12
[taux][epoch 8/50] loss=1.5445  val_acc=0.6772  macroF1=0.2315  edit=27.00  segF1@50=0.11
[taux][epoch 9/50] loss=1.3865  val_acc=0.6832  macroF1=0.2439  edit=36.01  segF1@50=0.25
[taux][epoch 10/50] loss=1.2982  val_acc=0.7300  macroF1=0.3112  edit=20.42  segF1@50=0.12
[taux][epoch 11/50] loss=1.1986  val_acc=0.7789  macroF1=0.3509  edit=20.88  segF1@50=0.17
[taux][epoch 12/50] loss=1.0706  val_acc=0.8000  macroF1=0.4179  edit=22.54  segF1@50=0.17
[taux][epoch 13/50] loss=0.9703  val_acc=0.8026  macroF1=0.4143  edit=25.61  segF1@50=0.22
[taux][epoch 14/50] loss=0.8927  val_acc=0.8053  macroF1=0.4166  edit=24.55  segF1@50=0.16
[taux][epoch 15/50] loss=0.8336  val_acc=0.8218  macroF1=0.4755  edit=25.79  segF1@50=0.17
[taux][epoch 16/50] loss=0.8801  val_acc=0.8277  macroF1=0.4664  edit=29.33  segF1@50=0.21
[taux][epoch 17/50] loss=0.8457  val_acc=0.8462  macroF1=0.6205  edit=20.47  segF1@50=0.16
[taux][epoch 18/50] loss=0.7397  val_acc=0.8911  macroF1=0.6675  edit=21.20  segF1@50=0.18
[taux][epoch 19/50] loss=0.6544  val_acc=0.9050  macroF1=0.6981  edit=25.56  segF1@50=0.21
[taux][epoch 20/50] loss=0.6219  val_acc=0.8964  macroF1=0.6778  edit=26.28  segF1@50=0.21
[taux][epoch 21/50] loss=0.5837  val_acc=0.9129  macroF1=0.7396  edit=31.62  segF1@50=0.28
[taux][epoch 22/50] loss=0.5546  val_acc=0.9083  macroF1=0.7087  edit=26.72  segF1@50=0.23
[taux][epoch 23/50] loss=0.5219  val_acc=0.9208  macroF1=0.7356  edit=31.83  segF1@50=0.28
[taux][epoch 24/50] loss=0.5499  val_acc=0.8997  macroF1=0.6862  edit=30.95  segF1@50=0.26
[taux][epoch 25/50] loss=0.5605  val_acc=0.9347  macroF1=0.7914  edit=35.13  segF1@50=0.34
[taux][epoch 26/50] loss=0.4857  val_acc=0.9030  macroF1=0.7109  edit=27.65  segF1@50=0.27
[taux][epoch 27/50] loss=0.4479  val_acc=0.9248  macroF1=0.7551  edit=31.83  segF1@50=0.30
[taux][epoch 28/50] loss=0.4231  val_acc=0.9168  macroF1=0.7376  edit=26.78  segF1@50=0.26
[taux][epoch 29/50] loss=0.4048  val_acc=0.9188  macroF1=0.7503  edit=31.44  segF1@50=0.33
[taux][epoch 30/50] loss=0.4094  val_acc=0.9089  macroF1=0.7211  edit=31.27  segF1@50=0.29
[taux][epoch 31/50] loss=0.4517  val_acc=0.9188  macroF1=0.7697  edit=29.07  segF1@50=0.30
[taux][epoch 32/50] loss=0.4789  val_acc=0.8964  macroF1=0.6982  edit=21.08  segF1@50=0.21
[taux][epoch 33/50] loss=0.4438  val_acc=0.9129  macroF1=0.7581  edit=27.25  segF1@50=0.37
[taux][epoch 34/50] loss=0.4319  val_acc=0.8977  macroF1=0.7130  edit=34.06  segF1@50=0.31
[taux][epoch 35/50] loss=0.3978  val_acc=0.9129  macroF1=0.7668  edit=32.32  segF1@50=0.30
[taux][epoch 36/50] loss=0.3747  val_acc=0.9102  macroF1=0.7333  edit=31.21  segF1@50=0.27
[taux][epoch 37/50] loss=0.3572  val_acc=0.9168  macroF1=0.7616  edit=28.81  segF1@50=0.30
[taux][epoch 38/50] loss=0.3354  val_acc=0.9155  macroF1=0.7459  edit=24.48  segF1@50=0.22
[taux][epoch 39/50] loss=0.3277  val_acc=0.9168  macroF1=0.7636  edit=30.51  segF1@50=0.31
[taux][epoch 40/50] loss=0.3535  val_acc=0.9036  macroF1=0.7157  edit=40.37  segF1@50=0.39
[taux][epoch 41/50] loss=0.3804  val_acc=0.9135  macroF1=0.7640  edit=29.84  segF1@50=0.33
[taux][epoch 42/50] loss=0.3797  val_acc=0.8686  macroF1=0.6536  edit=19.13  segF1@50=0.18
[taux][epoch 43/50] loss=0.3797  val_acc=0.9201  macroF1=0.7719  edit=30.05  segF1@50=0.27
[taux][epoch 44/50] loss=0.3481  val_acc=0.9023  macroF1=0.7159  edit=31.68  segF1@50=0.30
[taux][epoch 45/50] loss=0.3435  val_acc=0.9287  macroF1=0.7866  edit=29.29  segF1@50=0.28
[taux][epoch 46/50] loss=0.3402  val_acc=0.9287  macroF1=0.7823  edit=31.10  segF1@50=0.31
[taux][epoch 47/50] loss=0.3007  val_acc=0.9129  macroF1=0.7456  edit=34.08  segF1@50=0.33
[taux][epoch 48/50] loss=0.2784  val_acc=0.9261  macroF1=0.7796  edit=29.53  segF1@50=0.28
[taux][epoch 49/50] loss=0.2688  val_acc=0.9221  macroF1=0.7636  edit=24.89  segF1@50=0.25
[taux][epoch 50/50] loss=0.2598  val_acc=0.9208  macroF1=0.7688  edit=34.85  segF1@50=0.33
[taux] best @epoch 25: acc=0.9347 macroF1=0.7914
[taux] evidence written -> /home/ubuntu/slocal/m2/experiments/transfer/taux_tecno_deltak3_002_taux_tecno_deltak3_seed123
