[taux] train clips=13  val clips=3  in_dim=5888  kernel=tecno  feature=none  k=3  target=region  region_only=False  classes=9  device=cuda
[taux] evidence dir: /home/ubuntu/slocal/m2/experiments/transfer/taux_tecno_nonek3_001_taux_tecno_nonek3_seed42
[taux][epoch 1/50] loss=2.9027  val_acc=0.6535  macroF1=0.2280  edit=28.44  segF1@50=0.26
[taux][epoch 2/50] loss=1.6678  val_acc=0.6792  macroF1=0.2294  edit=25.63  segF1@50=0.18
[taux][epoch 3/50] loss=1.2504  val_acc=0.6746  macroF1=0.2270  edit=29.67  segF1@50=0.22
[taux][epoch 4/50] loss=1.0614  val_acc=0.6904  macroF1=0.2600  edit=32.78  segF1@50=0.26
[taux][epoch 5/50] loss=0.9073  val_acc=0.8462  macroF1=0.5559  edit=34.00  segF1@50=0.32
[taux][epoch 6/50] loss=0.7735  val_acc=0.9274  macroF1=0.7515  edit=43.95  segF1@50=0.49
[taux][epoch 7/50] loss=0.6513  val_acc=0.9294  macroF1=0.7591  edit=43.95  segF1@50=0.49
[taux][epoch 8/50] loss=0.5719  val_acc=0.9281  macroF1=0.7564  edit=51.74  segF1@50=0.54
[taux][epoch 9/50] loss=0.5992  val_acc=0.9340  macroF1=0.7722  edit=41.33  segF1@50=0.42
[taux][epoch 10/50] loss=0.6098  val_acc=0.9300  macroF1=0.7685  edit=53.42  segF1@50=0.55
[taux][epoch 11/50] loss=0.5032  val_acc=0.9353  macroF1=0.7810  edit=42.76  segF1@50=0.43
[taux][epoch 12/50] loss=0.4560  val_acc=0.9413  macroF1=0.7811  edit=42.86  segF1@50=0.49
[taux][epoch 13/50] loss=0.4301  val_acc=0.9366  macroF1=0.7857  edit=49.18  segF1@50=0.53
[taux][epoch 14/50] loss=0.4121  val_acc=0.9380  macroF1=0.7793  edit=34.74  segF1@50=0.37
[taux][epoch 15/50] loss=0.4022  val_acc=0.9413  macroF1=0.8014  edit=42.86  segF1@50=0.48
[taux][epoch 16/50] loss=0.4029  val_acc=0.9340  macroF1=0.7766  edit=41.01  segF1@50=0.42
[taux][epoch 17/50] loss=0.4175  val_acc=0.9465  macroF1=0.8081  edit=35.24  segF1@50=0.43
[taux][epoch 18/50] loss=0.3682  val_acc=0.9446  macroF1=0.7942  edit=35.13  segF1@50=0.43
[taux][epoch 19/50] loss=0.3507  val_acc=0.9479  macroF1=0.8030  edit=37.63  segF1@50=0.45
[taux][epoch 20/50] loss=0.3494  val_acc=0.9406  macroF1=0.7851  edit=33.92  segF1@50=0.38
[taux][epoch 21/50] loss=0.3398  val_acc=0.9406  macroF1=0.7982  edit=37.04  segF1@50=0.42
[taux][epoch 22/50] loss=0.3148  val_acc=0.9413  macroF1=0.7870  edit=32.34  segF1@50=0.39
[taux][epoch 23/50] loss=0.3513  val_acc=0.9353  macroF1=0.8005  edit=37.17  segF1@50=0.39
[taux][epoch 24/50] loss=0.3468  val_acc=0.9426  macroF1=0.7950  edit=37.01  segF1@50=0.40
[taux][epoch 25/50] loss=0.3143  val_acc=0.9452  macroF1=0.7950  edit=34.84  segF1@50=0.42
[taux][epoch 26/50] loss=0.3216  val_acc=0.9327  macroF1=0.7760  edit=40.12  segF1@50=0.40
[taux][epoch 27/50] loss=0.3239  val_acc=0.9452  macroF1=0.7977  edit=33.92  segF1@50=0.41
[taux][epoch 28/50] loss=0.2932  val_acc=0.9380  macroF1=0.7854  edit=38.52  segF1@50=0.44
[taux][epoch 29/50] loss=0.2726  val_acc=0.9439  macroF1=0.8037  edit=30.41  segF1@50=0.37
[taux][epoch 30/50] loss=0.2569  val_acc=0.9413  macroF1=0.7930  edit=29.16  segF1@50=0.34
[taux][epoch 31/50] loss=0.2479  val_acc=0.9413  macroF1=0.7978  edit=33.51  segF1@50=0.39
[taux][epoch 32/50] loss=0.2402  val_acc=0.9426  macroF1=0.7972  edit=30.34  segF1@50=0.37
[taux][epoch 33/50] loss=0.2307  val_acc=0.9439  macroF1=0.7986  edit=30.00  segF1@50=0.38
[taux][epoch 34/50] loss=0.2264  val_acc=0.9413  macroF1=0.7958  edit=30.00  segF1@50=0.37
[taux][epoch 35/50] loss=0.2231  val_acc=0.9446  macroF1=0.7997  edit=29.67  segF1@50=0.37
[taux][epoch 36/50] loss=0.2171  val_acc=0.9446  macroF1=0.7974  edit=32.19  segF1@50=0.39
[taux][epoch 37/50] loss=0.2139  val_acc=0.9432  macroF1=0.8033  edit=30.69  segF1@50=0.37
[taux][epoch 38/50] loss=0.2103  val_acc=0.9413  macroF1=0.7931  edit=30.09  segF1@50=0.37
[taux][epoch 39/50] loss=0.2077  val_acc=0.9465  macroF1=0.7990  edit=36.30  segF1@50=0.43
[taux][epoch 40/50] loss=0.2094  val_acc=0.9432  macroF1=0.7945  edit=30.84  segF1@50=0.38
[taux][epoch 41/50] loss=0.2149  val_acc=0.9360  macroF1=0.7943  edit=28.29  segF1@50=0.31
[taux][epoch 42/50] loss=0.2573  val_acc=0.9314  macroF1=0.7728  edit=29.54  segF1@50=0.35
[taux][epoch 43/50] loss=0.3738  val_acc=0.9459  macroF1=0.8015  edit=41.85  segF1@50=0.48
[taux][epoch 44/50] loss=0.2980  val_acc=0.9432  macroF1=0.8028  edit=30.31  segF1@50=0.37
[taux][epoch 45/50] loss=0.2679  val_acc=0.9432  macroF1=0.7921  edit=28.66  segF1@50=0.32
[taux][epoch 46/50] loss=0.2348  val_acc=0.9380  macroF1=0.7890  edit=33.60  segF1@50=0.37
[taux][epoch 47/50] loss=0.2836  val_acc=0.9426  macroF1=0.8061  edit=35.88  segF1@50=0.41
[taux][epoch 48/50] loss=0.2742  val_acc=0.9267  macroF1=0.7671  edit=35.45  segF1@50=0.36
[taux][epoch 49/50] loss=0.2648  val_acc=0.9426  macroF1=0.8031  edit=27.78  segF1@50=0.33
[taux][epoch 50/50] loss=0.2192  val_acc=0.9446  macroF1=0.8028  edit=30.10  segF1@50=0.35
[taux] best @epoch 19: acc=0.9479 macroF1=0.8030
[taux] evidence written -> /home/ubuntu/slocal/m2/experiments/transfer/taux_tecno_nonek3_001_taux_tecno_nonek3_seed42
