/home/ubuntu/slocal/m2/.venv-relation-detr/lib/python3.11/site-packages/albumentations/core/validation.py:114: UserWarning: ShiftScaleRotate is a special case of Affine transform. Please use Affine transform instead.
  original_init(self, **validated_kwargs)
/home/ubuntu/slocal/m2/third_party/Relation-DETR/transforms/presets.py:109: UserWarning: Argument(s) 'value' are not valid for transform ShiftScaleRotate
  A.ShiftScaleRotate(
/home/ubuntu/slocal/m2/third_party/Relation-DETR/transforms/presets.py:140: UserWarning: Argument(s) 'quality_lower, quality_upper' are not valid for transform ImageCompression
  A.ImageCompression(quality_lower=85, quality_upper=95, p=0.2),
/home/ubuntu/slocal/m2/third_party/Relation-DETR/transforms/presets.py:195: UserWarning: Argument(s) 'value' are not valid for transform ShiftScaleRotate
  A.ShiftScaleRotate(
/home/ubuntu/slocal/m2/third_party/Relation-DETR/transforms/presets.py:226: UserWarning: Argument(s) 'quality_lower, quality_upper' are not valid for transform ImageCompression
  A.ImageCompression(quality_lower=85, quality_upper=95, p=0.2),
Using /home/ubuntu/.cache/torch_extensions/py311_cu118 as PyTorch extensions root...
Detected CUDA files, patching ldflags
Emitting ninja build file /home/ubuntu/.cache/torch_extensions/py311_cu118/MultiScaleDeformableAttention/build.ninja...
Building extension module MultiScaleDeformableAttention...
Allowing ninja to set a default number of workers... (overridable by setting the environment variable MAX_JOBS=N)
loading annotations into memory...
Done (t=0.40s)
creating index...
index created!
Using [0, 0.5, 0.6299605249474365, 0.7937005259840997, 1.0, 1.259921049894873, 1.5874010519681991, 2.0, inf] as bins for aspect ratio quantization
Count of instances per bin: [9618]
loading annotations into memory...
Done (t=0.03s)
creating index...
index created!
ninja: no work to do.
Loading extension module MultiScaleDeformableAttention...
/home/ubuntu/slocal/m2/.venv-relation-detr/lib/python3.11/site-packages/torch/overrides.py:110: UserWarning: 'has_cuda' is deprecated, please use 'torch.backends.cuda.is_built()'
  torch.has_cuda,
/home/ubuntu/slocal/m2/.venv-relation-detr/lib/python3.11/site-packages/torch/overrides.py:111: UserWarning: 'has_cudnn' is deprecated, please use 'torch.backends.cudnn.is_available()'
  torch.has_cudnn,
/home/ubuntu/slocal/m2/.venv-relation-detr/lib/python3.11/site-packages/torch/overrides.py:117: UserWarning: 'has_mps' is deprecated, please use 'torch.backends.mps.is_built()'
  torch.has_mps,
/home/ubuntu/slocal/m2/.venv-relation-detr/lib/python3.11/site-packages/torch/overrides.py:118: UserWarning: 'has_mkldnn' is deprecated, please use 'torch.backends.mkldnn.is_available()'
  torch.has_mkldnn,
The model and loaded state dict do not match exactly
Missing keys: transformer.decoder.layers.0.phase_norm.weight, transformer.decoder.layers.0.phase_norm.bias, transformer.decoder.layers.0.phase_attn.in_proj_weight, transformer.decoder.layers.0.phase_attn.in_proj_bias, transformer.decoder.layers.0.phase_attn.out_proj.weight, transformer.decoder.layers.0.phase_attn.out_proj.bias, transformer.decoder.layers.1.phase_norm.weight, transformer.decoder.layers.1.phase_norm.bias, transformer.decoder.layers.1.phase_attn.in_proj_weight, transformer.decoder.layers.1.phase_attn.in_proj_bias, transformer.decoder.layers.1.phase_attn.out_proj.weight, transformer.decoder.layers.1.phase_attn.out_proj.bias, transformer.decoder.layers.2.phase_norm.weight, transformer.decoder.layers.2.phase_norm.bias, transformer.decoder.layers.2.phase_attn.in_proj_weight, transformer.decoder.layers.2.phase_attn.in_proj_bias, transformer.decoder.layers.2.phase_attn.out_proj.weight, transformer.decoder.layers.2.phase_attn.out_proj.bias, transformer.decoder.layers.3.phase_norm.weight, transformer.decoder.layers.3.phase_norm.bias, transformer.decoder.layers.3.phase_attn.in_proj_weight, transformer.decoder.layers.3.phase_attn.in_proj_bias, transformer.decoder.layers.3.phase_attn.out_proj.weight, transformer.decoder.layers.3.phase_attn.out_proj.bias, transformer.decoder.layers.4.phase_norm.weight, transformer.decoder.layers.4.phase_norm.bias, transformer.decoder.layers.4.phase_attn.in_proj_weight, transformer.decoder.layers.4.phase_attn.in_proj_bias, transformer.decoder.layers.4.phase_attn.out_proj.weight, transformer.decoder.layers.4.phase_attn.out_proj.bias, transformer.decoder.layers.5.phase_norm.weight, transformer.decoder.layers.5.phase_norm.bias, transformer.decoder.layers.5.phase_attn.in_proj_weight, transformer.decoder.layers.5.phase_attn.in_proj_bias, transformer.decoder.layers.5.phase_attn.out_proj.weight, transformer.decoder.layers.5.phase_attn.out_proj.bias, phase_proto.weight

[t1b] warm-start from /home/ubuntu/slocal/m2/third_party/Relation-DETR/checkpoints/incoming/seed42/best_ap.pth
[t1b] seed=42 inject=camt trainable=film zero_ctx=True det_steps/ep=4809 phase_params=1584384 total_trainable=1584384 miss_ctx(tr/va)=0/0 work=/tmp/t1b_camt_zeroctx_seed42
Accumulating evaluation results...
DONE (t=5.06s).
[t1b] warm-start init mAP=0.7303 (S0-frozen 水準なら warm-start+恒等 OK)
[t1b][ep0 0/4809] L=22.651 1.6it/s eta_ep=50m
[t1b][ep0 200/4809] L=16.565 2.5it/s eta_ep=31m
[t1b][ep0 400/4809] L=10.411 2.5it/s eta_ep=29m
[t1b][ep0 600/4809] L=9.195 2.6it/s eta_ep=27m
[t1b][ep0 800/4809] L=4.718 2.6it/s eta_ep=26m
[t1b][ep0 1000/4809] L=14.041 2.6it/s eta_ep=24m
[t1b][ep0 1200/4809] L=12.671 2.6it/s eta_ep=23m
[t1b][ep0 1400/4809] L=8.754 2.6it/s eta_ep=22m
[t1b][ep0 1600/4809] L=20.860 2.6it/s eta_ep=20m
[t1b][ep0 1800/4809] L=9.900 2.6it/s eta_ep=19m
[t1b][ep0 2000/4809] L=11.045 2.6it/s eta_ep=18m
[t1b][ep0 2200/4809] L=17.641 2.6it/s eta_ep=17m
[t1b][ep0 2400/4809] L=10.462 2.6it/s eta_ep=15m
[t1b][ep0 2600/4809] L=10.366 2.6it/s eta_ep=14m
[t1b][ep0 2800/4809] L=11.271 2.6it/s eta_ep=13m
[t1b][ep0 3000/4809] L=7.491 2.6it/s eta_ep=11m
[t1b][ep0 3200/4809] L=15.653 2.6it/s eta_ep=10m
[t1b][ep0 3400/4809] L=15.566 2.6it/s eta_ep=9m
[t1b][ep0 3600/4809] L=9.301 2.6it/s eta_ep=8m
[t1b][ep0 3800/4809] L=13.117 2.6it/s eta_ep=6m
[t1b][ep0 4000/4809] L=24.712 2.6it/s eta_ep=5m
[t1b][ep0 4200/4809] L=18.362 2.6it/s eta_ep=4m
[t1b][ep0 4400/4809] L=19.133 2.6it/s eta_ep=3m
[t1b][ep0 4600/4809] L=13.683 2.6it/s eta_ep=1m
[t1b][ep0 4800/4809] L=15.659 2.6it/s eta_ep=0m
Accumulating evaluation results...
DONE (t=4.50s).
[t1b][ep0] val mAP=0.7291
[t1b][ep1 0/4809] L=11.821 2.2it/s eta_ep=37m
[t1b][ep1 200/4809] L=12.798 2.6it/s eta_ep=30m
[t1b][ep1 400/4809] L=12.979 2.5it/s eta_ep=29m
[t1b][ep1 600/4809] L=22.957 2.5it/s eta_ep=28m
[t1b][ep1 800/4809] L=9.225 2.6it/s eta_ep=26m
[t1b][ep1 1000/4809] L=22.512 2.6it/s eta_ep=25m
[t1b][ep1 1200/4809] L=28.442 2.6it/s eta_ep=23m
[t1b][ep1 1400/4809] L=11.725 2.6it/s eta_ep=22m
[t1b][ep1 1600/4809] L=9.302 2.6it/s eta_ep=21m
[t1b][ep1 1800/4809] L=19.344 2.6it/s eta_ep=19m
[t1b][ep1 2000/4809] L=23.223 2.6it/s eta_ep=18m
[t1b][ep1 2200/4809] L=5.362 2.6it/s eta_ep=17m
[t1b][ep1 2400/4809] L=8.932 2.6it/s eta_ep=15m
[t1b][ep1 2600/4809] L=12.693 2.6it/s eta_ep=14m
[t1b][ep1 2800/4809] L=11.562 2.6it/s eta_ep=13m
[t1b][ep1 3000/4809] L=16.181 2.6it/s eta_ep=12m
[t1b][ep1 3200/4809] L=13.829 2.6it/s eta_ep=10m
[t1b][ep1 3400/4809] L=8.741 2.6it/s eta_ep=9m
[t1b][ep1 3600/4809] L=12.551 2.6it/s eta_ep=8m
[t1b][ep1 3800/4809] L=10.076 2.6it/s eta_ep=6m
[t1b][ep1 4000/4809] L=11.594 2.6it/s eta_ep=5m
[t1b][ep1 4200/4809] L=14.522 2.6it/s eta_ep=4m
[t1b][ep1 4400/4809] L=15.564 2.6it/s eta_ep=3m
[t1b][ep1 4600/4809] L=11.273 2.6it/s eta_ep=1m
[t1b][ep1 4800/4809] L=12.882 2.6it/s eta_ep=0m
Accumulating evaluation results...
DONE (t=4.75s).
[t1b][ep1] val mAP=0.7293
[t1b][ep2 0/4809] L=12.377 2.2it/s eta_ep=36m
[t1b][ep2 200/4809] L=8.811 2.6it/s eta_ep=30m
[t1b][ep2 400/4809] L=22.169 2.6it/s eta_ep=28m
[t1b][ep2 600/4809] L=15.988 2.6it/s eta_ep=27m
[t1b][ep2 800/4809] L=23.715 2.6it/s eta_ep=26m
[t1b][ep2 1000/4809] L=15.678 2.6it/s eta_ep=25m
[t1b][ep2 1200/4809] L=18.891 2.6it/s eta_ep=23m
[t1b][ep2 1400/4809] L=13.106 2.6it/s eta_ep=22m
[t1b][ep2 1600/4809] L=14.693 2.6it/s eta_ep=21m
[t1b][ep2 1800/4809] L=21.454 2.6it/s eta_ep=19m
[t1b][ep2 2000/4809] L=13.478 2.6it/s eta_ep=18m
[t1b][ep2 2200/4809] L=14.339 2.6it/s eta_ep=17m
[t1b][ep2 2400/4809] L=23.660 2.6it/s eta_ep=16m
[t1b][ep2 2600/4809] L=16.276 2.6it/s eta_ep=14m
[t1b][ep2 2800/4809] L=14.788 2.6it/s eta_ep=13m
[t1b][ep2 3000/4809] L=17.981 2.6it/s eta_ep=12m
[t1b][ep2 3200/4809] L=8.841 2.6it/s eta_ep=10m
[t1b][ep2 3400/4809] L=6.976 2.6it/s eta_ep=9m
[t1b][ep2 3600/4809] L=7.953 2.6it/s eta_ep=8m
[t1b][ep2 3800/4809] L=16.649 2.6it/s eta_ep=7m
[t1b][ep2 4000/4809] L=11.240 2.6it/s eta_ep=5m
[t1b][ep2 4200/4809] L=18.491 2.6it/s eta_ep=4m
[t1b][ep2 4400/4809] L=20.807 2.6it/s eta_ep=3m
[t1b][ep2 4600/4809] L=16.201 2.6it/s eta_ep=1m
[t1b][ep2 4800/4809] L=10.287 2.6it/s eta_ep=0m
Accumulating evaluation results...
DONE (t=4.23s).
[t1b][ep2] val mAP=0.7290
[t1b][ep3 0/4809] L=10.594 2.2it/s eta_ep=36m
[t1b][ep3 200/4809] L=10.210 2.6it/s eta_ep=29m
[t1b][ep3 400/4809] L=12.310 2.6it/s eta_ep=28m
[t1b][ep3 600/4809] L=16.017 2.6it/s eta_ep=27m
[t1b][ep3 800/4809] L=6.791 2.6it/s eta_ep=26m
[t1b][ep3 1000/4809] L=9.835 2.6it/s eta_ep=24m
[t1b][ep3 1200/4809] L=20.311 2.6it/s eta_ep=23m
[t1b][ep3 1400/4809] L=18.554 2.6it/s eta_ep=22m
[t1b][ep3 1600/4809] L=23.020 2.6it/s eta_ep=21m
[t1b][ep3 1800/4809] L=20.734 2.6it/s eta_ep=19m
[t1b][ep3 2000/4809] L=15.140 2.6it/s eta_ep=18m
[t1b][ep3 2200/4809] L=18.759 2.6it/s eta_ep=17m
[t1b][ep3 2400/4809] L=18.572 2.6it/s eta_ep=16m
[t1b][ep3 2600/4809] L=20.364 2.6it/s eta_ep=14m
[t1b][ep3 2800/4809] L=15.400 2.6it/s eta_ep=13m
[t1b][ep3 3000/4809] L=20.398 2.6it/s eta_ep=12m
[t1b][ep3 3200/4809] L=12.516 2.6it/s eta_ep=10m
[t1b][ep3 3400/4809] L=15.594 2.6it/s eta_ep=9m
[t1b][ep3 3600/4809] L=17.523 2.6it/s eta_ep=8m
[t1b][ep3 3800/4809] L=11.745 2.6it/s eta_ep=7m
[t1b][ep3 4000/4809] L=17.310 2.6it/s eta_ep=5m
[t1b][ep3 4200/4809] L=17.690 2.6it/s eta_ep=4m
[t1b][ep3 4400/4809] L=16.501 2.6it/s eta_ep=3m
[t1b][ep3 4600/4809] L=8.829 2.6it/s eta_ep=1m
[t1b][ep3 4800/4809] L=25.361 2.6it/s eta_ep=0m
Accumulating evaluation results...
DONE (t=4.18s).
[t1b][ep3] val mAP=0.7291
[t1b][ep4 0/4809] L=9.118 1.9it/s eta_ep=42m
[t1b][ep4 200/4809] L=12.724 2.5it/s eta_ep=30m
[t1b][ep4 400/4809] L=14.799 2.5it/s eta_ep=29m
[t1b][ep4 600/4809] L=14.428 2.5it/s eta_ep=28m
[t1b][ep4 800/4809] L=8.563 2.5it/s eta_ep=26m
[t1b][ep4 1000/4809] L=15.394 2.5it/s eta_ep=25m
[t1b][ep4 1200/4809] L=18.140 2.5it/s eta_ep=24m
[t1b][ep4 1400/4809] L=13.336 2.5it/s eta_ep=22m
[t1b][ep4 1600/4809] L=21.210 2.5it/s eta_ep=21m
[t1b][ep4 1800/4809] L=14.481 2.5it/s eta_ep=20m
[t1b][ep4 2000/4809] L=27.258 2.5it/s eta_ep=18m
[t1b][ep4 2200/4809] L=17.930 2.5it/s eta_ep=17m
[t1b][ep4 2400/4809] L=21.345 2.5it/s eta_ep=16m
[t1b][ep4 2600/4809] L=15.679 2.5it/s eta_ep=15m
[t1b][ep4 2800/4809] L=6.904 2.5it/s eta_ep=13m
[t1b][ep4 3000/4809] L=12.712 2.5it/s eta_ep=12m
[t1b][ep4 3200/4809] L=38.551 2.5it/s eta_ep=11m
[t1b][ep4 3400/4809] L=15.276 2.5it/s eta_ep=9m
[t1b][ep4 3600/4809] L=10.403 2.5it/s eta_ep=8m
[t1b][ep4 3800/4809] L=20.353 2.5it/s eta_ep=7m
[t1b][ep4 4000/4809] L=29.930 2.5it/s eta_ep=5m
[t1b][ep4 4200/4809] L=20.299 2.5it/s eta_ep=4m
[t1b][ep4 4400/4809] L=17.642 2.5it/s eta_ep=3m
[t1b][ep4 4600/4809] L=17.480 2.5it/s eta_ep=1m
[t1b][ep4 4800/4809] L=16.953 2.5it/s eta_ep=0m
Accumulating evaluation results...
DONE (t=4.33s).
[t1b][ep4] val mAP=0.7293
[t1b][ep5 0/4809] L=17.792 2.1it/s eta_ep=38m
[t1b][ep5 200/4809] L=14.406 2.5it/s eta_ep=30m
[t1b][ep5 400/4809] L=12.869 2.5it/s eta_ep=29m
[t1b][ep5 600/4809] L=12.320 2.5it/s eta_ep=28m
[t1b][ep5 800/4809] L=24.812 2.5it/s eta_ep=26m
[t1b][ep5 1000/4809] L=9.842 2.5it/s eta_ep=25m
[t1b][ep5 1200/4809] L=8.586 2.5it/s eta_ep=24m
[t1b][ep5 1400/4809] L=31.366 2.5it/s eta_ep=22m
[t1b][ep5 1600/4809] L=21.307 2.5it/s eta_ep=21m
[t1b][ep5 1800/4809] L=11.983 2.5it/s eta_ep=20m
[t1b][ep5 2000/4809] L=13.247 2.5it/s eta_ep=19m
[t1b][ep5 2200/4809] L=33.609 2.5it/s eta_ep=17m
[t1b][ep5 2400/4809] L=16.378 2.5it/s eta_ep=16m
[t1b][ep5 2600/4809] L=14.314 2.5it/s eta_ep=15m
[t1b][ep5 2800/4809] L=15.306 2.5it/s eta_ep=13m
[t1b][ep5 3000/4809] L=13.758 2.5it/s eta_ep=12m
[t1b][ep5 3200/4809] L=6.055 2.5it/s eta_ep=11m
[t1b][ep5 3400/4809] L=9.096 2.5it/s eta_ep=9m
[t1b][ep5 3600/4809] L=18.806 2.5it/s eta_ep=8m
[t1b][ep5 3800/4809] L=9.892 2.5it/s eta_ep=7m
[t1b][ep5 4000/4809] L=17.032 2.5it/s eta_ep=5m
[t1b][ep5 4200/4809] L=16.416 2.5it/s eta_ep=4m
[t1b][ep5 4400/4809] L=17.991 2.5it/s eta_ep=3m
[t1b][ep5 4600/4809] L=13.455 2.5it/s eta_ep=1m
[t1b][ep5 4800/4809] L=16.972 2.5it/s eta_ep=0m
Accumulating evaluation results...
DONE (t=4.18s).
[t1b][ep5] val mAP=0.7292
[t1b] DONE best@ep-1 mAP=0.7303 (init 0.7303) -> /tmp/t1b_camt_zeroctx_seed42
