====================================================================================================
 M2 レポート   runs=72/72
====================================================================================================
  commit: ['50bbba6a26ffa0aa12728d887ac3619793b28199'] 単一=True   host: ['lecun'] 単一=True
  拡張 False: なし   履歴欠落: なし   started_at ユニーク: 72
  決定性制御: [False]（事前登録どおり無効）

====================================================================================================
 規則の val 安定性（val のみ。test 不使用）
====================================================================================================
  rule      val_metric_sd(mean)      (max)  epoch_spread  epoch_sd
  R-acc                0.000979   0.002499          7.08      3.92
  R-last               0.002439   0.007301          0.00      0.00
  R-loss               0.001042   0.004122          2.17      1.23
  R-mf1                0.001666   0.004395          9.25      5.06
  R-topk               0.000900   0.001746          6.33      3.40 ★
  -> 採用: R-topk（最小 val_metric_sd=0.000900, 同点=['R-topk'], 優先順使用=False）
  -> R-acc 比: 0.920  判定: RULE_INEFFECTIVE 相当（半分以下でない）

====================================================================================================
 val 曲線の平坦さ（M1-2 相当）
====================================================================================================
  metric            top1-top2 gap(mean)   (median)    ±0.001内epoch数       後半sd
  val_accuracy                 0.001146   0.000660             2.22   0.004741
  val_loss                     0.020964   0.014715             1.04   0.059954
  val_macro_f1                 0.002245   0.001490             1.56   0.008926

====================================================================================================
 分散分解: R-acc（適用前）vs R-topk（適用後）  同一 72 run から算出
====================================================================================================
  val  phase_accuracy   ICC: R-acc=0.4913 -> R-topk=0.5164   within>between の系統数: 3/8 -> 3/8
  val  phase_macro_f1   ICC: R-acc=0.3988 -> R-topk=0.4630   within>between の系統数: 5/8 -> 3/8
  test phase_accuracy   ICC: R-acc=0.4807 -> R-topk=0.4135   within>between の系統数: 4/8 -> 4/8
  test phase_macro_f1   ICC: R-acc=0.6225 -> R-topk=0.6714   within>between の系統数: 3/8 -> 2/8

====================================================================================================
 6 対比の判定（規則 R-topk、n=9 = 3 seed x 3 反復）
====================================================================================================

  --- split=val  動画 ['09', '10'] ---

  [2-1] bboxROI - base  (ROI チャネル追加)
    metric                diff       SE     df        p                  95%CI           符号     判定
   *incision          +0.0178  0.00200  13.89   0.0000      [+0.0135,+0.0221]       2/2同符号     超過
   *hemostasis        +0.1528  0.01076  10.52   0.0000      [+0.1290,+0.1767]    +1/-0/0:1     超過
   *closure           +0.0122  0.00063  15.92   0.0000      [+0.0108,+0.0135]    +1/-0/0:1     超過
    phase_accuracy    +0.0180  0.00055  13.95   0.0000      [+0.0169,+0.0192]       2/2同符号     超過
    phase_macro_f1    +0.0296  0.00163  12.38   0.0000      [+0.0260,+0.0331]       2/2同符号     超過

  [3-2] maskROI - bboxROI  (術具マスク（背景除去）)
    metric                diff       SE     df        p                  95%CI           符号     判定
   *incision          -0.0013  0.00146  15.69   0.3929      [-0.0044,+0.0018]    +1/-1/0:0      -
   *hemostasis        +0.0055  0.00662  14.95   0.4172      [-0.0086,+0.0196]    +1/-0/0:1      -
   *closure           -0.0026  0.00087  12.60   0.0112      [-0.0045,-0.0007]    +0/-1/0:1     超過
    phase_accuracy    -0.0001  0.00065  16.00   0.9110      [-0.0014,+0.0013]    +1/-1/0:0      -
    phase_macro_f1    +0.0005  0.00111  16.00   0.6358      [-0.0018,+0.0029]       2/2同符号      -

  [4-2] randROI - bboxROI  (形 vs 画素数)
    metric                diff       SE     df        p                  95%CI           符号     判定
   *incision          -0.0003  0.00240  12.02   0.9027      [-0.0055,+0.0049]    +1/-1/0:0      -
   *hemostasis        -0.0033  0.00444  11.44   0.4729      [-0.0130,+0.0064]    +0/-1/0:1      -
   *closure           -0.0017  0.00095  11.80   0.0948      [-0.0038,+0.0003]    +0/-1/0:1      -
    phase_accuracy    -0.0004  0.00078  14.60   0.5823      [-0.0021,+0.0012]       2/2同符号      -
    phase_macro_f1    -0.0006  0.00101  15.36   0.5591      [-0.0027,+0.0015]       2/2同符号      -

  [5-1] shuffleROI - base  (次元の交絡（シャッフル対照）)
    metric                diff       SE     df        p                  95%CI           符号     判定
   *incision          -0.0045  0.00228  15.92   0.0683      [-0.0093,+0.0004]       2/2同符号      -
   *hemostasis        -0.0114  0.01143  12.54   0.3379      [-0.0362,+0.0134]    +0/-1/0:1      -
   *closure           +0.0000  0.00069  15.83   0.9819      [-0.0014,+0.0015]    +0/-1/0:1      -
    phase_accuracy    -0.0014  0.00054  14.29   0.0208      [-0.0025,-0.0002]    +1/-1/0:0     超過
    phase_macro_f1    -0.0025  0.00184  15.32   0.2003      [-0.0064,+0.0015]    +1/-1/0:0      -

  [2-5] bboxROI - shuffleROI  (ROI 情報の正味の効果)
    metric                diff       SE     df        p                  95%CI           符号     判定
   *incision          +0.0223  0.00191  14.44   0.0000      [+0.0182,+0.0264]       2/2同符号     超過
   *hemostasis        +0.1642  0.00686  14.54   0.0000      [+0.1496,+0.1789]    +1/-0/0:1     超過
   *closure           +0.0121  0.00067  15.54   0.0000      [+0.0107,+0.0136]    +1/-0/0:1     超過
    phase_accuracy    +0.0194  0.00064  15.97   0.0000      [+0.0181,+0.0208]       2/2同符号     超過
    phase_macro_f1    +0.0321  0.00140  14.06   0.0000      [+0.0291,+0.0350]       2/2同符号     超過

  [8-7] handROImask2 - handROIbbox2  (手マスク)
    metric                diff       SE     df        p                  95%CI           符号     判定
   *incision          -0.0021  0.00158  16.00   0.1932      [-0.0055,+0.0012]    +1/-1/0:0      -
   *hemostasis        -0.0068  0.01029  15.35   0.5171      [-0.0287,+0.0151]    +0/-1/0:1      -
   *closure           +0.0004  0.00112  12.67   0.7169      [-0.0020,+0.0028]    +1/-0/0:1      -
    phase_accuracy    -0.0014  0.00085  15.96   0.1190      [-0.0032,+0.0004]       2/2同符号      -
    phase_macro_f1    -0.0019  0.00171  14.73   0.2737      [-0.0056,+0.0017]       2/2同符号      -
    --- mask≠bbox 部分集合（主判定）: 1344/1515 (0.8871） ---
   *incision          -0.0022  0.00151          0.1659      [-0.0054,+0.0010]    +1/-1/0:0      -
   *hemostasis        -0.0025  0.00930          0.7894      [-0.0223,+0.0172]    +0/-1/0:1      -
   *closure           +0.0001  0.00109          0.9500      [-0.0023,+0.0024]    +1/-0/0:1      -
    phase_accuracy    -0.0013  0.00094          0.1801      [-0.0033,+0.0007]       2/2同符号      -
    phase_macro_f1    -0.0015  0.00180          0.4167      [-0.0053,+0.0023]       2/2同符号      -

  [9-2] bboxROI_handROIbbox2 - bboxROI  (術具 ROI ＋ 手 ROI)
    metric                diff       SE     df        p                  95%CI           符号     判定
   *incision          +0.0033  0.00210  13.33   0.1411      [-0.0012,+0.0078]       2/2同符号      -
   *hemostasis        +0.0021  0.00518  15.38   0.6963      [-0.0090,+0.0131]    +1/-0/0:1      -
   *closure           -0.0007  0.00113  10.62   0.5231      [-0.0032,+0.0017]    +0/-1/0:1      -
    phase_accuracy    +0.0001  0.00064  15.99   0.9107      [-0.0013,+0.0014]    +1/-1/0:0      -
    phase_macro_f1    +0.0008  0.00098  14.80   0.4504      [-0.0013,+0.0028]       2/2同符号      -

  --- split=test  動画 ['04', '05', '07'] ---

  [2-1] bboxROI - base  (ROI チャネル追加)
    metric                diff       SE     df        p                  95%CI           符号     判定
   *incision          +0.0403  0.00753  15.02   0.0001      [+0.0243,+0.0563]       3/3同符号     超過
   *hemostasis        +0.0525  0.01367  10.64   0.0029      [+0.0223,+0.0827]    +2/-0/0:1     超過
   *closure           +0.0403  0.00233  15.19   0.0000      [+0.0354,+0.0453]       3/3同符号     超過
    phase_accuracy    +0.0596  0.00351  13.81   0.0000      [+0.0521,+0.0672]       3/3同符号     超過
    phase_macro_f1    +0.0525  0.00910  11.93   0.0001      [+0.0327,+0.0724]       3/3同符号     超過

  [3-2] maskROI - bboxROI  (術具マスク（背景除去）)
    metric                diff       SE     df        p                  95%CI           符号     判定
   *incision          -0.0068  0.00683  12.53   0.3384      [-0.0216,+0.0080]    +1/-2/0:0      -
   *hemostasis        -0.0028  0.01477  13.17   0.8534      [-0.0347,+0.0291]    +0/-2/0:1      -
   *closure           +0.0021  0.00208  12.45   0.3259      [-0.0024,+0.0067]    +2/-1/0:0      -
    phase_accuracy    +0.0025  0.00253  15.59   0.3324      [-0.0028,+0.0079]    +2/-1/0:0      -
    phase_macro_f1    -0.0058  0.00489  13.41   0.2540      [-0.0164,+0.0047]    +1/-2/0:0      -

  [4-2] randROI - bboxROI  (形 vs 画素数)
    metric                diff       SE     df        p                  95%CI           符号     判定
   *incision          -0.0141  0.00874  15.92   0.1257      [-0.0327,+0.0044]    +1/-2/0:0      -
   *hemostasis        +0.0008  0.01569  14.69   0.9597      [-0.0327,+0.0343]    +1/-1/0:1      -
   *closure           -0.0005  0.00279  15.67   0.8646      [-0.0064,+0.0054]    +1/-2/0:0      -
    phase_accuracy    -0.0011  0.00375  13.07   0.7699      [-0.0092,+0.0070]    +1/-2/0:0      -
    phase_macro_f1    -0.0072  0.00544  15.58   0.2034      [-0.0188,+0.0043]       3/3同符号      -

  [5-1] shuffleROI - base  (次元の交絡（シャッフル対照）)
    metric                diff       SE     df        p                  95%CI           符号     判定
   *incision          +0.0176  0.00494  10.45   0.0048      [+0.0067,+0.0285]    +2/-1/0:0     超過
   *hemostasis        -0.0001  0.01427  10.41   0.9926      [-0.0318,+0.0315]    +1/-1/0:1      -
   *closure           +0.0027  0.00197  15.93   0.1867      [-0.0015,+0.0069]    +2/-1/0:0      -
    phase_accuracy    +0.0054  0.00338  12.72   0.1333      [-0.0019,+0.0127]    +2/-1/0:0      -
    phase_macro_f1    +0.0110  0.00911  11.96   0.2523      [-0.0089,+0.0308]    +2/-1/0:0      -

  [2-5] bboxROI - shuffleROI  (ROI 情報の正味の効果)
    metric                diff       SE     df        p                  95%CI           符号     判定
   *incision          +0.0227  0.00624   9.47   0.0050      [+0.0087,+0.0367]    +2/-1/0:0     超過
   *hemostasis        +0.0526  0.01833  15.96   0.0111      [+0.0138,+0.0915]    +2/-0/0:1     超過
   *closure           +0.0376  0.00227  14.72   0.0000      [+0.0327,+0.0424]       3/3同符号     超過
    phase_accuracy    +0.0542  0.00255  15.70   0.0000      [+0.0488,+0.0596]       3/3同符号     超過
    phase_macro_f1    +0.0416  0.00588  16.00   0.0000      [+0.0291,+0.0540]       3/3同符号     超過

  [8-7] handROImask2 - handROIbbox2  (手マスク)
    metric                diff       SE     df        p                  95%CI           符号     判定
   *incision          -0.0055  0.00413  15.97   0.1978      [-0.0143,+0.0032]    +1/-2/0:0      -
   *hemostasis        +0.0142  0.00677  11.46   0.0587      [-0.0006,+0.0290]    +2/-0/0:1      -
   *closure           +0.0055  0.00220  16.00   0.0245      [+0.0008,+0.0101]    +2/-1/0:0     超過
    phase_accuracy    +0.0079  0.00297  15.17   0.0177      [+0.0016,+0.0142]    +2/-1/0:0     超過
    phase_macro_f1    +0.0070  0.00594  16.00   0.2583      [-0.0056,+0.0196]       3/3同符号      -
    --- mask≠bbox 部分集合（主判定）: 2093/4265 (0.4907） ---
   *incision          -0.0088  0.00520          0.1166      [-0.0200,+0.0025]    +0/-2/0:1      -
   *hemostasis        +0.0148  0.01078          0.1947      [-0.0087,+0.0384]    +1/-0/0:2      -
   *closure           +0.0122  0.00468          0.0188      [+0.0023,+0.0222]    +2/-0/0:1     超過
    phase_accuracy    +0.0145  0.00574          0.0225      [+0.0023,+0.0267]    +2/-0/0:1     超過
    phase_macro_f1    +0.0131  0.00648          0.0609      [-0.0007,+0.0269]    +2/-0/0:1      -

  [9-2] bboxROI_handROIbbox2 - bboxROI  (術具 ROI ＋ 手 ROI)
    metric                diff       SE     df        p                  95%CI           符号     判定
   *incision          +0.0072  0.00650  10.91   0.2890      [-0.0071,+0.0216]    +2/-1/0:0      -
   *hemostasis        +0.0213  0.01465  12.93   0.1690      [-0.0103,+0.0530]    +0/-2/0:1      -
   *closure           +0.0052  0.00328  13.99   0.1364      [-0.0019,+0.0122]    +2/-1/0:0      -
    phase_accuracy    +0.0108  0.00385  12.80   0.0152      [+0.0025,+0.0191]    +2/-1/0:0     超過
    phase_macro_f1    +0.0144  0.00447  10.54   0.0087      [+0.0045,+0.0243]    +2/-1/0:0     超過
