/home/ubuntu/slocal/m2/.venv-relation-detr/lib/python3.11/site-packages/albumentations/core/validation.py:114: UserWarning: ShiftScaleRotate is a special case of Affine transform. Please use Affine transform instead.
  original_init(self, **validated_kwargs)
/home/ubuntu/slocal/m2/third_party/Relation-DETR/transforms/presets.py:109: UserWarning: Argument(s) 'value' are not valid for transform ShiftScaleRotate
  A.ShiftScaleRotate(
/home/ubuntu/slocal/m2/third_party/Relation-DETR/transforms/presets.py:140: UserWarning: Argument(s) 'quality_lower, quality_upper' are not valid for transform ImageCompression
  A.ImageCompression(quality_lower=85, quality_upper=95, p=0.2),
/home/ubuntu/slocal/m2/third_party/Relation-DETR/transforms/presets.py:195: UserWarning: Argument(s) 'value' are not valid for transform ShiftScaleRotate
  A.ShiftScaleRotate(
/home/ubuntu/slocal/m2/third_party/Relation-DETR/transforms/presets.py:226: UserWarning: Argument(s) 'quality_lower, quality_upper' are not valid for transform ImageCompression
  A.ImageCompression(quality_lower=85, quality_upper=95, p=0.2),
Using /home/ubuntu/.cache/torch_extensions/py311_cu118 as PyTorch extensions root...
Detected CUDA files, patching ldflags
Emitting ninja build file /home/ubuntu/.cache/torch_extensions/py311_cu118/MultiScaleDeformableAttention/build.ninja...
Building extension module MultiScaleDeformableAttention...
Allowing ninja to set a default number of workers... (overridable by setting the environment variable MAX_JOBS=N)
loading annotations into memory...
Done (t=0.34s)
creating index...
index created!
Using [0, 0.5, 0.6299605249474365, 0.7937005259840997, 1.0, 1.259921049894873, 1.5874010519681991, 2.0, inf] as bins for aspect ratio quantization
Count of instances per bin: [9618]
loading annotations into memory...
Done (t=0.02s)
creating index...
index created!
ninja: no work to do.
Loading extension module MultiScaleDeformableAttention...
/home/ubuntu/slocal/m2/.venv-relation-detr/lib/python3.11/site-packages/torch/overrides.py:110: UserWarning: 'has_cuda' is deprecated, please use 'torch.backends.cuda.is_built()'
  torch.has_cuda,
/home/ubuntu/slocal/m2/.venv-relation-detr/lib/python3.11/site-packages/torch/overrides.py:111: UserWarning: 'has_cudnn' is deprecated, please use 'torch.backends.cudnn.is_available()'
  torch.has_cudnn,
/home/ubuntu/slocal/m2/.venv-relation-detr/lib/python3.11/site-packages/torch/overrides.py:117: UserWarning: 'has_mps' is deprecated, please use 'torch.backends.mps.is_built()'
  torch.has_mps,
/home/ubuntu/slocal/m2/.venv-relation-detr/lib/python3.11/site-packages/torch/overrides.py:118: UserWarning: 'has_mkldnn' is deprecated, please use 'torch.backends.mkldnn.is_available()'
  torch.has_mkldnn,
The model and loaded state dict do not match exactly
Missing keys: transformer.decoder.layers.0.phase_norm.weight, transformer.decoder.layers.0.phase_norm.bias, transformer.decoder.layers.0.phase_attn.in_proj_weight, transformer.decoder.layers.0.phase_attn.in_proj_bias, transformer.decoder.layers.0.phase_attn.out_proj.weight, transformer.decoder.layers.0.phase_attn.out_proj.bias, transformer.decoder.layers.1.phase_norm.weight, transformer.decoder.layers.1.phase_norm.bias, transformer.decoder.layers.1.phase_attn.in_proj_weight, transformer.decoder.layers.1.phase_attn.in_proj_bias, transformer.decoder.layers.1.phase_attn.out_proj.weight, transformer.decoder.layers.1.phase_attn.out_proj.bias, transformer.decoder.layers.2.phase_norm.weight, transformer.decoder.layers.2.phase_norm.bias, transformer.decoder.layers.2.phase_attn.in_proj_weight, transformer.decoder.layers.2.phase_attn.in_proj_bias, transformer.decoder.layers.2.phase_attn.out_proj.weight, transformer.decoder.layers.2.phase_attn.out_proj.bias, transformer.decoder.layers.3.phase_norm.weight, transformer.decoder.layers.3.phase_norm.bias, transformer.decoder.layers.3.phase_attn.in_proj_weight, transformer.decoder.layers.3.phase_attn.in_proj_bias, transformer.decoder.layers.3.phase_attn.out_proj.weight, transformer.decoder.layers.3.phase_attn.out_proj.bias, transformer.decoder.layers.4.phase_norm.weight, transformer.decoder.layers.4.phase_norm.bias, transformer.decoder.layers.4.phase_attn.in_proj_weight, transformer.decoder.layers.4.phase_attn.in_proj_bias, transformer.decoder.layers.4.phase_attn.out_proj.weight, transformer.decoder.layers.4.phase_attn.out_proj.bias, transformer.decoder.layers.5.phase_norm.weight, transformer.decoder.layers.5.phase_norm.bias, transformer.decoder.layers.5.phase_attn.in_proj_weight, transformer.decoder.layers.5.phase_attn.in_proj_bias, transformer.decoder.layers.5.phase_attn.out_proj.weight, transformer.decoder.layers.5.phase_attn.out_proj.bias, phase_proto.weight

[t1b] warm-start from /home/ubuntu/slocal/m2/third_party/Relation-DETR/checkpoints/incoming/seed456/best_ap.pth
[t1b] seed=456 inject=camt trainable=all zero_ctx=False det_steps/ep=4809 phase_params=1584384 total_trainable=26823072 miss_ctx(tr/va)=0/0 work=/tmp/t1b_camt_all_seed456
Accumulating evaluation results...
DONE (t=4.54s).
[t1b] warm-start init mAP=0.7217 (S0-frozen 水準なら warm-start+恒等 OK)
[t1b][ep0 0/4809] L=19.970 1.1it/s eta_ep=73m
[t1b][ep0 200/4809] L=8.682 1.6it/s eta_ep=47m
[t1b][ep0 400/4809] L=18.640 1.7it/s eta_ep=44m
[t1b][ep0 600/4809] L=17.983 1.7it/s eta_ep=41m
[t1b][ep0 800/4809] L=23.934 1.7it/s eta_ep=39m
[t1b][ep0 1000/4809] L=17.957 1.7it/s eta_ep=37m
[t1b][ep0 1200/4809] L=24.954 1.7it/s eta_ep=35m
[t1b][ep0 1400/4809] L=26.158 1.7it/s eta_ep=33m
[t1b][ep0 1600/4809] L=10.001 1.7it/s eta_ep=31m
[t1b][ep0 1800/4809] L=12.203 1.7it/s eta_ep=29m
[t1b][ep0 2000/4809] L=27.758 1.7it/s eta_ep=27m
[t1b][ep0 2200/4809] L=20.676 1.7it/s eta_ep=25m
[t1b][ep0 2400/4809] L=10.760 1.7it/s eta_ep=23m
[t1b][ep0 2600/4809] L=22.610 1.7it/s eta_ep=21m
[t1b][ep0 2800/4809] L=18.336 1.7it/s eta_ep=19m
[t1b][ep0 3000/4809] L=21.112 1.7it/s eta_ep=17m
[t1b][ep0 3200/4809] L=7.658 1.7it/s eta_ep=16m
[t1b][ep0 3400/4809] L=20.344 1.7it/s eta_ep=14m
[t1b][ep0 3600/4809] L=16.958 1.7it/s eta_ep=12m
[t1b][ep0 3800/4809] L=7.091 1.7it/s eta_ep=10m
[t1b][ep0 4000/4809] L=12.481 1.7it/s eta_ep=8m
[t1b][ep0 4200/4809] L=20.270 1.7it/s eta_ep=6m
[t1b][ep0 4400/4809] L=23.740 1.7it/s eta_ep=4m
[t1b][ep0 4600/4809] L=21.228 1.7it/s eta_ep=2m
[t1b][ep0 4800/4809] L=12.881 1.7it/s eta_ep=0m
Accumulating evaluation results...
DONE (t=4.27s).
[t1b][ep0] val mAP=0.6888
[t1b][ep1 0/4809] L=14.751 1.5it/s eta_ep=52m
[t1b][ep1 200/4809] L=18.297 1.7it/s eta_ep=44m
[t1b][ep1 400/4809] L=14.632 1.7it/s eta_ep=42m
[t1b][ep1 600/4809] L=8.495 1.7it/s eta_ep=41m
[t1b][ep1 800/4809] L=11.895 1.7it/s eta_ep=39m
[t1b][ep1 1000/4809] L=16.505 1.7it/s eta_ep=37m
[t1b][ep1 1200/4809] L=18.526 1.7it/s eta_ep=35m
[t1b][ep1 1400/4809] L=16.592 1.7it/s eta_ep=33m
[t1b][ep1 1600/4809] L=18.588 1.7it/s eta_ep=31m
[t1b][ep1 1800/4809] L=16.243 1.7it/s eta_ep=29m
[t1b][ep1 2000/4809] L=20.042 1.7it/s eta_ep=27m
[t1b][ep1 2200/4809] L=19.181 1.7it/s eta_ep=25m
[t1b][ep1 2400/4809] L=25.497 1.7it/s eta_ep=23m
[t1b][ep1 2600/4809] L=14.371 1.7it/s eta_ep=21m
[t1b][ep1 2800/4809] L=16.860 1.7it/s eta_ep=19m
[t1b][ep1 3000/4809] L=22.173 1.7it/s eta_ep=17m
[t1b][ep1 3200/4809] L=9.773 1.7it/s eta_ep=16m
[t1b][ep1 3400/4809] L=16.388 1.7it/s eta_ep=14m
[t1b][ep1 3600/4809] L=12.665 1.7it/s eta_ep=12m
[t1b][ep1 3800/4809] L=17.631 1.7it/s eta_ep=10m
[t1b][ep1 4000/4809] L=9.105 1.7it/s eta_ep=8m
[t1b][ep1 4200/4809] L=12.740 1.7it/s eta_ep=6m
[t1b][ep1 4400/4809] L=12.499 1.7it/s eta_ep=4m
[t1b][ep1 4600/4809] L=16.614 1.7it/s eta_ep=2m
[t1b][ep1 4800/4809] L=24.477 1.7it/s eta_ep=0m
Accumulating evaluation results...
DONE (t=4.34s).
[t1b][ep1] val mAP=0.6975
[t1b][ep2 0/4809] L=14.901 1.5it/s eta_ep=54m
[t1b][ep2 200/4809] L=22.316 1.7it/s eta_ep=45m
[t1b][ep2 400/4809] L=11.791 1.7it/s eta_ep=43m
[t1b][ep2 600/4809] L=22.834 1.7it/s eta_ep=41m
[t1b][ep2 800/4809] L=23.316 1.7it/s eta_ep=39m
[t1b][ep2 1000/4809] L=30.779 1.7it/s eta_ep=37m
[t1b][ep2 1200/4809] L=11.859 1.7it/s eta_ep=35m
[t1b][ep2 1400/4809] L=24.892 1.7it/s eta_ep=33m
[t1b][ep2 1600/4809] L=18.058 1.7it/s eta_ep=31m
[t1b][ep2 1800/4809] L=20.409 1.7it/s eta_ep=29m
[t1b][ep2 2000/4809] L=15.323 1.7it/s eta_ep=27m
[t1b][ep2 2200/4809] L=27.313 1.7it/s eta_ep=25m
[t1b][ep2 2400/4809] L=19.696 1.7it/s eta_ep=24m
[t1b][ep2 2600/4809] L=23.489 1.7it/s eta_ep=22m
[t1b][ep2 2800/4809] L=18.618 1.7it/s eta_ep=20m
[t1b][ep2 3000/4809] L=13.195 1.7it/s eta_ep=18m
[t1b][ep2 3200/4809] L=13.608 1.7it/s eta_ep=16m
[t1b][ep2 3400/4809] L=11.383 1.7it/s eta_ep=14m
[t1b][ep2 3600/4809] L=11.741 1.7it/s eta_ep=12m
[t1b][ep2 3800/4809] L=14.028 1.7it/s eta_ep=10m
[t1b][ep2 4000/4809] L=20.248 1.7it/s eta_ep=8m
[t1b][ep2 4200/4809] L=17.188 1.7it/s eta_ep=6m
[t1b][ep2 4400/4809] L=15.559 1.7it/s eta_ep=4m
[t1b][ep2 4600/4809] L=22.965 1.7it/s eta_ep=2m
[t1b][ep2 4800/4809] L=11.328 1.7it/s eta_ep=0m
Accumulating evaluation results...
DONE (t=4.25s).
[t1b][ep2] val mAP=0.6933
[t1b][ep3 0/4809] L=14.243 1.7it/s eta_ep=48m
[t1b][ep3 200/4809] L=10.919 1.7it/s eta_ep=46m
[t1b][ep3 400/4809] L=8.634 1.7it/s eta_ep=43m
[t1b][ep3 600/4809] L=11.933 1.7it/s eta_ep=41m
[t1b][ep3 800/4809] L=14.264 1.7it/s eta_ep=39m
[t1b][ep3 1000/4809] L=28.376 1.7it/s eta_ep=37m
[t1b][ep3 1200/4809] L=8.479 1.7it/s eta_ep=35m
[t1b][ep3 1400/4809] L=23.557 1.7it/s eta_ep=33m
[t1b][ep3 1600/4809] L=11.196 1.7it/s eta_ep=31m
[t1b][ep3 1800/4809] L=16.777 1.7it/s eta_ep=29m
[t1b][ep3 2000/4809] L=13.796 1.7it/s eta_ep=27m
[t1b][ep3 2200/4809] L=16.227 1.7it/s eta_ep=25m
[t1b][ep3 2400/4809] L=18.119 1.7it/s eta_ep=23m
[t1b][ep3 2600/4809] L=25.040 1.7it/s eta_ep=22m
[t1b][ep3 2800/4809] L=15.517 1.7it/s eta_ep=20m
[t1b][ep3 3000/4809] L=23.424 1.7it/s eta_ep=18m
[t1b][ep3 3200/4809] L=19.902 1.7it/s eta_ep=16m
[t1b][ep3 3400/4809] L=8.497 1.7it/s eta_ep=14m
[t1b][ep3 3600/4809] L=18.066 1.7it/s eta_ep=12m
[t1b][ep3 3800/4809] L=18.053 1.7it/s eta_ep=10m
[t1b][ep3 4000/4809] L=20.081 1.7it/s eta_ep=8m
[t1b][ep3 4200/4809] L=19.999 1.7it/s eta_ep=6m
[t1b][ep3 4400/4809] L=13.853 1.7it/s eta_ep=4m
[t1b][ep3 4600/4809] L=24.938 1.7it/s eta_ep=2m
[t1b][ep3 4800/4809] L=17.641 1.7it/s eta_ep=0m
Accumulating evaluation results...
DONE (t=4.24s).
[t1b][ep3] val mAP=0.6736
[t1b][ep4 0/4809] L=10.938 1.4it/s eta_ep=56m
[t1b][ep4 200/4809] L=20.446 1.7it/s eta_ep=46m
[t1b][ep4 400/4809] L=28.663 1.7it/s eta_ep=44m
[t1b][ep4 600/4809] L=13.218 1.7it/s eta_ep=41m
[t1b][ep4 800/4809] L=14.486 1.7it/s eta_ep=39m
[t1b][ep4 1000/4809] L=15.279 1.7it/s eta_ep=38m
[t1b][ep4 1200/4809] L=13.423 1.7it/s eta_ep=36m
[t1b][ep4 1400/4809] L=15.816 1.7it/s eta_ep=34m
[t1b][ep4 1600/4809] L=14.807 1.7it/s eta_ep=32m
[t1b][ep4 1800/4809] L=25.776 1.7it/s eta_ep=30m
[t1b][ep4 2000/4809] L=10.859 1.7it/s eta_ep=28m
[t1b][ep4 2200/4809] L=12.983 1.7it/s eta_ep=26m
[t1b][ep4 2400/4809] L=11.013 1.7it/s eta_ep=24m
[t1b][ep4 2600/4809] L=18.319 1.7it/s eta_ep=22m
[t1b][ep4 2800/4809] L=18.119 1.7it/s eta_ep=20m
[t1b][ep4 3000/4809] L=14.670 1.7it/s eta_ep=18m
[t1b][ep4 3200/4809] L=9.045 1.7it/s eta_ep=16m
[t1b][ep4 3400/4809] L=15.288 1.7it/s eta_ep=14m
[t1b][ep4 3600/4809] L=8.239 1.7it/s eta_ep=12m
[t1b][ep4 3800/4809] L=16.922 1.7it/s eta_ep=10m
[t1b][ep4 4000/4809] L=8.297 1.7it/s eta_ep=8m
[t1b][ep4 4200/4809] L=22.025 1.7it/s eta_ep=6m
[t1b][ep4 4400/4809] L=15.388 1.7it/s eta_ep=4m
[t1b][ep4 4600/4809] L=20.037 1.7it/s eta_ep=2m
[t1b][ep4 4800/4809] L=18.972 1.7it/s eta_ep=0m
Accumulating evaluation results...
DONE (t=4.01s).
[t1b][ep4] val mAP=0.7092
[t1b][ep5 0/4809] L=19.813 1.6it/s eta_ep=49m
[t1b][ep5 200/4809] L=22.244 1.7it/s eta_ep=46m
[t1b][ep5 400/4809] L=11.670 1.7it/s eta_ep=44m
[t1b][ep5 600/4809] L=17.428 1.7it/s eta_ep=42m
[t1b][ep5 800/4809] L=23.904 1.7it/s eta_ep=40m
[t1b][ep5 1000/4809] L=11.849 1.7it/s eta_ep=38m
[t1b][ep5 1200/4809] L=20.347 1.7it/s eta_ep=36m
[t1b][ep5 1400/4809] L=12.552 1.7it/s eta_ep=34m
[t1b][ep5 1600/4809] L=15.598 1.7it/s eta_ep=32m
[t1b][ep5 1800/4809] L=9.938 1.7it/s eta_ep=30m
[t1b][ep5 2000/4809] L=7.143 1.7it/s eta_ep=28m
[t1b][ep5 2200/4809] L=17.652 1.7it/s eta_ep=26m
[t1b][ep5 2400/4809] L=12.185 1.7it/s eta_ep=24m
[t1b][ep5 2600/4809] L=15.146 1.7it/s eta_ep=22m
[t1b][ep5 2800/4809] L=15.439 1.7it/s eta_ep=20m
[t1b][ep5 3000/4809] L=9.193 1.7it/s eta_ep=18m
[t1b][ep5 3200/4809] L=19.869 1.7it/s eta_ep=16m
[t1b][ep5 3400/4809] L=10.679 1.7it/s eta_ep=14m
[t1b][ep5 3600/4809] L=14.100 1.7it/s eta_ep=12m
[t1b][ep5 3800/4809] L=11.062 1.7it/s eta_ep=10m
[t1b][ep5 4000/4809] L=12.362 1.7it/s eta_ep=8m
[t1b][ep5 4200/4809] L=11.263 1.7it/s eta_ep=6m
[t1b][ep5 4400/4809] L=15.344 1.7it/s eta_ep=4m
[t1b][ep5 4600/4809] L=16.191 1.7it/s eta_ep=2m
[t1b][ep5 4800/4809] L=22.633 1.7it/s eta_ep=0m
Accumulating evaluation results...
DONE (t=4.18s).
[t1b][ep5] val mAP=0.7090
[t1b] DONE best@ep-1 mAP=0.7217 (init 0.7217) -> /tmp/t1b_camt_all_seed456
