[2026-07-03_15:55:35] === Starting AlignDETR-S0-frozen seed=42 (2gpu) ===
/home/ubuntu/slocal2/m2/.venv-detectron2/lib/python3.10/site-packages/timm/models/layers/__init__.py:49: FutureWarning: Importing from timm.models.layers is deprecated, please import via timm.layers
  warnings.warn(f"Importing from {__name__} is deprecated, please import via timm.layers", FutureWarning)
/home/ubuntu/slocal2/m2/.venv-detectron2/lib/python3.10/site-packages/timm/models/layers/__init__.py:49: FutureWarning: Importing from timm.models.layers is deprecated, please import via timm.layers
  warnings.warn(f"Importing from {__name__} is deprecated, please import via timm.layers", FutureWarning)
/home/ubuntu/slocal2/m2/.venv-detectron2/lib/python3.10/site-packages/timm/models/layers/__init__.py:49: FutureWarning: Importing from timm.models.layers is deprecated, please import via timm.layers
  warnings.warn(f"Importing from {__name__} is deprecated, please import via timm.layers", FutureWarning)
[E ProcessGroupNCCL.cpp:475] [Rank 1] Watchdog caught collective operation timeout: WorkNCCL(SeqNum=1, OpType=ALLREDUCE, NumelIn=1, NumelOut=1, Timeout(ms)=1800000) ran for 1800745 milliseconds before timing out.
[E ProcessGroupNCCL.cpp:475] [Rank 0] Watchdog caught collective operation timeout: WorkNCCL(SeqNum=1, OpType=ALLREDUCE, NumelIn=1, NumelOut=1, Timeout(ms)=1800000) ran for 1800767 milliseconds before timing out.
[E ProcessGroupNCCL.cpp:489] Some NCCL operations have failed or timed out. Due to the asynchronous nature of CUDA kernels, subsequent GPU operations might run on corrupted/incomplete data.
[E ProcessGroupNCCL.cpp:495] To avoid data inconsistency, we are taking the entire process down.
[E ProcessGroupNCCL.cpp:916] [Rank 1] NCCL watchdog thread terminated with exception: [Rank 1] Watchdog caught collective operation timeout: WorkNCCL(SeqNum=1, OpType=ALLREDUCE, NumelIn=1, NumelOut=1, Timeout(ms)=1800000) ran for 1800745 milliseconds before timing out.
terminate called after throwing an instance of 'std::runtime_error'
  what():  [Rank 1] NCCL watchdog thread terminated with exception: [Rank 1] Watchdog caught collective operation timeout: WorkNCCL(SeqNum=1, OpType=ALLREDUCE, NumelIn=1, NumelOut=1, Timeout(ms)=1800000) ran for 1800745 milliseconds before timing out.
[07/03 16:25:41 detectron2]: Rank of current process: 0. World size: 2
Traceback (most recent call last):
  File "/home/ubuntu/slocal2/m2/third_party/detrex/tools/train_net_egosurgery.py", line 64, in <module>
    launch(
  File "/home/ubuntu/slocal2/m2/.venv-detectron2/lib/python3.10/site-packages/detectron2/engine/launch.py", line 69, in launch
    mp.start_processes(
  File "/home/ubuntu/slocal2/m2/.venv-detectron2/lib/python3.10/site-packages/torch/multiprocessing/spawn.py", line 202, in start_processes
    while not context.join():
  File "/home/ubuntu/slocal2/m2/.venv-detectron2/lib/python3.10/site-packages/torch/multiprocessing/spawn.py", line 145, in join
    raise ProcessExitedException(
torch.multiprocessing.spawn.ProcessExitedException: process 1 terminated with signal SIGABRT
