/home/ubuntu/slocal2/m2/.venv-detectron2/lib/python3.10/site-packages/timm/models/layers/__init__.py:49: FutureWarning: Importing from timm.models.layers is deprecated, please import via timm.layers
  warnings.warn(f"Importing from {__name__} is deprecated, please import via timm.layers", FutureWarning)
/home/ubuntu/slocal2/m2/.venv-detectron2/lib/python3.10/site-packages/torch/functional.py:504: UserWarning: torch.meshgrid: in an upcoming release, it will be required to pass the indexing argument. (Triggered internally at ../aten/src/ATen/native/TensorShape.cpp:3526.)
  return _VF.meshgrid(tensors, **kwargs)  # type: ignore[attr-defined]
[stage1-align] C5 shape=(1, 2048, 34, 60)  GAP dim=2048  device=cuda
[stage1-align] 200 frames done
[stage1-align] 400 frames done
[stage1-align] 600 frames done
[stage1-align] 800 frames done
[stage1-align] 1000 frames done
[stage1-align] 1200 frames done
[stage1-align] 1400 frames done
[stage1-align] 1600 frames done
[stage1-align] 1800 frames done
[stage1-align] 2000 frames done
[stage1-align] 2200 frames done
[stage1-align] 2400 frames done
[stage1-align] 2600 frames done
[stage1-align] 2800 frames done
[stage1-align] 3000 frames done
[stage1-align] 3200 frames done
[stage1-align] 3400 frames done
[stage1-align] 3600 frames done
[stage1-align] 3800 frames done
[stage1-align] 4000 frames done
[stage1-align] 4200 frames done
[stage1-align] 4400 frames done
[stage1-align] 4600 frames done
[stage1-align] 4800 frames done
[stage1-align] 5000 frames done
[stage1-align] 5200 frames done
[stage1-align] 5400 frames done
[stage1-align] 5600 frames done
[stage1-align] 5800 frames done
[stage1-align] 6000 frames done
[stage1-align] 6200 frames done
[stage1-align] 6400 frames done
[stage1-align] 6600 frames done
[stage1-align] 6800 frames done
[stage1-align] 7000 frames done
[stage1-align] 7200 frames done
[stage1-align] 7400 frames done
[stage1-align] 7600 frames done
[stage1-align] 7800 frames done
[stage1-align] 8000 frames done
[stage1-align] 8200 frames done
[stage1-align] 8400 frames done
[stage1-align] 8600 frames done
[stage1-align] 8800 frames done
[stage1-align] 9000 frames done
[stage1-align] 9200 frames done
[stage1-align] 9400 frames done
[stage1-align] 9600 frames done
[stage1-align] saved 9657 x 2048 -> /home/ubuntu/slocal2/m2/data/processed/stage1_features/aligndetr_seed42/train_gap.npz
