[s4] train clips=13  val clips=3  classes=9  device=cuda
[s4] evidence dir: /home/ubuntu/slocal2/m2/experiments/phase1/s4_phase_baseline_012_frozen_tecno_phase_baseline_aligndetr_seed456
[s4][epoch 1/50] loss=3.6762  val_acc=0.3650  macroF1=0.0768  edit=2.67  segF1@50=0.17
[s4][epoch 2/50] loss=2.9723  val_acc=0.3340  macroF1=0.0715  edit=9.67  segF1@50=0.00
[s4][epoch 3/50] loss=2.8215  val_acc=0.4376  macroF1=0.1391  edit=2.67  segF1@50=0.00
[s4][epoch 4/50] loss=2.8364  val_acc=0.3663  macroF1=0.0977  edit=13.70  segF1@50=0.00
[s4][epoch 5/50] loss=2.6535  val_acc=0.6046  macroF1=0.2102  edit=16.03  segF1@50=0.02
[s4][epoch 6/50] loss=2.5816  val_acc=0.6343  macroF1=0.2181  edit=13.67  segF1@50=0.00
[s4][epoch 7/50] loss=2.4755  val_acc=0.6238  macroF1=0.2149  edit=16.33  segF1@50=0.00
[s4][epoch 8/50] loss=2.2363  val_acc=0.6455  macroF1=0.2183  edit=26.43  segF1@50=0.07
[s4][epoch 9/50] loss=2.0947  val_acc=0.5294  macroF1=0.1823  edit=27.36  segF1@50=0.02
[s4][epoch 10/50] loss=2.1356  val_acc=0.3452  macroF1=0.0851  edit=27.33  segF1@50=0.00
[s4][epoch 11/50] loss=2.0216  val_acc=0.6733  macroF1=0.2733  edit=24.37  segF1@50=0.15
[s4][epoch 12/50] loss=1.8341  val_acc=0.6363  macroF1=0.2429  edit=52.11  segF1@50=0.17
[s4][epoch 13/50] loss=1.6232  val_acc=0.5941  macroF1=0.2267  edit=54.78  segF1@50=0.15
[s4][epoch 14/50] loss=1.5709  val_acc=0.5881  macroF1=0.2502  edit=38.56  segF1@50=0.06
[s4][epoch 15/50] loss=1.4882  val_acc=0.5881  macroF1=0.2390  edit=46.04  segF1@50=0.08
[s4][epoch 16/50] loss=1.4467  val_acc=0.5762  macroF1=0.2519  edit=39.81  segF1@50=0.07
[s4][epoch 17/50] loss=1.3676  val_acc=0.6066  macroF1=0.2656  edit=33.04  segF1@50=0.10
[s4][epoch 18/50] loss=1.3289  val_acc=0.6640  macroF1=0.3401  edit=24.97  segF1@50=0.09
[s4][epoch 19/50] loss=1.3219  val_acc=0.5710  macroF1=0.2937  edit=20.15  segF1@50=0.04
[s4][epoch 20/50] loss=1.3051  val_acc=0.7419  macroF1=0.3788  edit=40.00  segF1@50=0.22
[s4][epoch 21/50] loss=1.2253  val_acc=0.5756  macroF1=0.2680  edit=30.00  segF1@50=0.07
[s4][epoch 22/50] loss=1.1850  val_acc=0.5215  macroF1=0.2498  edit=16.34  segF1@50=0.04
[s4][epoch 23/50] loss=1.1554  val_acc=0.6845  macroF1=0.3651  edit=28.10  segF1@50=0.09
[s4][epoch 24/50] loss=1.1047  val_acc=0.6990  macroF1=0.3297  edit=23.28  segF1@50=0.25
[s4][epoch 25/50] loss=1.1047  val_acc=0.6482  macroF1=0.3477  edit=26.63  segF1@50=0.08
[s4][epoch 26/50] loss=1.0476  val_acc=0.6244  macroF1=0.3470  edit=19.21  segF1@50=0.08
[s4][epoch 27/50] loss=1.0063  val_acc=0.7261  macroF1=0.3674  edit=23.43  segF1@50=0.19
[s4][epoch 28/50] loss=0.9627  val_acc=0.7340  macroF1=0.4148  edit=26.55  segF1@50=0.17
[s4][epoch 29/50] loss=0.9343  val_acc=0.7142  macroF1=0.4119  edit=26.04  segF1@50=0.07
[s4][epoch 30/50] loss=0.9037  val_acc=0.7479  macroF1=0.4277  edit=25.89  segF1@50=0.09
[s4][epoch 31/50] loss=0.8913  val_acc=0.7934  macroF1=0.5086  edit=28.22  segF1@50=0.22
[s4][epoch 32/50] loss=0.8757  val_acc=0.7809  macroF1=0.4456  edit=21.50  segF1@50=0.18
[s4][epoch 33/50] loss=0.8895  val_acc=0.7333  macroF1=0.3822  edit=26.13  segF1@50=0.17
[s4][epoch 34/50] loss=0.8495  val_acc=0.6779  macroF1=0.3633  edit=25.68  segF1@50=0.14
[s4][epoch 35/50] loss=0.8621  val_acc=0.7135  macroF1=0.3624  edit=26.46  segF1@50=0.16
[s4][epoch 36/50] loss=0.8333  val_acc=0.6904  macroF1=0.4042  edit=22.70  segF1@50=0.10
[s4][epoch 37/50] loss=0.8111  val_acc=0.7327  macroF1=0.4698  edit=20.26  segF1@50=0.10
[s4][epoch 38/50] loss=0.7524  val_acc=0.5894  macroF1=0.3189  edit=22.70  segF1@50=0.06
[s4][epoch 39/50] loss=0.8733  val_acc=0.7743  macroF1=0.4963  edit=27.39  segF1@50=0.09
[s4][epoch 40/50] loss=0.8781  val_acc=0.8330  macroF1=0.5839  edit=16.17  segF1@50=0.26
[s4][epoch 41/50] loss=0.7525  val_acc=0.8092  macroF1=0.5234  edit=28.82  segF1@50=0.17
[s4][epoch 42/50] loss=0.8018  val_acc=0.8310  macroF1=0.5907  edit=22.49  segF1@50=0.25
[s4][epoch 43/50] loss=0.7381  val_acc=0.7802  macroF1=0.5392  edit=21.48  segF1@50=0.10
[s4][epoch 44/50] loss=0.6703  val_acc=0.8403  macroF1=0.5929  edit=22.49  segF1@50=0.23
[s4][epoch 45/50] loss=0.6386  val_acc=0.8211  macroF1=0.6080  edit=28.63  segF1@50=0.11
[s4][epoch 46/50] loss=0.6430  val_acc=0.7901  macroF1=0.5014  edit=27.63  segF1@50=0.13
[s4][epoch 47/50] loss=0.6044  val_acc=0.8211  macroF1=0.5730  edit=26.75  segF1@50=0.16
[s4][epoch 48/50] loss=0.6220  val_acc=0.8290  macroF1=0.5937  edit=24.15  segF1@50=0.14
[s4][epoch 49/50] loss=0.6259  val_acc=0.7690  macroF1=0.4954  edit=27.17  segF1@50=0.23
[s4][epoch 50/50] loss=0.6048  val_acc=0.8040  macroF1=0.5939  edit=24.53  segF1@50=0.11
[s4] best @epoch 44: acc=0.8403 macroF1=0.5929
[s4] evidence written -> /home/ubuntu/slocal2/m2/experiments/phase1/s4_phase_baseline_012_frozen_tecno_phase_baseline_aligndetr_seed456
