[s4] train clips=13  val clips=3  classes=9  device=cuda
[s4] evidence dir: /home/ubuntu/slocal2/m2/experiments/phase1/s4_phase_baseline_011_frozen_tecno_phase_baseline_aligndetr_seed123
[s4][epoch 1/50] loss=3.5996  val_acc=0.3340  macroF1=0.0715  edit=9.67  segF1@50=0.00
[s4][epoch 2/50] loss=3.0860  val_acc=0.3677  macroF1=0.0768  edit=18.00  segF1@50=0.22
[s4][epoch 3/50] loss=2.8680  val_acc=0.3340  macroF1=0.0715  edit=9.67  segF1@50=0.00
[s4][epoch 4/50] loss=2.7853  val_acc=0.4587  macroF1=0.1431  edit=20.67  segF1@50=0.17
[s4][epoch 5/50] loss=2.7117  val_acc=0.4297  macroF1=0.1229  edit=20.67  segF1@50=0.19
[s4][epoch 6/50] loss=2.5842  val_acc=0.4587  macroF1=0.1431  edit=20.67  segF1@50=0.17
[s4][epoch 7/50] loss=2.4593  val_acc=0.5584  macroF1=0.1849  edit=17.10  segF1@50=0.11
[s4][epoch 8/50] loss=2.2228  val_acc=0.4099  macroF1=0.1242  edit=27.68  segF1@50=0.00
[s4][epoch 9/50] loss=2.1624  val_acc=0.3624  macroF1=0.0936  edit=37.00  segF1@50=0.00
[s4][epoch 10/50] loss=1.9001  val_acc=0.4865  macroF1=0.1635  edit=29.89  segF1@50=0.10
[s4][epoch 11/50] loss=1.6992  val_acc=0.5677  macroF1=0.1948  edit=38.33  segF1@50=0.18
[s4][epoch 12/50] loss=1.6553  val_acc=0.6376  macroF1=0.2339  edit=31.74  segF1@50=0.19
[s4][epoch 13/50] loss=1.6003  val_acc=0.6686  macroF1=0.2682  edit=35.67  segF1@50=0.14
[s4][epoch 14/50] loss=1.5548  val_acc=0.5875  macroF1=0.2147  edit=45.11  segF1@50=0.16
[s4][epoch 15/50] loss=1.4929  val_acc=0.6033  macroF1=0.2573  edit=37.43  segF1@50=0.11
[s4][epoch 16/50] loss=1.4423  val_acc=0.5142  macroF1=0.2068  edit=26.90  segF1@50=0.01
[s4][epoch 17/50] loss=1.4184  val_acc=0.5274  macroF1=0.2596  edit=33.33  segF1@50=0.14
[s4][epoch 18/50] loss=1.4027  val_acc=0.6191  macroF1=0.2925  edit=43.26  segF1@50=0.17
[s4][epoch 19/50] loss=1.3254  val_acc=0.6139  macroF1=0.2845  edit=40.76  segF1@50=0.19
[s4][epoch 20/50] loss=1.2627  val_acc=0.6416  macroF1=0.2853  edit=44.22  segF1@50=0.17
[s4][epoch 21/50] loss=1.2138  val_acc=0.7300  macroF1=0.3745  edit=29.72  segF1@50=0.09
[s4][epoch 22/50] loss=1.2422  val_acc=0.7485  macroF1=0.3891  edit=23.27  segF1@50=0.17
[s4][epoch 23/50] loss=1.2145  val_acc=0.7366  macroF1=0.4028  edit=29.34  segF1@50=0.14
[s4][epoch 24/50] loss=1.1587  val_acc=0.7254  macroF1=0.3776  edit=31.12  segF1@50=0.16
[s4][epoch 25/50] loss=1.1328  val_acc=0.8020  macroF1=0.5322  edit=22.00  segF1@50=0.18
[s4][epoch 26/50] loss=1.0506  val_acc=0.7637  macroF1=0.3924  edit=31.28  segF1@50=0.16
[s4][epoch 27/50] loss=0.9999  val_acc=0.7446  macroF1=0.4340  edit=24.53  segF1@50=0.14
[s4][epoch 28/50] loss=0.9605  val_acc=0.7637  macroF1=0.4203  edit=29.70  segF1@50=0.13
[s4][epoch 29/50] loss=0.9364  val_acc=0.8013  macroF1=0.5191  edit=20.03  segF1@50=0.18
[s4][epoch 30/50] loss=0.9251  val_acc=0.7677  macroF1=0.4784  edit=23.76  segF1@50=0.24
[s4][epoch 31/50] loss=0.9198  val_acc=0.7142  macroF1=0.4219  edit=26.26  segF1@50=0.17
[s4][epoch 32/50] loss=0.9215  val_acc=0.7538  macroF1=0.3941  edit=26.00  segF1@50=0.17
[s4][epoch 33/50] loss=0.8753  val_acc=0.8152  macroF1=0.5530  edit=30.10  segF1@50=0.22
[s4][epoch 34/50] loss=0.8621  val_acc=0.7993  macroF1=0.4983  edit=29.26  segF1@50=0.19
[s4][epoch 35/50] loss=0.8325  val_acc=0.8271  macroF1=0.5719  edit=29.37  segF1@50=0.24
[s4][epoch 36/50] loss=0.8859  val_acc=0.8422  macroF1=0.5828  edit=18.09  segF1@50=0.28
[s4][epoch 37/50] loss=0.8428  val_acc=0.8185  macroF1=0.5559  edit=27.60  segF1@50=0.18
[s4][epoch 38/50] loss=1.1270  val_acc=0.7069  macroF1=0.4261  edit=18.99  segF1@50=0.11
[s4][epoch 39/50] loss=1.2163  val_acc=0.7129  macroF1=0.4612  edit=19.45  segF1@50=0.08
[s4][epoch 40/50] loss=0.9994  val_acc=0.7888  macroF1=0.5363  edit=33.04  segF1@50=0.27
[s4][epoch 41/50] loss=0.8712  val_acc=0.8013  macroF1=0.5341  edit=20.51  segF1@50=0.29
[s4][epoch 42/50] loss=0.7875  val_acc=0.7452  macroF1=0.4853  edit=23.84  segF1@50=0.09
[s4][epoch 43/50] loss=0.7153  val_acc=0.8053  macroF1=0.5619  edit=26.51  segF1@50=0.25
[s4][epoch 44/50] loss=0.6707  val_acc=0.7617  macroF1=0.4753  edit=24.00  segF1@50=0.14
[s4][epoch 45/50] loss=0.6484  val_acc=0.7993  macroF1=0.5541  edit=22.69  segF1@50=0.17
[s4][epoch 46/50] loss=0.6259  val_acc=0.8013  macroF1=0.5390  edit=20.59  segF1@50=0.19
[s4][epoch 47/50] loss=0.6071  val_acc=0.7868  macroF1=0.5134  edit=30.04  segF1@50=0.15
[s4][epoch 48/50] loss=0.5929  val_acc=0.8119  macroF1=0.5584  edit=24.83  segF1@50=0.18
[s4][epoch 49/50] loss=0.5856  val_acc=0.7802  macroF1=0.4949  edit=23.59  segF1@50=0.15
[s4][epoch 50/50] loss=0.5680  val_acc=0.8125  macroF1=0.5442  edit=24.30  segF1@50=0.17
[s4] best @epoch 36: acc=0.8422 macroF1=0.5828
[s4] evidence written -> /home/ubuntu/slocal2/m2/experiments/phase1/s4_phase_baseline_011_frozen_tecno_phase_baseline_aligndetr_seed123
