[s4] train clips=13  val clips=3  classes=9  device=cuda
[s4] evidence dir: /home/ubuntu/slocal2/m2/experiments/phase1/s4_phase_baseline_010_frozen_tecno_phase_baseline_aligndetr_seed42
[s4][epoch 1/50] loss=3.7507  val_acc=0.5597  macroF1=0.1856  edit=31.33  segF1@50=0.22
[s4][epoch 2/50] loss=2.9475  val_acc=0.4495  macroF1=0.1341  edit=20.67  segF1@50=0.25
[s4][epoch 3/50] loss=2.8376  val_acc=0.3677  macroF1=0.0768  edit=18.00  segF1@50=0.22
[s4][epoch 4/50] loss=2.7225  val_acc=0.4937  macroF1=0.1553  edit=27.33  segF1@50=0.17
[s4][epoch 5/50] loss=2.7750  val_acc=0.4495  macroF1=0.1341  edit=24.37  segF1@50=0.25
[s4][epoch 6/50] loss=2.5704  val_acc=0.4515  macroF1=0.1350  edit=27.33  segF1@50=0.25
[s4][epoch 7/50] loss=2.4319  val_acc=0.6713  macroF1=0.2259  edit=39.67  segF1@50=0.17
[s4][epoch 8/50] loss=2.2915  val_acc=0.6726  macroF1=0.2257  edit=35.67  segF1@50=0.22
[s4][epoch 9/50] loss=1.9715  val_acc=0.5993  macroF1=0.2039  edit=38.58  segF1@50=0.18
[s4][epoch 10/50] loss=1.7935  val_acc=0.6191  macroF1=0.2089  edit=36.83  segF1@50=0.24
[s4][epoch 11/50] loss=1.7372  val_acc=0.5875  macroF1=0.2009  edit=37.11  segF1@50=0.22
[s4][epoch 12/50] loss=1.6300  val_acc=0.6264  macroF1=0.2359  edit=43.78  segF1@50=0.16
[s4][epoch 13/50] loss=1.5772  val_acc=0.5842  macroF1=0.2404  edit=26.90  segF1@50=0.06
[s4][epoch 14/50] loss=1.5165  val_acc=0.6416  macroF1=0.2609  edit=42.44  segF1@50=0.18
[s4][epoch 15/50] loss=1.4904  val_acc=0.6746  macroF1=0.2827  edit=34.44  segF1@50=0.28
[s4][epoch 16/50] loss=1.3666  val_acc=0.4528  macroF1=0.1812  edit=23.15  segF1@50=0.08
[s4][epoch 17/50] loss=1.4033  val_acc=0.4211  macroF1=0.1720  edit=32.14  segF1@50=0.10
[s4][epoch 18/50] loss=1.4416  val_acc=0.6046  macroF1=0.2635  edit=34.44  segF1@50=0.12
[s4][epoch 19/50] loss=1.3587  val_acc=0.7366  macroF1=0.4088  edit=29.50  segF1@50=0.17
[s4][epoch 20/50] loss=1.2415  val_acc=0.7182  macroF1=0.3490  edit=26.33  segF1@50=0.19
[s4][epoch 21/50] loss=1.2139  val_acc=0.5611  macroF1=0.2910  edit=16.09  segF1@50=0.04
[s4][epoch 22/50] loss=1.1601  val_acc=0.6436  macroF1=0.3575  edit=24.64  segF1@50=0.06
[s4][epoch 23/50] loss=1.1381  val_acc=0.7116  macroF1=0.3801  edit=22.41  segF1@50=0.07
[s4][epoch 24/50] loss=1.1497  val_acc=0.7241  macroF1=0.3886  edit=21.67  segF1@50=0.21
[s4][epoch 25/50] loss=1.1174  val_acc=0.8040  macroF1=0.5281  edit=30.43  segF1@50=0.24
[s4][epoch 26/50] loss=1.0792  val_acc=0.7736  macroF1=0.4443  edit=28.98  segF1@50=0.20
[s4][epoch 27/50] loss=1.0291  val_acc=0.7050  macroF1=0.4209  edit=23.29  segF1@50=0.10
[s4][epoch 28/50] loss=0.9887  val_acc=0.7234  macroF1=0.5041  edit=24.46  segF1@50=0.13
[s4][epoch 29/50] loss=0.9519  val_acc=0.8356  macroF1=0.5703  edit=28.39  segF1@50=0.22
[s4][epoch 30/50] loss=0.8998  val_acc=0.7888  macroF1=0.5297  edit=24.97  segF1@50=0.12
[s4][epoch 31/50] loss=0.8436  val_acc=0.8356  macroF1=0.5807  edit=24.76  segF1@50=0.20
[s4][epoch 32/50] loss=0.8218  val_acc=0.7947  macroF1=0.5681  edit=23.13  segF1@50=0.10
[s4][epoch 33/50] loss=0.8025  val_acc=0.8356  macroF1=0.5904  edit=23.65  segF1@50=0.24
[s4][epoch 34/50] loss=0.7599  val_acc=0.8449  macroF1=0.5989  edit=27.65  segF1@50=0.22
[s4][epoch 35/50] loss=0.7623  val_acc=0.8548  macroF1=0.6190  edit=27.03  segF1@50=0.21
[s4][epoch 36/50] loss=0.7772  val_acc=0.8013  macroF1=0.5241  edit=32.88  segF1@50=0.16
[s4][epoch 37/50] loss=0.7045  val_acc=0.8271  macroF1=0.5999  edit=31.55  segF1@50=0.19
[s4][epoch 38/50] loss=0.7387  val_acc=0.8310  macroF1=0.5837  edit=31.58  segF1@50=0.17
[s4][epoch 39/50] loss=0.7861  val_acc=0.7663  macroF1=0.5090  edit=27.13  segF1@50=0.11
[s4][epoch 40/50] loss=0.7018  val_acc=0.8251  macroF1=0.6031  edit=26.75  segF1@50=0.22
[s4][epoch 41/50] loss=0.6796  val_acc=0.8007  macroF1=0.5270  edit=20.97  segF1@50=0.18
[s4][epoch 42/50] loss=0.6783  val_acc=0.7828  macroF1=0.5512  edit=28.37  segF1@50=0.20
[s4][epoch 43/50] loss=0.6219  val_acc=0.7934  macroF1=0.5481  edit=27.52  segF1@50=0.19
[s4][epoch 44/50] loss=0.6119  val_acc=0.7644  macroF1=0.5085  edit=25.13  segF1@50=0.09
[s4][epoch 45/50] loss=0.6038  val_acc=0.7901  macroF1=0.5884  edit=25.97  segF1@50=0.14
[s4][epoch 46/50] loss=0.5914  val_acc=0.7762  macroF1=0.5139  edit=26.00  segF1@50=0.20
[s4][epoch 47/50] loss=0.5754  val_acc=0.8238  macroF1=0.6143  edit=26.68  segF1@50=0.20
[s4][epoch 48/50] loss=0.6087  val_acc=0.7894  macroF1=0.5058  edit=32.51  segF1@50=0.16
[s4][epoch 49/50] loss=0.5528  val_acc=0.8568  macroF1=0.6352  edit=32.05  segF1@50=0.24
[s4][epoch 50/50] loss=0.5326  val_acc=0.8323  macroF1=0.5968  edit=23.13  segF1@50=0.18
[s4] best @epoch 49: acc=0.8568 macroF1=0.6352
[s4] evidence written -> /home/ubuntu/slocal2/m2/experiments/phase1/s4_phase_baseline_010_frozen_tecno_phase_baseline_aligndetr_seed42
