[b2a] train clips=13  val clips=3  in_dim=2063  tool_source=oracle  classes=9  device=cuda
[b2a] evidence dir: /home/ubuntu/slocal2/m2/experiments/transfer/b2a_base_oracle_top3noise_p030_003_b2a_base_oracle_top3noise_p030_seed456
[b2a][epoch 1/50] loss=3.4919  val_acc=0.3340  macroF1=0.0715  edit=9.67  segF1@50=0.00
[b2a][epoch 2/50] loss=2.8931  val_acc=0.3650  macroF1=0.0767  edit=2.67  segF1@50=0.17
[b2a][epoch 3/50] loss=2.7055  val_acc=0.3340  macroF1=0.0715  edit=9.67  segF1@50=0.00
[b2a][epoch 4/50] loss=2.6241  val_acc=0.3677  macroF1=0.0768  edit=18.00  segF1@50=0.22
[b2a][epoch 5/50] loss=2.3937  val_acc=0.6634  macroF1=0.2223  edit=30.11  segF1@50=0.13
[b2a][epoch 6/50] loss=2.1001  val_acc=0.4198  macroF1=0.1304  edit=28.75  segF1@50=0.00
[b2a][epoch 7/50] loss=2.3597  val_acc=0.3340  macroF1=0.0715  edit=9.67  segF1@50=0.00
[b2a][epoch 8/50] loss=2.4152  val_acc=0.5756  macroF1=0.1999  edit=30.80  segF1@50=0.25
[b2a][epoch 9/50] loss=1.9601  val_acc=0.5003  macroF1=0.1702  edit=31.00  segF1@50=0.11
[b2a][epoch 10/50] loss=1.7843  val_acc=0.6627  macroF1=0.2229  edit=28.86  segF1@50=0.23
[b2a][epoch 11/50] loss=1.4789  val_acc=0.6442  macroF1=0.2279  edit=42.33  segF1@50=0.21
[b2a][epoch 12/50] loss=1.3274  val_acc=0.6290  macroF1=0.2404  edit=36.78  segF1@50=0.23
[b2a][epoch 13/50] loss=1.2414  val_acc=0.7267  macroF1=0.3731  edit=23.90  segF1@50=0.19
[b2a][epoch 14/50] loss=1.1471  val_acc=0.7756  macroF1=0.4417  edit=26.22  segF1@50=0.21
[b2a][epoch 15/50] loss=1.0670  val_acc=0.7459  macroF1=0.4227  edit=30.56  segF1@50=0.21
[b2a][epoch 16/50] loss=0.9696  val_acc=0.8667  macroF1=0.6357  edit=29.78  segF1@50=0.27
[b2a][epoch 17/50] loss=0.8976  val_acc=0.8389  macroF1=0.6092  edit=24.45  segF1@50=0.21
[b2a][epoch 18/50] loss=0.8403  val_acc=0.8812  macroF1=0.6614  edit=35.56  segF1@50=0.37
[b2a][epoch 19/50] loss=0.8114  val_acc=0.8937  macroF1=0.6661  edit=38.51  segF1@50=0.33
[b2a][epoch 20/50] loss=0.7798  val_acc=0.8792  macroF1=0.6607  edit=30.13  segF1@50=0.27
[b2a][epoch 21/50] loss=0.7781  val_acc=0.8218  macroF1=0.6478  edit=34.62  segF1@50=0.30
[b2a][epoch 22/50] loss=0.8112  val_acc=0.8884  macroF1=0.6425  edit=25.89  segF1@50=0.30
[b2a][epoch 23/50] loss=0.7741  val_acc=0.7815  macroF1=0.6342  edit=27.65  segF1@50=0.22
[b2a][epoch 24/50] loss=0.7268  val_acc=0.8990  macroF1=0.6623  edit=29.70  segF1@50=0.33
[b2a][epoch 25/50] loss=0.6376  val_acc=0.9069  macroF1=0.6821  edit=37.19  segF1@50=0.38
[b2a][epoch 26/50] loss=0.5944  val_acc=0.8832  macroF1=0.6754  edit=35.28  segF1@50=0.32
[b2a][epoch 27/50] loss=0.5460  val_acc=0.8937  macroF1=0.6970  edit=39.71  segF1@50=0.32
[b2a][epoch 28/50] loss=0.5407  val_acc=0.8931  macroF1=0.6722  edit=38.22  segF1@50=0.32
[b2a][epoch 29/50] loss=0.5386  val_acc=0.8634  macroF1=0.6911  edit=35.79  segF1@50=0.32
[b2a][epoch 30/50] loss=0.5177  val_acc=0.9069  macroF1=0.6988  edit=42.22  segF1@50=0.46
[b2a][epoch 31/50] loss=0.6727  val_acc=0.8772  macroF1=0.6620  edit=36.37  segF1@50=0.33
[b2a][epoch 32/50] loss=0.5767  val_acc=0.8640  macroF1=0.6839  edit=41.03  segF1@50=0.36
[b2a][epoch 33/50] loss=0.5590  val_acc=0.9083  macroF1=0.7009  edit=38.44  segF1@50=0.43
[b2a][epoch 34/50] loss=0.5379  val_acc=0.8766  macroF1=0.6922  edit=36.14  segF1@50=0.32
[b2a][epoch 35/50] loss=0.5348  val_acc=0.9201  macroF1=0.7218  edit=47.67  segF1@50=0.53
[b2a][epoch 36/50] loss=0.4813  val_acc=0.8607  macroF1=0.6985  edit=34.92  segF1@50=0.35
[b2a][epoch 37/50] loss=0.4629  val_acc=0.9267  macroF1=0.7452  edit=43.07  segF1@50=0.41
[b2a][epoch 38/50] loss=0.4141  val_acc=0.8957  macroF1=0.7332  edit=41.73  segF1@50=0.38
[b2a][epoch 39/50] loss=0.3992  val_acc=0.8950  macroF1=0.6848  edit=36.95  segF1@50=0.36
[b2a][epoch 40/50] loss=0.4051  val_acc=0.9056  macroF1=0.7534  edit=45.93  segF1@50=0.48
[b2a][epoch 41/50] loss=0.4167  val_acc=0.8805  macroF1=0.6723  edit=33.43  segF1@50=0.28
[b2a][epoch 42/50] loss=0.4533  val_acc=0.9003  macroF1=0.6865  edit=38.22  segF1@50=0.31
[b2a][epoch 43/50] loss=0.3885  val_acc=0.9234  macroF1=0.7716  edit=43.76  segF1@50=0.43
[b2a][epoch 44/50] loss=0.3654  val_acc=0.9234  macroF1=0.7652  edit=41.11  segF1@50=0.41
[b2a][epoch 45/50] loss=0.3462  val_acc=0.9063  macroF1=0.7392  edit=39.14  segF1@50=0.37
[b2a][epoch 46/50] loss=0.3372  val_acc=0.9314  macroF1=0.7716  edit=38.22  segF1@50=0.40
[b2a][epoch 47/50] loss=0.3262  val_acc=0.9215  macroF1=0.7662  edit=38.34  segF1@50=0.39
[b2a][epoch 48/50] loss=0.3308  val_acc=0.9043  macroF1=0.7221  edit=39.95  segF1@50=0.39
[b2a][epoch 49/50] loss=0.3429  val_acc=0.9003  macroF1=0.7455  edit=42.40  segF1@50=0.42
[b2a][epoch 50/50] loss=0.3244  val_acc=0.9261  macroF1=0.7452  edit=43.10  segF1@50=0.44
[b2a] best @epoch 46: acc=0.9314 macroF1=0.7716
[b2a] evidence written -> /home/ubuntu/slocal2/m2/experiments/transfer/b2a_base_oracle_top3noise_p030_003_b2a_base_oracle_top3noise_p030_seed456
