[b2a] train clips=13  val clips=3  in_dim=2063  tool_source=oracle  classes=9  device=cuda
[b2a] evidence dir: /home/ubuntu/slocal2/m2/experiments/transfer/b2a_regiononly_oracle_003_b2a_regiononly_oracle_seed456
[b2a][epoch 1/50] loss=3.4612  val_acc=0.3677  macroF1=0.0768  edit=18.00  segF1@50=0.22
[b2a][epoch 2/50] loss=2.6604  val_acc=0.6759  macroF1=0.2312  edit=41.00  segF1@50=0.21
[b2a][epoch 3/50] loss=2.0451  val_acc=0.6719  macroF1=0.2280  edit=35.67  segF1@50=0.24
[b2a][epoch 4/50] loss=1.7619  val_acc=0.6713  macroF1=0.2291  edit=37.00  segF1@50=0.26
[b2a][epoch 5/50] loss=1.5888  val_acc=0.6825  macroF1=0.2291  edit=30.33  segF1@50=0.33
[b2a][epoch 6/50] loss=1.4202  val_acc=0.6871  macroF1=0.2334  edit=31.67  segF1@50=0.19
[b2a][epoch 7/50] loss=1.3343  val_acc=0.6884  macroF1=0.2312  edit=34.33  segF1@50=0.40
[b2a][epoch 8/50] loss=1.1716  val_acc=0.7248  macroF1=0.2953  edit=39.44  segF1@50=0.22
[b2a][epoch 9/50] loss=1.0703  val_acc=0.8007  macroF1=0.3876  edit=53.44  segF1@50=0.38
[b2a][epoch 10/50] loss=0.9658  val_acc=0.8502  macroF1=0.4973  edit=61.67  segF1@50=0.56
[b2a][epoch 11/50] loss=0.8854  val_acc=0.8673  macroF1=0.5355  edit=57.67  segF1@50=0.53
[b2a][epoch 12/50] loss=0.8112  val_acc=0.8693  macroF1=0.5586  edit=55.33  segF1@50=0.58
[b2a][epoch 13/50] loss=0.7478  val_acc=0.8620  macroF1=0.5201  edit=41.97  segF1@50=0.36
[b2a][epoch 14/50] loss=0.7390  val_acc=0.9419  macroF1=0.7703  edit=61.36  segF1@50=0.66
[b2a][epoch 15/50] loss=0.6779  val_acc=0.9267  macroF1=0.7398  edit=49.74  segF1@50=0.50
[b2a][epoch 16/50] loss=0.6824  val_acc=0.9492  macroF1=0.7983  edit=64.81  segF1@50=0.73
[b2a][epoch 17/50] loss=0.6338  val_acc=0.9531  macroF1=0.8075  edit=59.78  segF1@50=0.59
[b2a][epoch 18/50] loss=0.5977  val_acc=0.9538  macroF1=0.8055  edit=59.77  segF1@50=0.65
[b2a][epoch 19/50] loss=0.5638  val_acc=0.9571  macroF1=0.8137  edit=61.73  segF1@50=0.67
[b2a][epoch 20/50] loss=0.5545  val_acc=0.9551  macroF1=0.8127  edit=62.82  segF1@50=0.68
[b2a][epoch 21/50] loss=0.5396  val_acc=0.9538  macroF1=0.8058  edit=52.51  segF1@50=0.55
[b2a][epoch 22/50] loss=0.6120  val_acc=0.9558  macroF1=0.8158  edit=49.21  segF1@50=0.52
[b2a][epoch 23/50] loss=0.5655  val_acc=0.9512  macroF1=0.8006  edit=62.70  segF1@50=0.70
[b2a][epoch 24/50] loss=0.5448  val_acc=0.9551  macroF1=0.8176  edit=52.59  segF1@50=0.56
[b2a][epoch 25/50] loss=0.5106  val_acc=0.9611  macroF1=0.8243  edit=65.33  segF1@50=0.69
[b2a][epoch 26/50] loss=0.4812  val_acc=0.9604  macroF1=0.8228  edit=65.38  segF1@50=0.70
[b2a][epoch 27/50] loss=0.4633  val_acc=0.9617  macroF1=0.8276  edit=72.22  segF1@50=0.80
[b2a][epoch 28/50] loss=0.4488  val_acc=0.9624  macroF1=0.8283  edit=66.67  segF1@50=0.70
[b2a][epoch 29/50] loss=0.4421  val_acc=0.9644  macroF1=0.8321  edit=61.11  segF1@50=0.62
[b2a][epoch 30/50] loss=0.4323  val_acc=0.9630  macroF1=0.8299  edit=66.67  segF1@50=0.70
[b2a][epoch 31/50] loss=0.4228  val_acc=0.9637  macroF1=0.8313  edit=61.11  segF1@50=0.62
[b2a][epoch 32/50] loss=0.4257  val_acc=0.9571  macroF1=0.8201  edit=62.12  segF1@50=0.66
[b2a][epoch 33/50] loss=0.4296  val_acc=0.9617  macroF1=0.8292  edit=62.67  segF1@50=0.68
[b2a][epoch 34/50] loss=0.4068  val_acc=0.9630  macroF1=0.8297  edit=58.64  segF1@50=0.61
[b2a][epoch 35/50] loss=0.4105  val_acc=0.9545  macroF1=0.8184  edit=53.33  segF1@50=0.55
[b2a][epoch 36/50] loss=0.4120  val_acc=0.9597  macroF1=0.8213  edit=50.00  segF1@50=0.54
[b2a][epoch 37/50] loss=0.4448  val_acc=0.9426  macroF1=0.8032  edit=53.33  segF1@50=0.53
[b2a][epoch 38/50] loss=0.4072  val_acc=0.9578  macroF1=0.8194  edit=50.00  segF1@50=0.53
[b2a][epoch 39/50] loss=0.3917  val_acc=0.9624  macroF1=0.8331  edit=55.31  segF1@50=0.57
[b2a][epoch 40/50] loss=0.3781  val_acc=0.9637  macroF1=0.8335  edit=57.78  segF1@50=0.58
[b2a][epoch 41/50] loss=0.3722  val_acc=0.9630  macroF1=0.8336  edit=55.11  segF1@50=0.63
[b2a][epoch 42/50] loss=0.3583  val_acc=0.9617  macroF1=0.8295  edit=55.56  segF1@50=0.58
[b2a][epoch 43/50] loss=0.3501  val_acc=0.9650  macroF1=0.8372  edit=64.00  segF1@50=0.71
[b2a][epoch 44/50] loss=0.3481  val_acc=0.9637  macroF1=0.8340  edit=57.78  segF1@50=0.63
[b2a][epoch 45/50] loss=0.3426  val_acc=0.9644  macroF1=0.8336  edit=57.78  segF1@50=0.60
[b2a][epoch 46/50] loss=0.3377  val_acc=0.9611  macroF1=0.8300  edit=52.89  segF1@50=0.56
[b2a][epoch 47/50] loss=0.3285  val_acc=0.9630  macroF1=0.8331  edit=55.31  segF1@50=0.58
[b2a][epoch 48/50] loss=0.3315  val_acc=0.9578  macroF1=0.8244  edit=55.56  segF1@50=0.59
[b2a][epoch 49/50] loss=0.3373  val_acc=0.9624  macroF1=0.8315  edit=57.11  segF1@50=0.65
[b2a][epoch 50/50] loss=0.3441  val_acc=0.9432  macroF1=0.8042  edit=50.79  segF1@50=0.51
[b2a] best @epoch 43: acc=0.9650 macroF1=0.8372
[b2a] evidence written -> /home/ubuntu/slocal2/m2/experiments/transfer/b2a_regiononly_oracle_003_b2a_regiononly_oracle_seed456
