[b2a] train clips=13  val clips=3  in_dim=2063  tool_source=oracle  classes=9  device=cuda
[b2a] evidence dir: /home/ubuntu/slocal2/m2/experiments/transfer/b2a_ro_oracle_bsnoise_p010_002_b2a_ro_oracle_bsnoise_p010_seed123
[b2a][epoch 1/50] loss=3.6410  val_acc=0.4389  macroF1=0.1401  edit=2.67  segF1@50=0.00
[b2a][epoch 2/50] loss=2.8780  val_acc=0.3630  macroF1=0.0773  edit=2.67  segF1@50=0.17
[b2a][epoch 3/50] loss=2.5357  val_acc=0.3340  macroF1=0.0715  edit=9.67  segF1@50=0.00
[b2a][epoch 4/50] loss=2.2161  val_acc=0.6693  macroF1=0.2269  edit=2.67  segF1@50=0.17
[b2a][epoch 5/50] loss=1.8694  val_acc=0.6746  macroF1=0.2299  edit=13.67  segF1@50=0.19
[b2a][epoch 6/50] loss=1.5490  val_acc=0.6805  macroF1=0.2318  edit=30.11  segF1@50=0.15
[b2a][epoch 7/50] loss=1.4052  val_acc=0.6871  macroF1=0.2344  edit=30.33  segF1@50=0.25
[b2a][epoch 8/50] loss=1.2880  val_acc=0.6937  macroF1=0.2475  edit=43.83  segF1@50=0.16
[b2a][epoch 9/50] loss=1.1660  val_acc=0.7901  macroF1=0.3900  edit=35.02  segF1@50=0.27
[b2a][epoch 10/50] loss=1.0719  val_acc=0.8277  macroF1=0.4874  edit=27.66  segF1@50=0.26
[b2a][epoch 11/50] loss=0.9918  val_acc=0.8766  macroF1=0.6109  edit=53.33  segF1@50=0.48
[b2a][epoch 12/50] loss=0.9107  val_acc=0.9261  macroF1=0.7020  edit=65.78  segF1@50=0.62
[b2a][epoch 13/50] loss=0.8429  val_acc=0.9274  macroF1=0.7140  edit=62.47  segF1@50=0.60
[b2a][epoch 14/50] loss=0.7847  val_acc=0.9307  macroF1=0.7234  edit=70.00  segF1@50=0.70
[b2a][epoch 15/50] loss=0.7491  val_acc=0.9287  macroF1=0.7258  edit=67.11  segF1@50=0.63
[b2a][epoch 16/50] loss=0.7161  val_acc=0.9307  macroF1=0.7220  edit=57.33  segF1@50=0.56
[b2a][epoch 17/50] loss=0.6797  val_acc=0.9373  macroF1=0.7558  edit=64.68  segF1@50=0.62
[b2a][epoch 18/50] loss=0.6468  val_acc=0.9287  macroF1=0.7247  edit=40.78  segF1@50=0.39
[b2a][epoch 19/50] loss=0.6410  val_acc=0.9399  macroF1=0.7646  edit=51.59  segF1@50=0.52
[b2a][epoch 20/50] loss=0.6551  val_acc=0.9413  macroF1=0.7695  edit=69.73  segF1@50=0.61
[b2a][epoch 21/50] loss=0.5844  val_acc=0.9432  macroF1=0.7782  edit=58.97  segF1@50=0.58
[b2a][epoch 22/50] loss=0.5898  val_acc=0.9360  macroF1=0.7710  edit=44.05  segF1@50=0.39
[b2a][epoch 23/50] loss=0.5746  val_acc=0.9419  macroF1=0.7806  edit=50.62  segF1@50=0.51
[b2a][epoch 24/50] loss=0.5516  val_acc=0.9479  macroF1=0.7912  edit=60.92  segF1@50=0.61
[b2a][epoch 25/50] loss=0.5238  val_acc=0.9452  macroF1=0.7894  edit=48.93  segF1@50=0.49
[b2a][epoch 26/50] loss=0.5214  val_acc=0.9518  macroF1=0.8032  edit=60.22  segF1@50=0.64
[b2a][epoch 27/50] loss=0.4963  val_acc=0.9465  macroF1=0.7898  edit=50.22  segF1@50=0.50
[b2a][epoch 28/50] loss=0.4970  val_acc=0.9485  macroF1=0.7979  edit=52.44  segF1@50=0.55
[b2a][epoch 29/50] loss=0.4793  val_acc=0.9465  macroF1=0.7956  edit=48.02  segF1@50=0.48
[b2a][epoch 30/50] loss=0.4726  val_acc=0.9439  macroF1=0.7860  edit=47.65  segF1@50=0.50
[b2a][epoch 31/50] loss=0.4813  val_acc=0.9419  macroF1=0.7939  edit=47.53  segF1@50=0.44
[b2a][epoch 32/50] loss=0.5002  val_acc=0.9505  macroF1=0.8036  edit=55.78  segF1@50=0.58
[b2a][epoch 33/50] loss=0.4987  val_acc=0.9419  macroF1=0.7972  edit=50.00  segF1@50=0.43
[b2a][epoch 34/50] loss=0.4874  val_acc=0.9452  macroF1=0.7906  edit=65.56  segF1@50=0.65
[b2a][epoch 35/50] loss=0.4564  val_acc=0.9479  macroF1=0.8012  edit=56.44  segF1@50=0.54
[b2a][epoch 36/50] loss=0.4469  val_acc=0.9505  macroF1=0.7976  edit=56.27  segF1@50=0.60
[b2a][epoch 37/50] loss=0.4385  val_acc=0.9446  macroF1=0.7986  edit=48.01  segF1@50=0.45
[b2a][epoch 38/50] loss=0.4266  val_acc=0.9512  macroF1=0.8005  edit=61.90  segF1@50=0.61
[b2a][epoch 39/50] loss=0.4145  val_acc=0.9465  macroF1=0.7994  edit=48.93  segF1@50=0.49
[b2a][epoch 40/50] loss=0.4158  val_acc=0.9465  macroF1=0.7855  edit=52.78  segF1@50=0.55
[b2a][epoch 41/50] loss=0.4336  val_acc=0.9413  macroF1=0.7943  edit=43.73  segF1@50=0.41
[b2a][epoch 42/50] loss=0.4077  val_acc=0.9492  macroF1=0.7945  edit=60.26  segF1@50=0.62
[b2a][epoch 43/50] loss=0.4034  val_acc=0.9485  macroF1=0.8022  edit=53.93  segF1@50=0.55
[b2a][epoch 44/50] loss=0.3882  val_acc=0.9485  macroF1=0.7944  edit=50.64  segF1@50=0.58
[b2a][epoch 45/50] loss=0.3734  val_acc=0.9518  macroF1=0.8034  edit=62.96  segF1@50=0.62
[b2a][epoch 46/50] loss=0.3767  val_acc=0.9485  macroF1=0.8000  edit=59.78  segF1@50=0.55
[b2a][epoch 47/50] loss=0.3704  val_acc=0.9498  macroF1=0.7974  edit=58.56  segF1@50=0.61
[b2a][epoch 48/50] loss=0.3631  val_acc=0.9479  macroF1=0.8012  edit=51.85  segF1@50=0.51
[b2a][epoch 49/50] loss=0.3575  val_acc=0.9512  macroF1=0.8045  edit=62.67  segF1@50=0.61
[b2a][epoch 50/50] loss=0.3495  val_acc=0.9512  macroF1=0.8051  edit=62.96  segF1@50=0.62
[b2a] best @epoch 26: acc=0.9518 macroF1=0.8032
[b2a] evidence written -> /home/ubuntu/slocal2/m2/experiments/transfer/b2a_ro_oracle_bsnoise_p010_002_b2a_ro_oracle_bsnoise_p010_seed123
