[b2a] train clips=13  val clips=3  in_dim=2063  tool_source=pred  classes=9  device=cuda
[b2a] evidence dir: /home/ubuntu/slocal2/m2/experiments/transfer/b2a_regiononly_mask_13_002_b2a_regiononly_mask_13_seed123
[b2a][epoch 1/50] loss=3.6408  val_acc=0.4389  macroF1=0.1400  edit=8.22  segF1@50=0.00
[b2a][epoch 2/50] loss=2.8933  val_acc=0.3630  macroF1=0.0773  edit=2.67  segF1@50=0.17
[b2a][epoch 3/50] loss=2.5665  val_acc=0.3340  macroF1=0.0715  edit=9.67  segF1@50=0.00
[b2a][epoch 4/50] loss=2.2463  val_acc=0.5921  macroF1=0.1970  edit=18.78  segF1@50=0.21
[b2a][epoch 5/50] loss=1.8901  val_acc=0.6700  macroF1=0.2283  edit=16.33  segF1@50=0.19
[b2a][epoch 6/50] loss=1.5335  val_acc=0.6752  macroF1=0.2301  edit=35.67  segF1@50=0.24
[b2a][epoch 7/50] loss=1.3725  val_acc=0.6779  macroF1=0.2312  edit=30.33  segF1@50=0.25
[b2a][epoch 8/50] loss=1.2383  val_acc=0.7716  macroF1=0.3580  edit=29.21  segF1@50=0.24
[b2a][epoch 9/50] loss=1.1141  val_acc=0.7855  macroF1=0.3593  edit=29.48  segF1@50=0.24
[b2a][epoch 10/50] loss=1.0152  val_acc=0.7980  macroF1=0.3994  edit=33.36  segF1@50=0.24
[b2a][epoch 11/50] loss=0.9460  val_acc=0.8152  macroF1=0.4570  edit=37.21  segF1@50=0.32
[b2a][epoch 12/50] loss=0.9069  val_acc=0.8977  macroF1=0.6520  edit=36.54  segF1@50=0.38
[b2a][epoch 13/50] loss=0.8235  val_acc=0.9182  macroF1=0.6836  edit=44.98  segF1@50=0.50
[b2a][epoch 14/50] loss=0.7591  val_acc=0.9063  macroF1=0.6909  edit=31.94  segF1@50=0.30
[b2a][epoch 15/50] loss=0.7159  val_acc=0.9254  macroF1=0.7386  edit=37.81  segF1@50=0.44
[b2a][epoch 16/50] loss=0.6813  val_acc=0.9234  macroF1=0.7342  edit=45.72  segF1@50=0.47
[b2a][epoch 17/50] loss=0.6495  val_acc=0.9307  macroF1=0.7526  edit=47.36  segF1@50=0.52
[b2a][epoch 18/50] loss=0.6134  val_acc=0.9241  macroF1=0.7358  edit=45.98  segF1@50=0.47
[b2a][epoch 19/50] loss=0.6000  val_acc=0.9353  macroF1=0.7663  edit=43.18  segF1@50=0.45
[b2a][epoch 20/50] loss=0.6097  val_acc=0.9201  macroF1=0.7148  edit=46.33  segF1@50=0.47
[b2a][epoch 21/50] loss=0.6623  val_acc=0.9320  macroF1=0.7699  edit=35.96  segF1@50=0.38
[b2a][epoch 22/50] loss=0.6143  val_acc=0.9241  macroF1=0.7335  edit=40.74  segF1@50=0.40
[b2a][epoch 23/50] loss=0.5564  val_acc=0.9393  macroF1=0.7809  edit=42.20  segF1@50=0.45
[b2a][epoch 24/50] loss=0.5266  val_acc=0.9294  macroF1=0.7606  edit=44.18  segF1@50=0.42
[b2a][epoch 25/50] loss=0.5053  val_acc=0.9366  macroF1=0.7789  edit=41.97  segF1@50=0.43
[b2a][epoch 26/50] loss=0.4865  val_acc=0.9380  macroF1=0.7718  edit=39.68  segF1@50=0.45
[b2a][epoch 27/50] loss=0.4718  val_acc=0.9380  macroF1=0.7762  edit=45.25  segF1@50=0.45
[b2a][epoch 28/50] loss=0.4649  val_acc=0.9386  macroF1=0.7765  edit=39.34  segF1@50=0.40
[b2a][epoch 29/50] loss=0.4564  val_acc=0.9307  macroF1=0.7632  edit=43.25  segF1@50=0.42
[b2a][epoch 30/50] loss=0.4651  val_acc=0.9426  macroF1=0.7886  edit=34.63  segF1@50=0.40
[b2a][epoch 31/50] loss=0.4556  val_acc=0.9333  macroF1=0.7560  edit=41.93  segF1@50=0.42
[b2a][epoch 32/50] loss=0.4243  val_acc=0.9380  macroF1=0.7816  edit=38.15  segF1@50=0.39
[b2a][epoch 33/50] loss=0.4252  val_acc=0.9399  macroF1=0.7814  edit=37.22  segF1@50=0.39
[b2a][epoch 34/50] loss=0.4184  val_acc=0.9353  macroF1=0.7696  edit=43.59  segF1@50=0.49
[b2a][epoch 35/50] loss=0.4239  val_acc=0.9432  macroF1=0.7982  edit=36.69  segF1@50=0.39
[b2a][epoch 36/50] loss=0.4236  val_acc=0.9347  macroF1=0.7585  edit=37.55  segF1@50=0.39
[b2a][epoch 37/50] loss=0.4305  val_acc=0.9492  macroF1=0.8080  edit=35.88  segF1@50=0.40
[b2a][epoch 38/50] loss=0.4068  val_acc=0.9386  macroF1=0.7812  edit=43.16  segF1@50=0.44
[b2a][epoch 39/50] loss=0.3885  val_acc=0.9432  macroF1=0.7881  edit=36.93  segF1@50=0.40
[b2a][epoch 40/50] loss=0.3897  val_acc=0.9380  macroF1=0.7732  edit=38.81  segF1@50=0.40
[b2a][epoch 41/50] loss=0.3954  val_acc=0.9432  macroF1=0.7903  edit=36.00  segF1@50=0.42
[b2a][epoch 42/50] loss=0.3743  val_acc=0.9386  macroF1=0.7785  edit=43.78  segF1@50=0.48
[b2a][epoch 43/50] loss=0.3640  val_acc=0.9459  macroF1=0.7962  edit=39.15  segF1@50=0.46
[b2a][epoch 44/50] loss=0.3574  val_acc=0.9419  macroF1=0.7845  edit=38.15  segF1@50=0.40
[b2a][epoch 45/50] loss=0.3470  val_acc=0.9439  macroF1=0.7877  edit=39.71  segF1@50=0.46
[b2a][epoch 46/50] loss=0.3475  val_acc=0.9413  macroF1=0.7880  edit=42.05  segF1@50=0.44
[b2a][epoch 47/50] loss=0.3545  val_acc=0.9465  macroF1=0.8010  edit=36.30  segF1@50=0.39
[b2a][epoch 48/50] loss=0.3493  val_acc=0.9413  macroF1=0.7831  edit=41.37  segF1@50=0.43
[b2a][epoch 49/50] loss=0.3388  val_acc=0.9492  macroF1=0.8053  edit=40.63  segF1@50=0.45
[b2a][epoch 50/50] loss=0.3290  val_acc=0.9413  macroF1=0.7810  edit=41.07  segF1@50=0.47
[b2a] best @epoch 37: acc=0.9492 macroF1=0.8080
[b2a] evidence written -> /home/ubuntu/slocal2/m2/experiments/transfer/b2a_regiononly_mask_13_002_b2a_regiononly_mask_13_seed123
