[b2a] train clips=13  val clips=3  in_dim=2063  tool_source=oracle  classes=9  device=cuda
[b2a] evidence dir: /home/ubuntu/slocal2/m2/experiments/transfer/b2a_ro_oracle_noise000_012_b2a_ro_oracle_noise000_seed456
[b2a][epoch 1/50] loss=3.5506  val_acc=0.3677  macroF1=0.0768  edit=18.00  segF1@50=0.22
[b2a][epoch 2/50] loss=2.9968  val_acc=0.3776  macroF1=0.1053  edit=10.33  segF1@50=0.01
[b2a][epoch 3/50] loss=2.8353  val_acc=0.4706  macroF1=0.1460  edit=9.44  segF1@50=0.05
[b2a][epoch 4/50] loss=2.7990  val_acc=0.3677  macroF1=0.0768  edit=18.00  segF1@50=0.22
[b2a][epoch 5/50] loss=2.5984  val_acc=0.5908  macroF1=0.1959  edit=13.47  segF1@50=0.04
[b2a][epoch 6/50] loss=2.4156  val_acc=0.5380  macroF1=0.1840  edit=14.49  segF1@50=0.00
[b2a][epoch 7/50] loss=2.4906  val_acc=0.6205  macroF1=0.2126  edit=16.67  segF1@50=0.06
[b2a][epoch 8/50] loss=2.1448  val_acc=0.6046  macroF1=0.2010  edit=31.60  segF1@50=0.22
[b2a][epoch 9/50] loss=1.9851  val_acc=0.6620  macroF1=0.2248  edit=36.83  segF1@50=0.25
[b2a][epoch 10/50] loss=1.8693  val_acc=0.6515  macroF1=0.2226  edit=41.00  segF1@50=0.25
[b2a][epoch 11/50] loss=1.8599  val_acc=0.6746  macroF1=0.2332  edit=31.01  segF1@50=0.26
[b2a][epoch 12/50] loss=1.7708  val_acc=0.6746  macroF1=0.2366  edit=37.43  segF1@50=0.29
[b2a][epoch 13/50] loss=1.7238  val_acc=0.6766  macroF1=0.2579  edit=50.67  segF1@50=0.25
[b2a][epoch 14/50] loss=1.7336  val_acc=0.6581  macroF1=0.2468  edit=42.44  segF1@50=0.26
[b2a][epoch 15/50] loss=1.7827  val_acc=0.6785  macroF1=0.2473  edit=32.82  segF1@50=0.26
[b2a][epoch 16/50] loss=1.6928  val_acc=0.6904  macroF1=0.2798  edit=18.38  segF1@50=0.20
[b2a][epoch 17/50] loss=1.6169  val_acc=0.6785  macroF1=0.2584  edit=31.33  segF1@50=0.22
[b2a][epoch 18/50] loss=1.6038  val_acc=0.6792  macroF1=0.2641  edit=34.00  segF1@50=0.21
[b2a][epoch 19/50] loss=1.6069  val_acc=0.6950  macroF1=0.2847  edit=18.83  segF1@50=0.26
[b2a][epoch 20/50] loss=1.6051  val_acc=0.6970  macroF1=0.2873  edit=23.58  segF1@50=0.26
[b2a][epoch 21/50] loss=1.5348  val_acc=0.7043  macroF1=0.2977  edit=22.89  segF1@50=0.26
[b2a][epoch 22/50] loss=1.4946  val_acc=0.6997  macroF1=0.2903  edit=37.21  segF1@50=0.29
[b2a][epoch 23/50] loss=1.4376  val_acc=0.6858  macroF1=0.2732  edit=23.39  segF1@50=0.24
[b2a][epoch 24/50] loss=1.4064  val_acc=0.7175  macroF1=0.3212  edit=20.04  segF1@50=0.24
[b2a][epoch 25/50] loss=1.4007  val_acc=0.7399  macroF1=0.3638  edit=32.73  segF1@50=0.27
[b2a][epoch 26/50] loss=1.3420  val_acc=0.7406  macroF1=0.3595  edit=35.11  segF1@50=0.30
[b2a][epoch 27/50] loss=1.3585  val_acc=0.7195  macroF1=0.3301  edit=33.83  segF1@50=0.28
[b2a][epoch 28/50] loss=1.3501  val_acc=0.7677  macroF1=0.4243  edit=22.56  segF1@50=0.23
[b2a][epoch 29/50] loss=1.2890  val_acc=0.7195  macroF1=0.3308  edit=30.22  segF1@50=0.26
[b2a][epoch 30/50] loss=1.2495  val_acc=0.7881  macroF1=0.5010  edit=31.73  segF1@50=0.27
[b2a][epoch 31/50] loss=1.2190  val_acc=0.7677  macroF1=0.4303  edit=34.08  segF1@50=0.29
[b2a][epoch 32/50] loss=1.2411  val_acc=0.7558  macroF1=0.4328  edit=33.78  segF1@50=0.27
[b2a][epoch 33/50] loss=1.2377  val_acc=0.7809  macroF1=0.4805  edit=36.83  segF1@50=0.29
[b2a][epoch 34/50] loss=1.1471  val_acc=0.7650  macroF1=0.4477  edit=32.38  segF1@50=0.27
[b2a][epoch 35/50] loss=1.1312  val_acc=0.7505  macroF1=0.3926  edit=34.52  segF1@50=0.29
[b2a][epoch 36/50] loss=1.1247  val_acc=0.7294  macroF1=0.4668  edit=29.76  segF1@50=0.27
[b2a][epoch 37/50] loss=1.1181  val_acc=0.7267  macroF1=0.4675  edit=35.62  segF1@50=0.29
[b2a][epoch 38/50] loss=1.0945  val_acc=0.7564  macroF1=0.4281  edit=30.16  segF1@50=0.29
[b2a][epoch 39/50] loss=1.1002  val_acc=0.7373  macroF1=0.4212  edit=29.40  segF1@50=0.29
[b2a][epoch 40/50] loss=1.0955  val_acc=0.7710  macroF1=0.4810  edit=36.61  segF1@50=0.29
[b2a][epoch 41/50] loss=1.0678  val_acc=0.7828  macroF1=0.4936  edit=34.57  segF1@50=0.30
[b2a][epoch 42/50] loss=1.0358  val_acc=0.7749  macroF1=0.4900  edit=31.12  segF1@50=0.29
[b2a][epoch 43/50] loss=1.0346  val_acc=0.7525  macroF1=0.4442  edit=35.86  segF1@50=0.28
[b2a][epoch 44/50] loss=1.0146  val_acc=0.7611  macroF1=0.4815  edit=33.37  segF1@50=0.30
[b2a][epoch 45/50] loss=0.9763  val_acc=0.7657  macroF1=0.4706  edit=36.22  segF1@50=0.30
[b2a][epoch 46/50] loss=0.9672  val_acc=0.7617  macroF1=0.4922  edit=34.43  segF1@50=0.27
[b2a][epoch 47/50] loss=0.9763  val_acc=0.7228  macroF1=0.4691  edit=35.42  segF1@50=0.29
[b2a][epoch 48/50] loss=1.0350  val_acc=0.7762  macroF1=0.4735  edit=33.26  segF1@50=0.31
[b2a][epoch 49/50] loss=1.0270  val_acc=0.7762  macroF1=0.4817  edit=33.61  segF1@50=0.28
[b2a][epoch 50/50] loss=0.9709  val_acc=0.7729  macroF1=0.5147  edit=32.84  segF1@50=0.28
[b2a] best @epoch 30: acc=0.7881 macroF1=0.5010
[b2a] evidence written -> /home/ubuntu/slocal2/m2/experiments/transfer/b2a_ro_oracle_noise000_012_b2a_ro_oracle_noise000_seed456
