[b2a] train clips=13  val clips=3  in_dim=2063  tool_source=pred  classes=9  device=cuda
[b2a] evidence dir: /home/ubuntu/slocal2/m2/experiments/transfer/b2a_regiononly_mask_08_002_b2a_regiononly_mask_08_seed123
[b2a][epoch 1/50] loss=3.6427  val_acc=0.4389  macroF1=0.1400  edit=8.22  segF1@50=0.00
[b2a][epoch 2/50] loss=2.9012  val_acc=0.3637  macroF1=0.0774  edit=11.00  segF1@50=0.11
[b2a][epoch 3/50] loss=2.5808  val_acc=0.3340  macroF1=0.0715  edit=9.67  segF1@50=0.00
[b2a][epoch 4/50] loss=2.2719  val_acc=0.5584  macroF1=0.1845  edit=8.00  segF1@50=0.17
[b2a][epoch 5/50] loss=1.9384  val_acc=0.6726  macroF1=0.2290  edit=13.67  segF1@50=0.19
[b2a][epoch 6/50] loss=1.5528  val_acc=0.6713  macroF1=0.2290  edit=24.67  segF1@50=0.15
[b2a][epoch 7/50] loss=1.3831  val_acc=0.6779  macroF1=0.2312  edit=33.00  segF1@50=0.24
[b2a][epoch 8/50] loss=1.2357  val_acc=0.7380  macroF1=0.3273  edit=26.67  segF1@50=0.19
[b2a][epoch 9/50] loss=1.1059  val_acc=0.7822  macroF1=0.3606  edit=31.87  segF1@50=0.26
[b2a][epoch 10/50] loss=1.0004  val_acc=0.8099  macroF1=0.4383  edit=29.68  segF1@50=0.24
[b2a][epoch 11/50] loss=0.9071  val_acc=0.8739  macroF1=0.6073  edit=36.89  segF1@50=0.32
[b2a][epoch 12/50] loss=0.8623  val_acc=0.9142  macroF1=0.6756  edit=31.41  segF1@50=0.35
[b2a][epoch 13/50] loss=0.7814  val_acc=0.9168  macroF1=0.6731  edit=36.67  segF1@50=0.40
[b2a][epoch 14/50] loss=0.7114  val_acc=0.9221  macroF1=0.7169  edit=42.14  segF1@50=0.44
[b2a][epoch 15/50] loss=0.6743  val_acc=0.9287  macroF1=0.7415  edit=39.07  segF1@50=0.43
[b2a][epoch 16/50] loss=0.6486  val_acc=0.9175  macroF1=0.7010  edit=45.00  segF1@50=0.44
[b2a][epoch 17/50] loss=0.6171  val_acc=0.9380  macroF1=0.7672  edit=41.57  segF1@50=0.49
[b2a][epoch 18/50] loss=0.5910  val_acc=0.9201  macroF1=0.7050  edit=39.44  segF1@50=0.37
[b2a][epoch 19/50] loss=0.5731  val_acc=0.9300  macroF1=0.7442  edit=40.15  segF1@50=0.39
[b2a][epoch 20/50] loss=0.5744  val_acc=0.9281  macroF1=0.7460  edit=45.45  segF1@50=0.47
[b2a][epoch 21/50] loss=0.5273  val_acc=0.9340  macroF1=0.7628  edit=41.01  segF1@50=0.45
[b2a][epoch 22/50] loss=0.5388  val_acc=0.9261  macroF1=0.7343  edit=39.81  segF1@50=0.40
[b2a][epoch 23/50] loss=0.5474  val_acc=0.9406  macroF1=0.7915  edit=40.17  segF1@50=0.44
[b2a][epoch 24/50] loss=0.4947  val_acc=0.9281  macroF1=0.7410  edit=41.36  segF1@50=0.41
[b2a][epoch 25/50] loss=0.4839  val_acc=0.9393  macroF1=0.7878  edit=35.83  segF1@50=0.38
[b2a][epoch 26/50] loss=0.4690  val_acc=0.9380  macroF1=0.7701  edit=46.57  segF1@50=0.51
[b2a][epoch 27/50] loss=0.4488  val_acc=0.9380  macroF1=0.7812  edit=37.52  segF1@50=0.39
[b2a][epoch 28/50] loss=0.4389  val_acc=0.9360  macroF1=0.7730  edit=39.34  segF1@50=0.40
[b2a][epoch 29/50] loss=0.4304  val_acc=0.9333  macroF1=0.7703  edit=44.70  segF1@50=0.44
[b2a][epoch 30/50] loss=0.4486  val_acc=0.9426  macroF1=0.7836  edit=39.34  segF1@50=0.41
[b2a][epoch 31/50] loss=0.4301  val_acc=0.9406  macroF1=0.7786  edit=40.93  segF1@50=0.43
[b2a][epoch 32/50] loss=0.4453  val_acc=0.9327  macroF1=0.7645  edit=47.24  segF1@50=0.51
[b2a][epoch 33/50] loss=0.4449  val_acc=0.9479  macroF1=0.8042  edit=41.52  segF1@50=0.49
[b2a][epoch 34/50] loss=0.4220  val_acc=0.9419  macroF1=0.7871  edit=35.83  segF1@50=0.39
[b2a][epoch 35/50] loss=0.4118  val_acc=0.9439  macroF1=0.7968  edit=35.00  segF1@50=0.37
[b2a][epoch 36/50] loss=0.3970  val_acc=0.9393  macroF1=0.7802  edit=37.88  segF1@50=0.40
[b2a][epoch 37/50] loss=0.3916  val_acc=0.9452  macroF1=0.7917  edit=40.83  segF1@50=0.48
[b2a][epoch 38/50] loss=0.3827  val_acc=0.9399  macroF1=0.7818  edit=38.83  segF1@50=0.45
[b2a][epoch 39/50] loss=0.3715  val_acc=0.9452  macroF1=0.7967  edit=35.33  segF1@50=0.39
[b2a][epoch 40/50] loss=0.3811  val_acc=0.9340  macroF1=0.7560  edit=36.99  segF1@50=0.38
[b2a][epoch 41/50] loss=0.4217  val_acc=0.9439  macroF1=0.7990  edit=33.05  segF1@50=0.37
[b2a][epoch 42/50] loss=0.3734  val_acc=0.9386  macroF1=0.7807  edit=38.61  segF1@50=0.45
[b2a][epoch 43/50] loss=0.3615  val_acc=0.9419  macroF1=0.7855  edit=38.81  segF1@50=0.41
[b2a][epoch 44/50] loss=0.3466  val_acc=0.9406  macroF1=0.7822  edit=36.60  segF1@50=0.39
[b2a][epoch 45/50] loss=0.3323  val_acc=0.9432  macroF1=0.7839  edit=39.34  segF1@50=0.45
[b2a][epoch 46/50] loss=0.3314  val_acc=0.9426  macroF1=0.7880  edit=40.96  segF1@50=0.44
[b2a][epoch 47/50] loss=0.3344  val_acc=0.9492  macroF1=0.8027  edit=37.02  segF1@50=0.40
[b2a][epoch 48/50] loss=0.3286  val_acc=0.9419  macroF1=0.7845  edit=40.28  segF1@50=0.43
[b2a][epoch 49/50] loss=0.3298  val_acc=0.9465  macroF1=0.8019  edit=34.84  segF1@50=0.39
[b2a][epoch 50/50] loss=0.3263  val_acc=0.9393  macroF1=0.7757  edit=35.13  segF1@50=0.38
[b2a] best @epoch 47: acc=0.9492 macroF1=0.8027
[b2a] evidence written -> /home/ubuntu/slocal2/m2/experiments/transfer/b2a_regiononly_mask_08_002_b2a_regiononly_mask_08_seed123
