[b2a] train clips=13  val clips=3  in_dim=2063  tool_source=oracle  classes=9  device=cuda
[b2a] evidence dir: /home/ubuntu/slocal2/m2/experiments/transfer/b2a_ro_oracle_nhnoise_p030_003_b2a_ro_oracle_nhnoise_p030_seed456
[b2a][epoch 1/50] loss=3.5163  val_acc=0.3677  macroF1=0.0768  edit=18.00  segF1@50=0.22
[b2a][epoch 2/50] loss=2.8589  val_acc=0.5696  macroF1=0.1970  edit=22.00  segF1@50=0.12
[b2a][epoch 3/50] loss=2.4629  val_acc=0.6733  macroF1=0.2260  edit=31.44  segF1@50=0.24
[b2a][epoch 4/50] loss=2.1804  val_acc=0.5789  macroF1=0.1985  edit=33.02  segF1@50=0.16
[b2a][epoch 5/50] loss=1.8636  val_acc=0.6739  macroF1=0.2292  edit=33.26  segF1@50=0.26
[b2a][epoch 6/50] loss=1.6397  val_acc=0.6515  macroF1=0.2236  edit=38.33  segF1@50=0.22
[b2a][epoch 7/50] loss=1.5956  val_acc=0.6845  macroF1=0.2300  edit=35.56  segF1@50=0.31
[b2a][epoch 8/50] loss=1.3266  val_acc=0.6911  macroF1=0.2452  edit=35.05  segF1@50=0.33
[b2a][epoch 9/50] loss=1.2448  val_acc=0.7096  macroF1=0.2962  edit=26.94  segF1@50=0.20
[b2a][epoch 10/50] loss=1.1526  val_acc=0.8422  macroF1=0.4930  edit=41.58  segF1@50=0.44
[b2a][epoch 11/50] loss=1.0408  val_acc=0.8482  macroF1=0.4954  edit=46.44  segF1@50=0.46
[b2a][epoch 12/50] loss=0.9541  val_acc=0.8634  macroF1=0.5412  edit=67.00  segF1@50=0.56
[b2a][epoch 13/50] loss=0.8826  val_acc=0.8653  macroF1=0.5434  edit=50.51  segF1@50=0.51
[b2a][epoch 14/50] loss=0.8248  val_acc=0.9333  macroF1=0.7544  edit=59.71  segF1@50=0.69
[b2a][epoch 15/50] loss=0.7786  val_acc=0.8884  macroF1=0.6509  edit=50.00  segF1@50=0.50
[b2a][epoch 16/50] loss=0.7832  val_acc=0.9498  macroF1=0.7952  edit=75.33  segF1@50=0.80
[b2a][epoch 17/50] loss=0.7320  val_acc=0.9459  macroF1=0.7924  edit=64.00  segF1@50=0.64
[b2a][epoch 18/50] loss=0.6929  val_acc=0.9525  macroF1=0.8014  edit=70.89  segF1@50=0.76
[b2a][epoch 19/50] loss=0.6594  val_acc=0.9531  macroF1=0.8030  edit=68.65  segF1@50=0.74
[b2a][epoch 20/50] loss=0.6363  val_acc=0.9538  macroF1=0.8083  edit=68.65  segF1@50=0.74
[b2a][epoch 21/50] loss=0.6152  val_acc=0.9498  macroF1=0.8105  edit=62.96  segF1@50=0.68
[b2a][epoch 22/50] loss=0.6055  val_acc=0.9545  macroF1=0.8155  edit=68.52  segF1@50=0.77
[b2a][epoch 23/50] loss=0.5912  val_acc=0.9578  macroF1=0.8196  edit=68.52  segF1@50=0.77
[b2a][epoch 24/50] loss=0.5861  val_acc=0.9393  macroF1=0.8113  edit=58.33  segF1@50=0.63
[b2a][epoch 25/50] loss=0.5785  val_acc=0.9578  macroF1=0.8229  edit=68.52  segF1@50=0.78
[b2a][epoch 26/50] loss=0.5610  val_acc=0.9571  macroF1=0.8181  edit=66.27  segF1@50=0.77
[b2a][epoch 27/50] loss=0.5436  val_acc=0.9512  macroF1=0.8222  edit=66.67  segF1@50=0.76
[b2a][epoch 28/50] loss=0.5292  val_acc=0.9525  macroF1=0.8185  edit=58.33  segF1@50=0.65
[b2a][epoch 29/50] loss=0.5529  val_acc=0.9446  macroF1=0.8152  edit=47.59  segF1@50=0.52
[b2a][epoch 30/50] loss=0.5265  val_acc=0.9597  macroF1=0.8251  edit=70.94  segF1@50=0.79
[b2a][epoch 31/50] loss=0.4908  val_acc=0.9505  macroF1=0.8233  edit=60.22  segF1@50=0.65
[b2a][epoch 32/50] loss=0.4767  val_acc=0.9597  macroF1=0.8284  edit=68.65  segF1@50=0.79
[b2a][epoch 33/50] loss=0.4745  val_acc=0.9512  macroF1=0.8279  edit=64.93  segF1@50=0.75
[b2a][epoch 34/50] loss=0.4606  val_acc=0.9597  macroF1=0.8309  edit=67.62  segF1@50=0.79
[b2a][epoch 35/50] loss=0.4562  val_acc=0.9611  macroF1=0.8306  edit=68.65  segF1@50=0.79
[b2a][epoch 36/50] loss=0.4460  val_acc=0.9597  macroF1=0.8301  edit=68.65  segF1@50=0.79
[b2a][epoch 37/50] loss=0.4352  val_acc=0.9584  macroF1=0.8303  edit=66.67  segF1@50=0.78
[b2a][epoch 38/50] loss=0.4335  val_acc=0.9413  macroF1=0.8256  edit=64.00  segF1@50=0.68
[b2a][epoch 39/50] loss=0.4583  val_acc=0.9452  macroF1=0.8231  edit=53.03  segF1@50=0.61
[b2a][epoch 40/50] loss=0.4625  val_acc=0.9591  macroF1=0.8265  edit=60.86  segF1@50=0.66
[b2a][epoch 41/50] loss=0.4597  val_acc=0.9571  macroF1=0.8298  edit=60.22  segF1@50=0.73
[b2a][epoch 42/50] loss=0.4392  val_acc=0.9432  macroF1=0.8158  edit=55.99  segF1@50=0.62
[b2a][epoch 43/50] loss=0.4331  val_acc=0.9604  macroF1=0.8293  edit=65.77  segF1@50=0.74
[b2a][epoch 44/50] loss=0.4270  val_acc=0.9512  macroF1=0.8253  edit=54.66  segF1@50=0.65
[b2a][epoch 45/50] loss=0.4275  val_acc=0.9432  macroF1=0.8135  edit=51.37  segF1@50=0.58
[b2a][epoch 46/50] loss=0.4504  val_acc=0.9564  macroF1=0.8285  edit=53.15  segF1@50=0.66
[b2a][epoch 47/50] loss=0.4053  val_acc=0.9531  macroF1=0.8229  edit=53.97  segF1@50=0.62
[b2a][epoch 48/50] loss=0.3839  val_acc=0.9591  macroF1=0.8324  edit=61.11  segF1@50=0.74
[b2a][epoch 49/50] loss=0.3779  val_acc=0.9538  macroF1=0.8292  edit=64.93  segF1@50=0.75
[b2a][epoch 50/50] loss=0.3657  val_acc=0.9571  macroF1=0.8262  edit=55.95  segF1@50=0.66
[b2a] best @epoch 35: acc=0.9611 macroF1=0.8306
[b2a] evidence written -> /home/ubuntu/slocal2/m2/experiments/transfer/b2a_ro_oracle_nhnoise_p030_003_b2a_ro_oracle_nhnoise_p030_seed456
