[b2a] train clips=13  val clips=3  in_dim=2063  tool_source=oracle  classes=9  device=cuda
[b2a] evidence dir: /home/ubuntu/slocal2/m2/experiments/transfer/b2a_base_oracle_top3noise_p020_003_b2a_base_oracle_top3noise_p020_seed456
[b2a][epoch 1/50] loss=3.4911  val_acc=0.3340  macroF1=0.0715  edit=9.67  segF1@50=0.00
[b2a][epoch 2/50] loss=2.8911  val_acc=0.3650  macroF1=0.0767  edit=2.67  segF1@50=0.17
[b2a][epoch 3/50] loss=2.7009  val_acc=0.3340  macroF1=0.0715  edit=9.67  segF1@50=0.00
[b2a][epoch 4/50] loss=2.6158  val_acc=0.3677  macroF1=0.0768  edit=18.00  segF1@50=0.22
[b2a][epoch 5/50] loss=2.3790  val_acc=0.6739  macroF1=0.2260  edit=32.78  segF1@50=0.13
[b2a][epoch 6/50] loss=2.0856  val_acc=0.4587  macroF1=0.1510  edit=25.78  segF1@50=0.06
[b2a][epoch 7/50] loss=2.3102  val_acc=0.3340  macroF1=0.0715  edit=9.67  segF1@50=0.00
[b2a][epoch 8/50] loss=2.3941  val_acc=0.5129  macroF1=0.1725  edit=33.82  segF1@50=0.22
[b2a][epoch 9/50] loss=1.8851  val_acc=0.4845  macroF1=0.1635  edit=25.37  segF1@50=0.01
[b2a][epoch 10/50] loss=1.8015  val_acc=0.6640  macroF1=0.2253  edit=31.33  segF1@50=0.18
[b2a][epoch 11/50] loss=1.4772  val_acc=0.6568  macroF1=0.2370  edit=42.33  segF1@50=0.23
[b2a][epoch 12/50] loss=1.3109  val_acc=0.6521  macroF1=0.2779  edit=31.54  segF1@50=0.22
[b2a][epoch 13/50] loss=1.2164  val_acc=0.7406  macroF1=0.3763  edit=29.18  segF1@50=0.22
[b2a][epoch 14/50] loss=1.1219  val_acc=0.7855  macroF1=0.4420  edit=27.43  segF1@50=0.22
[b2a][epoch 15/50] loss=1.0459  val_acc=0.7736  macroF1=0.4352  edit=33.42  segF1@50=0.27
[b2a][epoch 16/50] loss=0.9599  val_acc=0.8779  macroF1=0.6462  edit=36.62  segF1@50=0.31
[b2a][epoch 17/50] loss=0.8916  val_acc=0.8574  macroF1=0.6212  edit=25.23  segF1@50=0.21
[b2a][epoch 18/50] loss=0.8312  val_acc=0.8904  macroF1=0.6682  edit=46.84  segF1@50=0.47
[b2a][epoch 19/50] loss=0.7968  val_acc=0.8931  macroF1=0.6600  edit=30.62  segF1@50=0.29
[b2a][epoch 20/50] loss=0.7835  val_acc=0.8799  macroF1=0.6593  edit=27.96  segF1@50=0.28
[b2a][epoch 21/50] loss=0.7597  val_acc=0.8528  macroF1=0.6636  edit=37.11  segF1@50=0.30
[b2a][epoch 22/50] loss=0.7462  val_acc=0.8950  macroF1=0.6679  edit=28.68  segF1@50=0.29
[b2a][epoch 23/50] loss=0.7142  val_acc=0.8317  macroF1=0.6577  edit=18.50  segF1@50=0.12
[b2a][epoch 24/50] loss=0.6613  val_acc=0.9083  macroF1=0.6752  edit=36.24  segF1@50=0.33
[b2a][epoch 25/50] loss=0.6024  val_acc=0.9102  macroF1=0.6858  edit=40.78  segF1@50=0.38
[b2a][epoch 26/50] loss=0.5732  val_acc=0.9069  macroF1=0.6822  edit=39.11  segF1@50=0.41
[b2a][epoch 27/50] loss=0.5490  val_acc=0.8977  macroF1=0.7239  edit=40.09  segF1@50=0.36
[b2a][epoch 28/50] loss=0.5407  val_acc=0.9083  macroF1=0.6926  edit=38.51  segF1@50=0.35
[b2a][epoch 29/50] loss=0.5191  val_acc=0.9036  macroF1=0.7252  edit=40.93  segF1@50=0.37
[b2a][epoch 30/50] loss=0.5149  val_acc=0.9267  macroF1=0.7601  edit=40.00  segF1@50=0.40
[b2a][epoch 31/50] loss=0.5786  val_acc=0.9076  macroF1=0.6923  edit=37.94  segF1@50=0.33
[b2a][epoch 32/50] loss=0.4844  val_acc=0.9109  macroF1=0.7383  edit=36.08  segF1@50=0.37
[b2a][epoch 33/50] loss=0.4616  val_acc=0.9248  macroF1=0.7376  edit=49.72  segF1@50=0.51
[b2a][epoch 34/50] loss=0.4430  val_acc=0.9208  macroF1=0.7443  edit=43.46  segF1@50=0.39
[b2a][epoch 35/50] loss=0.4228  val_acc=0.9208  macroF1=0.7430  edit=36.44  segF1@50=0.38
[b2a][epoch 36/50] loss=0.4118  val_acc=0.9129  macroF1=0.7570  edit=41.75  segF1@50=0.43
[b2a][epoch 37/50] loss=0.3999  val_acc=0.9274  macroF1=0.7489  edit=43.85  segF1@50=0.45
[b2a][epoch 38/50] loss=0.3919  val_acc=0.9228  macroF1=0.7555  edit=39.10  segF1@50=0.43
[b2a][epoch 39/50] loss=0.3918  val_acc=0.9248  macroF1=0.7639  edit=41.48  segF1@50=0.45
[b2a][epoch 40/50] loss=0.3709  val_acc=0.9043  macroF1=0.7225  edit=39.78  segF1@50=0.41
[b2a][epoch 41/50] loss=0.3616  val_acc=0.9360  macroF1=0.7797  edit=42.51  segF1@50=0.44
[b2a][epoch 42/50] loss=0.3816  val_acc=0.9241  macroF1=0.7751  edit=45.94  segF1@50=0.46
[b2a][epoch 43/50] loss=0.3802  val_acc=0.9281  macroF1=0.7454  edit=43.21  segF1@50=0.46
[b2a][epoch 44/50] loss=0.3558  val_acc=0.9175  macroF1=0.7376  edit=40.20  segF1@50=0.40
[b2a][epoch 45/50] loss=0.3512  val_acc=0.9287  macroF1=0.7788  edit=49.60  segF1@50=0.52
[b2a][epoch 46/50] loss=0.3498  val_acc=0.9109  macroF1=0.7162  edit=37.43  segF1@50=0.38
[b2a][epoch 47/50] loss=0.3471  val_acc=0.8535  macroF1=0.7293  edit=35.91  segF1@50=0.36
[b2a][epoch 48/50] loss=0.4176  val_acc=0.9063  macroF1=0.6862  edit=34.79  segF1@50=0.29
[b2a][epoch 49/50] loss=0.6745  val_acc=0.9069  macroF1=0.7524  edit=41.23  segF1@50=0.45
[b2a][epoch 50/50] loss=0.4508  val_acc=0.8627  macroF1=0.6379  edit=33.80  segF1@50=0.35
[b2a] best @epoch 41: acc=0.9360 macroF1=0.7797
[b2a] evidence written -> /home/ubuntu/slocal2/m2/experiments/transfer/b2a_base_oracle_top3noise_p020_003_b2a_base_oracle_top3noise_p020_seed456
