[b2a] train clips=13  val clips=3  in_dim=2063  tool_source=oracle  classes=9  device=cuda
[b2a] evidence dir: /home/ubuntu/slocal2/m2/experiments/transfer/b2a_base_oracle_top3noise_p020_002_b2a_base_oracle_top3noise_p020_seed123
[b2a][epoch 1/50] loss=3.5644  val_acc=0.3677  macroF1=0.0768  edit=18.00  segF1@50=0.22
[b2a][epoch 2/50] loss=3.0472  val_acc=0.3677  macroF1=0.0768  edit=18.00  segF1@50=0.22
[b2a][epoch 3/50] loss=2.7474  val_acc=0.3340  macroF1=0.0715  edit=9.67  segF1@50=0.00
[b2a][epoch 4/50] loss=2.6025  val_acc=0.4772  macroF1=0.1476  edit=17.78  segF1@50=0.13
[b2a][epoch 5/50] loss=2.4173  val_acc=0.6323  macroF1=0.2110  edit=38.33  segF1@50=0.24
[b2a][epoch 6/50] loss=2.0364  val_acc=0.6733  macroF1=0.2290  edit=35.67  segF1@50=0.24
[b2a][epoch 7/50] loss=2.0444  val_acc=0.4449  macroF1=0.1442  edit=24.78  segF1@50=0.02
[b2a][epoch 8/50] loss=2.1823  val_acc=0.6442  macroF1=0.2153  edit=32.52  segF1@50=0.26
[b2a][epoch 9/50] loss=1.6831  val_acc=0.6515  macroF1=0.2242  edit=27.33  segF1@50=0.17
[b2a][epoch 10/50] loss=1.4557  val_acc=0.6746  macroF1=0.2300  edit=27.33  segF1@50=0.15
[b2a][epoch 11/50] loss=1.3513  val_acc=0.6647  macroF1=0.2631  edit=37.00  segF1@50=0.17
[b2a][epoch 12/50] loss=1.2372  val_acc=0.6884  macroF1=0.3095  edit=48.00  segF1@50=0.32
[b2a][epoch 13/50] loss=1.1441  val_acc=0.7908  macroF1=0.4370  edit=25.56  segF1@50=0.25
[b2a][epoch 14/50] loss=1.0722  val_acc=0.7769  macroF1=0.4143  edit=31.85  segF1@50=0.29
[b2a][epoch 15/50] loss=1.0140  val_acc=0.8033  macroF1=0.4538  edit=38.76  segF1@50=0.35
[b2a][epoch 16/50] loss=0.9319  val_acc=0.8059  macroF1=0.4639  edit=31.00  segF1@50=0.33
[b2a][epoch 17/50] loss=0.8962  val_acc=0.8363  macroF1=0.5892  edit=32.37  segF1@50=0.26
[b2a][epoch 18/50] loss=0.8147  val_acc=0.8205  macroF1=0.4782  edit=36.31  segF1@50=0.34
[b2a][epoch 19/50] loss=0.7693  val_acc=0.8614  macroF1=0.6214  edit=32.74  segF1@50=0.30
[b2a][epoch 20/50] loss=0.8163  val_acc=0.8931  macroF1=0.6562  edit=31.28  segF1@50=0.31
[b2a][epoch 21/50] loss=0.7958  val_acc=0.7637  macroF1=0.5028  edit=40.06  segF1@50=0.34
[b2a][epoch 22/50] loss=0.7888  val_acc=0.8964  macroF1=0.6636  edit=35.10  segF1@50=0.31
[b2a][epoch 23/50] loss=0.6671  val_acc=0.8871  macroF1=0.6768  edit=43.52  segF1@50=0.41
[b2a][epoch 24/50] loss=0.6095  val_acc=0.8944  macroF1=0.7029  edit=33.67  segF1@50=0.31
[b2a][epoch 25/50] loss=0.5761  val_acc=0.9050  macroF1=0.7124  edit=35.98  segF1@50=0.34
[b2a][epoch 26/50] loss=0.5471  val_acc=0.8964  macroF1=0.6818  edit=28.88  segF1@50=0.33
[b2a][epoch 27/50] loss=0.5733  val_acc=0.9135  macroF1=0.7253  edit=38.67  segF1@50=0.36
[b2a][epoch 28/50] loss=0.6218  val_acc=0.9155  macroF1=0.6773  edit=46.16  segF1@50=0.55
[b2a][epoch 29/50] loss=0.5688  val_acc=0.8891  macroF1=0.7143  edit=32.04  segF1@50=0.32
[b2a][epoch 30/50] loss=0.5410  val_acc=0.8587  macroF1=0.6569  edit=38.67  segF1@50=0.33
[b2a][epoch 31/50] loss=0.4946  val_acc=0.9076  macroF1=0.7364  edit=38.86  segF1@50=0.36
[b2a][epoch 32/50] loss=0.4769  val_acc=0.8983  macroF1=0.6886  edit=29.08  segF1@50=0.30
[b2a][epoch 33/50] loss=0.4440  val_acc=0.9010  macroF1=0.7273  edit=32.29  segF1@50=0.31
[b2a][epoch 34/50] loss=0.4388  val_acc=0.9083  macroF1=0.7037  edit=31.96  segF1@50=0.34
[b2a][epoch 35/50] loss=0.4277  val_acc=0.9228  macroF1=0.7736  edit=40.40  segF1@50=0.39
[b2a][epoch 36/50] loss=0.4028  val_acc=0.9023  macroF1=0.6937  edit=34.76  segF1@50=0.37
[b2a][epoch 37/50] loss=0.3958  val_acc=0.9182  macroF1=0.7615  edit=38.41  segF1@50=0.38
[b2a][epoch 38/50] loss=0.3869  val_acc=0.9221  macroF1=0.7252  edit=37.18  segF1@50=0.39
[b2a][epoch 39/50] loss=0.4052  val_acc=0.8812  macroF1=0.7398  edit=30.22  segF1@50=0.32
[b2a][epoch 40/50] loss=0.4651  val_acc=0.8997  macroF1=0.6518  edit=37.78  segF1@50=0.46
[b2a][epoch 41/50] loss=0.5508  val_acc=0.9109  macroF1=0.7553  edit=36.46  segF1@50=0.38
[b2a][epoch 42/50] loss=0.4600  val_acc=0.9155  macroF1=0.7041  edit=36.75  segF1@50=0.38
[b2a][epoch 43/50] loss=0.4272  val_acc=0.9089  macroF1=0.7538  edit=38.89  segF1@50=0.38
[b2a][epoch 44/50] loss=0.3736  val_acc=0.9089  macroF1=0.7362  edit=37.03  segF1@50=0.35
[b2a][epoch 45/50] loss=0.3508  val_acc=0.9122  macroF1=0.7336  edit=35.32  segF1@50=0.39
[b2a][epoch 46/50] loss=0.3382  val_acc=0.9241  macroF1=0.7644  edit=41.48  segF1@50=0.42
[b2a][epoch 47/50] loss=0.3345  val_acc=0.9307  macroF1=0.7707  edit=36.97  segF1@50=0.37
[b2a][epoch 48/50] loss=0.3222  val_acc=0.9182  macroF1=0.7533  edit=41.22  segF1@50=0.41
[b2a][epoch 49/50] loss=0.3101  val_acc=0.9314  macroF1=0.7758  edit=35.35  segF1@50=0.36
[b2a][epoch 50/50] loss=0.3044  val_acc=0.9281  macroF1=0.7668  edit=38.79  segF1@50=0.42
[b2a] best @epoch 49: acc=0.9314 macroF1=0.7758
[b2a] evidence written -> /home/ubuntu/slocal2/m2/experiments/transfer/b2a_base_oracle_top3noise_p020_002_b2a_base_oracle_top3noise_p020_seed123
