[b2a] train clips=13  val clips=3  in_dim=2063  tool_source=oracle  classes=9  device=cuda
[b2a] evidence dir: /home/ubuntu/slocal2/m2/experiments/transfer/b2a_ro_oracle_noise000_011_b2a_ro_oracle_noise000_seed123
[b2a][epoch 1/50] loss=3.6630  val_acc=0.4482  macroF1=0.1445  edit=13.56  segF1@50=0.00
[b2a][epoch 2/50] loss=3.0618  val_acc=0.3650  macroF1=0.0767  edit=2.67  segF1@50=0.17
[b2a][epoch 3/50] loss=2.8631  val_acc=0.3340  macroF1=0.0715  edit=9.67  segF1@50=0.00
[b2a][epoch 4/50] loss=2.8004  val_acc=0.4376  macroF1=0.1391  edit=2.67  segF1@50=0.00
[b2a][epoch 5/50] loss=2.7351  val_acc=0.4376  macroF1=0.1391  edit=2.67  segF1@50=0.00
[b2a][epoch 6/50] loss=2.6214  val_acc=0.4376  macroF1=0.1391  edit=2.67  segF1@50=0.00
[b2a][epoch 7/50] loss=2.5098  val_acc=0.4983  macroF1=0.1640  edit=18.44  segF1@50=0.00
[b2a][epoch 8/50] loss=2.3560  val_acc=0.6640  macroF1=0.2262  edit=20.25  segF1@50=0.00
[b2a][epoch 9/50] loss=2.2388  val_acc=0.6693  macroF1=0.2278  edit=23.43  segF1@50=0.01
[b2a][epoch 10/50] loss=1.9248  val_acc=0.6726  macroF1=0.2269  edit=9.83  segF1@50=0.18
[b2a][epoch 11/50] loss=1.8934  val_acc=0.6719  macroF1=0.2276  edit=13.40  segF1@50=0.11
[b2a][epoch 12/50] loss=1.7986  val_acc=0.6686  macroF1=0.2379  edit=12.65  segF1@50=0.10
[b2a][epoch 13/50] loss=1.8417  val_acc=0.6759  macroF1=0.2335  edit=16.18  segF1@50=0.15
[b2a][epoch 14/50] loss=1.7395  val_acc=0.6759  macroF1=0.2364  edit=18.83  segF1@50=0.21
[b2a][epoch 15/50] loss=1.7106  val_acc=0.6812  macroF1=0.2574  edit=18.83  segF1@50=0.24
[b2a][epoch 16/50] loss=1.6993  val_acc=0.6647  macroF1=0.2345  edit=25.78  segF1@50=0.19
[b2a][epoch 17/50] loss=1.6681  val_acc=0.6719  macroF1=0.2728  edit=43.67  segF1@50=0.16
[b2a][epoch 18/50] loss=1.6232  val_acc=0.6904  macroF1=0.2796  edit=20.36  segF1@50=0.15
[b2a][epoch 19/50] loss=1.6154  val_acc=0.6997  macroF1=0.3088  edit=20.94  segF1@50=0.14
[b2a][epoch 20/50] loss=1.6188  val_acc=0.6772  macroF1=0.2776  edit=12.97  segF1@50=0.10
[b2a][epoch 21/50] loss=1.5311  val_acc=0.6832  macroF1=0.2608  edit=26.42  segF1@50=0.17
[b2a][epoch 22/50] loss=1.4851  val_acc=0.6812  macroF1=0.2705  edit=29.48  segF1@50=0.18
[b2a][epoch 23/50] loss=1.4778  val_acc=0.7538  macroF1=0.4268  edit=13.97  segF1@50=0.10
[b2a][epoch 24/50] loss=1.5069  val_acc=0.7320  macroF1=0.3567  edit=21.99  segF1@50=0.14
[b2a][epoch 25/50] loss=1.4192  val_acc=0.8185  macroF1=0.5094  edit=14.58  segF1@50=0.13
[b2a][epoch 26/50] loss=1.3672  val_acc=0.7650  macroF1=0.3849  edit=23.25  segF1@50=0.16
[b2a][epoch 27/50] loss=1.3473  val_acc=0.7941  macroF1=0.4606  edit=18.22  segF1@50=0.14
[b2a][epoch 28/50] loss=1.3840  val_acc=0.8145  macroF1=0.5056  edit=17.28  segF1@50=0.18
[b2a][epoch 29/50] loss=1.4147  val_acc=0.8066  macroF1=0.4909  edit=15.09  segF1@50=0.13
[b2a][epoch 30/50] loss=1.4698  val_acc=0.7934  macroF1=0.5015  edit=15.19  segF1@50=0.20
[b2a][epoch 31/50] loss=1.3468  val_acc=0.8284  macroF1=0.5449  edit=19.11  segF1@50=0.14
[b2a][epoch 32/50] loss=1.3000  val_acc=0.8363  macroF1=0.5690  edit=14.38  segF1@50=0.12
[b2a][epoch 33/50] loss=1.2389  val_acc=0.8304  macroF1=0.5540  edit=14.98  segF1@50=0.15
[b2a][epoch 34/50] loss=1.2082  val_acc=0.8046  macroF1=0.5106  edit=19.19  segF1@50=0.15
[b2a][epoch 35/50] loss=1.1961  val_acc=0.8290  macroF1=0.5755  edit=16.51  segF1@50=0.21
[b2a][epoch 36/50] loss=1.1840  val_acc=0.8112  macroF1=0.5471  edit=17.33  segF1@50=0.18
[b2a][epoch 37/50] loss=1.1438  val_acc=0.8343  macroF1=0.5756  edit=19.29  segF1@50=0.14
[b2a][epoch 38/50] loss=1.1189  val_acc=0.8185  macroF1=0.5349  edit=17.67  segF1@50=0.15
[b2a][epoch 39/50] loss=1.1041  val_acc=0.8271  macroF1=0.5606  edit=16.22  segF1@50=0.14
[b2a][epoch 40/50] loss=1.1038  val_acc=0.8185  macroF1=0.5415  edit=16.11  segF1@50=0.16
[b2a][epoch 41/50] loss=1.1074  val_acc=0.8020  macroF1=0.5531  edit=17.61  segF1@50=0.14
[b2a][epoch 42/50] loss=1.0789  val_acc=0.8145  macroF1=0.5401  edit=19.19  segF1@50=0.15
[b2a][epoch 43/50] loss=1.0410  val_acc=0.8026  macroF1=0.5383  edit=17.43  segF1@50=0.13
[b2a][epoch 44/50] loss=1.0182  val_acc=0.8099  macroF1=0.5270  edit=15.27  segF1@50=0.16
[b2a][epoch 45/50] loss=1.0107  val_acc=0.8020  macroF1=0.5482  edit=20.49  segF1@50=0.22
[b2a][epoch 46/50] loss=1.0305  val_acc=0.8053  macroF1=0.5494  edit=19.29  segF1@50=0.14
[b2a][epoch 47/50] loss=0.9799  val_acc=0.8053  macroF1=0.5373  edit=17.20  segF1@50=0.18
[b2a][epoch 48/50] loss=0.9725  val_acc=0.8145  macroF1=0.5687  edit=16.75  segF1@50=0.16
[b2a][epoch 49/50] loss=0.9576  val_acc=0.8139  macroF1=0.5471  edit=18.81  segF1@50=0.19
[b2a][epoch 50/50] loss=0.9112  val_acc=0.8178  macroF1=0.5641  edit=17.73  segF1@50=0.14
[b2a] best @epoch 32: acc=0.8363 macroF1=0.5690
[b2a] evidence written -> /home/ubuntu/slocal2/m2/experiments/transfer/b2a_ro_oracle_noise000_011_b2a_ro_oracle_noise000_seed123
