[b2a] train clips=13  val clips=3  in_dim=2063  tool_source=oracle  classes=9  device=cuda
[b2a] evidence dir: /home/ubuntu/slocal2/m2/experiments/transfer/b2a_det2phase_oracletool_004_b2a_det2phase_oracletool_seed42
[b2a][epoch 1/50] loss=3.7475  val_acc=0.3624  macroF1=0.0766  edit=2.67  segF1@50=0.17
[b2a][epoch 2/50] loss=2.8703  val_acc=0.3182  macroF1=0.1097  edit=9.37  segF1@50=0.01
[b2a][epoch 3/50] loss=2.6867  val_acc=0.3677  macroF1=0.0769  edit=18.00  segF1@50=0.22
[b2a][epoch 4/50] loss=2.4435  val_acc=0.5380  macroF1=0.1856  edit=18.86  segF1@50=0.02
[b2a][epoch 5/50] loss=2.4315  val_acc=0.5782  macroF1=0.1939  edit=33.17  segF1@50=0.25
[b2a][epoch 6/50] loss=2.0511  val_acc=0.6752  macroF1=0.2299  edit=32.67  segF1@50=0.14
[b2a][epoch 7/50] loss=1.6428  val_acc=0.6409  macroF1=0.2206  edit=41.00  segF1@50=0.20
[b2a][epoch 8/50] loss=1.5309  val_acc=0.6515  macroF1=0.2236  edit=41.00  segF1@50=0.21
[b2a][epoch 9/50] loss=1.4299  val_acc=0.6785  macroF1=0.2293  edit=31.44  segF1@50=0.19
[b2a][epoch 10/50] loss=1.3787  val_acc=0.6066  macroF1=0.2728  edit=30.60  segF1@50=0.12
[b2a][epoch 11/50] loss=1.2699  val_acc=0.7822  macroF1=0.4394  edit=38.59  segF1@50=0.23
[b2a][epoch 12/50] loss=1.1609  val_acc=0.8706  macroF1=0.6037  edit=39.23  segF1@50=0.34
[b2a][epoch 13/50] loss=1.0935  val_acc=0.7868  macroF1=0.4623  edit=31.02  segF1@50=0.19
[b2a][epoch 14/50] loss=0.9872  val_acc=0.8317  macroF1=0.4649  edit=42.00  segF1@50=0.40
[b2a][epoch 15/50] loss=0.9100  val_acc=0.8686  macroF1=0.6218  edit=38.94  segF1@50=0.33
[b2a][epoch 16/50] loss=0.8064  val_acc=0.8726  macroF1=0.6198  edit=33.51  segF1@50=0.30
[b2a][epoch 17/50] loss=0.7666  val_acc=0.8911  macroF1=0.6543  edit=44.07  segF1@50=0.38
[b2a][epoch 18/50] loss=0.7385  val_acc=0.8660  macroF1=0.6362  edit=40.97  segF1@50=0.35
[b2a][epoch 19/50] loss=0.7360  val_acc=0.9116  macroF1=0.7287  edit=38.25  segF1@50=0.43
[b2a][epoch 20/50] loss=0.6783  val_acc=0.9083  macroF1=0.6674  edit=43.30  segF1@50=0.45
[b2a][epoch 21/50] loss=0.6103  val_acc=0.9142  macroF1=0.7493  edit=45.93  segF1@50=0.41
[b2a][epoch 22/50] loss=0.5604  val_acc=0.8931  macroF1=0.7118  edit=36.92  segF1@50=0.32
[b2a][epoch 23/50] loss=0.5419  val_acc=0.9096  macroF1=0.6897  edit=33.10  segF1@50=0.34
[b2a][epoch 24/50] loss=0.5146  val_acc=0.9386  macroF1=0.7882  edit=48.66  segF1@50=0.55
[b2a][epoch 25/50] loss=0.5123  val_acc=0.9307  macroF1=0.7527  edit=44.63  segF1@50=0.51
[b2a][epoch 26/50] loss=0.5363  val_acc=0.8964  macroF1=0.6647  edit=40.59  segF1@50=0.36
[b2a][epoch 27/50] loss=0.8210  val_acc=0.8158  macroF1=0.6059  edit=41.67  segF1@50=0.42
[b2a][epoch 28/50] loss=0.7197  val_acc=0.8515  macroF1=0.6490  edit=33.33  segF1@50=0.34
[b2a][epoch 29/50] loss=0.5716  val_acc=0.9030  macroF1=0.7439  edit=39.50  segF1@50=0.46
[b2a][epoch 30/50] loss=0.4960  val_acc=0.8766  macroF1=0.6978  edit=39.18  segF1@50=0.37
[b2a][epoch 31/50] loss=0.4653  val_acc=0.9188  macroF1=0.7683  edit=48.38  segF1@50=0.50
[b2a][epoch 32/50] loss=0.4766  val_acc=0.8950  macroF1=0.7022  edit=41.45  segF1@50=0.36
[b2a][epoch 33/50] loss=0.4316  val_acc=0.9294  macroF1=0.7833  edit=41.60  segF1@50=0.44
[b2a][epoch 34/50] loss=0.4181  val_acc=0.9261  macroF1=0.7790  edit=43.03  segF1@50=0.45
[b2a][epoch 35/50] loss=0.3945  val_acc=0.9439  macroF1=0.8056  edit=47.56  segF1@50=0.49
[b2a][epoch 36/50] loss=0.3779  val_acc=0.9366  macroF1=0.7937  edit=44.15  segF1@50=0.47
[b2a][epoch 37/50] loss=0.3604  val_acc=0.9446  macroF1=0.8054  edit=44.63  segF1@50=0.47
[b2a][epoch 38/50] loss=0.3482  val_acc=0.9439  macroF1=0.8041  edit=43.16  segF1@50=0.47
[b2a][epoch 39/50] loss=0.3410  val_acc=0.9426  macroF1=0.8029  edit=42.80  segF1@50=0.47
[b2a][epoch 40/50] loss=0.3322  val_acc=0.9459  macroF1=0.8085  edit=43.16  segF1@50=0.47
[b2a][epoch 41/50] loss=0.3277  val_acc=0.9485  macroF1=0.8132  edit=43.59  segF1@50=0.49
[b2a][epoch 42/50] loss=0.3234  val_acc=0.9399  macroF1=0.7969  edit=42.44  segF1@50=0.46
[b2a][epoch 43/50] loss=0.3532  val_acc=0.9439  macroF1=0.8075  edit=45.36  segF1@50=0.48
[b2a][epoch 44/50] loss=0.3238  val_acc=0.9446  macroF1=0.8038  edit=46.00  segF1@50=0.49
[b2a][epoch 45/50] loss=0.3076  val_acc=0.9479  macroF1=0.8124  edit=45.73  segF1@50=0.47
[b2a][epoch 46/50] loss=0.2954  val_acc=0.9472  macroF1=0.8115  edit=43.62  segF1@50=0.46
[b2a][epoch 47/50] loss=0.2905  val_acc=0.9518  macroF1=0.8182  edit=46.10  segF1@50=0.50
[b2a][epoch 48/50] loss=0.2949  val_acc=0.9353  macroF1=0.7799  edit=51.13  segF1@50=0.53
[b2a][epoch 49/50] loss=0.3097  val_acc=0.9399  macroF1=0.7992  edit=42.71  segF1@50=0.45
[b2a][epoch 50/50] loss=0.3931  val_acc=0.9182  macroF1=0.6827  edit=35.33  segF1@50=0.33
[b2a] best @epoch 47: acc=0.9518 macroF1=0.8182
[b2a] evidence written -> /home/ubuntu/slocal2/m2/experiments/transfer/b2a_det2phase_oracletool_004_b2a_det2phase_oracletool_seed42
