[b2a] train clips=13  val clips=3  in_dim=2063  tool_source=oracle  classes=9  device=cuda
[b2a] evidence dir: /home/ubuntu/slocal2/m2/experiments/transfer/b2a_ro_oracle_top3noise_p030_003_b2a_ro_oracle_top3noise_p030_seed456
[b2a][epoch 1/50] loss=3.5057  val_acc=0.3677  macroF1=0.0768  edit=18.00  segF1@50=0.22
[b2a][epoch 2/50] loss=2.8834  val_acc=0.5472  macroF1=0.1884  edit=17.25  segF1@50=0.09
[b2a][epoch 3/50] loss=2.5367  val_acc=0.6475  macroF1=0.2165  edit=29.02  segF1@50=0.22
[b2a][epoch 4/50] loss=2.2766  val_acc=0.5888  macroF1=0.2020  edit=21.78  segF1@50=0.12
[b2a][epoch 5/50] loss=1.9979  val_acc=0.6640  macroF1=0.2277  edit=30.18  segF1@50=0.25
[b2a][epoch 6/50] loss=1.8104  val_acc=0.6502  macroF1=0.2228  edit=31.28  segF1@50=0.23
[b2a][epoch 7/50] loss=1.7904  val_acc=0.6785  macroF1=0.2319  edit=35.05  segF1@50=0.31
[b2a][epoch 8/50] loss=1.5447  val_acc=0.6779  macroF1=0.2278  edit=33.24  segF1@50=0.28
[b2a][epoch 9/50] loss=1.4888  val_acc=0.6726  macroF1=0.2293  edit=28.35  segF1@50=0.20
[b2a][epoch 10/50] loss=1.4395  val_acc=0.7340  macroF1=0.3354  edit=40.51  segF1@50=0.31
[b2a][epoch 11/50] loss=1.3472  val_acc=0.7551  macroF1=0.3738  edit=35.44  segF1@50=0.31
[b2a][epoch 12/50] loss=1.2640  val_acc=0.7908  macroF1=0.4326  edit=27.80  segF1@50=0.18
[b2a][epoch 13/50] loss=1.2287  val_acc=0.7987  macroF1=0.4376  edit=36.02  segF1@50=0.27
[b2a][epoch 14/50] loss=1.1826  val_acc=0.8178  macroF1=0.4967  edit=44.44  segF1@50=0.35
[b2a][epoch 15/50] loss=1.1020  val_acc=0.8053  macroF1=0.4976  edit=27.70  segF1@50=0.20
[b2a][epoch 16/50] loss=1.0818  val_acc=0.8871  macroF1=0.6659  edit=39.84  segF1@50=0.39
[b2a][epoch 17/50] loss=1.0138  val_acc=0.8812  macroF1=0.6573  edit=35.41  segF1@50=0.35
[b2a][epoch 18/50] loss=0.9670  val_acc=0.8878  macroF1=0.6615  edit=36.07  segF1@50=0.39
[b2a][epoch 19/50] loss=0.9361  val_acc=0.8884  macroF1=0.6786  edit=46.22  segF1@50=0.48
[b2a][epoch 20/50] loss=0.9107  val_acc=0.8799  macroF1=0.6548  edit=42.22  segF1@50=0.48
[b2a][epoch 21/50] loss=0.8832  val_acc=0.8614  macroF1=0.6454  edit=31.51  segF1@50=0.28
[b2a][epoch 22/50] loss=0.8491  val_acc=0.8838  macroF1=0.6585  edit=40.80  segF1@50=0.44
[b2a][epoch 23/50] loss=0.8277  val_acc=0.8792  macroF1=0.6595  edit=38.24  segF1@50=0.36
[b2a][epoch 24/50] loss=0.7945  val_acc=0.8752  macroF1=0.6497  edit=35.99  segF1@50=0.33
[b2a][epoch 25/50] loss=0.7865  val_acc=0.8858  macroF1=0.6678  edit=44.11  segF1@50=0.43
[b2a][epoch 26/50] loss=0.7807  val_acc=0.8898  macroF1=0.6616  edit=48.15  segF1@50=0.58
[b2a][epoch 27/50] loss=0.7628  val_acc=0.8495  macroF1=0.6384  edit=39.29  segF1@50=0.32
[b2a][epoch 28/50] loss=0.7282  val_acc=0.8884  macroF1=0.6560  edit=44.44  segF1@50=0.56
[b2a][epoch 29/50] loss=0.7150  val_acc=0.8614  macroF1=0.6440  edit=31.62  segF1@50=0.31
[b2a][epoch 30/50] loss=0.7231  val_acc=0.8548  macroF1=0.6359  edit=34.68  segF1@50=0.31
[b2a][epoch 31/50] loss=0.7029  val_acc=0.8805  macroF1=0.6516  edit=35.11  segF1@50=0.38
[b2a][epoch 32/50] loss=0.6902  val_acc=0.8627  macroF1=0.6479  edit=31.77  segF1@50=0.31
[b2a][epoch 33/50] loss=0.7061  val_acc=0.8482  macroF1=0.6313  edit=34.76  segF1@50=0.33
[b2a][epoch 34/50] loss=0.6545  val_acc=0.8686  macroF1=0.6520  edit=42.31  segF1@50=0.45
[b2a][epoch 35/50] loss=0.6412  val_acc=0.8858  macroF1=0.6548  edit=40.30  segF1@50=0.47
[b2a][epoch 36/50] loss=0.6499  val_acc=0.8581  macroF1=0.6481  edit=37.57  segF1@50=0.35
[b2a][epoch 37/50] loss=0.6291  val_acc=0.8653  macroF1=0.6410  edit=32.75  segF1@50=0.36
[b2a][epoch 38/50] loss=0.6077  val_acc=0.8231  macroF1=0.6066  edit=34.36  segF1@50=0.28
[b2a][epoch 39/50] loss=0.6525  val_acc=0.8574  macroF1=0.6405  edit=27.26  segF1@50=0.36
[b2a][epoch 40/50] loss=0.6696  val_acc=0.8488  macroF1=0.6253  edit=41.11  segF1@50=0.41
[b2a][epoch 41/50] loss=0.7230  val_acc=0.8779  macroF1=0.6465  edit=41.39  segF1@50=0.50
[b2a][epoch 42/50] loss=0.6230  val_acc=0.8132  macroF1=0.5920  edit=40.95  segF1@50=0.33
[b2a][epoch 43/50] loss=0.6040  val_acc=0.8607  macroF1=0.6374  edit=37.30  segF1@50=0.40
[b2a][epoch 44/50] loss=0.5713  val_acc=0.8541  macroF1=0.6361  edit=40.74  segF1@50=0.44
[b2a][epoch 45/50] loss=0.5436  val_acc=0.8389  macroF1=0.6257  edit=33.65  segF1@50=0.30
[b2a][epoch 46/50] loss=0.5619  val_acc=0.8416  macroF1=0.6286  edit=44.80  segF1@50=0.49
[b2a][epoch 47/50] loss=0.5403  val_acc=0.8482  macroF1=0.6268  edit=38.39  segF1@50=0.39
[b2a][epoch 48/50] loss=0.5172  val_acc=0.8376  macroF1=0.6188  edit=34.79  segF1@50=0.35
[b2a][epoch 49/50] loss=0.5053  val_acc=0.8442  macroF1=0.6308  edit=42.82  segF1@50=0.47
[b2a][epoch 50/50] loss=0.5039  val_acc=0.8508  macroF1=0.6328  edit=45.56  segF1@50=0.47
[b2a] best @epoch 26: acc=0.8898 macroF1=0.6616
[b2a] evidence written -> /home/ubuntu/slocal2/m2/experiments/transfer/b2a_ro_oracle_top3noise_p030_003_b2a_ro_oracle_top3noise_p030_seed456
