[b2a] train clips=13  val clips=3  in_dim=2063  tool_source=oracle  classes=9  device=cuda
[b2a] evidence dir: /home/ubuntu/slocal2/m2/experiments/transfer/b2a_regiononly_oracle_mask_top3_001_b2a_regiononly_oracle_mask_top3_seed42
[b2a][epoch 1/50] loss=3.5417  val_acc=0.3399  macroF1=0.0759  edit=19.87  segF1@50=0.00
[b2a][epoch 2/50] loss=2.7738  val_acc=0.3525  macroF1=0.0856  edit=23.11  segF1@50=0.00
[b2a][epoch 3/50] loss=2.5127  val_acc=0.5921  macroF1=0.2032  edit=28.10  segF1@50=0.31
[b2a][epoch 4/50] loss=2.2891  val_acc=0.6726  macroF1=0.2292  edit=41.00  segF1@50=0.27
[b2a][epoch 5/50] loss=2.1505  val_acc=0.6218  macroF1=0.2168  edit=33.03  segF1@50=0.24
[b2a][epoch 6/50] loss=1.9152  val_acc=0.6812  macroF1=0.2286  edit=32.89  segF1@50=0.31
[b2a][epoch 7/50] loss=1.6674  val_acc=0.6799  macroF1=0.2297  edit=32.38  segF1@50=0.31
[b2a][epoch 8/50] loss=1.5992  val_acc=0.6832  macroF1=0.2312  edit=37.00  segF1@50=0.32
[b2a][epoch 9/50] loss=1.5239  val_acc=0.6818  macroF1=0.2335  edit=39.67  segF1@50=0.35
[b2a][epoch 10/50] loss=1.4627  val_acc=0.7076  macroF1=0.3271  edit=47.83  segF1@50=0.36
[b2a][epoch 11/50] loss=1.3624  val_acc=0.7531  macroF1=0.4123  edit=52.00  segF1@50=0.45
[b2a][epoch 12/50] loss=1.3349  val_acc=0.7868  macroF1=0.4722  edit=41.93  segF1@50=0.37
[b2a][epoch 13/50] loss=1.2869  val_acc=0.7558  macroF1=0.4226  edit=35.20  segF1@50=0.22
[b2a][epoch 14/50] loss=1.2451  val_acc=0.7993  macroF1=0.5076  edit=42.76  segF1@50=0.37
[b2a][epoch 15/50] loss=1.1579  val_acc=0.8739  macroF1=0.6401  edit=44.51  segF1@50=0.49
[b2a][epoch 16/50] loss=1.1175  val_acc=0.8469  macroF1=0.6349  edit=35.78  segF1@50=0.31
[b2a][epoch 17/50] loss=1.1083  val_acc=0.8535  macroF1=0.6425  edit=43.85  segF1@50=0.42
[b2a][epoch 18/50] loss=1.0528  val_acc=0.8653  macroF1=0.6552  edit=52.38  segF1@50=0.50
[b2a][epoch 19/50] loss=1.0295  val_acc=0.8389  macroF1=0.6246  edit=45.97  segF1@50=0.47
[b2a][epoch 20/50] loss=0.9715  val_acc=0.8416  macroF1=0.6277  edit=40.07  segF1@50=0.36
[b2a][epoch 21/50] loss=0.9573  val_acc=0.8251  macroF1=0.6093  edit=37.87  segF1@50=0.34
[b2a][epoch 22/50] loss=0.9345  val_acc=0.7980  macroF1=0.5842  edit=39.81  segF1@50=0.35
[b2a][epoch 23/50] loss=0.9421  val_acc=0.8409  macroF1=0.6164  edit=48.86  segF1@50=0.50
[b2a][epoch 24/50] loss=0.9214  val_acc=0.8462  macroF1=0.6283  edit=50.20  segF1@50=0.51
[b2a][epoch 25/50] loss=0.8815  val_acc=0.8112  macroF1=0.5840  edit=42.41  segF1@50=0.45
[b2a][epoch 26/50] loss=0.8875  val_acc=0.8119  macroF1=0.5748  edit=48.86  segF1@50=0.41
[b2a][epoch 27/50] loss=0.8894  val_acc=0.8310  macroF1=0.6271  edit=49.08  segF1@50=0.42
[b2a][epoch 28/50] loss=0.8300  val_acc=0.7868  macroF1=0.5719  edit=29.27  segF1@50=0.29
[b2a][epoch 29/50] loss=0.8294  val_acc=0.8403  macroF1=0.6220  edit=46.92  segF1@50=0.50
[b2a][epoch 30/50] loss=0.8102  val_acc=0.8073  macroF1=0.5742  edit=40.85  segF1@50=0.37
[b2a][epoch 31/50] loss=0.7753  val_acc=0.8297  macroF1=0.6111  edit=47.45  segF1@50=0.52
[b2a][epoch 32/50] loss=0.7691  val_acc=0.8350  macroF1=0.6112  edit=47.33  segF1@50=0.55
[b2a][epoch 33/50] loss=0.7603  val_acc=0.8224  macroF1=0.6068  edit=54.95  segF1@50=0.56
[b2a][epoch 34/50] loss=0.7298  val_acc=0.8079  macroF1=0.5850  edit=41.01  segF1@50=0.44
[b2a][epoch 35/50] loss=0.7169  val_acc=0.8033  macroF1=0.5841  edit=36.11  segF1@50=0.34
[b2a][epoch 36/50] loss=0.7113  val_acc=0.8112  macroF1=0.6019  edit=46.83  segF1@50=0.47
[b2a][epoch 37/50] loss=0.7015  val_acc=0.8040  macroF1=0.5870  edit=35.23  segF1@50=0.38
[b2a][epoch 38/50] loss=0.6960  val_acc=0.7901  macroF1=0.5806  edit=34.08  segF1@50=0.32
[b2a][epoch 39/50] loss=0.7295  val_acc=0.7980  macroF1=0.5740  edit=41.32  segF1@50=0.42
[b2a][epoch 40/50] loss=0.6908  val_acc=0.8238  macroF1=0.6067  edit=47.33  segF1@50=0.54
[b2a][epoch 41/50] loss=0.7133  val_acc=0.7617  macroF1=0.5717  edit=26.17  segF1@50=0.27
[b2a][epoch 42/50] loss=0.7416  val_acc=0.7993  macroF1=0.5744  edit=34.26  segF1@50=0.34
[b2a][epoch 43/50] loss=0.6873  val_acc=0.8251  macroF1=0.6091  edit=51.48  segF1@50=0.52
[b2a][epoch 44/50] loss=0.6583  val_acc=0.7809  macroF1=0.5945  edit=27.70  segF1@50=0.30
[b2a][epoch 45/50] loss=0.7218  val_acc=0.7921  macroF1=0.5748  edit=39.41  segF1@50=0.40
[b2a][epoch 46/50] loss=0.6772  val_acc=0.8231  macroF1=0.6125  edit=43.60  segF1@50=0.49
[b2a][epoch 47/50] loss=0.6630  val_acc=0.8092  macroF1=0.5936  edit=38.89  segF1@50=0.41
[b2a][epoch 48/50] loss=0.6173  val_acc=0.7762  macroF1=0.5963  edit=34.61  segF1@50=0.36
[b2a][epoch 49/50] loss=0.5998  val_acc=0.8139  macroF1=0.5950  edit=44.86  segF1@50=0.47
[b2a][epoch 50/50] loss=0.5814  val_acc=0.7868  macroF1=0.5982  edit=31.21  segF1@50=0.32
[b2a] best @epoch 15: acc=0.8739 macroF1=0.6401
[b2a] evidence written -> /home/ubuntu/slocal2/m2/experiments/transfer/b2a_regiononly_oracle_mask_top3_001_b2a_regiononly_oracle_mask_top3_seed42
