[b2a] train clips=13  val clips=3  in_dim=2063  tool_source=oracle  classes=9  device=cuda
[b2a] evidence dir: /home/ubuntu/slocal2/m2/experiments/transfer/b2a_regiononly_oracle_mask_top3_002_b2a_regiononly_oracle_mask_top3_seed123
[b2a][epoch 1/50] loss=3.6213  val_acc=0.4389  macroF1=0.1399  edit=2.67  segF1@50=0.00
[b2a][epoch 2/50] loss=2.8917  val_acc=0.3624  macroF1=0.0772  edit=2.67  segF1@50=0.17
[b2a][epoch 3/50] loss=2.5950  val_acc=0.3340  macroF1=0.0715  edit=9.67  segF1@50=0.00
[b2a][epoch 4/50] loss=2.3680  val_acc=0.5492  macroF1=0.1860  edit=24.28  segF1@50=0.15
[b2a][epoch 5/50] loss=2.1198  val_acc=0.6700  macroF1=0.2253  edit=24.59  segF1@50=0.14
[b2a][epoch 6/50] loss=1.8714  val_acc=0.6739  macroF1=0.2294  edit=22.89  segF1@50=0.26
[b2a][epoch 7/50] loss=1.7351  val_acc=0.6799  macroF1=0.2281  edit=38.00  segF1@50=0.31
[b2a][epoch 8/50] loss=1.6390  val_acc=0.6805  macroF1=0.2284  edit=29.33  segF1@50=0.33
[b2a][epoch 9/50] loss=1.5451  val_acc=0.6845  macroF1=0.2446  edit=37.79  segF1@50=0.31
[b2a][epoch 10/50] loss=1.4982  val_acc=0.6733  macroF1=0.2718  edit=38.89  segF1@50=0.25
[b2a][epoch 11/50] loss=1.3867  val_acc=0.7452  macroF1=0.4272  edit=49.62  segF1@50=0.38
[b2a][epoch 12/50] loss=1.3400  val_acc=0.8284  macroF1=0.5933  edit=49.11  segF1@50=0.42
[b2a][epoch 13/50] loss=1.2688  val_acc=0.8653  macroF1=0.6445  edit=60.44  segF1@50=0.51
[b2a][epoch 14/50] loss=1.1970  val_acc=0.8620  macroF1=0.6218  edit=54.38  segF1@50=0.56
[b2a][epoch 15/50] loss=1.1911  val_acc=0.8693  macroF1=0.6589  edit=60.85  segF1@50=0.48
[b2a][epoch 16/50] loss=1.1533  val_acc=0.8581  macroF1=0.6292  edit=51.59  segF1@50=0.44
[b2a][epoch 17/50] loss=1.1410  val_acc=0.8607  macroF1=0.6516  edit=44.68  segF1@50=0.39
[b2a][epoch 18/50] loss=1.0804  val_acc=0.8845  macroF1=0.6693  edit=57.05  segF1@50=0.64
[b2a][epoch 19/50] loss=1.0861  val_acc=0.8825  macroF1=0.6682  edit=54.95  segF1@50=0.61
[b2a][epoch 20/50] loss=1.0437  val_acc=0.8337  macroF1=0.6230  edit=36.09  segF1@50=0.28
[b2a][epoch 21/50] loss=1.0114  val_acc=0.8317  macroF1=0.6310  edit=41.87  segF1@50=0.28
[b2a][epoch 22/50] loss=1.0548  val_acc=0.8752  macroF1=0.6554  edit=45.08  segF1@50=0.50
[b2a][epoch 23/50] loss=0.9797  val_acc=0.8627  macroF1=0.6458  edit=45.24  segF1@50=0.48
[b2a][epoch 24/50] loss=0.9225  val_acc=0.8205  macroF1=0.6094  edit=37.15  segF1@50=0.33
[b2a][epoch 25/50] loss=0.8898  val_acc=0.8508  macroF1=0.6370  edit=43.97  segF1@50=0.49
[b2a][epoch 26/50] loss=0.8648  val_acc=0.8356  macroF1=0.6327  edit=39.87  segF1@50=0.35
[b2a][epoch 27/50] loss=0.8493  val_acc=0.8350  macroF1=0.6181  edit=44.94  segF1@50=0.45
[b2a][epoch 28/50] loss=0.8348  val_acc=0.8356  macroF1=0.6254  edit=46.53  segF1@50=0.46
[b2a][epoch 29/50] loss=0.8134  val_acc=0.8013  macroF1=0.5954  edit=39.93  segF1@50=0.33
[b2a][epoch 30/50] loss=0.7941  val_acc=0.8224  macroF1=0.6238  edit=36.89  segF1@50=0.33
[b2a][epoch 31/50] loss=0.7973  val_acc=0.7809  macroF1=0.5832  edit=35.99  segF1@50=0.34
[b2a][epoch 32/50] loss=0.8026  val_acc=0.8290  macroF1=0.6093  edit=43.16  segF1@50=0.46
[b2a][epoch 33/50] loss=0.7722  val_acc=0.8059  macroF1=0.5946  edit=38.23  segF1@50=0.33
[b2a][epoch 34/50] loss=0.7469  val_acc=0.8284  macroF1=0.6149  edit=41.79  segF1@50=0.43
[b2a][epoch 35/50] loss=0.7419  val_acc=0.8211  macroF1=0.6096  edit=44.76  segF1@50=0.42
[b2a][epoch 36/50] loss=0.7603  val_acc=0.8205  macroF1=0.6112  edit=34.26  segF1@50=0.35
[b2a][epoch 37/50] loss=0.7906  val_acc=0.7762  macroF1=0.5663  edit=34.03  segF1@50=0.31
[b2a][epoch 38/50] loss=0.7518  val_acc=0.7980  macroF1=0.5962  edit=36.04  segF1@50=0.35
[b2a][epoch 39/50] loss=0.7147  val_acc=0.8224  macroF1=0.5984  edit=55.56  segF1@50=0.53
[b2a][epoch 40/50] loss=0.6993  val_acc=0.7980  macroF1=0.5969  edit=29.84  segF1@50=0.28
[b2a][epoch 41/50] loss=0.6881  val_acc=0.8086  macroF1=0.5888  edit=42.20  segF1@50=0.42
[b2a][epoch 42/50] loss=0.6606  val_acc=0.8092  macroF1=0.6003  edit=38.38  segF1@50=0.35
[b2a][epoch 43/50] loss=0.6440  val_acc=0.7967  macroF1=0.5862  edit=42.07  segF1@50=0.41
[b2a][epoch 44/50] loss=0.6313  val_acc=0.7941  macroF1=0.5889  edit=40.66  segF1@50=0.43
[b2a][epoch 45/50] loss=0.6199  val_acc=0.7624  macroF1=0.5721  edit=31.01  segF1@50=0.30
[b2a][epoch 46/50] loss=0.6645  val_acc=0.8403  macroF1=0.6163  edit=47.28  segF1@50=0.49
[b2a][epoch 47/50] loss=0.6920  val_acc=0.8026  macroF1=0.6017  edit=36.11  segF1@50=0.37
[b2a][epoch 48/50] loss=0.6618  val_acc=0.7578  macroF1=0.5523  edit=32.44  segF1@50=0.33
[b2a][epoch 49/50] loss=0.6153  val_acc=0.8026  macroF1=0.5929  edit=43.28  segF1@50=0.45
[b2a][epoch 50/50] loss=0.6038  val_acc=0.7967  macroF1=0.5926  edit=29.12  segF1@50=0.28
[b2a] best @epoch 18: acc=0.8845 macroF1=0.6693
[b2a] evidence written -> /home/ubuntu/slocal2/m2/experiments/transfer/b2a_regiononly_oracle_mask_top3_002_b2a_regiononly_oracle_mask_top3_seed123
