[b2a] train clips=13  val clips=3  in_dim=2063  tool_source=oracle  classes=9  device=cuda
[b2a] evidence dir: /home/ubuntu/slocal2/m2/experiments/transfer/b2a_ro_oracle_scalpelnoise_p020_002_b2a_ro_oracle_scalpelnoise_p020_seed123
[b2a][epoch 1/50] loss=3.6379  val_acc=0.4389  macroF1=0.1400  edit=2.67  segF1@50=0.00
[b2a][epoch 2/50] loss=2.8745  val_acc=0.3630  macroF1=0.0773  edit=2.67  segF1@50=0.17
[b2a][epoch 3/50] loss=2.5339  val_acc=0.3340  macroF1=0.0715  edit=9.67  segF1@50=0.00
[b2a][epoch 4/50] loss=2.2178  val_acc=0.6686  macroF1=0.2261  edit=9.50  segF1@50=0.22
[b2a][epoch 5/50] loss=1.8828  val_acc=0.6739  macroF1=0.2297  edit=19.00  segF1@50=0.19
[b2a][epoch 6/50] loss=1.5698  val_acc=0.6805  macroF1=0.2319  edit=31.44  segF1@50=0.15
[b2a][epoch 7/50] loss=1.4293  val_acc=0.6858  macroF1=0.2340  edit=30.33  segF1@50=0.25
[b2a][epoch 8/50] loss=1.3145  val_acc=0.6865  macroF1=0.2343  edit=32.78  segF1@50=0.19
[b2a][epoch 9/50] loss=1.1923  val_acc=0.7083  macroF1=0.2993  edit=46.44  segF1@50=0.20
[b2a][epoch 10/50] loss=1.0958  val_acc=0.8290  macroF1=0.4919  edit=56.11  segF1@50=0.39
[b2a][epoch 11/50] loss=1.0027  val_acc=0.8898  macroF1=0.6565  edit=45.78  segF1@50=0.47
[b2a][epoch 12/50] loss=0.9251  val_acc=0.9221  macroF1=0.7193  edit=56.00  segF1@50=0.56
[b2a][epoch 13/50] loss=0.8479  val_acc=0.9287  macroF1=0.7276  edit=64.44  segF1@50=0.64
[b2a][epoch 14/50] loss=0.7817  val_acc=0.9340  macroF1=0.7582  edit=56.32  segF1@50=0.59
[b2a][epoch 15/50] loss=0.7488  val_acc=0.9413  macroF1=0.7846  edit=49.15  segF1@50=0.54
[b2a][epoch 16/50] loss=0.7128  val_acc=0.9426  macroF1=0.7854  edit=56.67  segF1@50=0.64
[b2a][epoch 17/50] loss=0.7168  val_acc=0.9439  macroF1=0.7953  edit=62.82  segF1@50=0.65
[b2a][epoch 18/50] loss=0.6582  val_acc=0.9393  macroF1=0.7792  edit=51.92  segF1@50=0.55
[b2a][epoch 19/50] loss=0.6458  val_acc=0.9485  macroF1=0.8063  edit=62.82  segF1@50=0.67
[b2a][epoch 20/50] loss=0.6115  val_acc=0.9459  macroF1=0.7980  edit=58.97  segF1@50=0.67
[b2a][epoch 21/50] loss=0.5853  val_acc=0.9492  macroF1=0.8093  edit=51.44  segF1@50=0.55
[b2a][epoch 22/50] loss=0.5868  val_acc=0.9512  macroF1=0.8057  edit=65.33  segF1@50=0.72
[b2a][epoch 23/50] loss=0.6014  val_acc=0.9505  macroF1=0.8168  edit=54.27  segF1@50=0.55
[b2a][epoch 24/50] loss=0.5533  val_acc=0.9518  macroF1=0.8090  edit=58.44  segF1@50=0.62
[b2a][epoch 25/50] loss=0.5353  val_acc=0.9545  macroF1=0.8209  edit=62.05  segF1@50=0.70
[b2a][epoch 26/50] loss=0.5208  val_acc=0.9584  macroF1=0.8219  edit=59.78  segF1@50=0.65
[b2a][epoch 27/50] loss=0.4940  val_acc=0.9578  macroF1=0.8255  edit=65.38  segF1@50=0.73
[b2a][epoch 28/50] loss=0.4916  val_acc=0.9591  macroF1=0.8269  edit=64.20  segF1@50=0.73
[b2a][epoch 29/50] loss=0.4872  val_acc=0.9558  macroF1=0.8230  edit=65.38  segF1@50=0.73
[b2a][epoch 30/50] loss=0.4837  val_acc=0.9571  macroF1=0.8238  edit=57.78  segF1@50=0.62
[b2a][epoch 31/50] loss=0.4693  val_acc=0.9578  macroF1=0.8245  edit=61.11  segF1@50=0.65
[b2a][epoch 32/50] loss=0.4509  val_acc=0.9591  macroF1=0.8284  edit=64.00  segF1@50=0.73
[b2a][epoch 33/50] loss=0.4585  val_acc=0.9538  macroF1=0.8201  edit=55.67  segF1@50=0.63
[b2a][epoch 34/50] loss=0.4718  val_acc=0.9564  macroF1=0.8207  edit=53.33  segF1@50=0.62
[b2a][epoch 35/50] loss=0.4845  val_acc=0.9399  macroF1=0.8001  edit=53.76  segF1@50=0.62
[b2a][epoch 36/50] loss=0.4765  val_acc=0.9558  macroF1=0.8192  edit=49.77  segF1@50=0.59
[b2a][epoch 37/50] loss=0.4686  val_acc=0.9558  macroF1=0.8243  edit=55.31  segF1@50=0.61
[b2a][epoch 38/50] loss=0.4384  val_acc=0.9564  macroF1=0.8246  edit=54.27  segF1@50=0.59
[b2a][epoch 39/50] loss=0.4168  val_acc=0.9564  macroF1=0.8250  edit=52.89  segF1@50=0.59
[b2a][epoch 40/50] loss=0.4120  val_acc=0.9584  macroF1=0.8295  edit=54.76  segF1@50=0.62
[b2a][epoch 41/50] loss=0.4063  val_acc=0.9571  macroF1=0.8287  edit=54.21  segF1@50=0.61
[b2a][epoch 42/50] loss=0.3947  val_acc=0.9591  macroF1=0.8294  edit=58.44  segF1@50=0.65
[b2a][epoch 43/50] loss=0.3960  val_acc=0.9584  macroF1=0.8294  edit=53.78  segF1@50=0.60
[b2a][epoch 44/50] loss=0.3882  val_acc=0.9584  macroF1=0.8291  edit=54.76  segF1@50=0.62
[b2a][epoch 45/50] loss=0.3791  val_acc=0.9571  macroF1=0.8269  edit=55.86  segF1@50=0.62
[b2a][epoch 46/50] loss=0.3770  val_acc=0.9531  macroF1=0.8236  edit=51.56  segF1@50=0.60
[b2a][epoch 47/50] loss=0.3824  val_acc=0.9564  macroF1=0.8235  edit=48.78  segF1@50=0.55
[b2a][epoch 48/50] loss=0.3749  val_acc=0.9551  macroF1=0.8249  edit=53.78  segF1@50=0.60
[b2a][epoch 49/50] loss=0.3637  val_acc=0.9578  macroF1=0.8290  edit=58.64  segF1@50=0.64
[b2a][epoch 50/50] loss=0.3504  val_acc=0.9578  macroF1=0.8290  edit=57.54  segF1@50=0.63
[b2a] best @epoch 28: acc=0.9591 macroF1=0.8269
[b2a] evidence written -> /home/ubuntu/slocal2/m2/experiments/transfer/b2a_ro_oracle_scalpelnoise_p020_002_b2a_ro_oracle_scalpelnoise_p020_seed123
