[b2a] train clips=13  val clips=3  in_dim=2063  tool_source=oracle  classes=9  device=cuda
[b2a] evidence dir: /home/ubuntu/slocal2/m2/experiments/transfer/b2a_ro_oracle_bipolarnoise_p020_002_b2a_ro_oracle_bipolarnoise_p020_seed123
[b2a][epoch 1/50] loss=3.6386  val_acc=0.4389  macroF1=0.1401  edit=2.67  segF1@50=0.00
[b2a][epoch 2/50] loss=2.8741  val_acc=0.3644  macroF1=0.0775  edit=2.67  segF1@50=0.17
[b2a][epoch 3/50] loss=2.5262  val_acc=0.3340  macroF1=0.0715  edit=9.67  segF1@50=0.00
[b2a][epoch 4/50] loss=2.2002  val_acc=0.6640  macroF1=0.2249  edit=13.56  segF1@50=0.19
[b2a][epoch 5/50] loss=1.8403  val_acc=0.6752  macroF1=0.2298  edit=20.33  segF1@50=0.19
[b2a][epoch 6/50] loss=1.5014  val_acc=0.6812  macroF1=0.2318  edit=32.78  segF1@50=0.15
[b2a][epoch 7/50] loss=1.3500  val_acc=0.6878  macroF1=0.2346  edit=30.33  segF1@50=0.25
[b2a][epoch 8/50] loss=1.2251  val_acc=0.7894  macroF1=0.3703  edit=48.00  segF1@50=0.42
[b2a][epoch 9/50] loss=1.1015  val_acc=0.7987  macroF1=0.3745  edit=35.56  segF1@50=0.30
[b2a][epoch 10/50] loss=1.0084  val_acc=0.8508  macroF1=0.5453  edit=40.00  segF1@50=0.43
[b2a][epoch 11/50] loss=0.9312  val_acc=0.9162  macroF1=0.6724  edit=50.38  segF1@50=0.59
[b2a][epoch 12/50] loss=0.8691  val_acc=0.9300  macroF1=0.6908  edit=53.56  segF1@50=0.62
[b2a][epoch 13/50] loss=0.8138  val_acc=0.9294  macroF1=0.6894  edit=50.67  segF1@50=0.56
[b2a][epoch 14/50] loss=0.7759  val_acc=0.9300  macroF1=0.6907  edit=54.89  segF1@50=0.59
[b2a][epoch 15/50] loss=0.7239  val_acc=0.9347  macroF1=0.7269  edit=56.00  segF1@50=0.61
[b2a][epoch 16/50] loss=0.6831  val_acc=0.9333  macroF1=0.7132  edit=53.33  segF1@50=0.57
[b2a][epoch 17/50] loss=0.6480  val_acc=0.9333  macroF1=0.7065  edit=61.56  segF1@50=0.66
[b2a][epoch 18/50] loss=0.6215  val_acc=0.9373  macroF1=0.7317  edit=50.67  segF1@50=0.56
[b2a][epoch 19/50] loss=0.6077  val_acc=0.9353  macroF1=0.7237  edit=56.00  segF1@50=0.58
[b2a][epoch 20/50] loss=0.5884  val_acc=0.9380  macroF1=0.7259  edit=43.78  segF1@50=0.47
[b2a][epoch 21/50] loss=0.5602  val_acc=0.9406  macroF1=0.7476  edit=50.44  segF1@50=0.50
[b2a][epoch 22/50] loss=0.5672  val_acc=0.9366  macroF1=0.7331  edit=46.44  segF1@50=0.46
[b2a][epoch 23/50] loss=0.5416  val_acc=0.9413  macroF1=0.7491  edit=56.00  segF1@50=0.56
[b2a][epoch 24/50] loss=0.5236  val_acc=0.9465  macroF1=0.7733  edit=65.56  segF1@50=0.70
[b2a][epoch 25/50] loss=0.5017  val_acc=0.9380  macroF1=0.7407  edit=45.11  segF1@50=0.46
[b2a][epoch 26/50] loss=0.5019  val_acc=0.9472  macroF1=0.7718  edit=60.00  segF1@50=0.62
[b2a][epoch 27/50] loss=0.4776  val_acc=0.9347  macroF1=0.7146  edit=49.33  segF1@50=0.54
[b2a][epoch 28/50] loss=0.4812  val_acc=0.9479  macroF1=0.7810  edit=58.67  segF1@50=0.63
[b2a][epoch 29/50] loss=0.4601  val_acc=0.9512  macroF1=0.7911  edit=66.89  segF1@50=0.73
[b2a][epoch 30/50] loss=0.4544  val_acc=0.9399  macroF1=0.7465  edit=50.44  segF1@50=0.47
[b2a][epoch 31/50] loss=0.4615  val_acc=0.9465  macroF1=0.7904  edit=48.63  segF1@50=0.51
[b2a][epoch 32/50] loss=0.5070  val_acc=0.9558  macroF1=0.8112  edit=62.67  segF1@50=0.71
[b2a][epoch 33/50] loss=0.5133  val_acc=0.9459  macroF1=0.7914  edit=50.33  segF1@50=0.55
[b2a][epoch 34/50] loss=0.4833  val_acc=0.9432  macroF1=0.7756  edit=52.67  segF1@50=0.52
[b2a][epoch 35/50] loss=0.4470  val_acc=0.9492  macroF1=0.7959  edit=51.52  segF1@50=0.62
[b2a][epoch 36/50] loss=0.4424  val_acc=0.9413  macroF1=0.7528  edit=57.33  segF1@50=0.59
[b2a][epoch 37/50] loss=0.4162  val_acc=0.9512  macroF1=0.7953  edit=52.44  segF1@50=0.56
[b2a][epoch 38/50] loss=0.4043  val_acc=0.9432  macroF1=0.7648  edit=51.78  segF1@50=0.56
[b2a][epoch 39/50] loss=0.3904  val_acc=0.9518  macroF1=0.7958  edit=51.11  segF1@50=0.58
[b2a][epoch 40/50] loss=0.3845  val_acc=0.9446  macroF1=0.7680  edit=50.44  segF1@50=0.57
[b2a][epoch 41/50] loss=0.3913  val_acc=0.9472  macroF1=0.7830  edit=53.78  segF1@50=0.55
[b2a][epoch 42/50] loss=0.3759  val_acc=0.9432  macroF1=0.7620  edit=47.78  segF1@50=0.55
[b2a][epoch 43/50] loss=0.3788  val_acc=0.9498  macroF1=0.7994  edit=50.22  segF1@50=0.54
[b2a][epoch 44/50] loss=0.3697  val_acc=0.9419  macroF1=0.7556  edit=48.44  segF1@50=0.47
[b2a][epoch 45/50] loss=0.3528  val_acc=0.9479  macroF1=0.7819  edit=55.78  segF1@50=0.61
[b2a][epoch 46/50] loss=0.3578  val_acc=0.9498  macroF1=0.7892  edit=54.44  segF1@50=0.58
[b2a][epoch 47/50] loss=0.3511  val_acc=0.9465  macroF1=0.7743  edit=49.78  segF1@50=0.50
[b2a][epoch 48/50] loss=0.3434  val_acc=0.9479  macroF1=0.7867  edit=55.78  segF1@50=0.59
[b2a][epoch 49/50] loss=0.3411  val_acc=0.9459  macroF1=0.7808  edit=55.78  segF1@50=0.59
[b2a][epoch 50/50] loss=0.3382  val_acc=0.9505  macroF1=0.7960  edit=56.35  segF1@50=0.57
[b2a] best @epoch 32: acc=0.9558 macroF1=0.8112
[b2a] evidence written -> /home/ubuntu/slocal2/m2/experiments/transfer/b2a_ro_oracle_bipolarnoise_p020_002_b2a_ro_oracle_bipolarnoise_p020_seed123
