[b2a] train clips=13  val clips=3  in_dim=2063  tool_source=pred  classes=9  device=cuda
[b2a] evidence dir: /home/ubuntu/slocal2/m2/experiments/transfer/b2a_regiononly_mask_07_001_b2a_regiononly_mask_07_seed42
[b2a][epoch 1/50] loss=3.5015  val_acc=0.3399  macroF1=0.0762  edit=21.78  segF1@50=0.00
[b2a][epoch 2/50] loss=2.6615  val_acc=0.3789  macroF1=0.0952  edit=22.67  segF1@50=0.00
[b2a][epoch 3/50] loss=2.2638  val_acc=0.6766  macroF1=0.2293  edit=34.33  segF1@50=0.22
[b2a][epoch 4/50] loss=1.8562  val_acc=0.6759  macroF1=0.2298  edit=30.33  segF1@50=0.22
[b2a][epoch 5/50] loss=1.5940  val_acc=0.6805  macroF1=0.2310  edit=29.00  segF1@50=0.22
[b2a][epoch 6/50] loss=1.4126  val_acc=0.6772  macroF1=0.2304  edit=37.00  segF1@50=0.24
[b2a][epoch 7/50] loss=1.2845  val_acc=0.7716  macroF1=0.3617  edit=27.23  segF1@50=0.29
[b2a][epoch 8/50] loss=1.1765  val_acc=0.7782  macroF1=0.3545  edit=32.89  segF1@50=0.20
[b2a][epoch 9/50] loss=1.0781  val_acc=0.7809  macroF1=0.3557  edit=34.91  segF1@50=0.27
[b2a][epoch 10/50] loss=1.0056  val_acc=0.8205  macroF1=0.4636  edit=32.03  segF1@50=0.27
[b2a][epoch 11/50] loss=0.9234  val_acc=0.8363  macroF1=0.5083  edit=35.89  segF1@50=0.37
[b2a][epoch 12/50] loss=0.8920  val_acc=0.8442  macroF1=0.4870  edit=33.48  segF1@50=0.30
[b2a][epoch 13/50] loss=0.7762  val_acc=0.8568  macroF1=0.4968  edit=32.44  segF1@50=0.29
[b2a][epoch 14/50] loss=0.7256  val_acc=0.8726  macroF1=0.5863  edit=32.05  segF1@50=0.29
[b2a][epoch 15/50] loss=0.6976  val_acc=0.9248  macroF1=0.7413  edit=50.29  segF1@50=0.53
[b2a][epoch 16/50] loss=0.6983  val_acc=0.9142  macroF1=0.6788  edit=33.57  segF1@50=0.32
[b2a][epoch 17/50] loss=0.6691  val_acc=0.9327  macroF1=0.7654  edit=37.76  segF1@50=0.40
[b2a][epoch 18/50] loss=0.6195  val_acc=0.9287  macroF1=0.7466  edit=41.74  segF1@50=0.40
[b2a][epoch 19/50] loss=0.5980  val_acc=0.9320  macroF1=0.7586  edit=44.18  segF1@50=0.42
[b2a][epoch 20/50] loss=0.5887  val_acc=0.9294  macroF1=0.7443  edit=40.69  segF1@50=0.42
[b2a][epoch 21/50] loss=0.5508  val_acc=0.9281  macroF1=0.7513  edit=42.51  segF1@50=0.40
[b2a][epoch 22/50] loss=0.5302  val_acc=0.9347  macroF1=0.7598  edit=41.75  segF1@50=0.43
[b2a][epoch 23/50] loss=0.5143  val_acc=0.9281  macroF1=0.7467  edit=41.10  segF1@50=0.43
[b2a][epoch 24/50] loss=0.5044  val_acc=0.9393  macroF1=0.7813  edit=42.86  segF1@50=0.47
[b2a][epoch 25/50] loss=0.5201  val_acc=0.9327  macroF1=0.7511  edit=40.69  segF1@50=0.43
[b2a][epoch 26/50] loss=0.5304  val_acc=0.9267  macroF1=0.7208  edit=39.51  segF1@50=0.38
[b2a][epoch 27/50] loss=0.4897  val_acc=0.9320  macroF1=0.7518  edit=42.48  segF1@50=0.42
[b2a][epoch 28/50] loss=0.4655  val_acc=0.9333  macroF1=0.7511  edit=42.17  segF1@50=0.44
[b2a][epoch 29/50] loss=0.4580  val_acc=0.9333  macroF1=0.7735  edit=47.31  segF1@50=0.50
[b2a][epoch 30/50] loss=0.4478  val_acc=0.9353  macroF1=0.7642  edit=36.19  segF1@50=0.38
[b2a][epoch 31/50] loss=0.4312  val_acc=0.9340  macroF1=0.7738  edit=42.97  segF1@50=0.43
[b2a][epoch 32/50] loss=0.4323  val_acc=0.9393  macroF1=0.7763  edit=42.26  segF1@50=0.43
[b2a][epoch 33/50] loss=0.4235  val_acc=0.9446  macroF1=0.7953  edit=43.16  segF1@50=0.45
[b2a][epoch 34/50] loss=0.4152  val_acc=0.9347  macroF1=0.7599  edit=42.97  segF1@50=0.43
[b2a][epoch 35/50] loss=0.4235  val_acc=0.9419  macroF1=0.7871  edit=35.26  segF1@50=0.38
[b2a][epoch 36/50] loss=0.4112  val_acc=0.9406  macroF1=0.7856  edit=35.25  segF1@50=0.38
[b2a][epoch 37/50] loss=0.3930  val_acc=0.9426  macroF1=0.7908  edit=41.47  segF1@50=0.43
[b2a][epoch 38/50] loss=0.3795  val_acc=0.9439  macroF1=0.7906  edit=41.97  segF1@50=0.44
[b2a][epoch 39/50] loss=0.3763  val_acc=0.9419  macroF1=0.7889  edit=39.71  segF1@50=0.42
[b2a][epoch 40/50] loss=0.3675  val_acc=0.9439  macroF1=0.7920  edit=40.45  segF1@50=0.43
[b2a][epoch 41/50] loss=0.3613  val_acc=0.9452  macroF1=0.7944  edit=39.35  segF1@50=0.42
[b2a][epoch 42/50] loss=0.3592  val_acc=0.9432  macroF1=0.7912  edit=40.30  segF1@50=0.42
[b2a][epoch 43/50] loss=0.3482  val_acc=0.9426  macroF1=0.7892  edit=40.30  segF1@50=0.42
[b2a][epoch 44/50] loss=0.3523  val_acc=0.9459  macroF1=0.8028  edit=34.32  segF1@50=0.38
[b2a][epoch 45/50] loss=0.3680  val_acc=0.9347  macroF1=0.7701  edit=38.76  segF1@50=0.40
[b2a][epoch 46/50] loss=0.3647  val_acc=0.9399  macroF1=0.7833  edit=42.30  segF1@50=0.43
[b2a][epoch 47/50] loss=0.3370  val_acc=0.9432  macroF1=0.7947  edit=39.19  segF1@50=0.41
[b2a][epoch 48/50] loss=0.3305  val_acc=0.9432  macroF1=0.7898  edit=36.00  segF1@50=0.42
[b2a][epoch 49/50] loss=0.3375  val_acc=0.9479  macroF1=0.8090  edit=39.38  segF1@50=0.44
[b2a][epoch 50/50] loss=0.3550  val_acc=0.9333  macroF1=0.7550  edit=39.39  segF1@50=0.42
[b2a] best @epoch 49: acc=0.9479 macroF1=0.8090
[b2a] evidence written -> /home/ubuntu/slocal2/m2/experiments/transfer/b2a_regiononly_mask_07_001_b2a_regiononly_mask_07_seed42
