[b2a] train clips=13  val clips=3  in_dim=2063  tool_source=oracle  classes=9  device=cuda
[b2a] evidence dir: /home/ubuntu/slocal2/m2/experiments/transfer/b2a_base_oracle_top3noise_p010_003_b2a_base_oracle_top3noise_p010_seed456
[b2a][epoch 1/50] loss=3.4904  val_acc=0.3340  macroF1=0.0715  edit=9.67  segF1@50=0.00
[b2a][epoch 2/50] loss=2.8881  val_acc=0.3650  macroF1=0.0767  edit=2.67  segF1@50=0.17
[b2a][epoch 3/50] loss=2.6943  val_acc=0.3340  macroF1=0.0715  edit=9.67  segF1@50=0.00
[b2a][epoch 4/50] loss=2.6000  val_acc=0.3677  macroF1=0.0768  edit=18.00  segF1@50=0.22
[b2a][epoch 5/50] loss=2.3508  val_acc=0.6785  macroF1=0.2276  edit=27.33  segF1@50=0.11
[b2a][epoch 6/50] loss=2.0375  val_acc=0.4766  macroF1=0.1595  edit=27.22  segF1@50=0.10
[b2a][epoch 7/50] loss=2.2118  val_acc=0.3340  macroF1=0.0715  edit=9.67  segF1@50=0.00
[b2a][epoch 8/50] loss=2.2638  val_acc=0.6759  macroF1=0.2282  edit=31.67  segF1@50=0.33
[b2a][epoch 9/50] loss=1.7434  val_acc=0.6125  macroF1=0.2123  edit=26.76  segF1@50=0.11
[b2a][epoch 10/50] loss=1.5705  val_acc=0.6370  macroF1=0.2196  edit=39.67  segF1@50=0.19
[b2a][epoch 11/50] loss=1.3788  val_acc=0.6521  macroF1=0.2384  edit=48.28  segF1@50=0.20
[b2a][epoch 12/50] loss=1.2269  val_acc=0.7030  macroF1=0.3454  edit=26.80  segF1@50=0.16
[b2a][epoch 13/50] loss=1.1342  val_acc=0.7597  macroF1=0.3935  edit=26.86  segF1@50=0.19
[b2a][epoch 14/50] loss=1.0398  val_acc=0.8079  macroF1=0.4698  edit=32.33  segF1@50=0.32
[b2a][epoch 15/50] loss=0.9724  val_acc=0.8106  macroF1=0.4690  edit=33.09  segF1@50=0.31
[b2a][epoch 16/50] loss=0.9315  val_acc=0.8937  macroF1=0.6589  edit=28.89  segF1@50=0.29
[b2a][epoch 17/50] loss=0.8667  val_acc=0.8766  macroF1=0.6226  edit=31.33  segF1@50=0.31
[b2a][epoch 18/50] loss=0.7987  val_acc=0.9069  macroF1=0.6788  edit=41.69  segF1@50=0.37
[b2a][epoch 19/50] loss=0.7336  val_acc=0.9116  macroF1=0.6781  edit=40.61  segF1@50=0.39
[b2a][epoch 20/50] loss=0.6925  val_acc=0.8977  macroF1=0.6791  edit=38.14  segF1@50=0.33
[b2a][epoch 21/50] loss=0.6881  val_acc=0.8488  macroF1=0.6901  edit=36.88  segF1@50=0.32
[b2a][epoch 22/50] loss=0.7480  val_acc=0.8799  macroF1=0.6465  edit=23.09  segF1@50=0.26
[b2a][epoch 23/50] loss=0.7414  val_acc=0.8957  macroF1=0.7221  edit=34.97  segF1@50=0.30
[b2a][epoch 24/50] loss=0.6781  val_acc=0.9043  macroF1=0.6696  edit=33.70  segF1@50=0.32
[b2a][epoch 25/50] loss=0.6210  val_acc=0.9201  macroF1=0.6889  edit=39.87  segF1@50=0.41
[b2a][epoch 26/50] loss=0.5751  val_acc=0.9076  macroF1=0.7393  edit=41.57  segF1@50=0.38
[b2a][epoch 27/50] loss=0.5151  val_acc=0.9221  macroF1=0.7141  edit=40.00  segF1@50=0.40
[b2a][epoch 28/50] loss=0.4883  val_acc=0.9241  macroF1=0.7568  edit=41.24  segF1@50=0.41
[b2a][epoch 29/50] loss=0.4727  val_acc=0.9287  macroF1=0.7458  edit=41.92  segF1@50=0.38
[b2a][epoch 30/50] loss=0.4692  val_acc=0.9274  macroF1=0.7687  edit=42.59  segF1@50=0.45
[b2a][epoch 31/50] loss=0.5742  val_acc=0.9221  macroF1=0.7020  edit=43.02  segF1@50=0.50
[b2a][epoch 32/50] loss=0.4926  val_acc=0.8898  macroF1=0.7215  edit=39.35  segF1@50=0.38
[b2a][epoch 33/50] loss=0.4547  val_acc=0.9333  macroF1=0.7764  edit=51.33  segF1@50=0.52
[b2a][epoch 34/50] loss=0.4371  val_acc=0.9248  macroF1=0.7702  edit=43.10  segF1@50=0.45
[b2a][epoch 35/50] loss=0.4097  val_acc=0.9248  macroF1=0.7615  edit=40.25  segF1@50=0.42
[b2a][epoch 36/50] loss=0.3968  val_acc=0.9353  macroF1=0.7905  edit=40.07  segF1@50=0.42
[b2a][epoch 37/50] loss=0.3797  val_acc=0.9281  macroF1=0.7593  edit=40.80  segF1@50=0.40
[b2a][epoch 38/50] loss=0.3664  val_acc=0.9254  macroF1=0.7673  edit=41.48  segF1@50=0.45
[b2a][epoch 39/50] loss=0.3600  val_acc=0.9333  macroF1=0.7763  edit=43.56  segF1@50=0.46
[b2a][epoch 40/50] loss=0.3582  val_acc=0.9360  macroF1=0.7923  edit=51.56  segF1@50=0.54
[b2a][epoch 41/50] loss=0.3692  val_acc=0.9043  macroF1=0.7065  edit=34.29  segF1@50=0.32
[b2a][epoch 42/50] loss=0.4414  val_acc=0.9155  macroF1=0.7164  edit=37.25  segF1@50=0.37
[b2a][epoch 43/50] loss=0.4029  val_acc=0.9056  macroF1=0.7632  edit=37.63  segF1@50=0.39
[b2a][epoch 44/50] loss=0.3818  val_acc=0.9406  macroF1=0.7960  edit=43.36  segF1@50=0.46
[b2a][epoch 45/50] loss=0.3481  val_acc=0.9135  macroF1=0.7499  edit=42.22  segF1@50=0.40
[b2a][epoch 46/50] loss=0.3268  val_acc=0.9439  macroF1=0.7974  edit=49.97  segF1@50=0.57
[b2a][epoch 47/50] loss=0.3159  val_acc=0.9353  macroF1=0.7834  edit=41.47  segF1@50=0.45
[b2a][epoch 48/50] loss=0.3043  val_acc=0.9234  macroF1=0.7689  edit=42.44  segF1@50=0.45
[b2a][epoch 49/50] loss=0.2945  val_acc=0.9340  macroF1=0.7875  edit=40.28  segF1@50=0.42
[b2a][epoch 50/50] loss=0.2875  val_acc=0.9360  macroF1=0.7796  edit=41.90  segF1@50=0.45
[b2a] best @epoch 46: acc=0.9439 macroF1=0.7974
[b2a] evidence written -> /home/ubuntu/slocal2/m2/experiments/transfer/b2a_base_oracle_top3noise_p010_003_b2a_base_oracle_top3noise_p010_seed456
