[b2a] train clips=13  val clips=3  in_dim=2063  tool_source=oracle  classes=9  device=cuda
[b2a] evidence dir: /home/ubuntu/slocal2/m2/experiments/transfer/b2a_det2phase_oracletool_003_b2a_det2phase_oracletool_seed123
[b2a][epoch 1/50] loss=3.5604  val_acc=0.3677  macroF1=0.0768  edit=18.00  segF1@50=0.22
[b2a][epoch 2/50] loss=3.0375  val_acc=0.3677  macroF1=0.0768  edit=18.00  segF1@50=0.22
[b2a][epoch 3/50] loss=2.7337  val_acc=0.3340  macroF1=0.0715  edit=9.67  segF1@50=0.00
[b2a][epoch 4/50] loss=2.5743  val_acc=0.4759  macroF1=0.1469  edit=20.67  segF1@50=0.22
[b2a][epoch 5/50] loss=2.3649  val_acc=0.6548  macroF1=0.2194  edit=34.33  segF1@50=0.22
[b2a][epoch 6/50] loss=1.9429  val_acc=0.6752  macroF1=0.2297  edit=34.33  segF1@50=0.24
[b2a][epoch 7/50] loss=1.9478  val_acc=0.4944  macroF1=0.1680  edit=23.67  segF1@50=0.02
[b2a][epoch 8/50] loss=2.0339  val_acc=0.6673  macroF1=0.2237  edit=39.67  segF1@50=0.22
[b2a][epoch 9/50] loss=1.6055  val_acc=0.6680  macroF1=0.2291  edit=39.67  segF1@50=0.22
[b2a][epoch 10/50] loss=1.4108  val_acc=0.6746  macroF1=0.2303  edit=27.33  segF1@50=0.15
[b2a][epoch 11/50] loss=1.2861  val_acc=0.7056  macroF1=0.3249  edit=23.73  segF1@50=0.17
[b2a][epoch 12/50] loss=1.1947  val_acc=0.7591  macroF1=0.3933  edit=36.18  segF1@50=0.29
[b2a][epoch 13/50] loss=1.0802  val_acc=0.7835  macroF1=0.4100  edit=53.44  segF1@50=0.42
[b2a][epoch 14/50] loss=1.0002  val_acc=0.7967  macroF1=0.4240  edit=59.00  segF1@50=0.35
[b2a][epoch 15/50] loss=0.9455  val_acc=0.8218  macroF1=0.4646  edit=55.33  segF1@50=0.48
[b2a][epoch 16/50] loss=0.8602  val_acc=0.8290  macroF1=0.4757  edit=40.60  segF1@50=0.36
[b2a][epoch 17/50] loss=0.8329  val_acc=0.8528  macroF1=0.5665  edit=42.78  segF1@50=0.35
[b2a][epoch 18/50] loss=0.7438  val_acc=0.8634  macroF1=0.5702  edit=31.74  segF1@50=0.32
[b2a][epoch 19/50] loss=0.6973  val_acc=0.8990  macroF1=0.6712  edit=45.63  segF1@50=0.46
[b2a][epoch 20/50] loss=0.6563  val_acc=0.9228  macroF1=0.7362  edit=52.00  segF1@50=0.56
[b2a][epoch 21/50] loss=0.6179  val_acc=0.8884  macroF1=0.6974  edit=31.17  segF1@50=0.29
[b2a][epoch 22/50] loss=0.7159  val_acc=0.9182  macroF1=0.6764  edit=37.84  segF1@50=0.40
[b2a][epoch 23/50] loss=0.6802  val_acc=0.9050  macroF1=0.7013  edit=33.21  segF1@50=0.31
[b2a][epoch 24/50] loss=0.6573  val_acc=0.9215  macroF1=0.7437  edit=56.00  segF1@50=0.57
[b2a][epoch 25/50] loss=0.5570  val_acc=0.9340  macroF1=0.7858  edit=46.17  segF1@50=0.46
[b2a][epoch 26/50] loss=0.5158  val_acc=0.9386  macroF1=0.7817  edit=57.58  segF1@50=0.58
[b2a][epoch 27/50] loss=0.4837  val_acc=0.9340  macroF1=0.7756  edit=44.96  segF1@50=0.43
[b2a][epoch 28/50] loss=0.4637  val_acc=0.9393  macroF1=0.7908  edit=45.89  segF1@50=0.46
[b2a][epoch 29/50] loss=0.4544  val_acc=0.9485  macroF1=0.8054  edit=56.57  segF1@50=0.64
[b2a][epoch 30/50] loss=0.4425  val_acc=0.9512  macroF1=0.8103  edit=56.35  segF1@50=0.62
[b2a][epoch 31/50] loss=0.4317  val_acc=0.9439  macroF1=0.7973  edit=51.59  segF1@50=0.58
[b2a][epoch 32/50] loss=0.4225  val_acc=0.9393  macroF1=0.7851  edit=41.75  segF1@50=0.44
[b2a][epoch 33/50] loss=0.4262  val_acc=0.9479  macroF1=0.8089  edit=52.99  segF1@50=0.54
[b2a][epoch 34/50] loss=0.4598  val_acc=0.9267  macroF1=0.7203  edit=38.11  segF1@50=0.41
[b2a][epoch 35/50] loss=0.4383  val_acc=0.9432  macroF1=0.8089  edit=48.05  segF1@50=0.51
[b2a][epoch 36/50] loss=0.4040  val_acc=0.9413  macroF1=0.7816  edit=47.33  segF1@50=0.46
[b2a][epoch 37/50] loss=0.3957  val_acc=0.9531  macroF1=0.8153  edit=56.59  segF1@50=0.63
[b2a][epoch 38/50] loss=0.3914  val_acc=0.9439  macroF1=0.7955  edit=48.93  segF1@50=0.49
[b2a][epoch 39/50] loss=0.3792  val_acc=0.9578  macroF1=0.8236  edit=54.22  segF1@50=0.56
[b2a][epoch 40/50] loss=0.3904  val_acc=0.9300  macroF1=0.7511  edit=41.17  segF1@50=0.41
[b2a][epoch 41/50] loss=0.3853  val_acc=0.9030  macroF1=0.7656  edit=44.12  segF1@50=0.47
[b2a][epoch 42/50] loss=0.3702  val_acc=0.9525  macroF1=0.8078  edit=44.77  segF1@50=0.54
[b2a][epoch 43/50] loss=0.3634  val_acc=0.9452  macroF1=0.8122  edit=45.21  segF1@50=0.50
[b2a][epoch 44/50] loss=0.3386  val_acc=0.9419  macroF1=0.7998  edit=40.34  segF1@50=0.40
[b2a][epoch 45/50] loss=0.3259  val_acc=0.9604  macroF1=0.8253  edit=57.41  segF1@50=0.64
[b2a][epoch 46/50] loss=0.3133  val_acc=0.9485  macroF1=0.8180  edit=46.22  segF1@50=0.50
[b2a][epoch 47/50] loss=0.3017  val_acc=0.9584  macroF1=0.8239  edit=55.11  segF1@50=0.57
[b2a][epoch 48/50] loss=0.2910  val_acc=0.9571  macroF1=0.8254  edit=54.27  segF1@50=0.56
[b2a][epoch 49/50] loss=0.2823  val_acc=0.9584  macroF1=0.8255  edit=54.07  segF1@50=0.56
[b2a][epoch 50/50] loss=0.2763  val_acc=0.9578  macroF1=0.8252  edit=54.07  segF1@50=0.56
[b2a] best @epoch 45: acc=0.9604 macroF1=0.8253
[b2a] evidence written -> /home/ubuntu/slocal2/m2/experiments/transfer/b2a_det2phase_oracletool_003_b2a_det2phase_oracletool_seed123
