/home/ubuntu/slocal/m2/.venv-relation-detr/lib/python3.11/site-packages/albumentations/core/validation.py:114: UserWarning: ShiftScaleRotate is a special case of Affine transform. Please use Affine transform instead.
  original_init(self, **validated_kwargs)
/home/ubuntu/slocal/m2/third_party/Relation-DETR/transforms/presets.py:109: UserWarning: Argument(s) 'value' are not valid for transform ShiftScaleRotate
  A.ShiftScaleRotate(
/home/ubuntu/slocal/m2/third_party/Relation-DETR/transforms/presets.py:140: UserWarning: Argument(s) 'quality_lower, quality_upper' are not valid for transform ImageCompression
  A.ImageCompression(quality_lower=85, quality_upper=95, p=0.2),
/home/ubuntu/slocal/m2/third_party/Relation-DETR/transforms/presets.py:195: UserWarning: Argument(s) 'value' are not valid for transform ShiftScaleRotate
  A.ShiftScaleRotate(
/home/ubuntu/slocal/m2/third_party/Relation-DETR/transforms/presets.py:226: UserWarning: Argument(s) 'quality_lower, quality_upper' are not valid for transform ImageCompression
  A.ImageCompression(quality_lower=85, quality_upper=95, p=0.2),
Using /home/ubuntu/.cache/torch_extensions/py311_cu118 as PyTorch extensions root...
Detected CUDA files, patching ldflags
Emitting ninja build file /home/ubuntu/.cache/torch_extensions/py311_cu118/MultiScaleDeformableAttention/build.ninja...
Building extension module MultiScaleDeformableAttention...
Allowing ninja to set a default number of workers... (overridable by setting the environment variable MAX_JOBS=N)
loading annotations into memory...
Done (t=0.36s)
creating index...
index created!
Using [0, 0.5, 0.6299605249474365, 0.7937005259840997, 1.0, 1.259921049894873, 1.5874010519681991, 2.0, inf] as bins for aspect ratio quantization
Count of instances per bin: [9618]
loading annotations into memory...
Done (t=0.03s)
creating index...
index created!
ninja: no work to do.
Loading extension module MultiScaleDeformableAttention...
/home/ubuntu/slocal/m2/.venv-relation-detr/lib/python3.11/site-packages/torch/overrides.py:110: UserWarning: 'has_cuda' is deprecated, please use 'torch.backends.cuda.is_built()'
  torch.has_cuda,
/home/ubuntu/slocal/m2/.venv-relation-detr/lib/python3.11/site-packages/torch/overrides.py:111: UserWarning: 'has_cudnn' is deprecated, please use 'torch.backends.cudnn.is_available()'
  torch.has_cudnn,
/home/ubuntu/slocal/m2/.venv-relation-detr/lib/python3.11/site-packages/torch/overrides.py:117: UserWarning: 'has_mps' is deprecated, please use 'torch.backends.mps.is_built()'
  torch.has_mps,
/home/ubuntu/slocal/m2/.venv-relation-detr/lib/python3.11/site-packages/torch/overrides.py:118: UserWarning: 'has_mkldnn' is deprecated, please use 'torch.backends.mkldnn.is_available()'
  torch.has_mkldnn,
The model and loaded state dict do not match exactly
Missing keys: hand_prior.proj.weight

[t1b] warm-start from /home/ubuntu/slocal/m2/third_party/Relation-DETR/checkpoints/incoming/seed42/best_ap.pth
[hand2det] seed=42 hand_ch=4 trainable=all zero_ctx=False det_steps/ep=4809 inject_params=8192 total_trainable=25246880 work=/home/ubuntu/slocal/m2/experiments/hand2det_dev/hand2det_1ep_4ch_all_seed42
Accumulating evaluation results...
DONE (t=4.45s).
[hand2det] warm-start init mAP=0.7303 (zero-init 恒等 → S0-frozen 水準なら OK)
[hand2det][ep0 0/4809] L=20.293 1.2it/s eta_ep=69m
[hand2det][ep0 200/4809] L=11.162 1.6it/s eta_ep=47m
[hand2det][ep0 400/4809] L=21.850 1.7it/s eta_ep=44m
[hand2det][ep0 600/4809] L=19.349 1.7it/s eta_ep=41m
[hand2det][ep0 800/4809] L=17.534 1.7it/s eta_ep=39m
[hand2det][ep0 1000/4809] L=23.630 1.7it/s eta_ep=37m
[hand2det][ep0 1200/4809] L=19.134 1.7it/s eta_ep=35m
[hand2det][ep0 1400/4809] L=21.595 1.7it/s eta_ep=33m
[hand2det][ep0 1600/4809] L=22.576 1.7it/s eta_ep=31m
[hand2det][ep0 1800/4809] L=16.719 1.7it/s eta_ep=29m
[hand2det][ep0 2000/4809] L=11.979 1.7it/s eta_ep=27m
[hand2det][ep0 2200/4809] L=14.131 1.7it/s eta_ep=25m
[hand2det][ep0 2400/4809] L=19.279 1.7it/s eta_ep=23m
[hand2det][ep0 2600/4809] L=8.863 1.7it/s eta_ep=21m
[hand2det][ep0 2800/4809] L=16.298 1.7it/s eta_ep=19m
[hand2det][ep0 3000/4809] L=12.752 1.7it/s eta_ep=17m
[hand2det][ep0 3200/4809] L=29.825 1.7it/s eta_ep=16m
[hand2det][ep0 3400/4809] L=22.450 1.7it/s eta_ep=14m
[hand2det][ep0 3600/4809] L=25.024 1.7it/s eta_ep=12m
[hand2det][ep0 3800/4809] L=13.922 1.7it/s eta_ep=10m
[hand2det][ep0 4000/4809] L=16.031 1.7it/s eta_ep=8m
[hand2det][ep0 4200/4809] L=28.920 1.7it/s eta_ep=6m
[hand2det][ep0 4400/4809] L=22.746 1.7it/s eta_ep=4m
[hand2det][ep0 4600/4809] L=17.527 1.7it/s eta_ep=2m
[hand2det][ep0 4800/4809] L=13.691 1.7it/s eta_ep=0m
Accumulating evaluation results...
DONE (t=4.13s).
[hand2det][ep0] val mAP=0.6842
[hand2det] DONE best@ep-1 mAP=0.7303 (init 0.7303) inject_grad=True -> /home/ubuntu/slocal/m2/experiments/hand2det_dev/hand2det_1ep_4ch_all_seed42
