/home/ubuntu/slocal/m2/.venv-relation-detr/lib/python3.11/site-packages/albumentations/core/validation.py:114: UserWarning: ShiftScaleRotate is a special case of Affine transform. Please use Affine transform instead.
  original_init(self, **validated_kwargs)
/home/ubuntu/slocal/m2/third_party/Relation-DETR/transforms/presets.py:109: UserWarning: Argument(s) 'value' are not valid for transform ShiftScaleRotate
  A.ShiftScaleRotate(
/home/ubuntu/slocal/m2/third_party/Relation-DETR/transforms/presets.py:140: UserWarning: Argument(s) 'quality_lower, quality_upper' are not valid for transform ImageCompression
  A.ImageCompression(quality_lower=85, quality_upper=95, p=0.2),
/home/ubuntu/slocal/m2/third_party/Relation-DETR/transforms/presets.py:195: UserWarning: Argument(s) 'value' are not valid for transform ShiftScaleRotate
  A.ShiftScaleRotate(
/home/ubuntu/slocal/m2/third_party/Relation-DETR/transforms/presets.py:226: UserWarning: Argument(s) 'quality_lower, quality_upper' are not valid for transform ImageCompression
  A.ImageCompression(quality_lower=85, quality_upper=95, p=0.2),
Using /home/ubuntu/.cache/torch_extensions/py311_cu118 as PyTorch extensions root...
Detected CUDA files, patching ldflags
Emitting ninja build file /home/ubuntu/.cache/torch_extensions/py311_cu118/MultiScaleDeformableAttention/build.ninja...
Building extension module MultiScaleDeformableAttention...
Allowing ninja to set a default number of workers... (overridable by setting the environment variable MAX_JOBS=N)
loading annotations into memory...
Done (t=0.45s)
creating index...
index created!
Using [0, 0.5, 0.6299605249474365, 0.7937005259840997, 1.0, 1.259921049894873, 1.5874010519681991, 2.0, inf] as bins for aspect ratio quantization
Count of instances per bin: [9618]
ninja: no work to do.
Loading extension module MultiScaleDeformableAttention...
/home/ubuntu/slocal/m2/.venv-relation-detr/lib/python3.11/site-packages/torch/overrides.py:110: UserWarning: 'has_cuda' is deprecated, please use 'torch.backends.cuda.is_built()'
  torch.has_cuda,
/home/ubuntu/slocal/m2/.venv-relation-detr/lib/python3.11/site-packages/torch/overrides.py:111: UserWarning: 'has_cudnn' is deprecated, please use 'torch.backends.cudnn.is_available()'
  torch.has_cudnn,
/home/ubuntu/slocal/m2/.venv-relation-detr/lib/python3.11/site-packages/torch/overrides.py:117: UserWarning: 'has_mps' is deprecated, please use 'torch.backends.mps.is_built()'
  torch.has_mps,
/home/ubuntu/slocal/m2/.venv-relation-detr/lib/python3.11/site-packages/torch/overrides.py:118: UserWarning: 'has_mkldnn' is deprecated, please use 'torch.backends.mkldnn.is_available()'
  torch.has_mkldnn,
The model and loaded state dict do not match exactly
Missing keys: hand_prior.proj.weight

[t1b] warm-start from /home/ubuntu/slocal/m2/third_party/Relation-DETR/checkpoints/incoming/seed42/best_ap.pth
[audit] hand_channels=4 seed=42 trainable=film n_trainable=8,192
[audit] 1/5 gradient_flow ...
  loss=20.654 issues=0 inject_nonzero=1/1 pass=True
[audit] 2/5 loss_at_init ...
The model and loaded state dict do not match exactly
Missing keys: hand_prior.proj.weight

[t1b] warm-start from /home/ubuntu/slocal/m2/third_party/Relation-DETR/checkpoints/incoming/seed42/best_ap.pth
  loss mean=13.477 std=3.149 pass=True
[audit] 3/5 nan_inf_hook ...
The model and loaded state dict do not match exactly
Missing keys: hand_prior.proj.weight

[t1b] warm-start from /home/ubuntu/slocal/m2/third_party/Relation-DETR/checkpoints/incoming/seed42/best_ap.pth
  n_steps=5 nan_inf_hits=0 pass=True
[audit] 4/5 overfit_one_batch (capacity: trainable=all) ...
The model and loaded state dict do not match exactly
Missing keys: hand_prior.proj.weight

[t1b] warm-start from /home/ubuntu/slocal/m2/third_party/Relation-DETR/checkpoints/incoming/seed42/best_ap.pth
  init=21.727 final=3.916 reduction=82.0% pass=True
[audit] 5/5 injection_wiring ...
The model and loaded state dict do not match exactly
Missing keys: hand_prior.proj.weight

[t1b] warm-start from /home/ubuntu/slocal/m2/third_party/Relation-DETR/checkpoints/incoming/seed42/best_ap.pth
  grad(mask)=0.5951 grad(zero)=0 only_inject=True pass=True

============================================================
[audit] hand_channels=4 seed=42 完了 (0.7 min)
  ALL PASS: True
  1 gradient_flow    : True
  2 loss_at_init     : True
  3 nan_inf_hook     : True
  4 overfit_one      : True (reduction=82.0%)
  5 injection_wiring : True (mask=0.595 / zero=0)
  証跡: /home/ubuntu/slocal/m2/experiments/hand2det_dev/audit/l0_audit_4ch_seed42/audit_report.json
============================================================
