[b2a] train clips=13  val clips=3  in_dim=2063  tool_source=pred  classes=9  device=cuda
[b2a] evidence dir: /home/ubuntu/slocal2/m2/experiments/transfer/b2a_mask_dim_11_003_b2a_mask_dim_11_seed456
[b2a][epoch 1/50] loss=3.4907  val_acc=0.3340  macroF1=0.0715  edit=9.67  segF1@50=0.00
[b2a][epoch 2/50] loss=2.8873  val_acc=0.3650  macroF1=0.0767  edit=2.67  segF1@50=0.17
[b2a][epoch 3/50] loss=2.6937  val_acc=0.3340  macroF1=0.0715  edit=9.67  segF1@50=0.00
[b2a][epoch 4/50] loss=2.5982  val_acc=0.3677  macroF1=0.0768  edit=18.00  segF1@50=0.22
[b2a][epoch 5/50] loss=2.3477  val_acc=0.6785  macroF1=0.2281  edit=30.67  segF1@50=0.17
[b2a][epoch 6/50] loss=2.0261  val_acc=0.4838  macroF1=0.1631  edit=32.67  segF1@50=0.13
[b2a][epoch 7/50] loss=2.1555  val_acc=0.3340  macroF1=0.0715  edit=9.67  segF1@50=0.00
[b2a][epoch 8/50] loss=2.1333  val_acc=0.6726  macroF1=0.2279  edit=27.22  segF1@50=0.15
[b2a][epoch 9/50] loss=1.7403  val_acc=0.6442  macroF1=0.2218  edit=32.67  segF1@50=0.14
[b2a][epoch 10/50] loss=1.5116  val_acc=0.6244  macroF1=0.2153  edit=39.67  segF1@50=0.20
[b2a][epoch 11/50] loss=1.3435  val_acc=0.6297  macroF1=0.2313  edit=46.44  segF1@50=0.21
[b2a][epoch 12/50] loss=1.2189  val_acc=0.7267  macroF1=0.3572  edit=33.07  segF1@50=0.21
[b2a][epoch 13/50] loss=1.1153  val_acc=0.7525  macroF1=0.3902  edit=27.67  segF1@50=0.22
[b2a][epoch 14/50] loss=1.0327  val_acc=0.7927  macroF1=0.4465  edit=29.33  segF1@50=0.25
[b2a][epoch 15/50] loss=0.9563  val_acc=0.7908  macroF1=0.4260  edit=32.00  segF1@50=0.24
[b2a][epoch 16/50] loss=0.9040  val_acc=0.8178  macroF1=0.4766  edit=28.35  segF1@50=0.25
[b2a][epoch 17/50] loss=0.8449  val_acc=0.8304  macroF1=0.4976  edit=31.50  segF1@50=0.25
[b2a][epoch 18/50] loss=0.7839  val_acc=0.8799  macroF1=0.6415  edit=34.79  segF1@50=0.31
[b2a][epoch 19/50] loss=0.7220  val_acc=0.8937  macroF1=0.6716  edit=31.64  segF1@50=0.27
[b2a][epoch 20/50] loss=0.6998  val_acc=0.8990  macroF1=0.6744  edit=34.75  segF1@50=0.32
[b2a][epoch 21/50] loss=0.6886  val_acc=0.8950  macroF1=0.7116  edit=34.85  segF1@50=0.27
[b2a][epoch 22/50] loss=0.6649  val_acc=0.8878  macroF1=0.6479  edit=20.37  segF1@50=0.26
[b2a][epoch 23/50] loss=0.6273  val_acc=0.8924  macroF1=0.7225  edit=34.58  segF1@50=0.29
[b2a][epoch 24/50] loss=0.5921  val_acc=0.8970  macroF1=0.6590  edit=32.67  segF1@50=0.32
[b2a][epoch 25/50] loss=0.5481  val_acc=0.9063  macroF1=0.7070  edit=39.21  segF1@50=0.36
[b2a][epoch 26/50] loss=0.5231  val_acc=0.9056  macroF1=0.6993  edit=35.28  segF1@50=0.33
[b2a][epoch 27/50] loss=0.5056  val_acc=0.9175  macroF1=0.7673  edit=47.76  segF1@50=0.48
[b2a][epoch 28/50] loss=0.4814  val_acc=0.9129  macroF1=0.7054  edit=37.17  segF1@50=0.35
[b2a][epoch 29/50] loss=0.4647  val_acc=0.9188  macroF1=0.7644  edit=40.83  segF1@50=0.42
[b2a][epoch 30/50] loss=0.4390  val_acc=0.9221  macroF1=0.7674  edit=40.93  segF1@50=0.43
[b2a][epoch 31/50] loss=0.4847  val_acc=0.9267  macroF1=0.7533  edit=49.41  segF1@50=0.54
[b2a][epoch 32/50] loss=0.5042  val_acc=0.8997  macroF1=0.6814  edit=35.62  segF1@50=0.30
[b2a][epoch 33/50] loss=0.4567  val_acc=0.9274  macroF1=0.7838  edit=44.24  segF1@50=0.44
[b2a][epoch 34/50] loss=0.4157  val_acc=0.9129  macroF1=0.7565  edit=36.61  segF1@50=0.40
[b2a][epoch 35/50] loss=0.3840  val_acc=0.9208  macroF1=0.7722  edit=42.54  segF1@50=0.42
[b2a][epoch 36/50] loss=0.3712  val_acc=0.9208  macroF1=0.7703  edit=39.42  segF1@50=0.40
[b2a][epoch 37/50] loss=0.3616  val_acc=0.9287  macroF1=0.7873  edit=43.83  segF1@50=0.44
[b2a][epoch 38/50] loss=0.3500  val_acc=0.9281  macroF1=0.7694  edit=41.95  segF1@50=0.43
[b2a][epoch 39/50] loss=0.3489  val_acc=0.9314  macroF1=0.7811  edit=43.03  segF1@50=0.40
[b2a][epoch 40/50] loss=0.3363  val_acc=0.9188  macroF1=0.7580  edit=39.72  segF1@50=0.39
[b2a][epoch 41/50] loss=0.3323  val_acc=0.9393  macroF1=0.7937  edit=52.12  segF1@50=0.59
[b2a][epoch 42/50] loss=0.3311  val_acc=0.9314  macroF1=0.7809  edit=40.01  segF1@50=0.41
[b2a][epoch 43/50] loss=0.3190  val_acc=0.9149  macroF1=0.7681  edit=42.19  segF1@50=0.40
[b2a][epoch 44/50] loss=0.3183  val_acc=0.9347  macroF1=0.7851  edit=42.59  segF1@50=0.45
[b2a][epoch 45/50] loss=0.3112  val_acc=0.9307  macroF1=0.7848  edit=50.17  segF1@50=0.50
[b2a][epoch 46/50] loss=0.3174  val_acc=0.9228  macroF1=0.7482  edit=46.17  segF1@50=0.49
[b2a][epoch 47/50] loss=0.3000  val_acc=0.8785  macroF1=0.7587  edit=26.84  segF1@50=0.28
[b2a][epoch 48/50] loss=0.6355  val_acc=0.9188  macroF1=0.7841  edit=30.69  segF1@50=0.38
[b2a][epoch 49/50] loss=0.8130  val_acc=0.7644  macroF1=0.5193  edit=28.25  segF1@50=0.12
[b2a][epoch 50/50] loss=0.8529  val_acc=0.8343  macroF1=0.7055  edit=29.90  segF1@50=0.31
[b2a] best @epoch 41: acc=0.9393 macroF1=0.7937
[b2a] evidence written -> /home/ubuntu/slocal2/m2/experiments/transfer/b2a_mask_dim_11_003_b2a_mask_dim_11_seed456
