[b2a] train clips=13  val clips=3  in_dim=2063  tool_source=oracle  classes=9  device=cuda
[b2a] evidence dir: /home/ubuntu/slocal2/m2/experiments/transfer/b2a_oracle_mask_14_002_b2a_oracle_mask_14_seed123
[b2a][epoch 1/50] loss=3.5596  val_acc=0.3677  macroF1=0.0768  edit=18.00  segF1@50=0.22
[b2a][epoch 2/50] loss=3.0405  val_acc=0.3677  macroF1=0.0768  edit=18.00  segF1@50=0.22
[b2a][epoch 3/50] loss=2.7346  val_acc=0.3340  macroF1=0.0715  edit=9.67  segF1@50=0.00
[b2a][epoch 4/50] loss=2.5804  val_acc=0.4759  macroF1=0.1469  edit=20.67  segF1@50=0.22
[b2a][epoch 5/50] loss=2.3742  val_acc=0.6521  macroF1=0.2184  edit=38.33  segF1@50=0.24
[b2a][epoch 6/50] loss=1.9554  val_acc=0.6752  macroF1=0.2297  edit=34.33  segF1@50=0.24
[b2a][epoch 7/50] loss=1.9717  val_acc=0.4891  macroF1=0.1657  edit=26.00  segF1@50=0.02
[b2a][epoch 8/50] loss=2.0380  val_acc=0.6607  macroF1=0.2214  edit=37.00  segF1@50=0.22
[b2a][epoch 9/50] loss=1.6067  val_acc=0.6614  macroF1=0.2272  edit=41.00  segF1@50=0.23
[b2a][epoch 10/50] loss=1.4024  val_acc=0.6752  macroF1=0.2305  edit=27.33  segF1@50=0.17
[b2a][epoch 11/50] loss=1.2894  val_acc=0.6944  macroF1=0.3133  edit=30.30  segF1@50=0.18
[b2a][epoch 12/50] loss=1.2051  val_acc=0.7624  macroF1=0.3966  edit=37.92  segF1@50=0.28
[b2a][epoch 13/50] loss=1.0869  val_acc=0.7789  macroF1=0.4069  edit=49.22  segF1@50=0.37
[b2a][epoch 14/50] loss=1.0074  val_acc=0.7908  macroF1=0.4138  edit=46.00  segF1@50=0.33
[b2a][epoch 15/50] loss=0.9532  val_acc=0.8198  macroF1=0.4624  edit=49.62  segF1@50=0.45
[b2a][epoch 16/50] loss=0.8725  val_acc=0.8277  macroF1=0.4787  edit=34.51  segF1@50=0.36
[b2a][epoch 17/50] loss=0.8479  val_acc=0.8310  macroF1=0.4921  edit=44.36  segF1@50=0.34
[b2a][epoch 18/50] loss=0.7601  val_acc=0.8660  macroF1=0.5769  edit=32.68  segF1@50=0.30
[b2a][epoch 19/50] loss=0.7059  val_acc=0.8990  macroF1=0.6684  edit=52.81  segF1@50=0.49
[b2a][epoch 20/50] loss=0.6527  val_acc=0.9162  macroF1=0.7221  edit=43.63  segF1@50=0.49
[b2a][epoch 21/50] loss=0.6085  val_acc=0.9102  macroF1=0.7190  edit=35.74  segF1@50=0.35
[b2a][epoch 22/50] loss=0.6154  val_acc=0.9201  macroF1=0.6979  edit=45.49  segF1@50=0.52
[b2a][epoch 23/50] loss=0.5900  val_acc=0.9228  macroF1=0.7601  edit=38.89  segF1@50=0.39
[b2a][epoch 24/50] loss=0.5519  val_acc=0.9267  macroF1=0.7583  edit=56.20  segF1@50=0.59
[b2a][epoch 25/50] loss=0.5258  val_acc=0.9366  macroF1=0.7929  edit=44.59  segF1@50=0.48
[b2a][epoch 26/50] loss=0.5076  val_acc=0.9386  macroF1=0.7811  edit=54.95  segF1@50=0.59
[b2a][epoch 27/50] loss=0.4719  val_acc=0.9373  macroF1=0.7701  edit=49.44  segF1@50=0.56
[b2a][epoch 28/50] loss=0.4632  val_acc=0.9465  macroF1=0.8084  edit=46.95  segF1@50=0.56
[b2a][epoch 29/50] loss=0.5926  val_acc=0.9228  macroF1=0.6967  edit=42.46  segF1@50=0.42
[b2a][epoch 30/50] loss=0.6293  val_acc=0.8515  macroF1=0.6114  edit=41.79  segF1@50=0.35
[b2a][epoch 31/50] loss=0.5897  val_acc=0.8667  macroF1=0.7157  edit=33.46  segF1@50=0.33
[b2a][epoch 32/50] loss=0.5308  val_acc=0.9353  macroF1=0.7919  edit=40.98  segF1@50=0.41
[b2a][epoch 33/50] loss=0.4633  val_acc=0.9492  macroF1=0.8110  edit=48.84  segF1@50=0.53
[b2a][epoch 34/50] loss=0.4285  val_acc=0.9439  macroF1=0.8102  edit=49.34  segF1@50=0.51
[b2a][epoch 35/50] loss=0.3946  val_acc=0.9512  macroF1=0.8127  edit=47.30  segF1@50=0.51
[b2a][epoch 36/50] loss=0.3797  val_acc=0.9538  macroF1=0.8186  edit=50.11  segF1@50=0.53
[b2a][epoch 37/50] loss=0.3690  val_acc=0.9525  macroF1=0.8156  edit=51.30  segF1@50=0.52
[b2a][epoch 38/50] loss=0.3576  val_acc=0.9545  macroF1=0.8202  edit=51.30  segF1@50=0.54
[b2a][epoch 39/50] loss=0.3461  val_acc=0.9525  macroF1=0.8173  edit=50.11  segF1@50=0.51
[b2a][epoch 40/50] loss=0.3321  val_acc=0.9578  macroF1=0.8242  edit=55.11  segF1@50=0.57
[b2a][epoch 41/50] loss=0.3284  val_acc=0.9545  macroF1=0.8173  edit=55.11  segF1@50=0.56
[b2a][epoch 42/50] loss=0.3342  val_acc=0.9538  macroF1=0.8214  edit=51.44  segF1@50=0.55
[b2a][epoch 43/50] loss=0.3222  val_acc=0.9545  macroF1=0.8166  edit=55.11  segF1@50=0.56
[b2a][epoch 44/50] loss=0.3114  val_acc=0.9485  macroF1=0.8121  edit=48.44  segF1@50=0.50
[b2a][epoch 45/50] loss=0.3072  val_acc=0.9611  macroF1=0.8302  edit=59.83  segF1@50=0.66
[b2a][epoch 46/50] loss=0.3046  val_acc=0.9432  macroF1=0.8117  edit=44.76  segF1@50=0.48
[b2a][epoch 47/50] loss=0.2964  val_acc=0.9551  macroF1=0.8169  edit=54.07  segF1@50=0.55
[b2a][epoch 48/50] loss=0.2890  val_acc=0.9571  macroF1=0.8271  edit=56.50  segF1@50=0.58
[b2a][epoch 49/50] loss=0.2831  val_acc=0.9459  macroF1=0.7940  edit=50.62  segF1@50=0.51
[b2a][epoch 50/50] loss=0.4082  val_acc=0.9234  macroF1=0.7037  edit=36.93  segF1@50=0.35
[b2a] best @epoch 45: acc=0.9611 macroF1=0.8302
[b2a] evidence written -> /home/ubuntu/slocal2/m2/experiments/transfer/b2a_oracle_mask_14_002_b2a_oracle_mask_14_seed123
