[b2a] train clips=13  val clips=3  in_dim=2063  tool_source=pred  classes=9  device=cuda
[b2a] evidence dir: /home/ubuntu/slocal2/m2/experiments/transfer/b2a_mask_dim_03_002_b2a_mask_dim_03_seed123
[b2a][epoch 1/50] loss=3.5599  val_acc=0.3677  macroF1=0.0768  edit=18.00  segF1@50=0.22
[b2a][epoch 2/50] loss=3.0421  val_acc=0.3677  macroF1=0.0768  edit=18.00  segF1@50=0.22
[b2a][epoch 3/50] loss=2.7380  val_acc=0.3340  macroF1=0.0715  edit=9.67  segF1@50=0.00
[b2a][epoch 4/50] loss=2.5839  val_acc=0.4772  macroF1=0.1476  edit=23.33  segF1@50=0.22
[b2a][epoch 5/50] loss=2.3886  val_acc=0.6488  macroF1=0.2172  edit=34.33  segF1@50=0.24
[b2a][epoch 6/50] loss=1.9778  val_acc=0.6733  macroF1=0.2291  edit=38.33  segF1@50=0.24
[b2a][epoch 7/50] loss=1.9727  val_acc=0.4495  macroF1=0.1466  edit=31.44  segF1@50=0.02
[b2a][epoch 8/50] loss=2.1849  val_acc=0.6396  macroF1=0.2136  edit=29.86  segF1@50=0.26
[b2a][epoch 9/50] loss=1.6699  val_acc=0.6449  macroF1=0.2225  edit=32.67  segF1@50=0.16
[b2a][epoch 10/50] loss=1.4394  val_acc=0.6739  macroF1=0.2297  edit=26.11  segF1@50=0.16
[b2a][epoch 11/50] loss=1.3260  val_acc=0.6581  macroF1=0.2697  edit=50.67  segF1@50=0.17
[b2a][epoch 12/50] loss=1.2230  val_acc=0.7545  macroF1=0.3870  edit=37.79  segF1@50=0.28
[b2a][epoch 13/50] loss=1.1088  val_acc=0.7663  macroF1=0.4016  edit=45.94  segF1@50=0.34
[b2a][epoch 14/50] loss=1.0320  val_acc=0.7782  macroF1=0.3960  edit=37.05  segF1@50=0.26
[b2a][epoch 15/50] loss=0.9873  val_acc=0.7967  macroF1=0.4469  edit=39.04  segF1@50=0.29
[b2a][epoch 16/50] loss=0.9047  val_acc=0.8152  macroF1=0.4724  edit=36.78  segF1@50=0.35
[b2a][epoch 17/50] loss=0.8679  val_acc=0.8653  macroF1=0.6338  edit=32.04  segF1@50=0.33
[b2a][epoch 18/50] loss=0.7828  val_acc=0.8396  macroF1=0.5018  edit=32.09  segF1@50=0.33
[b2a][epoch 19/50] loss=0.7381  val_acc=0.8568  macroF1=0.5933  edit=44.98  segF1@50=0.41
[b2a][epoch 20/50] loss=0.7395  val_acc=0.8957  macroF1=0.6630  edit=34.91  segF1@50=0.32
[b2a][epoch 21/50] loss=0.7483  val_acc=0.7564  macroF1=0.4748  edit=46.44  segF1@50=0.32
[b2a][epoch 22/50] loss=0.8047  val_acc=0.8700  macroF1=0.6239  edit=23.92  segF1@50=0.25
[b2a][epoch 23/50] loss=0.6717  val_acc=0.8832  macroF1=0.6800  edit=42.00  segF1@50=0.36
[b2a][epoch 24/50] loss=0.6189  val_acc=0.9003  macroF1=0.6912  edit=37.17  segF1@50=0.33
[b2a][epoch 25/50] loss=0.5943  val_acc=0.9102  macroF1=0.7279  edit=33.52  segF1@50=0.31
[b2a][epoch 26/50] loss=0.5659  val_acc=0.9096  macroF1=0.7015  edit=35.74  segF1@50=0.32
[b2a][epoch 27/50] loss=0.5836  val_acc=0.8983  macroF1=0.6662  edit=34.22  segF1@50=0.30
[b2a][epoch 28/50] loss=0.6100  val_acc=0.9096  macroF1=0.7382  edit=38.48  segF1@50=0.35
[b2a][epoch 29/50] loss=0.5314  val_acc=0.9188  macroF1=0.7396  edit=41.57  segF1@50=0.39
[b2a][epoch 30/50] loss=0.4989  val_acc=0.9188  macroF1=0.7434  edit=41.44  segF1@50=0.40
[b2a][epoch 31/50] loss=0.4656  val_acc=0.9168  macroF1=0.7508  edit=35.96  segF1@50=0.36
[b2a][epoch 32/50] loss=0.4440  val_acc=0.9254  macroF1=0.7552  edit=44.67  segF1@50=0.39
[b2a][epoch 33/50] loss=0.4275  val_acc=0.9254  macroF1=0.7709  edit=33.52  segF1@50=0.36
[b2a][epoch 34/50] loss=0.4383  val_acc=0.9155  macroF1=0.7245  edit=39.32  segF1@50=0.36
[b2a][epoch 35/50] loss=0.4234  val_acc=0.9274  macroF1=0.7865  edit=38.89  segF1@50=0.42
[b2a][epoch 36/50] loss=0.3988  val_acc=0.9168  macroF1=0.7486  edit=37.44  segF1@50=0.37
[b2a][epoch 37/50] loss=0.3892  val_acc=0.9294  macroF1=0.7851  edit=41.41  segF1@50=0.42
[b2a][epoch 38/50] loss=0.3890  val_acc=0.9267  macroF1=0.7469  edit=42.14  segF1@50=0.40
[b2a][epoch 39/50] loss=0.3908  val_acc=0.9254  macroF1=0.7837  edit=36.93  segF1@50=0.39
[b2a][epoch 40/50] loss=0.4318  val_acc=0.9096  macroF1=0.6737  edit=32.89  segF1@50=0.31
[b2a][epoch 41/50] loss=0.4627  val_acc=0.8924  macroF1=0.7432  edit=30.71  segF1@50=0.33
[b2a][epoch 42/50] loss=0.4029  val_acc=0.9241  macroF1=0.7409  edit=42.47  segF1@50=0.45
[b2a][epoch 43/50] loss=0.3733  val_acc=0.9248  macroF1=0.7742  edit=35.00  segF1@50=0.39
[b2a][epoch 44/50] loss=0.3497  val_acc=0.9155  macroF1=0.7575  edit=40.65  segF1@50=0.42
[b2a][epoch 45/50] loss=0.3352  val_acc=0.9360  macroF1=0.7854  edit=43.21  segF1@50=0.47
[b2a][epoch 46/50] loss=0.3240  val_acc=0.9221  macroF1=0.7788  edit=39.72  segF1@50=0.41
[b2a][epoch 47/50] loss=0.3151  val_acc=0.9274  macroF1=0.7772  edit=37.81  segF1@50=0.39
[b2a][epoch 48/50] loss=0.3035  val_acc=0.9320  macroF1=0.7831  edit=39.39  segF1@50=0.42
[b2a][epoch 49/50] loss=0.2931  val_acc=0.9314  macroF1=0.7808  edit=39.90  segF1@50=0.41
[b2a][epoch 50/50] loss=0.2890  val_acc=0.9327  macroF1=0.7821  edit=39.90  segF1@50=0.41
[b2a] best @epoch 45: acc=0.9360 macroF1=0.7854
[b2a] evidence written -> /home/ubuntu/slocal2/m2/experiments/transfer/b2a_mask_dim_03_002_b2a_mask_dim_03_seed123
