[b2a] train clips=13  val clips=3  in_dim=2063  tool_source=oracle  classes=9  device=cuda
[b2a] evidence dir: /home/ubuntu/slocal2/m2/experiments/transfer/b2a_oracle_mask_04_002_b2a_oracle_mask_04_seed123
[b2a][epoch 1/50] loss=3.5596  val_acc=0.3677  macroF1=0.0768  edit=18.00  segF1@50=0.22
[b2a][epoch 2/50] loss=3.0386  val_acc=0.3677  macroF1=0.0768  edit=18.00  segF1@50=0.22
[b2a][epoch 3/50] loss=2.7346  val_acc=0.3340  macroF1=0.0715  edit=9.67  segF1@50=0.00
[b2a][epoch 4/50] loss=2.5766  val_acc=0.4759  macroF1=0.1469  edit=20.67  segF1@50=0.22
[b2a][epoch 5/50] loss=2.3700  val_acc=0.6528  macroF1=0.2187  edit=34.33  segF1@50=0.24
[b2a][epoch 6/50] loss=1.9519  val_acc=0.6752  macroF1=0.2296  edit=31.67  segF1@50=0.22
[b2a][epoch 7/50] loss=1.9460  val_acc=0.4587  macroF1=0.1513  edit=26.43  segF1@50=0.02
[b2a][epoch 8/50] loss=2.1468  val_acc=0.6495  macroF1=0.2173  edit=31.67  segF1@50=0.22
[b2a][epoch 9/50] loss=1.6258  val_acc=0.6521  macroF1=0.2247  edit=37.00  segF1@50=0.22
[b2a][epoch 10/50] loss=1.3973  val_acc=0.6759  macroF1=0.2305  edit=28.78  segF1@50=0.15
[b2a][epoch 11/50] loss=1.2882  val_acc=0.6673  macroF1=0.2744  edit=60.33  segF1@50=0.23
[b2a][epoch 12/50] loss=1.1943  val_acc=0.7802  macroF1=0.4073  edit=41.41  segF1@50=0.29
[b2a][epoch 13/50] loss=1.0803  val_acc=0.7762  macroF1=0.4063  edit=41.29  segF1@50=0.32
[b2a][epoch 14/50] loss=1.0009  val_acc=0.7894  macroF1=0.4088  edit=56.33  segF1@50=0.34
[b2a][epoch 15/50] loss=0.9580  val_acc=0.8165  macroF1=0.4597  edit=45.11  segF1@50=0.40
[b2a][epoch 16/50] loss=0.8766  val_acc=0.8251  macroF1=0.4738  edit=32.03  segF1@50=0.33
[b2a][epoch 17/50] loss=0.8575  val_acc=0.8627  macroF1=0.6022  edit=39.33  segF1@50=0.34
[b2a][epoch 18/50] loss=0.7522  val_acc=0.8627  macroF1=0.5708  edit=30.68  segF1@50=0.31
[b2a][epoch 19/50] loss=0.7035  val_acc=0.9023  macroF1=0.6843  edit=44.07  segF1@50=0.45
[b2a][epoch 20/50] loss=0.7119  val_acc=0.9182  macroF1=0.6864  edit=44.44  segF1@50=0.51
[b2a][epoch 21/50] loss=0.6873  val_acc=0.8323  macroF1=0.5987  edit=41.42  segF1@50=0.31
[b2a][epoch 22/50] loss=0.7513  val_acc=0.9333  macroF1=0.7535  edit=47.78  segF1@50=0.46
[b2a][epoch 23/50] loss=0.6040  val_acc=0.9129  macroF1=0.7079  edit=39.44  segF1@50=0.36
[b2a][epoch 24/50] loss=0.5797  val_acc=0.9175  macroF1=0.7454  edit=61.56  segF1@50=0.59
[b2a][epoch 25/50] loss=0.5400  val_acc=0.9459  macroF1=0.8022  edit=57.41  segF1@50=0.62
[b2a][epoch 26/50] loss=0.5076  val_acc=0.9267  macroF1=0.7467  edit=46.51  segF1@50=0.52
[b2a][epoch 27/50] loss=0.4856  val_acc=0.9314  macroF1=0.7523  edit=41.97  segF1@50=0.44
[b2a][epoch 28/50] loss=0.4736  val_acc=0.9479  macroF1=0.8079  edit=48.84  segF1@50=0.52
[b2a][epoch 29/50] loss=0.4590  val_acc=0.9340  macroF1=0.7562  edit=51.92  segF1@50=0.55
[b2a][epoch 30/50] loss=0.4431  val_acc=0.9505  macroF1=0.8106  edit=56.35  segF1@50=0.56
[b2a][epoch 31/50] loss=0.4226  val_acc=0.9512  macroF1=0.8137  edit=47.71  segF1@50=0.55
[b2a][epoch 32/50] loss=0.4720  val_acc=0.9479  macroF1=0.7923  edit=59.52  segF1@50=0.64
[b2a][epoch 33/50] loss=0.4748  val_acc=0.9373  macroF1=0.7930  edit=39.10  segF1@50=0.42
[b2a][epoch 34/50] loss=0.4668  val_acc=0.9168  macroF1=0.7396  edit=34.05  segF1@50=0.35
[b2a][epoch 35/50] loss=0.4294  val_acc=0.9386  macroF1=0.7959  edit=41.28  segF1@50=0.43
[b2a][epoch 36/50] loss=0.4128  val_acc=0.9452  macroF1=0.7913  edit=53.09  segF1@50=0.51
[b2a][epoch 37/50] loss=0.3812  val_acc=0.9578  macroF1=0.8244  edit=65.38  segF1@50=0.70
[b2a][epoch 38/50] loss=0.3694  val_acc=0.9432  macroF1=0.7897  edit=50.43  segF1@50=0.52
[b2a][epoch 39/50] loss=0.3682  val_acc=0.9597  macroF1=0.8256  edit=61.11  segF1@50=0.66
[b2a][epoch 40/50] loss=0.3948  val_acc=0.9287  macroF1=0.7076  edit=41.78  segF1@50=0.44
[b2a][epoch 41/50] loss=0.4352  val_acc=0.9063  macroF1=0.7663  edit=45.65  segF1@50=0.47
[b2a][epoch 42/50] loss=0.4037  val_acc=0.9492  macroF1=0.7993  edit=47.68  segF1@50=0.54
[b2a][epoch 43/50] loss=0.3649  val_acc=0.9531  macroF1=0.8205  edit=48.03  segF1@50=0.51
[b2a][epoch 44/50] loss=0.3473  val_acc=0.9426  macroF1=0.8059  edit=47.60  segF1@50=0.48
[b2a][epoch 45/50] loss=0.3296  val_acc=0.9624  macroF1=0.8293  edit=55.36  segF1@50=0.63
[b2a][epoch 46/50] loss=0.3157  val_acc=0.9452  macroF1=0.8151  edit=44.76  segF1@50=0.49
[b2a][epoch 47/50] loss=0.3046  val_acc=0.9578  macroF1=0.8236  edit=55.11  segF1@50=0.57
[b2a][epoch 48/50] loss=0.2941  val_acc=0.9571  macroF1=0.8227  edit=55.11  segF1@50=0.57
[b2a][epoch 49/50] loss=0.2860  val_acc=0.9597  macroF1=0.8284  edit=56.50  segF1@50=0.58
[b2a][epoch 50/50] loss=0.2792  val_acc=0.9571  macroF1=0.8230  edit=55.11  segF1@50=0.57
[b2a] best @epoch 45: acc=0.9624 macroF1=0.8293
[b2a] evidence written -> /home/ubuntu/slocal2/m2/experiments/transfer/b2a_oracle_mask_04_002_b2a_oracle_mask_04_seed123
