[b2a] train clips=13  val clips=3  in_dim=2063  tool_source=oracle  classes=9  device=cuda
[b2a] evidence dir: /home/ubuntu/slocal2/m2/experiments/transfer/b2a_oracle_mask_13_003_b2a_oracle_mask_13_seed456
[b2a][epoch 1/50] loss=3.4891  val_acc=0.3340  macroF1=0.0715  edit=9.67  segF1@50=0.00
[b2a][epoch 2/50] loss=2.8854  val_acc=0.3650  macroF1=0.0767  edit=2.67  segF1@50=0.17
[b2a][epoch 3/50] loss=2.6883  val_acc=0.3340  macroF1=0.0715  edit=9.67  segF1@50=0.00
[b2a][epoch 4/50] loss=2.5877  val_acc=0.3677  macroF1=0.0768  edit=18.00  segF1@50=0.22
[b2a][epoch 5/50] loss=2.3289  val_acc=0.6805  macroF1=0.2285  edit=24.56  segF1@50=0.11
[b2a][epoch 6/50] loss=1.9949  val_acc=0.4950  macroF1=0.1680  edit=38.33  segF1@50=0.18
[b2a][epoch 7/50] loss=2.0333  val_acc=0.3340  macroF1=0.0715  edit=9.67  segF1@50=0.00
[b2a][epoch 8/50] loss=1.9707  val_acc=0.5980  macroF1=0.2076  edit=25.26  segF1@50=0.12
[b2a][epoch 9/50] loss=1.7104  val_acc=0.6554  macroF1=0.2259  edit=35.67  segF1@50=0.23
[b2a][epoch 10/50] loss=1.4327  val_acc=0.6455  macroF1=0.2224  edit=41.00  segF1@50=0.20
[b2a][epoch 11/50] loss=1.2929  val_acc=0.6838  macroF1=0.2766  edit=36.18  segF1@50=0.26
[b2a][epoch 12/50] loss=1.1855  val_acc=0.7432  macroF1=0.3444  edit=35.25  segF1@50=0.24
[b2a][epoch 13/50] loss=1.0739  val_acc=0.7617  macroF1=0.3888  edit=34.52  segF1@50=0.27
[b2a][epoch 14/50] loss=0.9976  val_acc=0.8238  macroF1=0.4654  edit=31.71  segF1@50=0.33
[b2a][epoch 15/50] loss=0.9221  val_acc=0.7835  macroF1=0.4149  edit=34.33  segF1@50=0.25
[b2a][epoch 16/50] loss=0.8600  val_acc=0.8891  macroF1=0.6383  edit=39.15  segF1@50=0.38
[b2a][epoch 17/50] loss=0.7916  val_acc=0.9102  macroF1=0.6724  edit=43.87  segF1@50=0.39
[b2a][epoch 18/50] loss=0.7346  val_acc=0.9050  macroF1=0.6787  edit=28.50  segF1@50=0.30
[b2a][epoch 19/50] loss=0.6790  val_acc=0.9162  macroF1=0.7266  edit=34.54  segF1@50=0.34
[b2a][epoch 20/50] loss=0.6764  val_acc=0.8997  macroF1=0.7329  edit=41.51  segF1@50=0.41
[b2a][epoch 21/50] loss=0.7410  val_acc=0.9413  macroF1=0.7809  edit=58.33  segF1@50=0.60
[b2a][epoch 22/50] loss=0.6417  val_acc=0.9069  macroF1=0.6624  edit=43.68  segF1@50=0.47
[b2a][epoch 23/50] loss=0.6040  val_acc=0.9201  macroF1=0.7635  edit=44.94  segF1@50=0.40
[b2a][epoch 24/50] loss=0.5707  val_acc=0.9122  macroF1=0.6903  edit=40.78  segF1@50=0.42
[b2a][epoch 25/50] loss=0.5339  val_acc=0.9360  macroF1=0.7655  edit=47.86  segF1@50=0.49
[b2a][epoch 26/50] loss=0.5041  val_acc=0.9413  macroF1=0.7813  edit=52.84  segF1@50=0.51
[b2a][epoch 27/50] loss=0.4743  val_acc=0.9485  macroF1=0.8058  edit=50.12  segF1@50=0.51
[b2a][epoch 28/50] loss=0.4588  val_acc=0.9353  macroF1=0.7664  edit=44.73  segF1@50=0.47
[b2a][epoch 29/50] loss=0.4530  val_acc=0.9465  macroF1=0.8112  edit=45.78  segF1@50=0.51
[b2a][epoch 30/50] loss=0.4368  val_acc=0.9380  macroF1=0.7848  edit=53.56  segF1@50=0.59
[b2a][epoch 31/50] loss=0.4547  val_acc=0.9393  macroF1=0.8015  edit=42.75  segF1@50=0.45
[b2a][epoch 32/50] loss=0.6176  val_acc=0.9003  macroF1=0.6559  edit=38.00  segF1@50=0.34
[b2a][epoch 33/50] loss=0.5163  val_acc=0.9518  macroF1=0.8142  edit=54.76  segF1@50=0.60
[b2a][epoch 34/50] loss=0.4626  val_acc=0.9479  macroF1=0.8121  edit=53.00  segF1@50=0.59
[b2a][epoch 35/50] loss=0.4086  val_acc=0.9485  macroF1=0.8117  edit=51.19  segF1@50=0.57
[b2a][epoch 36/50] loss=0.3895  val_acc=0.9538  macroF1=0.8136  edit=49.78  segF1@50=0.52
[b2a][epoch 37/50] loss=0.3658  val_acc=0.9525  macroF1=0.8184  edit=46.83  segF1@50=0.50
[b2a][epoch 38/50] loss=0.3519  val_acc=0.9498  macroF1=0.8086  edit=48.44  segF1@50=0.50
[b2a][epoch 39/50] loss=0.3408  val_acc=0.9551  macroF1=0.8198  edit=51.71  segF1@50=0.53
[b2a][epoch 40/50] loss=0.3352  val_acc=0.9545  macroF1=0.8219  edit=51.56  segF1@50=0.54
[b2a][epoch 41/50] loss=0.3259  val_acc=0.9505  macroF1=0.8121  edit=48.44  segF1@50=0.51
[b2a][epoch 42/50] loss=0.3192  val_acc=0.9465  macroF1=0.8066  edit=46.10  segF1@50=0.50
[b2a][epoch 43/50] loss=0.3121  val_acc=0.9564  macroF1=0.8226  edit=55.16  segF1@50=0.60
[b2a][epoch 44/50] loss=0.3097  val_acc=0.9479  macroF1=0.8098  edit=49.19  segF1@50=0.52
[b2a][epoch 45/50] loss=0.2987  val_acc=0.9531  macroF1=0.8224  edit=58.40  segF1@50=0.63
[b2a][epoch 46/50] loss=0.2924  val_acc=0.9439  macroF1=0.8029  edit=48.44  segF1@50=0.51
[b2a][epoch 47/50] loss=0.2863  val_acc=0.9538  macroF1=0.8239  edit=52.03  segF1@50=0.55
[b2a][epoch 48/50] loss=0.2905  val_acc=0.9393  macroF1=0.7920  edit=51.23  segF1@50=0.56
[b2a][epoch 49/50] loss=0.4966  val_acc=0.8680  macroF1=0.7566  edit=35.64  segF1@50=0.39
[b2a][epoch 50/50] loss=0.7162  val_acc=0.7927  macroF1=0.5491  edit=39.61  segF1@50=0.45
[b2a] best @epoch 43: acc=0.9564 macroF1=0.8226
[b2a] evidence written -> /home/ubuntu/slocal2/m2/experiments/transfer/b2a_oracle_mask_13_003_b2a_oracle_mask_13_seed456
