[b2a] train clips=13  val clips=3  in_dim=2063  tool_source=oracle  classes=9  device=cuda
[b2a] evidence dir: /home/ubuntu/slocal2/m2/experiments/transfer/b2a_oracle_mask_12_001_b2a_oracle_mask_12_seed42
[b2a][epoch 1/50] loss=3.7492  val_acc=0.3624  macroF1=0.0766  edit=2.67  segF1@50=0.17
[b2a][epoch 2/50] loss=2.8732  val_acc=0.3551  macroF1=0.1210  edit=4.04  segF1@50=0.01
[b2a][epoch 3/50] loss=2.6925  val_acc=0.3670  macroF1=0.0768  edit=1.33  segF1@50=0.17
[b2a][epoch 4/50] loss=2.4590  val_acc=0.5921  macroF1=0.2057  edit=18.86  segF1@50=0.02
[b2a][epoch 5/50] loss=2.4616  val_acc=0.5274  macroF1=0.1734  edit=31.95  segF1@50=0.22
[b2a][epoch 6/50] loss=2.0830  val_acc=0.6779  macroF1=0.2306  edit=31.33  segF1@50=0.13
[b2a][epoch 7/50] loss=1.6555  val_acc=0.6462  macroF1=0.2225  edit=32.67  segF1@50=0.14
[b2a][epoch 8/50] loss=1.5360  val_acc=0.6462  macroF1=0.2225  edit=32.67  segF1@50=0.14
[b2a][epoch 9/50] loss=1.4367  val_acc=0.6785  macroF1=0.2300  edit=30.00  segF1@50=0.16
[b2a][epoch 10/50] loss=1.3966  val_acc=0.6640  macroF1=0.3086  edit=47.62  segF1@50=0.19
[b2a][epoch 11/50] loss=1.2582  val_acc=0.7459  macroF1=0.3692  edit=32.25  segF1@50=0.22
[b2a][epoch 12/50] loss=1.1679  val_acc=0.8462  macroF1=0.5785  edit=28.13  segF1@50=0.22
[b2a][epoch 13/50] loss=1.0902  val_acc=0.7809  macroF1=0.4443  edit=41.61  segF1@50=0.24
[b2a][epoch 14/50] loss=0.9827  val_acc=0.8211  macroF1=0.4479  edit=41.69  segF1@50=0.36
[b2a][epoch 15/50] loss=0.9150  val_acc=0.8521  macroF1=0.5970  edit=40.06  segF1@50=0.36
[b2a][epoch 16/50] loss=0.8275  val_acc=0.8449  macroF1=0.5484  edit=35.89  segF1@50=0.24
[b2a][epoch 17/50] loss=0.7844  val_acc=0.8924  macroF1=0.6529  edit=43.00  segF1@50=0.37
[b2a][epoch 18/50] loss=0.7192  val_acc=0.9089  macroF1=0.6789  edit=42.73  segF1@50=0.39
[b2a][epoch 19/50] loss=0.6884  val_acc=0.9010  macroF1=0.7238  edit=34.66  segF1@50=0.34
[b2a][epoch 20/50] loss=0.6571  val_acc=0.9069  macroF1=0.6621  edit=42.11  segF1@50=0.42
[b2a][epoch 21/50] loss=0.5816  val_acc=0.9267  macroF1=0.7585  edit=43.84  segF1@50=0.45
[b2a][epoch 22/50] loss=0.5567  val_acc=0.9129  macroF1=0.7321  edit=37.96  segF1@50=0.42
[b2a][epoch 23/50] loss=0.5492  val_acc=0.9333  macroF1=0.7718  edit=46.52  segF1@50=0.45
[b2a][epoch 24/50] loss=0.4984  val_acc=0.9182  macroF1=0.7061  edit=41.79  segF1@50=0.40
[b2a][epoch 25/50] loss=0.4815  val_acc=0.9393  macroF1=0.7848  edit=53.56  segF1@50=0.52
[b2a][epoch 26/50] loss=0.4639  val_acc=0.9386  macroF1=0.7815  edit=46.91  segF1@50=0.47
[b2a][epoch 27/50] loss=0.4580  val_acc=0.9208  macroF1=0.7593  edit=39.42  segF1@50=0.43
[b2a][epoch 28/50] loss=0.4626  val_acc=0.9129  macroF1=0.7368  edit=32.89  segF1@50=0.34
[b2a][epoch 29/50] loss=0.4784  val_acc=0.9175  macroF1=0.7507  edit=44.10  segF1@50=0.51
[b2a][epoch 30/50] loss=0.4570  val_acc=0.9366  macroF1=0.7892  edit=42.31  segF1@50=0.46
[b2a][epoch 31/50] loss=0.4541  val_acc=0.9228  macroF1=0.7366  edit=46.18  segF1@50=0.45
[b2a][epoch 32/50] loss=0.5087  val_acc=0.9360  macroF1=0.7901  edit=49.11  segF1@50=0.51
[b2a][epoch 33/50] loss=0.4188  val_acc=0.9446  macroF1=0.7965  edit=52.44  segF1@50=0.54
[b2a][epoch 34/50] loss=0.3819  val_acc=0.9360  macroF1=0.7852  edit=45.90  segF1@50=0.49
[b2a][epoch 35/50] loss=0.3738  val_acc=0.9465  macroF1=0.8006  edit=45.16  segF1@50=0.47
[b2a][epoch 36/50] loss=0.3711  val_acc=0.9452  macroF1=0.8061  edit=46.66  segF1@50=0.48
[b2a][epoch 37/50] loss=0.3894  val_acc=0.9234  macroF1=0.7463  edit=41.47  segF1@50=0.40
[b2a][epoch 38/50] loss=0.3766  val_acc=0.8977  macroF1=0.7578  edit=35.32  segF1@50=0.38
[b2a][epoch 39/50] loss=0.3903  val_acc=0.9393  macroF1=0.7796  edit=47.30  segF1@50=0.50
[b2a][epoch 40/50] loss=0.3463  val_acc=0.9518  macroF1=0.8201  edit=46.83  segF1@50=0.51
[b2a][epoch 41/50] loss=0.3405  val_acc=0.9432  macroF1=0.7993  edit=48.35  segF1@50=0.50
[b2a][epoch 42/50] loss=0.3940  val_acc=0.9419  macroF1=0.8067  edit=45.36  segF1@50=0.45
[b2a][epoch 43/50] loss=0.3391  val_acc=0.9360  macroF1=0.7587  edit=46.18  segF1@50=0.46
[b2a][epoch 44/50] loss=0.3314  val_acc=0.9538  macroF1=0.8207  edit=46.15  segF1@50=0.49
[b2a][epoch 45/50] loss=0.3254  val_acc=0.9525  macroF1=0.8175  edit=55.67  segF1@50=0.56
[b2a][epoch 46/50] loss=0.3124  val_acc=0.9459  macroF1=0.8043  edit=60.00  segF1@50=0.67
[b2a][epoch 47/50] loss=0.3080  val_acc=0.9551  macroF1=0.8221  edit=58.24  segF1@50=0.58
[b2a][epoch 48/50] loss=0.3083  val_acc=0.9459  macroF1=0.7978  edit=43.10  segF1@50=0.48
[b2a][epoch 49/50] loss=0.2944  val_acc=0.9393  macroF1=0.7935  edit=52.86  segF1@50=0.58
[b2a][epoch 50/50] loss=0.3184  val_acc=0.9551  macroF1=0.8190  edit=48.52  segF1@50=0.55
[b2a] best @epoch 47: acc=0.9551 macroF1=0.8221
[b2a] evidence written -> /home/ubuntu/slocal2/m2/experiments/transfer/b2a_oracle_mask_12_001_b2a_oracle_mask_12_seed42
