[b2a] train clips=13  val clips=3  in_dim=2063  tool_source=oracle  classes=9  device=cuda
[b2a] evidence dir: /home/ubuntu/slocal2/m2/experiments/transfer/b2a_oracle_mask_07_002_b2a_oracle_mask_07_seed123
[b2a][epoch 1/50] loss=3.5603  val_acc=0.3677  macroF1=0.0768  edit=18.00  segF1@50=0.22
[b2a][epoch 2/50] loss=3.0384  val_acc=0.3677  macroF1=0.0768  edit=18.00  segF1@50=0.22
[b2a][epoch 3/50] loss=2.7349  val_acc=0.3340  macroF1=0.0715  edit=9.67  segF1@50=0.00
[b2a][epoch 4/50] loss=2.5777  val_acc=0.4759  macroF1=0.1469  edit=20.67  segF1@50=0.22
[b2a][epoch 5/50] loss=2.3706  val_acc=0.6548  macroF1=0.2194  edit=35.67  segF1@50=0.22
[b2a][epoch 6/50] loss=1.9512  val_acc=0.6739  macroF1=0.2293  edit=38.33  segF1@50=0.26
[b2a][epoch 7/50] loss=1.9621  val_acc=0.4680  macroF1=0.1558  edit=25.00  segF1@50=0.02
[b2a][epoch 8/50] loss=2.1173  val_acc=0.6521  macroF1=0.2182  edit=29.71  segF1@50=0.22
[b2a][epoch 9/50] loss=1.6221  val_acc=0.6495  macroF1=0.2239  edit=39.67  segF1@50=0.22
[b2a][epoch 10/50] loss=1.4017  val_acc=0.6759  macroF1=0.2306  edit=28.78  segF1@50=0.20
[b2a][epoch 11/50] loss=1.2925  val_acc=0.6700  macroF1=0.2903  edit=33.57  segF1@50=0.21
[b2a][epoch 12/50] loss=1.2088  val_acc=0.7551  macroF1=0.3895  edit=35.57  segF1@50=0.28
[b2a][epoch 13/50] loss=1.0883  val_acc=0.7769  macroF1=0.4068  edit=49.22  segF1@50=0.36
[b2a][epoch 14/50] loss=1.0127  val_acc=0.7901  macroF1=0.4169  edit=46.67  segF1@50=0.31
[b2a][epoch 15/50] loss=0.9590  val_acc=0.8125  macroF1=0.4609  edit=49.62  segF1@50=0.44
[b2a][epoch 16/50] loss=0.8738  val_acc=0.8317  macroF1=0.4792  edit=33.78  segF1@50=0.30
[b2a][epoch 17/50] loss=0.8450  val_acc=0.8389  macroF1=0.5420  edit=31.35  segF1@50=0.25
[b2a][epoch 18/50] loss=0.7601  val_acc=0.8739  macroF1=0.5989  edit=35.12  segF1@50=0.36
[b2a][epoch 19/50] loss=0.7108  val_acc=0.8719  macroF1=0.6209  edit=46.12  segF1@50=0.43
[b2a][epoch 20/50] loss=0.6709  val_acc=0.8475  macroF1=0.5311  edit=39.52  segF1@50=0.27
[b2a][epoch 21/50] loss=0.6233  val_acc=0.9215  macroF1=0.7454  edit=42.52  segF1@50=0.39
[b2a][epoch 22/50] loss=0.5816  val_acc=0.9195  macroF1=0.7123  edit=42.14  segF1@50=0.48
[b2a][epoch 23/50] loss=0.6301  val_acc=0.9135  macroF1=0.6969  edit=39.44  segF1@50=0.36
[b2a][epoch 24/50] loss=0.5620  val_acc=0.9149  macroF1=0.7372  edit=38.00  segF1@50=0.38
[b2a][epoch 25/50] loss=0.5239  val_acc=0.9333  macroF1=0.7888  edit=44.44  segF1@50=0.46
[b2a][epoch 26/50] loss=0.4937  val_acc=0.9333  macroF1=0.7738  edit=57.94  segF1@50=0.60
[b2a][epoch 27/50] loss=0.4834  val_acc=0.9201  macroF1=0.7052  edit=38.52  segF1@50=0.39
[b2a][epoch 28/50] loss=0.4941  val_acc=0.9380  macroF1=0.8026  edit=40.03  segF1@50=0.44
[b2a][epoch 29/50] loss=0.4734  val_acc=0.9294  macroF1=0.7330  edit=48.58  segF1@50=0.47
[b2a][epoch 30/50] loss=0.4990  val_acc=0.9221  macroF1=0.6961  edit=38.49  segF1@50=0.38
[b2a][epoch 31/50] loss=0.5240  val_acc=0.9089  macroF1=0.7709  edit=33.66  segF1@50=0.39
[b2a][epoch 32/50] loss=0.4849  val_acc=0.9406  macroF1=0.7739  edit=43.73  segF1@50=0.50
[b2a][epoch 33/50] loss=0.4553  val_acc=0.9518  macroF1=0.8144  edit=49.07  segF1@50=0.52
[b2a][epoch 34/50] loss=0.4790  val_acc=0.9294  macroF1=0.7392  edit=36.52  segF1@50=0.38
[b2a][epoch 35/50] loss=0.4249  val_acc=0.9485  macroF1=0.8110  edit=45.89  segF1@50=0.49
[b2a][epoch 36/50] loss=0.3984  val_acc=0.9545  macroF1=0.8169  edit=54.07  segF1@50=0.56
[b2a][epoch 37/50] loss=0.3769  val_acc=0.9564  macroF1=0.8229  edit=57.41  segF1@50=0.58
[b2a][epoch 38/50] loss=0.3635  val_acc=0.9472  macroF1=0.8004  edit=51.33  segF1@50=0.50
[b2a][epoch 39/50] loss=0.3541  val_acc=0.9558  macroF1=0.8202  edit=54.07  segF1@50=0.56
[b2a][epoch 40/50] loss=0.3622  val_acc=0.9366  macroF1=0.7625  edit=48.58  segF1@50=0.46
[b2a][epoch 41/50] loss=0.3959  val_acc=0.9208  macroF1=0.7932  edit=39.29  segF1@50=0.42
[b2a][epoch 42/50] loss=0.4022  val_acc=0.9314  macroF1=0.7603  edit=48.33  segF1@50=0.55
[b2a][epoch 43/50] loss=0.4070  val_acc=0.9399  macroF1=0.8153  edit=35.30  segF1@50=0.41
[b2a][epoch 44/50] loss=0.3866  val_acc=0.9307  macroF1=0.7813  edit=47.86  segF1@50=0.49
[b2a][epoch 45/50] loss=0.3571  val_acc=0.9571  macroF1=0.8261  edit=55.36  segF1@50=0.56
[b2a][epoch 46/50] loss=0.3281  val_acc=0.9452  macroF1=0.8168  edit=44.76  segF1@50=0.49
[b2a][epoch 47/50] loss=0.3124  val_acc=0.9558  macroF1=0.8217  edit=55.36  segF1@50=0.61
[b2a][epoch 48/50] loss=0.2990  val_acc=0.9564  macroF1=0.8236  edit=58.44  segF1@50=0.59
[b2a][epoch 49/50] loss=0.2875  val_acc=0.9564  macroF1=0.8217  edit=55.11  segF1@50=0.56
[b2a][epoch 50/50] loss=0.2843  val_acc=0.9564  macroF1=0.8244  edit=54.27  segF1@50=0.56
[b2a] best @epoch 45: acc=0.9571 macroF1=0.8261
[b2a] evidence written -> /home/ubuntu/slocal2/m2/experiments/transfer/b2a_oracle_mask_07_002_b2a_oracle_mask_07_seed123
