[b2a] train clips=13  val clips=3  in_dim=2063  tool_source=oracle  classes=9  device=cuda
[b2a] evidence dir: /home/ubuntu/slocal2/m2/experiments/transfer/b2a_det2phase_oracletool_002_b2a_det2phase_oracletool_seed1000
[b2a][epoch 1/50] loss=3.5226  val_acc=0.3663  macroF1=0.0975  edit=19.33  segF1@50=0.08
[b2a][epoch 2/50] loss=2.9641  val_acc=0.3677  macroF1=0.0768  edit=18.00  segF1@50=0.22
[b2a][epoch 3/50] loss=2.7173  val_acc=0.2667  macroF1=0.0671  edit=32.26  segF1@50=0.00
[b2a][epoch 4/50] loss=2.5768  val_acc=0.3921  macroF1=0.0987  edit=31.59  segF1@50=0.22
[b2a][epoch 5/50] loss=2.3863  val_acc=0.4752  macroF1=0.1466  edit=32.67  segF1@50=0.19
[b2a][epoch 6/50] loss=2.3487  val_acc=0.6607  macroF1=0.2217  edit=27.33  segF1@50=0.11
[b2a][epoch 7/50] loss=2.1285  val_acc=0.6013  macroF1=0.2018  edit=31.85  segF1@50=0.27
[b2a][epoch 8/50] loss=1.7280  val_acc=0.6343  macroF1=0.2154  edit=44.67  segF1@50=0.19
[b2a][epoch 9/50] loss=1.4336  val_acc=0.6865  macroF1=0.2982  edit=35.65  segF1@50=0.22
[b2a][epoch 10/50] loss=1.2732  val_acc=0.7472  macroF1=0.3639  edit=31.17  segF1@50=0.19
[b2a][epoch 11/50] loss=1.1856  val_acc=0.7875  macroF1=0.4105  edit=47.82  segF1@50=0.39
[b2a][epoch 12/50] loss=1.0595  val_acc=0.7809  macroF1=0.4083  edit=37.47  segF1@50=0.25
[b2a][epoch 13/50] loss=0.9478  val_acc=0.8257  macroF1=0.4673  edit=33.17  segF1@50=0.32
[b2a][epoch 14/50] loss=0.9045  val_acc=0.8033  macroF1=0.4588  edit=28.15  segF1@50=0.21
[b2a][epoch 15/50] loss=0.8403  val_acc=0.8350  macroF1=0.5976  edit=34.78  segF1@50=0.27
[b2a][epoch 16/50] loss=0.8011  val_acc=0.8297  macroF1=0.4579  edit=39.29  segF1@50=0.38
[b2a][epoch 17/50] loss=0.7887  val_acc=0.8746  macroF1=0.6435  edit=40.48  segF1@50=0.33
[b2a][epoch 18/50] loss=0.7012  val_acc=0.8785  macroF1=0.6648  edit=41.67  segF1@50=0.41
[b2a][epoch 19/50] loss=0.7070  val_acc=0.8488  macroF1=0.6853  edit=39.06  segF1@50=0.39
[b2a][epoch 20/50] loss=0.7781  val_acc=0.9122  macroF1=0.6841  edit=48.67  segF1@50=0.49
[b2a][epoch 21/50] loss=0.7592  val_acc=0.9135  macroF1=0.7188  edit=49.27  segF1@50=0.53
[b2a][epoch 22/50] loss=0.6782  val_acc=0.9155  macroF1=0.7624  edit=47.58  segF1@50=0.46
[b2a][epoch 23/50] loss=0.5599  val_acc=0.9069  macroF1=0.6988  edit=35.71  segF1@50=0.38
[b2a][epoch 24/50] loss=0.5219  val_acc=0.9373  macroF1=0.7853  edit=47.51  segF1@50=0.47
[b2a][epoch 25/50] loss=0.4853  val_acc=0.9366  macroF1=0.7863  edit=42.71  segF1@50=0.44
[b2a][epoch 26/50] loss=0.4693  val_acc=0.9399  macroF1=0.7913  edit=44.07  segF1@50=0.47
[b2a][epoch 27/50] loss=0.4496  val_acc=0.9439  macroF1=0.7976  edit=47.85  segF1@50=0.53
[b2a][epoch 28/50] loss=0.4364  val_acc=0.9373  macroF1=0.7862  edit=48.44  segF1@50=0.48
[b2a][epoch 29/50] loss=0.4243  val_acc=0.9360  macroF1=0.7939  edit=46.46  segF1@50=0.47
[b2a][epoch 30/50] loss=0.4142  val_acc=0.9472  macroF1=0.8059  edit=49.97  segF1@50=0.55
[b2a][epoch 31/50] loss=0.3944  val_acc=0.9485  macroF1=0.8050  edit=48.93  segF1@50=0.53
[b2a][epoch 32/50] loss=0.3914  val_acc=0.9300  macroF1=0.7585  edit=41.80  segF1@50=0.41
[b2a][epoch 33/50] loss=0.4788  val_acc=0.9314  macroF1=0.7952  edit=49.16  segF1@50=0.48
[b2a][epoch 34/50] loss=0.4360  val_acc=0.9406  macroF1=0.7838  edit=46.36  segF1@50=0.55
[b2a][epoch 35/50] loss=0.4221  val_acc=0.9399  macroF1=0.7999  edit=45.84  segF1@50=0.49
[b2a][epoch 36/50] loss=0.6264  val_acc=0.9182  macroF1=0.6697  edit=34.60  segF1@50=0.43
[b2a][epoch 37/50] loss=0.5206  val_acc=0.8858  macroF1=0.7375  edit=31.89  segF1@50=0.30
[b2a][epoch 38/50] loss=0.4357  val_acc=0.9439  macroF1=0.7981  edit=47.84  segF1@50=0.55
[b2a][epoch 39/50] loss=0.3849  val_acc=0.9551  macroF1=0.8164  edit=64.00  segF1@50=0.69
[b2a][epoch 40/50] loss=0.3540  val_acc=0.9479  macroF1=0.8093  edit=44.88  segF1@50=0.50
[b2a][epoch 41/50] loss=0.3400  val_acc=0.9558  macroF1=0.8209  edit=49.60  segF1@50=0.58
[b2a][epoch 42/50] loss=0.3305  val_acc=0.9512  macroF1=0.8163  edit=45.25  segF1@50=0.55
[b2a][epoch 43/50] loss=0.3175  val_acc=0.9558  macroF1=0.8211  edit=52.89  segF1@50=0.54
[b2a][epoch 44/50] loss=0.3104  val_acc=0.9518  macroF1=0.8139  edit=51.30  segF1@50=0.52
[b2a][epoch 45/50] loss=0.3043  val_acc=0.9564  macroF1=0.8214  edit=53.93  segF1@50=0.60
[b2a][epoch 46/50] loss=0.3045  val_acc=0.9413  macroF1=0.7937  edit=46.66  segF1@50=0.47
[b2a][epoch 47/50] loss=0.3001  val_acc=0.9597  macroF1=0.8257  edit=57.26  segF1@50=0.64
[b2a][epoch 48/50] loss=0.3193  val_acc=0.9485  macroF1=0.8080  edit=52.89  segF1@50=0.54
[b2a][epoch 49/50] loss=0.2928  val_acc=0.9538  macroF1=0.8230  edit=46.10  segF1@50=0.51
[b2a][epoch 50/50] loss=0.2915  val_acc=0.9571  macroF1=0.8212  edit=39.68  segF1@50=0.50
[b2a] best @epoch 47: acc=0.9597 macroF1=0.8257
[b2a] evidence written -> /home/ubuntu/slocal2/m2/experiments/transfer/b2a_det2phase_oracletool_002_b2a_det2phase_oracletool_seed1000
