[t1a] train clips=13  val clips=3  in_dim=5888  region_only=False  classes=9  device=cuda
[t1a] evidence dir: /home/ubuntu/slocal2/m2/experiments/transfer/t1a_shuffle_005_t1a_shuffle_seed1000
[t1a][epoch 1/50] loss=3.5437  val_acc=0.3710  macroF1=0.1003  edit=16.44  segF1@50=0.15
[t1a][epoch 2/50] loss=2.9866  val_acc=0.4944  macroF1=0.1555  edit=23.00  segF1@50=0.13
[t1a][epoch 3/50] loss=2.8514  val_acc=0.4759  macroF1=0.1469  edit=27.33  segF1@50=0.17
[t1a][epoch 4/50] loss=2.7500  val_acc=0.4759  macroF1=0.1469  edit=20.67  segF1@50=0.17
[t1a][epoch 5/50] loss=2.6890  val_acc=0.5967  macroF1=0.1992  edit=30.64  segF1@50=0.17
[t1a][epoch 6/50] loss=2.6360  val_acc=0.5663  macroF1=0.1878  edit=19.50  segF1@50=0.11
[t1a][epoch 7/50] loss=2.4793  val_acc=0.4924  macroF1=0.1547  edit=20.01  segF1@50=0.11
[t1a][epoch 8/50] loss=2.2523  val_acc=0.6521  macroF1=0.2222  edit=24.15  segF1@50=0.11
[t1a][epoch 9/50] loss=2.1888  val_acc=0.3360  macroF1=0.0733  edit=27.67  segF1@50=0.00
[t1a][epoch 10/50] loss=2.2809  val_acc=0.6785  macroF1=0.2280  edit=32.78  segF1@50=0.15
[t1a][epoch 11/50] loss=1.9382  val_acc=0.4957  macroF1=0.1680  edit=23.64  segF1@50=0.09
[t1a][epoch 12/50] loss=2.0541  val_acc=0.6805  macroF1=0.2308  edit=22.32  segF1@50=0.12
[t1a][epoch 13/50] loss=2.4403  val_acc=0.5564  macroF1=0.1928  edit=13.15  segF1@50=0.01
[t1a][epoch 14/50] loss=1.8609  val_acc=0.6832  macroF1=0.2313  edit=29.89  segF1@50=0.13
[t1a][epoch 15/50] loss=1.6550  val_acc=0.6647  macroF1=0.2891  edit=31.15  segF1@50=0.21
[t1a][epoch 16/50] loss=1.5653  val_acc=0.4191  macroF1=0.1878  edit=11.24  segF1@50=0.04
[t1a][epoch 17/50] loss=1.5480  val_acc=0.6310  macroF1=0.2844  edit=28.21  segF1@50=0.20
[t1a][epoch 18/50] loss=1.3610  val_acc=0.6851  macroF1=0.3048  edit=25.96  segF1@50=0.18
[t1a][epoch 19/50] loss=1.2306  val_acc=0.6053  macroF1=0.3049  edit=23.11  segF1@50=0.17
[t1a][epoch 20/50] loss=1.1310  val_acc=0.5716  macroF1=0.2850  edit=16.46  segF1@50=0.06
[t1a][epoch 21/50] loss=1.1593  val_acc=0.7023  macroF1=0.3085  edit=20.14  segF1@50=0.04
[t1a][epoch 22/50] loss=1.0752  val_acc=0.7789  macroF1=0.5007  edit=26.17  segF1@50=0.22
[t1a][epoch 23/50] loss=1.0890  val_acc=0.4719  macroF1=0.2416  edit=14.12  segF1@50=0.02
[t1a][epoch 24/50] loss=1.0303  val_acc=0.7452  macroF1=0.5635  edit=13.90  segF1@50=0.09
[t1a][epoch 25/50] loss=0.9128  val_acc=0.7432  macroF1=0.4900  edit=18.04  segF1@50=0.14
[t1a][epoch 26/50] loss=0.9228  val_acc=0.7835  macroF1=0.5323  edit=20.74  segF1@50=0.09
[t1a][epoch 27/50] loss=0.8199  val_acc=0.8053  macroF1=0.5885  edit=18.50  segF1@50=0.08
[t1a][epoch 28/50] loss=0.7634  val_acc=0.8073  macroF1=0.5889  edit=29.06  segF1@50=0.17
[t1a][epoch 29/50] loss=0.7601  val_acc=0.8178  macroF1=0.5908  edit=24.79  segF1@50=0.19
[t1a][epoch 30/50] loss=0.7460  val_acc=0.7980  macroF1=0.5603  edit=21.38  segF1@50=0.09
[t1a][epoch 31/50] loss=0.6785  val_acc=0.7558  macroF1=0.5805  edit=14.52  segF1@50=0.08
[t1a][epoch 32/50] loss=0.6602  val_acc=0.7208  macroF1=0.5469  edit=16.19  segF1@50=0.07
[t1a][epoch 33/50] loss=0.6384  val_acc=0.8363  macroF1=0.6130  edit=18.90  segF1@50=0.12
[t1a][epoch 34/50] loss=0.6211  val_acc=0.8205  macroF1=0.5638  edit=18.87  segF1@50=0.11
[t1a][epoch 35/50] loss=0.6249  val_acc=0.7498  macroF1=0.5475  edit=19.22  segF1@50=0.10
[t1a][epoch 36/50] loss=0.7196  val_acc=0.8152  macroF1=0.6197  edit=35.89  segF1@50=0.26
[t1a][epoch 37/50] loss=0.7547  val_acc=0.7888  macroF1=0.5917  edit=30.07  segF1@50=0.18
[t1a][epoch 38/50] loss=0.9002  val_acc=0.8277  macroF1=0.5895  edit=31.33  segF1@50=0.19
[t1a][epoch 39/50] loss=0.8111  val_acc=0.7281  macroF1=0.3747  edit=20.00  segF1@50=0.09
[t1a][epoch 40/50] loss=0.7645  val_acc=0.7861  macroF1=0.5795  edit=19.92  segF1@50=0.10
[t1a][epoch 41/50] loss=0.5670  val_acc=0.8185  macroF1=0.5939  edit=28.82  segF1@50=0.21
[t1a][epoch 42/50] loss=0.5242  val_acc=0.8132  macroF1=0.5798  edit=28.11  segF1@50=0.20
[t1a][epoch 43/50] loss=0.5451  val_acc=0.7551  macroF1=0.5586  edit=19.71  segF1@50=0.09
[t1a][epoch 44/50] loss=0.4886  val_acc=0.7696  macroF1=0.5654  edit=16.43  segF1@50=0.08
[t1a][epoch 45/50] loss=0.4637  val_acc=0.7842  macroF1=0.6140  edit=20.81  segF1@50=0.09
[t1a][epoch 46/50] loss=0.4533  val_acc=0.8145  macroF1=0.6162  edit=20.95  segF1@50=0.10
[t1a][epoch 47/50] loss=0.4294  val_acc=0.8139  macroF1=0.6314  edit=20.00  segF1@50=0.09
[t1a][epoch 48/50] loss=0.4138  val_acc=0.8172  macroF1=0.6419  edit=20.48  segF1@50=0.11
[t1a][epoch 49/50] loss=0.4111  val_acc=0.8191  macroF1=0.6277  edit=20.11  segF1@50=0.08
[t1a][epoch 50/50] loss=0.3920  val_acc=0.8271  macroF1=0.6124  edit=24.60  segF1@50=0.19
[t1a] best @epoch 33: acc=0.8363 macroF1=0.6130
[t1a] evidence written -> /home/ubuntu/slocal2/m2/experiments/transfer/t1a_shuffle_005_t1a_shuffle_seed1000
