/home/ubuntu/slocal2/m2/.venv-relation-detr/lib/python3.11/site-packages/albumentations/core/validation.py:114: UserWarning: ShiftScaleRotate is a special case of Affine transform. Please use Affine transform instead.
  original_init(self, **validated_kwargs)
/home/ubuntu/slocal2/m2/third_party/Relation-DETR/transforms/presets.py:109: UserWarning: Argument(s) 'value' are not valid for transform ShiftScaleRotate
  A.ShiftScaleRotate(
/home/ubuntu/slocal2/m2/third_party/Relation-DETR/transforms/presets.py:140: UserWarning: Argument(s) 'quality_lower, quality_upper' are not valid for transform ImageCompression
  A.ImageCompression(quality_lower=85, quality_upper=95, p=0.2),
/home/ubuntu/slocal2/m2/third_party/Relation-DETR/transforms/presets.py:177: UserWarning: Argument(s) 'value' are not valid for transform ShiftScaleRotate
  A.ShiftScaleRotate(
/home/ubuntu/slocal2/m2/third_party/Relation-DETR/transforms/presets.py:208: UserWarning: Argument(s) 'quality_lower, quality_upper' are not valid for transform ImageCompression
  A.ImageCompression(quality_lower=85, quality_upper=95, p=0.2),
Using /home/ubuntu/.cache/torch_extensions/py311_cu118 as PyTorch extensions root...
/home/ubuntu/slocal2/m2/third_party/Relation-DETR/models/bricks/ms_deform_attn.py:24: UserWarning: Failed to load MultiScaleDeformableAttention C++ extension: Ninja is required to load C++ extensions
  warnings.warn(f"Failed to load MultiScaleDeformableAttention C++ extension: {e}")
/home/ubuntu/slocal2/m2/.venv-relation-detr/lib/python3.11/site-packages/torch/overrides.py:110: UserWarning: 'has_cuda' is deprecated, please use 'torch.backends.cuda.is_built()'
  torch.has_cuda,
/home/ubuntu/slocal2/m2/.venv-relation-detr/lib/python3.11/site-packages/torch/overrides.py:111: UserWarning: 'has_cudnn' is deprecated, please use 'torch.backends.cudnn.is_available()'
  torch.has_cudnn,
/home/ubuntu/slocal2/m2/.venv-relation-detr/lib/python3.11/site-packages/torch/overrides.py:117: UserWarning: 'has_mps' is deprecated, please use 'torch.backends.mps.is_built()'
  torch.has_mps,
/home/ubuntu/slocal2/m2/.venv-relation-detr/lib/python3.11/site-packages/torch/overrides.py:118: UserWarning: 'has_mkldnn' is deprecated, please use 'torch.backends.mkldnn.is_available()'
  torch.has_mkldnn,
The model and loaded state dict do not match exactly
Missing keys: transformer.decoder.layers.0.phase_norm.weight, transformer.decoder.layers.0.phase_norm.bias, transformer.decoder.layers.0.phase_attn.in_proj_weight, transformer.decoder.layers.0.phase_attn.in_proj_bias, transformer.decoder.layers.0.phase_attn.out_proj.weight, transformer.decoder.layers.0.phase_attn.out_proj.bias, transformer.decoder.layers.1.phase_norm.weight, transformer.decoder.layers.1.phase_norm.bias, transformer.decoder.layers.1.phase_attn.in_proj_weight, transformer.decoder.layers.1.phase_attn.in_proj_bias, transformer.decoder.layers.1.phase_attn.out_proj.weight, transformer.decoder.layers.1.phase_attn.out_proj.bias, transformer.decoder.layers.2.phase_norm.weight, transformer.decoder.layers.2.phase_norm.bias, transformer.decoder.layers.2.phase_attn.in_proj_weight, transformer.decoder.layers.2.phase_attn.in_proj_bias, transformer.decoder.layers.2.phase_attn.out_proj.weight, transformer.decoder.layers.2.phase_attn.out_proj.bias, transformer.decoder.layers.3.phase_norm.weight, transformer.decoder.layers.3.phase_norm.bias, transformer.decoder.layers.3.phase_attn.in_proj_weight, transformer.decoder.layers.3.phase_attn.in_proj_bias, transformer.decoder.layers.3.phase_attn.out_proj.weight, transformer.decoder.layers.3.phase_attn.out_proj.bias, transformer.decoder.layers.4.phase_norm.weight, transformer.decoder.layers.4.phase_norm.bias, transformer.decoder.layers.4.phase_attn.in_proj_weight, transformer.decoder.layers.4.phase_attn.in_proj_bias, transformer.decoder.layers.4.phase_attn.out_proj.weight, transformer.decoder.layers.4.phase_attn.out_proj.bias, transformer.decoder.layers.5.phase_norm.weight, transformer.decoder.layers.5.phase_norm.bias, transformer.decoder.layers.5.phase_attn.in_proj_weight, transformer.decoder.layers.5.phase_attn.in_proj_bias, transformer.decoder.layers.5.phase_attn.out_proj.weight, transformer.decoder.layers.5.phase_attn.out_proj.bias, phase_embed.weight, phase_embed.bias

loading annotations into memory...
Done (t=0.43s)
creating index...
index created!
Using [0, 0.5, 0.6299605249474365, 0.7937005259840997, 1.0, 1.259921049894873, 1.5874010519681991, 2.0, inf] as bins for aspect ratio quantization
Count of instances per bin: [9618]
loading annotations into memory...
Done (t=0.03s)
creating index...
index created!
[t1b] warm-start from /home/ubuntu/slocal2/m2/third_party/Relation-DETR/checkpoints/incoming/seed123/best_ap.pth
[t1b] seed=123 inject=ca trainable=film zero_ctx=True det_steps/ep=4809 phase_params=1584640 total_trainable=1584640 miss_ctx(tr/va)=0/0 work=/tmp/oracle_phase_ctrl_seed123
Accumulating evaluation results...
DONE (t=4.42s).
[t1b] warm-start init mAP=0.7292 (S0-frozen 水準なら warm-start+恒等 OK)
[t1b][ep0 0/4809] L=12.707 1.5it/s eta_ep=55m
[t1b][ep0 200/4809] L=11.092 2.3it/s eta_ep=34m
[t1b][ep0 400/4809] L=19.292 2.3it/s eta_ep=32m
[t1b][ep0 600/4809] L=16.271 2.3it/s eta_ep=30m
[t1b][ep0 800/4809] L=16.788 2.4it/s eta_ep=28m
[t1b][ep0 1000/4809] L=17.330 2.4it/s eta_ep=27m
[t1b][ep0 1200/4809] L=10.372 2.4it/s eta_ep=25m
[t1b][ep0 1400/4809] L=11.785 2.4it/s eta_ep=24m
[t1b][ep0 1600/4809] L=8.421 2.4it/s eta_ep=22m
[t1b][ep0 1800/4809] L=15.201 2.4it/s eta_ep=21m
[t1b][ep0 2000/4809] L=12.749 2.4it/s eta_ep=20m
[t1b][ep0 2200/4809] L=16.993 2.4it/s eta_ep=18m
[t1b][ep0 2400/4809] L=13.194 2.4it/s eta_ep=17m
[t1b][ep0 2600/4809] L=12.186 2.4it/s eta_ep=15m
[t1b][ep0 2800/4809] L=6.097 2.4it/s eta_ep=14m
[t1b][ep0 3000/4809] L=15.377 2.4it/s eta_ep=13m
[t1b][ep0 3200/4809] L=11.697 2.4it/s eta_ep=11m
[t1b][ep0 3400/4809] L=9.162 2.4it/s eta_ep=10m
[t1b][ep0 3600/4809] L=17.902 2.4it/s eta_ep=8m
[t1b][ep0 3800/4809] L=7.483 2.4it/s eta_ep=7m
[t1b][ep0 4000/4809] L=25.995 2.4it/s eta_ep=6m
[t1b][ep0 4200/4809] L=20.211 2.4it/s eta_ep=4m
[t1b][ep0 4400/4809] L=21.578 2.4it/s eta_ep=3m
[t1b][ep0 4600/4809] L=15.605 2.4it/s eta_ep=1m
[t1b][ep0 4800/4809] L=20.151 2.4it/s eta_ep=0m
Accumulating evaluation results...
DONE (t=4.39s).
[t1b][ep0] val mAP=0.7277
[t1b][ep1 0/4809] L=22.031 1.9it/s eta_ep=43m
[t1b][ep1 200/4809] L=13.106 2.3it/s eta_ep=33m
[t1b][ep1 400/4809] L=18.158 2.4it/s eta_ep=31m
[t1b][ep1 600/4809] L=10.999 2.4it/s eta_ep=30m
[t1b][ep1 800/4809] L=13.781 2.4it/s eta_ep=28m
[t1b][ep1 1000/4809] L=17.245 2.4it/s eta_ep=27m
[t1b][ep1 1200/4809] L=22.758 2.4it/s eta_ep=25m
[t1b][ep1 1400/4809] L=17.359 2.4it/s eta_ep=24m
[t1b][ep1 1600/4809] L=9.881 2.4it/s eta_ep=23m
[t1b][ep1 1800/4809] L=16.770 2.4it/s eta_ep=21m
[t1b][ep1 2000/4809] L=19.498 2.4it/s eta_ep=20m
[t1b][ep1 2200/4809] L=12.055 2.4it/s eta_ep=18m
[t1b][ep1 2400/4809] L=9.260 2.4it/s eta_ep=17m
[t1b][ep1 2600/4809] L=12.980 2.4it/s eta_ep=16m
[t1b][ep1 2800/4809] L=16.344 2.4it/s eta_ep=14m
[t1b][ep1 3000/4809] L=12.104 2.4it/s eta_ep=13m
[t1b][ep1 3200/4809] L=17.317 2.4it/s eta_ep=11m
[t1b][ep1 3400/4809] L=19.067 2.4it/s eta_ep=10m
[t1b][ep1 3600/4809] L=4.624 2.4it/s eta_ep=8m
[t1b][ep1 3800/4809] L=8.761 2.4it/s eta_ep=7m
[t1b][ep1 4000/4809] L=22.592 2.4it/s eta_ep=6m
[t1b][ep1 4200/4809] L=10.206 2.4it/s eta_ep=4m
[t1b][ep1 4400/4809] L=22.330 2.4it/s eta_ep=3m
[t1b][ep1 4600/4809] L=21.338 2.4it/s eta_ep=1m
[t1b][ep1 4800/4809] L=15.787 2.4it/s eta_ep=0m
Accumulating evaluation results...
DONE (t=4.39s).
[t1b][ep1] val mAP=0.7270
[t1b][ep2 0/4809] L=5.787 1.7it/s eta_ep=48m
[t1b][ep2 200/4809] L=17.234 2.3it/s eta_ep=33m
[t1b][ep2 400/4809] L=23.182 2.3it/s eta_ep=31m
[t1b][ep2 600/4809] L=13.069 2.3it/s eta_ep=30m
[t1b][ep2 800/4809] L=11.529 2.3it/s eta_ep=29m
[t1b][ep2 1000/4809] L=18.931 2.3it/s eta_ep=27m
[t1b][ep2 1200/4809] L=11.756 2.3it/s eta_ep=26m
[t1b][ep2 1400/4809] L=7.800 2.3it/s eta_ep=24m
[t1b][ep2 1600/4809] L=19.119 2.3it/s eta_ep=23m
[t1b][ep2 1800/4809] L=14.087 2.4it/s eta_ep=21m
[t1b][ep2 2000/4809] L=9.817 2.4it/s eta_ep=20m
[t1b][ep2 2200/4809] L=15.246 2.4it/s eta_ep=18m
[t1b][ep2 2400/4809] L=16.611 2.4it/s eta_ep=17m
[t1b][ep2 2600/4809] L=22.425 2.4it/s eta_ep=16m
[t1b][ep2 2800/4809] L=17.708 2.4it/s eta_ep=14m
[t1b][ep2 3000/4809] L=8.092 2.4it/s eta_ep=13m
[t1b][ep2 3200/4809] L=17.906 2.4it/s eta_ep=11m
[t1b][ep2 3400/4809] L=16.947 2.4it/s eta_ep=10m
[t1b][ep2 3600/4809] L=14.351 2.4it/s eta_ep=9m
[t1b][ep2 3800/4809] L=13.087 2.4it/s eta_ep=7m
[t1b][ep2 4000/4809] L=15.065 2.4it/s eta_ep=6m
[t1b][ep2 4200/4809] L=5.512 2.4it/s eta_ep=4m
[t1b][ep2 4400/4809] L=19.448 2.4it/s eta_ep=3m
[t1b][ep2 4600/4809] L=11.707 2.4it/s eta_ep=1m
[t1b][ep2 4800/4809] L=12.979 2.4it/s eta_ep=0m
Accumulating evaluation results...
DONE (t=4.76s).
[t1b][ep2] val mAP=0.7277
[t1b][ep3 0/4809] L=23.781 2.2it/s eta_ep=36m
[t1b][ep3 200/4809] L=10.773 2.3it/s eta_ep=33m
[t1b][ep3 400/4809] L=10.427 2.3it/s eta_ep=31m
[t1b][ep3 600/4809] L=11.014 2.3it/s eta_ep=30m
[t1b][ep3 800/4809] L=12.069 2.3it/s eta_ep=29m
[t1b][ep3 1000/4809] L=13.868 2.3it/s eta_ep=27m
[t1b][ep3 1200/4809] L=13.078 2.3it/s eta_ep=26m
[t1b][ep3 1400/4809] L=12.342 2.3it/s eta_ep=24m
[t1b][ep3 1600/4809] L=12.902 2.3it/s eta_ep=23m
[t1b][ep3 1800/4809] L=14.421 2.3it/s eta_ep=21m
[t1b][ep3 2000/4809] L=21.384 2.3it/s eta_ep=20m
[t1b][ep3 2200/4809] L=17.054 2.3it/s eta_ep=19m
[t1b][ep3 2400/4809] L=20.998 2.3it/s eta_ep=17m
[t1b][ep3 2600/4809] L=9.893 2.3it/s eta_ep=16m
[t1b][ep3 2800/4809] L=17.084 2.3it/s eta_ep=14m
[t1b][ep3 3000/4809] L=14.345 2.3it/s eta_ep=13m
[t1b][ep3 3200/4809] L=18.327 2.3it/s eta_ep=12m
[t1b][ep3 3400/4809] L=8.978 2.3it/s eta_ep=10m
[t1b][ep3 3600/4809] L=12.201 2.3it/s eta_ep=9m
[t1b][ep3 3800/4809] L=10.037 2.3it/s eta_ep=7m
[t1b][ep3 4000/4809] L=7.879 2.3it/s eta_ep=6m
[t1b][ep3 4200/4809] L=9.989 2.3it/s eta_ep=4m
[t1b][ep3 4400/4809] L=18.338 2.3it/s eta_ep=3m
[t1b][ep3 4600/4809] L=14.657 2.3it/s eta_ep=2m
[t1b][ep3 4800/4809] L=8.477 2.3it/s eta_ep=0m
Accumulating evaluation results...
DONE (t=4.44s).
[t1b][ep3] val mAP=0.7281
[t1b][ep4 0/4809] L=10.658 1.9it/s eta_ep=43m
[t1b][ep4 200/4809] L=14.737 2.3it/s eta_ep=34m
[t1b][ep4 400/4809] L=14.887 2.3it/s eta_ep=32m
[t1b][ep4 600/4809] L=13.261 2.3it/s eta_ep=31m
[t1b][ep4 800/4809] L=12.534 2.3it/s eta_ep=29m
[t1b][ep4 1000/4809] L=11.204 2.3it/s eta_ep=28m
[t1b][ep4 1200/4809] L=6.657 2.3it/s eta_ep=26m
[t1b][ep4 1400/4809] L=12.638 2.3it/s eta_ep=25m
[t1b][ep4 1600/4809] L=13.901 2.3it/s eta_ep=23m
[t1b][ep4 1800/4809] L=10.386 2.3it/s eta_ep=22m
[t1b][ep4 2000/4809] L=10.792 2.3it/s eta_ep=20m
[t1b][ep4 2200/4809] L=7.072 2.3it/s eta_ep=19m
[t1b][ep4 2400/4809] L=12.344 2.3it/s eta_ep=18m
[t1b][ep4 2600/4809] L=17.887 2.3it/s eta_ep=16m
[t1b][ep4 2800/4809] L=13.522 2.3it/s eta_ep=15m
[t1b][ep4 3000/4809] L=10.369 2.3it/s eta_ep=13m
[t1b][ep4 3200/4809] L=16.137 2.3it/s eta_ep=12m
[t1b][ep4 3400/4809] L=16.480 2.3it/s eta_ep=10m
[t1b][ep4 3600/4809] L=12.103 2.3it/s eta_ep=9m
[t1b][ep4 3800/4809] L=10.488 2.3it/s eta_ep=7m
[t1b][ep4 4000/4809] L=4.719 2.3it/s eta_ep=6m
[t1b][ep4 4200/4809] L=20.125 2.3it/s eta_ep=4m
[t1b][ep4 4400/4809] L=7.723 2.3it/s eta_ep=3m
[t1b][ep4 4600/4809] L=10.275 2.3it/s eta_ep=2m
[t1b][ep4 4800/4809] L=12.144 2.3it/s eta_ep=0m
Accumulating evaluation results...
DONE (t=4.39s).
[t1b][ep4] val mAP=0.7278
[t1b][ep5 0/4809] L=15.805 1.9it/s eta_ep=43m
[t1b][ep5 200/4809] L=12.813 2.3it/s eta_ep=34m
[t1b][ep5 400/4809] L=21.206 2.3it/s eta_ep=32m
[t1b][ep5 600/4809] L=12.334 2.3it/s eta_ep=31m
[t1b][ep5 800/4809] L=16.794 2.3it/s eta_ep=29m
[t1b][ep5 1000/4809] L=12.055 2.3it/s eta_ep=28m
[t1b][ep5 1200/4809] L=16.161 2.3it/s eta_ep=26m
[t1b][ep5 1400/4809] L=15.500 2.3it/s eta_ep=25m
[t1b][ep5 1600/4809] L=34.492 2.3it/s eta_ep=23m
[t1b][ep5 1800/4809] L=8.513 2.3it/s eta_ep=22m
[t1b][ep5 2000/4809] L=15.477 2.3it/s eta_ep=21m
[t1b][ep5 2200/4809] L=10.544 2.3it/s eta_ep=19m
[t1b][ep5 2400/4809] L=17.566 2.3it/s eta_ep=18m
[t1b][ep5 2600/4809] L=7.865 2.3it/s eta_ep=16m
[t1b][ep5 2800/4809] L=11.511 2.3it/s eta_ep=15m
[t1b][ep5 3000/4809] L=18.044 2.3it/s eta_ep=13m
[t1b][ep5 3200/4809] L=17.386 2.3it/s eta_ep=12m
[t1b][ep5 3400/4809] L=16.741 2.3it/s eta_ep=10m
[t1b][ep5 3600/4809] L=12.850 2.3it/s eta_ep=9m
[t1b][ep5 3800/4809] L=13.566 2.3it/s eta_ep=7m
[t1b][ep5 4000/4809] L=9.370 2.3it/s eta_ep=6m
[t1b][ep5 4200/4809] L=20.870 2.3it/s eta_ep=4m
[t1b][ep5 4400/4809] L=17.679 2.3it/s eta_ep=3m
[t1b][ep5 4600/4809] L=29.472 2.3it/s eta_ep=2m
[t1b][ep5 4800/4809] L=25.425 2.3it/s eta_ep=0m
Accumulating evaluation results...
DONE (t=4.23s).
[t1b][ep5] val mAP=0.7279
[t1b] DONE best@ep-1 mAP=0.7292 (init 0.7292) -> /tmp/oracle_phase_ctrl_seed123
