[b2a] train clips=13  val clips=3  in_dim=2063  tool_source=oracle  classes=9  device=cuda
[b2a] evidence dir: /home/ubuntu/slocal2/m2/experiments/transfer/b2a_oracle_mask_00_002_b2a_oracle_mask_00_seed123
[b2a][epoch 1/50] loss=3.5613  val_acc=0.3677  macroF1=0.0768  edit=18.00  segF1@50=0.22
[b2a][epoch 2/50] loss=3.0385  val_acc=0.3677  macroF1=0.0768  edit=18.00  segF1@50=0.22
[b2a][epoch 3/50] loss=2.7359  val_acc=0.3340  macroF1=0.0715  edit=9.67  segF1@50=0.00
[b2a][epoch 4/50] loss=2.5778  val_acc=0.4759  macroF1=0.1469  edit=23.33  segF1@50=0.22
[b2a][epoch 5/50] loss=2.3706  val_acc=0.6535  macroF1=0.2189  edit=35.67  segF1@50=0.22
[b2a][epoch 6/50] loss=1.9478  val_acc=0.6752  macroF1=0.2297  edit=34.33  segF1@50=0.24
[b2a][epoch 7/50] loss=1.9560  val_acc=0.4693  macroF1=0.1565  edit=22.33  segF1@50=0.02
[b2a][epoch 8/50] loss=2.1224  val_acc=0.6515  macroF1=0.2180  edit=34.33  segF1@50=0.22
[b2a][epoch 9/50] loss=1.6308  val_acc=0.6574  macroF1=0.2263  edit=41.00  segF1@50=0.21
[b2a][epoch 10/50] loss=1.4122  val_acc=0.6766  macroF1=0.2306  edit=28.78  segF1@50=0.15
[b2a][epoch 11/50] loss=1.2994  val_acc=0.6766  macroF1=0.2893  edit=41.39  segF1@50=0.28
[b2a][epoch 12/50] loss=1.2091  val_acc=0.7789  macroF1=0.4079  edit=41.41  segF1@50=0.30
[b2a][epoch 13/50] loss=1.0938  val_acc=0.7802  macroF1=0.4079  edit=52.11  segF1@50=0.42
[b2a][epoch 14/50] loss=1.0240  val_acc=0.7960  macroF1=0.4242  edit=59.00  segF1@50=0.35
[b2a][epoch 15/50] loss=0.9717  val_acc=0.8224  macroF1=0.4651  edit=55.33  segF1@50=0.48
[b2a][epoch 16/50] loss=0.8973  val_acc=0.8304  macroF1=0.4826  edit=34.69  segF1@50=0.33
[b2a][epoch 17/50] loss=0.8597  val_acc=0.8594  macroF1=0.5930  edit=41.05  segF1@50=0.36
[b2a][epoch 18/50] loss=0.7912  val_acc=0.8766  macroF1=0.5979  edit=36.45  segF1@50=0.35
[b2a][epoch 19/50] loss=0.7419  val_acc=0.8799  macroF1=0.6226  edit=51.48  segF1@50=0.48
[b2a][epoch 20/50] loss=0.7038  val_acc=0.9188  macroF1=0.6908  edit=45.49  segF1@50=0.51
[b2a][epoch 21/50] loss=0.6632  val_acc=0.8805  macroF1=0.6486  edit=31.17  segF1@50=0.27
[b2a][epoch 22/50] loss=0.8532  val_acc=0.8521  macroF1=0.6087  edit=37.78  segF1@50=0.36
[b2a][epoch 23/50] loss=0.6924  val_acc=0.8944  macroF1=0.6697  edit=36.90  segF1@50=0.33
[b2a][epoch 24/50] loss=0.6544  val_acc=0.8812  macroF1=0.6669  edit=39.50  segF1@50=0.33
[b2a][epoch 25/50] loss=0.5692  val_acc=0.9274  macroF1=0.7413  edit=40.85  segF1@50=0.37
[b2a][epoch 26/50] loss=0.5384  val_acc=0.9281  macroF1=0.7420  edit=38.51  segF1@50=0.41
[b2a][epoch 27/50] loss=0.5353  val_acc=0.9083  macroF1=0.6749  edit=34.54  segF1@50=0.30
[b2a][epoch 28/50] loss=0.5251  val_acc=0.9069  macroF1=0.7267  edit=46.30  segF1@50=0.38
[b2a][epoch 29/50] loss=0.5137  val_acc=0.9228  macroF1=0.7047  edit=49.11  segF1@50=0.51
[b2a][epoch 30/50] loss=0.4806  val_acc=0.9241  macroF1=0.7237  edit=39.33  segF1@50=0.39
[b2a][epoch 31/50] loss=0.4612  val_acc=0.9063  macroF1=0.7453  edit=37.70  segF1@50=0.35
[b2a][epoch 32/50] loss=0.5060  val_acc=0.9215  macroF1=0.7014  edit=43.30  segF1@50=0.38
[b2a][epoch 33/50] loss=0.4665  val_acc=0.9221  macroF1=0.7117  edit=38.51  segF1@50=0.38
[b2a][epoch 34/50] loss=0.4781  val_acc=0.9089  macroF1=0.6861  edit=31.44  segF1@50=0.31
[b2a][epoch 35/50] loss=0.5537  val_acc=0.9069  macroF1=0.7609  edit=45.62  segF1@50=0.45
[b2a][epoch 36/50] loss=0.4858  val_acc=0.9248  macroF1=0.7047  edit=39.96  segF1@50=0.39
[b2a][epoch 37/50] loss=0.4392  val_acc=0.9347  macroF1=0.7762  edit=44.67  segF1@50=0.46
[b2a][epoch 38/50] loss=0.4068  val_acc=0.9327  macroF1=0.7352  edit=42.22  segF1@50=0.42
[b2a][epoch 39/50] loss=0.3799  val_acc=0.9393  macroF1=0.7823  edit=48.93  segF1@50=0.49
[b2a][epoch 40/50] loss=0.3842  val_acc=0.9248  macroF1=0.7021  edit=35.85  segF1@50=0.37
[b2a][epoch 41/50] loss=0.4069  val_acc=0.9287  macroF1=0.7653  edit=45.21  segF1@50=0.44
[b2a][epoch 42/50] loss=0.3764  val_acc=0.9314  macroF1=0.7197  edit=45.87  segF1@50=0.51
[b2a][epoch 43/50] loss=0.3589  val_acc=0.9347  macroF1=0.7742  edit=44.67  segF1@50=0.47
[b2a][epoch 44/50] loss=0.3387  val_acc=0.9360  macroF1=0.7586  edit=47.30  segF1@50=0.47
[b2a][epoch 45/50] loss=0.3279  val_acc=0.9498  macroF1=0.8009  edit=55.11  segF1@50=0.54
[b2a][epoch 46/50] loss=0.3198  val_acc=0.9393  macroF1=0.7786  edit=47.85  segF1@50=0.51
[b2a][epoch 47/50] loss=0.3096  val_acc=0.9419  macroF1=0.7776  edit=52.89  segF1@50=0.52
[b2a][epoch 48/50] loss=0.3015  val_acc=0.9439  macroF1=0.7861  edit=51.56  segF1@50=0.53
[b2a][epoch 49/50] loss=0.2945  val_acc=0.9452  macroF1=0.7905  edit=52.89  segF1@50=0.54
[b2a][epoch 50/50] loss=0.2891  val_acc=0.9452  macroF1=0.7889  edit=52.89  segF1@50=0.52
[b2a] best @epoch 45: acc=0.9498 macroF1=0.8009
[b2a] evidence written -> /home/ubuntu/slocal2/m2/experiments/transfer/b2a_oracle_mask_00_002_b2a_oracle_mask_00_seed123
