[b2a] train clips=13  val clips=3  in_dim=2063  tool_source=oracle  classes=9  device=cuda
[b2a] evidence dir: /home/ubuntu/slocal2/m2/experiments/transfer/b2a_oracle_mask_06_002_b2a_oracle_mask_06_seed123
[b2a][epoch 1/50] loss=3.5665  val_acc=0.3677  macroF1=0.0768  edit=18.00  segF1@50=0.22
[b2a][epoch 2/50] loss=3.0503  val_acc=0.3677  macroF1=0.0768  edit=18.00  segF1@50=0.22
[b2a][epoch 3/50] loss=2.7499  val_acc=0.3340  macroF1=0.0715  edit=9.67  segF1@50=0.00
[b2a][epoch 4/50] loss=2.6115  val_acc=0.4766  macroF1=0.1472  edit=14.89  segF1@50=0.08
[b2a][epoch 5/50] loss=2.4366  val_acc=0.6033  macroF1=0.2002  edit=25.90  segF1@50=0.22
[b2a][epoch 6/50] loss=2.0790  val_acc=0.6759  macroF1=0.2297  edit=37.00  segF1@50=0.22
[b2a][epoch 7/50] loss=2.0379  val_acc=0.4515  macroF1=0.1476  edit=28.67  segF1@50=0.02
[b2a][epoch 8/50] loss=2.0105  val_acc=0.6634  macroF1=0.2223  edit=35.67  segF1@50=0.22
[b2a][epoch 9/50] loss=1.6718  val_acc=0.6667  macroF1=0.2281  edit=32.67  segF1@50=0.16
[b2a][epoch 10/50] loss=1.4903  val_acc=0.6739  macroF1=0.2298  edit=32.78  segF1@50=0.19
[b2a][epoch 11/50] loss=1.3396  val_acc=0.7241  macroF1=0.3603  edit=38.84  segF1@50=0.27
[b2a][epoch 12/50] loss=1.2101  val_acc=0.7393  macroF1=0.3798  edit=37.17  segF1@50=0.25
[b2a][epoch 13/50] loss=1.1084  val_acc=0.7789  macroF1=0.4082  edit=51.67  segF1@50=0.36
[b2a][epoch 14/50] loss=1.0303  val_acc=0.7756  macroF1=0.4164  edit=50.67  segF1@50=0.27
[b2a][epoch 15/50] loss=0.9699  val_acc=0.8086  macroF1=0.4630  edit=44.42  segF1@50=0.37
[b2a][epoch 16/50] loss=0.8823  val_acc=0.8053  macroF1=0.4721  edit=47.00  segF1@50=0.44
[b2a][epoch 17/50] loss=0.8522  val_acc=0.8092  macroF1=0.5329  edit=35.10  segF1@50=0.30
[b2a][epoch 18/50] loss=0.7834  val_acc=0.8521  macroF1=0.5740  edit=36.75  segF1@50=0.34
[b2a][epoch 19/50] loss=0.7515  val_acc=0.8950  macroF1=0.6877  edit=47.40  segF1@50=0.51
[b2a][epoch 20/50] loss=0.7829  val_acc=0.8924  macroF1=0.6667  edit=40.89  segF1@50=0.42
[b2a][epoch 21/50] loss=0.7548  val_acc=0.8185  macroF1=0.6133  edit=30.26  segF1@50=0.29
[b2a][epoch 22/50] loss=0.7099  val_acc=0.9122  macroF1=0.6824  edit=42.78  segF1@50=0.49
[b2a][epoch 23/50] loss=0.6321  val_acc=0.8799  macroF1=0.7143  edit=45.06  segF1@50=0.45
[b2a][epoch 24/50] loss=0.5879  val_acc=0.9162  macroF1=0.7462  edit=47.53  segF1@50=0.44
[b2a][epoch 25/50] loss=0.5462  val_acc=0.9241  macroF1=0.7739  edit=46.07  segF1@50=0.51
[b2a][epoch 26/50] loss=0.5243  val_acc=0.9149  macroF1=0.7665  edit=45.62  segF1@50=0.49
[b2a][epoch 27/50] loss=0.5131  val_acc=0.9168  macroF1=0.7243  edit=43.33  segF1@50=0.45
[b2a][epoch 28/50] loss=0.5213  val_acc=0.9386  macroF1=0.7956  edit=52.07  segF1@50=0.58
[b2a][epoch 29/50] loss=0.4863  val_acc=0.9003  macroF1=0.7400  edit=48.58  segF1@50=0.50
[b2a][epoch 30/50] loss=0.4780  val_acc=0.9063  macroF1=0.7693  edit=39.73  segF1@50=0.40
[b2a][epoch 31/50] loss=0.4661  val_acc=0.9327  macroF1=0.8077  edit=40.70  segF1@50=0.46
[b2a][epoch 32/50] loss=0.5224  val_acc=0.9353  macroF1=0.7688  edit=39.62  segF1@50=0.48
[b2a][epoch 33/50] loss=0.4903  val_acc=0.9333  macroF1=0.7950  edit=41.08  segF1@50=0.44
[b2a][epoch 34/50] loss=0.4591  val_acc=0.9109  macroF1=0.7482  edit=37.58  segF1@50=0.36
[b2a][epoch 35/50] loss=0.4324  val_acc=0.9294  macroF1=0.7872  edit=46.62  segF1@50=0.46
[b2a][epoch 36/50] loss=0.4154  val_acc=0.9307  macroF1=0.7773  edit=45.91  segF1@50=0.43
[b2a][epoch 37/50] loss=0.3926  val_acc=0.9459  macroF1=0.8218  edit=47.59  segF1@50=0.52
[b2a][epoch 38/50] loss=0.3796  val_acc=0.9380  macroF1=0.7956  edit=51.33  segF1@50=0.50
[b2a][epoch 39/50] loss=0.3736  val_acc=0.9472  macroF1=0.8157  edit=46.03  segF1@50=0.50
[b2a][epoch 40/50] loss=0.4014  val_acc=0.9175  macroF1=0.7179  edit=38.52  segF1@50=0.38
[b2a][epoch 41/50] loss=0.4421  val_acc=0.8680  macroF1=0.7174  edit=42.78  segF1@50=0.45
[b2a][epoch 42/50] loss=0.4576  val_acc=0.9419  macroF1=0.7863  edit=36.22  segF1@50=0.42
[b2a][epoch 43/50] loss=0.3965  val_acc=0.9248  macroF1=0.7981  edit=36.85  segF1@50=0.42
[b2a][epoch 44/50] loss=0.3625  val_acc=0.9314  macroF1=0.8030  edit=37.29  segF1@50=0.41
[b2a][epoch 45/50] loss=0.3401  val_acc=0.9492  macroF1=0.8218  edit=46.44  segF1@50=0.49
[b2a][epoch 46/50] loss=0.3251  val_acc=0.9492  macroF1=0.8205  edit=42.17  segF1@50=0.47
[b2a][epoch 47/50] loss=0.3163  val_acc=0.9512  macroF1=0.8235  edit=47.22  segF1@50=0.50
[b2a][epoch 48/50] loss=0.3046  val_acc=0.9446  macroF1=0.8154  edit=41.67  segF1@50=0.45
[b2a][epoch 49/50] loss=0.2954  val_acc=0.9525  macroF1=0.8231  edit=49.44  segF1@50=0.52
[b2a][epoch 50/50] loss=0.2899  val_acc=0.9472  macroF1=0.8165  edit=43.33  segF1@50=0.47
[b2a] best @epoch 49: acc=0.9525 macroF1=0.8231
[b2a] evidence written -> /home/ubuntu/slocal2/m2/experiments/transfer/b2a_oracle_mask_06_002_b2a_oracle_mask_06_seed123
