[t1a] train clips=13  val clips=3  in_dim=5888  region_only=False  classes=9  device=cuda
[t1a] evidence dir: /home/ubuntu/slocal2/m2/experiments/transfer/t1a_region_mask_08_002_t1a_region_mask_08_seed123
[t1a][epoch 1/50] loss=2.6469  val_acc=0.6838  macroF1=0.2298  edit=19.08  segF1@50=0.16
[t1a][epoch 2/50] loss=1.5120  val_acc=0.6653  macroF1=0.2263  edit=21.84  segF1@50=0.11
[t1a][epoch 3/50] loss=1.1359  val_acc=0.6838  macroF1=0.2343  edit=36.89  segF1@50=0.25
[t1a][epoch 4/50] loss=0.9365  val_acc=0.8231  macroF1=0.4848  edit=29.23  segF1@50=0.23
[t1a][epoch 5/50] loss=0.8101  val_acc=0.8878  macroF1=0.6480  edit=39.13  segF1@50=0.34
[t1a][epoch 6/50] loss=0.6720  val_acc=0.8818  macroF1=0.6269  edit=39.22  segF1@50=0.37
[t1a][epoch 7/50] loss=0.6778  val_acc=0.9083  macroF1=0.6802  edit=32.35  segF1@50=0.30
[t1a][epoch 8/50] loss=0.6870  val_acc=0.9215  macroF1=0.7017  edit=37.54  segF1@50=0.42
[t1a][epoch 9/50] loss=0.6071  val_acc=0.9307  macroF1=0.7575  edit=34.84  segF1@50=0.40
[t1a][epoch 10/50] loss=0.5229  val_acc=0.9248  macroF1=0.7453  edit=37.39  segF1@50=0.41
[t1a][epoch 11/50] loss=0.4848  val_acc=0.9287  macroF1=0.7583  edit=41.43  segF1@50=0.43
[t1a][epoch 12/50] loss=0.4452  val_acc=0.9360  macroF1=0.7700  edit=39.40  segF1@50=0.44
[t1a][epoch 13/50] loss=0.4236  val_acc=0.9380  macroF1=0.7742  edit=37.29  segF1@50=0.42
[t1a][epoch 14/50] loss=0.4029  val_acc=0.9287  macroF1=0.7639  edit=42.86  segF1@50=0.43
[t1a][epoch 15/50] loss=0.4117  val_acc=0.9413  macroF1=0.7977  edit=30.62  segF1@50=0.37
[t1a][epoch 16/50] loss=0.4274  val_acc=0.9248  macroF1=0.7513  edit=41.86  segF1@50=0.44
[t1a][epoch 17/50] loss=0.4351  val_acc=0.9479  macroF1=0.8085  edit=31.62  segF1@50=0.40
[t1a][epoch 18/50] loss=0.4207  val_acc=0.9314  macroF1=0.7559  edit=36.11  segF1@50=0.41
[t1a][epoch 19/50] loss=0.4275  val_acc=0.9380  macroF1=0.7926  edit=37.90  segF1@50=0.42
[t1a][epoch 20/50] loss=0.3629  val_acc=0.9452  macroF1=0.8026  edit=34.44  segF1@50=0.40
[t1a][epoch 21/50] loss=0.3374  val_acc=0.9347  macroF1=0.7664  edit=34.77  segF1@50=0.39
[t1a][epoch 22/50] loss=0.3381  val_acc=0.9465  macroF1=0.8025  edit=38.96  segF1@50=0.45
[t1a][epoch 23/50] loss=0.3126  val_acc=0.9413  macroF1=0.7891  edit=38.03  segF1@50=0.44
[t1a][epoch 24/50] loss=0.2984  val_acc=0.9472  macroF1=0.8012  edit=38.49  segF1@50=0.46
[t1a][epoch 25/50] loss=0.2849  val_acc=0.9432  macroF1=0.7943  edit=37.57  segF1@50=0.43
[t1a][epoch 26/50] loss=0.2738  val_acc=0.9432  macroF1=0.7956  edit=36.72  segF1@50=0.43
[t1a][epoch 27/50] loss=0.2723  val_acc=0.9406  macroF1=0.7930  edit=40.14  segF1@50=0.45
[t1a][epoch 28/50] loss=0.2681  val_acc=0.9426  macroF1=0.8021  edit=35.51  segF1@50=0.41
[t1a][epoch 29/50] loss=0.2727  val_acc=0.9419  macroF1=0.7882  edit=35.58  segF1@50=0.42
[t1a][epoch 30/50] loss=0.2819  val_acc=0.9419  macroF1=0.7990  edit=31.08  segF1@50=0.38
[t1a][epoch 31/50] loss=0.2640  val_acc=0.9439  macroF1=0.7950  edit=38.84  segF1@50=0.45
[t1a][epoch 32/50] loss=0.2470  val_acc=0.9399  macroF1=0.7928  edit=36.68  segF1@50=0.40
[t1a][epoch 33/50] loss=0.2373  val_acc=0.9419  macroF1=0.7961  edit=28.13  segF1@50=0.35
[t1a][epoch 34/50] loss=0.2293  val_acc=0.9419  macroF1=0.7938  edit=35.69  segF1@50=0.42
[t1a][epoch 35/50] loss=0.2223  val_acc=0.9426  macroF1=0.7989  edit=30.41  segF1@50=0.37
[t1a][epoch 36/50] loss=0.2200  val_acc=0.9426  macroF1=0.7936  edit=36.30  segF1@50=0.43
[t1a][epoch 37/50] loss=0.2185  val_acc=0.9432  macroF1=0.7998  edit=30.74  segF1@50=0.39
[t1a][epoch 38/50] loss=0.2161  val_acc=0.9386  macroF1=0.7910  edit=33.33  segF1@50=0.39
[t1a][epoch 39/50] loss=0.2090  val_acc=0.9452  macroF1=0.8041  edit=35.14  segF1@50=0.42
[t1a][epoch 40/50] loss=0.2147  val_acc=0.9413  macroF1=0.7884  edit=35.14  segF1@50=0.42
[t1a][epoch 41/50] loss=0.2202  val_acc=0.9446  macroF1=0.7988  edit=34.40  segF1@50=0.41
[t1a][epoch 42/50] loss=0.2083  val_acc=0.9353  macroF1=0.7825  edit=28.13  segF1@50=0.34
[t1a][epoch 43/50] loss=0.2037  val_acc=0.9373  macroF1=0.7955  edit=33.84  segF1@50=0.40
[t1a][epoch 44/50] loss=0.1962  val_acc=0.9406  macroF1=0.7911  edit=34.39  segF1@50=0.40
[t1a][epoch 45/50] loss=0.1961  val_acc=0.9406  macroF1=0.7914  edit=33.97  segF1@50=0.40
[t1a][epoch 46/50] loss=0.1958  val_acc=0.9406  macroF1=0.7985  edit=34.06  segF1@50=0.41
[t1a][epoch 47/50] loss=0.1885  val_acc=0.9353  macroF1=0.7916  edit=33.29  segF1@50=0.37
[t1a][epoch 48/50] loss=0.1810  val_acc=0.9380  macroF1=0.7888  edit=32.28  segF1@50=0.36
[t1a][epoch 49/50] loss=0.1718  val_acc=0.9373  macroF1=0.7834  edit=35.12  segF1@50=0.38
[t1a][epoch 50/50] loss=0.1675  val_acc=0.9380  macroF1=0.7906  edit=33.99  segF1@50=0.40
[t1a] best @epoch 17: acc=0.9479 macroF1=0.8085
[t1a] evidence written -> /home/ubuntu/slocal2/m2/experiments/transfer/t1a_region_mask_08_002_t1a_region_mask_08_seed123
