[t1a] train clips=13  val clips=3  in_dim=5888  region_only=False  classes=9  device=cuda
[t1a] evidence dir: /home/ubuntu/slocal2/m2/experiments/transfer/t1a_region_mask_07_003_t1a_region_mask_07_seed456
[t1a][epoch 1/50] loss=2.7804  val_acc=0.6475  macroF1=0.2192  edit=16.74  segF1@50=0.20
[t1a][epoch 2/50] loss=1.7294  val_acc=0.6752  macroF1=0.2275  edit=28.22  segF1@50=0.20
[t1a][epoch 3/50] loss=1.1954  val_acc=0.6799  macroF1=0.2282  edit=28.81  segF1@50=0.23
[t1a][epoch 4/50] loss=0.9865  val_acc=0.8205  macroF1=0.5169  edit=31.39  segF1@50=0.24
[t1a][epoch 5/50] loss=0.8502  val_acc=0.8508  macroF1=0.5464  edit=34.44  segF1@50=0.32
[t1a][epoch 6/50] loss=0.7399  val_acc=0.8561  macroF1=0.5545  edit=42.59  segF1@50=0.38
[t1a][epoch 7/50] loss=0.6804  val_acc=0.8832  macroF1=0.6451  edit=39.96  segF1@50=0.41
[t1a][epoch 8/50] loss=0.7332  val_acc=0.9030  macroF1=0.6588  edit=34.02  segF1@50=0.32
[t1a][epoch 9/50] loss=0.6764  val_acc=0.9274  macroF1=0.7504  edit=34.35  segF1@50=0.37
[t1a][epoch 10/50] loss=0.5638  val_acc=0.9294  macroF1=0.7515  edit=43.87  segF1@50=0.48
[t1a][epoch 11/50] loss=0.5114  val_acc=0.9294  macroF1=0.7536  edit=41.93  segF1@50=0.47
[t1a][epoch 12/50] loss=0.4746  val_acc=0.9353  macroF1=0.7681  edit=44.16  segF1@50=0.47
[t1a][epoch 13/50] loss=0.4505  val_acc=0.9340  macroF1=0.7682  edit=44.44  segF1@50=0.50
[t1a][epoch 14/50] loss=0.4609  val_acc=0.9413  macroF1=0.7952  edit=38.84  segF1@50=0.44
[t1a][epoch 15/50] loss=0.4420  val_acc=0.9366  macroF1=0.7714  edit=47.55  segF1@50=0.50
[t1a][epoch 16/50] loss=0.4345  val_acc=0.9432  macroF1=0.7975  edit=38.36  segF1@50=0.43
[t1a][epoch 17/50] loss=0.3946  val_acc=0.9426  macroF1=0.7956  edit=45.08  segF1@50=0.50
[t1a][epoch 18/50] loss=0.3769  val_acc=0.9406  macroF1=0.7827  edit=38.82  segF1@50=0.45
[t1a][epoch 19/50] loss=0.3498  val_acc=0.9426  macroF1=0.7924  edit=41.37  segF1@50=0.47
[t1a][epoch 20/50] loss=0.3377  val_acc=0.9406  macroF1=0.7878  edit=39.68  segF1@50=0.46
[t1a][epoch 21/50] loss=0.3295  val_acc=0.9446  macroF1=0.7990  edit=38.10  segF1@50=0.44
[t1a][epoch 22/50] loss=0.3257  val_acc=0.9314  macroF1=0.7714  edit=40.93  segF1@50=0.43
[t1a][epoch 23/50] loss=0.3376  val_acc=0.9465  macroF1=0.8064  edit=31.80  segF1@50=0.39
[t1a][epoch 24/50] loss=0.3261  val_acc=0.9333  macroF1=0.7725  edit=38.29  segF1@50=0.43
[t1a][epoch 25/50] loss=0.3120  val_acc=0.9386  macroF1=0.7775  edit=38.38  segF1@50=0.45
[t1a][epoch 26/50] loss=0.2964  val_acc=0.9380  macroF1=0.7886  edit=37.17  segF1@50=0.42
[t1a][epoch 27/50] loss=0.2820  val_acc=0.9413  macroF1=0.7910  edit=31.25  segF1@50=0.38
[t1a][epoch 28/50] loss=0.2730  val_acc=0.9373  macroF1=0.7835  edit=36.83  segF1@50=0.43
[t1a][epoch 29/50] loss=0.2964  val_acc=0.9419  macroF1=0.7995  edit=30.47  segF1@50=0.36
[t1a][epoch 30/50] loss=0.3024  val_acc=0.9221  macroF1=0.7706  edit=38.03  segF1@50=0.37
[t1a][epoch 31/50] loss=0.3220  val_acc=0.9353  macroF1=0.7859  edit=29.98  segF1@50=0.34
[t1a][epoch 32/50] loss=0.3266  val_acc=0.9366  macroF1=0.7810  edit=27.32  segF1@50=0.35
[t1a][epoch 33/50] loss=0.3240  val_acc=0.9432  macroF1=0.8080  edit=39.19  segF1@50=0.43
[t1a][epoch 34/50] loss=0.2791  val_acc=0.9426  macroF1=0.7941  edit=37.16  segF1@50=0.43
[t1a][epoch 35/50] loss=0.2541  val_acc=0.9373  macroF1=0.7903  edit=34.81  segF1@50=0.38
[t1a][epoch 36/50] loss=0.2404  val_acc=0.9393  macroF1=0.7898  edit=29.95  segF1@50=0.37
[t1a][epoch 37/50] loss=0.2262  val_acc=0.9413  macroF1=0.7959  edit=34.03  segF1@50=0.40
[t1a][epoch 38/50] loss=0.2220  val_acc=0.9413  macroF1=0.7927  edit=35.19  segF1@50=0.41
[t1a][epoch 39/50] loss=0.2148  val_acc=0.9426  macroF1=0.7959  edit=35.69  segF1@50=0.42
[t1a][epoch 40/50] loss=0.2109  val_acc=0.9413  macroF1=0.7927  edit=29.95  segF1@50=0.37
[t1a][epoch 41/50] loss=0.2055  val_acc=0.9399  macroF1=0.7934  edit=36.67  segF1@50=0.42
[t1a][epoch 42/50] loss=0.2038  val_acc=0.9413  macroF1=0.7900  edit=30.74  segF1@50=0.37
[t1a][epoch 43/50] loss=0.1970  val_acc=0.9419  macroF1=0.7994  edit=32.91  segF1@50=0.39
[t1a][epoch 44/50] loss=0.2027  val_acc=0.9413  macroF1=0.7896  edit=33.33  segF1@50=0.40
[t1a][epoch 45/50] loss=0.2044  val_acc=0.9419  macroF1=0.8076  edit=36.20  segF1@50=0.42
[t1a][epoch 46/50] loss=0.2091  val_acc=0.9340  macroF1=0.7793  edit=39.23  segF1@50=0.41
[t1a][epoch 47/50] loss=0.2007  val_acc=0.9373  macroF1=0.7865  edit=30.05  segF1@50=0.35
[t1a][epoch 48/50] loss=0.1889  val_acc=0.9406  macroF1=0.7924  edit=34.92  segF1@50=0.38
[t1a][epoch 49/50] loss=0.1831  val_acc=0.9380  macroF1=0.7909  edit=33.67  segF1@50=0.39
[t1a][epoch 50/50] loss=0.1768  val_acc=0.9393  macroF1=0.7894  edit=35.29  segF1@50=0.39
[t1a] best @epoch 23: acc=0.9465 macroF1=0.8064
[t1a] evidence written -> /home/ubuntu/slocal2/m2/experiments/transfer/t1a_region_mask_07_003_t1a_region_mask_07_seed456
