=== START gap_vs_presence 21:53:39
=== END   gap_vs_presence rc=0 21:55:54
=== START recommended 21:55:54
=== END   recommended rc=0 21:56:26
=== START noise_structure 21:56:26
=== END   noise_structure rc=0 21:57:01
=== START noise_testonly 21:57:01
=== END   noise_testonly rc=0 21:57:10
=== START signal_form 21:57:10
=== END   signal_form rc=0 21:57:47
=== START denoise_variants 21:57:47
=== END   denoise_variants rc=0 21:58:35
=== START capacity_control 21:58:35
=== END   capacity_control rc=0 21:59:21
=== START prune_by_entropy 21:59:21
=== END   prune_by_entropy rc=0 22:00:57
=== START prune_ubiquitous 22:00:57
=== END   prune_ubiquitous rc=2 22:00:57
=== START capacity_of_head 22:00:57
=== END   capacity_of_head rc=2 22:00:57
=== START capacity_of_head_denoise 22:00:57
=== END   capacity_of_head_denoise rc=2 22:00:57
=== START receptive_field_prune 22:00:57
=== END   receptive_field_prune rc=2 22:00:57
=== START receptive_field_denoise 22:00:57
=== END   receptive_field_denoise rc=2 22:00:57
=== START prune_across_sources 22:00:57
=== END   prune_across_sources rc=2 22:00:58
=== START flicker_scaling 22:00:58
=== END   flicker_scaling rc=2 22:00:58
ALL DONE 22:00:58
