01 A:0.977 E:0.973 F:0.977 G:0.977 H:0.981
02 A:0.967 E:0.961 F:0.967 G:0.967 H:0.978
03 A:0.722 E:0.766 F:0.723 G:0.724 H:0.753
04 A:0.777 E:0.761 F:0.777 G:0.777 H:0.795
05 A:0.918 E:0.934 F:0.911 G:0.917 H:0.910
06 A:0.935 E:0.953 F:0.935 G:0.931 H:0.947
07 A:0.707 E:0.725 F:0.709 G:0.712 H:0.721
08 A:0.849 E:0.874 F:0.849 G:0.851 H:0.922
09 A:0.996 E:0.973 F:0.996 G:0.996 H:0.996
10 A:0.947 E:0.964 F:0.947 G:0.947 H:0.947
11 A:0.874 E:0.956 F:0.874 G:0.871 H:0.865
12 A:0.933 E:0.966 F:0.933 G:0.933 H:0.926
13 A:0.937 E:0.951 F:0.934 G:0.949 H:0.946
14 A:0.459 E:0.731 F:0.459 G:0.460 H:0.442
15 A:0.990 E:0.988 F:0.990 G:0.990 H:0.998

--- acc
    A_raw (15d)              mean=  0.8658 pstd= 0.1411
    E_oracle+raw (30d)       mean=  0.8984 pstd= 0.0957 Δ= +0.0326 |m|/SE= 1.83 pos=10/15
    F_raw+raw (30d)          mean=  0.8654 pstd= 0.1407 Δ= -0.0004 |m|/SE= 0.89 pos=2/15
    G_raw+rand (30d)         mean=  0.8669 pstd= 0.1406 Δ= +0.0011 |m|/SE= 1.16 pos=5/15
    H_raw+shuffledOracle (30d) mean=  0.8752 pstd= 0.1428 Δ= +0.0094 |m|/SE= 1.77 pos=9/15
--- mF1
    A_raw (15d)              mean=  0.8004 pstd= 0.1291
    E_oracle+raw (30d)       mean=  0.8205 pstd= 0.1208 Δ= +0.0201 |m|/SE= 1.79 pos=10/15
    F_raw+raw (30d)          mean=  0.7980 pstd= 0.1303 Δ= -0.0024 |m|/SE= 2.08 pos=2/15
    G_raw+rand (30d)         mean=  0.7989 pstd= 0.1332 Δ= -0.0016 |m|/SE= 0.29 pos=4/15
    H_raw+shuffledOracle (30d) mean=  0.8130 pstd= 0.1441 Δ= +0.0126 |m|/SE= 1.07 pos=9/15
--- edit
    A_raw (15d)              mean= 50.7307 pstd=24.9279
    E_oracle+raw (30d)       mean= 51.4990 pstd=23.0510 Δ= +0.7683 |m|/SE= 0.43 pos=8/15
    F_raw+raw (30d)          mean= 50.2138 pstd=25.2057 Δ= -0.5169 |m|/SE= 2.55 pos=0/15
    G_raw+rand (30d)         mean= 49.9787 pstd=24.6456 Δ= -0.7520 |m|/SE= 1.64 pos=3/15
    H_raw+shuffledOracle (30d) mean= 53.0220 pstd=27.3931 Δ= +2.2913 |m|/SE= 1.52 pos=10/15
--- segF50
    A_raw (15d)              mean=  0.5139 pstd= 0.2677
    E_oracle+raw (30d)       mean=  0.5386 pstd= 0.2534 Δ= +0.0247 |m|/SE= 0.96 pos=12/15
    F_raw+raw (30d)          mean=  0.5089 pstd= 0.2722 Δ= -0.0050 |m|/SE= 1.84 pos=0/15
    G_raw+rand (30d)         mean=  0.5170 pstd= 0.2638 Δ= +0.0030 |m|/SE= 0.42 pos=5/15
    H_raw+shuffledOracle (30d) mean=  0.5218 pstd= 0.2967 Δ= +0.0079 |m|/SE= 0.54 pos=8/15
