videos: ['01', '02', '03', '04', '05', '06', '07', '08', '09', '10', '11', '12', '13', '14', '15'] 15

video   frames                                raw                    gap-free oracle                            HMM L=2
                       acc    mF1    edit  segF50         acc    mF1    edit  segF50         acc    mF1    edit  segF50
01         913  0.9770 0.9864  89.66 0.873  0.9737 0.9866  83.87 0.877  0.9814 0.9821  89.66 0.873 
02         461  0.9675 0.8390  75.00 0.800  0.9631 0.8381  75.00 0.800  0.9805 0.8710  87.50 0.800 
03        1089  0.7218 0.7176  34.00 0.348  0.8026 0.7772  33.33 0.429  0.7539 0.7386  34.69 0.382 
04        1329  0.7773 0.6124  21.67 0.284  0.7284 0.6558  21.89 0.303  0.7540 0.6004  56.03 0.545 
05        1225  0.9176 0.8853  26.52 0.277  0.4327 0.7328  84.85 0.640  0.9241 0.9073  47.62 0.463 
06        1379  0.9347 0.8077  34.43 0.355  0.9616 0.8312  34.49 0.349  0.8419 0.7724  35.98 0.373 
07        1711  0.7066 0.7143  10.95 0.111  0.7434 0.7226  15.09 0.164  0.6867 0.6913  13.95 0.123 
08        1400  0.8493 0.8427  20.82 0.193  0.8914 0.9030  25.11 0.218  0.8364 0.9191  19.97 0.193 
09         518  0.9961 0.9971  66.67 0.800  1.0000 1.0000 100.00 1.000  0.9981 0.9986 100.00 1.000 
10         997  0.9468 0.8822  51.96 0.481  0.9639 0.9040  59.77 0.588  0.9488 0.9028  67.86 0.619 
11         754  0.8740 0.7229  66.67 0.732  0.9562 0.7772  69.57 0.800  0.8926 0.7338  69.57 0.750 
12         609  0.9327 0.8962  58.33 0.550  0.9573 0.9084  48.48 0.571  0.9278 0.8811  63.64 0.579 
13         822  0.9367 0.7592  85.37 0.872  0.9477 0.8077  81.40 0.875  0.9562 0.8071  89.74 0.921 
14        1810  0.4586 0.4984  38.94 0.219  0.7122 0.5429  43.02 0.253  0.4718 0.5005  36.79 0.220 
15         420  0.9905 0.8448  80.00 0.815  0.9857 0.7429  73.33 0.815  0.9857 0.7411  84.62 0.880 

--- accuracy
    raw              mean=  0.8658 pstd= 0.1411 min=0.4586 max=0.9961
    gap-free oracle  mean=  0.8680 pstd= 0.1517 min=0.4327 max=1.0000
    HMM L=2          mean=  0.8627 pstd= 0.1402 min=0.4718 max=0.9981
    Δ(gap-free oracle − raw): mean= +0.0022 pstd= 0.1461 |m|/s= 0.01 pos=10/15
    Δ(HMM L=2 − raw): mean= -0.0032 pstd= 0.0280 |m|/s= 0.11 pos=9/15
--- macro_f1
    raw              mean=  0.8004 pstd= 0.1291 min=0.4984 max=0.9971
    gap-free oracle  mean=  0.8087 pstd= 0.1186 min=0.5429 max=1.0000
    HMM L=2          mean=  0.8031 pstd= 0.1352 min=0.5005 max=0.9986
    Δ(gap-free oracle − raw): mean= +0.0083 pstd= 0.0579 |m|/s= 0.14 pos=12/15
    Δ(HMM L=2 − raw): mean= +0.0027 pstd= 0.0395 |m|/s= 0.07 pos=9/15
--- edit
    raw              mean= 50.7307 pstd=24.9279 min=10.9461 max=89.6552
    gap-free oracle  mean= 56.6133 pstd=25.8674 min=15.0876 max=100.0000
    HMM L=2          mean= 59.8402 pstd=26.5090 min=13.9504 max=100.0000
    Δ(gap-free oracle − raw): mean= +5.8826 pstd=16.9458 |m|/s= 0.35 pos=9/15
    Δ(HMM L=2 − raw): mean= +9.1095 pstd=11.5354 |m|/s= 0.79 pos=12/15
--- segF1@50
    raw              mean=  0.5139 pstd= 0.2677 min=0.1111 max=0.8727
    gap-free oracle  mean=  0.5788 pstd= 0.2672 min=0.1638 max=1.0000
    HMM L=2          mean=  0.5815 pstd= 0.2747 min=0.1230 max=1.0000
    Δ(gap-free oracle − raw): mean= +0.0649 pstd= 0.0953 |m|/s= 0.68 pos=12/15
    Δ(HMM L=2 − raw): mean= +0.0675 pstd= 0.0829 |m|/s= 0.81 pos=12/15
