落とす術具（fold 01・train のみで決定）: ['Forceps', 'Gauze', 'Mouth Gag', 'Suction Cannula', 'Tweezers']
01 A:0.977 B:0.972 C:0.981 D:0.970
02 A:0.967 B:0.961 C:0.980 D:0.959
03 A:0.722 B:0.799 C:0.754 D:0.811
04 A:0.777 B:0.772 C:0.754 D:0.729
05 A:0.918 B:0.920 C:0.924 D:0.929
06 A:0.935 B:0.944 C:0.843 D:0.852
07 A:0.707 B:0.736 C:0.687 D:0.697
08 A:0.849 B:0.899 C:0.836 D:0.902
09 A:0.996 B:0.996 C:0.998 D:0.998
10 A:0.947 B:0.944 C:0.949 D:0.941
11 A:0.874 B:0.930 C:0.893 D:0.954
12 A:0.933 B:0.951 C:0.928 D:0.949
13 A:0.937 B:0.925 C:0.956 D:0.940
14 A:0.459 B:0.492 C:0.472 D:0.447
15 A:0.990 B:0.988 C:0.986 D:0.986

=== LOVO 15 fold（しきい値 H > 0.45）===
--- acc
    A 生（基準）                        mean=  0.8658 pstd= 0.1411
    B 生 −高エントロピー                   mean=  0.8819  Δ= +0.0161 |m|/SE= 2.37 pos=8/15
    C デノイズ                         mean=  0.8627  Δ= -0.0031 |m|/SE= 0.43 pos=9/15
    D デノイズ −高エントロピー（推奨）            mean=  0.8709  Δ= +0.0051 |m|/SE= 0.47 pos=7/15
--- macro-F1
    A 生（基準）                        mean=  0.8004 pstd= 0.1291
    B 生 −高エントロピー                   mean=  0.8233  Δ= +0.0229 |m|/SE= 2.80 pos=9/15
    C デノイズ                         mean=  0.8029  Δ= +0.0025 |m|/SE= 0.24 pos=9/15
    D デノイズ −高エントロピー（推奨）            mean=  0.8152  Δ= +0.0148 |m|/SE= 1.10 pos=9/15
--- edit
    A 生（基準）                        mean= 50.7307 pstd=24.9279
    B 生 −高エントロピー                   mean= 51.7128  Δ= +0.9820 |m|/SE= 0.86 pos=7/15
    C デノイズ                         mean= 59.7189  Δ= +8.9882 |m|/SE= 3.00 pos=11/15
    D デノイズ −高エントロピー（推奨）            mean= 56.1487  Δ= +5.4179 |m|/SE= 1.63 pos=10/15
--- seg-F1@50
    A 生（基準）                        mean=  0.5139 pstd= 0.2677
    B 生 −高エントロピー                   mean=  0.5213  Δ= +0.0074 |m|/SE= 0.63 pos=6/15
    C デノイズ                         mean=  0.5807  Δ= +0.0667 |m|/SE= 3.10 pos=12/15
    D デノイズ −高エントロピー（推奨）            mean=  0.5628  Δ= +0.0489 |m|/SE= 2.02 pos=9/15

--- 工程別 F1（15 fold 平均）
arm                              anesthesi  incision dissectio hemostasi   closure    design irrigatio  dressing
A 生                                  0.892     0.941     0.872     0.626     0.753     0.587     0.129     0.096
B 生 −高エントロピー                         0.901     0.950     0.893     0.661     0.756     0.602     0.138     0.145
C デノイズ                               0.904     0.963     0.870     0.647     0.744     0.583     0.117     0.098
D デノイズ −高エントロピー（推奨）                  0.894     0.960     0.886     0.691     0.743     0.575     0.119     0.140
