/home/ubuntu/slocal/m2/.venv-relation-detr/lib/python3.11/site-packages/albumentations/core/validation.py:114: UserWarning: ShiftScaleRotate is a special case of Affine transform. Please use Affine transform instead.
  original_init(self, **validated_kwargs)
/home/ubuntu/slocal/m2/third_party/Relation-DETR/transforms/presets.py:109: UserWarning: Argument(s) 'value' are not valid for transform ShiftScaleRotate
  A.ShiftScaleRotate(
/home/ubuntu/slocal/m2/third_party/Relation-DETR/transforms/presets.py:140: UserWarning: Argument(s) 'quality_lower, quality_upper' are not valid for transform ImageCompression
  A.ImageCompression(quality_lower=85, quality_upper=95, p=0.2),
/home/ubuntu/slocal/m2/third_party/Relation-DETR/transforms/presets.py:195: UserWarning: Argument(s) 'value' are not valid for transform ShiftScaleRotate
  A.ShiftScaleRotate(
/home/ubuntu/slocal/m2/third_party/Relation-DETR/transforms/presets.py:226: UserWarning: Argument(s) 'quality_lower, quality_upper' are not valid for transform ImageCompression
  A.ImageCompression(quality_lower=85, quality_upper=95, p=0.2),
Using /home/ubuntu/.cache/torch_extensions/py311_cu118 as PyTorch extensions root...
Detected CUDA files, patching ldflags
Emitting ninja build file /home/ubuntu/.cache/torch_extensions/py311_cu118/MultiScaleDeformableAttention/build.ninja...
Building extension module MultiScaleDeformableAttention...
Allowing ninja to set a default number of workers... (overridable by setting the environment variable MAX_JOBS=N)
loading annotations into memory...
Done (t=0.34s)
creating index...
index created!
Using [0, 0.5, 0.6299605249474365, 0.7937005259840997, 1.0, 1.259921049894873, 1.5874010519681991, 2.0, inf] as bins for aspect ratio quantization
Count of instances per bin: [9618]
loading annotations into memory...
Done (t=0.02s)
creating index...
index created!
ninja: no work to do.
Loading extension module MultiScaleDeformableAttention...
/home/ubuntu/slocal/m2/.venv-relation-detr/lib/python3.11/site-packages/torch/overrides.py:110: UserWarning: 'has_cuda' is deprecated, please use 'torch.backends.cuda.is_built()'
  torch.has_cuda,
/home/ubuntu/slocal/m2/.venv-relation-detr/lib/python3.11/site-packages/torch/overrides.py:111: UserWarning: 'has_cudnn' is deprecated, please use 'torch.backends.cudnn.is_available()'
  torch.has_cudnn,
/home/ubuntu/slocal/m2/.venv-relation-detr/lib/python3.11/site-packages/torch/overrides.py:117: UserWarning: 'has_mps' is deprecated, please use 'torch.backends.mps.is_built()'
  torch.has_mps,
/home/ubuntu/slocal/m2/.venv-relation-detr/lib/python3.11/site-packages/torch/overrides.py:118: UserWarning: 'has_mkldnn' is deprecated, please use 'torch.backends.mkldnn.is_available()'
  torch.has_mkldnn,
The model and loaded state dict do not match exactly
Missing keys: transformer.decoder.layers.0.phase_norm.weight, transformer.decoder.layers.0.phase_norm.bias, transformer.decoder.layers.0.phase_attn.in_proj_weight, transformer.decoder.layers.0.phase_attn.in_proj_bias, transformer.decoder.layers.0.phase_attn.out_proj.weight, transformer.decoder.layers.0.phase_attn.out_proj.bias, transformer.decoder.layers.1.phase_norm.weight, transformer.decoder.layers.1.phase_norm.bias, transformer.decoder.layers.1.phase_attn.in_proj_weight, transformer.decoder.layers.1.phase_attn.in_proj_bias, transformer.decoder.layers.1.phase_attn.out_proj.weight, transformer.decoder.layers.1.phase_attn.out_proj.bias, transformer.decoder.layers.2.phase_norm.weight, transformer.decoder.layers.2.phase_norm.bias, transformer.decoder.layers.2.phase_attn.in_proj_weight, transformer.decoder.layers.2.phase_attn.in_proj_bias, transformer.decoder.layers.2.phase_attn.out_proj.weight, transformer.decoder.layers.2.phase_attn.out_proj.bias, transformer.decoder.layers.3.phase_norm.weight, transformer.decoder.layers.3.phase_norm.bias, transformer.decoder.layers.3.phase_attn.in_proj_weight, transformer.decoder.layers.3.phase_attn.in_proj_bias, transformer.decoder.layers.3.phase_attn.out_proj.weight, transformer.decoder.layers.3.phase_attn.out_proj.bias, transformer.decoder.layers.4.phase_norm.weight, transformer.decoder.layers.4.phase_norm.bias, transformer.decoder.layers.4.phase_attn.in_proj_weight, transformer.decoder.layers.4.phase_attn.in_proj_bias, transformer.decoder.layers.4.phase_attn.out_proj.weight, transformer.decoder.layers.4.phase_attn.out_proj.bias, transformer.decoder.layers.5.phase_norm.weight, transformer.decoder.layers.5.phase_norm.bias, transformer.decoder.layers.5.phase_attn.in_proj_weight, transformer.decoder.layers.5.phase_attn.in_proj_bias, transformer.decoder.layers.5.phase_attn.out_proj.weight, transformer.decoder.layers.5.phase_attn.out_proj.bias, phase_proto.weight

[t1b] warm-start from /home/ubuntu/slocal/m2/third_party/Relation-DETR/checkpoints/incoming/seed123/best_ap.pth
[t1b] seed=123 inject=camt trainable=film zero_ctx=False det_steps/ep=4809 phase_params=1584384 total_trainable=1584384 miss_ctx(tr/va)=0/0 work=/tmp/t1b_camt_seed123
Accumulating evaluation results...
DONE (t=5.12s).
[t1b] warm-start init mAP=0.7292 (S0-frozen 水準なら warm-start+恒等 OK)
[t1b][ep0 0/4809] L=20.517 1.6it/s eta_ep=50m
[t1b][ep0 200/4809] L=7.618 2.5it/s eta_ep=30m
[t1b][ep0 400/4809] L=12.058 2.6it/s eta_ep=29m
[t1b][ep0 600/4809] L=10.620 2.6it/s eta_ep=27m
[t1b][ep0 800/4809] L=9.798 2.6it/s eta_ep=26m
[t1b][ep0 1000/4809] L=16.968 2.6it/s eta_ep=24m
[t1b][ep0 1200/4809] L=9.828 2.6it/s eta_ep=23m
[t1b][ep0 1400/4809] L=18.707 2.6it/s eta_ep=22m
[t1b][ep0 1600/4809] L=11.519 2.6it/s eta_ep=20m
[t1b][ep0 1800/4809] L=15.163 2.6it/s eta_ep=19m
[t1b][ep0 2000/4809] L=13.263 2.7it/s eta_ep=18m
[t1b][ep0 2200/4809] L=15.215 2.7it/s eta_ep=16m
[t1b][ep0 2400/4809] L=10.961 2.7it/s eta_ep=15m
[t1b][ep0 2600/4809] L=15.199 2.7it/s eta_ep=14m
[t1b][ep0 2800/4809] L=15.823 2.7it/s eta_ep=13m
[t1b][ep0 3000/4809] L=18.432 2.7it/s eta_ep=11m
[t1b][ep0 3200/4809] L=12.286 2.7it/s eta_ep=10m
[t1b][ep0 3400/4809] L=9.166 2.7it/s eta_ep=9m
[t1b][ep0 3600/4809] L=8.510 2.7it/s eta_ep=8m
[t1b][ep0 3800/4809] L=19.007 2.7it/s eta_ep=6m
[t1b][ep0 4000/4809] L=21.639 2.7it/s eta_ep=5m
[t1b][ep0 4200/4809] L=14.214 2.7it/s eta_ep=4m
[t1b][ep0 4400/4809] L=14.400 2.7it/s eta_ep=3m
[t1b][ep0 4600/4809] L=5.960 2.7it/s eta_ep=1m
[t1b][ep0 4800/4809] L=9.740 2.7it/s eta_ep=0m
Accumulating evaluation results...
DONE (t=4.20s).
[t1b][ep0] val mAP=0.7302
[t1b][ep1 0/4809] L=9.543 2.3it/s eta_ep=35m
[t1b][ep1 200/4809] L=24.616 2.6it/s eta_ep=29m
[t1b][ep1 400/4809] L=14.335 2.6it/s eta_ep=28m
[t1b][ep1 600/4809] L=12.989 2.6it/s eta_ep=27m
[t1b][ep1 800/4809] L=17.619 2.6it/s eta_ep=25m
[t1b][ep1 1000/4809] L=22.300 2.6it/s eta_ep=24m
[t1b][ep1 1200/4809] L=19.481 2.6it/s eta_ep=23m
[t1b][ep1 1400/4809] L=12.523 2.6it/s eta_ep=21m
[t1b][ep1 1600/4809] L=12.006 2.6it/s eta_ep=20m
[t1b][ep1 1800/4809] L=6.224 2.6it/s eta_ep=19m
[t1b][ep1 2000/4809] L=13.143 2.6it/s eta_ep=18m
[t1b][ep1 2200/4809] L=11.412 2.6it/s eta_ep=16m
[t1b][ep1 2400/4809] L=22.683 2.6it/s eta_ep=15m
[t1b][ep1 2600/4809] L=18.144 2.6it/s eta_ep=14m
[t1b][ep1 2800/4809] L=13.504 2.6it/s eta_ep=13m
[t1b][ep1 3000/4809] L=33.098 2.6it/s eta_ep=11m
[t1b][ep1 3200/4809] L=13.489 2.6it/s eta_ep=10m
[t1b][ep1 3400/4809] L=16.477 2.6it/s eta_ep=9m
[t1b][ep1 3600/4809] L=11.568 2.6it/s eta_ep=8m
[t1b][ep1 3800/4809] L=12.002 2.6it/s eta_ep=6m
[t1b][ep1 4000/4809] L=30.213 2.6it/s eta_ep=5m
[t1b][ep1 4200/4809] L=9.667 2.6it/s eta_ep=4m
[t1b][ep1 4400/4809] L=16.844 2.6it/s eta_ep=3m
[t1b][ep1 4600/4809] L=16.500 2.6it/s eta_ep=1m
[t1b][ep1 4800/4809] L=10.773 2.6it/s eta_ep=0m
Accumulating evaluation results...
DONE (t=4.87s).
[t1b][ep1] val mAP=0.7287
[t1b][ep2 0/4809] L=14.220 2.4it/s eta_ep=34m
[t1b][ep2 200/4809] L=11.808 2.6it/s eta_ep=30m
[t1b][ep2 400/4809] L=16.613 2.6it/s eta_ep=28m
[t1b][ep2 600/4809] L=12.176 2.6it/s eta_ep=27m
[t1b][ep2 800/4809] L=21.072 2.6it/s eta_ep=26m
[t1b][ep2 1000/4809] L=12.866 2.6it/s eta_ep=24m
[t1b][ep2 1200/4809] L=7.535 2.6it/s eta_ep=23m
[t1b][ep2 1400/4809] L=7.263 2.6it/s eta_ep=22m
[t1b][ep2 1600/4809] L=25.311 2.6it/s eta_ep=20m
[t1b][ep2 1800/4809] L=20.026 2.6it/s eta_ep=19m
[t1b][ep2 2000/4809] L=32.086 2.6it/s eta_ep=18m
[t1b][ep2 2200/4809] L=11.910 2.6it/s eta_ep=17m
[t1b][ep2 2400/4809] L=17.915 2.6it/s eta_ep=15m
[t1b][ep2 2600/4809] L=13.207 2.6it/s eta_ep=14m
[t1b][ep2 2800/4809] L=11.499 2.6it/s eta_ep=13m
[t1b][ep2 3000/4809] L=44.482 2.6it/s eta_ep=12m
[t1b][ep2 3200/4809] L=6.750 2.6it/s eta_ep=10m
[t1b][ep2 3400/4809] L=23.170 2.6it/s eta_ep=9m
[t1b][ep2 3600/4809] L=20.694 2.6it/s eta_ep=8m
[t1b][ep2 3800/4809] L=21.821 2.6it/s eta_ep=6m
[t1b][ep2 4000/4809] L=10.017 2.6it/s eta_ep=5m
[t1b][ep2 4200/4809] L=10.729 2.6it/s eta_ep=4m
[t1b][ep2 4400/4809] L=13.001 2.6it/s eta_ep=3m
[t1b][ep2 4600/4809] L=18.900 2.6it/s eta_ep=1m
[t1b][ep2 4800/4809] L=19.473 2.6it/s eta_ep=0m
Accumulating evaluation results...
DONE (t=4.44s).
[t1b][ep2] val mAP=0.7292
[t1b][ep3 0/4809] L=9.009 2.2it/s eta_ep=36m
[t1b][ep3 200/4809] L=9.577 2.6it/s eta_ep=30m
[t1b][ep3 400/4809] L=8.856 2.6it/s eta_ep=28m
[t1b][ep3 600/4809] L=12.977 2.6it/s eta_ep=27m
[t1b][ep3 800/4809] L=10.403 2.6it/s eta_ep=26m
[t1b][ep3 1000/4809] L=11.794 2.6it/s eta_ep=24m
[t1b][ep3 1200/4809] L=7.216 2.6it/s eta_ep=23m
[t1b][ep3 1400/4809] L=10.173 2.6it/s eta_ep=22m
[t1b][ep3 1600/4809] L=14.055 2.6it/s eta_ep=21m
[t1b][ep3 1800/4809] L=34.273 2.6it/s eta_ep=19m
[t1b][ep3 2000/4809] L=13.186 2.6it/s eta_ep=18m
[t1b][ep3 2200/4809] L=15.738 2.6it/s eta_ep=17m
[t1b][ep3 2400/4809] L=11.988 2.6it/s eta_ep=16m
[t1b][ep3 2600/4809] L=13.095 2.6it/s eta_ep=14m
[t1b][ep3 2800/4809] L=8.433 2.6it/s eta_ep=13m
[t1b][ep3 3000/4809] L=16.746 2.6it/s eta_ep=12m
[t1b][ep3 3200/4809] L=11.933 2.6it/s eta_ep=10m
[t1b][ep3 3400/4809] L=14.453 2.6it/s eta_ep=9m
[t1b][ep3 3600/4809] L=13.096 2.6it/s eta_ep=8m
[t1b][ep3 3800/4809] L=5.324 2.6it/s eta_ep=7m
[t1b][ep3 4000/4809] L=14.289 2.6it/s eta_ep=5m
[t1b][ep3 4200/4809] L=19.630 2.6it/s eta_ep=4m
[t1b][ep3 4400/4809] L=20.913 2.6it/s eta_ep=3m
[t1b][ep3 4600/4809] L=17.159 2.6it/s eta_ep=1m
[t1b][ep3 4800/4809] L=15.220 2.6it/s eta_ep=0m
Accumulating evaluation results...
DONE (t=4.21s).
[t1b][ep3] val mAP=0.7298
[t1b][ep4 0/4809] L=17.576 2.2it/s eta_ep=37m
[t1b][ep4 200/4809] L=13.848 2.6it/s eta_ep=30m
[t1b][ep4 400/4809] L=6.565 2.6it/s eta_ep=29m
[t1b][ep4 600/4809] L=8.600 2.5it/s eta_ep=28m
[t1b][ep4 800/4809] L=13.358 2.5it/s eta_ep=26m
[t1b][ep4 1000/4809] L=9.716 2.6it/s eta_ep=25m
[t1b][ep4 1200/4809] L=16.200 2.5it/s eta_ep=24m
[t1b][ep4 1400/4809] L=15.424 2.5it/s eta_ep=22m
[t1b][ep4 1600/4809] L=14.253 2.5it/s eta_ep=21m
[t1b][ep4 1800/4809] L=14.239 2.5it/s eta_ep=20m
[t1b][ep4 2000/4809] L=12.728 2.5it/s eta_ep=18m
[t1b][ep4 2200/4809] L=11.761 2.5it/s eta_ep=17m
[t1b][ep4 2400/4809] L=11.923 2.5it/s eta_ep=16m
[t1b][ep4 2600/4809] L=20.595 2.5it/s eta_ep=14m
[t1b][ep4 2800/4809] L=13.818 2.5it/s eta_ep=13m
[t1b][ep4 3000/4809] L=10.728 2.5it/s eta_ep=12m
[t1b][ep4 3200/4809] L=16.043 2.5it/s eta_ep=11m
[t1b][ep4 3400/4809] L=17.182 2.5it/s eta_ep=9m
[t1b][ep4 3600/4809] L=33.603 2.5it/s eta_ep=8m
[t1b][ep4 3800/4809] L=15.924 2.5it/s eta_ep=7m
[t1b][ep4 4000/4809] L=14.688 2.5it/s eta_ep=5m
[t1b][ep4 4200/4809] L=18.361 2.5it/s eta_ep=4m
[t1b][ep4 4400/4809] L=8.852 2.5it/s eta_ep=3m
[t1b][ep4 4600/4809] L=16.977 2.5it/s eta_ep=1m
[t1b][ep4 4800/4809] L=15.472 2.5it/s eta_ep=0m
Accumulating evaluation results...
DONE (t=4.16s).
[t1b][ep4] val mAP=0.7301
[t1b][ep5 0/4809] L=14.999 2.1it/s eta_ep=39m
[t1b][ep5 200/4809] L=17.051 2.5it/s eta_ep=31m
[t1b][ep5 400/4809] L=20.398 2.5it/s eta_ep=29m
[t1b][ep5 600/4809] L=12.489 2.5it/s eta_ep=28m
[t1b][ep5 800/4809] L=16.721 2.5it/s eta_ep=27m
[t1b][ep5 1000/4809] L=17.710 2.5it/s eta_ep=25m
[t1b][ep5 1200/4809] L=31.886 2.5it/s eta_ep=24m
[t1b][ep5 1400/4809] L=18.181 2.5it/s eta_ep=23m
[t1b][ep5 1600/4809] L=12.772 2.5it/s eta_ep=21m
[t1b][ep5 1800/4809] L=18.283 2.5it/s eta_ep=20m
[t1b][ep5 2000/4809] L=13.291 2.5it/s eta_ep=19m
[t1b][ep5 2200/4809] L=16.978 2.5it/s eta_ep=17m
[t1b][ep5 2400/4809] L=14.823 2.5it/s eta_ep=16m
[t1b][ep5 2600/4809] L=16.290 2.5it/s eta_ep=15m
[t1b][ep5 2800/4809] L=13.027 2.5it/s eta_ep=13m
[t1b][ep5 3000/4809] L=8.155 2.5it/s eta_ep=12m
[t1b][ep5 3200/4809] L=25.992 2.5it/s eta_ep=11m
[t1b][ep5 3400/4809] L=13.616 2.5it/s eta_ep=9m
[t1b][ep5 3600/4809] L=15.561 2.5it/s eta_ep=8m
[t1b][ep5 3800/4809] L=25.146 2.5it/s eta_ep=7m
[t1b][ep5 4000/4809] L=9.722 2.5it/s eta_ep=5m
[t1b][ep5 4200/4809] L=20.351 2.5it/s eta_ep=4m
[t1b][ep5 4400/4809] L=7.651 2.5it/s eta_ep=3m
[t1b][ep5 4600/4809] L=11.756 2.5it/s eta_ep=1m
[t1b][ep5 4800/4809] L=10.612 2.5it/s eta_ep=0m
Accumulating evaluation results...
DONE (t=3.87s).
[t1b][ep5] val mAP=0.7294
[t1b] DONE best@ep0 mAP=0.7302 (init 0.7292) -> /tmp/t1b_camt_seed123
