==============================================================================
G-2 Task A レポート
==============================================================================
  runs 検出: 12/12
  commit   : {'ca280645c5da13574e6b2ce0e460ac858663ab69': ['base_seed42', 'base_seed123', 'base_seed456', 'bboxROI_seed42', 'bboxROI_seed123', 'bboxROI_seed456', 'maskROI_seed42', 'maskROI_seed123', 'maskROI_seed456', 'randROI_seed42', 'randROI_seed123', 'randROI_seed456']}
  host     : {'lecun': ['base_seed42', 'base_seed123', 'base_seed456', 'bboxROI_seed42', 'bboxROI_seed123', 'bboxROI_seed456', 'maskROI_seed42', 'maskROI_seed123', 'maskROI_seed456', 'randROI_seed42', 'randROI_seed123', 'randROI_seed456']}
  拡張ロード False の run: なし

==============================================================================
  split = val
==============================================================================

  [A-5] base (系統1) の 3 seed sd = 再現ばらつきの推定値  n=3
    phase_accuracy   mean=0.94851  sd=0.00132  (n=3)
    phase_macro_f1   mean=0.80785  sd=0.00438  (n=3)
    incision         mean=0.94600  sd=0.00287  (n=3)
    hemostasis       mean=0.81247  sd=0.02905  (n=3)
    closure          mean=0.95545  sd=0.00129  (n=3)

  [2-1] bboxROI - base   (チャネル追加そのものの効果)
    (動画 n=2, B=2000)
    metric                 diff   Welch                      95%CI       判定
   *incision          +0.02148       Y [+0.01084,+0.08161]      超えた 
   *hemostasis        +0.12225       Y [+0.00000,+0.12225]      不一致 
   *closure           +0.01280       Y [+0.00000,+0.01280]      不一致 
    anesthesia        +0.00000       n [+0.00000,+0.00000]        - 
    design            +0.00337       n [+0.00000,+0.00397]        - 
    disinfection      +0.00000       n [+0.00000,+0.00000]        - 
    dissection        +0.01540       Y [+0.00940,+0.02035]      超えた 
    dressing          +0.00000       n [+0.00000,+0.00000]        - 
    irrigation        +0.00000       n [+0.00000,+0.00000]        - 
    phase_accuracy    +0.01650       Y [+0.00965,+0.02006]      超えた (判定外)
    phase_macro_f1    +0.02504       Y [+0.00605,+0.03362]      超えた (判定外)

  [3-2] maskROI - bboxROI   (背景除去の純効果 = 本実験の答え)
    (動画 n=2, B=2000)
    metric                 diff   Welch                      95%CI       判定
   *incision          -0.00102       n [-0.00880,+0.00001]        - 
   *hemostasis        +0.02312       n [+0.00000,+0.02312]        - 
   *closure           -0.00027       n [-0.00027,+0.00000]        - 
    anesthesia        -0.00171       n [-0.00267,+0.00000]        - 
    design            +0.00000       n [+0.00000,+0.00000]        - 
    disinfection      +0.00000       n [+0.00000,+0.00000]        - 
    dissection        +0.00101       n [+0.00072,+0.00131]      不一致 
    dressing          +0.00000       n [+0.00000,+0.00000]        - 
    irrigation        +0.00000       n [+0.00000,+0.00000]        - 
    phase_accuracy    +0.00088       n [+0.00000,+0.00134]        - (判定外)
    phase_macro_f1    +0.00302       n [-0.00048,+0.00302]        - (判定外)

  [4-2] randROI - bboxROI   (形 vs 画素数の分離 (対照))
    (動画 n=2, B=2000)
    metric                 diff   Welch                      95%CI       判定
   *incision          -0.00594       n [-0.02501,-0.00238]      不一致 
   *hemostasis        +0.00572       n [+0.00000,+0.00572]        - 
   *closure           -0.00271       Y [-0.00271,+0.00000]      不一致 
    anesthesia        -0.00342       n [-0.00533,+0.00000]        - 
    design            +0.00000       n [+0.00000,+0.00000]        - 
    disinfection      +0.00000       n [+0.00000,+0.00000]        - 
    dissection        -0.00013       n [-0.00043,+0.00000]        - 
    dressing          +0.00000       n [+0.00000,+0.00000]        - 
    irrigation        +0.00000       n [+0.00000,+0.00000]        - 
    phase_accuracy    -0.00176       n [-0.00201,-0.00129]      不一致 (判定外)
    phase_macro_f1    -0.00093       n [-0.00320,-0.00093]      不一致 (判定外)

==============================================================================
  split = test
==============================================================================

  [A-5] base (系統1) の 3 seed sd = 再現ばらつきの推定値  n=3
    phase_accuracy   mean=0.83181  sd=0.00793  (n=3)
    phase_macro_f1   mean=0.69408  sd=0.02203  (n=3)
    incision         mean=0.92545  sd=0.00969  (n=3)
    hemostasis       mean=0.70314  sd=0.02555  (n=3)
    closure          mean=0.90415  sd=0.00211  (n=3)

  [2-1] bboxROI - base   (チャネル追加そのものの効果)
    (動画 n=3, B=2000)
    metric                 diff   Welch                      95%CI       判定
   *incision          +0.04384       Y [+0.01795,+0.11008]      超えた 
   *hemostasis        +0.06369       n [+0.00000,+0.09061]        - 
   *closure           +0.03902       Y [+0.00590,+0.06439]      超えた 
    anesthesia        -0.00161       n [-0.00717,+0.01481]        - 
    design            +0.02339       n [+0.00000,+0.05792]        - 
    disinfection      +0.00000       n [+0.00000,+0.00000]        - 
    dissection        +0.14795       Y [+0.03044,+0.23587]      超えた 
    dressing          +0.00000       n [+0.00000,+0.00000]        - 
    irrigation        +0.14353       n [+0.00000,+0.16437]        - 
    phase_accuracy    +0.06073       Y [+0.01442,+0.09631]      超えた (判定外)
    phase_macro_f1    +0.05748       Y [+0.01937,+0.08521]      超えた (判定外)

  [3-2] maskROI - bboxROI   (背景除去の純効果 = 本実験の答え)
    (動画 n=3, B=2000)
    metric                 diff   Welch                      95%CI       判定
   *incision          -0.03081       Y [-0.05723,-0.00343]      超えた 
   *hemostasis        +0.01695       n [+0.00000,+0.02391]        - 
   *closure           -0.00005       n [-0.01309,+0.02560]        - 
    anesthesia        -0.02059       n [-0.07721,+0.01558]        - 
    design            -0.04771       n [-0.09108,+0.00000]        - 
    disinfection      +0.00000       n [+0.00000,+0.00000]        - 
    dissection        +0.01410       n [-0.03041,+0.05837]        - 
    dressing          +0.00000       n [+0.00000,+0.00000]        - 
    irrigation        -0.07279       n [-0.09991,+0.00000]        - 
    phase_accuracy    +0.00078       n [-0.02182,+0.03411]        - (判定外)
    phase_macro_f1    -0.01761       n [-0.05240,+0.00253]        - (判定外)

  [4-2] randROI - bboxROI   (形 vs 画素数の分離 (対照))
    (動画 n=3, B=2000)
    metric                 diff   Welch                      95%CI       判定
   *incision          -0.03821       Y [-0.06207,-0.00292]      超えた 
   *hemostasis        +0.02087       n [-0.00163,+0.03850]        - 
   *closure           -0.00622       n [-0.01093,+0.00050]        - 
    anesthesia        -0.02197       n [-0.08065,+0.01558]        - 
    design            -0.01499       n [-0.03000,+0.00000]        - 
    disinfection      +0.00000       n [+0.00000,+0.00000]        - 
    dissection        -0.02063       n [-0.04266,-0.00206]      不一致 
    dressing          +0.00000       n [+0.00000,+0.00000]        - 
    irrigation        -0.14541       n [-0.19353,+0.00000]        - 
    phase_accuracy    -0.01000       n [-0.01831,-0.00027]      不一致 (判定外)
    phase_macro_f1    -0.02832       n [-0.05960,-0.00076]      不一致 (判定外)

==============================================================================
  [A-4] 事前登録の予測との照合
==============================================================================
  予測1 (3>2): 0/6 の (split, 工程) で 3>2 が閾値超え
      val/incision: -0.00102 -; val/hemostasis: +0.02312 -; val/closure: -0.00027 -; test/incision: -0.03081 超; test/hemostasis: +0.01695 -; test/closure: -0.00005 -
  予測2 (局在): 指定 3 工程で 0 件超え / 指定外 6 工程で 0 件超え
      指定外で超えた: なし — 指定外が動いた場合は事前登録に従い『予測外』(被覆率仮説の反証)
  予測3 (2-1 > 3-2): val: 成立; test: 成立
      val: (2-1)=+0.02504 vs (3-2)=+0.00302 (macro-F1、判定外指標); test: (2-1)=+0.05748 vs (3-2)=-0.01761 (macro-F1、判定外指標)
  予測4 (4≈2 対照): 4 ≈ 2 (上回りなし) → 3 の解釈を保留する条件に該当せず
      val/incision: -0.00594 -; val/hemostasis: +0.00572 -; val/closure: -0.00271 -; val/phase_macro_f1: -0.00093 -; test/incision: -0.03821 超; test/hemostasis: +0.02087 -; test/closure: -0.00622 -; test/phase_macro_f1: -0.02832 -

==============================================================================
  [A-3] フォールバック率と効果の関係
==============================================================================
Using /home/ubuntu/.cache/torch_extensions/py311_cu118 as PyTorch extensions root...
Detected CUDA files, patching ldflags
Emitting ninja build file /home/ubuntu/.cache/torch_extensions/py311_cu118/MultiScaleDeformableAttention/build.ninja...
Building extension module MultiScaleDeformableAttention...
Allowing ninja to set a default number of workers... (overridable by setting the environment variable MAX_JOBS=N)
ninja: no work to do.
Loading extension module MultiScaleDeformableAttention...
/home/ubuntu/slocal2/m2/.venv-relation-detr/lib/python3.11/site-packages/torch/overrides.py:110: UserWarning: 'has_cuda' is deprecated, please use 'torch.backends.cuda.is_built()'
  torch.has_cuda,
/home/ubuntu/slocal2/m2/.venv-relation-detr/lib/python3.11/site-packages/torch/overrides.py:111: UserWarning: 'has_cudnn' is deprecated, please use 'torch.backends.cudnn.is_available()'
  torch.has_cudnn,
/home/ubuntu/slocal2/m2/.venv-relation-detr/lib/python3.11/site-packages/torch/overrides.py:117: UserWarning: 'has_mps' is deprecated, please use 'torch.backends.mps.is_built()'
  torch.has_mps,
/home/ubuntu/slocal2/m2/.venv-relation-detr/lib/python3.11/site-packages/torch/overrides.py:118: UserWarning: 'has_mkldnn' is deprecated, please use 'torch.backends.mkldnn.is_available()'
  torch.has_mkldnn,
  val: 動画 n=2  再計算合計 1134 = 記録値 1134 (一致)
    09                       fb=0.0673 (n_boxes= 1471)  Δacc=+0.00000  ΔmF1=-0.00048
    10                       fb=0.3198 (n_boxes= 3236)  Δacc=+0.00134  ΔmF1=+0.00219
    correlation: "UNKNOWN (動画 2 本では相関を推定しない)"
  test: 動画 n=3  再計算合計 1484 = 記録値 1484 (一致)
    04                       fb=0.0188 (n_boxes= 3038)  Δacc=+0.03411  ΔmF1=+0.00253
    05                       fb=0.4596 (n_boxes= 2713)  Δacc=-0.00381  ΔmF1=-0.00164
    07                       fb=0.0260 (n_boxes= 6922)  Δacc=-0.02182  ΔmF1=-0.05240
    correlation: {"d_accuracy": {"n": 3, "pearson_r": -0.2153460907615216, "pearson_p": 0.8618240836159307, "spearman_r": -0.5, "spearman_p": 0.6666666666666666}, "d_macro_f1": {"n": 3, "pearson_r": 0.42693236746932356, "pearson_p": 0.7191884732575659, "spearman_r": -0.5, "spearman_p": 0.6666666666666666}}

  -> experiments/g2_main_2026-07-29_lecun/json/g2_report.json
  -> experiments/g2_main_2026-07-29_lecun/csv/g2_contrasts.csv
