Using /home/ubuntu/.cache/torch_extensions/py311_cu118 as PyTorch extensions root...
Detected CUDA files, patching ldflags
Emitting ninja build file /home/ubuntu/.cache/torch_extensions/py311_cu118/MultiScaleDeformableAttention/build.ninja...
Building extension module MultiScaleDeformableAttention...
Allowing ninja to set a default number of workers... (overridable by setting the environment variable MAX_JOBS=N)
ninja: no work to do.
Loading extension module MultiScaleDeformableAttention...
[guard] OK {'torch': '2.1.2+cu118', 'cuda': '11.8', 'gpu': 'NVIDIA RTX A6000', 'cudnn': 8700, 'commit': 'c7747c03b7bd4bde3b9f2c4a8e2a26619bf33bd3', 'host': 'lecun', 'msdeformattn_extension_loaded': True, 'ninja': '/home/ubuntu/slocal2/m2/.venv-relation-detr/bin/ninja'}
/home/ubuntu/slocal2/m2/.venv-relation-detr/lib/python3.11/site-packages/torch/overrides.py:110: UserWarning: 'has_cuda' is deprecated, please use 'torch.backends.cuda.is_built()'
  torch.has_cuda,
/home/ubuntu/slocal2/m2/.venv-relation-detr/lib/python3.11/site-packages/torch/overrides.py:111: UserWarning: 'has_cudnn' is deprecated, please use 'torch.backends.cudnn.is_available()'
  torch.has_cudnn,
/home/ubuntu/slocal2/m2/.venv-relation-detr/lib/python3.11/site-packages/torch/overrides.py:117: UserWarning: 'has_mps' is deprecated, please use 'torch.backends.mps.is_built()'
  torch.has_mps,
/home/ubuntu/slocal2/m2/.venv-relation-detr/lib/python3.11/site-packages/torch/overrides.py:118: UserWarning: 'has_mkldnn' is deprecated, please use 'torch.backends.mkldnn.is_available()'
  torch.has_mkldnn,
  500/9657 frames
  1000/9657 frames
  1500/9657 frames
  2000/9657 frames
  2500/9657 frames
  3000/9657 frames
  3500/9657 frames
  4000/9657 frames
  4500/9657 frames
  5000/9657 frames
  5500/9657 frames
  6000/9657 frames
  6500/9657 frames
  7000/9657 frames
  7500/9657 frames
  8000/9657 frames
  8500/9657 frames
  9000/9657 frames
  9500/9657 frames
  saved train_bboxROI.npz (9657, 3840)  zero_slot_rate=0.8016
  saved train_maskROI.npz (9657, 3840)  zero_slot_rate=0.8016
  saved train_randROI.npz (9657, 3840)  zero_slot_rate=0.8016

[train] D=256 boxes=32272 fallback=4555 (0.1411) mask==bbox=4555 (一致=True)
