/home/ubuntu/slocal/m2/.venv-relation-detr/lib/python3.11/site-packages/albumentations/core/validation.py:114: UserWarning: ShiftScaleRotate is a special case of Affine transform. Please use Affine transform instead.
  original_init(self, **validated_kwargs)
/home/ubuntu/slocal/m2/third_party/Relation-DETR/transforms/presets.py:109: UserWarning: Argument(s) 'value' are not valid for transform ShiftScaleRotate
  A.ShiftScaleRotate(
/home/ubuntu/slocal/m2/third_party/Relation-DETR/transforms/presets.py:140: UserWarning: Argument(s) 'quality_lower, quality_upper' are not valid for transform ImageCompression
  A.ImageCompression(quality_lower=85, quality_upper=95, p=0.2),
/home/ubuntu/slocal/m2/third_party/Relation-DETR/transforms/presets.py:195: UserWarning: Argument(s) 'value' are not valid for transform ShiftScaleRotate
  A.ShiftScaleRotate(
/home/ubuntu/slocal/m2/third_party/Relation-DETR/transforms/presets.py:226: UserWarning: Argument(s) 'quality_lower, quality_upper' are not valid for transform ImageCompression
  A.ImageCompression(quality_lower=85, quality_upper=95, p=0.2),
Using /home/ubuntu/.cache/torch_extensions/py311_cu118 as PyTorch extensions root...
Detected CUDA files, patching ldflags
Emitting ninja build file /home/ubuntu/.cache/torch_extensions/py311_cu118/MultiScaleDeformableAttention/build.ninja...
Building extension module MultiScaleDeformableAttention...
Allowing ninja to set a default number of workers... (overridable by setting the environment variable MAX_JOBS=N)
loading annotations into memory...
Done (t=0.34s)
creating index...
index created!
Using [0, 0.5, 0.6299605249474365, 0.7937005259840997, 1.0, 1.259921049894873, 1.5874010519681991, 2.0, inf] as bins for aspect ratio quantization
Count of instances per bin: [9618]
loading annotations into memory...
Done (t=0.03s)
creating index...
index created!
ninja: no work to do.
Loading extension module MultiScaleDeformableAttention...
/home/ubuntu/slocal/m2/.venv-relation-detr/lib/python3.11/site-packages/torch/overrides.py:110: UserWarning: 'has_cuda' is deprecated, please use 'torch.backends.cuda.is_built()'
  torch.has_cuda,
/home/ubuntu/slocal/m2/.venv-relation-detr/lib/python3.11/site-packages/torch/overrides.py:111: UserWarning: 'has_cudnn' is deprecated, please use 'torch.backends.cudnn.is_available()'
  torch.has_cudnn,
/home/ubuntu/slocal/m2/.venv-relation-detr/lib/python3.11/site-packages/torch/overrides.py:117: UserWarning: 'has_mps' is deprecated, please use 'torch.backends.mps.is_built()'
  torch.has_mps,
/home/ubuntu/slocal/m2/.venv-relation-detr/lib/python3.11/site-packages/torch/overrides.py:118: UserWarning: 'has_mkldnn' is deprecated, please use 'torch.backends.mkldnn.is_available()'
  torch.has_mkldnn,
The model and loaded state dict do not match exactly
Missing keys: transformer.decoder.layers.0.phase_norm.weight, transformer.decoder.layers.0.phase_norm.bias, transformer.decoder.layers.0.phase_attn.in_proj_weight, transformer.decoder.layers.0.phase_attn.in_proj_bias, transformer.decoder.layers.0.phase_attn.out_proj.weight, transformer.decoder.layers.0.phase_attn.out_proj.bias, transformer.decoder.layers.1.phase_norm.weight, transformer.decoder.layers.1.phase_norm.bias, transformer.decoder.layers.1.phase_attn.in_proj_weight, transformer.decoder.layers.1.phase_attn.in_proj_bias, transformer.decoder.layers.1.phase_attn.out_proj.weight, transformer.decoder.layers.1.phase_attn.out_proj.bias, transformer.decoder.layers.2.phase_norm.weight, transformer.decoder.layers.2.phase_norm.bias, transformer.decoder.layers.2.phase_attn.in_proj_weight, transformer.decoder.layers.2.phase_attn.in_proj_bias, transformer.decoder.layers.2.phase_attn.out_proj.weight, transformer.decoder.layers.2.phase_attn.out_proj.bias, transformer.decoder.layers.3.phase_norm.weight, transformer.decoder.layers.3.phase_norm.bias, transformer.decoder.layers.3.phase_attn.in_proj_weight, transformer.decoder.layers.3.phase_attn.in_proj_bias, transformer.decoder.layers.3.phase_attn.out_proj.weight, transformer.decoder.layers.3.phase_attn.out_proj.bias, transformer.decoder.layers.4.phase_norm.weight, transformer.decoder.layers.4.phase_norm.bias, transformer.decoder.layers.4.phase_attn.in_proj_weight, transformer.decoder.layers.4.phase_attn.in_proj_bias, transformer.decoder.layers.4.phase_attn.out_proj.weight, transformer.decoder.layers.4.phase_attn.out_proj.bias, transformer.decoder.layers.5.phase_norm.weight, transformer.decoder.layers.5.phase_norm.bias, transformer.decoder.layers.5.phase_attn.in_proj_weight, transformer.decoder.layers.5.phase_attn.in_proj_bias, transformer.decoder.layers.5.phase_attn.out_proj.weight, transformer.decoder.layers.5.phase_attn.out_proj.bias, phase_proto.weight

[t1b] warm-start from /home/ubuntu/slocal/m2/third_party/Relation-DETR/checkpoints/incoming/seed42/best_ap.pth
[t1b] seed=42 inject=camt trainable=all zero_ctx=False det_steps/ep=4809 phase_params=1584384 total_trainable=26823072 miss_ctx(tr/va)=0/0 work=/tmp/t1b_camt_all_seed42
Accumulating evaluation results...
DONE (t=4.71s).
[t1b] warm-start init mAP=0.7303 (S0-frozen 水準なら warm-start+恒等 OK)
[t1b][ep0 0/4809] L=22.651 1.2it/s eta_ep=68m
[t1b][ep0 200/4809] L=18.320 1.7it/s eta_ep=46m
[t1b][ep0 400/4809] L=11.884 1.7it/s eta_ep=44m
[t1b][ep0 600/4809] L=8.991 1.7it/s eta_ep=42m
[t1b][ep0 800/4809] L=6.738 1.7it/s eta_ep=40m
[t1b][ep0 1000/4809] L=15.240 1.6it/s eta_ep=41m
[t1b][ep0 1200/4809] L=14.588 1.4it/s eta_ep=43m
[t1b][ep0 1400/4809] L=8.855 1.3it/s eta_ep=44m
[t1b][ep0 1600/4809] L=22.955 1.3it/s eta_ep=42m
[t1b][ep0 1800/4809] L=13.214 1.3it/s eta_ep=39m
[t1b][ep0 2000/4809] L=13.912 1.3it/s eta_ep=35m
[t1b][ep0 2200/4809] L=15.806 1.4it/s eta_ep=32m
[t1b][ep0 2400/4809] L=13.941 1.4it/s eta_ep=29m
[t1b][ep0 2600/4809] L=13.200 1.4it/s eta_ep=26m
[t1b][ep0 2800/4809] L=15.072 1.4it/s eta_ep=23m
[t1b][ep0 3000/4809] L=12.133 1.4it/s eta_ep=21m
[t1b][ep0 3200/4809] L=18.585 1.5it/s eta_ep=18m
[t1b][ep0 3400/4809] L=17.499 1.5it/s eta_ep=16m
[t1b][ep0 3600/4809] L=13.793 1.5it/s eta_ep=14m
[t1b][ep0 3800/4809] L=15.626 1.5it/s eta_ep=11m
[t1b][ep0 4000/4809] L=29.288 1.5it/s eta_ep=9m
[t1b][ep0 4200/4809] L=21.927 1.5it/s eta_ep=7m
[t1b][ep0 4400/4809] L=23.036 1.5it/s eta_ep=4m
[t1b][ep0 4600/4809] L=15.409 1.5it/s eta_ep=2m
[t1b][ep0 4800/4809] L=17.489 1.5it/s eta_ep=0m
Accumulating evaluation results...
DONE (t=4.17s).
[t1b][ep0] val mAP=0.7127
[t1b][ep1 0/4809] L=14.211 1.6it/s eta_ep=51m
[t1b][ep1 200/4809] L=17.726 1.8it/s eta_ep=43m
[t1b][ep1 400/4809] L=14.473 1.8it/s eta_ep=42m
[t1b][ep1 600/4809] L=24.559 1.8it/s eta_ep=40m
[t1b][ep1 800/4809] L=10.500 1.8it/s eta_ep=38m
[t1b][ep1 1000/4809] L=28.106 1.8it/s eta_ep=36m
[t1b][ep1 1200/4809] L=32.071 1.8it/s eta_ep=34m
[t1b][ep1 1400/4809] L=15.457 1.8it/s eta_ep=32m
[t1b][ep1 1600/4809] L=13.197 1.8it/s eta_ep=30m
[t1b][ep1 1800/4809] L=20.018 1.8it/s eta_ep=29m
[t1b][ep1 2000/4809] L=23.159 1.8it/s eta_ep=27m
[t1b][ep1 2200/4809] L=8.492 1.8it/s eta_ep=25m
[t1b][ep1 2400/4809] L=15.268 1.8it/s eta_ep=23m
[t1b][ep1 2600/4809] L=13.882 1.8it/s eta_ep=21m
[t1b][ep1 2800/4809] L=16.457 1.8it/s eta_ep=19m
[t1b][ep1 3000/4809] L=17.186 1.8it/s eta_ep=17m
[t1b][ep1 3200/4809] L=15.073 1.8it/s eta_ep=15m
[t1b][ep1 3400/4809] L=11.910 1.8it/s eta_ep=13m
[t1b][ep1 3600/4809] L=17.719 1.8it/s eta_ep=12m
[t1b][ep1 3800/4809] L=12.420 1.8it/s eta_ep=10m
[t1b][ep1 4000/4809] L=13.865 1.8it/s eta_ep=8m
[t1b][ep1 4200/4809] L=17.100 1.8it/s eta_ep=6m
[t1b][ep1 4400/4809] L=16.735 1.7it/s eta_ep=4m
[t1b][ep1 4600/4809] L=16.522 1.7it/s eta_ep=2m
[t1b][ep1 4800/4809] L=15.996 1.7it/s eta_ep=0m
Accumulating evaluation results...
DONE (t=4.11s).
[t1b][ep1] val mAP=0.7033
[t1b][ep2 0/4809] L=13.001 1.5it/s eta_ep=53m
[t1b][ep2 200/4809] L=9.283 1.8it/s eta_ep=44m
[t1b][ep2 400/4809] L=25.735 1.7it/s eta_ep=42m
[t1b][ep2 600/4809] L=17.803 1.7it/s eta_ep=40m
[t1b][ep2 800/4809] L=26.071 1.7it/s eta_ep=39m
[t1b][ep2 1000/4809] L=18.080 1.7it/s eta_ep=37m
[t1b][ep2 1200/4809] L=20.934 1.7it/s eta_ep=35m
[t1b][ep2 1400/4809] L=14.220 1.7it/s eta_ep=33m
[t1b][ep2 1600/4809] L=16.085 1.7it/s eta_ep=31m
[t1b][ep2 1800/4809] L=24.045 1.7it/s eta_ep=29m
[t1b][ep2 2000/4809] L=17.083 1.7it/s eta_ep=27m
[t1b][ep2 2200/4809] L=14.559 1.7it/s eta_ep=25m
[t1b][ep2 2400/4809] L=25.252 1.7it/s eta_ep=23m
[t1b][ep2 2600/4809] L=20.018 1.7it/s eta_ep=21m
[t1b][ep2 2800/4809] L=16.515 1.7it/s eta_ep=19m
[t1b][ep2 3000/4809] L=17.593 1.7it/s eta_ep=17m
[t1b][ep2 3200/4809] L=9.218 1.7it/s eta_ep=16m
[t1b][ep2 3400/4809] L=10.588 1.7it/s eta_ep=14m
[t1b][ep2 3600/4809] L=9.292 1.7it/s eta_ep=12m
[t1b][ep2 3800/4809] L=18.618 1.7it/s eta_ep=10m
[t1b][ep2 4000/4809] L=13.383 1.7it/s eta_ep=8m
[t1b][ep2 4200/4809] L=21.037 1.7it/s eta_ep=6m
[t1b][ep2 4400/4809] L=21.663 1.7it/s eta_ep=4m
[t1b][ep2 4600/4809] L=16.615 1.7it/s eta_ep=2m
[t1b][ep2 4800/4809] L=14.043 1.7it/s eta_ep=0m
Accumulating evaluation results...
DONE (t=4.57s).
[t1b][ep2] val mAP=0.7050
[t1b][ep3 0/4809] L=18.583 1.4it/s eta_ep=58m
[t1b][ep3 200/4809] L=13.738 1.7it/s eta_ep=44m
[t1b][ep3 400/4809] L=12.719 1.7it/s eta_ep=43m
[t1b][ep3 600/4809] L=17.421 1.7it/s eta_ep=41m
[t1b][ep3 800/4809] L=7.344 1.7it/s eta_ep=39m
[t1b][ep3 1000/4809] L=13.842 1.7it/s eta_ep=37m
[t1b][ep3 1200/4809] L=21.547 1.7it/s eta_ep=35m
[t1b][ep3 1400/4809] L=18.821 1.7it/s eta_ep=33m
[t1b][ep3 1600/4809] L=27.891 1.7it/s eta_ep=31m
[t1b][ep3 1800/4809] L=24.649 1.7it/s eta_ep=29m
[t1b][ep3 2000/4809] L=18.071 1.7it/s eta_ep=27m
[t1b][ep3 2200/4809] L=21.775 1.7it/s eta_ep=25m
[t1b][ep3 2400/4809] L=20.380 1.7it/s eta_ep=23m
[t1b][ep3 2600/4809] L=25.860 1.7it/s eta_ep=22m
[t1b][ep3 2800/4809] L=18.831 1.7it/s eta_ep=20m
[t1b][ep3 3000/4809] L=20.508 1.7it/s eta_ep=18m
[t1b][ep3 3200/4809] L=13.295 1.7it/s eta_ep=16m
[t1b][ep3 3400/4809] L=19.756 1.7it/s eta_ep=14m
[t1b][ep3 3600/4809] L=18.289 1.7it/s eta_ep=12m
[t1b][ep3 3800/4809] L=12.732 1.7it/s eta_ep=10m
[t1b][ep3 4000/4809] L=17.589 1.7it/s eta_ep=8m
[t1b][ep3 4200/4809] L=19.452 1.7it/s eta_ep=6m
[t1b][ep3 4400/4809] L=19.821 1.7it/s eta_ep=4m
[t1b][ep3 4600/4809] L=9.337 1.7it/s eta_ep=2m
[t1b][ep3 4800/4809] L=25.875 1.7it/s eta_ep=0m
Accumulating evaluation results...
DONE (t=3.88s).
[t1b][ep3] val mAP=0.6713
[t1b][ep4 0/4809] L=16.498 1.4it/s eta_ep=59m
[t1b][ep4 200/4809] L=13.870 1.7it/s eta_ep=45m
[t1b][ep4 400/4809] L=17.403 1.7it/s eta_ep=44m
[t1b][ep4 600/4809] L=14.746 1.7it/s eta_ep=42m
[t1b][ep4 800/4809] L=9.540 1.7it/s eta_ep=40m
[t1b][ep4 1000/4809] L=17.937 1.7it/s eta_ep=38m
[t1b][ep4 1200/4809] L=19.370 1.7it/s eta_ep=36m
[t1b][ep4 1400/4809] L=14.171 1.7it/s eta_ep=34m
[t1b][ep4 1600/4809] L=20.393 1.7it/s eta_ep=32m
[t1b][ep4 1800/4809] L=16.633 1.7it/s eta_ep=30m
[t1b][ep4 2000/4809] L=28.386 1.7it/s eta_ep=28m
[t1b][ep4 2200/4809] L=18.251 1.7it/s eta_ep=26m
[t1b][ep4 2400/4809] L=19.761 1.7it/s eta_ep=24m
[t1b][ep4 2600/4809] L=15.014 1.7it/s eta_ep=22m
[t1b][ep4 2800/4809] L=6.908 1.7it/s eta_ep=20m
[t1b][ep4 3000/4809] L=13.970 1.7it/s eta_ep=18m
[t1b][ep4 3200/4809] L=42.667 1.7it/s eta_ep=16m
[t1b][ep4 3400/4809] L=13.799 1.7it/s eta_ep=14m
[t1b][ep4 3600/4809] L=9.771 1.7it/s eta_ep=12m
[t1b][ep4 3800/4809] L=19.345 1.7it/s eta_ep=10m
[t1b][ep4 4000/4809] L=30.428 1.7it/s eta_ep=8m
[t1b][ep4 4200/4809] L=18.157 1.7it/s eta_ep=6m
[t1b][ep4 4400/4809] L=17.853 1.7it/s eta_ep=4m
[t1b][ep4 4600/4809] L=16.434 1.7it/s eta_ep=2m
[t1b][ep4 4800/4809] L=21.404 1.7it/s eta_ep=0m
Accumulating evaluation results...
DONE (t=3.96s).
[t1b][ep4] val mAP=0.7139
[t1b][ep5 0/4809] L=18.583 1.6it/s eta_ep=50m
[t1b][ep5 200/4809] L=14.035 1.7it/s eta_ep=45m
[t1b][ep5 400/4809] L=12.935 1.7it/s eta_ep=43m
[t1b][ep5 600/4809] L=12.578 1.7it/s eta_ep=41m
[t1b][ep5 800/4809] L=25.308 1.7it/s eta_ep=40m
[t1b][ep5 1000/4809] L=9.788 1.7it/s eta_ep=38m
[t1b][ep5 1200/4809] L=8.965 1.7it/s eta_ep=36m
[t1b][ep5 1400/4809] L=30.648 1.7it/s eta_ep=34m
[t1b][ep5 1600/4809] L=20.918 1.7it/s eta_ep=32m
[t1b][ep5 1800/4809] L=12.069 1.7it/s eta_ep=30m
[t1b][ep5 2000/4809] L=12.635 1.7it/s eta_ep=28m
[t1b][ep5 2200/4809] L=30.664 1.7it/s eta_ep=26m
[t1b][ep5 2400/4809] L=17.223 1.7it/s eta_ep=24m
[t1b][ep5 2600/4809] L=13.220 1.7it/s eta_ep=22m
[t1b][ep5 2800/4809] L=14.288 1.7it/s eta_ep=20m
[t1b][ep5 3000/4809] L=12.428 1.7it/s eta_ep=18m
[t1b][ep5 3200/4809] L=5.571 1.7it/s eta_ep=16m
[t1b][ep5 3400/4809] L=9.293 1.7it/s eta_ep=14m
[t1b][ep5 3600/4809] L=18.047 1.7it/s eta_ep=12m
[t1b][ep5 3800/4809] L=9.263 1.7it/s eta_ep=10m
[t1b][ep5 4000/4809] L=16.647 1.7it/s eta_ep=8m
[t1b][ep5 4200/4809] L=15.560 1.7it/s eta_ep=6m
[t1b][ep5 4400/4809] L=17.743 1.7it/s eta_ep=4m
[t1b][ep5 4600/4809] L=13.375 1.7it/s eta_ep=2m
[t1b][ep5 4800/4809] L=16.058 1.7it/s eta_ep=0m
Accumulating evaluation results...
DONE (t=4.10s).
[t1b][ep5] val mAP=0.7181
[t1b] DONE best@ep-1 mAP=0.7303 (init 0.7303) -> /tmp/t1b_camt_all_seed42
