/home/ubuntu/slocal2/m2/.venv-relation-detr/lib/python3.11/site-packages/albumentations/core/validation.py:114: UserWarning: ShiftScaleRotate is a special case of Affine transform. Please use Affine transform instead.
  original_init(self, **validated_kwargs)
/home/ubuntu/slocal2/m2/third_party/Relation-DETR/transforms/presets.py:109: UserWarning: Argument(s) 'value' are not valid for transform ShiftScaleRotate
  A.ShiftScaleRotate(
/home/ubuntu/slocal2/m2/third_party/Relation-DETR/transforms/presets.py:140: UserWarning: Argument(s) 'quality_lower, quality_upper' are not valid for transform ImageCompression
  A.ImageCompression(quality_lower=85, quality_upper=95, p=0.2),
/home/ubuntu/slocal2/m2/third_party/Relation-DETR/transforms/presets.py:177: UserWarning: Argument(s) 'value' are not valid for transform ShiftScaleRotate
  A.ShiftScaleRotate(
/home/ubuntu/slocal2/m2/third_party/Relation-DETR/transforms/presets.py:208: UserWarning: Argument(s) 'quality_lower, quality_upper' are not valid for transform ImageCompression
  A.ImageCompression(quality_lower=85, quality_upper=95, p=0.2),
Using /home/ubuntu/.cache/torch_extensions/py311_cu118 as PyTorch extensions root...
/home/ubuntu/slocal2/m2/third_party/Relation-DETR/models/bricks/ms_deform_attn.py:24: UserWarning: Failed to load MultiScaleDeformableAttention C++ extension: Ninja is required to load C++ extensions
  warnings.warn(f"Failed to load MultiScaleDeformableAttention C++ extension: {e}")
/home/ubuntu/slocal2/m2/.venv-relation-detr/lib/python3.11/site-packages/torch/overrides.py:110: UserWarning: 'has_cuda' is deprecated, please use 'torch.backends.cuda.is_built()'
  torch.has_cuda,
/home/ubuntu/slocal2/m2/.venv-relation-detr/lib/python3.11/site-packages/torch/overrides.py:111: UserWarning: 'has_cudnn' is deprecated, please use 'torch.backends.cudnn.is_available()'
  torch.has_cudnn,
/home/ubuntu/slocal2/m2/.venv-relation-detr/lib/python3.11/site-packages/torch/overrides.py:117: UserWarning: 'has_mps' is deprecated, please use 'torch.backends.mps.is_built()'
  torch.has_mps,
/home/ubuntu/slocal2/m2/.venv-relation-detr/lib/python3.11/site-packages/torch/overrides.py:118: UserWarning: 'has_mkldnn' is deprecated, please use 'torch.backends.mkldnn.is_available()'
  torch.has_mkldnn,
The model and loaded state dict do not match exactly
Missing keys: transformer.decoder.layers.0.phase_norm.weight, transformer.decoder.layers.0.phase_norm.bias, transformer.decoder.layers.0.phase_attn.in_proj_weight, transformer.decoder.layers.0.phase_attn.in_proj_bias, transformer.decoder.layers.0.phase_attn.out_proj.weight, transformer.decoder.layers.0.phase_attn.out_proj.bias, transformer.decoder.layers.1.phase_norm.weight, transformer.decoder.layers.1.phase_norm.bias, transformer.decoder.layers.1.phase_attn.in_proj_weight, transformer.decoder.layers.1.phase_attn.in_proj_bias, transformer.decoder.layers.1.phase_attn.out_proj.weight, transformer.decoder.layers.1.phase_attn.out_proj.bias, transformer.decoder.layers.2.phase_norm.weight, transformer.decoder.layers.2.phase_norm.bias, transformer.decoder.layers.2.phase_attn.in_proj_weight, transformer.decoder.layers.2.phase_attn.in_proj_bias, transformer.decoder.layers.2.phase_attn.out_proj.weight, transformer.decoder.layers.2.phase_attn.out_proj.bias, transformer.decoder.layers.3.phase_norm.weight, transformer.decoder.layers.3.phase_norm.bias, transformer.decoder.layers.3.phase_attn.in_proj_weight, transformer.decoder.layers.3.phase_attn.in_proj_bias, transformer.decoder.layers.3.phase_attn.out_proj.weight, transformer.decoder.layers.3.phase_attn.out_proj.bias, transformer.decoder.layers.4.phase_norm.weight, transformer.decoder.layers.4.phase_norm.bias, transformer.decoder.layers.4.phase_attn.in_proj_weight, transformer.decoder.layers.4.phase_attn.in_proj_bias, transformer.decoder.layers.4.phase_attn.out_proj.weight, transformer.decoder.layers.4.phase_attn.out_proj.bias, transformer.decoder.layers.5.phase_norm.weight, transformer.decoder.layers.5.phase_norm.bias, transformer.decoder.layers.5.phase_attn.in_proj_weight, transformer.decoder.layers.5.phase_attn.in_proj_bias, transformer.decoder.layers.5.phase_attn.out_proj.weight, transformer.decoder.layers.5.phase_attn.out_proj.bias, phase_embed.weight, phase_embed.bias

loading annotations into memory...
Done (t=0.35s)
creating index...
index created!
Using [0, 0.5, 0.6299605249474365, 0.7937005259840997, 1.0, 1.259921049894873, 1.5874010519681991, 2.0, inf] as bins for aspect ratio quantization
Count of instances per bin: [9618]
loading annotations into memory...
Done (t=0.02s)
creating index...
index created!
[t1b] warm-start from /home/ubuntu/slocal2/m2/third_party/Relation-DETR/checkpoints/incoming/seed456/best_ap.pth
[t1b] seed=456 inject=ca trainable=film zero_ctx=True det_steps/ep=4809 phase_params=1584640 total_trainable=1584640 miss_ctx(tr/va)=0/0 work=/tmp/oracle_phase_ctrl_seed456
Accumulating evaluation results...
DONE (t=4.45s).
[t1b] warm-start init mAP=0.7217 (S0-frozen 水準なら warm-start+恒等 OK)
[t1b][ep0 0/4809] L=15.607 1.4it/s eta_ep=59m
[t1b][ep0 200/4809] L=13.032 2.3it/s eta_ep=34m
[t1b][ep0 400/4809] L=17.491 2.3it/s eta_ep=32m
[t1b][ep0 600/4809] L=16.755 2.3it/s eta_ep=30m
[t1b][ep0 800/4809] L=20.202 2.4it/s eta_ep=28m
[t1b][ep0 1000/4809] L=17.738 2.4it/s eta_ep=27m
[t1b][ep0 1200/4809] L=21.707 2.4it/s eta_ep=25m
[t1b][ep0 1400/4809] L=14.873 2.4it/s eta_ep=24m
[t1b][ep0 1600/4809] L=23.627 2.4it/s eta_ep=22m
[t1b][ep0 1800/4809] L=6.934 2.4it/s eta_ep=21m
[t1b][ep0 2000/4809] L=13.921 2.4it/s eta_ep=19m
[t1b][ep0 2200/4809] L=16.200 2.4it/s eta_ep=18m
[t1b][ep0 2400/4809] L=17.249 2.4it/s eta_ep=17m
[t1b][ep0 2600/4809] L=33.634 2.4it/s eta_ep=15m
[t1b][ep0 2800/4809] L=7.681 2.4it/s eta_ep=14m
[t1b][ep0 3000/4809] L=11.325 2.4it/s eta_ep=13m
[t1b][ep0 3200/4809] L=14.461 2.4it/s eta_ep=11m
[t1b][ep0 3400/4809] L=13.404 2.4it/s eta_ep=10m
[t1b][ep0 3600/4809] L=9.707 2.4it/s eta_ep=8m
[t1b][ep0 3800/4809] L=13.697 2.4it/s eta_ep=7m
[t1b][ep0 4000/4809] L=19.973 2.4it/s eta_ep=6m
[t1b][ep0 4200/4809] L=9.633 2.4it/s eta_ep=4m
[t1b][ep0 4400/4809] L=12.369 2.4it/s eta_ep=3m
[t1b][ep0 4600/4809] L=14.959 2.4it/s eta_ep=1m
[t1b][ep0 4800/4809] L=14.808 2.4it/s eta_ep=0m
Accumulating evaluation results...
DONE (t=4.37s).
[t1b][ep0] val mAP=0.7215
[t1b][ep1 0/4809] L=13.189 2.3it/s eta_ep=35m
[t1b][ep1 200/4809] L=9.261 2.4it/s eta_ep=32m
[t1b][ep1 400/4809] L=13.888 2.4it/s eta_ep=31m
[t1b][ep1 600/4809] L=15.331 2.4it/s eta_ep=30m
[t1b][ep1 800/4809] L=20.420 2.4it/s eta_ep=28m
[t1b][ep1 1000/4809] L=12.053 2.4it/s eta_ep=27m
[t1b][ep1 1200/4809] L=19.380 2.4it/s eta_ep=25m
[t1b][ep1 1400/4809] L=15.611 2.4it/s eta_ep=24m
[t1b][ep1 1600/4809] L=14.438 2.4it/s eta_ep=22m
[t1b][ep1 1800/4809] L=16.892 2.4it/s eta_ep=21m
[t1b][ep1 2000/4809] L=9.115 2.4it/s eta_ep=20m
[t1b][ep1 2200/4809] L=17.110 2.4it/s eta_ep=18m
[t1b][ep1 2400/4809] L=17.281 2.4it/s eta_ep=17m
[t1b][ep1 2600/4809] L=13.620 2.4it/s eta_ep=15m
[t1b][ep1 2800/4809] L=9.001 2.4it/s eta_ep=14m
[t1b][ep1 3000/4809] L=9.317 2.4it/s eta_ep=13m
[t1b][ep1 3200/4809] L=15.278 2.4it/s eta_ep=11m
[t1b][ep1 3400/4809] L=21.687 2.4it/s eta_ep=10m
[t1b][ep1 3600/4809] L=13.070 2.4it/s eta_ep=8m
[t1b][ep1 3800/4809] L=15.916 2.4it/s eta_ep=7m
[t1b][ep1 4000/4809] L=16.024 2.4it/s eta_ep=6m
[t1b][ep1 4200/4809] L=12.739 2.4it/s eta_ep=4m
[t1b][ep1 4400/4809] L=16.883 2.4it/s eta_ep=3m
[t1b][ep1 4600/4809] L=18.888 2.4it/s eta_ep=1m
[t1b][ep1 4800/4809] L=12.451 2.4it/s eta_ep=0m
Accumulating evaluation results...
DONE (t=4.35s).
[t1b][ep1] val mAP=0.7214
[t1b][ep2 0/4809] L=19.059 1.9it/s eta_ep=42m
[t1b][ep2 200/4809] L=11.643 2.3it/s eta_ep=33m
[t1b][ep2 400/4809] L=19.811 2.3it/s eta_ep=31m
[t1b][ep2 600/4809] L=15.097 2.4it/s eta_ep=30m
[t1b][ep2 800/4809] L=15.042 2.4it/s eta_ep=28m
[t1b][ep2 1000/4809] L=12.974 2.4it/s eta_ep=27m
[t1b][ep2 1200/4809] L=13.917 2.4it/s eta_ep=25m
[t1b][ep2 1400/4809] L=14.393 2.4it/s eta_ep=24m
[t1b][ep2 1600/4809] L=10.160 2.4it/s eta_ep=23m
[t1b][ep2 1800/4809] L=10.069 2.4it/s eta_ep=21m
[t1b][ep2 2000/4809] L=19.592 2.4it/s eta_ep=20m
[t1b][ep2 2200/4809] L=12.346 2.4it/s eta_ep=18m
[t1b][ep2 2400/4809] L=16.935 2.4it/s eta_ep=17m
[t1b][ep2 2600/4809] L=15.403 2.4it/s eta_ep=16m
[t1b][ep2 2800/4809] L=19.114 2.4it/s eta_ep=14m
[t1b][ep2 3000/4809] L=13.236 2.4it/s eta_ep=13m
[t1b][ep2 3200/4809] L=14.416 2.4it/s eta_ep=11m
[t1b][ep2 3400/4809] L=24.273 2.4it/s eta_ep=10m
[t1b][ep2 3600/4809] L=17.250 2.4it/s eta_ep=9m
[t1b][ep2 3800/4809] L=58.021 2.4it/s eta_ep=7m
[t1b][ep2 4000/4809] L=16.798 2.4it/s eta_ep=6m
[t1b][ep2 4200/4809] L=19.236 2.4it/s eta_ep=4m
[t1b][ep2 4400/4809] L=7.260 2.4it/s eta_ep=3m
[t1b][ep2 4600/4809] L=11.062 2.4it/s eta_ep=1m
[t1b][ep2 4800/4809] L=20.795 2.4it/s eta_ep=0m
Accumulating evaluation results...
DONE (t=3.97s).
[t1b][ep2] val mAP=0.7217
[t1b][ep3 0/4809] L=16.711 2.1it/s eta_ep=37m
[t1b][ep3 200/4809] L=9.060 2.4it/s eta_ep=33m
[t1b][ep3 400/4809] L=15.501 2.3it/s eta_ep=31m
[t1b][ep3 600/4809] L=21.285 2.3it/s eta_ep=30m
[t1b][ep3 800/4809] L=19.144 2.3it/s eta_ep=29m
[t1b][ep3 1000/4809] L=14.411 2.3it/s eta_ep=27m
[t1b][ep3 1200/4809] L=9.286 2.3it/s eta_ep=26m
[t1b][ep3 1400/4809] L=15.458 2.3it/s eta_ep=24m
[t1b][ep3 1600/4809] L=20.167 2.3it/s eta_ep=23m
[t1b][ep3 1800/4809] L=14.673 2.3it/s eta_ep=21m
[t1b][ep3 2000/4809] L=9.001 2.3it/s eta_ep=20m
[t1b][ep3 2200/4809] L=15.984 2.3it/s eta_ep=19m
[t1b][ep3 2400/4809] L=14.903 2.3it/s eta_ep=17m
[t1b][ep3 2600/4809] L=19.939 2.3it/s eta_ep=16m
[t1b][ep3 2800/4809] L=16.700 2.4it/s eta_ep=14m
[t1b][ep3 3000/4809] L=9.873 2.4it/s eta_ep=13m
[t1b][ep3 3200/4809] L=14.776 2.4it/s eta_ep=11m
[t1b][ep3 3400/4809] L=18.314 2.4it/s eta_ep=10m
[t1b][ep3 3600/4809] L=27.577 2.4it/s eta_ep=9m
[t1b][ep3 3800/4809] L=9.722 2.4it/s eta_ep=7m
[t1b][ep3 4000/4809] L=19.634 2.4it/s eta_ep=6m
[t1b][ep3 4200/4809] L=9.431 2.3it/s eta_ep=4m
[t1b][ep3 4400/4809] L=20.599 2.3it/s eta_ep=3m
[t1b][ep3 4600/4809] L=23.180 2.3it/s eta_ep=1m
[t1b][ep3 4800/4809] L=14.745 2.3it/s eta_ep=0m
Accumulating evaluation results...
DONE (t=4.03s).
[t1b][ep3] val mAP=0.7219
[t1b][ep4 0/4809] L=16.429 2.0it/s eta_ep=41m
[t1b][ep4 200/4809] L=9.212 2.3it/s eta_ep=33m
[t1b][ep4 400/4809] L=11.784 2.3it/s eta_ep=31m
[t1b][ep4 600/4809] L=18.348 2.3it/s eta_ep=30m
[t1b][ep4 800/4809] L=21.594 2.3it/s eta_ep=29m
[t1b][ep4 1000/4809] L=17.432 2.3it/s eta_ep=27m
[t1b][ep4 1200/4809] L=22.067 2.3it/s eta_ep=26m
[t1b][ep4 1400/4809] L=18.429 2.3it/s eta_ep=24m
[t1b][ep4 1600/4809] L=12.807 2.3it/s eta_ep=23m
[t1b][ep4 1800/4809] L=12.617 2.3it/s eta_ep=22m
[t1b][ep4 2000/4809] L=12.544 2.3it/s eta_ep=20m
[t1b][ep4 2200/4809] L=13.963 2.3it/s eta_ep=19m
[t1b][ep4 2400/4809] L=11.762 2.3it/s eta_ep=17m
[t1b][ep4 2600/4809] L=14.847 2.3it/s eta_ep=16m
[t1b][ep4 2800/4809] L=5.112 2.3it/s eta_ep=14m
[t1b][ep4 3000/4809] L=12.215 2.3it/s eta_ep=13m
[t1b][ep4 3200/4809] L=25.969 2.3it/s eta_ep=12m
[t1b][ep4 3400/4809] L=6.850 2.3it/s eta_ep=10m
[t1b][ep4 3600/4809] L=18.621 2.3it/s eta_ep=9m
[t1b][ep4 3800/4809] L=17.266 2.3it/s eta_ep=7m
[t1b][ep4 4000/4809] L=10.853 2.3it/s eta_ep=6m
[t1b][ep4 4200/4809] L=14.504 2.3it/s eta_ep=4m
[t1b][ep4 4400/4809] L=12.421 2.3it/s eta_ep=3m
[t1b][ep4 4600/4809] L=22.114 2.3it/s eta_ep=2m
[t1b][ep4 4800/4809] L=16.326 2.3it/s eta_ep=0m
Accumulating evaluation results...
DONE (t=4.58s).
[t1b][ep4] val mAP=0.7214
[t1b][ep5 0/4809] L=15.900 1.8it/s eta_ep=44m
[t1b][ep5 200/4809] L=12.624 2.3it/s eta_ep=34m
[t1b][ep5 400/4809] L=20.882 2.3it/s eta_ep=32m
[t1b][ep5 600/4809] L=17.672 2.3it/s eta_ep=31m
[t1b][ep5 800/4809] L=18.018 2.3it/s eta_ep=29m
[t1b][ep5 1000/4809] L=13.047 2.3it/s eta_ep=28m
[t1b][ep5 1200/4809] L=17.516 2.3it/s eta_ep=26m
[t1b][ep5 1400/4809] L=19.300 2.3it/s eta_ep=25m
[t1b][ep5 1600/4809] L=26.173 2.3it/s eta_ep=23m
[t1b][ep5 1800/4809] L=10.596 2.3it/s eta_ep=22m
[t1b][ep5 2000/4809] L=9.018 2.3it/s eta_ep=21m
[t1b][ep5 2200/4809] L=13.172 2.3it/s eta_ep=19m
[t1b][ep5 2400/4809] L=12.979 2.3it/s eta_ep=18m
[t1b][ep5 2600/4809] L=28.268 2.3it/s eta_ep=16m
[t1b][ep5 2800/4809] L=18.622 2.3it/s eta_ep=15m
[t1b][ep5 3000/4809] L=23.675 2.3it/s eta_ep=13m
[t1b][ep5 3200/4809] L=16.294 2.3it/s eta_ep=12m
[t1b][ep5 3400/4809] L=16.014 2.3it/s eta_ep=10m
[t1b][ep5 3600/4809] L=13.393 2.3it/s eta_ep=9m
[t1b][ep5 3800/4809] L=16.340 2.3it/s eta_ep=7m
[t1b][ep5 4000/4809] L=17.816 2.3it/s eta_ep=6m
[t1b][ep5 4200/4809] L=16.385 2.3it/s eta_ep=4m
[t1b][ep5 4400/4809] L=13.520 2.3it/s eta_ep=3m
[t1b][ep5 4600/4809] L=15.703 2.3it/s eta_ep=2m
[t1b][ep5 4800/4809] L=14.594 2.3it/s eta_ep=0m
Accumulating evaluation results...
DONE (t=4.31s).
[t1b][ep5] val mAP=0.7218
[t1b] DONE best@ep3 mAP=0.7219 (init 0.7217) -> /tmp/oracle_phase_ctrl_seed456
