# train.log から引用に要る行だけを抜いた要約。
# 元の train.log は 1.6〜1.9 MB あり step ごとの損失行が大半のため版管理へ入れない。
# 抜いた行: 各 epoch の先頭（lr）・COCO 評価の全 12 行・Training time・開始と保存の告知・異常語。
Using [0, 0.5, 0.6299605249474365, 0.7937005259840997, 1.0, 1.259921049894873, 1.5874010519681991, 2.0, inf] as bins for aspect ratio quantization
Using [0, 0.5, 0.6299605249474365, 0.7937005259840997, 1.0, 1.259921049894873, 1.5874010519681991, 2.0, inf] as bins for aspect ratio quantization
[2026-09-18 06:16:47 det.__main__]: [RANK 0] load pretrained from /home/ubuntu/slocal2/m2/data/external/weights/relation_detr_resnet50_800_1333_coco_1x.pth
[2026-09-18 06:16:48 det.__main__]: [RANK 0] Start training
[2026-09-18 06:16:51 det.util.engine]: Epoch: [0]  [0/2405]  eta: 1:26:21  lr: 0.000000  data_time: 0.0095  iter_time: 2.1544  loss: 81.3802 (81.3802)  loss_class: 2.2588 (2.2588)  loss_bbox: 0.7409 (
[2026-09-18 06:52:44 det.__main__]: [RANK 0] Start evaluation
 Average Precision  (AP) @[ IoU=0.50:0.95 | area=   all | maxDets=100 ] = 0.605
 Average Precision  (AP) @[ IoU=0.50      | area=   all | maxDets=100 ] = 0.722
 Average Precision  (AP) @[ IoU=0.75      | area=   all | maxDets=100 ] = 0.660
 Average Precision  (AP) @[ IoU=0.50:0.95 | area= small | maxDets=100 ] = 0.006
 Average Precision  (AP) @[ IoU=0.50:0.95 | area=medium | maxDets=100 ] = 0.210
 Average Precision  (AP) @[ IoU=0.50:0.95 | area= large | maxDets=100 ] = 0.613
 Average Recall     (AR) @[ IoU=0.50:0.95 | area=   all | maxDets=  1 ] = 0.695
 Average Recall     (AR) @[ IoU=0.50:0.95 | area=   all | maxDets= 10 ] = 0.832
 Average Recall     (AR) @[ IoU=0.50:0.95 | area=   all | maxDets=100 ] = 0.860
 Average Recall     (AR) @[ IoU=0.50:0.95 | area= small | maxDets=100 ] = 0.050
 Average Recall     (AR) @[ IoU=0.50:0.95 | area=medium | maxDets=100 ] = 0.538
 Average Recall     (AR) @[ IoU=0.50:0.95 | area= large | maxDets=100 ] = 0.867
[2026-09-18 06:54:49 det.util.utils]: [RANK 0] the best ap model is saved to /home/ubuntu/slocal2/m2/experiments/baselines/stage1_dtower/dcoco_foldA_seed456/work/best_ap.pth
[2026-09-18 06:54:51 det.util.engine]: Epoch: [1]  [0/2405]  eta: 0:42:12  lr: 0.000100  data_time: 0.0047  iter_time: 1.0528  loss: 18.8335 (18.8335)  loss_class: 0.4677 (0.4677)  loss_bbox: 0.1215 (
[2026-09-18 07:31:46 det.__main__]: [RANK 0] Start evaluation
 Average Precision  (AP) @[ IoU=0.50:0.95 | area=   all | maxDets=100 ] = 0.663
 Average Precision  (AP) @[ IoU=0.50      | area=   all | maxDets=100 ] = 0.794
 Average Precision  (AP) @[ IoU=0.75      | area=   all | maxDets=100 ] = 0.716
 Average Precision  (AP) @[ IoU=0.50:0.95 | area= small | maxDets=100 ] = 0.015
 Average Precision  (AP) @[ IoU=0.50:0.95 | area=medium | maxDets=100 ] = 0.243
 Average Precision  (AP) @[ IoU=0.50:0.95 | area= large | maxDets=100 ] = 0.671
 Average Recall     (AR) @[ IoU=0.50:0.95 | area=   all | maxDets=  1 ] = 0.720
 Average Recall     (AR) @[ IoU=0.50:0.95 | area=   all | maxDets= 10 ] = 0.837
 Average Recall     (AR) @[ IoU=0.50:0.95 | area=   all | maxDets=100 ] = 0.863
 Average Recall     (AR) @[ IoU=0.50:0.95 | area= small | maxDets=100 ] = 0.100
 Average Recall     (AR) @[ IoU=0.50:0.95 | area=medium | maxDets=100 ] = 0.541
 Average Recall     (AR) @[ IoU=0.50:0.95 | area= large | maxDets=100 ] = 0.872
[2026-09-18 07:33:57 det.util.utils]: [RANK 0] the best ap model is saved to /home/ubuntu/slocal2/m2/experiments/baselines/stage1_dtower/dcoco_foldA_seed456/work/best_ap.pth
[2026-09-18 07:33:59 det.util.engine]: Epoch: [2]  [0/2405]  eta: 0:38:10  lr: 0.000100  data_time: 0.0093  iter_time: 0.9524  loss: 21.6585 (21.6585)  loss_class: 0.6777 (0.6777)  loss_bbox: 0.1607 (
[2026-09-18 08:10:53 det.__main__]: [RANK 0] Start evaluation
 Average Precision  (AP) @[ IoU=0.50:0.95 | area=   all | maxDets=100 ] = 0.679
 Average Precision  (AP) @[ IoU=0.50      | area=   all | maxDets=100 ] = 0.819
 Average Precision  (AP) @[ IoU=0.75      | area=   all | maxDets=100 ] = 0.734
 Average Precision  (AP) @[ IoU=0.50:0.95 | area= small | maxDets=100 ] = 0.005
 Average Precision  (AP) @[ IoU=0.50:0.95 | area=medium | maxDets=100 ] = 0.257
 Average Precision  (AP) @[ IoU=0.50:0.95 | area= large | maxDets=100 ] = 0.689
 Average Recall     (AR) @[ IoU=0.50:0.95 | area=   all | maxDets=  1 ] = 0.726
 Average Recall     (AR) @[ IoU=0.50:0.95 | area=   all | maxDets= 10 ] = 0.835
 Average Recall     (AR) @[ IoU=0.50:0.95 | area=   all | maxDets=100 ] = 0.855
 Average Recall     (AR) @[ IoU=0.50:0.95 | area= small | maxDets=100 ] = 0.025
 Average Recall     (AR) @[ IoU=0.50:0.95 | area=medium | maxDets=100 ] = 0.594
 Average Recall     (AR) @[ IoU=0.50:0.95 | area= large | maxDets=100 ] = 0.863
[2026-09-18 08:13:12 det.util.utils]: [RANK 0] the best ap model is saved to /home/ubuntu/slocal2/m2/experiments/baselines/stage1_dtower/dcoco_foldA_seed456/work/best_ap.pth
[2026-09-18 08:13:14 det.util.engine]: Epoch: [3]  [0/2405]  eta: 0:43:00  lr: 0.000100  data_time: 0.0052  iter_time: 1.0729  loss: 26.7846 (26.7846)  loss_class: 0.6689 (0.6689)  loss_bbox: 0.3205 (
[2026-09-18 08:50:11 det.__main__]: [RANK 0] Start evaluation
 Average Precision  (AP) @[ IoU=0.50:0.95 | area=   all | maxDets=100 ] = 0.681
 Average Precision  (AP) @[ IoU=0.50      | area=   all | maxDets=100 ] = 0.807
 Average Precision  (AP) @[ IoU=0.75      | area=   all | maxDets=100 ] = 0.734
 Average Precision  (AP) @[ IoU=0.50:0.95 | area= small | maxDets=100 ] = 0.019
 Average Precision  (AP) @[ IoU=0.50:0.95 | area=medium | maxDets=100 ] = 0.242
 Average Precision  (AP) @[ IoU=0.50:0.95 | area= large | maxDets=100 ] = 0.691
 Average Recall     (AR) @[ IoU=0.50:0.95 | area=   all | maxDets=  1 ] = 0.742
 Average Recall     (AR) @[ IoU=0.50:0.95 | area=   all | maxDets= 10 ] = 0.840
 Average Recall     (AR) @[ IoU=0.50:0.95 | area=   all | maxDets=100 ] = 0.861
 Average Recall     (AR) @[ IoU=0.50:0.95 | area= small | maxDets=100 ] = 0.225
 Average Recall     (AR) @[ IoU=0.50:0.95 | area=medium | maxDets=100 ] = 0.553
 Average Recall     (AR) @[ IoU=0.50:0.95 | area= large | maxDets=100 ] = 0.869
[2026-09-18 08:52:32 det.util.utils]: [RANK 0] the best ap model is saved to /home/ubuntu/slocal2/m2/experiments/baselines/stage1_dtower/dcoco_foldA_seed456/work/best_ap.pth
[2026-09-18 08:52:34 det.util.engine]: Epoch: [4]  [0/2405]  eta: 0:41:32  lr: 0.000100  data_time: 0.0203  iter_time: 1.0364  loss: 17.9132 (17.9132)  loss_class: 0.4626 (0.4626)  loss_bbox: 0.1480 (
[2026-09-18 09:29:32 det.__main__]: [RANK 0] Start evaluation
 Average Precision  (AP) @[ IoU=0.50:0.95 | area=   all | maxDets=100 ] = 0.708
 Average Precision  (AP) @[ IoU=0.50      | area=   all | maxDets=100 ] = 0.838
 Average Precision  (AP) @[ IoU=0.75      | area=   all | maxDets=100 ] = 0.761
 Average Precision  (AP) @[ IoU=0.50:0.95 | area= small | maxDets=100 ] = 0.000
 Average Precision  (AP) @[ IoU=0.50:0.95 | area=medium | maxDets=100 ] = 0.248
 Average Precision  (AP) @[ IoU=0.50:0.95 | area= large | maxDets=100 ] = 0.718
 Average Recall     (AR) @[ IoU=0.50:0.95 | area=   all | maxDets=  1 ] = 0.741
 Average Recall     (AR) @[ IoU=0.50:0.95 | area=   all | maxDets= 10 ] = 0.841
 Average Recall     (AR) @[ IoU=0.50:0.95 | area=   all | maxDets=100 ] = 0.855
 Average Recall     (AR) @[ IoU=0.50:0.95 | area= small | maxDets=100 ] = 0.000
 Average Recall     (AR) @[ IoU=0.50:0.95 | area=medium | maxDets=100 ] = 0.538
 Average Recall     (AR) @[ IoU=0.50:0.95 | area= large | maxDets=100 ] = 0.864
[2026-09-18 09:31:54 det.util.utils]: [RANK 0] the best ap model is saved to /home/ubuntu/slocal2/m2/experiments/baselines/stage1_dtower/dcoco_foldA_seed456/work/best_ap.pth
[2026-09-18 09:31:56 det.util.engine]: Epoch: [5]  [0/2405]  eta: 0:41:15  lr: 0.000100  data_time: 0.0205  iter_time: 1.0293  loss: 19.4808 (19.4808)  loss_class: 0.4884 (0.4884)  loss_bbox: 0.2115 (
[2026-09-18 10:08:52 det.__main__]: [RANK 0] Start evaluation
 Average Precision  (AP) @[ IoU=0.50:0.95 | area=   all | maxDets=100 ] = 0.700
 Average Precision  (AP) @[ IoU=0.50      | area=   all | maxDets=100 ] = 0.835
 Average Precision  (AP) @[ IoU=0.75      | area=   all | maxDets=100 ] = 0.754
 Average Precision  (AP) @[ IoU=0.50:0.95 | area= small | maxDets=100 ] = 0.013
 Average Precision  (AP) @[ IoU=0.50:0.95 | area=medium | maxDets=100 ] = 0.228
 Average Precision  (AP) @[ IoU=0.50:0.95 | area= large | maxDets=100 ] = 0.711
 Average Recall     (AR) @[ IoU=0.50:0.95 | area=   all | maxDets=  1 ] = 0.737
 Average Recall     (AR) @[ IoU=0.50:0.95 | area=   all | maxDets= 10 ] = 0.839
 Average Recall     (AR) @[ IoU=0.50:0.95 | area=   all | maxDets=100 ] = 0.858
 Average Recall     (AR) @[ IoU=0.50:0.95 | area= small | maxDets=100 ] = 0.025
 Average Recall     (AR) @[ IoU=0.50:0.95 | area=medium | maxDets=100 ] = 0.534
 Average Recall     (AR) @[ IoU=0.50:0.95 | area= large | maxDets=100 ] = 0.867
[2026-09-18 10:11:20 det.util.engine]: Epoch: [6]  [0/2405]  eta: 0:58:35  lr: 0.000100  data_time: 0.0033  iter_time: 1.4616  loss: 20.6329 (20.6329)  loss_class: 0.2864 (0.2864)  loss_bbox: 0.2735 (
[2026-09-18 10:48:33 det.__main__]: [RANK 0] Start evaluation
 Average Precision  (AP) @[ IoU=0.50:0.95 | area=   all | maxDets=100 ] = 0.683
 Average Precision  (AP) @[ IoU=0.50      | area=   all | maxDets=100 ] = 0.813
 Average Precision  (AP) @[ IoU=0.75      | area=   all | maxDets=100 ] = 0.736
 Average Precision  (AP) @[ IoU=0.50:0.95 | area= small | maxDets=100 ] = 0.004
 Average Precision  (AP) @[ IoU=0.50:0.95 | area=medium | maxDets=100 ] = 0.234
 Average Precision  (AP) @[ IoU=0.50:0.95 | area= large | maxDets=100 ] = 0.693
 Average Recall     (AR) @[ IoU=0.50:0.95 | area=   all | maxDets=  1 ] = 0.733
 Average Recall     (AR) @[ IoU=0.50:0.95 | area=   all | maxDets= 10 ] = 0.832
 Average Recall     (AR) @[ IoU=0.50:0.95 | area=   all | maxDets=100 ] = 0.855
 Average Recall     (AR) @[ IoU=0.50:0.95 | area= small | maxDets=100 ] = 0.100
 Average Recall     (AR) @[ IoU=0.50:0.95 | area=medium | maxDets=100 ] = 0.553
 Average Recall     (AR) @[ IoU=0.50:0.95 | area= large | maxDets=100 ] = 0.863
[2026-09-18 10:51:01 det.util.engine]: Epoch: [7]  [0/2405]  eta: 0:39:50  lr: 0.000100  data_time: 0.0203  iter_time: 0.9940  loss: 19.2153 (19.2153)  loss_class: 0.4520 (0.4520)  loss_bbox: 0.2179 (
[2026-09-18 11:28:20 det.__main__]: [RANK 0] Start evaluation
 Average Precision  (AP) @[ IoU=0.50:0.95 | area=   all | maxDets=100 ] = 0.702
 Average Precision  (AP) @[ IoU=0.50      | area=   all | maxDets=100 ] = 0.831
 Average Precision  (AP) @[ IoU=0.75      | area=   all | maxDets=100 ] = 0.753
 Average Precision  (AP) @[ IoU=0.50:0.95 | area= small | maxDets=100 ] = 0.002
 Average Precision  (AP) @[ IoU=0.50:0.95 | area=medium | maxDets=100 ] = 0.231
 Average Precision  (AP) @[ IoU=0.50:0.95 | area= large | maxDets=100 ] = 0.711
 Average Recall     (AR) @[ IoU=0.50:0.95 | area=   all | maxDets=  1 ] = 0.743
 Average Recall     (AR) @[ IoU=0.50:0.95 | area=   all | maxDets= 10 ] = 0.831
 Average Recall     (AR) @[ IoU=0.50:0.95 | area=   all | maxDets=100 ] = 0.856
 Average Recall     (AR) @[ IoU=0.50:0.95 | area= small | maxDets=100 ] = 0.075
 Average Recall     (AR) @[ IoU=0.50:0.95 | area=medium | maxDets=100 ] = 0.560
 Average Recall     (AR) @[ IoU=0.50:0.95 | area= large | maxDets=100 ] = 0.864
[2026-09-18 11:30:45 det.util.engine]: Epoch: [8]  [0/2405]  eta: 0:35:34  lr: 0.000100  data_time: 0.0024  iter_time: 0.8875  loss: 15.6078 (15.6078)  loss_class: 0.3223 (0.3223)  loss_bbox: 0.1926 (
[2026-09-18 12:08:17 det.__main__]: [RANK 0] Start evaluation
 Average Precision  (AP) @[ IoU=0.50:0.95 | area=   all | maxDets=100 ] = 0.687
 Average Precision  (AP) @[ IoU=0.50      | area=   all | maxDets=100 ] = 0.814
 Average Precision  (AP) @[ IoU=0.75      | area=   all | maxDets=100 ] = 0.745
 Average Precision  (AP) @[ IoU=0.50:0.95 | area= small | maxDets=100 ] = 0.000
 Average Precision  (AP) @[ IoU=0.50:0.95 | area=medium | maxDets=100 ] = 0.291
 Average Precision  (AP) @[ IoU=0.50:0.95 | area= large | maxDets=100 ] = 0.696
 Average Recall     (AR) @[ IoU=0.50:0.95 | area=   all | maxDets=  1 ] = 0.736
 Average Recall     (AR) @[ IoU=0.50:0.95 | area=   all | maxDets= 10 ] = 0.837
 Average Recall     (AR) @[ IoU=0.50:0.95 | area=   all | maxDets=100 ] = 0.858
 Average Recall     (AR) @[ IoU=0.50:0.95 | area= small | maxDets=100 ] = 0.025
 Average Recall     (AR) @[ IoU=0.50:0.95 | area=medium | maxDets=100 ] = 0.518
 Average Recall     (AR) @[ IoU=0.50:0.95 | area= large | maxDets=100 ] = 0.867
[2026-09-18 12:10:43 det.util.engine]: Epoch: [9]  [0/2405]  eta: 0:38:11  lr: 0.000100  data_time: 0.0052  iter_time: 0.9530  loss: 19.8637 (19.8637)  loss_class: 0.4463 (0.4463)  loss_bbox: 0.2098 (
[2026-09-18 12:48:21 det.__main__]: [RANK 0] Start evaluation
 Average Precision  (AP) @[ IoU=0.50:0.95 | area=   all | maxDets=100 ] = 0.695
 Average Precision  (AP) @[ IoU=0.50      | area=   all | maxDets=100 ] = 0.828
 Average Precision  (AP) @[ IoU=0.75      | area=   all | maxDets=100 ] = 0.757
 Average Precision  (AP) @[ IoU=0.50:0.95 | area= small | maxDets=100 ] = 0.001
 Average Precision  (AP) @[ IoU=0.50:0.95 | area=medium | maxDets=100 ] = 0.265
 Average Precision  (AP) @[ IoU=0.50:0.95 | area= large | maxDets=100 ] = 0.705
 Average Recall     (AR) @[ IoU=0.50:0.95 | area=   all | maxDets=  1 ] = 0.729
 Average Recall     (AR) @[ IoU=0.50:0.95 | area=   all | maxDets= 10 ] = 0.833
 Average Recall     (AR) @[ IoU=0.50:0.95 | area=   all | maxDets=100 ] = 0.851
 Average Recall     (AR) @[ IoU=0.50:0.95 | area= small | maxDets=100 ] = 0.050
 Average Recall     (AR) @[ IoU=0.50:0.95 | area=medium | maxDets=100 ] = 0.529
 Average Recall     (AR) @[ IoU=0.50:0.95 | area= large | maxDets=100 ] = 0.858
[2026-09-18 12:50:46 det.util.engine]: Epoch: [10]  [0/2405]  eta: 0:43:49  lr: 0.000010  data_time: 0.0029  iter_time: 1.0935  loss: 18.3615 (18.3615)  loss_class: 0.4236 (0.4236)  loss_bbox: 0.1834 
[2026-09-18 13:28:41 det.__main__]: [RANK 0] Start evaluation
 Average Precision  (AP) @[ IoU=0.50:0.95 | area=   all | maxDets=100 ] = 0.720
 Average Precision  (AP) @[ IoU=0.50      | area=   all | maxDets=100 ] = 0.844
 Average Precision  (AP) @[ IoU=0.75      | area=   all | maxDets=100 ] = 0.773
 Average Precision  (AP) @[ IoU=0.50:0.95 | area= small | maxDets=100 ] = 0.000
 Average Precision  (AP) @[ IoU=0.50:0.95 | area=medium | maxDets=100 ] = 0.255
 Average Precision  (AP) @[ IoU=0.50:0.95 | area= large | maxDets=100 ] = 0.729
 Average Recall     (AR) @[ IoU=0.50:0.95 | area=   all | maxDets=  1 ] = 0.748
 Average Recall     (AR) @[ IoU=0.50:0.95 | area=   all | maxDets= 10 ] = 0.844
 Average Recall     (AR) @[ IoU=0.50:0.95 | area=   all | maxDets=100 ] = 0.859
 Average Recall     (AR) @[ IoU=0.50:0.95 | area= small | maxDets=100 ] = 0.000
 Average Recall     (AR) @[ IoU=0.50:0.95 | area=medium | maxDets=100 ] = 0.520
 Average Recall     (AR) @[ IoU=0.50:0.95 | area= large | maxDets=100 ] = 0.868
[2026-09-18 13:31:07 det.util.utils]: [RANK 0] the best ap model is saved to /home/ubuntu/slocal2/m2/experiments/baselines/stage1_dtower/dcoco_foldA_seed456/work/best_ap.pth
[2026-09-18 13:31:09 det.util.engine]: Epoch: [11]  [0/2405]  eta: 0:44:41  lr: 0.000010  data_time: 0.0040  iter_time: 1.1148  loss: 10.8298 (10.8298)  loss_class: 0.2669 (0.2669)  loss_bbox: 0.0982 
[2026-09-18 14:08:44 det.__main__]: [RANK 0] Start evaluation
 Average Precision  (AP) @[ IoU=0.50:0.95 | area=   all | maxDets=100 ] = 0.721
 Average Precision  (AP) @[ IoU=0.50      | area=   all | maxDets=100 ] = 0.843
 Average Precision  (AP) @[ IoU=0.75      | area=   all | maxDets=100 ] = 0.773
 Average Precision  (AP) @[ IoU=0.50:0.95 | area= small | maxDets=100 ] = 0.000
 Average Precision  (AP) @[ IoU=0.50:0.95 | area=medium | maxDets=100 ] = 0.243
 Average Precision  (AP) @[ IoU=0.50:0.95 | area= large | maxDets=100 ] = 0.731
 Average Recall     (AR) @[ IoU=0.50:0.95 | area=   all | maxDets=  1 ] = 0.748
 Average Recall     (AR) @[ IoU=0.50:0.95 | area=   all | maxDets= 10 ] = 0.842
 Average Recall     (AR) @[ IoU=0.50:0.95 | area=   all | maxDets=100 ] = 0.859
 Average Recall     (AR) @[ IoU=0.50:0.95 | area= small | maxDets=100 ] = 0.000
 Average Recall     (AR) @[ IoU=0.50:0.95 | area=medium | maxDets=100 ] = 0.506
 Average Recall     (AR) @[ IoU=0.50:0.95 | area= large | maxDets=100 ] = 0.867
[2026-09-18 14:11:09 det.util.utils]: [RANK 0] the best ap model is saved to /home/ubuntu/slocal2/m2/experiments/baselines/stage1_dtower/dcoco_foldA_seed456/work/best_ap.pth
[2026-09-18 14:11:09 det.__main__]: [RANK 0] Training time: 7:54:21
