[grasp-phase-variants][ctrl:zeros][1/50] phase_loss=3.689070 val_acc=0.367657
[grasp-phase-variants][ctrl:zeros][2/50] phase_loss=2.886032 val_acc=0.335314
[grasp-phase-variants][ctrl:zeros][3/50] phase_loss=2.752929 val_acc=0.367657
[grasp-phase-variants][ctrl:zeros][4/50] phase_loss=2.591747 val_acc=0.448845
[grasp-phase-variants][ctrl:zeros][5/50] phase_loss=2.606035 val_acc=0.475908
[grasp-phase-variants][ctrl:zeros][6/50] phase_loss=2.308882 val_acc=0.668647
[grasp-phase-variants][ctrl:zeros][7/50] phase_loss=1.990331 val_acc=0.518812
[grasp-phase-variants][ctrl:zeros][8/50] phase_loss=1.694917 val_acc=0.499670
[grasp-phase-variants][ctrl:zeros][9/50] phase_loss=1.622499 val_acc=0.539934
[grasp-phase-variants][ctrl:zeros][10/50] phase_loss=1.557935 val_acc=0.673267
[grasp-phase-variants][ctrl:zeros][11/50] phase_loss=1.489562 val_acc=0.600660
[grasp-phase-variants][ctrl:zeros][12/50] phase_loss=1.343086 val_acc=0.580858
[grasp-phase-variants][ctrl:zeros][13/50] phase_loss=1.278619 val_acc=0.749175
[grasp-phase-variants][ctrl:zeros][14/50] phase_loss=1.169597 val_acc=0.738614
[grasp-phase-variants][ctrl:zeros][15/50] phase_loss=1.087938 val_acc=0.743894
[grasp-phase-variants][ctrl:zeros][16/50] phase_loss=1.028783 val_acc=0.732013
[grasp-phase-variants][ctrl:zeros][17/50] phase_loss=0.989985 val_acc=0.729373
[grasp-phase-variants][ctrl:zeros][18/50] phase_loss=0.915059 val_acc=0.810561
[grasp-phase-variants][ctrl:zeros][19/50] phase_loss=0.836260 val_acc=0.837624
[grasp-phase-variants][ctrl:zeros][20/50] phase_loss=0.804379 val_acc=0.864026
[grasp-phase-variants][ctrl:zeros][21/50] phase_loss=0.760572 val_acc=0.867327
[grasp-phase-variants][ctrl:zeros][22/50] phase_loss=0.739852 val_acc=0.892409
[grasp-phase-variants][ctrl:zeros][23/50] phase_loss=0.765401 val_acc=0.795380
[grasp-phase-variants][ctrl:zeros][24/50] phase_loss=0.793707 val_acc=0.853465
[grasp-phase-variants][ctrl:zeros][25/50] phase_loss=0.710946 val_acc=0.844224
[grasp-phase-variants][ctrl:zeros][26/50] phase_loss=0.661164 val_acc=0.875908
[grasp-phase-variants][ctrl:zeros][27/50] phase_loss=0.696864 val_acc=0.786139
[grasp-phase-variants][ctrl:zeros][28/50] phase_loss=0.606540 val_acc=0.822442
[grasp-phase-variants][ctrl:zeros][29/50] phase_loss=0.620278 val_acc=0.825083
[grasp-phase-variants][ctrl:zeros][30/50] phase_loss=0.594461 val_acc=0.861386
[grasp-phase-variants][ctrl:zeros][31/50] phase_loss=0.528009 val_acc=0.879208
[grasp-phase-variants][ctrl:zeros][32/50] phase_loss=0.527229 val_acc=0.873267
[grasp-phase-variants][ctrl:zeros][33/50] phase_loss=0.472785 val_acc=0.885149
[grasp-phase-variants][ctrl:zeros][34/50] phase_loss=0.443052 val_acc=0.888449
[grasp-phase-variants][ctrl:zeros][35/50] phase_loss=0.438338 val_acc=0.865347
[grasp-phase-variants][ctrl:zeros][36/50] phase_loss=0.417674 val_acc=0.862046
[grasp-phase-variants][ctrl:zeros][37/50] phase_loss=0.418845 val_acc=0.887789
[grasp-phase-variants][ctrl:zeros][38/50] phase_loss=0.406169 val_acc=0.883828
[grasp-phase-variants][ctrl:zeros][39/50] phase_loss=0.412212 val_acc=0.894389
[grasp-phase-variants][ctrl:zeros][40/50] phase_loss=0.427460 val_acc=0.887789
[grasp-phase-variants][ctrl:zeros][41/50] phase_loss=0.410651 val_acc=0.881848
[grasp-phase-variants][ctrl:zeros][42/50] phase_loss=0.437332 val_acc=0.883168
[grasp-phase-variants][ctrl:zeros][43/50] phase_loss=0.394931 val_acc=0.881188
[grasp-phase-variants][ctrl:zeros][44/50] phase_loss=0.375276 val_acc=0.912871
[grasp-phase-variants][ctrl:zeros][45/50] phase_loss=0.355172 val_acc=0.866007
[grasp-phase-variants][ctrl:zeros][46/50] phase_loss=0.343396 val_acc=0.893069
[grasp-phase-variants][ctrl:zeros][47/50] phase_loss=0.339763 val_acc=0.893729
[grasp-phase-variants][ctrl:zeros][48/50] phase_loss=0.349686 val_acc=0.888449
[grasp-phase-variants][ctrl:zeros][49/50] phase_loss=0.395500 val_acc=0.847525
[grasp-phase-variants][ctrl:zeros][50/50] phase_loss=0.469940 val_acc=0.877228
{
  "task_id": "T-2026-08-15-injection-form-sweep",
  "arm": "ctrl",
  "signal": "zeros",
  "staged": false,
  "oracle_upper_bound_only_do_not_report": false,
  "completed": true,
  "epochs": 50,
  "device": "cuda",
  "train_clips": 13,
  "val_clips": 3,
  "elapsed_seconds": 7.028748813085258,
  "train/phase_loss": 0.3752760583391556,
  "train/grasp_loss": 0.3108443170785904,
  "phase_accuracy": 0.9128712871287129,
  "phase_macro_f1": 0.7010540586247531,
  "phase_jaccard": 0.6597500867776712,
  "phase_edit_score": 45.11111111111111,
  "phase_seg_f1_10": 0.5279263220439692,
  "phase_seg_f1_25": 0.4976232917409387,
  "phase_seg_f1_50": 0.4325609031491385,
  "grasp_accuracy_left_hand": 0.9848084656061553,
  "grasp_accuracy_right_hand": 0.9669749192706503,
  "grasp_accuracy_left_hand_tool": 0.9081902372474872,
  "grasp_accuracy_right_hand_tool": 0.8685601262309277,
  "grasp_accuracy_two_hands_tool": 0.8837516564516599,
  "epoch": 44
}
