[grasp-phase-variants][ctrl:zeros][1/50] phase_loss=3.689072 val_acc=0.367657
[grasp-phase-variants][ctrl:zeros][2/50] phase_loss=2.886023 val_acc=0.335314
[grasp-phase-variants][ctrl:zeros][3/50] phase_loss=2.752947 val_acc=0.367657
[grasp-phase-variants][ctrl:zeros][4/50] phase_loss=2.592343 val_acc=0.448845
[grasp-phase-variants][ctrl:zeros][5/50] phase_loss=2.606326 val_acc=0.475908
[grasp-phase-variants][ctrl:zeros][6/50] phase_loss=2.309091 val_acc=0.667327
[grasp-phase-variants][ctrl:zeros][7/50] phase_loss=1.989361 val_acc=0.518812
[grasp-phase-variants][ctrl:zeros][8/50] phase_loss=1.691644 val_acc=0.499670
[grasp-phase-variants][ctrl:zeros][9/50] phase_loss=1.645142 val_acc=0.519472
[grasp-phase-variants][ctrl:zeros][10/50] phase_loss=1.574793 val_acc=0.671947
[grasp-phase-variants][ctrl:zeros][11/50] phase_loss=1.482429 val_acc=0.609901
[grasp-phase-variants][ctrl:zeros][12/50] phase_loss=1.330924 val_acc=0.601320
[grasp-phase-variants][ctrl:zeros][13/50] phase_loss=1.256610 val_acc=0.735974
[grasp-phase-variants][ctrl:zeros][14/50] phase_loss=1.253154 val_acc=0.677228
[grasp-phase-variants][ctrl:zeros][15/50] phase_loss=1.171336 val_acc=0.715512
[grasp-phase-variants][ctrl:zeros][16/50] phase_loss=1.068559 val_acc=0.695710
[grasp-phase-variants][ctrl:zeros][17/50] phase_loss=1.015769 val_acc=0.710891
[grasp-phase-variants][ctrl:zeros][18/50] phase_loss=0.969395 val_acc=0.809241
[grasp-phase-variants][ctrl:zeros][19/50] phase_loss=0.958367 val_acc=0.841584
[grasp-phase-variants][ctrl:zeros][20/50] phase_loss=0.870038 val_acc=0.837624
[grasp-phase-variants][ctrl:zeros][21/50] phase_loss=0.847926 val_acc=0.817822
[grasp-phase-variants][ctrl:zeros][22/50] phase_loss=0.766620 val_acc=0.782838
[grasp-phase-variants][ctrl:zeros][23/50] phase_loss=0.728297 val_acc=0.842904
[grasp-phase-variants][ctrl:zeros][24/50] phase_loss=0.688219 val_acc=0.872607
[grasp-phase-variants][ctrl:zeros][25/50] phase_loss=0.648191 val_acc=0.883168
[grasp-phase-variants][ctrl:zeros][26/50] phase_loss=0.658902 val_acc=0.846205
[grasp-phase-variants][ctrl:zeros][27/50] phase_loss=0.641608 val_acc=0.797360
[grasp-phase-variants][ctrl:zeros][28/50] phase_loss=0.625397 val_acc=0.849505
[grasp-phase-variants][ctrl:zeros][29/50] phase_loss=0.593093 val_acc=0.794059
[grasp-phase-variants][ctrl:zeros][30/50] phase_loss=0.742698 val_acc=0.886469
[grasp-phase-variants][ctrl:zeros][31/50] phase_loss=0.604236 val_acc=0.857426
[grasp-phase-variants][ctrl:zeros][32/50] phase_loss=0.543058 val_acc=0.850165
[grasp-phase-variants][ctrl:zeros][33/50] phase_loss=0.499605 val_acc=0.850165
[grasp-phase-variants][ctrl:zeros][34/50] phase_loss=0.475738 val_acc=0.862706
[grasp-phase-variants][ctrl:zeros][35/50] phase_loss=0.495847 val_acc=0.885149
[grasp-phase-variants][ctrl:zeros][36/50] phase_loss=0.473333 val_acc=0.866667
[grasp-phase-variants][ctrl:zeros][37/50] phase_loss=0.445918 val_acc=0.860066
[grasp-phase-variants][ctrl:zeros][38/50] phase_loss=0.429941 val_acc=0.849505
[grasp-phase-variants][ctrl:zeros][39/50] phase_loss=0.436822 val_acc=0.876568
[grasp-phase-variants][ctrl:zeros][40/50] phase_loss=0.426069 val_acc=0.851485
[grasp-phase-variants][ctrl:zeros][41/50] phase_loss=0.423277 val_acc=0.856766
[grasp-phase-variants][ctrl:zeros][42/50] phase_loss=0.449600 val_acc=0.866007
[grasp-phase-variants][ctrl:zeros][43/50] phase_loss=0.419580 val_acc=0.864026
[grasp-phase-variants][ctrl:zeros][44/50] phase_loss=0.402046 val_acc=0.857426
[grasp-phase-variants][ctrl:zeros][45/50] phase_loss=0.387861 val_acc=0.895050
[grasp-phase-variants][ctrl:zeros][46/50] phase_loss=0.367730 val_acc=0.893729
[grasp-phase-variants][ctrl:zeros][47/50] phase_loss=0.351051 val_acc=0.864026
[grasp-phase-variants][ctrl:zeros][48/50] phase_loss=0.360941 val_acc=0.881848
[grasp-phase-variants][ctrl:zeros][49/50] phase_loss=0.343411 val_acc=0.904290
[grasp-phase-variants][ctrl:zeros][50/50] phase_loss=0.349875 val_acc=0.897030
{
  "task_id": "T-2026-08-15-injection-form-sweep",
  "arm": "ctrl",
  "signal": "zeros",
  "staged": false,
  "oracle_upper_bound_only_do_not_report": false,
  "completed": true,
  "epochs": 50,
  "device": "cuda",
  "train_clips": 13,
  "val_clips": 3,
  "elapsed_seconds": 6.652855466119945,
  "train/phase_loss": 0.34341055899858475,
  "train/grasp_loss": 0.3039000573066565,
  "phase_accuracy": 0.9042904290429042,
  "phase_macro_f1": 0.7279231830591542,
  "phase_jaccard": 0.6733916320547024,
  "phase_edit_score": 45.28735632183908,
  "phase_seg_f1_10": 0.5050505050505051,
  "phase_seg_f1_25": 0.4927048260381593,
  "phase_seg_f1_50": 0.4377104377104377,
  "grasp_accuracy_left_hand": 0.9848084656061553,
  "grasp_accuracy_right_hand": 0.9669749192706503,
  "grasp_accuracy_left_hand_tool": 0.9055482190855271,
  "grasp_accuracy_right_hand_tool": 0.8645971007202229,
  "grasp_accuracy_two_hands_tool": 0.8837516564516599,
  "epoch": 49
}
