[grasp-phase-variants][ctrl:zeros][1/50] phase_loss=3.689030 val_acc=0.367657
[grasp-phase-variants][ctrl:zeros][2/50] phase_loss=2.885985 val_acc=0.335314
[grasp-phase-variants][ctrl:zeros][3/50] phase_loss=2.752998 val_acc=0.367657
[grasp-phase-variants][ctrl:zeros][4/50] phase_loss=2.591159 val_acc=0.448845
[grasp-phase-variants][ctrl:zeros][5/50] phase_loss=2.607727 val_acc=0.475908
[grasp-phase-variants][ctrl:zeros][6/50] phase_loss=2.310334 val_acc=0.668647
[grasp-phase-variants][ctrl:zeros][7/50] phase_loss=1.987052 val_acc=0.516832
[grasp-phase-variants][ctrl:zeros][8/50] phase_loss=1.694201 val_acc=0.493729
[grasp-phase-variants][ctrl:zeros][9/50] phase_loss=1.634418 val_acc=0.531353
[grasp-phase-variants][ctrl:zeros][10/50] phase_loss=1.570688 val_acc=0.671947
[grasp-phase-variants][ctrl:zeros][11/50] phase_loss=1.486011 val_acc=0.604620
[grasp-phase-variants][ctrl:zeros][12/50] phase_loss=1.332749 val_acc=0.593399
[grasp-phase-variants][ctrl:zeros][13/50] phase_loss=1.256464 val_acc=0.724752
[grasp-phase-variants][ctrl:zeros][14/50] phase_loss=1.222803 val_acc=0.690429
[grasp-phase-variants][ctrl:zeros][15/50] phase_loss=1.155088 val_acc=0.723432
[grasp-phase-variants][ctrl:zeros][16/50] phase_loss=1.073586 val_acc=0.693729
[grasp-phase-variants][ctrl:zeros][17/50] phase_loss=1.022475 val_acc=0.700990
[grasp-phase-variants][ctrl:zeros][18/50] phase_loss=0.948789 val_acc=0.817822
[grasp-phase-variants][ctrl:zeros][19/50] phase_loss=0.920149 val_acc=0.834323
[grasp-phase-variants][ctrl:zeros][20/50] phase_loss=0.848358 val_acc=0.865347
[grasp-phase-variants][ctrl:zeros][21/50] phase_loss=0.827954 val_acc=0.839604
[grasp-phase-variants][ctrl:zeros][22/50] phase_loss=0.783566 val_acc=0.814521
[grasp-phase-variants][ctrl:zeros][23/50] phase_loss=0.729998 val_acc=0.839604
[grasp-phase-variants][ctrl:zeros][24/50] phase_loss=0.678039 val_acc=0.867327
[grasp-phase-variants][ctrl:zeros][25/50] phase_loss=0.639471 val_acc=0.872607
[grasp-phase-variants][ctrl:zeros][26/50] phase_loss=0.650083 val_acc=0.843564
[grasp-phase-variants][ctrl:zeros][27/50] phase_loss=0.592255 val_acc=0.832343
[grasp-phase-variants][ctrl:zeros][28/50] phase_loss=0.583216 val_acc=0.860726
[grasp-phase-variants][ctrl:zeros][29/50] phase_loss=0.550411 val_acc=0.865347
[grasp-phase-variants][ctrl:zeros][30/50] phase_loss=0.534634 val_acc=0.872607
[grasp-phase-variants][ctrl:zeros][31/50] phase_loss=0.497080 val_acc=0.866007
[grasp-phase-variants][ctrl:zeros][32/50] phase_loss=0.480473 val_acc=0.878548
[grasp-phase-variants][ctrl:zeros][33/50] phase_loss=0.455830 val_acc=0.871947
[grasp-phase-variants][ctrl:zeros][34/50] phase_loss=0.457675 val_acc=0.884488
[grasp-phase-variants][ctrl:zeros][35/50] phase_loss=0.481746 val_acc=0.895050
[grasp-phase-variants][ctrl:zeros][36/50] phase_loss=0.505458 val_acc=0.866667
[grasp-phase-variants][ctrl:zeros][37/50] phase_loss=0.449009 val_acc=0.864686
[grasp-phase-variants][ctrl:zeros][38/50] phase_loss=0.415188 val_acc=0.860066
[grasp-phase-variants][ctrl:zeros][39/50] phase_loss=0.413550 val_acc=0.890429
[grasp-phase-variants][ctrl:zeros][40/50] phase_loss=0.405393 val_acc=0.883828
[grasp-phase-variants][ctrl:zeros][41/50] phase_loss=0.401848 val_acc=0.866007
[grasp-phase-variants][ctrl:zeros][42/50] phase_loss=0.391280 val_acc=0.863366
[grasp-phase-variants][ctrl:zeros][43/50] phase_loss=0.371710 val_acc=0.887129
[grasp-phase-variants][ctrl:zeros][44/50] phase_loss=0.382867 val_acc=0.852805
[grasp-phase-variants][ctrl:zeros][45/50] phase_loss=0.446500 val_acc=0.869307
[grasp-phase-variants][ctrl:zeros][46/50] phase_loss=0.664507 val_acc=0.871947
[grasp-phase-variants][ctrl:zeros][47/50] phase_loss=0.548632 val_acc=0.890429
[grasp-phase-variants][ctrl:zeros][48/50] phase_loss=0.510416 val_acc=0.832343
[grasp-phase-variants][ctrl:zeros][49/50] phase_loss=0.515903 val_acc=0.809241
[grasp-phase-variants][ctrl:zeros][50/50] phase_loss=0.452495 val_acc=0.830363
{
  "task_id": "T-2026-08-15-injection-form-sweep",
  "arm": "ctrl",
  "signal": "zeros",
  "staged": false,
  "oracle_upper_bound_only_do_not_report": false,
  "completed": true,
  "epochs": 50,
  "device": "cuda",
  "train_clips": 13,
  "val_clips": 3,
  "elapsed_seconds": 13.539401459041983,
  "determinism": {
    "deterministic": true,
    "seed": 42,
    "cublas_workspace_config": ":4096:8",
    "torch_use_deterministic_algorithms": true,
    "cudnn_deterministic": true,
    "cudnn_benchmark": false
  },
  "train/phase_loss": 0.48174618643063766,
  "train/grasp_loss": 0.3258480177475856,
  "phase_accuracy": 0.8950495049504951,
  "phase_macro_f1": 0.704234045319561,
  "phase_jaccard": 0.639259718005982,
  "phase_edit_score": 39.03267973856209,
  "phase_seg_f1_10": 0.4257309941520468,
  "phase_seg_f1_25": 0.41184210526315795,
  "phase_seg_f1_50": 0.3248538011695906,
  "grasp_accuracy_left_hand": 0.9848084656061553,
  "grasp_accuracy_right_hand": 0.966314417919048,
  "grasp_accuracy_left_hand_tool": 0.8996037132201453,
  "grasp_accuracy_right_hand_tool": 0.8619550820070969,
  "grasp_accuracy_two_hands_tool": 0.8837516564516599,
  "epoch": 35
}
