/home/ubuntu/slocal/m2/.venv-relation-detr/lib/python3.11/site-packages/albumentations/core/validation.py:114: UserWarning: ShiftScaleRotate is a special case of Affine transform. Please use Affine transform instead.
  original_init(self, **validated_kwargs)
/home/ubuntu/slocal/m2/third_party/Relation-DETR/transforms/presets.py:109: UserWarning: Argument(s) 'value' are not valid for transform ShiftScaleRotate
  A.ShiftScaleRotate(
/home/ubuntu/slocal/m2/third_party/Relation-DETR/transforms/presets.py:140: UserWarning: Argument(s) 'quality_lower, quality_upper' are not valid for transform ImageCompression
  A.ImageCompression(quality_lower=85, quality_upper=95, p=0.2),
/home/ubuntu/slocal/m2/third_party/Relation-DETR/transforms/presets.py:195: UserWarning: Argument(s) 'value' are not valid for transform ShiftScaleRotate
  A.ShiftScaleRotate(
/home/ubuntu/slocal/m2/third_party/Relation-DETR/transforms/presets.py:226: UserWarning: Argument(s) 'quality_lower, quality_upper' are not valid for transform ImageCompression
  A.ImageCompression(quality_lower=85, quality_upper=95, p=0.2),
Using /home/ubuntu/.cache/torch_extensions/py311_cu118 as PyTorch extensions root...
Loading extension module MultiScaleDeformableAttention...
/home/ubuntu/slocal/m2/.venv-relation-detr/lib/python3.11/site-packages/torch/overrides.py:110: UserWarning: 'has_cuda' is deprecated, please use 'torch.backends.cuda.is_built()'
  torch.has_cuda,
/home/ubuntu/slocal/m2/.venv-relation-detr/lib/python3.11/site-packages/torch/overrides.py:111: UserWarning: 'has_cudnn' is deprecated, please use 'torch.backends.cudnn.is_available()'
  torch.has_cudnn,
/home/ubuntu/slocal/m2/.venv-relation-detr/lib/python3.11/site-packages/torch/overrides.py:117: UserWarning: 'has_mps' is deprecated, please use 'torch.backends.mps.is_built()'
  torch.has_mps,
/home/ubuntu/slocal/m2/.venv-relation-detr/lib/python3.11/site-packages/torch/overrides.py:118: UserWarning: 'has_mkldnn' is deprecated, please use 'torch.backends.mkldnn.is_available()'
  torch.has_mkldnn,
The model and loaded state dict do not match exactly
Missing keys: _rare_mask, phase_clsbias.0.weight, phase_clsbias.0.bias, phase_clsbias.2.weight, phase_clsbias.2.bias

loading annotations into memory...
Done (t=0.33s)
creating index...
index created!
Using [0, 0.5, 0.6299605249474365, 0.7937005259840997, 1.0, 1.259921049894873, 1.5874010519681991, 2.0, inf] as bins for aspect ratio quantization
Count of instances per bin: [9618]
loading annotations into memory...
Done (t=0.02s)
creating index...
index created!
[t1b] warm-start from /home/ubuntu/slocal/m2/third_party/Relation-DETR/checkpoints/incoming/seed456/best_ap.pth
[t1b] seed=456 inject=clsbias trainable=film zero_ctx=False det_steps/ep=4809 phase_params=1615 total_trainable=1615 miss_ctx(tr/va)=0/0 work=/tmp/t1b_clsbias_pe_seed456
Accumulating evaluation results...
DONE (t=5.03s).
[t1b] warm-start init mAP=0.7217 (S0-frozen 水準なら warm-start+恒等 OK)
[t1b][ep0 0/4809] L=27.451 1.9it/s eta_ep=42m
[t1b][ep0 200/4809] L=16.776 3.3it/s eta_ep=23m
[t1b][ep0 400/4809] L=12.446 3.4it/s eta_ep=22m
[t1b][ep0 600/4809] L=17.281 3.5it/s eta_ep=20m
[t1b][ep0 800/4809] L=11.248 3.5it/s eta_ep=19m
[t1b][ep0 1000/4809] L=9.203 3.5it/s eta_ep=18m
[t1b][ep0 1200/4809] L=7.643 3.5it/s eta_ep=17m
[t1b][ep0 1400/4809] L=14.596 3.5it/s eta_ep=16m
[t1b][ep0 1600/4809] L=10.368 3.5it/s eta_ep=15m
[t1b][ep0 1800/4809] L=15.396 3.5it/s eta_ep=14m
[t1b][ep0 2000/4809] L=13.888 3.5it/s eta_ep=13m
[t1b][ep0 2200/4809] L=9.629 3.5it/s eta_ep=12m
[t1b][ep0 2400/4809] L=10.512 3.5it/s eta_ep=11m
[t1b][ep0 2600/4809] L=14.439 3.5it/s eta_ep=10m
[t1b][ep0 2800/4809] L=10.043 3.5it/s eta_ep=9m
[t1b][ep0 3000/4809] L=15.081 3.5it/s eta_ep=9m
[t1b][ep0 3200/4809] L=21.890 3.5it/s eta_ep=8m
[t1b][ep0 3400/4809] L=16.276 3.5it/s eta_ep=7m
[t1b][ep0 3600/4809] L=18.377 3.5it/s eta_ep=6m
[t1b][ep0 3800/4809] L=12.069 3.5it/s eta_ep=5m
[t1b][ep0 4000/4809] L=15.060 3.5it/s eta_ep=4m
[t1b][ep0 4200/4809] L=11.591 3.5it/s eta_ep=3m
[t1b][ep0 4400/4809] L=9.889 3.5it/s eta_ep=2m
[t1b][ep0 4600/4809] L=15.592 3.5it/s eta_ep=1m
[t1b][ep0 4800/4809] L=18.696 3.5it/s eta_ep=0m
Accumulating evaluation results...
DONE (t=3.87s).
[t1b][ep0] val mAP=0.7234
[t1b][ep1 0/4809] L=12.691 3.3it/s eta_ep=24m
[t1b][ep1 200/4809] L=18.654 3.5it/s eta_ep=22m
[t1b][ep1 400/4809] L=28.069 3.5it/s eta_ep=21m
[t1b][ep1 600/4809] L=9.767 3.5it/s eta_ep=20m
[t1b][ep1 800/4809] L=13.351 3.5it/s eta_ep=19m
[t1b][ep1 1000/4809] L=21.847 3.5it/s eta_ep=18m
[t1b][ep1 1200/4809] L=15.900 3.5it/s eta_ep=17m
[t1b][ep1 1400/4809] L=11.571 3.5it/s eta_ep=16m
[t1b][ep1 1600/4809] L=19.378 3.5it/s eta_ep=15m
[t1b][ep1 1800/4809] L=6.800 3.5it/s eta_ep=14m
[t1b][ep1 2000/4809] L=23.721 3.5it/s eta_ep=14m
[t1b][ep1 2200/4809] L=23.213 3.5it/s eta_ep=13m
[t1b][ep1 2400/4809] L=13.317 3.5it/s eta_ep=12m
[t1b][ep1 2600/4809] L=20.728 3.5it/s eta_ep=11m
[t1b][ep1 2800/4809] L=17.406 3.5it/s eta_ep=10m
[t1b][ep1 3000/4809] L=18.762 3.5it/s eta_ep=9m
[t1b][ep1 3200/4809] L=10.828 3.5it/s eta_ep=8m
[t1b][ep1 3400/4809] L=24.441 3.5it/s eta_ep=7m
[t1b][ep1 3600/4809] L=23.027 3.5it/s eta_ep=6m
[t1b][ep1 3800/4809] L=19.346 3.5it/s eta_ep=5m
[t1b][ep1 4000/4809] L=13.388 3.5it/s eta_ep=4m
[t1b][ep1 4200/4809] L=15.854 3.5it/s eta_ep=3m
[t1b][ep1 4400/4809] L=24.384 3.4it/s eta_ep=2m
[t1b][ep1 4600/4809] L=16.151 3.4it/s eta_ep=1m
[t1b][ep1 4800/4809] L=17.067 3.4it/s eta_ep=0m
Accumulating evaluation results...
DONE (t=3.93s).
[t1b][ep1] val mAP=0.7234
[t1b][ep2 0/4809] L=18.480 2.8it/s eta_ep=28m
[t1b][ep2 200/4809] L=15.095 3.4it/s eta_ep=22m
[t1b][ep2 400/4809] L=18.825 3.4it/s eta_ep=21m
[t1b][ep2 600/4809] L=17.756 3.4it/s eta_ep=21m
[t1b][ep2 800/4809] L=6.552 3.4it/s eta_ep=20m
[t1b][ep2 1000/4809] L=9.592 3.4it/s eta_ep=19m
[t1b][ep2 1200/4809] L=11.539 3.4it/s eta_ep=18m
[t1b][ep2 1400/4809] L=27.688 3.4it/s eta_ep=17m
[t1b][ep2 1600/4809] L=22.034 3.4it/s eta_ep=16m
[t1b][ep2 1800/4809] L=15.475 3.4it/s eta_ep=15m
[t1b][ep2 2000/4809] L=14.695 3.4it/s eta_ep=14m
[t1b][ep2 2200/4809] L=15.149 3.4it/s eta_ep=13m
[t1b][ep2 2400/4809] L=13.634 3.4it/s eta_ep=12m
[t1b][ep2 2600/4809] L=9.111 3.4it/s eta_ep=11m
[t1b][ep2 2800/4809] L=13.787 3.4it/s eta_ep=10m
[t1b][ep2 3000/4809] L=8.844 3.4it/s eta_ep=9m
[t1b][ep2 3200/4809] L=17.695 3.4it/s eta_ep=8m
[t1b][ep2 3400/4809] L=15.815 3.4it/s eta_ep=7m
[t1b][ep2 3600/4809] L=8.918 3.4it/s eta_ep=6m
[t1b][ep2 3800/4809] L=19.795 3.4it/s eta_ep=5m
[t1b][ep2 4000/4809] L=18.149 3.4it/s eta_ep=4m
[t1b][ep2 4200/4809] L=6.973 3.4it/s eta_ep=3m
[t1b][ep2 4400/4809] L=18.638 3.4it/s eta_ep=2m
[t1b][ep2 4600/4809] L=8.682 3.4it/s eta_ep=1m
[t1b][ep2 4800/4809] L=19.196 3.4it/s eta_ep=0m
Accumulating evaluation results...
DONE (t=4.99s).
[t1b][ep2] val mAP=0.7234
[t1b][ep3 0/4809] L=9.330 2.9it/s eta_ep=28m
[t1b][ep3 200/4809] L=20.093 3.4it/s eta_ep=23m
[t1b][ep3 400/4809] L=12.812 3.4it/s eta_ep=22m
[t1b][ep3 600/4809] L=15.190 3.4it/s eta_ep=21m
[t1b][ep3 800/4809] L=15.233 3.4it/s eta_ep=20m
[t1b][ep3 1000/4809] L=11.987 3.4it/s eta_ep=19m
[t1b][ep3 1200/4809] L=18.938 3.4it/s eta_ep=18m
[t1b][ep3 1400/4809] L=9.193 3.4it/s eta_ep=17m
[t1b][ep3 1600/4809] L=27.595 3.4it/s eta_ep=16m
[t1b][ep3 1800/4809] L=25.584 3.4it/s eta_ep=15m
[t1b][ep3 2000/4809] L=9.174 3.4it/s eta_ep=14m
[t1b][ep3 2200/4809] L=17.214 3.4it/s eta_ep=13m
[t1b][ep3 2400/4809] L=15.031 3.4it/s eta_ep=12m
[t1b][ep3 2600/4809] L=26.407 3.4it/s eta_ep=11m
[t1b][ep3 2800/4809] L=12.635 3.4it/s eta_ep=10m
[t1b][ep3 3000/4809] L=10.495 3.4it/s eta_ep=9m
[t1b][ep3 3200/4809] L=15.548 3.4it/s eta_ep=8m
[t1b][ep3 3400/4809] L=15.921 3.4it/s eta_ep=7m
[t1b][ep3 3600/4809] L=16.582 3.4it/s eta_ep=6m
[t1b][ep3 3800/4809] L=14.116 3.4it/s eta_ep=5m
[t1b][ep3 4000/4809] L=15.811 3.4it/s eta_ep=4m
[t1b][ep3 4200/4809] L=7.872 3.4it/s eta_ep=3m
[t1b][ep3 4400/4809] L=13.629 3.4it/s eta_ep=2m
[t1b][ep3 4600/4809] L=10.813 3.4it/s eta_ep=1m
[t1b][ep3 4800/4809] L=12.086 3.4it/s eta_ep=0m
Accumulating evaluation results...
DONE (t=4.10s).
[t1b][ep3] val mAP=0.7234
[t1b][ep4 0/4809] L=12.681 3.1it/s eta_ep=26m
[t1b][ep4 200/4809] L=32.942 3.4it/s eta_ep=23m
[t1b][ep4 400/4809] L=20.395 3.4it/s eta_ep=22m
[t1b][ep4 600/4809] L=13.254 3.4it/s eta_ep=21m
[t1b][ep4 800/4809] L=20.287 3.4it/s eta_ep=20m
[t1b][ep4 1000/4809] L=10.557 3.4it/s eta_ep=19m
[t1b][ep4 1200/4809] L=15.462 3.4it/s eta_ep=18m
[t1b][ep4 1400/4809] L=19.436 3.4it/s eta_ep=17m
[t1b][ep4 1600/4809] L=20.814 3.4it/s eta_ep=16m
[t1b][ep4 1800/4809] L=15.607 3.4it/s eta_ep=15m
[t1b][ep4 2000/4809] L=7.794 3.4it/s eta_ep=14m
[t1b][ep4 2200/4809] L=13.523 3.4it/s eta_ep=13m
[t1b][ep4 2400/4809] L=19.872 3.4it/s eta_ep=12m
[t1b][ep4 2600/4809] L=20.313 3.4it/s eta_ep=11m
[t1b][ep4 2800/4809] L=15.241 3.4it/s eta_ep=10m
[t1b][ep4 3000/4809] L=6.261 3.4it/s eta_ep=9m
[t1b][ep4 3200/4809] L=15.904 3.4it/s eta_ep=8m
[t1b][ep4 3400/4809] L=11.107 3.4it/s eta_ep=7m
[t1b][ep4 3600/4809] L=16.804 3.4it/s eta_ep=6m
[t1b][ep4 3800/4809] L=13.461 3.4it/s eta_ep=5m
[t1b][ep4 4000/4809] L=5.494 3.4it/s eta_ep=4m
[t1b][ep4 4200/4809] L=13.342 3.4it/s eta_ep=3m
[t1b][ep4 4400/4809] L=11.984 3.4it/s eta_ep=2m
[t1b][ep4 4600/4809] L=12.689 3.4it/s eta_ep=1m
[t1b][ep4 4800/4809] L=11.068 3.4it/s eta_ep=0m
Accumulating evaluation results...
DONE (t=4.16s).
[t1b][ep4] val mAP=0.7234
[t1b][ep5 0/4809] L=13.483 2.8it/s eta_ep=29m
[t1b][ep5 200/4809] L=16.231 3.3it/s eta_ep=23m
[t1b][ep5 400/4809] L=13.813 3.4it/s eta_ep=22m
[t1b][ep5 600/4809] L=10.584 3.3it/s eta_ep=21m
[t1b][ep5 800/4809] L=8.407 3.4it/s eta_ep=20m
[t1b][ep5 1000/4809] L=12.886 3.4it/s eta_ep=19m
[t1b][ep5 1200/4809] L=15.840 3.4it/s eta_ep=18m
[t1b][ep5 1400/4809] L=15.273 3.4it/s eta_ep=17m
[t1b][ep5 1600/4809] L=17.024 3.4it/s eta_ep=16m
[t1b][ep5 1800/4809] L=9.545 3.4it/s eta_ep=15m
[t1b][ep5 2000/4809] L=12.476 3.4it/s eta_ep=14m
[t1b][ep5 2200/4809] L=16.080 3.4it/s eta_ep=13m
[t1b][ep5 2400/4809] L=18.396 3.4it/s eta_ep=12m
[t1b][ep5 2600/4809] L=11.736 3.4it/s eta_ep=11m
[t1b][ep5 2800/4809] L=13.661 3.4it/s eta_ep=10m
[t1b][ep5 3000/4809] L=12.151 3.4it/s eta_ep=9m
[t1b][ep5 3200/4809] L=23.976 3.4it/s eta_ep=8m
[t1b][ep5 3400/4809] L=12.067 3.4it/s eta_ep=7m
[t1b][ep5 3600/4809] L=10.918 3.4it/s eta_ep=6m
[t1b][ep5 3800/4809] L=21.764 3.4it/s eta_ep=5m
[t1b][ep5 4000/4809] L=17.447 3.4it/s eta_ep=4m
[t1b][ep5 4200/4809] L=12.711 3.4it/s eta_ep=3m
[t1b][ep5 4400/4809] L=10.057 3.4it/s eta_ep=2m
[t1b][ep5 4600/4809] L=6.918 3.4it/s eta_ep=1m
[t1b][ep5 4800/4809] L=11.042 3.4it/s eta_ep=0m
Accumulating evaluation results...
DONE (t=4.41s).
[t1b][ep5] val mAP=0.7234
[t1b] DONE best@ep2 mAP=0.7234 (init 0.7217) -> /tmp/t1b_clsbias_pe_seed456
